https://app.neptune.ai/Zhengwei-Lab/NIPSTransferReID/e/NIPS-598
=> merge config from ./configs/clipreid_cvae_kl.yaml
Use only x as input for flow model
Use centroid as domain embedding
/home/zhengwei/Desktop/Zhengwei/Projects/CVAE/main.py:95: NeptuneUnsupportedType: You're attempting to log a type that is not directly supported by Neptune (<class 'list'>).
        Convert the value to a supported type, such as a string or float, or use stringify_unsupported(obj)
        for dictionaries or collections that contain unsupported values.
        For more, see https://docs.neptune.ai/help/value_of_unsupported_type
  run["parameters"] = param
=> Configurations:
-------------------------
AMP: True
AUG:
  RC_PROB: 0.5
  RE_PROB: 0.5
DATA:
  CUHK03_CLASSIC_SPLIT: False
  CUHK03_LABELED: False
  DATASET: duke
  FORMAT_TAG: tensor
  HEIGHT: 256
  NUM_INSTANCES: 4
  NUM_WORKERS: 4
  ROOT: /home/zhengwei/Desktop/Zhengwei/Projects/datasets
  SPLIT_ID: 0
  TEST_BATCH: 512
  TRAIN_BATCH: 64
  TRAIN_FORMAT: base
  WIDTH: 128
EVAL_MODE: False
GPU: 0
LOSS:
  CLA_LOSS: crossentropylabelsmooth
  CLA_M: 0.0
  CLA_S: 16.0
  PAIR_LOSS: triplet
  PAIR_M: 0.3
  PAIR_S: 16.0
  RECON_LOSS: mse
MODEL:
  CONDITIONAL: False
  FEATURE_DIM: 1280
  FEAT_FUSION: True
  FLOW_TYPE: yuke_mlpflow
  GAUSSIAN: MultivariateNormal
  LATENT_SIZE: 64
  NAME: CVAE
  ONLY_CVAE_KL: False
  ONLY_X_INPUT: True
  PRETRAIN: CLIPreidNew
  RES4_STRIDE: 1
  RESUME: 
  TRAIN_STAGE: klstage
  USE_CENTROID: True
  VAE_TYPE: cvae
OUTPUT: ./outputs/duke/clipreid_cvae/2024-04-23/baseline_fp32_l4vae+leakRelu+bn_64z_norm_yuke_mlpflow_mse
SAVED_NAME: baseline_fp32_l4vae+leakRelu+bn_64z_norm
SEED: 0
TAG: clipreid_cvae
TEST:
  DISTANCE: cosine
  EVAL_STEP: 5
  START_EVAL: -1
TRAIN:
  AMP: False
  LR_SCHEDULER:
    DECAY_RATE: 0.1
    NAME: MultiStepLR
    STEPSIZE: [20, 40]
  MAX_EPOCH: 60
  OPTIMIZER:
    LR: 0.0001
    NAME: adam
    WEIGHT_DECAY: 0.0001
  START_EPOCH: 0
----------------------
Initializing dataset duke
Warning: string series 'monitoring/af2be10b/stdout' value was longer than 1000 characters and was truncated. This warning is printed only once per series.
Loading cluster results from '/home/zhengwei/Desktop/Zhengwei/Projects/datasets/DukeMTMC-reID/kmeans_results/CLIPreidNew/train_all_129k_euclidean.pt'
Clustering stastistics: [(0, 83), (1, 48), (2, 58), (3, 100), (4, 96), (5, 59), (6, 109), (7, 142), (8, 122), (9, 100), (10, 53), (11, 138), (12, 83), (13, 99), (14, 142), (15, 224), (16, 181), (17, 153), (18, 172), (19, 254), (20, 162), (21, 110), (22, 191), (23, 102), (24, 41), (25, 136), (26, 144), (27, 152), (28, 151), (29, 142), (30, 100), (31, 128), (32, 245), (33, 131), (34, 85), (35, 81), (36, 58), (37, 143), (38, 71), (39, 219), (40, 113), (41, 56), (42, 61), (43, 158), (44, 116), (45, 33), (46, 143), (47, 95), (48, 325), (49, 145), (50, 63), (51, 150), (52, 75), (53, 111), (54, 108), (55, 88), (56, 108), (57, 158), (58, 333), (59, 38), (60, 165), (61, 159), (62, 175), (63, 173), (64, 71), (65, 68), (66, 90), (67, 194), (68, 66), (69, 75), (70, 199), (71, 119), (72, 83), (73, 63), (74, 213), (75, 369), (76, 137), (77, 126), (78, 51), (79, 196), (80, 134), (81, 189), (82, 100), (83, 250), (84, 23), (85, 100), (86, 149), (87, 231), (88, 66), (89, 40), (90, 181), (91, 77), (92, 143), (93, 145), (94, 126), (95, 159), (96, 219), (97, 117), (98, 185), (99, 139), (100, 135), (101, 108), (102, 64), (103, 178), (104, 104), (105, 131), (106, 64), (107, 106), (108, 153), (109, 133), (110, 75), (111, 83), (112, 94), (113, 255), (114, 80), (115, 99), (116, 209), (117, 90), (118, 189), (119, 103), (120, 236), (121, 163), (122, 9), (123, 47), (124, 33), (125, 97), (126, 121), (127, 153), (128, 160)]
Loading cluster results from '/home/zhengwei/Desktop/Zhengwei/Projects/datasets/DukeMTMC-reID/kmeans_results/CLIPreidNew/query_129k_euclidean.pt'
Clustering stastistics: [(0, 7), (1, 22), (2, 26), (3, 6), (4, 35), (5, 24), (6, 10), (7, 12), (8, 9), (9, 8), (10, 22), (11, 7), (12, 22), (13, 6), (14, 33), (15, 16), (16, 43), (17, 11), (18, 9), (19, 17), (20, 9), (21, 28), (22, 26), (23, 12), (24, 10), (25, 9), (26, 8), (27, 15), (28, 15), (29, 40), (30, 3), (31, 9), (32, 11), (33, 9), (34, 33), (35, 12), (36, 19), (37, 13), (38, 10), (39, 26), (40, 29), (41, 9), (42, 14), (43, 12), (44, 17), (45, 10), (46, 12), (47, 12), (48, 31), (49, 28), (50, 21), (51, 9), (52, 17), (53, 18), (54, 13), (55, 7), (56, 13), (57, 31), (58, 17), (59, 55), (60, 26), (61, 6), (62, 18), (63, 15), (64, 26), (65, 28), (66, 23), (67, 35), (68, 20), (69, 27), (70, 22), (71, 19), (72, 7), (73, 13), (74, 13), (75, 27), (76, 12), (77, 18), (78, 23), (79, 11), (80, 19), (81, 21), (82, 14), (83, 15), (84, 6), (85, 19), (86, 24), (87, 4), (88, 21), (89, 12), (90, 12), (91, 27), (92, 27), (93, 8), (94, 20), (95, 25), (96, 18), (97, 17), (98, 8), (99, 22), (100, 4), (101, 13), (102, 25), (103, 16), (104, 19), (105, 26), (106, 9), (107, 14), (108, 21), (109, 12), (110, 15), (111, 19), (112, 22), (113, 37), (114, 7), (115, 23), (116, 4), (117, 30), (118, 20), (119, 29), (120, 17), (121, 9), (122, 6), (123, 8), (124, 13), (125, 16), (126, 8), (127, 5), (128, 16)]
Loading cluster results from '/home/zhengwei/Desktop/Zhengwei/Projects/datasets/DukeMTMC-reID/kmeans_results/CLIPreidNew/gallery_129k_euclidean.pt'
Clustering stastistics: [(0, 166), (1, 257), (2, 94), (3, 25), (4, 246), (5, 88), (6, 199), (7, 160), (8, 125), (9, 124), (10, 195), (11, 90), (12, 94), (13, 155), (14, 179), (15, 172), (16, 73), (17, 139), (18, 55), (19, 88), (20, 115), (21, 118), (22, 140), (23, 114), (24, 74), (25, 194), (26, 190), (27, 80), (28, 202), (29, 117), (30, 185), (31, 156), (32, 63), (33, 149), (34, 161), (35, 102), (36, 127), (37, 92), (38, 143), (39, 188), (40, 79), (41, 191), (42, 128), (43, 105), (44, 167), (45, 255), (46, 213), (47, 67), (48, 193), (49, 118), (50, 127), (51, 213), (52, 84), (53, 147), (54, 61), (55, 91), (56, 159), (57, 116), (58, 146), (59, 189), (60, 100), (61, 159), (62, 166), (63, 142), (64, 183), (65, 120), (66, 118), (67, 70), (68, 150), (69, 113), (70, 167), (71, 93), (72, 107), (73, 138), (74, 191), (75, 154), (76, 72), (77, 255), (78, 83), (79, 102), (80, 129), (81, 48), (82, 97), (83, 129), (84, 216), (85, 178), (86, 127), (87, 254), (88, 191), (89, 126), (90, 170), (91, 154), (92, 52), (93, 149), (94, 179), (95, 99), (96, 96), (97, 142), (98, 154), (99, 193), (100, 143), (101, 118), (102, 153), (103, 44), (104, 142), (105, 87), (106, 84), (107, 196), (108, 143), (109, 156), (110, 63), (111, 178), (112, 52), (113, 165), (114, 106), (115, 38), (116, 112), (117, 183), (118, 63), (119, 299), (120, 96), (121, 53), (122, 143), (123, 132), (124, 288), (125, 151), (126, 104), (127, 95), (128, 225)]
=> DukeMTMC-reID tensor loaded
Dataset statistics:
  ------------------------------
  subset   | # ids | # images
  ------------------------------
  train    |   702 |    16522
  query    |   702 |     2228
  gallery  |  1110 |    17661
  ------------------------------
  total    |  1404 |    36411
  ------------------------------
Initializing Flow model: yuke_mlpflow
Initializing vae model: cvae
Model size: 2.43149M
Using MLPClassBlock with hiidem_dim_list: [64, 128, 256, 512]
Classifier size: 0.53555M
=> Start training
=> centroids.dtype: torch.float32
=> Use Multivariate Gaussian As the Prior
domian_feature+Z: tensor([[-0.9143,  1.7606, -0.6517,  0.5243,  0.3458, -0.6391, -0.8917, -0.7679,
          0.7049, -0.6019],
        [-0.9143,  1.7606, -0.6517,  0.5243,  0.3458, -0.6391, -0.8917, -0.7679,
          0.7049, -0.6710]], device='cuda:0', grad_fn=<SliceBackward0>)
Epoch:1 Time:99.7 Data:0.0 Loss:0.0016 Cls Loss:6.5543 Cls Loss Theta:6.5542 Pair Loss:0.3829 KL Loss:97.7700 KLD Theta:97.7700 Recon Loss:0.0016 Acc:0.0014 Theta Acc:0.0010 
=> centroids.dtype: torch.float32
=> Use Multivariate Gaussian As the Prior
domian_feature+Z: tensor([[ 0.2734,  1.1327, -0.6265,  0.2486, -0.4830, -0.2126, -0.0121, -0.6548,
         -1.4727, -0.2402],
        [ 0.2734,  1.1327, -0.6265,  0.2486, -0.4830, -0.2126, -0.0121, -0.6548,
         -1.4727, -0.0853]], device='cuda:0', grad_fn=<SliceBackward0>)
Epoch:2 Time:73.3 Data:0.0 Loss:0.0015 Cls Loss:6.5543 Cls Loss Theta:6.5546 Pair Loss:0.3699 KL Loss:91.6813 KLD Theta:91.6813 Recon Loss:0.0015 Acc:0.0010 Theta Acc:0.0006 
=> centroids.dtype: torch.float32
=> Use Multivariate Gaussian As the Prior
domian_feature+Z: tensor([[ 0.5457,  3.4539, -0.5994, -0.6191, -0.8027, -0.8277,  0.3542, -1.0120,
          3.1403, -0.4765],
        [ 0.5457,  3.4539, -0.5994, -0.6191, -0.8027, -0.8277,  0.3542, -1.0120,
          3.1403,  0.6718]], device='cuda:0', grad_fn=<SliceBackward0>)
Epoch:3 Time:74.9 Data:0.0 Loss:0.0008 Cls Loss:6.5548 Cls Loss Theta:6.5547 Pair Loss:0.3487 KL Loss:82.8891 KLD Theta:82.8891 Recon Loss:0.0008 Acc:0.0012 Theta Acc:0.0007 
=> centroids.dtype: torch.float32
=> Use Multivariate Gaussian As the Prior
domian_feature+Z: tensor([[-0.7002, -0.8176,  1.4984,  0.2036,  0.8663, -0.8973, -0.0429,  1.8078,
          1.5044,  0.2168],
        [-0.7002, -0.8176,  1.4984,  0.2036,  0.8663, -0.8973, -0.0429,  1.8078,
          1.5044,  0.2596]], device='cuda:0', grad_fn=<SliceBackward0>)
Epoch:4 Time:75.4 Data:0.0 Loss:0.0005 Cls Loss:6.5548 Cls Loss Theta:6.5549 Pair Loss:0.3424 KL Loss:77.0171 KLD Theta:77.0171 Recon Loss:0.0005 Acc:0.0015 Theta Acc:0.0012 
=> centroids.dtype: torch.float32
=> Use Multivariate Gaussian As the Prior
domian_feature+Z: tensor([[ 3.0600,  0.4539, -0.4092, -0.2066, -0.6385, -0.7571,  0.8327,  0.6352,
         -0.7455, -0.3824],
        [ 3.0600,  0.4539, -0.4092, -0.2066, -0.6385, -0.7571,  0.8327,  0.6352,
         -0.7455,  0.2029]], device='cuda:0', grad_fn=<SliceBackward0>)
Epoch:5 Time:73.9 Data:0.0 Loss:0.0004 Cls Loss:6.5547 Cls Loss Theta:6.5548 Pair Loss:0.3359 KL Loss:72.1219 KLD Theta:72.1219 Recon Loss:0.0004 Acc:0.0014 Theta Acc:0.0015 
=> Test at epoch 5
Extracted features for query set, obtained torch.Size([2228, 64]) matrix
Extracted features for gallery set, obtained torch.Size([17661, 64]) matrix
Extracting features complete in 0m 9s
Distance computing in 0m 0s
Computing CMC and mAP
Results ---------------------------------------------------
top1:64.7% top5:78.8% top10:83.1% top20:86.9% mAP:39.2%
-----------------------------------------------------------
Using 0m 2s
=> centroids.dtype: torch.float32
=> Use Multivariate Gaussian As the Prior
domian_feature+Z: tensor([[-0.7938, -1.1393,  1.5971, -0.6875,  0.4863, -0.1233, -1.0374,  0.1104,
          1.7814, -0.4347],
        [-0.7938, -1.1393,  1.5971, -0.6875,  0.4863, -0.1233, -1.0374,  0.1104,
          1.7814,  0.6647]], device='cuda:0', grad_fn=<SliceBackward0>)
Epoch:6 Time:71.6 Data:0.0 Loss:0.0004 Cls Loss:6.5546 Cls Loss Theta:6.5548 Pair Loss:0.3277 KL Loss:68.2832 KLD Theta:68.2832 Recon Loss:0.0004 Acc:0.0012 Theta Acc:0.0016 
=> centroids.dtype: torch.float32
=> Use Multivariate Gaussian As the Prior
domian_feature+Z: tensor([[-0.7668,  0.2063,  0.1102, -0.7004, -0.5705, -0.4880,  0.4998, -0.5873,
         -0.8054, -0.5391],
        [-0.7668,  0.2063,  0.1102, -0.7004, -0.5705, -0.4880,  0.4998, -0.5873,
         -0.8054, -0.4285]], device='cuda:0', grad_fn=<SliceBackward0>)
Epoch:7 Time:73.6 Data:0.0 Loss:0.0003 Cls Loss:6.5545 Cls Loss Theta:6.5548 Pair Loss:0.3108 KL Loss:64.1805 KLD Theta:64.1805 Recon Loss:0.0003 Acc:0.0019 Theta Acc:0.0014 
=> centroids.dtype: torch.float32
=> Use Multivariate Gaussian As the Prior
domian_feature+Z: tensor([[ 0.8823, -0.5039, -0.7841, -1.2874,  1.9361, -0.8722, -0.8699,  1.1415,
         -0.7140,  2.3485],
        [ 0.8823, -0.5039, -0.7841, -1.2874,  1.9361, -0.8722, -0.8699,  1.1415,
         -0.7140,  2.7000]], device='cuda:0', grad_fn=<SliceBackward0>)
Epoch:8 Time:74.8 Data:0.0 Loss:0.0003 Cls Loss:6.5547 Cls Loss Theta:6.5549 Pair Loss:0.3031 KL Loss:59.4457 KLD Theta:59.4457 Recon Loss:0.0003 Acc:0.0013 Theta Acc:0.0012 
=> centroids.dtype: torch.float32
=> Use Multivariate Gaussian As the Prior
domian_feature+Z: tensor([[ 1.9800,  1.6929,  0.1568, -0.9633, -0.0275, -1.0549, -0.7306, -0.1376,
          0.2510,  0.2962],
        [ 1.9800,  1.6929,  0.1568, -0.9633, -0.0275, -1.0549, -0.7306, -0.1376,
          0.2510, -0.1311]], device='cuda:0', grad_fn=<SliceBackward0>)
Epoch:9 Time:75.9 Data:0.0 Loss:0.0003 Cls Loss:6.5548 Cls Loss Theta:6.5551 Pair Loss:0.2883 KL Loss:54.8312 KLD Theta:54.8312 Recon Loss:0.0003 Acc:0.0008 Theta Acc:0.0008 
=> centroids.dtype: torch.float32
=> Use Multivariate Gaussian As the Prior
domian_feature+Z: tensor([[-0.9355, -0.5832, -0.2167, -0.7345,  0.3201, -0.4849, -0.1794, -0.7656,
         -0.8052, -0.6703],
        [-0.9355, -0.5832, -0.2167, -0.7345,  0.3201, -0.4849, -0.1794, -0.7656,
         -0.8052, -0.2506]], device='cuda:0', grad_fn=<SliceBackward0>)
Epoch:10 Time:74.2 Data:0.0 Loss:0.0003 Cls Loss:6.5548 Cls Loss Theta:6.5550 Pair Loss:0.2860 KL Loss:49.6989 KLD Theta:49.6989 Recon Loss:0.0003 Acc:0.0006 Theta Acc:0.0009 
=> Test at epoch 10
Extracted features for query set, obtained torch.Size([2228, 64]) matrix
Extracted features for gallery set, obtained torch.Size([17661, 64]) matrix
Extracting features complete in 0m 9s
Distance computing in 0m 0s
Computing CMC and mAP
Results ---------------------------------------------------
top1:68.4% top5:80.7% top10:83.4% top20:87.4% mAP:44.8%
-----------------------------------------------------------
Using 0m 2s
=> centroids.dtype: torch.float32
=> Use Multivariate Gaussian As the Prior
domian_feature+Z: tensor([[-0.5626,  0.8529, -0.8450,  0.0048,  0.9260, -0.5543, -0.0389,  0.0536,
         -0.9267, -0.0133],
        [-0.5626,  0.8529, -0.8450,  0.0048,  0.9260, -0.5543, -0.0389,  0.0536,
         -0.9267,  0.2329]], device='cuda:0', grad_fn=<SliceBackward0>)
Epoch:11 Time:72.7 Data:0.0 Loss:0.0003 Cls Loss:6.5546 Cls Loss Theta:6.5548 Pair Loss:0.2815 KL Loss:44.7629 KLD Theta:44.7629 Recon Loss:0.0003 Acc:0.0017 Theta Acc:0.0016 
=> centroids.dtype: torch.float32
=> Use Multivariate Gaussian As the Prior
domian_feature+Z: tensor([[ 1.0700, -0.6356,  1.4062, -0.2480, -0.8412, -0.7464, -0.4736, -0.0903,
          0.2534, -0.5922],
        [ 1.0700, -0.6356,  1.4062, -0.2480, -0.8412, -0.7464, -0.4736, -0.0903,
          0.2534, -0.4214]], device='cuda:0', grad_fn=<SliceBackward0>)
Epoch:12 Time:74.8 Data:0.0 Loss:0.0004 Cls Loss:6.5545 Cls Loss Theta:6.5546 Pair Loss:0.2991 KL Loss:41.8632 KLD Theta:41.8632 Recon Loss:0.0004 Acc:0.0010 Theta Acc:0.0016 
=> centroids.dtype: torch.float32
=> Use Multivariate Gaussian As the Prior
domian_feature+Z: tensor([[ 2.3698, -0.6228, -1.1140,  1.6454, -0.2775, -0.9407, -0.8432,  0.4565,
         -0.3534, -0.4229],
        [ 2.3698, -0.6228, -1.1140,  1.6454, -0.2775, -0.9407, -0.8432,  0.4565,
         -0.3534, -0.3591]], device='cuda:0', grad_fn=<SliceBackward0>)
Epoch:13 Time:74.6 Data:0.0 Loss:0.0004 Cls Loss:6.5543 Cls Loss Theta:6.5546 Pair Loss:0.3630 KL Loss:41.8946 KLD Theta:41.8946 Recon Loss:0.0004 Acc:0.0021 Theta Acc:0.0008 
=> centroids.dtype: torch.float32
=> Use Multivariate Gaussian As the Prior
domian_feature+Z: tensor([[ 0.1738,  1.2786,  2.9901,  0.5773, -1.0497, -0.5201, -0.5649, -0.2406,
         -0.7455, -0.4931],
        [ 0.1738,  1.2786,  2.9901,  0.5773, -1.0497, -0.5201, -0.5649, -0.2406,
         -0.7455, -0.3006]], device='cuda:0', grad_fn=<SliceBackward0>)
Epoch:14 Time:73.5 Data:0.0 Loss:0.0003 Cls Loss:6.5547 Cls Loss Theta:6.5543 Pair Loss:0.3582 KL Loss:37.7227 KLD Theta:37.7227 Recon Loss:0.0003 Acc:0.0018 Theta Acc:0.0006 
=> centroids.dtype: torch.float32
=> Use Multivariate Gaussian As the Prior
domian_feature+Z: tensor([[ 1.8217,  0.2021, -0.5114, -0.5314, -0.7889, -0.6095, -0.3791, -0.0084,
         -0.6139, -0.3184],
        [ 1.8217,  0.2021, -0.5114, -0.5314, -0.7889, -0.6095, -0.3791, -0.0084,
         -0.6139, -0.3357]], device='cuda:0', grad_fn=<SliceBackward0>)
Epoch:15 Time:75.4 Data:0.0 Loss:0.0004 Cls Loss:6.5544 Cls Loss Theta:6.5544 Pair Loss:0.3757 KL Loss:34.7238 KLD Theta:34.7238 Recon Loss:0.0004 Acc:0.0012 Theta Acc:0.0008 
=> Test at epoch 15
Extracted features for query set, obtained torch.Size([2228, 64]) matrix
Extracted features for gallery set, obtained torch.Size([17661, 64]) matrix
Extracting features complete in 0m 9s
Distance computing in 0m 0s
Computing CMC and mAP
Results ---------------------------------------------------
top1:34.2% top5:53.0% top10:60.0% top20:66.4% mAP:13.9%
-----------------------------------------------------------
Using 0m 2s
=> centroids.dtype: torch.float32
=> Use Multivariate Gaussian As the Prior
domian_feature+Z: tensor([[-0.9880, -0.5838,  0.5850,  1.0614, -0.4771,  0.0310, -0.8014, -0.3842,
         -0.4269, -0.3613],
        [-0.9880, -0.5838,  0.5850,  1.0614, -0.4771,  0.0310, -0.8014, -0.3842,
         -0.4269, -0.3192]], device='cuda:0', grad_fn=<SliceBackward0>)
Epoch:16 Time:73.0 Data:0.0 Loss:0.0004 Cls Loss:6.5542 Cls Loss Theta:6.5545 Pair Loss:0.4109 KL Loss:31.5817 KLD Theta:31.5817 Recon Loss:0.0004 Acc:0.0008 Theta Acc:0.0008 
=> centroids.dtype: torch.float32
=> Use Multivariate Gaussian As the Prior
domian_feature+Z: tensor([[ 0.5119,  1.1351, -0.7634, -0.7124, -0.6886, -0.6200,  0.5719, -0.7913,
         -0.6700, -0.2723],
        [ 0.5119,  1.1351, -0.7634, -0.7124, -0.6886, -0.6200,  0.5719, -0.7913,
         -0.6700, -0.2927]], device='cuda:0', grad_fn=<SliceBackward0>)
Epoch:17 Time:75.0 Data:0.0 Loss:0.0004 Cls Loss:6.5539 Cls Loss Theta:6.5544 Pair Loss:0.4366 KL Loss:25.3420 KLD Theta:25.3420 Recon Loss:0.0004 Acc:0.0008 Theta Acc:0.0008 
=> centroids.dtype: torch.float32
=> Use Multivariate Gaussian As the Prior
domian_feature+Z: tensor([[-0.8621, -1.2368, -0.9879, -1.2875,  0.9573, -0.6576, -0.6417,  0.8441,
         -0.8432, -0.4674],
        [-0.8621, -1.2368, -0.9879, -1.2875,  0.9573, -0.6576, -0.6417,  0.8441,
         -0.8432,  1.7866]], device='cuda:0', grad_fn=<SliceBackward0>)
Epoch:18 Time:75.1 Data:0.0 Loss:0.0004 Cls Loss:6.5542 Cls Loss Theta:6.5542 Pair Loss:0.4227 KL Loss:22.2158 KLD Theta:22.2158 Recon Loss:0.0004 Acc:0.0014 Theta Acc:0.0013 
=> centroids.dtype: torch.float32
=> Use Multivariate Gaussian As the Prior
domian_feature+Z: tensor([[ 0.8269, -0.5051,  2.5399,  1.0446, -0.8785, -0.7271, -0.2583, -1.1135,
          1.1463,  0.5988],
        [ 0.8269, -0.5051,  2.5399,  1.0446, -0.8785, -0.7271, -0.2583, -1.1135,
          1.1463, -0.3031]], device='cuda:0', grad_fn=<SliceBackward0>)
Epoch:19 Time:74.9 Data:0.0 Loss:0.0004 Cls Loss:6.5543 Cls Loss Theta:6.5545 Pair Loss:0.4211 KL Loss:18.1716 KLD Theta:18.1716 Recon Loss:0.0004 Acc:0.0014 Theta Acc:0.0008 
=> centroids.dtype: torch.float32
=> Use Multivariate Gaussian As the Prior
domian_feature+Z: tensor([[ 0.6865, -0.8271,  0.6505,  0.1165, -0.7657, -0.5632, -0.5551,  0.1503,
         -1.0817, -0.3109],
        [ 0.6865, -0.8271,  0.6505,  0.1165, -0.7657, -0.5632, -0.5551,  0.1503,
         -1.0817, -0.2538]], device='cuda:0', grad_fn=<SliceBackward0>)
Epoch:20 Time:74.4 Data:0.0 Loss:0.0004 Cls Loss:6.5545 Cls Loss Theta:6.5545 Pair Loss:0.4374 KL Loss:14.5660 KLD Theta:14.5660 Recon Loss:0.0004 Acc:0.0006 Theta Acc:0.0011 
=> Test at epoch 20
Extracted features for query set, obtained torch.Size([2228, 64]) matrix
Extracted features for gallery set, obtained torch.Size([17661, 64]) matrix
Extracting features complete in 0m 9s
Distance computing in 0m 0s
Computing CMC and mAP
Results ---------------------------------------------------
top1:17.1% top5:32.6% top10:40.0% top20:47.8% mAP:5.4%
-----------------------------------------------------------
Using 0m 2s
=> centroids.dtype: torch.float32
=> Use Multivariate Gaussian As the Prior
domian_feature+Z: tensor([[ 0.0504, -0.6601, -1.5959, -1.2843,  0.3131, -0.8190, -1.0716, -1.0701,
          0.0536,  0.1571],
        [ 0.0504, -0.6601, -1.5959, -1.2843,  0.3131, -0.8190, -1.0716, -1.0701,
          0.0536, -0.1983]], device='cuda:0', grad_fn=<SliceBackward0>)
Epoch:21 Time:72.7 Data:0.0 Loss:0.0003 Cls Loss:6.5545 Cls Loss Theta:6.5549 Pair Loss:0.4320 KL Loss:12.0138 KLD Theta:12.0138 Recon Loss:0.0003 Acc:0.0006 Theta Acc:0.0004 
=> centroids.dtype: torch.float32
=> Use Multivariate Gaussian As the Prior
