https://app.neptune.ai/Zhengwei-Lab/MayCVAE/e/MAY-539
=> merge config from ./configs/base_duke/clipreid_cvae_stage2_tripwrt.yaml
/home/zhengwei/Desktop/Zhengwei/Projects/CVAE/main.py:91: NeptuneUnsupportedType: You're attempting to log a type that is not directly supported by Neptune (<class 'list'>).
        Convert the value to a supported type, such as a string or float, or use stringify_unsupported(obj)
        for dictionaries or collections that contain unsupported values.
        For more, see https://docs.neptune.ai/help/value_of_unsupported_type
  run["parameters"] = param
=> Configurations:
-------------------------
AMP: True
AUG:
  RC_PROB: 0.5
  RE_PROB: 0.5
DATA:
  CUHK03_CLASSIC_SPLIT: False
  CUHK03_LABELED: False
  DATASET: duke
  FORMAT_TAG: tensor
  HEIGHT: 256
  NUM_INSTANCES: 4
  NUM_WORKERS: 4
  ROOT: /home/zhengwei/Desktop/Zhengwei/Projects/datasets
  SPLIT_ID: 0
  TEST_BATCH: 512
  TRAIN_BATCH: 64
  TRAIN_FORMAT: base
  WIDTH: 128
EVAL_MODE: False
GPU: 0
LOSS:
  CLA_LOSS: crossentropy
  CLA_M: 0.0
  CLA_S: 16.0
  PAIR_LOSS: triplet_wrt
  PAIR_M: 0.3
  PAIR_S: 16.0
  RECON_LOSS: mse
  USE_NCE: False
MODEL:
  CONDITIONAL: False
  FEATURE_DIM: 1280
  FEAT_FUSION: True
  FLOW_TYPE: 
  GAUSSIAN: MultivariateNormal
  HIDDEN_DIM: 256
  LATENT_SIZE: 64
  NAME: CVAE
  ONLY_CVAE_KL: False
  ONLY_X_INPUT: False
  PRETRAIN: CLIPreidNew
  RES4_STRIDE: 1
  RESUME: /home/zhengwei/Desktop/Zhengwei/Projects/CVAE/outputs/duke/clipreid_simplevae_base/2024-06-20/fp32_SimpleVAE+2E_128+64z_1e3+3_60+120_KLtotalZ_noCLS
  STYLE_NUM: 0
  TRAIN_STAGE: reidstage
  USE_CENTROID: False
  USE_TWO_ENCODER: True
  VAE_TYPE: SinpleVAE
  ZC_DIM: 128
  ZS_DIM: 64
OUTPUT: /home/zhengwei/Desktop/Zhengwei/Projects/CVAE/outputs/duke/clipreid_simplevae_base/2024-06-20/fp32_SimpleVAE+2E_128+64z_1e3+3_60+120_KLtotalZ_noCLS/reid_crossentropy/2024-07-18/2nd_SimpleVAE+2E_128+64z_warm5+1e4+d5e4_60+120_KLtotalZ_L1280_tripwrt
SAVED_NAME: 2nd_SimpleVAE+2E_128+64z_warm5+1e4+d5e4_60+120_KLtotalZ_L1280_tripwrt
SEED: 0
TAG: clipreid_simplevae_base
TEST:
  DISTANCE: cosine
  EVAL_STEP: 5
  START_EVAL: -1
TRAIN:
  AMP: False
  LR_SCHEDULER:
    DECAY_RATE: 0.1
    NAME: MultiStepLR
    STEPSIZE: [60]
  MAX_EPOCH: 120
  OPTIMIZER:
    LR: 0.0001
    NAME: adam
    SGDLR: 0.01
    SGD_MOMENTUM: 0.9
    SGD_WEIGHT_DECAY: 0.0005
    WEIGHT_DECAY: 0.0005
  START_EPOCH: 0
----------------------
Initializing dataset duke
Warning: string series 'monitoring/677e9fbf/stdout' value was longer than 1000 characters and was truncated. This warning is printed only once per series.
=> DukeMTMC-reID tensor loaded
Dataset statistics:
  ------------------------------
  subset   | # ids | # images
  ------------------------------
  train    |   702 |    16522
  query    |   702 |     2228
  gallery  |  1110 |    17661
  ------------------------------
  total    |  1404 |    36411
  ------------------------------
Initializing SinpleVAE model with 2 encoders
Model size: 12.62035M
[INFO] Register count_relu() for <class 'torch.nn.modules.activation.LeakyReLU'>.
[INFO] Register count_linear() for <class 'torch.nn.modules.linear.Linear'>.
[INFO] Register count_normalization() for <class 'torch.nn.modules.batchnorm.BatchNorm1d'>.
[INFO] Register zero_ops() for <class 'torch.nn.modules.activation.ReLU'>.
[INFO] Register zero_ops() for <class 'torch.nn.modules.dropout.Dropout'>.
[INFO] Register zero_ops() for <class 'torch.nn.modules.container.Sequential'>.
FLOPs: 0.75465G
Params: 11.78419M
Initialized classifier with feature_dim: 1280, num_classes: 702
Classifier size: 0.89856M
reid_projector.weight is tuneable
=> Start Training REID model
Loading checkpoint from '/home/zhengwei/Desktop/Zhengwei/Projects/CVAE/outputs/duke/clipreid_simplevae_base/2024-06-20/fp32_SimpleVAE+2E_128+64z_1e3+3_60+120_KLtotalZ_noCLS.best_model.pth.tar'
Ignores parameter:  i2t_projector.weight
Ignores parameter:  i2t_projector.bias
orginal best rank1 = 0.8043087971274686
=> Start training
/home/zhengwei/Desktop/Zhengwei/Projects/CVAE/losses/triplet_loss.py:122: UserWarning: This overload of addmm_ is deprecated:
	addmm_(Number beta, Number alpha, Tensor mat1, Tensor mat2)
Consider using one of the following signatures instead:
	addmm_(Tensor mat1, Tensor mat2, *, Number beta, Number alpha) (Triggered internally at /opt/conda/conda-bld/pytorch_1670525539683/work/torch/csrc/utils/python_arg_parser.cpp:1420.)
  dist_mtx = dist_mtx.addmm_(1, -2, emb1, emb2.t())
Epoch:1 Time:8.4 Data:0.0 Loss:12.2995 Cls Loss:6.5530 Pair Loss:12.2995 Center Loss:1985.6462 KL Loss:328.6834 Recon Loss:0.1223 Acc:0.0023 
/home/zhengwei/anaconda3/envs/yzwT2V/lib/python3.9/site-packages/torch/optim/lr_scheduler.py:163: UserWarning: The epoch parameter in `scheduler.step()` was not necessary and is being deprecated where possible. Please use `scheduler.step()` to step the scheduler. During the deprecation, if epoch is different from None, the closed form is used instead of the new chainable form, where available. Please open an issue if you are unable to replicate your use case: https://github.com/pytorch/pytorch/issues/new/choose.
  warnings.warn(EPOCH_DEPRECATION_WARNING, UserWarning)
Epoch:2 Time:8.7 Data:0.0 Loss:10.7456 Cls Loss:6.5532 Pair Loss:10.7456 Center Loss:1839.6172 KL Loss:327.6213 Recon Loss:0.1223 Acc:0.0025 
Epoch:3 Time:8.7 Data:0.0 Loss:7.1255 Cls Loss:6.5535 Pair Loss:7.1255 Center Loss:1671.3843 KL Loss:326.4635 Recon Loss:0.1223 Acc:0.0030 
Epoch:4 Time:8.5 Data:0.0 Loss:0.4073 Cls Loss:6.5539 Pair Loss:0.4073 Center Loss:1513.9447 KL Loss:325.4115 Recon Loss:0.1223 Acc:0.0036 
Epoch:5 Time:9.0 Data:0.0 Loss:0.0135 Cls Loss:6.5539 Pair Loss:0.0135 Center Loss:1484.0302 KL Loss:324.3711 Recon Loss:0.1223 Acc:0.0035 
=> Test at epoch 5
==========Test with latent_z: z_c =========
Extracted features for query set, obtained torch.Size([2228, 1280]) matrix
Extracted features for gallery set, obtained torch.Size([17661, 1280]) matrix
Extracting features complete in 0m 5s
Distance computing in 0m 0s
Results ---------------------------------------------------
top1:87.9% top5:93.6% top10:95.3% top20:96.6% mAP:76.4%
-----------------------------------------------------------
Using 0m 2s
Classifier results ---------------------------------------------------
Query acc: 0.0% Gallery acc: 0.1% Total acc: 0.1%
==========Test with latent_z: new_z =========
Extracted features for query set, obtained torch.Size([2228, 192]) matrix
Extracted features for gallery set, obtained torch.Size([17661, 192]) matrix
Extracting features complete in 0m 4s
Distance computing in 0m 0s
Results ---------------------------------------------------
top1:85.4% top5:92.1% top10:93.9% top20:96.1% mAP:72.4%
-----------------------------------------------------------
Using 0m 2s
Classifier results ---------------------------------------------------
Query acc: 0.0% Gallery acc: 0.1% Total acc: 0.1%
Epoch:6 Time:9.4 Data:0.0 Loss:0.0075 Cls Loss:6.5539 Pair Loss:0.0075 Center Loss:1477.5076 KL Loss:323.1903 Recon Loss:0.1223 Acc:0.0031 
/home/zhengwei/anaconda3/envs/yzwT2V/lib/python3.9/site-packages/torch/optim/lr_scheduler.py:429: UserWarning: To get the last learning rate computed by the scheduler, please use `get_last_lr()`.
  warnings.warn("To get the last learning rate computed by the scheduler, "
Epoch:7 Time:8.6 Data:0.0 Loss:0.0089 Cls Loss:6.5539 Pair Loss:0.0089 Center Loss:1473.1009 KL Loss:322.0932 Recon Loss:0.1223 Acc:0.0031 
Epoch:8 Time:8.7 Data:0.0 Loss:0.0075 Cls Loss:6.5539 Pair Loss:0.0075 Center Loss:1469.2317 KL Loss:320.9507 Recon Loss:0.1223 Acc:0.0029 
Epoch:9 Time:8.8 Data:0.0 Loss:0.0069 Cls Loss:6.5539 Pair Loss:0.0069 Center Loss:1465.7211 KL Loss:319.9585 Recon Loss:0.1223 Acc:0.0030 
Epoch:10 Time:8.7 Data:0.0 Loss:0.0059 Cls Loss:6.5539 Pair Loss:0.0059 Center Loss:1462.2991 KL Loss:318.7635 Recon Loss:0.1223 Acc:0.0030 
=> Test at epoch 10
==========Test with latent_z: z_c =========
Extracted features for query set, obtained torch.Size([2228, 1280]) matrix
Extracted features for gallery set, obtained torch.Size([17661, 1280]) matrix
Extracting features complete in 0m 4s
Distance computing in 0m 0s
Results ---------------------------------------------------
top1:88.1% top5:93.6% top10:95.5% top20:96.6% mAP:76.6%
-----------------------------------------------------------
Using 0m 2s
Classifier results ---------------------------------------------------
Query acc: 0.0% Gallery acc: 0.1% Total acc: 0.1%
==========Test with latent_z: new_z =========
Extracted features for query set, obtained torch.Size([2228, 192]) matrix
Extracted features for gallery set, obtained torch.Size([17661, 192]) matrix
Extracting features complete in 0m 4s
Distance computing in 0m 0s
Results ---------------------------------------------------
top1:85.4% top5:92.1% top10:93.9% top20:96.1% mAP:72.4%
-----------------------------------------------------------
Using 0m 2s
Classifier results ---------------------------------------------------
Query acc: 0.0% Gallery acc: 0.1% Total acc: 0.1%
Epoch:11 Time:9.3 Data:0.0 Loss:0.0066 Cls Loss:6.5539 Pair Loss:0.0066 Center Loss:1458.8809 KL Loss:317.6810 Recon Loss:0.1223 Acc:0.0028 
Epoch:12 Time:9.3 Data:0.0 Loss:0.0075 Cls Loss:6.5539 Pair Loss:0.0075 Center Loss:1455.3220 KL Loss:316.5328 Recon Loss:0.1223 Acc:0.0025 
Epoch:13 Time:10.2 Data:0.0 Loss:0.0057 Cls Loss:6.5539 Pair Loss:0.0057 Center Loss:1451.7581 KL Loss:315.4272 Recon Loss:0.1223 Acc:0.0024 
Epoch:14 Time:8.5 Data:0.0 Loss:0.0054 Cls Loss:6.5539 Pair Loss:0.0054 Center Loss:1448.0651 KL Loss:314.3734 Recon Loss:0.1223 Acc:0.0025 
Epoch:15 Time:8.6 Data:0.0 Loss:0.0059 Cls Loss:6.5539 Pair Loss:0.0059 Center Loss:1444.3035 KL Loss:313.3676 Recon Loss:0.1223 Acc:0.0025 
=> Test at epoch 15
==========Test with latent_z: z_c =========
Extracted features for query set, obtained torch.Size([2228, 1280]) matrix
Extracted features for gallery set, obtained torch.Size([17661, 1280]) matrix
Extracting features complete in 0m 5s
Distance computing in 0m 0s
Results ---------------------------------------------------
top1:88.4% top5:93.5% top10:95.6% top20:96.8% mAP:76.8%
-----------------------------------------------------------
Using 0m 2s
Classifier results ---------------------------------------------------
Query acc: 0.0% Gallery acc: 0.0% Total acc: 0.0%
==========Test with latent_z: new_z =========
Extracted features for query set, obtained torch.Size([2228, 192]) matrix
Extracted features for gallery set, obtained torch.Size([17661, 192]) matrix
Extracting features complete in 0m 4s
Distance computing in 0m 0s
Results ---------------------------------------------------
top1:85.4% top5:92.1% top10:93.9% top20:96.1% mAP:72.4%
-----------------------------------------------------------
Using 0m 2s
Classifier results ---------------------------------------------------
Query acc: 0.0% Gallery acc: 0.0% Total acc: 0.0%
Epoch:16 Time:9.6 Data:0.0 Loss:0.0057 Cls Loss:6.5538 Pair Loss:0.0057 Center Loss:1440.4031 KL Loss:312.1579 Recon Loss:0.1223 Acc:0.0022 
Epoch:17 Time:8.7 Data:0.0 Loss:0.0064 Cls Loss:6.5538 Pair Loss:0.0064 Center Loss:1436.4337 KL Loss:311.1349 Recon Loss:0.1223 Acc:0.0021 
Epoch:18 Time:8.7 Data:0.0 Loss:0.0068 Cls Loss:6.5538 Pair Loss:0.0068 Center Loss:1432.2994 KL Loss:310.0628 Recon Loss:0.1223 Acc:0.0022 
Epoch:19 Time:9.1 Data:0.0 Loss:0.0065 Cls Loss:6.5538 Pair Loss:0.0065 Center Loss:1427.3713 KL Loss:309.2755 Recon Loss:0.1223 Acc:0.0022 
Epoch:20 Time:10.5 Data:0.0 Loss:0.0056 Cls Loss:6.5538 Pair Loss:0.0056 Center Loss:1422.9828 KL Loss:309.2159 Recon Loss:0.1223 Acc:0.0021 
=> Test at epoch 20
==========Test with latent_z: z_c =========
Extracted features for query set, obtained torch.Size([2228, 1280]) matrix
Extracted features for gallery set, obtained torch.Size([17661, 1280]) matrix
Extracting features complete in 0m 8s
Distance computing in 0m 1s
Results ---------------------------------------------------
top1:87.9% top5:93.6% top10:95.3% top20:96.7% mAP:76.7%
-----------------------------------------------------------
Using 0m 3s
Classifier results ---------------------------------------------------
Query acc: 0.0% Gallery acc: 0.0% Total acc: 0.0%
==========Test with latent_z: new_z =========
Extracted features for query set, obtained torch.Size([2228, 192]) matrix
Extracted features for gallery set, obtained torch.Size([17661, 192]) matrix
Extracting features complete in 0m 4s
Distance computing in 0m 0s
Results ---------------------------------------------------
top1:85.4% top5:92.1% top10:93.9% top20:96.1% mAP:72.4%
-----------------------------------------------------------
Using 0m 3s
Classifier results ---------------------------------------------------
Query acc: 0.0% Gallery acc: 0.0% Total acc: 0.0%
Epoch:21 Time:17.9 Data:0.0 Loss:0.0055 Cls Loss:6.5538 Pair Loss:0.0055 Center Loss:1418.9779 KL Loss:309.2238 Recon Loss:0.1223 Acc:0.0022 
Epoch:22 Time:17.2 Data:0.0 Loss:0.0063 Cls Loss:6.5538 Pair Loss:0.0063 Center Loss:1414.2760 KL Loss:309.2276 Recon Loss:0.1223 Acc:0.0022 
Epoch:23 Time:17.8 Data:0.0 Loss:0.0055 Cls Loss:6.5538 Pair Loss:0.0055 Center Loss:1409.4214 KL Loss:309.1521 Recon Loss:0.1223 Acc:0.0022 
