https://app.neptune.ai/Zhengwei-Lab/MayCVAE/e/MAY-521
=> merge config from ./configs/base_duke/clipreid_cvae_stage2.yaml
/home/zhengwei/Desktop/Zhengwei/Projects/CVAE/main.py:91: NeptuneUnsupportedType: You're attempting to log a type that is not directly supported by Neptune (<class 'list'>).
        Convert the value to a supported type, such as a string or float, or use stringify_unsupported(obj)
        for dictionaries or collections that contain unsupported values.
        For more, see https://docs.neptune.ai/help/value_of_unsupported_type
  run["parameters"] = param
=> Configurations:
-------------------------
AMP: True
AUG:
  RC_PROB: 0.5
  RE_PROB: 0.5
DATA:
  CUHK03_CLASSIC_SPLIT: False
  CUHK03_LABELED: False
  DATASET: duke
  FORMAT_TAG: tensor
  HEIGHT: 256
  NUM_INSTANCES: 4
  NUM_WORKERS: 4
  ROOT: /home/zhengwei/Desktop/Zhengwei/Projects/datasets
  SPLIT_ID: 0
  TEST_BATCH: 512
  TRAIN_BATCH: 64
  TRAIN_FORMAT: base
  WIDTH: 128
EVAL_MODE: False
GPU: 0
LOSS:
  CLA_LOSS: crossentropy
  CLA_M: 0.0
  CLA_S: 16.0
  PAIR_LOSS: triplet
  PAIR_M: 0.3
  PAIR_S: 16.0
  RECON_LOSS: mse
  USE_NCE: False
MODEL:
  CONDITIONAL: False
  FEATURE_DIM: 1280
  FEAT_FUSION: True
  FLOW_TYPE: 
  GAUSSIAN: MultivariateNormal
  HIDDEN_DIM: 256
  LATENT_SIZE: 64
  NAME: CVAE
  ONLY_CVAE_KL: False
  ONLY_X_INPUT: False
  PRETRAIN: CLIPreidNew
  RES4_STRIDE: 1
  RESUME: /home/zhengwei/Desktop/Zhengwei/Projects/CVAE/outputs/duke/clipreid_simplevae_base/2024-06-20/fp32_SimpleVAE_128+64z_1e3+3_60+120_KLtotalZ_noCLS
  STYLE_NUM: 0
  TRAIN_STAGE: reidstage
  USE_CENTROID: False
  USE_TWO_ENCODER: False
  VAE_TYPE: SinpleVAE
  ZC_DIM: 128
  ZS_DIM: 64
OUTPUT: /home/zhengwei/Desktop/Zhengwei/Projects/CVAE/outputs/duke/clipreid_simplevae_base/2024-06-20/fp32_SimpleVAE_128+64z_1e3+3_60+120_KLtotalZ_noCLS/reid_crossentropy/2024-07-18/2nd_SimpleVAE_128+64z_1e3_60+120_KLtotalZ_trip+center
SAVED_NAME: 2nd_SimpleVAE_128+64z_1e3_60+120_KLtotalZ_trip+center
SEED: 0
TAG: clipreid_simplevae_base
TEST:
  DISTANCE: cosine
  EVAL_STEP: 5
  START_EVAL: -1
TRAIN:
  AMP: False
  LR_SCHEDULER:
    DECAY_RATE: 0.1
    NAME: MultiStepLR
    STEPSIZE: [60]
  MAX_EPOCH: 120
  OPTIMIZER:
    LR: 0.001
    NAME: adam
    SGDLR: 0.01
    SGD_MOMENTUM: 0.9
    SGD_WEIGHT_DECAY: 0.0005
    WEIGHT_DECAY: 0.0001
  START_EPOCH: 0
----------------------
Initializing dataset duke
Warning: string series 'monitoring/0ba789bf/stdout' value was longer than 1000 characters and was truncated. This warning is printed only once per series.
=> DukeMTMC-reID tensor loaded
Dataset statistics:
  ------------------------------
  subset   | # ids | # images
  ------------------------------
  train    |   702 |    16522
  query    |   702 |     2228
  gallery  |  1110 |    17661
  ------------------------------
  total    |  1404 |    36411
  ------------------------------
Initializing SinpleVAE model
Model size: 12.29190M
[INFO] Register count_relu() for <class 'torch.nn.modules.activation.LeakyReLU'>.
[INFO] Register count_linear() for <class 'torch.nn.modules.linear.Linear'>.
[INFO] Register count_normalization() for <class 'torch.nn.modules.batchnorm.BatchNorm1d'>.
[INFO] Register zero_ops() for <class 'torch.nn.modules.activation.ReLU'>.
[INFO] Register zero_ops() for <class 'torch.nn.modules.dropout.Dropout'>.
[INFO] Register zero_ops() for <class 'torch.nn.modules.container.Sequential'>.
FLOPs: 0.73361G
Params: 11.47219M
Initialized classifier with feature_dim: 1280, num_classes: 702
Classifier size: 0.89856M
reid_projector.weight is tuneable
=> Start Training REID model
Loading checkpoint from '/home/zhengwei/Desktop/Zhengwei/Projects/CVAE/outputs/duke/clipreid_simplevae_base/2024-06-20/fp32_SimpleVAE_128+64z_1e3+3_60+120_KLtotalZ_noCLS.best_model.pth.tar'
Ignores parameter:  i2t_projector.weight
Ignores parameter:  i2t_projector.bias
orginal best rank1 = 0.8460502692998204
=> Start training
/home/zhengwei/Desktop/Zhengwei/Projects/CVAE/losses/center_loss.py:40: UserWarning: This overload of addmm_ is deprecated:
	addmm_(Number beta, Number alpha, Tensor mat1, Tensor mat2)
Consider using one of the following signatures instead:
	addmm_(Tensor mat1, Tensor mat2, *, Number beta, Number alpha) (Triggered internally at /opt/conda/conda-bld/pytorch_1670525539683/work/torch/csrc/utils/python_arg_parser.cpp:1420.)
  distmat.addmm_(1, -2, x, self.centers.t())
Epoch:1 Time:15.9 Data:0.0 Loss:958.1551 Cls Loss:6.5542 Pair Loss:0.5541 Center Loss:957.6011 KL Loss:19.1417 Recon Loss:0.0918 Acc:0.0016 
Epoch:2 Time:18.3 Data:0.0 Loss:403.9548 Cls Loss:6.5540 Pair Loss:0.5742 Center Loss:403.3805 KL Loss:18.0557 Recon Loss:0.0919 Acc:0.0015 
Epoch:3 Time:18.9 Data:0.0 Loss:201.7577 Cls Loss:6.5540 Pair Loss:0.5885 Center Loss:201.1692 KL Loss:16.9579 Recon Loss:0.0918 Acc:0.0016 
Epoch:4 Time:23.3 Data:0.0 Loss:106.3739 Cls Loss:6.5540 Pair Loss:0.5968 Center Loss:105.7771 KL Loss:15.9264 Recon Loss:0.0918 Acc:0.0017 
Epoch:5 Time:29.2 Data:0.0 Loss:58.2652 Cls Loss:6.5540 Pair Loss:0.6102 Center Loss:57.6550 KL Loss:14.7532 Recon Loss:0.0918 Acc:0.0015 
=> Test at epoch 5
==========Test with latent_z: z_c =========
Extracted features for query set, obtained torch.Size([2228, 1280]) matrix
Extracted features for gallery set, obtained torch.Size([17661, 1280]) matrix
Extracting features complete in 0m 7s
Distance computing in 0m 1s
Results ---------------------------------------------------
top1:80.7% top5:88.9% top10:91.0% top20:93.0% mAP:64.0%
-----------------------------------------------------------
Using 0m 3s
Classifier results ---------------------------------------------------
Query acc: 0.0% Gallery acc: 0.0% Total acc: 0.0%
==========Test with latent_z: new_z =========
Extracted features for query set, obtained torch.Size([2228, 192]) matrix
Extracted features for gallery set, obtained torch.Size([17661, 192]) matrix
Extracting features complete in 0m 5s
Distance computing in 0m 1s
Results ---------------------------------------------------
top1:84.7% top5:91.2% top10:93.2% top20:95.1% mAP:70.5%
-----------------------------------------------------------
Using 0m 3s
Classifier results ---------------------------------------------------
Query acc: 0.0% Gallery acc: 0.0% Total acc: 0.0%
Epoch:6 Time:39.2 Data:0.0 Loss:33.1838 Cls Loss:6.5539 Pair Loss:0.6219 Center Loss:32.5620 KL Loss:13.6760 Recon Loss:0.0919 Acc:0.0013 
Epoch:7 Time:37.6 Data:0.0 Loss:19.5224 Cls Loss:6.5540 Pair Loss:0.6365 Center Loss:18.8859 KL Loss:12.5394 Recon Loss:0.0917 Acc:0.0014 
Epoch:8 Time:36.9 Data:0.0 Loss:11.9171 Cls Loss:6.5540 Pair Loss:0.6496 Center Loss:11.2675 KL Loss:11.4630 Recon Loss:0.0918 Acc:0.0015 
Epoch:9 Time:32.6 Data:0.0 Loss:7.5392 Cls Loss:6.5540 Pair Loss:0.6598 Center Loss:6.8793 KL Loss:10.3645 Recon Loss:0.0917 Acc:0.0012 
Epoch:10 Time:32.7 Data:0.0 Loss:5.0284 Cls Loss:6.5539 Pair Loss:0.6780 Center Loss:4.3504 KL Loss:9.3582 Recon Loss:0.0918 Acc:0.0023 
=> Test at epoch 10
==========Test with latent_z: z_c =========
Extracted features for query set, obtained torch.Size([2228, 1280]) matrix
Extracted features for gallery set, obtained torch.Size([17661, 1280]) matrix
Extracting features complete in 0m 6s
Distance computing in 0m 1s
Results ---------------------------------------------------
top1:81.2% top5:88.3% top10:91.2% top20:92.7% mAP:61.8%
-----------------------------------------------------------
Using 0m 3s
Classifier results ---------------------------------------------------
Query acc: 0.0% Gallery acc: 0.1% Total acc: 0.1%
==========Test with latent_z: new_z =========
Extracted features for query set, obtained torch.Size([2228, 192]) matrix
Extracted features for gallery set, obtained torch.Size([17661, 192]) matrix
Extracting features complete in 0m 5s
Distance computing in 0m 0s
Results ---------------------------------------------------
top1:84.7% top5:91.2% top10:93.2% top20:95.1% mAP:70.5%
-----------------------------------------------------------
Using 0m 3s
Classifier results ---------------------------------------------------
Query acc: 0.0% Gallery acc: 0.1% Total acc: 0.1%
Epoch:11 Time:38.7 Data:0.0 Loss:3.5291 Cls Loss:6.5540 Pair Loss:0.6919 Center Loss:2.8372 KL Loss:8.1605 Recon Loss:0.0918 Acc:0.0013 
Epoch:12 Time:36.8 Data:0.0 Loss:2.6183 Cls Loss:6.5540 Pair Loss:0.7051 Center Loss:1.9132 KL Loss:7.0906 Recon Loss:0.0919 Acc:0.0018 
Epoch:13 Time:37.2 Data:0.0 Loss:2.0685 Cls Loss:6.5540 Pair Loss:0.7178 Center Loss:1.3507 KL Loss:5.9770 Recon Loss:0.0918 Acc:0.0014 
Epoch:14 Time:32.1 Data:0.0 Loss:1.7236 Cls Loss:6.5540 Pair Loss:0.7234 Center Loss:1.0002 KL Loss:4.9349 Recon Loss:0.0917 Acc:0.0013 
Epoch:15 Time:32.9 Data:0.0 Loss:1.5070 Cls Loss:6.5540 Pair Loss:0.7305 Center Loss:0.7765 KL Loss:3.8820 Recon Loss:0.0918 Acc:0.0010 
=> Test at epoch 15
==========Test with latent_z: z_c =========
Extracted features for query set, obtained torch.Size([2228, 1280]) matrix
Extracted features for gallery set, obtained torch.Size([17661, 1280]) matrix
Extracting features complete in 0m 6s
Distance computing in 0m 1s
Results ---------------------------------------------------
top1:79.1% top5:87.3% top10:89.9% top20:92.0% mAP:59.1%
-----------------------------------------------------------
Using 0m 3s
Classifier results ---------------------------------------------------
Query acc: 0.0% Gallery acc: 0.0% Total acc: 0.0%
==========Test with latent_z: new_z =========
Extracted features for query set, obtained torch.Size([2228, 192]) matrix
Extracted features for gallery set, obtained torch.Size([17661, 192]) matrix
Extracting features complete in 0m 6s
Distance computing in 0m 0s
Results ---------------------------------------------------
top1:84.7% top5:91.2% top10:93.2% top20:95.1% mAP:70.5%
-----------------------------------------------------------
Using 0m 3s
Classifier results ---------------------------------------------------
Query acc: 0.0% Gallery acc: 0.0% Total acc: 0.0%
Epoch:16 Time:37.7 Data:0.0 Loss:1.3663 Cls Loss:6.5540 Pair Loss:0.7347 Center Loss:0.6315 KL Loss:2.7324 Recon Loss:0.0919 Acc:0.0015 
Epoch:17 Time:37.5 Data:0.0 Loss:1.2970 Cls Loss:6.5540 Pair Loss:0.7466 Center Loss:0.5503 KL Loss:1.6352 Recon Loss:0.0918 Acc:0.0012 
Epoch:18 Time:36.6 Data:0.0 Loss:1.2412 Cls Loss:6.5539 Pair Loss:0.7496 Center Loss:0.4916 KL Loss:0.8601 Recon Loss:0.0918 Acc:0.0017 
Epoch:19 Time:32.2 Data:0.0 Loss:1.1873 Cls Loss:6.5540 Pair Loss:0.7445 Center Loss:0.4429 KL Loss:0.7067 Recon Loss:0.0919 Acc:0.0015 
Epoch:20 Time:33.4 Data:0.0 Loss:1.1718 Cls Loss:6.5539 Pair Loss:0.7497 Center Loss:0.4221 KL Loss:0.7254 Recon Loss:0.0918 Acc:0.0016 
=> Test at epoch 20
==========Test with latent_z: z_c =========
Extracted features for query set, obtained torch.Size([2228, 1280]) matrix
Extracted features for gallery set, obtained torch.Size([17661, 1280]) matrix
Extracting features complete in 0m 5s
Distance computing in 0m 1s
Results ---------------------------------------------------
top1:78.5% top5:87.5% top10:90.1% top20:92.8% mAP:58.6%
-----------------------------------------------------------
Using 0m 3s
Classifier results ---------------------------------------------------
Query acc: 0.0% Gallery acc: 0.0% Total acc: 0.0%
==========Test with latent_z: new_z =========
Extracted features for query set, obtained torch.Size([2228, 192]) matrix
Extracted features for gallery set, obtained torch.Size([17661, 192]) matrix
Extracting features complete in 0m 5s
Distance computing in 0m 0s
Results ---------------------------------------------------
top1:84.7% top5:91.2% top10:93.2% top20:95.1% mAP:70.5%
-----------------------------------------------------------
Using 0m 3s
Classifier results ---------------------------------------------------
Query acc: 0.0% Gallery acc: 0.0% Total acc: 0.0%
Epoch:21 Time:38.4 Data:0.0 Loss:1.1591 Cls Loss:6.5540 Pair Loss:0.7508 Center Loss:0.4082 KL Loss:0.6642 Recon Loss:0.0917 Acc:0.0010 
Epoch:22 Time:37.3 Data:0.0 Loss:1.1217 Cls Loss:6.5540 Pair Loss:0.7395 Center Loss:0.3822 KL Loss:0.6237 Recon Loss:0.0918 Acc:0.0015 
Epoch:23 Time:37.6 Data:0.0 Loss:1.1226 Cls Loss:6.5540 Pair Loss:0.7437 Center Loss:0.3790 KL Loss:0.7324 Recon Loss:0.0917 Acc:0.0010 
Epoch:24 Time:31.4 Data:0.0 Loss:1.1121 Cls Loss:6.5540 Pair Loss:0.7381 Center Loss:0.3740 KL Loss:0.7065 Recon Loss:0.0917 Acc:0.0011 
Epoch:25 Time:32.2 Data:0.0 Loss:1.1189 Cls Loss:6.5540 Pair Loss:0.7456 Center Loss:0.3734 KL Loss:0.6830 Recon Loss:0.0918 Acc:0.0018 
=> Test at epoch 25
==========Test with latent_z: z_c =========
Extracted features for query set, obtained torch.Size([2228, 1280]) matrix
Extracted features for gallery set, obtained torch.Size([17661, 1280]) matrix
Extracting features complete in 0m 5s
Distance computing in 0m 1s
Results ---------------------------------------------------
top1:75.2% top5:85.2% top10:88.6% top20:90.6% mAP:53.5%
-----------------------------------------------------------
Using 0m 3s
Classifier results ---------------------------------------------------
Query acc: 0.0% Gallery acc: 0.0% Total acc: 0.0%
==========Test with latent_z: new_z =========
Extracted features for query set, obtained torch.Size([2228, 192]) matrix
Extracted features for gallery set, obtained torch.Size([17661, 192]) matrix
Extracting features complete in 0m 5s
Distance computing in 0m 1s
Results ---------------------------------------------------
top1:84.7% top5:91.2% top10:93.2% top20:95.1% mAP:70.5%
-----------------------------------------------------------
Using 0m 3s
Classifier results ---------------------------------------------------
Query acc: 0.0% Gallery acc: 0.0% Total acc: 0.0%
Epoch:26 Time:38.1 Data:0.0 Loss:1.1065 Cls Loss:6.5540 Pair Loss:0.7401 Center Loss:0.3665 KL Loss:0.6458 Recon Loss:0.0919 Acc:0.0016 
Epoch:27 Time:37.3 Data:0.0 Loss:1.1119 Cls Loss:6.5540 Pair Loss:0.7443 Center Loss:0.3676 KL Loss:0.6624 Recon Loss:0.0917 Acc:0.0013 
Epoch:28 Time:38.2 Data:0.0 Loss:1.1047 Cls Loss:6.5540 Pair Loss:0.7375 Center Loss:0.3672 KL Loss:0.6694 Recon Loss:0.0918 Acc:0.0013 
Epoch:29 Time:32.4 Data:0.0 Loss:1.1096 Cls Loss:6.5540 Pair Loss:0.7387 Center Loss:0.3709 KL Loss:0.7031 Recon Loss:0.0917 Acc:0.0013 
Epoch:30 Time:33.3 Data:0.0 Loss:1.0983 Cls Loss:6.5540 Pair Loss:0.7321 Center Loss:0.3662 KL Loss:0.6817 Recon Loss:0.0917 Acc:0.0018 
=> Test at epoch 30
==========Test with latent_z: z_c =========
Extracted features for query set, obtained torch.Size([2228, 1280]) matrix
Extracted features for gallery set, obtained torch.Size([17661, 1280]) matrix
Extracting features complete in 0m 6s
Distance computing in 0m 1s
Results ---------------------------------------------------
top1:75.6% top5:85.9% top10:89.2% top20:91.6% mAP:53.0%
-----------------------------------------------------------
Using 0m 3s
Classifier results ---------------------------------------------------
Query acc: 0.1% Gallery acc: 0.1% Total acc: 0.1%
==========Test with latent_z: new_z =========
Extracted features for query set, obtained torch.Size([2228, 192]) matrix
Extracted features for gallery set, obtained torch.Size([17661, 192]) matrix
Extracting features complete in 0m 5s
Distance computing in 0m 1s
Results ---------------------------------------------------
top1:84.7% top5:91.2% top10:93.2% top20:95.1% mAP:70.5%
-----------------------------------------------------------
Using 0m 3s
Classifier results ---------------------------------------------------
Query acc: 0.1% Gallery acc: 0.1% Total acc: 0.1%
Epoch:31 Time:38.8 Data:0.0 Loss:1.0650 Cls Loss:6.5540 Pair Loss:0.7133 Center Loss:0.3518 KL Loss:0.7280 Recon Loss:0.0917 Acc:0.0018 
Epoch:32 Time:37.4 Data:0.0 Loss:1.0781 Cls Loss:6.5540 Pair Loss:0.7191 Center Loss:0.3590 KL Loss:0.6934 Recon Loss:0.0917 Acc:0.0015 
Epoch:33 Time:37.0 Data:0.0 Loss:1.0980 Cls Loss:6.5540 Pair Loss:0.7319 Center Loss:0.3661 KL Loss:0.7102 Recon Loss:0.0918 Acc:0.0012 
Epoch:34 Time:31.8 Data:0.0 Loss:1.0754 Cls Loss:6.5540 Pair Loss:0.7152 Center Loss:0.3602 KL Loss:0.6817 Recon Loss:0.0918 Acc:0.0012 
Epoch:35 Time:33.7 Data:0.0 Loss:1.0688 Cls Loss:6.5540 Pair Loss:0.7131 Center Loss:0.3556 KL Loss:0.7186 Recon Loss:0.0918 Acc:0.0014 
=> Test at epoch 35
==========Test with latent_z: z_c =========
Extracted features for query set, obtained torch.Size([2228, 1280]) matrix
Extracted features for gallery set, obtained torch.Size([17661, 1280]) matrix
Extracting features complete in 0m 5s
Distance computing in 0m 1s
Results ---------------------------------------------------
top1:74.5% top5:85.2% top10:88.3% top20:90.8% mAP:51.4%
-----------------------------------------------------------
Using 0m 3s
Classifier results ---------------------------------------------------
Query acc: 0.0% Gallery acc: 0.1% Total acc: 0.1%
==========Test with latent_z: new_z =========
Extracted features for query set, obtained torch.Size([2228, 192]) matrix
Extracted features for gallery set, obtained torch.Size([17661, 192]) matrix
Extracting features complete in 0m 6s
Distance computing in 0m 1s
Results ---------------------------------------------------
top1:84.7% top5:91.2% top10:93.2% top20:95.1% mAP:70.5%
-----------------------------------------------------------
Using 0m 3s
Classifier results ---------------------------------------------------
Query acc: 0.0% Gallery acc: 0.1% Total acc: 0.1%
Epoch:36 Time:37.7 Data:0.0 Loss:1.0814 Cls Loss:6.5540 Pair Loss:0.7169 Center Loss:0.3645 KL Loss:0.6988 Recon Loss:0.0918 Acc:0.0014 
Epoch:37 Time:37.6 Data:0.0 Loss:1.0782 Cls Loss:6.5540 Pair Loss:0.7195 Center Loss:0.3587 KL Loss:0.6720 Recon Loss:0.0917 Acc:0.0014 
Epoch:38 Time:37.6 Data:0.0 Loss:1.0562 Cls Loss:6.5540 Pair Loss:0.7043 Center Loss:0.3519 KL Loss:0.7047 Recon Loss:0.0918 Acc:0.0013 
Epoch:39 Time:30.2 Data:0.0 Loss:1.0633 Cls Loss:6.5540 Pair Loss:0.7080 Center Loss:0.3553 KL Loss:0.6886 Recon Loss:0.0919 Acc:0.0014 
Epoch:40 Time:34.4 Data:0.0 Loss:1.0761 Cls Loss:6.5540 Pair Loss:0.7158 Center Loss:0.3604 KL Loss:0.6889 Recon Loss:0.0919 Acc:0.0011 
=> Test at epoch 40
==========Test with latent_z: z_c =========
Extracted features for query set, obtained torch.Size([2228, 1280]) matrix
Extracted features for gallery set, obtained torch.Size([17661, 1280]) matrix
Extracting features complete in 0m 5s
Distance computing in 0m 0s
Results ---------------------------------------------------
top1:72.7% top5:83.3% top10:87.0% top20:89.9% mAP:48.7%
-----------------------------------------------------------
Using 0m 3s
Classifier results ---------------------------------------------------
Query acc: 0.0% Gallery acc: 0.0% Total acc: 0.0%
==========Test with latent_z: new_z =========
Extracted features for query set, obtained torch.Size([2228, 192]) matrix
Extracted features for gallery set, obtained torch.Size([17661, 192]) matrix
Extracting features complete in 0m 7s
Distance computing in 0m 1s
Results ---------------------------------------------------
top1:84.7% top5:91.2% top10:93.2% top20:95.1% mAP:70.5%
-----------------------------------------------------------
Using 0m 3s
Classifier results ---------------------------------------------------
Query acc: 0.0% Gallery acc: 0.0% Total acc: 0.0%
Epoch:41 Time:38.6 Data:0.0 Loss:1.0659 Cls Loss:6.5540 Pair Loss:0.7081 Center Loss:0.3578 KL Loss:0.7150 Recon Loss:0.0918 Acc:0.0012 
Epoch:42 Time:38.0 Data:0.0 Loss:1.0536 Cls Loss:6.5540 Pair Loss:0.7023 Center Loss:0.3513 KL Loss:0.6808 Recon Loss:0.0918 Acc:0.0011 
Epoch:43 Time:37.3 Data:0.0 Loss:1.0582 Cls Loss:6.5540 Pair Loss:0.7035 Center Loss:0.3547 KL Loss:0.6977 Recon Loss:0.0918 Acc:0.0013 
Epoch:44 Time:28.1 Data:0.0 Loss:1.0591 Cls Loss:6.5540 Pair Loss:0.7041 Center Loss:0.3550 KL Loss:0.7184 Recon Loss:0.0918 Acc:0.0011 
Epoch:45 Time:35.8 Data:0.0 Loss:1.0741 Cls Loss:6.5540 Pair Loss:0.7129 Center Loss:0.3612 KL Loss:0.6851 Recon Loss:0.0918 Acc:0.0012 
=> Test at epoch 45
==========Test with latent_z: z_c =========
Extracted features for query set, obtained torch.Size([2228, 1280]) matrix
Extracted features for gallery set, obtained torch.Size([17661, 1280]) matrix
Extracting features complete in 0m 5s
Distance computing in 0m 1s
Results ---------------------------------------------------
top1:74.0% top5:84.8% top10:87.4% top20:89.9% mAP:51.3%
-----------------------------------------------------------
Using 0m 3s
Classifier results ---------------------------------------------------
Query acc: 0.0% Gallery acc: 0.0% Total acc: 0.0%
==========Test with latent_z: new_z =========
Extracted features for query set, obtained torch.Size([2228, 192]) matrix
Extracted features for gallery set, obtained torch.Size([17661, 192]) matrix
Extracting features complete in 0m 5s
Distance computing in 0m 1s
Results ---------------------------------------------------
top1:84.7% top5:91.2% top10:93.2% top20:95.1% mAP:70.5%
-----------------------------------------------------------
Using 0m 3s
Classifier results ---------------------------------------------------
Query acc: 0.0% Gallery acc: 0.0% Total acc: 0.0%
Epoch:46 Time:38.0 Data:0.0 Loss:1.0780 Cls Loss:6.5540 Pair Loss:0.7139 Center Loss:0.3641 KL Loss:0.6687 Recon Loss:0.0918 Acc:0.0013 
Epoch:47 Time:37.1 Data:0.0 Loss:1.0570 Cls Loss:6.5540 Pair Loss:0.7001 Center Loss:0.3568 KL Loss:0.6935 Recon Loss:0.0918 Acc:0.0010 
Epoch:48 Time:37.5 Data:0.0 Loss:1.0527 Cls Loss:6.5540 Pair Loss:0.6992 Center Loss:0.3535 KL Loss:0.7640 Recon Loss:0.0917 Acc:0.0015 
Epoch:49 Time:29.2 Data:0.0 Loss:1.0604 Cls Loss:6.5540 Pair Loss:0.7059 Center Loss:0.3544 KL Loss:0.7761 Recon Loss:0.0918 Acc:0.0012 
Epoch:50 Time:35.5 Data:0.0 Loss:1.0681 Cls Loss:6.5540 Pair Loss:0.7079 Center Loss:0.3603 KL Loss:0.8493 Recon Loss:0.0918 Acc:0.0015 
=> Test at epoch 50
==========Test with latent_z: z_c =========
Extracted features for query set, obtained torch.Size([2228, 1280]) matrix
Extracted features for gallery set, obtained torch.Size([17661, 1280]) matrix
Extracting features complete in 0m 5s
Distance computing in 0m 1s
Results ---------------------------------------------------
top1:74.4% top5:84.8% top10:88.3% top20:90.6% mAP:52.1%
-----------------------------------------------------------
Using 0m 3s
Classifier results ---------------------------------------------------
Query acc: 0.0% Gallery acc: 0.1% Total acc: 0.0%
==========Test with latent_z: new_z =========
Extracted features for query set, obtained torch.Size([2228, 192]) matrix
Extracted features for gallery set, obtained torch.Size([17661, 192]) matrix
Extracting features complete in 0m 6s
Distance computing in 0m 1s
Results ---------------------------------------------------
top1:84.7% top5:91.2% top10:93.2% top20:95.1% mAP:70.5%
-----------------------------------------------------------
Using 0m 3s
Classifier results ---------------------------------------------------
Query acc: 0.0% Gallery acc: 0.1% Total acc: 0.0%
Epoch:51 Time:37.8 Data:0.0 Loss:1.0599 Cls Loss:6.5540 Pair Loss:0.7024 Center Loss:0.3575 KL Loss:0.8062 Recon Loss:0.0917 Acc:0.0012 
Epoch:52 Time:37.3 Data:0.0 Loss:1.0588 Cls Loss:6.5540 Pair Loss:0.7025 Center Loss:0.3563 KL Loss:0.9000 Recon Loss:0.0919 Acc:0.0012 
Epoch:53 Time:36.7 Data:0.0 Loss:1.0411 Cls Loss:6.5540 Pair Loss:0.6898 Center Loss:0.3514 KL Loss:0.8821 Recon Loss:0.0917 Acc:0.0013 
Epoch:54 Time:28.8 Data:0.0 Loss:1.0576 Cls Loss:6.5540 Pair Loss:0.7035 Center Loss:0.3541 KL Loss:0.9001 Recon Loss:0.0918 Acc:0.0015 
Epoch:55 Time:34.4 Data:0.0 Loss:1.0811 Cls Loss:6.5540 Pair Loss:0.7176 Center Loss:0.3635 KL Loss:0.9311 Recon Loss:0.0918 Acc:0.0013 
=> Test at epoch 55
==========Test with latent_z: z_c =========
Extracted features for query set, obtained torch.Size([2228, 1280]) matrix
Extracted features for gallery set, obtained torch.Size([17661, 1280]) matrix
Extracting features complete in 0m 5s
Distance computing in 0m 1s
Results ---------------------------------------------------
top1:71.8% top5:84.6% top10:87.4% top20:90.3% mAP:48.9%
-----------------------------------------------------------
Using 0m 3s
Classifier results ---------------------------------------------------
Query acc: 0.0% Gallery acc: 0.0% Total acc: 0.0%
==========Test with latent_z: new_z =========
Extracted features for query set, obtained torch.Size([2228, 192]) matrix
Extracted features for gallery set, obtained torch.Size([17661, 192]) matrix
Extracting features complete in 0m 8s
Distance computing in 0m 1s
Results ---------------------------------------------------
top1:84.7% top5:91.2% top10:93.2% top20:95.1% mAP:70.5%
-----------------------------------------------------------
Using 0m 3s
Classifier results ---------------------------------------------------
Query acc: 0.0% Gallery acc: 0.0% Total acc: 0.0%
Epoch:56 Time:39.2 Data:0.0 Loss:1.0671 Cls Loss:6.5540 Pair Loss:0.7092 Center Loss:0.3579 KL Loss:1.0292 Recon Loss:0.0918 Acc:0.0016 
Epoch:57 Time:37.3 Data:0.0 Loss:1.0615 Cls Loss:6.5540 Pair Loss:0.7066 Center Loss:0.3549 KL Loss:1.1546 Recon Loss:0.0917 Acc:0.0013 
Epoch:58 Time:37.8 Data:0.0 Loss:1.0549 Cls Loss:6.5540 Pair Loss:0.7009 Center Loss:0.3540 KL Loss:1.1644 Recon Loss:0.0919 Acc:0.0015 
Epoch:59 Time:25.8 Data:0.0 Loss:1.0472 Cls Loss:6.5540 Pair Loss:0.6988 Center Loss:0.3484 KL Loss:1.3050 Recon Loss:0.0918 Acc:0.0014 
Epoch:60 Time:40.0 Data:0.0 Loss:1.0639 Cls Loss:6.5540 Pair Loss:0.7067 Center Loss:0.3572 KL Loss:1.4244 Recon Loss:0.0917 Acc:0.0010 
=> Test at epoch 60
==========Test with latent_z: z_c =========
Extracted features for query set, obtained torch.Size([2228, 1280]) matrix
Extracted features for gallery set, obtained torch.Size([17661, 1280]) matrix
Extracting features complete in 0m 6s
Distance computing in 0m 1s
Results ---------------------------------------------------
top1:71.1% top5:82.8% top10:86.8% top20:89.4% mAP:47.9%
-----------------------------------------------------------
Using 0m 3s
Classifier results ---------------------------------------------------
Query acc: 0.0% Gallery acc: 0.1% Total acc: 0.0%
==========Test with latent_z: new_z =========
Extracted features for query set, obtained torch.Size([2228, 192]) matrix
Extracted features for gallery set, obtained torch.Size([17661, 192]) matrix
Extracting features complete in 0m 6s
Distance computing in 0m 1s
Results ---------------------------------------------------
top1:84.7% top5:91.2% top10:93.2% top20:95.1% mAP:70.5%
-----------------------------------------------------------
Using 0m 3s
Classifier results ---------------------------------------------------
Query acc: 0.0% Gallery acc: 0.1% Total acc: 0.0%
Epoch:61 Time:38.2 Data:0.0 Loss:0.6771 Cls Loss:6.5540 Pair Loss:0.5213 Center Loss:0.1558 KL Loss:0.6026 Recon Loss:0.0918 Acc:0.0010 
Epoch:62 Time:37.3 Data:0.0 Loss:0.6055 Cls Loss:6.5540 Pair Loss:0.4849 Center Loss:0.1206 KL Loss:0.6227 Recon Loss:0.0917 Acc:0.0009 
Epoch:63 Time:37.1 Data:0.0 Loss:0.6008 Cls Loss:6.5540 Pair Loss:0.4797 Center Loss:0.1211 KL Loss:0.5662 Recon Loss:0.0918 Acc:0.0010 
Epoch:64 Time:25.3 Data:0.0 Loss:0.6065 Cls Loss:6.5540 Pair Loss:0.4889 Center Loss:0.1176 KL Loss:0.5600 Recon Loss:0.0918 Acc:0.0012 
Epoch:65 Time:39.0 Data:0.0 Loss:0.5958 Cls Loss:6.5540 Pair Loss:0.4790 Center Loss:0.1168 KL Loss:0.5635 Recon Loss:0.0920 Acc:0.0014 
=> Test at epoch 65
==========Test with latent_z: z_c =========
Extracted features for query set, obtained torch.Size([2228, 1280]) matrix
Extracted features for gallery set, obtained torch.Size([17661, 1280]) matrix
Extracting features complete in 0m 6s
Distance computing in 0m 1s
Results ---------------------------------------------------
top1:67.5% top5:80.5% top10:84.6% top20:87.9% mAP:42.2%
-----------------------------------------------------------
Using 0m 3s
Classifier results ---------------------------------------------------
Query acc: 0.0% Gallery acc: 0.0% Total acc: 0.0%
==========Test with latent_z: new_z =========
Extracted features for query set, obtained torch.Size([2228, 192]) matrix
Extracted features for gallery set, obtained torch.Size([17661, 192]) matrix
Extracting features complete in 0m 5s
Distance computing in 0m 1s
Results ---------------------------------------------------
top1:84.7% top5:91.2% top10:93.2% top20:95.1% mAP:70.5%
-----------------------------------------------------------
Using 0m 3s
Classifier results ---------------------------------------------------
Query acc: 0.0% Gallery acc: 0.0% Total acc: 0.0%
Epoch:66 Time:38.3 Data:0.0 Loss:0.5946 Cls Loss:6.5540 Pair Loss:0.4788 Center Loss:0.1158 KL Loss:0.6421 Recon Loss:0.0919 Acc:0.0013 
Epoch:67 Time:37.1 Data:0.0 Loss:0.5933 Cls Loss:6.5540 Pair Loss:0.4790 Center Loss:0.1142 KL Loss:0.6230 Recon Loss:0.0917 Acc:0.0012 
Epoch:68 Time:37.1 Data:0.0 Loss:0.5876 Cls Loss:6.5540 Pair Loss:0.4742 Center Loss:0.1133 KL Loss:0.5232 Recon Loss:0.0918 Acc:0.0014 
Epoch:69 Time:27.2 Data:0.0 Loss:0.6068 Cls Loss:6.5540 Pair Loss:0.4927 Center Loss:0.1142 KL Loss:0.5861 Recon Loss:0.0920 Acc:0.0013 
Epoch:70 Time:37.9 Data:0.0 Loss:0.5819 Cls Loss:6.5540 Pair Loss:0.4709 Center Loss:0.1109 KL Loss:0.5735 Recon Loss:0.0918 Acc:0.0010 
=> Test at epoch 70
==========Test with latent_z: z_c =========
Extracted features for query set, obtained torch.Size([2228, 1280]) matrix
Extracted features for gallery set, obtained torch.Size([17661, 1280]) matrix
Extracting features complete in 0m 4s
Distance computing in 0m 1s
Results ---------------------------------------------------
top1:64.2% top5:77.8% top10:82.0% top20:86.2% mAP:39.3%
-----------------------------------------------------------
Using 0m 3s
Classifier results ---------------------------------------------------
Query acc: 0.0% Gallery acc: 0.0% Total acc: 0.0%
==========Test with latent_z: new_z =========
Extracted features for query set, obtained torch.Size([2228, 192]) matrix
Extracted features for gallery set, obtained torch.Size([17661, 192]) matrix
Extracting features complete in 0m 5s
Distance computing in 0m 0s
Results ---------------------------------------------------
top1:84.7% top5:91.2% top10:93.2% top20:95.1% mAP:70.5%
-----------------------------------------------------------
Using 0m 3s
Classifier results ---------------------------------------------------
Query acc: 0.0% Gallery acc: 0.0% Total acc: 0.0%
Epoch:71 Time:39.7 Data:0.0 Loss:0.5958 Cls Loss:6.5540 Pair Loss:0.4839 Center Loss:0.1118 KL Loss:0.5620 Recon Loss:0.0917 Acc:0.0014 
Epoch:72 Time:37.4 Data:0.0 Loss:0.6068 Cls Loss:6.5540 Pair Loss:0.4950 Center Loss:0.1119 KL Loss:0.6221 Recon Loss:0.0918 Acc:0.0014 
Epoch:73 Time:37.3 Data:0.0 Loss:0.5929 Cls Loss:6.5540 Pair Loss:0.4830 Center Loss:0.1099 KL Loss:0.5521 Recon Loss:0.0918 Acc:0.0014 
Epoch:74 Time:27.0 Data:0.0 Loss:0.5902 Cls Loss:6.5540 Pair Loss:0.4809 Center Loss:0.1093 KL Loss:0.5782 Recon Loss:0.0918 Acc:0.0014 
Epoch:75 Time:39.7 Data:0.0 Loss:0.5938 Cls Loss:6.5540 Pair Loss:0.4866 Center Loss:0.1073 KL Loss:0.5991 Recon Loss:0.0919 Acc:0.0018 
=> Test at epoch 75
==========Test with latent_z: z_c =========
Extracted features for query set, obtained torch.Size([2228, 1280]) matrix
Extracted features for gallery set, obtained torch.Size([17661, 1280]) matrix
Extracting features complete in 0m 5s
Distance computing in 0m 1s
Results ---------------------------------------------------
top1:68.0% top5:79.3% top10:83.6% top20:86.9% mAP:43.2%
-----------------------------------------------------------
Using 0m 3s
Classifier results ---------------------------------------------------
Query acc: 0.0% Gallery acc: 0.0% Total acc: 0.0%
==========Test with latent_z: new_z =========
Extracted features for query set, obtained torch.Size([2228, 192]) matrix
Extracted features for gallery set, obtained torch.Size([17661, 192]) matrix
Extracting features complete in 0m 5s
Distance computing in 0m 0s
Results ---------------------------------------------------
top1:84.7% top5:91.2% top10:93.2% top20:95.1% mAP:70.5%
-----------------------------------------------------------
Using 0m 3s
Classifier results ---------------------------------------------------
Query acc: 0.0% Gallery acc: 0.0% Total acc: 0.0%
Epoch:76 Time:39.4 Data:0.0 Loss:0.6018 Cls Loss:6.5540 Pair Loss:0.4939 Center Loss:0.1079 KL Loss:0.5715 Recon Loss:0.0919 Acc:0.0013 
Epoch:77 Time:37.1 Data:0.0 Loss:0.6053 Cls Loss:6.5540 Pair Loss:0.4977 Center Loss:0.1076 KL Loss:0.5923 Recon Loss:0.0918 Acc:0.0013 
Epoch:78 Time:38.0 Data:0.0 Loss:0.5961 Cls Loss:6.5540 Pair Loss:0.4899 Center Loss:0.1063 KL Loss:0.5423 Recon Loss:0.0917 Acc:0.0012 
Epoch:79 Time:25.2 Data:0.0 Loss:0.6004 Cls Loss:6.5540 Pair Loss:0.4934 Center Loss:0.1070 KL Loss:0.5398 Recon Loss:0.0918 Acc:0.0011 
Epoch:80 Time:37.8 Data:0.0 Loss:0.5922 Cls Loss:6.5540 Pair Loss:0.4881 Center Loss:0.1041 KL Loss:0.5517 Recon Loss:0.0917 Acc:0.0010 
=> Test at epoch 80
==========Test with latent_z: z_c =========
Extracted features for query set, obtained torch.Size([2228, 1280]) matrix
Extracted features for gallery set, obtained torch.Size([17661, 1280]) matrix
Extracting features complete in 0m 6s
Distance computing in 0m 1s
Results ---------------------------------------------------
top1:66.8% top5:79.6% top10:83.8% top20:87.4% mAP:41.1%
-----------------------------------------------------------
Using 0m 3s
Classifier results ---------------------------------------------------
Query acc: 0.0% Gallery acc: 0.0% Total acc: 0.0%
==========Test with latent_z: new_z =========
Extracted features for query set, obtained torch.Size([2228, 192]) matrix
Extracted features for gallery set, obtained torch.Size([17661, 192]) matrix
Extracting features complete in 0m 5s
Distance computing in 0m 1s
Results ---------------------------------------------------
top1:84.7% top5:91.2% top10:93.2% top20:95.1% mAP:70.5%
-----------------------------------------------------------
Using 0m 3s
Classifier results ---------------------------------------------------
Query acc: 0.0% Gallery acc: 0.0% Total acc: 0.0%
Epoch:81 Time:39.5 Data:0.0 Loss:0.5998 Cls Loss:6.5540 Pair Loss:0.4948 Center Loss:0.1049 KL Loss:0.5910 Recon Loss:0.0917 Acc:0.0015 
Epoch:82 Time:37.5 Data:0.0 Loss:0.5909 Cls Loss:6.5540 Pair Loss:0.4883 Center Loss:0.1027 KL Loss:0.5454 Recon Loss:0.0917 Acc:0.0012 
Epoch:83 Time:37.2 Data:0.0 Loss:0.5869 Cls Loss:6.5540 Pair Loss:0.4849 Center Loss:0.1020 KL Loss:0.6010 Recon Loss:0.0918 Acc:0.0015 
Epoch:84 Time:23.1 Data:0.0 Loss:0.5820 Cls Loss:6.5540 Pair Loss:0.4816 Center Loss:0.1004 KL Loss:0.5367 Recon Loss:0.0919 Acc:0.0010 
