https://app.neptune.ai/Zhengwei-Lab/MayCVAE/e/MAY-644
=> merge config from ./configs/clipreid_cvae_stage2.yaml
/home/zhengwei/Desktop/Zhengwei/Projects/CVAE/main.py:91: NeptuneUnsupportedType: You're attempting to log a type that is not directly supported by Neptune (<class 'list'>).
        Convert the value to a supported type, such as a string or float, or use stringify_unsupported(obj)
        for dictionaries or collections that contain unsupported values.
        For more, see https://docs.neptune.ai/help/value_of_unsupported_type
  run["parameters"] = param
=> Configurations:
-------------------------
AMP: True
AUG:
  RC_PROB: 0.5
  RE_PROB: 0.5
DATA:
  CUHK03_CLASSIC_SPLIT: False
  CUHK03_LABELED: False
  DATASET: market1k
  FORMAT_TAG: tensor
  HEIGHT: 256
  NUM_INSTANCES: 4
  NUM_WORKERS: 4
  ROOT: /home/zhengwei/Desktop/Zhengwei/Projects/datasets
  SPLIT_ID: 0
  TEST_BATCH: 512
  TRAIN_BATCH: 64
  TRAIN_FORMAT: novel
  WIDTH: 128
EVAL_MODE: False
GPU: 0
LOSS:
  CLA_LOSS: crossentropy
  CLA_M: 0.0
  CLA_S: 16.0
  PAIR_LOSS: triplet
  PAIR_M: 0.3
  PAIR_S: 16.0
  RECON_LOSS: mse
  USE_NCE: False
MODEL:
  CONDITIONAL: False
  FEATURE_DIM: 1280
  FEAT_FUSION: True
  FLOW_TYPE: 
  GAUSSIAN: MultivariateNormal
  HIDDEN_DIM: 256
  LATENT_SIZE: 64
  NAME: CVAE
  ONLY_CVAE_KL: False
  ONLY_X_INPUT: False
  PRETRAIN: CLIPreidFinetune
  RES4_STRIDE: 1
  RESUME: /home/zhengwei/Desktop/Zhengwei/Projects/CVAE/outputs/market1k/clipreid_tune_wReID/novel/2024-07-24/tune_SimpleVAE+2E_128+64z_1e3_60+120_KLtotalZ_L1280_ReIDZnew_noCLS
  STYLE_NUM: 0
  TRAIN_STAGE: reidstage
  USE_CENTROID: False
  USE_TWO_ENCODER: True
  VAE_TYPE: SinpleVAE
  ZC_DIM: 128
  ZS_DIM: 64
OUTPUT: ./outputs/market1k/clipreid_tune_wReID/novel/2024-07-24/2ndstage_SimpleVAE+2E_128+64z_1e3_30+120_KLtotalZ_bL1280_s2_L1280_ReIDZnew+center+trip+ce_newCLS+ce
SAVED_NAME: 2ndstage_SimpleVAE+2E_128+64z_1e3_30+120_KLtotalZ_bL1280_s2_L1280_ReIDZnew+center+trip+ce_newCLS+ce
SEED: 0
TAG: clipreid_tune_wReID
TEST:
  DISTANCE: cosine
  EVAL_STEP: 5
  START_EVAL: -1
TRAIN:
  AMP: False
  LR_SCHEDULER:
    DECAY_RATE: 0.1
    NAME: MultiStepLR
    STEPSIZE: [60]
  MAX_EPOCH: 120
  OPTIMIZER:
    LR: 0.001
    NAME: adam
    SGDLR: 0.01
    SGD_MOMENTUM: 0.9
    SGD_WEIGHT_DECAY: 0.0005
    WEIGHT_DECAY: 0.0001
  START_EPOCH: 0
----------------------
Initializing dataset market1k
Warning: string series 'monitoring/df732ece/stdout' value was longer than 1000 characters and was truncated. This warning is printed only once per series.
=> Market-Sketch-1K tensor loaded
Dataset statistics:
  ------------------------------
  subset   | # ids | # images
  ------------------------------
  train    |   996 |     3992
  query    |   996 |     2709
  gallery  |   996 |     2000
  ------------------------------
  total    |  1992 |     8701
  ------------------------------
Initializing SinpleVAE model with 2 encoders
Model size: 12.21152M
[INFO] Register count_relu() for <class 'torch.nn.modules.activation.LeakyReLU'>.
[INFO] Register count_linear() for <class 'torch.nn.modules.linear.Linear'>.
[INFO] Register count_normalization() for <class 'torch.nn.modules.batchnorm.BatchNorm1d'>.
[INFO] Register zero_ops() for <class 'torch.nn.modules.activation.ReLU'>.
[INFO] Register zero_ops() for <class 'torch.nn.modules.dropout.Dropout'>.
[INFO] Register zero_ops() for <class 'torch.nn.modules.container.Sequential'>.
FLOPs: 0.75465G
Params: 11.78419M
Initialized classifier with feature_dim: 1280, num_classes: 996
Classifier size: 1.27488M
reid_projector.weight is tuneable
=> Start Training ReID projector and Classifier
Loading checkpoint from '/home/zhengwei/Desktop/Zhengwei/Projects/CVAE/outputs/market1k/clipreid_tune_wReID/novel/2024-07-24/tune_SimpleVAE+2E_128+64z_1e3_60+120_KLtotalZ_L1280_ReIDZnew_noCLS/best_model.pth.tar'
Loading parameter:  reid_projector.weight
Ignores parameter:  i2t_projector.weight
Ignores parameter:  i2t_projector.bias
orginal best rank1 = 0.20634920634920634
=> Start evaluation on Novel data without finetuning
=> Test pretarined feature form VLP model
Normalizing features
Normalizing features
Extracted features for query set, obtained torch.Size([2709, 1280]) matrix
Extracted features for gallery set, obtained torch.Size([2000, 1280]) matrix
Extracting features complete in 0m 3s
Distance computing in 0m 0s
Computing CMC and mAP
Results ---------------------------------------------------
top1:35.2% top5:60.5% top10:71.2% top20:80.7% mAP:39.8%
-----------------------------------------------------------
Using 0m 0s
==========Test with latent_z: new_z =========
Extracted features for query set, obtained torch.Size([2709, 1280]) matrix
Extracted features for gallery set, obtained torch.Size([2000, 1280]) matrix
Extracting features complete in 0m 3s
Distance computing in 0m 0s
Results ---------------------------------------------------
top1:21.4% top5:43.0% top10:55.8% top20:67.6% mAP:26.0%
-----------------------------------------------------------
Using 0m 0s
Classifier results ---------------------------------------------------
Query acc: 0.0% Gallery acc: 0.1% Total acc: 0.0%
ReID Classifier results ---------------------------------------------------
Query acc: 0.0% Gallery acc: 0.2% Total acc: 0.1%
==========Test with latent_z: z_c =========
Extracted features for query set, obtained torch.Size([2709, 128]) matrix
Extracted features for gallery set, obtained torch.Size([2000, 128]) matrix
Extracting features complete in 0m 4s
Distance computing in 0m 0s
Results ---------------------------------------------------
top1:20.2% top5:43.4% top10:55.5% top20:66.9% mAP:25.1%
-----------------------------------------------------------
Using 0m 0s
Classifier results ---------------------------------------------------
Query acc: 0.0% Gallery acc: 0.1% Total acc: 0.0%
ReID Classifier results ---------------------------------------------------
Query acc: 0.0% Gallery acc: 0.2% Total acc: 0.1%
Jump TSNE in test
=> Start training
/home/zhengwei/Desktop/Zhengwei/Projects/CVAE/losses/center_loss.py:40: UserWarning: This overload of addmm_ is deprecated:
	addmm_(Number beta, Number alpha, Tensor mat1, Tensor mat2)
Consider using one of the following signatures instead:
	addmm_(Tensor mat1, Tensor mat2, *, Number beta, Number alpha) (Triggered internally at /opt/conda/conda-bld/pytorch_1670525539683/work/torch/csrc/utils/python_arg_parser.cpp:1420.)
  distmat.addmm_(1, -2, x, self.centers.t())
Epoch:1 Time:5.2 Data:0.0 Loss:1421.8697 Cls Loss:8.0546 Cls reid Loss:6.9304 Pair Loss:0.1871 Center Loss:1406.6977 KL Loss:180.8348 Recon Loss:0.1821 Acc:0.0010 Acc ReID:0.0003 
Epoch:2 Time:5.7 Data:0.0 Loss:1181.8539 Cls Loss:6.2704 Cls reid Loss:6.6865 Pair Loss:0.1566 Center Loss:1168.7404 KL Loss:180.5310 Recon Loss:0.1821 Acc:0.0197 Acc ReID:0.1169 
Epoch:3 Time:5.7 Data:0.0 Loss:1025.9531 Cls Loss:4.9406 Cls reid Loss:6.4184 Pair Loss:0.1670 Center Loss:1014.4271 KL Loss:180.3412 Recon Loss:0.1821 Acc:0.0887 Acc ReID:0.3183 
Epoch:4 Time:5.7 Data:0.0 Loss:897.5539 Cls Loss:3.7140 Cls reid Loss:6.0695 Pair Loss:0.1717 Center Loss:887.5987 KL Loss:179.7509 Recon Loss:0.1821 Acc:0.1966 Acc ReID:0.5043 
Epoch:5 Time:5.5 Data:0.0 Loss:788.6381 Cls Loss:2.6865 Cls reid Loss:5.6236 Pair Loss:0.1734 Center Loss:780.1547 KL Loss:179.6298 Recon Loss:0.1821 Acc:0.3508 Acc ReID:0.6066 
=> Test at epoch 5
==========Test with latent_z: z_c =========
Extracted features for query set, obtained torch.Size([2709, 128]) matrix
Extracted features for gallery set, obtained torch.Size([2000, 128]) matrix
Extracting features complete in 0m 4s
Distance computing in 0m 0s
Results ---------------------------------------------------
top1:20.2% top5:43.4% top10:55.5% top20:66.9% mAP:25.1%
-----------------------------------------------------------
Using 0m 0s
Classifier results ---------------------------------------------------
Query acc: 17.6% Gallery acc: 85.8% Total acc: 46.6%
ReID Classifier results ---------------------------------------------------
Query acc: 20.0% Gallery acc: 94.7% Total acc: 51.8%
Jump TSNE in test
==========Test with latent_z: new_z =========
Extracted features for query set, obtained torch.Size([2709, 1280]) matrix
Extracted features for gallery set, obtained torch.Size([2000, 1280]) matrix
Extracting features complete in 0m 3s
Distance computing in 0m 0s
Results ---------------------------------------------------
top1:24.8% top5:49.2% top10:60.6% top20:71.4% mAP:29.5%
-----------------------------------------------------------
Using 0m 0s
Classifier results ---------------------------------------------------
Query acc: 17.6% Gallery acc: 85.8% Total acc: 46.6%
ReID Classifier results ---------------------------------------------------
Query acc: 20.0% Gallery acc: 94.7% Total acc: 51.8%
Epoch:6 Time:6.1 Data:0.0 Loss:690.0564 Cls Loss:1.7393 Cls reid Loss:5.0837 Pair Loss:0.1740 Center Loss:683.0594 KL Loss:179.3475 Recon Loss:0.1821 Acc:0.6152 Acc ReID:0.7394 
Epoch:7 Time:5.5 Data:0.0 Loss:604.8778 Cls Loss:1.0823 Cls reid Loss:4.5544 Pair Loss:0.1648 Center Loss:599.0763 KL Loss:179.2469 Recon Loss:0.1821 Acc:0.7825 Acc ReID:0.8372 
Epoch:8 Time:5.6 Data:0.0 Loss:531.8138 Cls Loss:0.6872 Cls reid Loss:4.0397 Pair Loss:0.1620 Center Loss:526.9249 KL Loss:179.0217 Recon Loss:0.1822 Acc:0.8974 Acc ReID:0.8954 
Epoch:9 Time:5.2 Data:0.0 Loss:467.2146 Cls Loss:0.4575 Cls reid Loss:3.5429 Pair Loss:0.1632 Center Loss:463.0511 KL Loss:178.6548 Recon Loss:0.1821 Acc:0.9420 Acc ReID:0.9272 
Epoch:10 Time:5.4 Data:0.0 Loss:411.3246 Cls Loss:0.3215 Cls reid Loss:3.0980 Pair Loss:0.1562 Center Loss:407.7489 KL Loss:178.5988 Recon Loss:0.1822 Acc:0.9672 Acc ReID:0.9471 
=> Test at epoch 10
==========Test with latent_z: z_c =========
Extracted features for query set, obtained torch.Size([2709, 128]) matrix
Extracted features for gallery set, obtained torch.Size([2000, 128]) matrix
Extracting features complete in 0m 4s
Distance computing in 0m 0s
Results ---------------------------------------------------
top1:20.2% top5:43.4% top10:55.5% top20:66.9% mAP:25.1%
-----------------------------------------------------------
Using 0m 0s
Classifier results ---------------------------------------------------
Query acc: 25.0% Gallery acc: 99.6% Total acc: 56.7%
ReID Classifier results ---------------------------------------------------
Query acc: 26.2% Gallery acc: 99.3% Total acc: 57.3%
Jump TSNE in test
==========Test with latent_z: new_z =========
Extracted features for query set, obtained torch.Size([2709, 1280]) matrix
Extracted features for gallery set, obtained torch.Size([2000, 1280]) matrix
Extracting features complete in 0m 3s
Distance computing in 0m 0s
Results ---------------------------------------------------
top1:25.4% top5:49.1% top10:61.6% top20:72.1% mAP:30.2%
-----------------------------------------------------------
Using 0m 0s
Classifier results ---------------------------------------------------
Query acc: 25.0% Gallery acc: 99.6% Total acc: 56.7%
ReID Classifier results ---------------------------------------------------
Query acc: 26.2% Gallery acc: 99.3% Total acc: 57.3%
Epoch:11 Time:6.4 Data:0.0 Loss:362.8680 Cls Loss:0.2346 Cls reid Loss:2.6924 Pair Loss:0.1565 Center Loss:359.7845 KL Loss:178.2412 Recon Loss:0.1821 Acc:0.9816 Acc ReID:0.9617 
Epoch:12 Time:5.7 Data:0.0 Loss:319.8105 Cls Loss:0.1846 Cls reid Loss:2.3339 Pair Loss:0.1508 Center Loss:317.1413 KL Loss:178.2487 Recon Loss:0.1822 Acc:0.9859 Acc ReID:0.9708 
Epoch:13 Time:5.4 Data:0.0 Loss:282.0154 Cls Loss:0.1532 Cls reid Loss:2.0290 Pair Loss:0.1470 Center Loss:279.6862 KL Loss:177.9660 Recon Loss:0.1821 Acc:0.9917 Acc ReID:0.9806 
Epoch:14 Time:5.7 Data:0.0 Loss:249.3320 Cls Loss:0.1262 Cls reid Loss:1.7644 Pair Loss:0.1466 Center Loss:247.2948 KL Loss:177.3470 Recon Loss:0.1821 Acc:0.9942 Acc ReID:0.9824 
Epoch:15 Time:5.6 Data:0.0 Loss:220.1278 Cls Loss:0.1096 Cls reid Loss:1.5493 Pair Loss:0.1454 Center Loss:218.3235 KL Loss:177.4386 Recon Loss:0.1822 Acc:0.9972 Acc ReID:0.9909 
=> Test at epoch 15
==========Test with latent_z: z_c =========
Extracted features for query set, obtained torch.Size([2709, 128]) matrix
Extracted features for gallery set, obtained torch.Size([2000, 128]) matrix
Extracting features complete in 0m 3s
Distance computing in 0m 0s
Results ---------------------------------------------------
top1:20.2% top5:43.4% top10:55.5% top20:66.9% mAP:25.1%
-----------------------------------------------------------
Using 0m 0s
Classifier results ---------------------------------------------------
Query acc: 26.1% Gallery acc: 100.0% Total acc: 57.5%
ReID Classifier results ---------------------------------------------------
Query acc: 28.0% Gallery acc: 99.9% Total acc: 58.5%
Jump TSNE in test
==========Test with latent_z: new_z =========
Extracted features for query set, obtained torch.Size([2709, 1280]) matrix
Extracted features for gallery set, obtained torch.Size([2000, 1280]) matrix
Extracting features complete in 0m 3s
Distance computing in 0m 0s
Results ---------------------------------------------------
top1:25.4% top5:50.2% top10:62.1% top20:73.1% mAP:30.8%
-----------------------------------------------------------
Using 0m 0s
Classifier results ---------------------------------------------------
Query acc: 26.1% Gallery acc: 100.0% Total acc: 57.5%
ReID Classifier results ---------------------------------------------------
Query acc: 28.0% Gallery acc: 99.9% Total acc: 58.5%
Epoch:16 Time:5.3 Data:0.0 Loss:194.8687 Cls Loss:0.1001 Cls reid Loss:1.3642 Pair Loss:0.1428 Center Loss:193.2616 KL Loss:176.8927 Recon Loss:0.1821 Acc:0.9972 Acc ReID:0.9922 
Epoch:17 Time:5.4 Data:0.0 Loss:172.7009 Cls Loss:0.0906 Cls reid Loss:1.2127 Pair Loss:0.1417 Center Loss:171.2559 KL Loss:176.7915 Recon Loss:0.1821 Acc:0.9980 Acc ReID:0.9929 
Epoch:18 Time:5.5 Data:0.0 Loss:152.9878 Cls Loss:0.0838 Cls reid Loss:1.0788 Pair Loss:0.1379 Center Loss:151.6873 KL Loss:176.5673 Recon Loss:0.1821 Acc:0.9982 Acc ReID:0.9950 
Epoch:19 Time:5.6 Data:0.0 Loss:135.6803 Cls Loss:0.0788 Cls reid Loss:0.9809 Pair Loss:0.1356 Center Loss:134.4849 KL Loss:176.1626 Recon Loss:0.1821 Acc:0.9982 Acc ReID:0.9960 
Epoch:20 Time:5.7 Data:0.0 Loss:120.5855 Cls Loss:0.0738 Cls reid Loss:0.8903 Pair Loss:0.1370 Center Loss:119.4844 KL Loss:176.0601 Recon Loss:0.1821 Acc:0.9982 Acc ReID:0.9960 
=> Test at epoch 20
==========Test with latent_z: z_c =========
Extracted features for query set, obtained torch.Size([2709, 128]) matrix
Extracted features for gallery set, obtained torch.Size([2000, 128]) matrix
Extracting features complete in 0m 4s
Distance computing in 0m 0s
Results ---------------------------------------------------
top1:20.2% top5:43.4% top10:55.5% top20:66.9% mAP:25.1%
-----------------------------------------------------------
Using 0m 0s
Classifier results ---------------------------------------------------
Query acc: 25.8% Gallery acc: 100.0% Total acc: 57.3%
ReID Classifier results ---------------------------------------------------
Query acc: 29.6% Gallery acc: 99.9% Total acc: 59.5%
Jump TSNE in test
==========Test with latent_z: new_z =========
Extracted features for query set, obtained torch.Size([2709, 1280]) matrix
Extracted features for gallery set, obtained torch.Size([2000, 1280]) matrix
Extracting features complete in 0m 3s
Distance computing in 0m 0s
Results ---------------------------------------------------
top1:26.1% top5:51.1% top10:62.5% top20:73.9% mAP:31.6%
-----------------------------------------------------------
Using 0m 0s
Classifier results ---------------------------------------------------
Query acc: 25.8% Gallery acc: 100.0% Total acc: 57.3%
ReID Classifier results ---------------------------------------------------
Query acc: 29.6% Gallery acc: 99.9% Total acc: 59.5%
Epoch:21 Time:6.4 Data:0.0 Loss:107.1036 Cls Loss:0.0685 Cls reid Loss:0.8212 Pair Loss:0.1289 Center Loss:106.0850 KL Loss:175.7115 Recon Loss:0.1821 Acc:0.9995 Acc ReID:0.9977 
Epoch:22 Time:5.7 Data:0.0 Loss:95.2754 Cls Loss:0.0653 Cls reid Loss:0.7683 Pair Loss:0.1315 Center Loss:94.3103 KL Loss:175.4145 Recon Loss:0.1821 Acc:0.9995 Acc ReID:0.9980 
Epoch:23 Time:5.6 Data:0.0 Loss:84.9490 Cls Loss:0.0641 Cls reid Loss:0.7156 Pair Loss:0.1333 Center Loss:84.0360 KL Loss:175.2876 Recon Loss:0.1821 Acc:0.9992 Acc ReID:0.9980 
Epoch:24 Time:6.0 Data:0.0 Loss:75.6996 Cls Loss:0.0611 Cls reid Loss:0.6716 Pair Loss:0.1289 Center Loss:74.8380 KL Loss:175.0489 Recon Loss:0.1821 Acc:0.9992 Acc ReID:0.9975 
Epoch:25 Time:6.3 Data:0.0 Loss:67.7394 Cls Loss:0.0593 Cls reid Loss:0.6350 Pair Loss:0.1301 Center Loss:66.9149 KL Loss:175.0494 Recon Loss:0.1821 Acc:0.9987 Acc ReID:0.9985 
=> Test at epoch 25
==========Test with latent_z: z_c =========
Extracted features for query set, obtained torch.Size([2709, 128]) matrix
Extracted features for gallery set, obtained torch.Size([2000, 128]) matrix
Extracting features complete in 0m 4s
Distance computing in 0m 0s
Results ---------------------------------------------------
top1:20.2% top5:43.4% top10:55.5% top20:66.9% mAP:25.1%
-----------------------------------------------------------
Using 0m 0s
Classifier results ---------------------------------------------------
Query acc: 26.1% Gallery acc: 100.0% Total acc: 57.5%
ReID Classifier results ---------------------------------------------------
Query acc: 29.3% Gallery acc: 100.0% Total acc: 59.3%
Jump TSNE in test
==========Test with latent_z: new_z =========
Extracted features for query set, obtained torch.Size([2709, 1280]) matrix
Extracted features for gallery set, obtained torch.Size([2000, 1280]) matrix
Extracting features complete in 0m 3s
Distance computing in 0m 0s
Results ---------------------------------------------------
top1:26.7% top5:51.8% top10:62.5% top20:74.4% mAP:32.0%
-----------------------------------------------------------
Using 0m 0s
Classifier results ---------------------------------------------------
Query acc: 26.1% Gallery acc: 100.0% Total acc: 57.5%
ReID Classifier results ---------------------------------------------------
Query acc: 29.3% Gallery acc: 100.0% Total acc: 59.3%
Epoch:26 Time:6.3 Data:0.0 Loss:60.4732 Cls Loss:0.0569 Cls reid Loss:0.6099 Pair Loss:0.1283 Center Loss:59.6780 KL Loss:174.5541 Recon Loss:0.1822 Acc:0.9992 Acc ReID:0.9982 
Epoch:27 Time:5.3 Data:0.0 Loss:54.1660 Cls Loss:0.0550 Cls reid Loss:0.5835 Pair Loss:0.1284 Center Loss:53.3991 KL Loss:174.4748 Recon Loss:0.1821 Acc:0.9990 Acc ReID:0.9977 
Epoch:28 Time:5.8 Data:0.0 Loss:48.6608 Cls Loss:0.0536 Cls reid Loss:0.5654 Pair Loss:0.1241 Center Loss:47.9178 KL Loss:174.1577 Recon Loss:0.1822 Acc:0.9995 Acc ReID:0.9987 
Epoch:29 Time:5.5 Data:0.0 Loss:43.7001 Cls Loss:0.0521 Cls reid Loss:0.5458 Pair Loss:0.1236 Center Loss:42.9786 KL Loss:173.8120 Recon Loss:0.1821 Acc:0.9990 Acc ReID:0.9985 
Epoch:30 Time:5.7 Data:0.0 Loss:39.2805 Cls Loss:0.0515 Cls reid Loss:0.5305 Pair Loss:0.1196 Center Loss:38.5788 KL Loss:173.5939 Recon Loss:0.1821 Acc:0.9987 Acc ReID:0.9987 
=> Test at epoch 30
==========Test with latent_z: z_c =========
Extracted features for query set, obtained torch.Size([2709, 128]) matrix
Extracted features for gallery set, obtained torch.Size([2000, 128]) matrix
Extracting features complete in 0m 4s
Distance computing in 0m 0s
Results ---------------------------------------------------
top1:20.2% top5:43.4% top10:55.5% top20:66.9% mAP:25.1%
-----------------------------------------------------------
Using 0m 0s
Classifier results ---------------------------------------------------
Query acc: 25.5% Gallery acc: 100.0% Total acc: 57.1%
ReID Classifier results ---------------------------------------------------
Query acc: 29.1% Gallery acc: 100.0% Total acc: 59.2%
Jump TSNE in test
==========Test with latent_z: new_z =========
Extracted features for query set, obtained torch.Size([2709, 1280]) matrix
Extracted features for gallery set, obtained torch.Size([2000, 1280]) matrix
Extracting features complete in 0m 3s
Distance computing in 0m 0s
Results ---------------------------------------------------
top1:26.5% top5:51.6% top10:62.9% top20:74.5% mAP:32.1%
-----------------------------------------------------------
Using 0m 0s
Classifier results ---------------------------------------------------
Query acc: 25.5% Gallery acc: 100.0% Total acc: 57.1%
ReID Classifier results ---------------------------------------------------
Query acc: 29.1% Gallery acc: 100.0% Total acc: 59.2%
Epoch:31 Time:6.3 Data:0.0 Loss:35.5254 Cls Loss:0.0528 Cls reid Loss:0.5252 Pair Loss:0.1235 Center Loss:34.8239 KL Loss:173.4531 Recon Loss:0.1822 Acc:0.9987 Acc ReID:0.9982 
Epoch:32 Time:5.5 Data:0.0 Loss:32.1176 Cls Loss:0.0495 Cls reid Loss:0.5063 Pair Loss:0.1228 Center Loss:31.4390 KL Loss:172.9553 Recon Loss:0.1821 Acc:0.9992 Acc ReID:0.9987 
Epoch:33 Time:5.6 Data:0.0 Loss:29.0026 Cls Loss:0.0490 Cls reid Loss:0.4958 Pair Loss:0.1217 Center Loss:28.3361 KL Loss:172.9365 Recon Loss:0.1821 Acc:0.9995 Acc ReID:0.9987 
Epoch:34 Time:5.6 Data:0.0 Loss:26.3765 Cls Loss:0.0502 Cls reid Loss:0.4874 Pair Loss:0.1154 Center Loss:25.7235 KL Loss:172.5189 Recon Loss:0.1821 Acc:0.9990 Acc ReID:0.9987 
Epoch:35 Time:5.6 Data:0.0 Loss:23.9114 Cls Loss:0.0471 Cls reid Loss:0.4845 Pair Loss:0.1213 Center Loss:23.2585 KL Loss:172.3552 Recon Loss:0.1821 Acc:0.9987 Acc ReID:0.9987 
=> Test at epoch 35
==========Test with latent_z: z_c =========
Extracted features for query set, obtained torch.Size([2709, 128]) matrix
Extracted features for gallery set, obtained torch.Size([2000, 128]) matrix
Extracting features complete in 0m 3s
Distance computing in 0m 0s
Results ---------------------------------------------------
top1:20.2% top5:43.4% top10:55.5% top20:66.9% mAP:25.1%
-----------------------------------------------------------
Using 0m 0s
Classifier results ---------------------------------------------------
Query acc: 25.7% Gallery acc: 100.0% Total acc: 57.2%
ReID Classifier results ---------------------------------------------------
Query acc: 29.9% Gallery acc: 100.0% Total acc: 59.7%
Jump TSNE in test
==========Test with latent_z: new_z =========
Extracted features for query set, obtained torch.Size([2709, 1280]) matrix
Extracted features for gallery set, obtained torch.Size([2000, 1280]) matrix
Extracting features complete in 0m 3s
Distance computing in 0m 0s
Results ---------------------------------------------------
top1:27.9% top5:52.0% top10:63.2% top20:74.8% mAP:32.8%
-----------------------------------------------------------
Using 0m 0s
Classifier results ---------------------------------------------------
Query acc: 25.7% Gallery acc: 100.0% Total acc: 57.2%
ReID Classifier results ---------------------------------------------------
Query acc: 29.9% Gallery acc: 100.0% Total acc: 59.7%
Epoch:36 Time:6.0 Data:0.0 Loss:21.7926 Cls Loss:0.0497 Cls reid Loss:0.4825 Pair Loss:0.1139 Center Loss:21.1465 KL Loss:172.1365 Recon Loss:0.1822 Acc:0.9985 Acc ReID:0.9987 
Epoch:37 Time:5.1 Data:0.0 Loss:19.9196 Cls Loss:0.0582 Cls reid Loss:0.4726 Pair Loss:0.1210 Center Loss:19.2677 KL Loss:171.8740 Recon Loss:0.1822 Acc:0.9962 Acc ReID:0.9987 
Epoch:38 Time:5.5 Data:0.0 Loss:18.2315 Cls Loss:0.0630 Cls reid Loss:0.4719 Pair Loss:0.1144 Center Loss:17.5822 KL Loss:171.7334 Recon Loss:0.1822 Acc:0.9945 Acc ReID:0.9987 
Epoch:39 Time:5.7 Data:0.0 Loss:16.7325 Cls Loss:0.0773 Cls reid Loss:0.4701 Pair Loss:0.1116 Center Loss:16.0736 KL Loss:171.3088 Recon Loss:0.1821 Acc:0.9909 Acc ReID:0.9987 
Epoch:40 Time:5.6 Data:0.0 Loss:15.4181 Cls Loss:0.0817 Cls reid Loss:0.4638 Pair Loss:0.1135 Center Loss:14.7591 KL Loss:171.1805 Recon Loss:0.1821 Acc:0.9914 Acc ReID:0.9982 
=> Test at epoch 40
==========Test with latent_z: z_c =========
Extracted features for query set, obtained torch.Size([2709, 128]) matrix
Extracted features for gallery set, obtained torch.Size([2000, 128]) matrix
Extracting features complete in 0m 4s
Distance computing in 0m 0s
Results ---------------------------------------------------
top1:20.2% top5:43.4% top10:55.5% top20:66.9% mAP:25.1%
-----------------------------------------------------------
Using 0m 0s
Classifier results ---------------------------------------------------
Query acc: 25.2% Gallery acc: 99.8% Total acc: 56.9%
ReID Classifier results ---------------------------------------------------
Query acc: 29.2% Gallery acc: 100.0% Total acc: 59.3%
Jump TSNE in test
==========Test with latent_z: new_z =========
Extracted features for query set, obtained torch.Size([2709, 1280]) matrix
Extracted features for gallery set, obtained torch.Size([2000, 1280]) matrix
Extracting features complete in 0m 3s
Distance computing in 0m 0s
Results ---------------------------------------------------
top1:27.4% top5:51.9% top10:63.3% top20:75.0% mAP:32.9%
-----------------------------------------------------------
Using 0m 0s
Classifier results ---------------------------------------------------
Query acc: 25.2% Gallery acc: 99.8% Total acc: 56.9%
ReID Classifier results ---------------------------------------------------
Query acc: 29.2% Gallery acc: 100.0% Total acc: 59.3%
Epoch:41 Time:6.3 Data:0.0 Loss:14.2326 Cls Loss:0.0618 Cls reid Loss:0.4627 Pair Loss:0.1155 Center Loss:13.5926 KL Loss:170.6397 Recon Loss:0.1822 Acc:0.9945 Acc ReID:0.9985 
Epoch:42 Time:5.8 Data:0.0 Loss:13.1422 Cls Loss:0.0552 Cls reid Loss:0.4621 Pair Loss:0.1173 Center Loss:12.5076 KL Loss:170.5236 Recon Loss:0.1821 Acc:0.9955 Acc ReID:0.9992 
Epoch:43 Time:5.5 Data:0.0 Loss:12.1218 Cls Loss:0.0482 Cls reid Loss:0.4576 Pair Loss:0.1119 Center Loss:11.5042 KL Loss:170.3899 Recon Loss:0.1822 Acc:0.9980 Acc ReID:0.9985 
Epoch:44 Time:5.8 Data:0.0 Loss:11.3471 Cls Loss:0.0636 Cls reid Loss:0.4616 Pair Loss:0.1132 Center Loss:10.7087 KL Loss:170.1347 Recon Loss:0.1822 Acc:0.9934 Acc ReID:0.9990 
Epoch:45 Time:5.3 Data:0.0 Loss:10.5827 Cls Loss:0.0627 Cls reid Loss:0.4575 Pair Loss:0.1118 Center Loss:9.9508 KL Loss:169.8329 Recon Loss:0.1821 Acc:0.9950 Acc ReID:0.9990 
=> Test at epoch 45
==========Test with latent_z: z_c =========
Extracted features for query set, obtained torch.Size([2709, 128]) matrix
Extracted features for gallery set, obtained torch.Size([2000, 128]) matrix
Extracting features complete in 0m 4s
Distance computing in 0m 0s
Results ---------------------------------------------------
top1:20.2% top5:43.4% top10:55.5% top20:66.9% mAP:25.1%
-----------------------------------------------------------
Using 0m 0s
Classifier results ---------------------------------------------------
Query acc: 25.2% Gallery acc: 100.0% Total acc: 56.9%
ReID Classifier results ---------------------------------------------------
Query acc: 30.2% Gallery acc: 100.0% Total acc: 59.8%
Jump TSNE in test
==========Test with latent_z: new_z =========
Extracted features for query set, obtained torch.Size([2709, 1280]) matrix
Extracted features for gallery set, obtained torch.Size([2000, 1280]) matrix
Extracting features complete in 0m 3s
Distance computing in 0m 0s
Results ---------------------------------------------------
top1:27.7% top5:52.5% top10:64.0% top20:75.1% mAP:33.1%
-----------------------------------------------------------
Using 0m 0s
Classifier results ---------------------------------------------------
Query acc: 25.2% Gallery acc: 100.0% Total acc: 56.9%
ReID Classifier results ---------------------------------------------------
Query acc: 30.2% Gallery acc: 100.0% Total acc: 59.8%
Epoch:46 Time:6.2 Data:0.0 Loss:9.9320 Cls Loss:0.0472 Cls reid Loss:0.4551 Pair Loss:0.1130 Center Loss:9.3168 KL Loss:169.5718 Recon Loss:0.1822 Acc:0.9975 Acc ReID:0.9990 
Epoch:47 Time:5.4 Data:0.0 Loss:9.2451 Cls Loss:0.0612 Cls reid Loss:0.4580 Pair Loss:0.1148 Center Loss:8.6110 KL Loss:169.4139 Recon Loss:0.1821 Acc:0.9934 Acc ReID:0.9990 
Epoch:48 Time:5.5 Data:0.0 Loss:8.7282 Cls Loss:0.1441 Cls reid Loss:0.4603 Pair Loss:0.1110 Center Loss:8.0128 KL Loss:168.9923 Recon Loss:0.1821 Acc:0.9738 Acc ReID:0.9987 
Epoch:49 Time:5.4 Data:0.0 Loss:8.4906 Cls Loss:0.3233 Cls reid Loss:0.4584 Pair Loss:0.1115 Center Loss:7.5974 KL Loss:168.8267 Recon Loss:0.1821 Acc:0.9466 Acc ReID:0.9985 
Epoch:50 Time:5.8 Data:0.0 Loss:8.0012 Cls Loss:0.3541 Cls reid Loss:0.4631 Pair Loss:0.1139 Center Loss:7.0700 KL Loss:168.6535 Recon Loss:0.1821 Acc:0.9393 Acc ReID:0.9987 
=> Test at epoch 50
==========Test with latent_z: z_c =========
Extracted features for query set, obtained torch.Size([2709, 128]) matrix
Extracted features for gallery set, obtained torch.Size([2000, 128]) matrix
Extracting features complete in 0m 4s
Distance computing in 0m 0s
Results ---------------------------------------------------
top1:20.2% top5:43.4% top10:55.5% top20:66.9% mAP:25.1%
-----------------------------------------------------------
Using 0m 0s
Classifier results ---------------------------------------------------
Query acc: 19.4% Gallery acc: 96.9% Total acc: 52.3%
ReID Classifier results ---------------------------------------------------
Query acc: 28.9% Gallery acc: 100.0% Total acc: 59.1%
Jump TSNE in test
==========Test with latent_z: new_z =========
Extracted features for query set, obtained torch.Size([2709, 1280]) matrix
Extracted features for gallery set, obtained torch.Size([2000, 1280]) matrix
Extracting features complete in 0m 3s
Distance computing in 0m 0s
Results ---------------------------------------------------
top1:27.5% top5:51.9% top10:63.5% top20:74.9% mAP:33.0%
-----------------------------------------------------------
Using 0m 0s
Classifier results ---------------------------------------------------
Query acc: 19.4% Gallery acc: 96.9% Total acc: 52.3%
ReID Classifier results ---------------------------------------------------
Query acc: 28.9% Gallery acc: 100.0% Total acc: 59.1%
Epoch:51 Time:6.2 Data:0.0 Loss:7.6135 Cls Loss:0.3272 Cls reid Loss:0.4619 Pair Loss:0.1104 Center Loss:6.7140 KL Loss:168.2028 Recon Loss:0.1821 Acc:0.9282 Acc ReID:0.9985 
Epoch:52 Time:5.6 Data:0.0 Loss:7.2806 Cls Loss:0.3868 Cls reid Loss:0.4607 Pair Loss:0.1063 Center Loss:6.3268 KL Loss:168.1969 Recon Loss:0.1821 Acc:0.9156 Acc ReID:0.9995 
Epoch:53 Time:5.7 Data:0.0 Loss:7.0240 Cls Loss:0.4968 Cls reid Loss:0.4618 Pair Loss:0.1115 Center Loss:5.9539 KL Loss:167.8694 Recon Loss:0.1822 Acc:0.8884 Acc ReID:0.9987 
Epoch:54 Time:5.5 Data:0.0 Loss:6.6876 Cls Loss:0.4323 Cls reid Loss:0.4634 Pair Loss:0.1148 Center Loss:5.6771 KL Loss:167.5078 Recon Loss:0.1821 Acc:0.8952 Acc ReID:0.9980 
Epoch:55 Time:5.5 Data:0.0 Loss:6.2878 Cls Loss:0.3109 Cls reid Loss:0.4634 Pair Loss:0.1092 Center Loss:5.4042 KL Loss:167.3934 Recon Loss:0.1822 Acc:0.9221 Acc ReID:0.9990 
=> Test at epoch 55
==========Test with latent_z: z_c =========
Extracted features for query set, obtained torch.Size([2709, 128]) matrix
Extracted features for gallery set, obtained torch.Size([2000, 128]) matrix
Extracting features complete in 0m 4s
Distance computing in 0m 0s
Results ---------------------------------------------------
top1:20.2% top5:43.4% top10:55.5% top20:66.9% mAP:25.1%
-----------------------------------------------------------
Using 0m 0s
Classifier results ---------------------------------------------------
Query acc: 19.9% Gallery acc: 97.0% Total acc: 52.6%
ReID Classifier results ---------------------------------------------------
Query acc: 29.6% Gallery acc: 100.0% Total acc: 59.5%
Jump TSNE in test
==========Test with latent_z: new_z =========
Extracted features for query set, obtained torch.Size([2709, 1280]) matrix
Extracted features for gallery set, obtained torch.Size([2000, 1280]) matrix
Extracting features complete in 0m 3s
Distance computing in 0m 0s
Results ---------------------------------------------------
top1:27.9% top5:51.9% top10:63.6% top20:74.9% mAP:33.2%
-----------------------------------------------------------
Using 0m 0s
Classifier results ---------------------------------------------------
Query acc: 19.9% Gallery acc: 97.0% Total acc: 52.6%
ReID Classifier results ---------------------------------------------------
Query acc: 29.6% Gallery acc: 100.0% Total acc: 59.5%
Epoch:56 Time:6.3 Data:0.0 Loss:5.9318 Cls Loss:0.1806 Cls reid Loss:0.4662 Pair Loss:0.1108 Center Loss:5.1742 KL Loss:167.1614 Recon Loss:0.1821 Acc:0.9531 Acc ReID:0.9990 
Epoch:57 Time:5.5 Data:0.0 Loss:5.6355 Cls Loss:0.1393 Cls reid Loss:0.4677 Pair Loss:0.1091 Center Loss:4.9195 KL Loss:167.1282 Recon Loss:0.1822 Acc:0.9688 Acc ReID:0.9990 
Epoch:58 Time:5.7 Data:0.0 Loss:5.4636 Cls Loss:0.1050 Cls reid Loss:0.4693 Pair Loss:0.1111 Center Loss:4.7782 KL Loss:166.6861 Recon Loss:0.1821 Acc:0.9786 Acc ReID:0.9987 
Epoch:59 Time:5.8 Data:0.0 Loss:5.1698 Cls Loss:0.0507 Cls reid Loss:0.4681 Pair Loss:0.1132 Center Loss:4.5377 KL Loss:166.3619 Recon Loss:0.1822 Acc:0.9892 Acc ReID:0.9985 
Epoch:60 Time:5.7 Data:0.0 Loss:4.9873 Cls Loss:0.0386 Cls reid Loss:0.4717 Pair Loss:0.1107 Center Loss:4.3662 KL Loss:166.2745 Recon Loss:0.1822 Acc:0.9922 Acc ReID:0.9985 
=> Test at epoch 60
==========Test with latent_z: z_c =========
Extracted features for query set, obtained torch.Size([2709, 128]) matrix
Extracted features for gallery set, obtained torch.Size([2000, 128]) matrix
Extracting features complete in 0m 4s
Distance computing in 0m 0s
Results ---------------------------------------------------
top1:20.2% top5:43.4% top10:55.5% top20:66.9% mAP:25.1%
-----------------------------------------------------------
Using 0m 0s
Classifier results ---------------------------------------------------
Query acc: 22.7% Gallery acc: 99.8% Total acc: 55.4%
ReID Classifier results ---------------------------------------------------
Query acc: 29.6% Gallery acc: 100.0% Total acc: 59.5%
Jump TSNE in test
==========Test with latent_z: new_z =========
Extracted features for query set, obtained torch.Size([2709, 1280]) matrix
Extracted features for gallery set, obtained torch.Size([2000, 1280]) matrix
Extracting features complete in 0m 3s
Distance computing in 0m 0s
Results ---------------------------------------------------
top1:27.7% top5:51.8% top10:63.5% top20:74.9% mAP:33.1%
-----------------------------------------------------------
Using 0m 0s
Classifier results ---------------------------------------------------
Query acc: 22.7% Gallery acc: 99.8% Total acc: 55.4%
ReID Classifier results ---------------------------------------------------
Query acc: 29.6% Gallery acc: 100.0% Total acc: 59.5%
Epoch:61 Time:6.2 Data:0.0 Loss:4.0635 Cls Loss:0.0156 Cls reid Loss:0.3979 Pair Loss:0.1091 Center Loss:3.5409 KL Loss:165.8262 Recon Loss:0.1822 Acc:0.9972 Acc ReID:0.9992 
Epoch:62 Time:5.2 Data:0.0 Loss:3.8853 Cls Loss:0.0092 Cls reid Loss:0.4034 Pair Loss:0.1066 Center Loss:3.3661 KL Loss:165.3506 Recon Loss:0.1822 Acc:0.9995 Acc ReID:0.9995 
Epoch:63 Time:5.5 Data:0.0 Loss:3.8601 Cls Loss:0.0083 Cls reid Loss:0.4059 Pair Loss:0.1068 Center Loss:3.3392 KL Loss:165.4604 Recon Loss:0.1821 Acc:0.9992 Acc ReID:0.9997 
Epoch:64 Time:5.6 Data:0.0 Loss:3.8509 Cls Loss:0.0077 Cls reid Loss:0.4087 Pair Loss:0.1106 Center Loss:3.3239 KL Loss:165.0023 Recon Loss:0.1821 Acc:0.9995 Acc ReID:0.9995 
Epoch:65 Time:5.9 Data:0.0 Loss:3.8261 Cls Loss:0.0075 Cls reid Loss:0.4092 Pair Loss:0.1047 Center Loss:3.3047 KL Loss:164.7410 Recon Loss:0.1821 Acc:0.9995 Acc ReID:0.9992 
=> Test at epoch 65
==========Test with latent_z: z_c =========
Extracted features for query set, obtained torch.Size([2709, 128]) matrix
Extracted features for gallery set, obtained torch.Size([2000, 128]) matrix
Extracting features complete in 0m 4s
Distance computing in 0m 0s
Results ---------------------------------------------------
top1:20.2% top5:43.4% top10:55.5% top20:66.9% mAP:25.1%
-----------------------------------------------------------
Using 0m 0s
Classifier results ---------------------------------------------------
Query acc: 24.7% Gallery acc: 100.0% Total acc: 56.7%
ReID Classifier results ---------------------------------------------------
Query acc: 30.4% Gallery acc: 100.0% Total acc: 60.0%
Jump TSNE in test
==========Test with latent_z: new_z =========
Extracted features for query set, obtained torch.Size([2709, 1280]) matrix
Extracted features for gallery set, obtained torch.Size([2000, 1280]) matrix
Extracting features complete in 0m 3s
Distance computing in 0m 0s
Results ---------------------------------------------------
top1:28.0% top5:52.0% top10:63.8% top20:74.9% mAP:33.5%
-----------------------------------------------------------
Using 0m 0s
Classifier results ---------------------------------------------------
Query acc: 24.7% Gallery acc: 100.0% Total acc: 56.7%
ReID Classifier results ---------------------------------------------------
Query acc: 30.4% Gallery acc: 100.0% Total acc: 60.0%
Epoch:66 Time:6.1 Data:0.0 Loss:3.8150 Cls Loss:0.0073 Cls reid Loss:0.4136 Pair Loss:0.1041 Center Loss:3.2901 KL Loss:164.6533 Recon Loss:0.1821 Acc:0.9992 Acc ReID:0.9990 
Epoch:67 Time:5.7 Data:0.0 Loss:3.8032 Cls Loss:0.0072 Cls reid Loss:0.4127 Pair Loss:0.1052 Center Loss:3.2781 KL Loss:164.3568 Recon Loss:0.1821 Acc:0.9992 Acc ReID:0.9995 
Epoch:68 Time:5.6 Data:0.0 Loss:3.7826 Cls Loss:0.0072 Cls reid Loss:0.4126 Pair Loss:0.0999 Center Loss:3.2629 KL Loss:163.9941 Recon Loss:0.1821 Acc:0.9990 Acc ReID:0.9995 
Epoch:69 Time:5.5 Data:0.0 Loss:3.7766 Cls Loss:0.0072 Cls reid Loss:0.4147 Pair Loss:0.1065 Center Loss:3.2482 KL Loss:163.7853 Recon Loss:0.1821 Acc:0.9992 Acc ReID:0.9992 
Epoch:70 Time:5.5 Data:0.0 Loss:3.7557 Cls Loss:0.0071 Cls reid Loss:0.4154 Pair Loss:0.1025 Center Loss:3.2307 KL Loss:163.7553 Recon Loss:0.1821 Acc:0.9990 Acc ReID:0.9990 
=> Test at epoch 70
==========Test with latent_z: z_c =========
Extracted features for query set, obtained torch.Size([2709, 128]) matrix
Extracted features for gallery set, obtained torch.Size([2000, 128]) matrix
Extracting features complete in 0m 4s
Distance computing in 0m 0s
Results ---------------------------------------------------
top1:20.2% top5:43.4% top10:55.5% top20:66.9% mAP:25.1%
-----------------------------------------------------------
Using 0m 0s
Classifier results ---------------------------------------------------
Query acc: 24.9% Gallery acc: 100.0% Total acc: 56.8%
ReID Classifier results ---------------------------------------------------
Query acc: 30.2% Gallery acc: 100.0% Total acc: 59.8%
Jump TSNE in test
==========Test with latent_z: new_z =========
Extracted features for query set, obtained torch.Size([2709, 1280]) matrix
Extracted features for gallery set, obtained torch.Size([2000, 1280]) matrix
Extracting features complete in 0m 3s
Distance computing in 0m 0s
Results ---------------------------------------------------
top1:27.9% top5:51.7% top10:63.6% top20:74.9% mAP:33.4%
-----------------------------------------------------------
Using 0m 0s
Classifier results ---------------------------------------------------
Query acc: 24.9% Gallery acc: 100.0% Total acc: 56.8%
ReID Classifier results ---------------------------------------------------
Query acc: 30.2% Gallery acc: 100.0% Total acc: 59.8%
Epoch:71 Time:5.8 Data:0.0 Loss:3.7483 Cls Loss:0.0071 Cls reid Loss:0.4162 Pair Loss:0.1033 Center Loss:3.2217 KL Loss:163.3495 Recon Loss:0.1821 Acc:0.9995 Acc ReID:0.9995 
Epoch:72 Time:5.4 Data:0.0 Loss:3.7379 Cls Loss:0.0072 Cls reid Loss:0.4157 Pair Loss:0.1047 Center Loss:3.2102 KL Loss:163.1888 Recon Loss:0.1821 Acc:0.9995 Acc ReID:0.9990 
Epoch:73 Time:5.7 Data:0.0 Loss:3.7204 Cls Loss:0.0072 Cls reid Loss:0.4187 Pair Loss:0.1005 Center Loss:3.1940 KL Loss:162.9151 Recon Loss:0.1822 Acc:0.9995 Acc ReID:0.9992 
Epoch:74 Time:5.7 Data:0.0 Loss:3.7078 Cls Loss:0.0073 Cls reid Loss:0.4174 Pair Loss:0.1031 Center Loss:3.1800 KL Loss:162.6588 Recon Loss:0.1821 Acc:0.9990 Acc ReID:0.9992 
Epoch:75 Time:5.8 Data:0.0 Loss:3.7013 Cls Loss:0.0073 Cls reid Loss:0.4194 Pair Loss:0.1050 Center Loss:3.1695 KL Loss:162.3288 Recon Loss:0.1821 Acc:0.9990 Acc ReID:0.9992 
=> Test at epoch 75
==========Test with latent_z: z_c =========
Extracted features for query set, obtained torch.Size([2709, 128]) matrix
Extracted features for gallery set, obtained torch.Size([2000, 128]) matrix
Extracting features complete in 0m 3s
Distance computing in 0m 0s
Results ---------------------------------------------------
top1:20.2% top5:43.4% top10:55.5% top20:66.9% mAP:25.1%
-----------------------------------------------------------
Using 0m 0s
Classifier results ---------------------------------------------------
Query acc: 25.2% Gallery acc: 100.0% Total acc: 57.0%
ReID Classifier results ---------------------------------------------------
Query acc: 30.3% Gallery acc: 100.0% Total acc: 59.9%
Jump TSNE in test
==========Test with latent_z: new_z =========
Extracted features for query set, obtained torch.Size([2709, 1280]) matrix
Extracted features for gallery set, obtained torch.Size([2000, 1280]) matrix
Extracting features complete in 0m 3s
Distance computing in 0m 0s
Results ---------------------------------------------------
top1:27.9% top5:52.1% top10:63.9% top20:75.0% mAP:33.5%
-----------------------------------------------------------
Using 0m 0s
Classifier results ---------------------------------------------------
Query acc: 25.2% Gallery acc: 100.0% Total acc: 57.0%
ReID Classifier results ---------------------------------------------------
Query acc: 30.3% Gallery acc: 100.0% Total acc: 59.9%
Epoch:76 Time:6.0 Data:0.0 Loss:3.6787 Cls Loss:0.0072 Cls reid Loss:0.4192 Pair Loss:0.0990 Center Loss:3.1533 KL Loss:162.1656 Recon Loss:0.1821 Acc:0.9995 Acc ReID:0.9992 
Epoch:77 Time:5.7 Data:0.0 Loss:3.6719 Cls Loss:0.0074 Cls reid Loss:0.4175 Pair Loss:0.1017 Center Loss:3.1453 KL Loss:161.9591 Recon Loss:0.1822 Acc:0.9990 Acc ReID:0.9990 
Epoch:78 Time:5.7 Data:0.0 Loss:3.6629 Cls Loss:0.0074 Cls reid Loss:0.4198 Pair Loss:0.1061 Center Loss:3.1296 KL Loss:161.6816 Recon Loss:0.1822 Acc:0.9992 Acc ReID:0.9992 
Epoch:79 Time:5.4 Data:0.0 Loss:3.6596 Cls Loss:0.0076 Cls reid Loss:0.4196 Pair Loss:0.1120 Center Loss:3.1204 KL Loss:161.3384 Recon Loss:0.1821 Acc:0.9995 Acc ReID:0.9995 
Epoch:80 Time:5.6 Data:0.0 Loss:3.6392 Cls Loss:0.0075 Cls reid Loss:0.4201 Pair Loss:0.1050 Center Loss:3.1065 KL Loss:161.2688 Recon Loss:0.1822 Acc:0.9992 Acc ReID:0.9992 
=> Test at epoch 80
==========Test with latent_z: z_c =========
Extracted features for query set, obtained torch.Size([2709, 128]) matrix
Extracted features for gallery set, obtained torch.Size([2000, 128]) matrix
Extracting features complete in 0m 4s
Distance computing in 0m 0s
Results ---------------------------------------------------
top1:20.2% top5:43.4% top10:55.5% top20:66.9% mAP:25.1%
-----------------------------------------------------------
Using 0m 0s
Classifier results ---------------------------------------------------
Query acc: 25.2% Gallery acc: 100.0% Total acc: 57.0%
ReID Classifier results ---------------------------------------------------
Query acc: 30.2% Gallery acc: 100.0% Total acc: 59.8%
Jump TSNE in test
==========Test with latent_z: new_z =========
Extracted features for query set, obtained torch.Size([2709, 1280]) matrix
Extracted features for gallery set, obtained torch.Size([2000, 1280]) matrix
Extracting features complete in 0m 3s
Distance computing in 0m 0s
Results ---------------------------------------------------
top1:27.8% top5:52.1% top10:63.8% top20:75.0% mAP:33.4%
-----------------------------------------------------------
Using 0m 0s
Classifier results ---------------------------------------------------
Query acc: 25.2% Gallery acc: 100.0% Total acc: 57.0%
ReID Classifier results ---------------------------------------------------
Query acc: 30.2% Gallery acc: 100.0% Total acc: 59.8%
Epoch:81 Time:6.4 Data:0.0 Loss:3.6249 Cls Loss:0.0075 Cls reid Loss:0.4196 Pair Loss:0.1049 Center Loss:3.0930 KL Loss:160.8972 Recon Loss:0.1821 Acc:0.9995 Acc ReID:0.9992 
Epoch:82 Time:5.5 Data:0.0 Loss:3.6151 Cls Loss:0.0078 Cls reid Loss:0.4203 Pair Loss:0.1037 Center Loss:3.0833 KL Loss:160.8987 Recon Loss:0.1821 Acc:0.9995 Acc ReID:0.9995 
Epoch:83 Time:5.5 Data:0.0 Loss:3.6051 Cls Loss:0.0078 Cls reid Loss:0.4213 Pair Loss:0.1027 Center Loss:3.0733 KL Loss:160.8805 Recon Loss:0.1821 Acc:0.9992 Acc ReID:0.9997 
Epoch:84 Time:5.9 Data:0.0 Loss:3.5930 Cls Loss:0.0079 Cls reid Loss:0.4207 Pair Loss:0.1084 Center Loss:3.0560 KL Loss:160.9476 Recon Loss:0.1821 Acc:0.9992 Acc ReID:0.9995 
Epoch:85 Time:5.7 Data:0.0 Loss:3.5809 Cls Loss:0.0080 Cls reid Loss:0.4207 Pair Loss:0.1031 Center Loss:3.0491 KL Loss:160.9651 Recon Loss:0.1822 Acc:0.9990 Acc ReID:0.9990 
=> Test at epoch 85
==========Test with latent_z: z_c =========
Extracted features for query set, obtained torch.Size([2709, 128]) matrix
Extracted features for gallery set, obtained torch.Size([2000, 128]) matrix
Extracting features complete in 0m 4s
Distance computing in 0m 0s
Results ---------------------------------------------------
top1:20.2% top5:43.4% top10:55.5% top20:66.9% mAP:25.1%
-----------------------------------------------------------
Using 0m 0s
Classifier results ---------------------------------------------------
Query acc: 25.2% Gallery acc: 100.0% Total acc: 57.0%
ReID Classifier results ---------------------------------------------------
Query acc: 30.2% Gallery acc: 100.0% Total acc: 59.9%
Jump TSNE in test
==========Test with latent_z: new_z =========
Extracted features for query set, obtained torch.Size([2709, 1280]) matrix
Extracted features for gallery set, obtained torch.Size([2000, 1280]) matrix
Extracting features complete in 0m 3s
Distance computing in 0m 0s
Results ---------------------------------------------------
top1:27.9% top5:52.0% top10:63.5% top20:74.8% mAP:33.5%
-----------------------------------------------------------
Using 0m 0s
Classifier results ---------------------------------------------------
Query acc: 25.2% Gallery acc: 100.0% Total acc: 57.0%
ReID Classifier results ---------------------------------------------------
Query acc: 30.2% Gallery acc: 100.0% Total acc: 59.9%
Epoch:86 Time:6.1 Data:0.0 Loss:3.5706 Cls Loss:0.0081 Cls reid Loss:0.4198 Pair Loss:0.1061 Center Loss:3.0367 KL Loss:160.8144 Recon Loss:0.1821 Acc:0.9992 Acc ReID:0.9992 
Epoch:87 Time:5.6 Data:0.0 Loss:3.5606 Cls Loss:0.0082 Cls reid Loss:0.4216 Pair Loss:0.1091 Center Loss:3.0217 KL Loss:160.8420 Recon Loss:0.1821 Acc:0.9990 Acc ReID:0.9995 
Epoch:88 Time:5.6 Data:0.0 Loss:3.5461 Cls Loss:0.0084 Cls reid Loss:0.4197 Pair Loss:0.1028 Center Loss:3.0151 KL Loss:160.5654 Recon Loss:0.1821 Acc:0.9992 Acc ReID:0.9990 
Epoch:89 Time:5.4 Data:0.0 Loss:3.5396 Cls Loss:0.0085 Cls reid Loss:0.4214 Pair Loss:0.1066 Center Loss:3.0032 KL Loss:160.7996 Recon Loss:0.1822 Acc:0.9995 Acc ReID:0.9990 
Epoch:90 Time:5.5 Data:0.0 Loss:3.5307 Cls Loss:0.0086 Cls reid Loss:0.4221 Pair Loss:0.1059 Center Loss:2.9942 KL Loss:161.0623 Recon Loss:0.1822 Acc:0.9995 Acc ReID:0.9995 
=> Test at epoch 90
==========Test with latent_z: z_c =========
Extracted features for query set, obtained torch.Size([2709, 128]) matrix
Extracted features for gallery set, obtained torch.Size([2000, 128]) matrix
Extracting features complete in 0m 4s
Distance computing in 0m 0s
Results ---------------------------------------------------
top1:20.2% top5:43.4% top10:55.5% top20:66.9% mAP:25.1%
-----------------------------------------------------------
Using 0m 0s
Classifier results ---------------------------------------------------
Query acc: 25.2% Gallery acc: 100.0% Total acc: 57.0%
ReID Classifier results ---------------------------------------------------
Query acc: 30.2% Gallery acc: 100.0% Total acc: 59.8%
Jump TSNE in test
==========Test with latent_z: new_z =========
Extracted features for query set, obtained torch.Size([2709, 1280]) matrix
Extracted features for gallery set, obtained torch.Size([2000, 1280]) matrix
Extracting features complete in 0m 3s
Distance computing in 0m 0s
Results ---------------------------------------------------
top1:27.8% top5:52.0% top10:63.5% top20:74.6% mAP:33.4%
-----------------------------------------------------------
Using 0m 0s
Classifier results ---------------------------------------------------
Query acc: 25.2% Gallery acc: 100.0% Total acc: 57.0%
ReID Classifier results ---------------------------------------------------
Query acc: 30.2% Gallery acc: 100.0% Total acc: 59.8%
Epoch:91 Time:6.2 Data:0.0 Loss:3.5199 Cls Loss:0.0085 Cls reid Loss:0.4207 Pair Loss:0.1086 Center Loss:2.9821 KL Loss:160.8375 Recon Loss:0.1821 Acc:0.9995 Acc ReID:0.9992 
Epoch:92 Time:5.6 Data:0.0 Loss:3.5113 Cls Loss:0.0089 Cls reid Loss:0.4212 Pair Loss:0.1064 Center Loss:2.9749 KL Loss:160.8935 Recon Loss:0.1822 Acc:0.9990 Acc ReID:0.9992 
Epoch:93 Time:5.8 Data:0.0 Loss:3.4920 Cls Loss:0.0089 Cls reid Loss:0.4224 Pair Loss:0.1007 Center Loss:2.9601 KL Loss:160.8394 Recon Loss:0.1822 Acc:0.9995 Acc ReID:0.9992 
Epoch:94 Time:5.6 Data:0.0 Loss:3.4863 Cls Loss:0.0092 Cls reid Loss:0.4217 Pair Loss:0.1023 Center Loss:2.9530 KL Loss:160.8069 Recon Loss:0.1821 Acc:0.9992 Acc ReID:0.9990 
Epoch:95 Time:5.5 Data:0.0 Loss:3.4718 Cls Loss:0.0093 Cls reid Loss:0.4212 Pair Loss:0.1048 Center Loss:2.9365 KL Loss:160.6047 Recon Loss:0.1821 Acc:0.9990 Acc ReID:0.9992 
=> Test at epoch 95
==========Test with latent_z: z_c =========
Extracted features for query set, obtained torch.Size([2709, 128]) matrix
Extracted features for gallery set, obtained torch.Size([2000, 128]) matrix
Extracting features complete in 0m 3s
Distance computing in 0m 0s
Results ---------------------------------------------------
top1:20.2% top5:43.4% top10:55.5% top20:66.9% mAP:25.1%
-----------------------------------------------------------
Using 0m 0s
Classifier results ---------------------------------------------------
Query acc: 25.5% Gallery acc: 100.0% Total acc: 57.1%
ReID Classifier results ---------------------------------------------------
Query acc: 30.5% Gallery acc: 100.0% Total acc: 60.0%
Jump TSNE in test
==========Test with latent_z: new_z =========
Extracted features for query set, obtained torch.Size([2709, 1280]) matrix
Extracted features for gallery set, obtained torch.Size([2000, 1280]) matrix
Extracting features complete in 0m 3s
Distance computing in 0m 0s
Results ---------------------------------------------------
top1:27.9% top5:51.8% top10:63.6% top20:74.8% mAP:33.5%
-----------------------------------------------------------
Using 0m 0s
Classifier results ---------------------------------------------------
Query acc: 25.5% Gallery acc: 100.0% Total acc: 57.1%
ReID Classifier results ---------------------------------------------------
Query acc: 30.5% Gallery acc: 100.0% Total acc: 60.0%
Epoch:96 Time:6.2 Data:0.0 Loss:3.4623 Cls Loss:0.0094 Cls reid Loss:0.4223 Pair Loss:0.1004 Center Loss:2.9303 KL Loss:160.7885 Recon Loss:0.1821 Acc:0.9995 Acc ReID:0.9995 
Epoch:97 Time:5.8 Data:0.0 Loss:3.4574 Cls Loss:0.0095 Cls reid Loss:0.4214 Pair Loss:0.1053 Center Loss:2.9212 KL Loss:160.9222 Recon Loss:0.1821 Acc:0.9995 Acc ReID:0.9990 
Epoch:98 Time:5.8 Data:0.0 Loss:3.4445 Cls Loss:0.0097 Cls reid Loss:0.4214 Pair Loss:0.1032 Center Loss:2.9102 KL Loss:160.7871 Recon Loss:0.1820 Acc:0.9995 Acc ReID:0.9992 
Epoch:99 Time:5.8 Data:0.0 Loss:3.4308 Cls Loss:0.0100 Cls reid Loss:0.4206 Pair Loss:0.1027 Center Loss:2.8975 KL Loss:160.9344 Recon Loss:0.1821 Acc:0.9992 Acc ReID:0.9990 
Epoch:100 Time:5.6 Data:0.0 Loss:3.4223 Cls Loss:0.0101 Cls reid Loss:0.4219 Pair Loss:0.1036 Center Loss:2.8867 KL Loss:160.8869 Recon Loss:0.1822 Acc:0.9995 Acc ReID:0.9992 
=> Test at epoch 100
==========Test with latent_z: z_c =========
Extracted features for query set, obtained torch.Size([2709, 128]) matrix
Extracted features for gallery set, obtained torch.Size([2000, 128]) matrix
Extracting features complete in 0m 4s
Distance computing in 0m 0s
Results ---------------------------------------------------
top1:20.2% top5:43.4% top10:55.5% top20:66.9% mAP:25.1%
-----------------------------------------------------------
Using 0m 0s
Classifier results ---------------------------------------------------
Query acc: 25.5% Gallery acc: 100.0% Total acc: 57.2%
ReID Classifier results ---------------------------------------------------
Query acc: 30.4% Gallery acc: 100.0% Total acc: 60.0%
Jump TSNE in test
==========Test with latent_z: new_z =========
Extracted features for query set, obtained torch.Size([2709, 1280]) matrix
Extracted features for gallery set, obtained torch.Size([2000, 1280]) matrix
Extracting features complete in 0m 3s
Distance computing in 0m 0s
Results ---------------------------------------------------
top1:27.9% top5:51.4% top10:63.6% top20:75.0% mAP:33.5%
-----------------------------------------------------------
Using 0m 0s
Classifier results ---------------------------------------------------
Query acc: 25.5% Gallery acc: 100.0% Total acc: 57.2%
ReID Classifier results ---------------------------------------------------
Query acc: 30.4% Gallery acc: 100.0% Total acc: 60.0%
Epoch:101 Time:6.1 Data:0.0 Loss:3.4155 Cls Loss:0.0103 Cls reid Loss:0.4220 Pair Loss:0.1047 Center Loss:2.8785 KL Loss:160.8991 Recon Loss:0.1822 Acc:0.9992 Acc ReID:0.9992 
Epoch:102 Time:5.6 Data:0.0 Loss:3.4093 Cls Loss:0.0105 Cls reid Loss:0.4223 Pair Loss:0.1058 Center Loss:2.8707 KL Loss:160.8813 Recon Loss:0.1821 Acc:0.9990 Acc ReID:0.9995 
Epoch:103 Time:5.6 Data:0.0 Loss:3.4017 Cls Loss:0.0106 Cls reid Loss:0.4226 Pair Loss:0.1069 Center Loss:2.8616 KL Loss:160.7145 Recon Loss:0.1822 Acc:0.9995 Acc ReID:0.9990 
Epoch:104 Time:5.7 Data:0.0 Loss:3.3809 Cls Loss:0.0106 Cls reid Loss:0.4187 Pair Loss:0.1039 Center Loss:2.8477 KL Loss:160.9410 Recon Loss:0.1822 Acc:0.9995 Acc ReID:0.9992 
Epoch:105 Time:5.7 Data:0.0 Loss:3.3781 Cls Loss:0.0109 Cls reid Loss:0.4221 Pair Loss:0.1024 Center Loss:2.8426 KL Loss:160.9446 Recon Loss:0.1821 Acc:0.9995 Acc ReID:0.9992 
=> Test at epoch 105
==========Test with latent_z: z_c =========
Extracted features for query set, obtained torch.Size([2709, 128]) matrix
Extracted features for gallery set, obtained torch.Size([2000, 128]) matrix
Extracting features complete in 0m 4s
Distance computing in 0m 0s
Results ---------------------------------------------------
top1:20.2% top5:43.4% top10:55.5% top20:66.9% mAP:25.1%
-----------------------------------------------------------
Using 0m 0s
Classifier results ---------------------------------------------------
Query acc: 25.5% Gallery acc: 100.0% Total acc: 57.1%
ReID Classifier results ---------------------------------------------------
Query acc: 30.4% Gallery acc: 100.0% Total acc: 59.9%
Jump TSNE in test
==========Test with latent_z: new_z =========
Extracted features for query set, obtained torch.Size([2709, 1280]) matrix
Extracted features for gallery set, obtained torch.Size([2000, 1280]) matrix
Extracting features complete in 0m 3s
Distance computing in 0m 0s
Results ---------------------------------------------------
top1:27.6% top5:51.9% top10:63.4% top20:75.0% mAP:33.4%
-----------------------------------------------------------
Using 0m 0s
Classifier results ---------------------------------------------------
Query acc: 25.5% Gallery acc: 100.0% Total acc: 57.1%
ReID Classifier results ---------------------------------------------------
Query acc: 30.4% Gallery acc: 100.0% Total acc: 59.9%
Epoch:106 Time:6.0 Data:0.0 Loss:3.3754 Cls Loss:0.0113 Cls reid Loss:0.4225 Pair Loss:0.1095 Center Loss:2.8322 KL Loss:160.8784 Recon Loss:0.1821 Acc:0.9995 Acc ReID:0.9992 
Epoch:107 Time:5.5 Data:0.0 Loss:3.3606 Cls Loss:0.0114 Cls reid Loss:0.4223 Pair Loss:0.1063 Center Loss:2.8206 KL Loss:160.7993 Recon Loss:0.1821 Acc:0.9992 Acc ReID:0.9992 
Epoch:108 Time:5.4 Data:0.0 Loss:3.3470 Cls Loss:0.0117 Cls reid Loss:0.4209 Pair Loss:0.1049 Center Loss:2.8096 KL Loss:160.9046 Recon Loss:0.1821 Acc:0.9992 Acc ReID:0.9992 
Epoch:109 Time:5.3 Data:0.0 Loss:3.3454 Cls Loss:0.0119 Cls reid Loss:0.4224 Pair Loss:0.1074 Center Loss:2.8037 KL Loss:160.8099 Recon Loss:0.1821 Acc:0.9990 Acc ReID:0.9990 
Epoch:110 Time:5.5 Data:0.0 Loss:3.3346 Cls Loss:0.0119 Cls reid Loss:0.4219 Pair Loss:0.1046 Center Loss:2.7962 KL Loss:160.9075 Recon Loss:0.1821 Acc:0.9995 Acc ReID:0.9995 
=> Test at epoch 110
==========Test with latent_z: z_c =========
Extracted features for query set, obtained torch.Size([2709, 128]) matrix
Extracted features for gallery set, obtained torch.Size([2000, 128]) matrix
Extracting features complete in 0m 4s
Distance computing in 0m 0s
Results ---------------------------------------------------
top1:20.2% top5:43.4% top10:55.5% top20:66.9% mAP:25.1%
-----------------------------------------------------------
Using 0m 0s
Classifier results ---------------------------------------------------
Query acc: 25.7% Gallery acc: 100.0% Total acc: 57.3%
ReID Classifier results ---------------------------------------------------
Query acc: 30.6% Gallery acc: 100.0% Total acc: 60.1%
Jump TSNE in test
==========Test with latent_z: new_z =========
Extracted features for query set, obtained torch.Size([2709, 1280]) matrix
Extracted features for gallery set, obtained torch.Size([2000, 1280]) matrix
Extracting features complete in 0m 3s
Distance computing in 0m 0s
Results ---------------------------------------------------
top1:27.9% top5:51.9% top10:63.4% top20:75.0% mAP:33.5%
-----------------------------------------------------------
Using 0m 0s
Classifier results ---------------------------------------------------
Query acc: 25.7% Gallery acc: 100.0% Total acc: 57.3%
ReID Classifier results ---------------------------------------------------
Query acc: 30.6% Gallery acc: 100.0% Total acc: 60.1%
Epoch:111 Time:6.0 Data:0.0 Loss:3.3184 Cls Loss:0.0123 Cls reid Loss:0.4225 Pair Loss:0.1009 Center Loss:2.7826 KL Loss:160.8071 Recon Loss:0.1822 Acc:0.9990 Acc ReID:0.9992 
Epoch:112 Time:5.1 Data:0.0 Loss:3.3095 Cls Loss:0.0126 Cls reid Loss:0.4224 Pair Loss:0.1043 Center Loss:2.7703 KL Loss:160.7676 Recon Loss:0.1822 Acc:0.9990 Acc ReID:0.9992 
Epoch:113 Time:5.2 Data:0.0 Loss:3.3040 Cls Loss:0.0128 Cls reid Loss:0.4221 Pair Loss:0.1029 Center Loss:2.7663 KL Loss:160.8361 Recon Loss:0.1822 Acc:0.9992 Acc ReID:0.9997 
Epoch:114 Time:5.6 Data:0.0 Loss:3.2943 Cls Loss:0.0130 Cls reid Loss:0.4206 Pair Loss:0.1062 Center Loss:2.7545 KL Loss:160.8428 Recon Loss:0.1821 Acc:0.9992 Acc ReID:0.9990 
Epoch:115 Time:5.5 Data:0.0 Loss:3.2897 Cls Loss:0.0131 Cls reid Loss:0.4228 Pair Loss:0.1044 Center Loss:2.7494 KL Loss:160.8407 Recon Loss:0.1821 Acc:0.9995 Acc ReID:0.9995 
=> Test at epoch 115
==========Test with latent_z: z_c =========
Extracted features for query set, obtained torch.Size([2709, 128]) matrix
Extracted features for gallery set, obtained torch.Size([2000, 128]) matrix
Extracting features complete in 0m 4s
Distance computing in 0m 0s
Results ---------------------------------------------------
top1:20.2% top5:43.4% top10:55.5% top20:66.9% mAP:25.1%
-----------------------------------------------------------
Using 0m 0s
Classifier results ---------------------------------------------------
Query acc: 25.6% Gallery acc: 100.0% Total acc: 57.2%
ReID Classifier results ---------------------------------------------------
Query acc: 30.6% Gallery acc: 100.0% Total acc: 60.1%
Jump TSNE in test
==========Test with latent_z: new_z =========
Extracted features for query set, obtained torch.Size([2709, 1280]) matrix
Extracted features for gallery set, obtained torch.Size([2000, 1280]) matrix
Extracting features complete in 0m 3s
Distance computing in 0m 0s
Results ---------------------------------------------------
top1:27.6% top5:51.9% top10:63.6% top20:74.9% mAP:33.4%
-----------------------------------------------------------
Using 0m 0s
Classifier results ---------------------------------------------------
Query acc: 25.6% Gallery acc: 100.0% Total acc: 57.2%
ReID Classifier results ---------------------------------------------------
Query acc: 30.6% Gallery acc: 100.0% Total acc: 60.1%
Epoch:116 Time:6.6 Data:0.0 Loss:3.2778 Cls Loss:0.0134 Cls reid Loss:0.4211 Pair Loss:0.1046 Center Loss:2.7387 KL Loss:160.8939 Recon Loss:0.1821 Acc:0.9992 Acc ReID:0.9990 
Epoch:117 Time:5.0 Data:0.0 Loss:3.2736 Cls Loss:0.0138 Cls reid Loss:0.4203 Pair Loss:0.1081 Center Loss:2.7314 KL Loss:160.9624 Recon Loss:0.1821 Acc:0.9992 Acc ReID:0.9995 
Epoch:118 Time:5.4 Data:0.0 Loss:3.2599 Cls Loss:0.0140 Cls reid Loss:0.4205 Pair Loss:0.1045 Center Loss:2.7209 KL Loss:160.8402 Recon Loss:0.1822 Acc:0.9990 Acc ReID:0.9992 
Epoch:119 Time:5.5 Data:0.0 Loss:3.2489 Cls Loss:0.0143 Cls reid Loss:0.4224 Pair Loss:0.1032 Center Loss:2.7090 KL Loss:160.9808 Recon Loss:0.1822 Acc:0.9995 Acc ReID:0.9990 
Epoch:120 Time:5.8 Data:0.0 Loss:3.2430 Cls Loss:0.0144 Cls reid Loss:0.4232 Pair Loss:0.1032 Center Loss:2.7023 KL Loss:160.7486 Recon Loss:0.1821 Acc:0.9992 Acc ReID:0.9992 
=> Test at epoch 120
==========Test with latent_z: z_c =========
Extracted features for query set, obtained torch.Size([2709, 128]) matrix
Extracted features for gallery set, obtained torch.Size([2000, 128]) matrix
Extracting features complete in 0m 3s
Distance computing in 0m 0s
Results ---------------------------------------------------
top1:20.2% top5:43.4% top10:55.5% top20:66.9% mAP:25.1%
-----------------------------------------------------------
Using 0m 0s
Classifier results ---------------------------------------------------
Query acc: 25.6% Gallery acc: 100.0% Total acc: 57.2%
ReID Classifier results ---------------------------------------------------
Query acc: 30.2% Gallery acc: 100.0% Total acc: 59.8%
Jump TSNE in test
==========Test with latent_z: new_z =========
Extracted features for query set, obtained torch.Size([2709, 1280]) matrix
Extracted features for gallery set, obtained torch.Size([2000, 1280]) matrix
Extracting features complete in 0m 3s
Distance computing in 0m 0s
Results ---------------------------------------------------
top1:27.4% top5:51.9% top10:63.6% top20:74.6% mAP:33.4%
-----------------------------------------------------------
Using 0m 0s
Classifier results ---------------------------------------------------
Query acc: 25.6% Gallery acc: 100.0% Total acc: 57.2%
ReID Classifier results ---------------------------------------------------
Query acc: 30.2% Gallery acc: 100.0% Total acc: 59.8%
Keep checkpoint file: checkpoint_ep120.pth.tar
=> Best Rank-1 27.9%, mAP 33.5% achieved at epoch 110
Finished. Total elapsed time (h:m:s): 0:15:07. Training time (h:m:s): 0:11:46.
Shutting down background jobs, please wait a moment...
Done!
Waiting for the remaining 39 operations to synchronize with Neptune. Do not kill this process.
All 39 operations synced, thanks for waiting!
Explore the metadata in the Neptune app:
https://app.neptune.ai/Zhengwei-Lab/MayCVAE/e/MAY-644/metadata
