https://app.neptune.ai/Zhengwei-Lab/MayCVAE/e/MAY-641
=> merge config from ./configs/clipreid_cvae_stage2.yaml
/home/zhengwei/Desktop/Zhengwei/Projects/CVAE/main.py:91: NeptuneUnsupportedType: You're attempting to log a type that is not directly supported by Neptune (<class 'list'>).
        Convert the value to a supported type, such as a string or float, or use stringify_unsupported(obj)
        for dictionaries or collections that contain unsupported values.
        For more, see https://docs.neptune.ai/help/value_of_unsupported_type
  run["parameters"] = param
=> Configurations:
-------------------------
AMP: True
AUG:
  RC_PROB: 0.5
  RE_PROB: 0.5
DATA:
  CUHK03_CLASSIC_SPLIT: False
  CUHK03_LABELED: False
  DATASET: market1k
  FORMAT_TAG: tensor
  HEIGHT: 256
  NUM_INSTANCES: 4
  NUM_WORKERS: 4
  ROOT: /home/zhengwei/Desktop/Zhengwei/Projects/datasets
  SPLIT_ID: 0
  TEST_BATCH: 512
  TRAIN_BATCH: 64
  TRAIN_FORMAT: novel
  WIDTH: 128
EVAL_MODE: False
GPU: 0
LOSS:
  CLA_LOSS: crossentropy
  CLA_M: 0.0
  CLA_S: 16.0
  PAIR_LOSS: triplet
  PAIR_M: 0.3
  PAIR_S: 16.0
  RECON_LOSS: mse
  USE_NCE: False
MODEL:
  CONDITIONAL: False
  FEATURE_DIM: 1280
  FEAT_FUSION: True
  FLOW_TYPE: 
  GAUSSIAN: MultivariateNormal
  HIDDEN_DIM: 256
  LATENT_SIZE: 64
  NAME: CVAE
  ONLY_CVAE_KL: False
  ONLY_X_INPUT: False
  PRETRAIN: CLIPreidFinetune
  RES4_STRIDE: 1
  RESUME: /home/zhengwei/Desktop/Zhengwei/Projects/CVAE/outputs/market1k/clipreid_tune_wReID/novel/2024-07-24/tune_SimpleVAE+2E_128+64z_1e3_60+120_KLtotalZ_L1280_ReIDZnew_noCLS
  STYLE_NUM: 0
  TRAIN_STAGE: reidstage
  USE_CENTROID: False
  USE_TWO_ENCODER: True
  VAE_TYPE: SinpleVAE
  ZC_DIM: 128
  ZS_DIM: 64
OUTPUT: ./outputs/market1k/clipreid_tune_wReID/novel/2024-07-24/2ndstage_SimpleVAE+2E_128+64z_1e3_60+120_KLtotalZ_bL1280_s2_L1280_ReIDZnew+trip_CLS+ce
SAVED_NAME: 2ndstage_SimpleVAE+2E_128+64z_1e3_60+120_KLtotalZ_bL1280_s2_L1280_ReIDZnew+trip_CLS+ce
SEED: 0
TAG: clipreid_tune_wReID
TEST:
  DISTANCE: cosine
  EVAL_STEP: 5
  START_EVAL: -1
TRAIN:
  AMP: False
  LR_SCHEDULER:
    DECAY_RATE: 0.1
    NAME: MultiStepLR
    STEPSIZE: [60]
  MAX_EPOCH: 120
  OPTIMIZER:
    LR: 0.001
    NAME: adam
    SGDLR: 0.01
    SGD_MOMENTUM: 0.9
    SGD_WEIGHT_DECAY: 0.0005
    WEIGHT_DECAY: 0.0001
  START_EPOCH: 0Warning: string series 'monitoring/707a8a44/stdout' value was longer than 1000 characters and was truncated. This warning is printed only once per series.

----------------------
Initializing dataset market1k
=> Market-Sketch-1K tensor loaded
Dataset statistics:
  ------------------------------
  subset   | # ids | # images
  ------------------------------
  train    |   996 |     3992
  query    |   996 |     2709
  gallery  |   996 |     2000
  ------------------------------
  total    |  1992 |     8701
  ------------------------------
Initializing SinpleVAE model with 2 encoders
Model size: 12.21152M
[INFO] Register count_relu() for <class 'torch.nn.modules.activation.LeakyReLU'>.
[INFO] Register count_linear() for <class 'torch.nn.modules.linear.Linear'>.
[INFO] Register count_normalization() for <class 'torch.nn.modules.batchnorm.BatchNorm1d'>.
[INFO] Register zero_ops() for <class 'torch.nn.modules.activation.ReLU'>.
[INFO] Register zero_ops() for <class 'torch.nn.modules.dropout.Dropout'>.
[INFO] Register zero_ops() for <class 'torch.nn.modules.container.Sequential'>.
FLOPs: 0.75465G
Params: 11.78419M
Initialized classifier with feature_dim: 1280, num_classes: 996
Classifier size: 1.27488M
reid_projector.weight is tuneable
=> Start Training ReID projector and Classifier
Loading checkpoint from '/home/zhengwei/Desktop/Zhengwei/Projects/CVAE/outputs/market1k/clipreid_tune_wReID/novel/2024-07-24/tune_SimpleVAE+2E_128+64z_1e3_60+120_KLtotalZ_L1280_ReIDZnew_noCLS/best_model.pth.tar'
Loading parameter:  reid_projector.weight
orginal best rank1 = 0.20634920634920634
=> Start evaluation on Novel data without finetuning
=> Test pretarined feature form VLP model
Normalizing features
Normalizing features
Extracted features for query set, obtained torch.Size([2709, 1280]) matrix
Extracted features for gallery set, obtained torch.Size([2000, 1280]) matrix
Extracting features complete in 0m 3s
Distance computing in 0m 0s
Computing CMC and mAP
Results ---------------------------------------------------
top1:35.2% top5:60.5% top10:71.2% top20:80.7% mAP:39.8%
-----------------------------------------------------------
Using 0m 0s
==========Test with latent_z: new_z =========
Extracted features for query set, obtained torch.Size([2709, 1280]) matrix
Extracted features for gallery set, obtained torch.Size([2000, 1280]) matrix
Extracting features complete in 0m 4s
Distance computing in 0m 1s
Results ---------------------------------------------------
top1:21.4% top5:43.0% top10:55.8% top20:67.6% mAP:26.0%
-----------------------------------------------------------
Using 0m 0s
Classifier results ---------------------------------------------------
Query acc: 0.0% Gallery acc: 0.1% Total acc: 0.0%
ReID Classifier results ---------------------------------------------------
Query acc: 0.0% Gallery acc: 0.2% Total acc: 0.1%
==========Test with latent_z: z_c =========
Extracted features for query set, obtained torch.Size([2709, 128]) matrix
Extracted features for gallery set, obtained torch.Size([2000, 128]) matrix
Extracting features complete in 0m 6s
Distance computing in 0m 1s
Results ---------------------------------------------------
top1:20.2% top5:43.4% top10:55.5% top20:66.9% mAP:25.1%
-----------------------------------------------------------
Using 0m 0s
Classifier results ---------------------------------------------------
Query acc: 0.0% Gallery acc: 0.1% Total acc: 0.0%
ReID Classifier results ---------------------------------------------------
Query acc: 0.0% Gallery acc: 0.2% Total acc: 0.1%
Jump TSNE in test
=> Start training
/home/zhengwei/Desktop/Zhengwei/Projects/CVAE/losses/center_loss.py:40: UserWarning: This overload of addmm_ is deprecated:
	addmm_(Number beta, Number alpha, Tensor mat1, Tensor mat2)
Consider using one of the following signatures instead:
	addmm_(Tensor mat1, Tensor mat2, *, Number beta, Number alpha) (Triggered internally at /opt/conda/conda-bld/pytorch_1670525539683/work/torch/csrc/utils/python_arg_parser.cpp:1420.)
  distmat.addmm_(1, -2, x, self.centers.t())
Epoch:1 Time:10.4 Data:0.0 Loss:8.2395 Cls Loss:8.0546 Cls reid Loss:6.9044 Pair Loss:0.1849 Center Loss:1426.7581 KL Loss:180.8348 Recon Loss:0.1821 Acc:0.0010 Acc ReID:0.0010 
Epoch:2 Time:10.7 Data:0.0 Loss:6.4078 Cls Loss:6.2704 Cls reid Loss:6.9042 Pair Loss:0.1374 Center Loss:1368.6974 KL Loss:180.5310 Recon Loss:0.1821 Acc:0.0197 Acc ReID:0.0015 
Epoch:3 Time:9.6 Data:0.0 Loss:5.0732 Cls Loss:4.9406 Cls reid Loss:6.9041 Pair Loss:0.1327 Center Loss:1365.9111 KL Loss:180.3412 Recon Loss:0.1821 Acc:0.0887 Acc ReID:0.0018 
Epoch:4 Time:6.4 Data:0.0 Loss:3.8406 Cls Loss:3.7140 Cls reid Loss:6.9040 Pair Loss:0.1265 Center Loss:1368.6806 KL Loss:179.7509 Recon Loss:0.1821 Acc:0.1966 Acc ReID:0.0018 
Epoch:5 Time:11.0 Data:0.0 Loss:2.8119 Cls Loss:2.6865 Cls reid Loss:6.9041 Pair Loss:0.1254 Center Loss:1376.4136 KL Loss:179.6298 Recon Loss:0.1821 Acc:0.3508 Acc ReID:0.0010 
=> Test at epoch 5
==========Test with latent_z: z_c =========
Extracted features for query set, obtained torch.Size([2709, 128]) matrix
Extracted features for gallery set, obtained torch.Size([2000, 128]) matrix
Extracting features complete in 0m 4s
Distance computing in 0m 0s
Results ---------------------------------------------------
top1:20.2% top5:43.4% top10:55.5% top20:66.9% mAP:25.1%
-----------------------------------------------------------
Using 0m 0s
Classifier results ---------------------------------------------------
Query acc: 17.6% Gallery acc: 85.8% Total acc: 46.6%
ReID Classifier results ---------------------------------------------------
Query acc: 0.0% Gallery acc: 0.2% Total acc: 0.1%
Jump TSNE in test
==========Test with latent_z: new_z =========
Extracted features for query set, obtained torch.Size([2709, 1280]) matrix
Extracted features for gallery set, obtained torch.Size([2000, 1280]) matrix
Extracting features complete in 0m 4s
Distance computing in 0m 0s
Results ---------------------------------------------------
top1:24.0% top5:47.4% top10:60.5% top20:72.2% mAP:29.6%
-----------------------------------------------------------
Using 0m 0s
Classifier results ---------------------------------------------------
Query acc: 17.6% Gallery acc: 85.8% Total acc: 46.6%
ReID Classifier results ---------------------------------------------------
Query acc: 0.0% Gallery acc: 0.2% Total acc: 0.1%
Epoch:6 Time:12.4 Data:0.0 Loss:1.8655 Cls Loss:1.7393 Cls reid Loss:6.9041 Pair Loss:0.1261 Center Loss:1387.8520 KL Loss:179.3475 Recon Loss:0.1821 Acc:0.6152 Acc ReID:0.0008 
Epoch:7 Time:12.1 Data:0.0 Loss:1.1984 Cls Loss:1.0823 Cls reid Loss:6.9039 Pair Loss:0.1160 Center Loss:1391.5843 KL Loss:179.2469 Recon Loss:0.1821 Acc:0.7825 Acc ReID:0.0020 
Epoch:8 Time:11.5 Data:0.0 Loss:0.7984 Cls Loss:0.6872 Cls reid Loss:6.9040 Pair Loss:0.1112 Center Loss:1393.1670 KL Loss:179.0217 Recon Loss:0.1822 Acc:0.8974 Acc ReID:0.0005 
Epoch:9 Time:9.8 Data:0.0 Loss:0.5740 Cls Loss:0.4575 Cls reid Loss:6.9038 Pair Loss:0.1165 Center Loss:1398.5731 KL Loss:178.6548 Recon Loss:0.1821 Acc:0.9420 Acc ReID:0.0013 
Epoch:10 Time:11.3 Data:0.0 Loss:0.4328 Cls Loss:0.3215 Cls reid Loss:6.9041 Pair Loss:0.1113 Center Loss:1402.3137 KL Loss:178.5988 Recon Loss:0.1822 Acc:0.9672 Acc ReID:0.0013 
=> Test at epoch 10
==========Test with latent_z: z_c =========
Extracted features for query set, obtained torch.Size([2709, 128]) matrix
Extracted features for gallery set, obtained torch.Size([2000, 128]) matrix
Extracting features complete in 0m 5s
Distance computing in 0m 1s
Results ---------------------------------------------------
top1:20.2% top5:43.4% top10:55.5% top20:66.9% mAP:25.1%
-----------------------------------------------------------
Using 0m 0s
Classifier results ---------------------------------------------------
Query acc: 25.0% Gallery acc: 99.6% Total acc: 56.7%
ReID Classifier results ---------------------------------------------------
Query acc: 0.1% Gallery acc: 0.1% Total acc: 0.1%
Jump TSNE in test
==========Test with latent_z: new_z =========
Extracted features for query set, obtained torch.Size([2709, 1280]) matrix
Extracted features for gallery set, obtained torch.Size([2000, 1280]) matrix
Extracting features complete in 0m 5s
Distance computing in 0m 0s
Results ---------------------------------------------------
top1:24.5% top5:48.8% top10:61.3% top20:71.8% mAP:29.9%
-----------------------------------------------------------
Using 0m 0s
Classifier results ---------------------------------------------------
Query acc: 25.0% Gallery acc: 99.6% Total acc: 56.7%
ReID Classifier results ---------------------------------------------------
Query acc: 0.1% Gallery acc: 0.1% Total acc: 0.1%
Epoch:11 Time:13.2 Data:0.0 Loss:0.3471 Cls Loss:0.2346 Cls reid Loss:6.9041 Pair Loss:0.1125 Center Loss:1404.6028 KL Loss:178.2412 Recon Loss:0.1821 Acc:0.9816 Acc ReID:0.0003 
Epoch:12 Time:13.7 Data:0.0 Loss:0.2912 Cls Loss:0.1846 Cls reid Loss:6.9040 Pair Loss:0.1067 Center Loss:1408.1814 KL Loss:178.2487 Recon Loss:0.1822 Acc:0.9859 Acc ReID:0.0010 
Epoch:13 Time:13.2 Data:0.0 Loss:0.2578 Cls Loss:0.1532 Cls reid Loss:6.9038 Pair Loss:0.1046 Center Loss:1410.5654 KL Loss:177.9660 Recon Loss:0.1821 Acc:0.9917 Acc ReID:0.0008 
Epoch:14 Time:12.1 Data:0.0 Loss:0.2292 Cls Loss:0.1262 Cls reid Loss:6.9040 Pair Loss:0.1031 Center Loss:1411.7814 KL Loss:177.3470 Recon Loss:0.1821 Acc:0.9942 Acc ReID:0.0005 
Epoch:15 Time:11.3 Data:0.0 Loss:0.2164 Cls Loss:0.1096 Cls reid Loss:6.9041 Pair Loss:0.1068 Center Loss:1414.3944 KL Loss:177.4386 Recon Loss:0.1822 Acc:0.9972 Acc ReID:0.0008 
=> Test at epoch 15
==========Test with latent_z: z_c =========
Extracted features for query set, obtained torch.Size([2709, 128]) matrix
Extracted features for gallery set, obtained torch.Size([2000, 128]) matrix
Extracting features complete in 0m 5s
Distance computing in 0m 1s
Results ---------------------------------------------------
top1:20.2% top5:43.4% top10:55.5% top20:66.9% mAP:25.1%
-----------------------------------------------------------
Using 0m 0s
Classifier results ---------------------------------------------------
Query acc: 26.1% Gallery acc: 100.0% Total acc: 57.5%
ReID Classifier results ---------------------------------------------------
Query acc: 0.1% Gallery acc: 0.1% Total acc: 0.1%
Jump TSNE in test
==========Test with latent_z: new_z =========
Extracted features for query set, obtained torch.Size([2709, 1280]) matrix
Extracted features for gallery set, obtained torch.Size([2000, 1280]) matrix
Extracting features complete in 0m 6s
Distance computing in 0m 1s
Results ---------------------------------------------------
top1:24.5% top5:48.8% top10:61.8% top20:73.5% mAP:30.4%
-----------------------------------------------------------
Using 0m 0s
Classifier results ---------------------------------------------------
Query acc: 26.1% Gallery acc: 100.0% Total acc: 57.5%
ReID Classifier results ---------------------------------------------------
Query acc: 0.1% Gallery acc: 0.1% Total acc: 0.1%
Epoch:16 Time:13.6 Data:0.0 Loss:0.2055 Cls Loss:0.1001 Cls reid Loss:6.9042 Pair Loss:0.1053 Center Loss:1417.1464 KL Loss:176.8927 Recon Loss:0.1821 Acc:0.9972 Acc ReID:0.0005 
Epoch:17 Time:13.3 Data:0.0 Loss:0.1922 Cls Loss:0.0906 Cls reid Loss:6.9041 Pair Loss:0.1016 Center Loss:1417.6900 KL Loss:176.7915 Recon Loss:0.1821 Acc:0.9980 Acc ReID:0.0005 
Epoch:18 Time:11.3 Data:0.0 Loss:0.1843 Cls Loss:0.0838 Cls reid Loss:6.9040 Pair Loss:0.1004 Center Loss:1419.2211 KL Loss:176.5673 Recon Loss:0.1821 Acc:0.9982 Acc ReID:0.0018 
Epoch:19 Time:11.9 Data:0.0 Loss:0.1771 Cls Loss:0.0788 Cls reid Loss:6.9039 Pair Loss:0.0983 Center Loss:1420.3020 KL Loss:176.1626 Recon Loss:0.1821 Acc:0.9982 Acc ReID:0.0020 
Epoch:20 Time:11.2 Data:0.0 Loss:0.1762 Cls Loss:0.0738 Cls reid Loss:6.9039 Pair Loss:0.1023 Center Loss:1422.2654 KL Loss:176.0601 Recon Loss:0.1821 Acc:0.9982 Acc ReID:0.0015 
=> Test at epoch 20
==========Test with latent_z: z_c =========
Extracted features for query set, obtained torch.Size([2709, 128]) matrix
Extracted features for gallery set, obtained torch.Size([2000, 128]) matrix
Extracting features complete in 0m 5s
Distance computing in 0m 0s
Results ---------------------------------------------------
top1:20.2% top5:43.4% top10:55.5% top20:66.9% mAP:25.1%
-----------------------------------------------------------
Using 0m 1s
Classifier results ---------------------------------------------------
Query acc: 25.8% Gallery acc: 100.0% Total acc: 57.3%
ReID Classifier results ---------------------------------------------------
Query acc: 0.1% Gallery acc: 0.1% Total acc: 0.1%
Jump TSNE in test
==========Test with latent_z: new_z =========
Extracted features for query set, obtained torch.Size([2709, 1280]) matrix
Extracted features for gallery set, obtained torch.Size([2000, 1280]) matrix
Extracting features complete in 0m 5s
Distance computing in 0m 0s
Results ---------------------------------------------------
top1:24.8% top5:49.5% top10:61.9% top20:72.8% mAP:30.6%
-----------------------------------------------------------
Using 0m 0s
Classifier results ---------------------------------------------------
Query acc: 25.8% Gallery acc: 100.0% Total acc: 57.3%
ReID Classifier results ---------------------------------------------------
Query acc: 0.1% Gallery acc: 0.1% Total acc: 0.1%
Epoch:21 Time:14.5 Data:0.0 Loss:0.1660 Cls Loss:0.0685 Cls reid Loss:6.9042 Pair Loss:0.0975 Center Loss:1424.8689 KL Loss:175.7115 Recon Loss:0.1821 Acc:0.9995 Acc ReID:0.0008 
Epoch:22 Time:14.1 Data:0.0 Loss:0.1668 Cls Loss:0.0653 Cls reid Loss:6.9040 Pair Loss:0.1015 Center Loss:1426.5797 KL Loss:175.4145 Recon Loss:0.1821 Acc:0.9995 Acc ReID:0.0013 
Epoch:23 Time:10.2 Data:0.0 Loss:0.1646 Cls Loss:0.0641 Cls reid Loss:6.9044 Pair Loss:0.1004 Center Loss:1426.5703 KL Loss:175.2876 Recon Loss:0.1821 Acc:0.9992 Acc ReID:0.0008 
Epoch:24 Time:10.9 Data:0.0 Loss:0.1607 Cls Loss:0.0611 Cls reid Loss:6.9042 Pair Loss:0.0996 Center Loss:1428.1542 KL Loss:175.0489 Recon Loss:0.1821 Acc:0.9992 Acc ReID:0.0013 
Epoch:25 Time:13.7 Data:0.0 Loss:0.1605 Cls Loss:0.0593 Cls reid Loss:6.9040 Pair Loss:0.1012 Center Loss:1427.2236 KL Loss:175.0494 Recon Loss:0.1821 Acc:0.9987 Acc ReID:0.0010 
=> Test at epoch 25
==========Test with latent_z: z_c =========
Extracted features for query set, obtained torch.Size([2709, 128]) matrix
Extracted features for gallery set, obtained torch.Size([2000, 128]) matrix
Extracting features complete in 0m 5s
Distance computing in 0m 1s
Results ---------------------------------------------------
top1:20.2% top5:43.4% top10:55.5% top20:66.9% mAP:25.1%
-----------------------------------------------------------
Using 0m 0s
Classifier results ---------------------------------------------------
Query acc: 26.1% Gallery acc: 100.0% Total acc: 57.5%
ReID Classifier results ---------------------------------------------------
Query acc: 0.1% Gallery acc: 0.2% Total acc: 0.1%
Jump TSNE in test
==========Test with latent_z: new_z =========
Extracted features for query set, obtained torch.Size([2709, 1280]) matrix
Extracted features for gallery set, obtained torch.Size([2000, 1280]) matrix
Extracting features complete in 0m 5s
Distance computing in 0m 1s
Results ---------------------------------------------------
top1:25.3% top5:49.6% top10:61.1% top20:72.2% mAP:30.7%
-----------------------------------------------------------
Using 0m 0s
Classifier results ---------------------------------------------------
Query acc: 26.1% Gallery acc: 100.0% Total acc: 57.5%
ReID Classifier results ---------------------------------------------------
Query acc: 0.1% Gallery acc: 0.2% Total acc: 0.1%
Epoch:26 Time:13.3 Data:0.0 Loss:0.1588 Cls Loss:0.0569 Cls reid Loss:6.9041 Pair Loss:0.1019 Center Loss:1431.5465 KL Loss:174.5541 Recon Loss:0.1822 Acc:0.9992 Acc ReID:0.0008 
Epoch:27 Time:12.0 Data:0.0 Loss:0.1563 Cls Loss:0.0550 Cls reid Loss:6.9040 Pair Loss:0.1013 Center Loss:1431.2196 KL Loss:174.4748 Recon Loss:0.1821 Acc:0.9990 Acc ReID:0.0010 
Epoch:28 Time:11.3 Data:0.0 Loss:0.1512 Cls Loss:0.0536 Cls reid Loss:6.9040 Pair Loss:0.0976 Center Loss:1429.4119 KL Loss:174.1577 Recon Loss:0.1822 Acc:0.9995 Acc ReID:0.0015 
Epoch:29 Time:12.8 Data:0.0 Loss:0.1531 Cls Loss:0.0521 Cls reid Loss:6.9037 Pair Loss:0.1010 Center Loss:1432.4032 KL Loss:173.8120 Recon Loss:0.1821 Acc:0.9990 Acc ReID:0.0005 
Epoch:30 Time:13.9 Data:0.0 Loss:0.1480 Cls Loss:0.0515 Cls reid Loss:6.9040 Pair Loss:0.0965 Center Loss:1433.2206 KL Loss:173.5939 Recon Loss:0.1821 Acc:0.9987 Acc ReID:0.0013 
=> Test at epoch 30
==========Test with latent_z: z_c =========
Extracted features for query set, obtained torch.Size([2709, 128]) matrix
Extracted features for gallery set, obtained torch.Size([2000, 128]) matrix
Extracting features complete in 0m 5s
Distance computing in 0m 1s
Results ---------------------------------------------------
top1:20.2% top5:43.4% top10:55.5% top20:66.9% mAP:25.1%
-----------------------------------------------------------
Using 0m 0s
Classifier results ---------------------------------------------------
Query acc: 25.5% Gallery acc: 100.0% Total acc: 57.1%
ReID Classifier results ---------------------------------------------------
Query acc: 0.2% Gallery acc: 0.3% Total acc: 0.2%
Jump TSNE in test
==========Test with latent_z: new_z =========
Extracted features for query set, obtained torch.Size([2709, 1280]) matrix
Extracted features for gallery set, obtained torch.Size([2000, 1280]) matrix
Extracting features complete in 0m 5s
Distance computing in 0m 0s
Results ---------------------------------------------------
top1:25.2% top5:49.5% top10:60.8% top20:72.1% mAP:30.7%
-----------------------------------------------------------
Using 0m 0s
Classifier results ---------------------------------------------------
Query acc: 25.5% Gallery acc: 100.0% Total acc: 57.1%
ReID Classifier results ---------------------------------------------------
Query acc: 0.2% Gallery acc: 0.3% Total acc: 0.2%
Epoch:31 Time:10.0 Data:0.0 Loss:0.1530 Cls Loss:0.0528 Cls reid Loss:6.9039 Pair Loss:0.1002 Center Loss:1433.6247 KL Loss:173.4531 Recon Loss:0.1822 Acc:0.9987 Acc ReID:0.0008 
Epoch:32 Time:14.5 Data:0.0 Loss:0.1497 Cls Loss:0.0495 Cls reid Loss:6.9041 Pair Loss:0.1002 Center Loss:1432.7281 KL Loss:172.9553 Recon Loss:0.1821 Acc:0.9992 Acc ReID:0.0010 
Epoch:33 Time:11.5 Data:0.0 Loss:0.1492 Cls Loss:0.0490 Cls reid Loss:6.9040 Pair Loss:0.1002 Center Loss:1437.7648 KL Loss:172.9365 Recon Loss:0.1821 Acc:0.9995 Acc ReID:0.0010 
Epoch:34 Time:12.0 Data:0.0 Loss:0.1430 Cls Loss:0.0502 Cls reid Loss:6.9040 Pair Loss:0.0928 Center Loss:1436.2339 KL Loss:172.5189 Recon Loss:0.1821 Acc:0.9990 Acc ReID:0.0015 
Epoch:35 Time:12.9 Data:0.0 Loss:0.1445 Cls Loss:0.0471 Cls reid Loss:6.9042 Pair Loss:0.0973 Center Loss:1434.4632 KL Loss:172.3552 Recon Loss:0.1821 Acc:0.9987 Acc ReID:0.0013 
=> Test at epoch 35
==========Test with latent_z: z_c =========
Extracted features for query set, obtained torch.Size([2709, 128]) matrix
Extracted features for gallery set, obtained torch.Size([2000, 128]) matrix
Extracting features complete in 0m 5s
Distance computing in 0m 0s
Results ---------------------------------------------------
top1:20.2% top5:43.4% top10:55.5% top20:66.9% mAP:25.1%
-----------------------------------------------------------
Using 0m 0s
Classifier results ---------------------------------------------------
Query acc: 25.7% Gallery acc: 100.0% Total acc: 57.2%
ReID Classifier results ---------------------------------------------------
Query acc: 0.1% Gallery acc: 0.3% Total acc: 0.2%
Jump TSNE in test
==========Test with latent_z: new_z =========
Extracted features for query set, obtained torch.Size([2709, 1280]) matrix
Extracted features for gallery set, obtained torch.Size([2000, 1280]) matrix
Extracting features complete in 0m 4s
Distance computing in 0m 1s
Results ---------------------------------------------------
top1:25.5% top5:49.4% top10:60.8% top20:72.5% mAP:30.8%
-----------------------------------------------------------
Using 0m 0s
Classifier results ---------------------------------------------------
Query acc: 25.7% Gallery acc: 100.0% Total acc: 57.2%
ReID Classifier results ---------------------------------------------------
Query acc: 0.1% Gallery acc: 0.3% Total acc: 0.2%
Epoch:36 Time:11.9 Data:0.0 Loss:0.1454 Cls Loss:0.0497 Cls reid Loss:6.9042 Pair Loss:0.0957 Center Loss:1435.8350 KL Loss:172.1365 Recon Loss:0.1822 Acc:0.9985 Acc ReID:0.0015 
Epoch:37 Time:11.6 Data:0.0 Loss:0.1586 Cls Loss:0.0582 Cls reid Loss:6.9041 Pair Loss:0.1003 Center Loss:1436.2347 KL Loss:171.8740 Recon Loss:0.1822 Acc:0.9962 Acc ReID:0.0008 
Epoch:38 Time:12.7 Data:0.0 Loss:0.1581 Cls Loss:0.0630 Cls reid Loss:6.9042 Pair Loss:0.0950 Center Loss:1439.7689 KL Loss:171.7334 Recon Loss:0.1822 Acc:0.9945 Acc ReID:0.0018 
Epoch:39 Time:11.9 Data:0.0 Loss:0.1706 Cls Loss:0.0773 Cls reid Loss:6.9043 Pair Loss:0.0933 Center Loss:1440.1241 KL Loss:171.3088 Recon Loss:0.1821 Acc:0.9909 Acc ReID:0.0013 
Epoch:40 Time:13.9 Data:0.0 Loss:0.1771 Cls Loss:0.0817 Cls reid Loss:6.9042 Pair Loss:0.0954 Center Loss:1441.4063 KL Loss:171.1805 Recon Loss:0.1821 Acc:0.9914 Acc ReID:0.0020 
=> Test at epoch 40
==========Test with latent_z: z_c =========
Extracted features for query set, obtained torch.Size([2709, 128]) matrix
Extracted features for gallery set, obtained torch.Size([2000, 128]) matrix
Extracting features complete in 0m 5s
Distance computing in 0m 0s
Results ---------------------------------------------------
top1:20.2% top5:43.4% top10:55.5% top20:66.9% mAP:25.1%
-----------------------------------------------------------
Using 0m 0s
Classifier results ---------------------------------------------------
Query acc: 25.2% Gallery acc: 99.8% Total acc: 56.9%
ReID Classifier results ---------------------------------------------------
Query acc: 0.1% Gallery acc: 0.1% Total acc: 0.1%
Jump TSNE in test
==========Test with latent_z: new_z =========
Extracted features for query set, obtained torch.Size([2709, 1280]) matrix
Extracted features for gallery set, obtained torch.Size([2000, 1280]) matrix
Extracting features complete in 0m 5s
Distance computing in 0m 1s
Results ---------------------------------------------------
top1:25.8% top5:50.4% top10:61.8% top20:73.1% mAP:31.4%
-----------------------------------------------------------
Using 0m 0s
Classifier results ---------------------------------------------------
Query acc: 25.2% Gallery acc: 99.8% Total acc: 56.9%
ReID Classifier results ---------------------------------------------------
Query acc: 0.1% Gallery acc: 0.1% Total acc: 0.1%
Epoch:41 Time:15.4 Data:0.0 Loss:0.1583 Cls Loss:0.0618 Cls reid Loss:6.9041 Pair Loss:0.0966 Center Loss:1444.2747 KL Loss:170.6397 Recon Loss:0.1822 Acc:0.9945 Acc ReID:0.0005 
Epoch:42 Time:11.1 Data:0.0 Loss:0.1512 Cls Loss:0.0552 Cls reid Loss:6.9040 Pair Loss:0.0960 Center Loss:1441.4872 KL Loss:170.5236 Recon Loss:0.1821 Acc:0.9955 Acc ReID:0.0010 
Epoch:43 Time:7.2 Data:0.0 Loss:0.1414 Cls Loss:0.0482 Cls reid Loss:6.9040 Pair Loss:0.0932 Center Loss:1441.4055 KL Loss:170.3899 Recon Loss:0.1822 Acc:0.9980 Acc ReID:0.0015 
Epoch:44 Time:10.3 Data:0.0 Loss:0.1597 Cls Loss:0.0636 Cls reid Loss:6.9041 Pair Loss:0.0960 Center Loss:1442.1887 KL Loss:170.1347 Recon Loss:0.1822 Acc:0.9934 Acc ReID:0.0013 
Epoch:45 Time:13.4 Data:0.0 Loss:0.1555 Cls Loss:0.0627 Cls reid Loss:6.9041 Pair Loss:0.0928 Center Loss:1441.8083 KL Loss:169.8329 Recon Loss:0.1821 Acc:0.9950 Acc ReID:0.0013 
=> Test at epoch 45
==========Test with latent_z: z_c =========
Extracted features for query set, obtained torch.Size([2709, 128]) matrix
Extracted features for gallery set, obtained torch.Size([2000, 128]) matrix
Extracting features complete in 0m 6s
Distance computing in 0m 1s
Results ---------------------------------------------------
top1:20.2% top5:43.4% top10:55.5% top20:66.9% mAP:25.1%
-----------------------------------------------------------
Using 0m 0s
Classifier results ---------------------------------------------------
Query acc: 25.2% Gallery acc: 100.0% Total acc: 56.9%
ReID Classifier results ---------------------------------------------------
Query acc: 0.2% Gallery acc: 0.2% Total acc: 0.2%
Jump TSNE in test
==========Test with latent_z: new_z =========
Extracted features for query set, obtained torch.Size([2709, 1280]) matrix
Extracted features for gallery set, obtained torch.Size([2000, 1280]) matrix
Extracting features complete in 0m 5s
Distance computing in 0m 0s
Results ---------------------------------------------------
top1:25.2% top5:49.0% top10:60.3% top20:71.7% mAP:30.4%
-----------------------------------------------------------
Using 0m 0s
Classifier results ---------------------------------------------------
Query acc: 25.2% Gallery acc: 100.0% Total acc: 56.9%
ReID Classifier results ---------------------------------------------------
Query acc: 0.2% Gallery acc: 0.2% Total acc: 0.2%
Epoch:46 Time:14.3 Data:0.0 Loss:0.1424 Cls Loss:0.0472 Cls reid Loss:6.9039 Pair Loss:0.0952 Center Loss:1445.3614 KL Loss:169.5718 Recon Loss:0.1822 Acc:0.9975 Acc ReID:0.0010 
Epoch:47 Time:12.5 Data:0.0 Loss:0.1574 Cls Loss:0.0612 Cls reid Loss:6.9041 Pair Loss:0.0961 Center Loss:1440.7657 KL Loss:169.4139 Recon Loss:0.1821 Acc:0.9934 Acc ReID:0.0020 
Epoch:48 Time:10.5 Data:0.0 Loss:0.2358 Cls Loss:0.1441 Cls reid Loss:6.9040 Pair Loss:0.0917 Center Loss:1441.1792 KL Loss:168.9923 Recon Loss:0.1821 Acc:0.9738 Acc ReID:0.0015 
Epoch:49 Time:8.4 Data:0.0 Loss:0.4169 Cls Loss:0.3233 Cls reid Loss:6.9039 Pair Loss:0.0936 Center Loss:1440.9772 KL Loss:168.8267 Recon Loss:0.1821 Acc:0.9466 Acc ReID:0.0015 
Epoch:50 Time:5.5 Data:0.0 Loss:0.4468 Cls Loss:0.3541 Cls reid Loss:6.9040 Pair Loss:0.0927 Center Loss:1442.7608 KL Loss:168.6535 Recon Loss:0.1821 Acc:0.9393 Acc ReID:0.0018 
=> Test at epoch 50
==========Test with latent_z: z_c =========
Extracted features for query set, obtained torch.Size([2709, 128]) matrix
Extracted features for gallery set, obtained torch.Size([2000, 128]) matrix
Extracting features complete in 0m 7s
Distance computing in 0m 1s
Results ---------------------------------------------------
top1:20.2% top5:43.4% top10:55.5% top20:66.9% mAP:25.1%
-----------------------------------------------------------
Using 0m 0s
Classifier results ---------------------------------------------------
Query acc: 19.4% Gallery acc: 96.9% Total acc: 52.3%
ReID Classifier results ---------------------------------------------------
Query acc: 0.1% Gallery acc: 0.2% Total acc: 0.1%
Jump TSNE in test
==========Test with latent_z: new_z =========
Extracted features for query set, obtained torch.Size([2709, 1280]) matrix
Extracted features for gallery set, obtained torch.Size([2000, 1280]) matrix
Extracting features complete in 0m 5s
Distance computing in 0m 1s
Results ---------------------------------------------------
top1:24.7% top5:49.4% top10:60.7% top20:72.8% mAP:30.5%
-----------------------------------------------------------
Using 0m 0s
Classifier results ---------------------------------------------------
Query acc: 19.4% Gallery acc: 96.9% Total acc: 52.3%
ReID Classifier results ---------------------------------------------------
Query acc: 0.1% Gallery acc: 0.2% Total acc: 0.1%
Epoch:51 Time:14.2 Data:0.0 Loss:0.4215 Cls Loss:0.3272 Cls reid Loss:6.9043 Pair Loss:0.0943 Center Loss:1443.2784 KL Loss:168.2028 Recon Loss:0.1821 Acc:0.9282 Acc ReID:0.0023 
Epoch:52 Time:12.9 Data:0.0 Loss:0.4772 Cls Loss:0.3868 Cls reid Loss:6.9040 Pair Loss:0.0904 Center Loss:1446.8077 KL Loss:168.1969 Recon Loss:0.1821 Acc:0.9156 Acc ReID:0.0013 
Epoch:53 Time:15.0 Data:0.0 Loss:0.5908 Cls Loss:0.4968 Cls reid Loss:6.9036 Pair Loss:0.0940 Center Loss:1446.9603 KL Loss:167.8694 Recon Loss:0.1822 Acc:0.8884 Acc ReID:0.0028 
Epoch:54 Time:12.4 Data:0.0 Loss:0.5284 Cls Loss:0.4323 Cls reid Loss:6.9038 Pair Loss:0.0961 Center Loss:1442.8550 KL Loss:167.5078 Recon Loss:0.1821 Acc:0.8952 Acc ReID:0.0010 
Epoch:55 Time:11.3 Data:0.0 Loss:0.4019 Cls Loss:0.3109 Cls reid Loss:6.9041 Pair Loss:0.0910 Center Loss:1443.4911 KL Loss:167.3934 Recon Loss:0.1822 Acc:0.9221 Acc ReID:0.0025 
=> Test at epoch 55
==========Test with latent_z: z_c =========
Extracted features for query set, obtained torch.Size([2709, 128]) matrix
Extracted features for gallery set, obtained torch.Size([2000, 128]) matrix
Extracting features complete in 0m 5s
Distance computing in 0m 0s
Results ---------------------------------------------------
top1:20.2% top5:43.4% top10:55.5% top20:66.9% mAP:25.1%
-----------------------------------------------------------
Using 0m 0s
Classifier results ---------------------------------------------------
Query acc: 19.9% Gallery acc: 97.0% Total acc: 52.6%
ReID Classifier results ---------------------------------------------------
Query acc: 0.1% Gallery acc: 0.2% Total acc: 0.1%
Jump TSNE in test
==========Test with latent_z: new_z =========
Extracted features for query set, obtained torch.Size([2709, 1280]) matrix
Extracted features for gallery set, obtained torch.Size([2000, 1280]) matrix
Extracting features complete in 0m 5s
Distance computing in 0m 1s
Results ---------------------------------------------------
top1:25.6% top5:49.4% top10:61.6% top20:71.8% mAP:31.1%
-----------------------------------------------------------
Using 0m 0s
Classifier results ---------------------------------------------------
Query acc: 19.9% Gallery acc: 97.0% Total acc: 52.6%
ReID Classifier results ---------------------------------------------------
Query acc: 0.1% Gallery acc: 0.2% Total acc: 0.1%
Epoch:56 Time:15.0 Data:0.0 Loss:0.2713 Cls Loss:0.1806 Cls reid Loss:6.9041 Pair Loss:0.0906 Center Loss:1444.6713 KL Loss:167.1614 Recon Loss:0.1821 Acc:0.9531 Acc ReID:0.0010 
Epoch:57 Time:13.7 Data:0.0 Loss:0.2299 Cls Loss:0.1393 Cls reid Loss:6.9043 Pair Loss:0.0906 Center Loss:1444.9406 KL Loss:167.1282 Recon Loss:0.1822 Acc:0.9688 Acc ReID:0.0010 
Epoch:58 Time:14.1 Data:0.0 Loss:0.2004 Cls Loss:0.1050 Cls reid Loss:6.9038 Pair Loss:0.0954 Center Loss:1447.1213 KL Loss:166.6861 Recon Loss:0.1821 Acc:0.9786 Acc ReID:0.0013 
Epoch:59 Time:11.1 Data:0.0 Loss:0.1446 Cls Loss:0.0507 Cls reid Loss:6.9043 Pair Loss:0.0938 Center Loss:1445.0818 KL Loss:166.3619 Recon Loss:0.1822 Acc:0.9892 Acc ReID:0.0010 
Epoch:60 Time:10.1 Data:0.0 Loss:0.1320 Cls Loss:0.0386 Cls reid Loss:6.9041 Pair Loss:0.0934 Center Loss:1446.8567 KL Loss:166.2745 Recon Loss:0.1822 Acc:0.9922 Acc ReID:0.0005 
=> Test at epoch 60
==========Test with latent_z: z_c =========
Extracted features for query set, obtained torch.Size([2709, 128]) matrix
Extracted features for gallery set, obtained torch.Size([2000, 128]) matrix
Extracting features complete in 0m 4s
Distance computing in 0m 1s
Results ---------------------------------------------------
top1:20.2% top5:43.4% top10:55.5% top20:66.9% mAP:25.1%
-----------------------------------------------------------
Using 0m 0s
Classifier results ---------------------------------------------------
Query acc: 22.7% Gallery acc: 99.8% Total acc: 55.4%
ReID Classifier results ---------------------------------------------------
Query acc: 0.1% Gallery acc: 0.0% Total acc: 0.0%
Jump TSNE in test
==========Test with latent_z: new_z =========
Extracted features for query set, obtained torch.Size([2709, 1280]) matrix
Extracted features for gallery set, obtained torch.Size([2000, 1280]) matrix
Extracting features complete in 0m 5s
Distance computing in 0m 1s
Results ---------------------------------------------------
top1:25.8% top5:49.5% top10:61.4% top20:72.6% mAP:30.9%
-----------------------------------------------------------
Using 0m 0s
Classifier results ---------------------------------------------------
Query acc: 22.7% Gallery acc: 99.8% Total acc: 55.4%
ReID Classifier results ---------------------------------------------------
Query acc: 0.1% Gallery acc: 0.0% Total acc: 0.0%
Epoch:61 Time:14.0 Data:0.0 Loss:0.1026 Cls Loss:0.0156 Cls reid Loss:6.9041 Pair Loss:0.0870 Center Loss:1440.3483 KL Loss:165.8262 Recon Loss:0.1822 Acc:0.9972 Acc ReID:0.0013 
Epoch:62 Time:13.5 Data:0.0 Loss:0.0904 Cls Loss:0.0092 Cls reid Loss:6.9041 Pair Loss:0.0812 Center Loss:1434.1525 KL Loss:165.3506 Recon Loss:0.1822 Acc:0.9995 Acc ReID:0.0010 
Epoch:63 Time:13.2 Data:0.0 Loss:0.0902 Cls Loss:0.0083 Cls reid Loss:6.9041 Pair Loss:0.0820 Center Loss:1431.2140 KL Loss:165.4604 Recon Loss:0.1821 Acc:0.9992 Acc ReID:0.0010 
Epoch:64 Time:9.7 Data:0.0 Loss:0.0923 Cls Loss:0.0077 Cls reid Loss:6.9041 Pair Loss:0.0846 Center Loss:1429.1591 KL Loss:165.0023 Recon Loss:0.1821 Acc:0.9995 Acc ReID:0.0013 
Epoch:65 Time:13.2 Data:0.0 Loss:0.0857 Cls Loss:0.0075 Cls reid Loss:6.9040 Pair Loss:0.0782 Center Loss:1427.5188 KL Loss:164.7410 Recon Loss:0.1821 Acc:0.9995 Acc ReID:0.0013 
=> Test at epoch 65
==========Test with latent_z: z_c =========
Extracted features for query set, obtained torch.Size([2709, 128]) matrix
Extracted features for gallery set, obtained torch.Size([2000, 128]) matrix
Extracting features complete in 0m 5s
Distance computing in 0m 0s
Results ---------------------------------------------------
top1:20.2% top5:43.4% top10:55.5% top20:66.9% mAP:25.1%
-----------------------------------------------------------
Using 0m 1s
Classifier results ---------------------------------------------------
Query acc: 24.7% Gallery acc: 100.0% Total acc: 56.7%
ReID Classifier results ---------------------------------------------------
Query acc: 0.1% Gallery acc: 0.2% Total acc: 0.1%
Jump TSNE in test
==========Test with latent_z: new_z =========
Extracted features for query set, obtained torch.Size([2709, 1280]) matrix
Extracted features for gallery set, obtained torch.Size([2000, 1280]) matrix
Extracting features complete in 0m 6s
Distance computing in 0m 0s
Results ---------------------------------------------------
top1:26.2% top5:50.4% top10:63.1% top20:72.9% mAP:31.7%
-----------------------------------------------------------
Using 0m 0s
Classifier results ---------------------------------------------------
Query acc: 24.7% Gallery acc: 100.0% Total acc: 56.7%
ReID Classifier results ---------------------------------------------------
Query acc: 0.1% Gallery acc: 0.2% Total acc: 0.1%
Epoch:66 Time:15.3 Data:0.0 Loss:0.0829 Cls Loss:0.0073 Cls reid Loss:6.9041 Pair Loss:0.0756 Center Loss:1425.0935 KL Loss:164.6533 Recon Loss:0.1821 Acc:0.9992 Acc ReID:0.0013 
Epoch:67 Time:13.4 Data:0.0 Loss:0.0847 Cls Loss:0.0072 Cls reid Loss:6.9041 Pair Loss:0.0775 Center Loss:1423.9876 KL Loss:164.3568 Recon Loss:0.1821 Acc:0.9992 Acc ReID:0.0015 
Epoch:68 Time:12.4 Data:0.0 Loss:0.0803 Cls Loss:0.0072 Cls reid Loss:6.9041 Pair Loss:0.0732 Center Loss:1423.0173 KL Loss:163.9941 Recon Loss:0.1821 Acc:0.9990 Acc ReID:0.0015 
Epoch:69 Time:11.3 Data:0.0 Loss:0.0841 Cls Loss:0.0072 Cls reid Loss:6.9041 Pair Loss:0.0769 Center Loss:1421.8238 KL Loss:163.7853 Recon Loss:0.1821 Acc:0.9992 Acc ReID:0.0013 
Epoch:70 Time:13.7 Data:0.0 Loss:0.0804 Cls Loss:0.0071 Cls reid Loss:6.9041 Pair Loss:0.0733 Center Loss:1420.3387 KL Loss:163.7553 Recon Loss:0.1821 Acc:0.9990 Acc ReID:0.0015 
=> Test at epoch 70
==========Test with latent_z: z_c =========
Extracted features for query set, obtained torch.Size([2709, 128]) matrix
Extracted features for gallery set, obtained torch.Size([2000, 128]) matrix
Extracting features complete in 0m 5s
Distance computing in 0m 1s
Results ---------------------------------------------------
top1:20.2% top5:43.4% top10:55.5% top20:66.9% mAP:25.1%
-----------------------------------------------------------
Using 0m 0s
Classifier results ---------------------------------------------------
Query acc: 24.9% Gallery acc: 100.0% Total acc: 56.8%
ReID Classifier results ---------------------------------------------------
Query acc: 0.1% Gallery acc: 0.2% Total acc: 0.1%
Jump TSNE in test
==========Test with latent_z: new_z =========
Extracted features for query set, obtained torch.Size([2709, 1280]) matrix
Extracted features for gallery set, obtained torch.Size([2000, 1280]) matrix
Extracting features complete in 0m 5s
Distance computing in 0m 0s
Results ---------------------------------------------------
top1:26.4% top5:50.9% top10:62.8% top20:73.9% mAP:31.9%
-----------------------------------------------------------
Using 0m 0s
Classifier results ---------------------------------------------------
Query acc: 24.9% Gallery acc: 100.0% Total acc: 56.8%
ReID Classifier results ---------------------------------------------------
Query acc: 0.1% Gallery acc: 0.2% Total acc: 0.1%
Epoch:71 Time:11.3 Data:0.0 Loss:0.0811 Cls Loss:0.0071 Cls reid Loss:6.9041 Pair Loss:0.0739 Center Loss:1418.3801 KL Loss:163.3495 Recon Loss:0.1821 Acc:0.9995 Acc ReID:0.0013 
Epoch:72 Time:14.1 Data:0.0 Loss:0.0833 Cls Loss:0.0072 Cls reid Loss:6.9041 Pair Loss:0.0761 Center Loss:1417.5616 KL Loss:163.1888 Recon Loss:0.1821 Acc:0.9995 Acc ReID:0.0015 
Epoch:73 Time:12.0 Data:0.0 Loss:0.0787 Cls Loss:0.0072 Cls reid Loss:6.9040 Pair Loss:0.0715 Center Loss:1416.4748 KL Loss:162.9151 Recon Loss:0.1822 Acc:0.9995 Acc ReID:0.0015 
Epoch:74 Time:12.6 Data:0.0 Loss:0.0800 Cls Loss:0.0073 Cls reid Loss:6.9040 Pair Loss:0.0727 Center Loss:1414.9596 KL Loss:162.6588 Recon Loss:0.1821 Acc:0.9990 Acc ReID:0.0020 
Epoch:75 Time:13.5 Data:0.0 Loss:0.0821 Cls Loss:0.0073 Cls reid Loss:6.9039 Pair Loss:0.0748 Center Loss:1413.4827 KL Loss:162.3288 Recon Loss:0.1821 Acc:0.9990 Acc ReID:0.0015 
=> Test at epoch 75
==========Test with latent_z: z_c =========
Extracted features for query set, obtained torch.Size([2709, 128]) matrix
Extracted features for gallery set, obtained torch.Size([2000, 128]) matrix
Extracting features complete in 0m 6s
Distance computing in 0m 1s
Results ---------------------------------------------------
top1:20.2% top5:43.4% top10:55.5% top20:66.9% mAP:25.1%
-----------------------------------------------------------
Using 0m 0s
Classifier results ---------------------------------------------------
Query acc: 25.2% Gallery acc: 100.0% Total acc: 57.0%
ReID Classifier results ---------------------------------------------------
Query acc: 0.1% Gallery acc: 0.2% Total acc: 0.1%
Jump TSNE in test
==========Test with latent_z: new_z =========
Extracted features for query set, obtained torch.Size([2709, 1280]) matrix
Extracted features for gallery set, obtained torch.Size([2000, 1280]) matrix
Extracting features complete in 0m 4s
Distance computing in 0m 0s
Results ---------------------------------------------------
top1:26.3% top5:50.3% top10:62.7% top20:73.5% mAP:31.8%
-----------------------------------------------------------
Using 0m 0s
Classifier results ---------------------------------------------------
Query acc: 25.2% Gallery acc: 100.0% Total acc: 57.0%
ReID Classifier results ---------------------------------------------------
Query acc: 0.1% Gallery acc: 0.2% Total acc: 0.1%
Epoch:76 Time:11.5 Data:0.0 Loss:0.0776 Cls Loss:0.0072 Cls reid Loss:6.9040 Pair Loss:0.0703 Center Loss:1413.3822 KL Loss:162.1656 Recon Loss:0.1821 Acc:0.9995 Acc ReID:0.0018 
Epoch:77 Time:13.0 Data:0.0 Loss:0.0806 Cls Loss:0.0074 Cls reid Loss:6.9040 Pair Loss:0.0732 Center Loss:1412.2681 KL Loss:161.9591 Recon Loss:0.1822 Acc:0.9990 Acc ReID:0.0013 
Epoch:78 Time:12.1 Data:0.0 Loss:0.0824 Cls Loss:0.0074 Cls reid Loss:6.9041 Pair Loss:0.0750 Center Loss:1411.1847 KL Loss:161.6816 Recon Loss:0.1822 Acc:0.9992 Acc ReID:0.0015 
Epoch:79 Time:12.3 Data:0.0 Loss:0.0874 Cls Loss:0.0076 Cls reid Loss:6.9041 Pair Loss:0.0798 Center Loss:1410.1051 KL Loss:161.3384 Recon Loss:0.1821 Acc:0.9995 Acc ReID:0.0013 
Epoch:80 Time:12.8 Data:0.0 Loss:0.0826 Cls Loss:0.0075 Cls reid Loss:6.9040 Pair Loss:0.0751 Center Loss:1409.1109 KL Loss:161.2688 Recon Loss:0.1822 Acc:0.9992 Acc ReID:0.0015 
=> Test at epoch 80
==========Test with latent_z: z_c =========
Extracted features for query set, obtained torch.Size([2709, 128]) matrix
Extracted features for gallery set, obtained torch.Size([2000, 128]) matrix
Extracting features complete in 0m 5s
Distance computing in 0m 0s
Results ---------------------------------------------------
top1:20.2% top5:43.4% top10:55.5% top20:66.9% mAP:25.1%
-----------------------------------------------------------
Using 0m 0s
Classifier results ---------------------------------------------------
Query acc: 25.2% Gallery acc: 100.0% Total acc: 57.0%
ReID Classifier results ---------------------------------------------------
Query acc: 0.2% Gallery acc: 0.2% Total acc: 0.2%
Jump TSNE in test
==========Test with latent_z: new_z =========
Extracted features for query set, obtained torch.Size([2709, 1280]) matrix
Extracted features for gallery set, obtained torch.Size([2000, 1280]) matrix
Extracting features complete in 0m 5s
Distance computing in 0m 1s
Results ---------------------------------------------------
top1:26.0% top5:50.5% top10:62.8% top20:73.5% mAP:31.8%
-----------------------------------------------------------
Using 0m 0s
Classifier results ---------------------------------------------------
Query acc: 25.2% Gallery acc: 100.0% Total acc: 57.0%
ReID Classifier results ---------------------------------------------------
Query acc: 0.2% Gallery acc: 0.2% Total acc: 0.2%
Epoch:81 Time:12.9 Data:0.0 Loss:0.0810 Cls Loss:0.0075 Cls reid Loss:6.9040 Pair Loss:0.0735 Center Loss:1407.9432 KL Loss:160.8972 Recon Loss:0.1821 Acc:0.9995 Acc ReID:0.0015 
Epoch:82 Time:12.5 Data:0.0 Loss:0.0802 Cls Loss:0.0078 Cls reid Loss:6.9040 Pair Loss:0.0724 Center Loss:1406.7585 KL Loss:160.8987 Recon Loss:0.1821 Acc:0.9995 Acc ReID:0.0018 
Epoch:83 Time:10.0 Data:0.0 Loss:0.0817 Cls Loss:0.0078 Cls reid Loss:6.9040 Pair Loss:0.0739 Center Loss:1406.2912 KL Loss:160.8805 Recon Loss:0.1821 Acc:0.9992 Acc ReID:0.0018 
Epoch:84 Time:13.1 Data:0.0 Loss:0.0854 Cls Loss:0.0079 Cls reid Loss:6.9040 Pair Loss:0.0775 Center Loss:1405.7420 KL Loss:160.9476 Recon Loss:0.1821 Acc:0.9992 Acc ReID:0.0015 
Epoch:85 Time:13.6 Data:0.0 Loss:0.0800 Cls Loss:0.0080 Cls reid Loss:6.9040 Pair Loss:0.0720 Center Loss:1404.7217 KL Loss:160.9651 Recon Loss:0.1822 Acc:0.9990 Acc ReID:0.0013 
=> Test at epoch 85
==========Test with latent_z: z_c =========
Extracted features for query set, obtained torch.Size([2709, 128]) matrix
Extracted features for gallery set, obtained torch.Size([2000, 128]) matrix
Extracting features complete in 0m 5s
Distance computing in 0m 1s
Results ---------------------------------------------------
top1:20.2% top5:43.4% top10:55.5% top20:66.9% mAP:25.1%
-----------------------------------------------------------
Using 0m 0s
Classifier results ---------------------------------------------------
Query acc: 25.2% Gallery acc: 100.0% Total acc: 57.0%
ReID Classifier results ---------------------------------------------------
Query acc: 0.2% Gallery acc: 0.2% Total acc: 0.2%
Jump TSNE in test
==========Test with latent_z: new_z =========
Extracted features for query set, obtained torch.Size([2709, 1280]) matrix
Extracted features for gallery set, obtained torch.Size([2000, 1280]) matrix
Extracting features complete in 0m 5s
Distance computing in 0m 1s
Results ---------------------------------------------------
top1:26.3% top5:50.8% top10:63.0% top20:73.4% mAP:31.8%
-----------------------------------------------------------
Using 0m 0s
Classifier results ---------------------------------------------------
Query acc: 25.2% Gallery acc: 100.0% Total acc: 57.0%
ReID Classifier results ---------------------------------------------------
Query acc: 0.2% Gallery acc: 0.2% Total acc: 0.2%
Epoch:86 Time:12.5 Data:0.0 Loss:0.0835 Cls Loss:0.0081 Cls reid Loss:6.9040 Pair Loss:0.0754 Center Loss:1403.7556 KL Loss:160.8144 Recon Loss:0.1821 Acc:0.9992 Acc ReID:0.0015 
Epoch:87 Time:10.2 Data:0.0 Loss:0.0846 Cls Loss:0.0082 Cls reid Loss:6.9040 Pair Loss:0.0764 Center Loss:1402.6642 KL Loss:160.8420 Recon Loss:0.1821 Acc:0.9990 Acc ReID:0.0020 
Epoch:88 Time:11.8 Data:0.0 Loss:0.0787 Cls Loss:0.0084 Cls reid Loss:6.9040 Pair Loss:0.0703 Center Loss:1401.5046 KL Loss:160.5654 Recon Loss:0.1821 Acc:0.9992 Acc ReID:0.0018 
Epoch:89 Time:14.3 Data:0.0 Loss:0.0824 Cls Loss:0.0085 Cls reid Loss:6.9040 Pair Loss:0.0740 Center Loss:1400.6860 KL Loss:160.7996 Recon Loss:0.1822 Acc:0.9995 Acc ReID:0.0018 
Epoch:90 Time:13.6 Data:0.0 Loss:0.0826 Cls Loss:0.0086 Cls reid Loss:6.9040 Pair Loss:0.0740 Center Loss:1399.8263 KL Loss:161.0623 Recon Loss:0.1822 Acc:0.9995 Acc ReID:0.0015 
=> Test at epoch 90
==========Test with latent_z: z_c =========
Extracted features for query set, obtained torch.Size([2709, 128]) matrix
Extracted features for gallery set, obtained torch.Size([2000, 128]) matrix
Extracting features complete in 0m 5s
Distance computing in 0m 1s
Results ---------------------------------------------------
top1:20.2% top5:43.4% top10:55.5% top20:66.9% mAP:25.1%
-----------------------------------------------------------
Using 0m 0s
Classifier results ---------------------------------------------------
Query acc: 25.2% Gallery acc: 100.0% Total acc: 57.0%
ReID Classifier results ---------------------------------------------------
Query acc: 0.2% Gallery acc: 0.2% Total acc: 0.2%
Jump TSNE in test
==========Test with latent_z: new_z =========
Extracted features for query set, obtained torch.Size([2709, 1280]) matrix
Extracted features for gallery set, obtained torch.Size([2000, 1280]) matrix
Extracting features complete in 0m 5s
Distance computing in 0m 0s
Results ---------------------------------------------------
top1:26.7% top5:50.7% top10:63.0% top20:73.5% mAP:31.9%
-----------------------------------------------------------
Using 0m 0s
Classifier results ---------------------------------------------------
Query acc: 25.2% Gallery acc: 100.0% Total acc: 57.0%
ReID Classifier results ---------------------------------------------------
Query acc: 0.2% Gallery acc: 0.2% Total acc: 0.2%
Epoch:91 Time:13.6 Data:0.0 Loss:0.0851 Cls Loss:0.0085 Cls reid Loss:6.9040 Pair Loss:0.0767 Center Loss:1398.7509 KL Loss:160.8375 Recon Loss:0.1821 Acc:0.9995 Acc ReID:0.0013 
Epoch:92 Time:11.3 Data:0.0 Loss:0.0830 Cls Loss:0.0089 Cls reid Loss:6.9040 Pair Loss:0.0741 Center Loss:1398.0074 KL Loss:160.8935 Recon Loss:0.1822 Acc:0.9990 Acc ReID:0.0013 
Epoch:93 Time:12.2 Data:0.0 Loss:0.0786 Cls Loss:0.0089 Cls reid Loss:6.9040 Pair Loss:0.0697 Center Loss:1397.5140 KL Loss:160.8394 Recon Loss:0.1822 Acc:0.9995 Acc ReID:0.0018 
Epoch:94 Time:14.3 Data:0.0 Loss:0.0799 Cls Loss:0.0092 Cls reid Loss:6.9039 Pair Loss:0.0708 Center Loss:1397.0955 KL Loss:160.8069 Recon Loss:0.1821 Acc:0.9992 Acc ReID:0.0018 
Epoch:95 Time:12.9 Data:0.0 Loss:0.0804 Cls Loss:0.0093 Cls reid Loss:6.9040 Pair Loss:0.0710 Center Loss:1396.2649 KL Loss:160.6047 Recon Loss:0.1821 Acc:0.9990 Acc ReID:0.0015 
=> Test at epoch 95
==========Test with latent_z: z_c =========
Extracted features for query set, obtained torch.Size([2709, 128]) matrix
Extracted features for gallery set, obtained torch.Size([2000, 128]) matrix
Extracting features complete in 0m 5s
Distance computing in 0m 1s
Results ---------------------------------------------------
top1:20.2% top5:43.4% top10:55.5% top20:66.9% mAP:25.1%
-----------------------------------------------------------
Using 0m 0s
Classifier results ---------------------------------------------------
Query acc: 25.5% Gallery acc: 100.0% Total acc: 57.1%
ReID Classifier results ---------------------------------------------------
Query acc: 0.1% Gallery acc: 0.2% Total acc: 0.1%
Jump TSNE in test
==========Test with latent_z: new_z =========
Extracted features for query set, obtained torch.Size([2709, 1280]) matrix
Extracted features for gallery set, obtained torch.Size([2000, 1280]) matrix
Extracting features complete in 0m 5s
Distance computing in 0m 1s
Results ---------------------------------------------------
top1:26.6% top5:50.4% top10:63.2% top20:73.3% mAP:31.9%
-----------------------------------------------------------
Using 0m 0s
Classifier results ---------------------------------------------------
Query acc: 25.5% Gallery acc: 100.0% Total acc: 57.1%
ReID Classifier results ---------------------------------------------------
Query acc: 0.1% Gallery acc: 0.2% Total acc: 0.1%
Epoch:96 Time:14.9 Data:0.0 Loss:0.0781 Cls Loss:0.0094 Cls reid Loss:6.9039 Pair Loss:0.0687 Center Loss:1395.8240 KL Loss:160.7885 Recon Loss:0.1821 Acc:0.9995 Acc ReID:0.0020 
Epoch:97 Time:10.1 Data:0.0 Loss:0.0809 Cls Loss:0.0095 Cls reid Loss:6.9038 Pair Loss:0.0714 Center Loss:1394.6332 KL Loss:160.9222 Recon Loss:0.1821 Acc:0.9995 Acc ReID:0.0018 
Epoch:98 Time:9.1 Data:0.0 Loss:0.0827 Cls Loss:0.0097 Cls reid Loss:6.9040 Pair Loss:0.0730 Center Loss:1393.7887 KL Loss:160.7871 Recon Loss:0.1820 Acc:0.9995 Acc ReID:0.0015 
Epoch:99 Time:13.0 Data:0.0 Loss:0.0798 Cls Loss:0.0100 Cls reid Loss:6.9040 Pair Loss:0.0697 Center Loss:1393.2124 KL Loss:160.9344 Recon Loss:0.1821 Acc:0.9992 Acc ReID:0.0018 
Epoch:100 Time:14.0 Data:0.0 Loss:0.0821 Cls Loss:0.0101 Cls reid Loss:6.9039 Pair Loss:0.0720 Center Loss:1392.9953 KL Loss:160.8869 Recon Loss:0.1822 Acc:0.9995 Acc ReID:0.0018 
=> Test at epoch 100
==========Test with latent_z: z_c =========
Extracted features for query set, obtained torch.Size([2709, 128]) matrix
Extracted features for gallery set, obtained torch.Size([2000, 128]) matrix
Extracting features complete in 0m 5s
Distance computing in 0m 1s
Results ---------------------------------------------------
top1:20.2% top5:43.4% top10:55.5% top20:66.9% mAP:25.1%
-----------------------------------------------------------
Using 0m 0s
Classifier results ---------------------------------------------------
Query acc: 25.5% Gallery acc: 100.0% Total acc: 57.2%
ReID Classifier results ---------------------------------------------------
Query acc: 0.1% Gallery acc: 0.2% Total acc: 0.1%
Jump TSNE in test
==========Test with latent_z: new_z =========
Extracted features for query set, obtained torch.Size([2709, 1280]) matrix
Extracted features for gallery set, obtained torch.Size([2000, 1280]) matrix
Extracting features complete in 0m 5s
Distance computing in 0m 0s
Results ---------------------------------------------------
top1:26.3% top5:50.9% top10:62.6% top20:73.2% mAP:31.9%
-----------------------------------------------------------
Using 0m 0s
Classifier results ---------------------------------------------------
Query acc: 25.5% Gallery acc: 100.0% Total acc: 57.2%
ReID Classifier results ---------------------------------------------------
Query acc: 0.1% Gallery acc: 0.2% Total acc: 0.1%
Epoch:101 Time:14.6 Data:0.0 Loss:0.0789 Cls Loss:0.0103 Cls reid Loss:6.9040 Pair Loss:0.0686 Center Loss:1392.5631 KL Loss:160.8991 Recon Loss:0.1822 Acc:0.9992 Acc ReID:0.0018 
Epoch:102 Time:12.0 Data:0.0 Loss:0.0822 Cls Loss:0.0105 Cls reid Loss:6.9040 Pair Loss:0.0717 Center Loss:1391.7021 KL Loss:160.8813 Recon Loss:0.1821 Acc:0.9990 Acc ReID:0.0018 
Epoch:103 Time:7.4 Data:0.0 Loss:0.0850 Cls Loss:0.0106 Cls reid Loss:6.9039 Pair Loss:0.0744 Center Loss:1390.2029 KL Loss:160.7145 Recon Loss:0.1822 Acc:0.9995 Acc ReID:0.0020 
Epoch:104 Time:6.6 Data:0.0 Loss:0.0819 Cls Loss:0.0106 Cls reid Loss:6.9039 Pair Loss:0.0713 Center Loss:1390.2579 KL Loss:160.9410 Recon Loss:0.1822 Acc:0.9995 Acc ReID:0.0018 
Epoch:105 Time:7.2 Data:0.0 Loss:0.0795 Cls Loss:0.0109 Cls reid Loss:6.9039 Pair Loss:0.0686 Center Loss:1389.6184 KL Loss:160.9446 Recon Loss:0.1821 Acc:0.9995 Acc ReID:0.0018 
=> Test at epoch 105
==========Test with latent_z: z_c =========
Extracted features for query set, obtained torch.Size([2709, 128]) matrix
Extracted features for gallery set, obtained torch.Size([2000, 128]) matrix
Extracting features complete in 0m 4s
Distance computing in 0m 0s
Results ---------------------------------------------------
top1:20.2% top5:43.4% top10:55.5% top20:66.9% mAP:25.1%
-----------------------------------------------------------
Using 0m 0s
Classifier results ---------------------------------------------------
Query acc: 25.5% Gallery acc: 100.0% Total acc: 57.1%
ReID Classifier results ---------------------------------------------------
Query acc: 0.1% Gallery acc: 0.2% Total acc: 0.2%
Jump TSNE in test
==========Test with latent_z: new_z =========
Extracted features for query set, obtained torch.Size([2709, 1280]) matrix
Extracted features for gallery set, obtained torch.Size([2000, 1280]) matrix
Extracting features complete in 0m 4s
Distance computing in 0m 0s
Results ---------------------------------------------------
top1:26.2% top5:51.0% top10:62.3% top20:73.2% mAP:31.8%
-----------------------------------------------------------
Using 0m 0s
Classifier results ---------------------------------------------------
Query acc: 25.5% Gallery acc: 100.0% Total acc: 57.1%
ReID Classifier results ---------------------------------------------------
Query acc: 0.1% Gallery acc: 0.2% Total acc: 0.2%
Epoch:106 Time:8.2 Data:0.0 Loss:0.0881 Cls Loss:0.0113 Cls reid Loss:6.9040 Pair Loss:0.0769 Center Loss:1388.6774 KL Loss:160.8784 Recon Loss:0.1821 Acc:0.9995 Acc ReID:0.0018 
Epoch:107 Time:7.6 Data:0.0 Loss:0.0842 Cls Loss:0.0114 Cls reid Loss:6.9039 Pair Loss:0.0728 Center Loss:1387.6771 KL Loss:160.7993 Recon Loss:0.1821 Acc:0.9992 Acc ReID:0.0020 
Epoch:108 Time:6.1 Data:0.0 Loss:0.0826 Cls Loss:0.0117 Cls reid Loss:6.9040 Pair Loss:0.0709 Center Loss:1387.2357 KL Loss:160.9046 Recon Loss:0.1821 Acc:0.9992 Acc ReID:0.0013 
Epoch:109 Time:6.2 Data:0.0 Loss:0.0855 Cls Loss:0.0119 Cls reid Loss:6.9040 Pair Loss:0.0737 Center Loss:1386.0704 KL Loss:160.8099 Recon Loss:0.1821 Acc:0.9990 Acc ReID:0.0013 
Epoch:110 Time:7.6 Data:0.0 Loss:0.0800 Cls Loss:0.0119 Cls reid Loss:6.9040 Pair Loss:0.0681 Center Loss:1385.5572 KL Loss:160.9075 Recon Loss:0.1821 Acc:0.9995 Acc ReID:0.0015 
=> Test at epoch 110
==========Test with latent_z: z_c =========
Extracted features for query set, obtained torch.Size([2709, 128]) matrix
Extracted features for gallery set, obtained torch.Size([2000, 128]) matrix
Extracting features complete in 0m 4s
Distance computing in 0m 0s
Results ---------------------------------------------------
top1:20.2% top5:43.4% top10:55.5% top20:66.9% mAP:25.1%
-----------------------------------------------------------
Using 0m 0s
Classifier results ---------------------------------------------------
Query acc: 25.7% Gallery acc: 100.0% Total acc: 57.3%
ReID Classifier results ---------------------------------------------------
Query acc: 0.1% Gallery acc: 0.2% Total acc: 0.2%
Jump TSNE in test
==========Test with latent_z: new_z =========
Extracted features for query set, obtained torch.Size([2709, 1280]) matrix
Extracted features for gallery set, obtained torch.Size([2000, 1280]) matrix
Extracting features complete in 0m 4s
Distance computing in 0m 0s
Results ---------------------------------------------------
top1:26.4% top5:50.5% top10:63.0% top20:73.1% mAP:31.8%
-----------------------------------------------------------
Using 0m 0s
Classifier results ---------------------------------------------------
Query acc: 25.7% Gallery acc: 100.0% Total acc: 57.3%
ReID Classifier results ---------------------------------------------------
Query acc: 0.1% Gallery acc: 0.2% Total acc: 0.2%
Epoch:111 Time:7.9 Data:0.0 Loss:0.0799 Cls Loss:0.0123 Cls reid Loss:6.9041 Pair Loss:0.0676 Center Loss:1384.8786 KL Loss:160.8071 Recon Loss:0.1822 Acc:0.9990 Acc ReID:0.0015 
Epoch:112 Time:6.5 Data:0.0 Loss:0.0824 Cls Loss:0.0126 Cls reid Loss:6.9040 Pair Loss:0.0698 Center Loss:1384.4438 KL Loss:160.7676 Recon Loss:0.1822 Acc:0.9990 Acc ReID:0.0013 
Epoch:113 Time:6.0 Data:0.0 Loss:0.0801 Cls Loss:0.0128 Cls reid Loss:6.9040 Pair Loss:0.0673 Center Loss:1383.8035 KL Loss:160.8361 Recon Loss:0.1822 Acc:0.9992 Acc ReID:0.0020 
Epoch:114 Time:7.4 Data:0.0 Loss:0.0863 Cls Loss:0.0130 Cls reid Loss:6.9039 Pair Loss:0.0733 Center Loss:1384.0041 KL Loss:160.8428 Recon Loss:0.1821 Acc:0.9992 Acc ReID:0.0023 
Epoch:115 Time:6.5 Data:0.0 Loss:0.0842 Cls Loss:0.0131 Cls reid Loss:6.9040 Pair Loss:0.0710 Center Loss:1383.6295 KL Loss:160.8407 Recon Loss:0.1821 Acc:0.9995 Acc ReID:0.0018 
=> Test at epoch 115
==========Test with latent_z: z_c =========
Extracted features for query set, obtained torch.Size([2709, 128]) matrix
Extracted features for gallery set, obtained torch.Size([2000, 128]) matrix
Extracting features complete in 0m 4s
Distance computing in 0m 0s
Results ---------------------------------------------------
top1:20.2% top5:43.4% top10:55.5% top20:66.9% mAP:25.1%
-----------------------------------------------------------
Using 0m 0s
Classifier results ---------------------------------------------------
Query acc: 25.6% Gallery acc: 100.0% Total acc: 57.2%
ReID Classifier results ---------------------------------------------------
Query acc: 0.1% Gallery acc: 0.2% Total acc: 0.1%
Jump TSNE in test
==========Test with latent_z: new_z =========
Extracted features for query set, obtained torch.Size([2709, 1280]) matrix
Extracted features for gallery set, obtained torch.Size([2000, 1280]) matrix
Extracting features complete in 0m 3s
Distance computing in 0m 0s
Results ---------------------------------------------------
top1:26.0% top5:50.7% top10:62.9% top20:73.5% mAP:31.8%
-----------------------------------------------------------
Using 0m 0s
Classifier results ---------------------------------------------------
Query acc: 25.6% Gallery acc: 100.0% Total acc: 57.2%
ReID Classifier results ---------------------------------------------------
Query acc: 0.1% Gallery acc: 0.2% Total acc: 0.1%
Epoch:116 Time:8.3 Data:0.0 Loss:0.0848 Cls Loss:0.0134 Cls reid Loss:6.9040 Pair Loss:0.0714 Center Loss:1382.7876 KL Loss:160.8939 Recon Loss:0.1821 Acc:0.9992 Acc ReID:0.0015 
Epoch:117 Time:6.1 Data:0.0 Loss:0.0870 Cls Loss:0.0138 Cls reid Loss:6.9039 Pair Loss:0.0732 Center Loss:1382.5015 KL Loss:160.9624 Recon Loss:0.1821 Acc:0.9992 Acc ReID:0.0015 
Epoch:118 Time:6.3 Data:0.0 Loss:0.0847 Cls Loss:0.0140 Cls reid Loss:6.9040 Pair Loss:0.0707 Center Loss:1381.7305 KL Loss:160.8402 Recon Loss:0.1822 Acc:0.9990 Acc ReID:0.0015 
Epoch:119 Time:5.2 Data:0.0 Loss:0.0827 Cls Loss:0.0143 Cls reid Loss:6.9040 Pair Loss:0.0684 Center Loss:1381.8318 KL Loss:160.9808 Recon Loss:0.1822 Acc:0.9995 Acc ReID:0.0018 
Epoch:120 Time:4.8 Data:0.0 Loss:0.0836 Cls Loss:0.0144 Cls reid Loss:6.9039 Pair Loss:0.0692 Center Loss:1380.8380 KL Loss:160.7486 Recon Loss:0.1821 Acc:0.9992 Acc ReID:0.0015 
=> Test at epoch 120
==========Test with latent_z: z_c =========
Extracted features for query set, obtained torch.Size([2709, 128]) matrix
Extracted features for gallery set, obtained torch.Size([2000, 128]) matrix
Extracting features complete in 0m 4s
Distance computing in 0m 0s
Results ---------------------------------------------------
top1:20.2% top5:43.4% top10:55.5% top20:66.9% mAP:25.1%
-----------------------------------------------------------
Using 0m 0s
Classifier results ---------------------------------------------------
Query acc: 25.6% Gallery acc: 100.0% Total acc: 57.2%
ReID Classifier results ---------------------------------------------------
Query acc: 0.2% Gallery acc: 0.2% Total acc: 0.2%
Jump TSNE in test
==========Test with latent_z: new_z =========
Extracted features for query set, obtained torch.Size([2709, 1280]) matrix
Extracted features for gallery set, obtained torch.Size([2000, 1280]) matrix
Extracting features complete in 0m 3s
Distance computing in 0m 0s
Results ---------------------------------------------------
top1:25.8% top5:50.9% top10:62.6% top20:73.6% mAP:31.8%
-----------------------------------------------------------
Using 0m 0s
Classifier results ---------------------------------------------------
Query acc: 25.6% Gallery acc: 100.0% Total acc: 57.2%
ReID Classifier results ---------------------------------------------------
Query acc: 0.2% Gallery acc: 0.2% Total acc: 0.2%
Keep checkpoint file: checkpoint_ep120.pth.tar
=> Best Rank-1 26.6%, mAP 31.9% achieved at epoch 95
Finished. Total elapsed time (h:m:s): 0:28:19. Training time (h:m:s): 0:23:11.
Shutting down background jobs, please wait a moment...
Done!
Waiting for the remaining 39 operations to synchronize with Neptune. Do not kill this process.
All 39 operations synced, thanks for waiting!
Explore the metadata in the Neptune app:
https://app.neptune.ai/Zhengwei-Lab/MayCVAE/e/MAY-641/metadata
