https://app.neptune.ai/Zhengwei-Lab/MayCVAE/e/MAY-642
=> merge config from ./configs/clipreid_cvae_stage2_wrt.yaml
/home/zhengwei/Desktop/Zhengwei/Projects/CVAE/main.py:91: NeptuneUnsupportedType: You're attempting to log a type that is not directly supported by Neptune (<class 'list'>).
        Convert the value to a supported type, such as a string or float, or use stringify_unsupported(obj)
        for dictionaries or collections that contain unsupported values.
        For more, see https://docs.neptune.ai/help/value_of_unsupported_type
  run["parameters"] = param
=> Configurations:
-------------------------
AMP: True
AUG:
  RC_PROB: 0.5
  RE_PROB: 0.5
DATA:
  CUHK03_CLASSIC_SPLIT: False
  CUHK03_LABELED: False
  DATASET: market1k
  FORMAT_TAG: tensor
  HEIGHT: 256
  NUM_INSTANCES: 4
  NUM_WORKERS: 4
  ROOT: /home/zhengwei/Desktop/Zhengwei/Projects/datasets
  SPLIT_ID: 0
  TEST_BATCH: 512
  TRAIN_BATCH: 64
  TRAIN_FORMAT: novel
  WIDTH: 128
EVAL_MODE: False
GPU: 0
LOSS:
  CLA_LOSS: crossentropy
  CLA_M: 0.0
  CLA_S: 16.0
  PAIR_LOSS: triplet_wrt
  PAIR_M: 0.3
  PAIR_S: 16.0
  RECON_LOSS: mse
  USE_NCE: False
MODEL:
  CONDITIONAL: False
  FEATURE_DIM: 1280
  FEAT_FUSION: True
  FLOW_TYPE: 
  GAUSSIAN: MultivariateNormal
  HIDDEN_DIM: 256
  LATENT_SIZE: 64
  NAME: CVAE
  ONLY_CVAE_KL: False
  ONLY_X_INPUT: False
  PRETRAIN: CLIPreidFinetune
  RES4_STRIDE: 1
  RESUME: /home/zhengwei/Desktop/Zhengwei/Projects/CVAE/outputs/market1k/clipreid_tune_wReID/novel/2024-07-24/tune_SimpleVAE+2E_128+64z_1e3_60+120_KLtotalZ_L1280_ReIDZnew_noCLS
  STYLE_NUM: 0
  TRAIN_STAGE: reidstage
  USE_CENTROID: False
  USE_TWO_ENCODER: True
  VAE_TYPE: SinpleVAE
  ZC_DIM: 128
  ZS_DIM: 64
OUTPUT: ./outputs/market1k/clipreid_tune_wReID/novel/2024-07-24/2ndstage_SimpleVAE+2E_128+64z_1e3_30+120_KLtotalZ_bL1280_s2_L1280_ReIDZnew+center+tripwrt+ce_CLS+ce
SAVED_NAME: 2ndstage_SimpleVAE+2E_128+64z_1e3_30+120_KLtotalZ_bL1280_s2_L1280_ReIDZnew+center+tripwrt+ce_CLS+ce
SEED: 0
TAG: clipreid_tune_wReID
TEST:
  DISTANCE: cosine
  EVAL_STEP: 5
  START_EVAL: -1
TRAIN:
  AMP: False
  LR_SCHEDULER:
    DECAY_RATE: 0.1
    NAME: MultiStepLR
    STEPSIZE: [30]
  MAX_EPOCH: 120
  OPTIMIZER:
    LR: 0.001
    NAME: adam
    SGDLR: 0.01
    SGD_MOMENTUM: 0.9
    SGD_WEIGHT_DECAY: 0.0005
    WEIGHT_DECAY: 0.0001
  START_EPOCH: 0Warning: string series 'monitoring/2e2530d3/stdout' value was longer than 1000 characters and was truncated. This warning is printed only once per series.

----------------------
Initializing dataset market1k
=> Market-Sketch-1K tensor loaded
Dataset statistics:
  ------------------------------
  subset   | # ids | # images
  ------------------------------
  train    |   996 |     3992
  query    |   996 |     2709
  gallery  |   996 |     2000
  ------------------------------
  total    |  1992 |     8701
  ------------------------------
Initializing SinpleVAE model with 2 encoders
Model size: 12.21152M
[INFO] Register count_relu() for <class 'torch.nn.modules.activation.LeakyReLU'>.
[INFO] Register count_linear() for <class 'torch.nn.modules.linear.Linear'>.
[INFO] Register count_normalization() for <class 'torch.nn.modules.batchnorm.BatchNorm1d'>.
[INFO] Register zero_ops() for <class 'torch.nn.modules.activation.ReLU'>.
[INFO] Register zero_ops() for <class 'torch.nn.modules.dropout.Dropout'>.
[INFO] Register zero_ops() for <class 'torch.nn.modules.container.Sequential'>.
FLOPs: 0.75465G
Params: 11.78419M
Initialized classifier with feature_dim: 1280, num_classes: 996
Classifier size: 1.27488M
reid_projector.weight is tuneable
=> Start Training ReID projector and Classifier
Loading checkpoint from '/home/zhengwei/Desktop/Zhengwei/Projects/CVAE/outputs/market1k/clipreid_tune_wReID/novel/2024-07-24/tune_SimpleVAE+2E_128+64z_1e3_60+120_KLtotalZ_L1280_ReIDZnew_noCLS/best_model.pth.tar'
Loading parameter:  reid_projector.weight
orginal best rank1 = 0.20634920634920634
=> Start evaluation on Novel data without finetuning
=> Test pretarined feature form VLP model
Normalizing features
Normalizing features
Extracted features for query set, obtained torch.Size([2709, 1280]) matrix
Extracted features for gallery set, obtained torch.Size([2000, 1280]) matrix
Extracting features complete in 0m 4s
Distance computing in 0m 1s
Computing CMC and mAP
Results ---------------------------------------------------
top1:35.2% top5:60.5% top10:71.2% top20:80.7% mAP:39.8%
-----------------------------------------------------------
Using 0m 0s
==========Test with latent_z: new_z =========
Extracted features for query set, obtained torch.Size([2709, 1280]) matrix
Extracted features for gallery set, obtained torch.Size([2000, 1280]) matrix
Extracting features complete in 0m 5s
Distance computing in 0m 1s
Results ---------------------------------------------------
top1:21.4% top5:43.0% top10:55.8% top20:67.6% mAP:26.0%
-----------------------------------------------------------
Using 0m 0s
Classifier results ---------------------------------------------------
Query acc: 0.0% Gallery acc: 0.1% Total acc: 0.0%
ReID Classifier results ---------------------------------------------------
Query acc: 0.0% Gallery acc: 0.2% Total acc: 0.1%
==========Test with latent_z: z_c =========
Extracted features for query set, obtained torch.Size([2709, 128]) matrix
Extracted features for gallery set, obtained torch.Size([2000, 128]) matrix
Extracting features complete in 0m 6s
Distance computing in 0m 1s
Results ---------------------------------------------------
top1:20.2% top5:43.4% top10:55.5% top20:66.9% mAP:25.1%
-----------------------------------------------------------
Using 0m 0s
Classifier results ---------------------------------------------------
Query acc: 0.0% Gallery acc: 0.1% Total acc: 0.0%
ReID Classifier results ---------------------------------------------------
Query acc: 0.0% Gallery acc: 0.2% Total acc: 0.1%
Jump TSNE in test
=> Start training
/home/zhengwei/Desktop/Zhengwei/Projects/CVAE/losses/triplet_loss.py:122: UserWarning: This overload of addmm_ is deprecated:
	addmm_(Number beta, Number alpha, Tensor mat1, Tensor mat2)
Consider using one of the following signatures instead:
	addmm_(Tensor mat1, Tensor mat2, *, Number beta, Number alpha) (Triggered internally at /opt/conda/conda-bld/pytorch_1670525539683/work/torch/csrc/utils/python_arg_parser.cpp:1420.)
  dist_mtx = dist_mtx.addmm_(1, -2, emb1, emb2.t())
Epoch:1 Time:8.6 Data:0.0 Loss:1421.7885 Cls Loss:8.0546 Cls reid Loss:6.9304 Pair Loss:0.1213 Center Loss:1406.6823 KL Loss:180.8348 Recon Loss:0.1821 Acc:0.0010 Acc ReID:0.0003 
Epoch:2 Time:7.3 Data:0.0 Loss:1181.7924 Cls Loss:6.2704 Cls reid Loss:6.6865 Pair Loss:0.0945 Center Loss:1168.7410 KL Loss:180.5310 Recon Loss:0.1821 Acc:0.0197 Acc ReID:0.1169 
Epoch:3 Time:8.8 Data:0.0 Loss:1025.9184 Cls Loss:4.9406 Cls reid Loss:6.4183 Pair Loss:0.1036 Center Loss:1014.4559 KL Loss:180.3412 Recon Loss:0.1821 Acc:0.0887 Acc ReID:0.3183 
Epoch:4 Time:9.4 Data:0.0 Loss:897.5270 Cls Loss:3.7140 Cls reid Loss:6.0691 Pair Loss:0.1063 Center Loss:887.6375 KL Loss:179.7509 Recon Loss:0.1821 Acc:0.1966 Acc ReID:0.5040 
Epoch:5 Time:7.4 Data:0.0 Loss:788.6119 Cls Loss:2.6865 Cls reid Loss:5.6229 Pair Loss:0.1020 Center Loss:780.2006 KL Loss:179.6298 Recon Loss:0.1821 Acc:0.3508 Acc ReID:0.6053 
=> Test at epoch 5
==========Test with latent_z: z_c =========
Extracted features for query set, obtained torch.Size([2709, 128]) matrix
Extracted features for gallery set, obtained torch.Size([2000, 128]) matrix
Extracting features complete in 0m 5s
Distance computing in 0m 1s
Results ---------------------------------------------------
top1:20.2% top5:43.4% top10:55.5% top20:66.9% mAP:25.1%
-----------------------------------------------------------
Using 0m 0s
Classifier results ---------------------------------------------------
Query acc: 17.6% Gallery acc: 85.8% Total acc: 46.6%
ReID Classifier results ---------------------------------------------------
Query acc: 20.1% Gallery acc: 94.7% Total acc: 51.8%
Jump TSNE in test
==========Test with latent_z: new_z =========
Extracted features for query set, obtained torch.Size([2709, 1280]) matrix
Extracted features for gallery set, obtained torch.Size([2000, 1280]) matrix
Extracting features complete in 0m 5s
Distance computing in 0m 1s
Results ---------------------------------------------------
top1:24.8% top5:49.1% top10:60.6% top20:71.4% mAP:29.5%
-----------------------------------------------------------
Using 0m 0s
Classifier results ---------------------------------------------------
Query acc: 17.6% Gallery acc: 85.8% Total acc: 46.6%
ReID Classifier results ---------------------------------------------------
Query acc: 20.1% Gallery acc: 94.7% Total acc: 51.8%
Epoch:6 Time:10.7 Data:0.0 Loss:690.0247 Cls Loss:1.7393 Cls reid Loss:5.0827 Pair Loss:0.1016 Center Loss:683.1010 KL Loss:179.3475 Recon Loss:0.1821 Acc:0.6152 Acc ReID:0.7387 
Epoch:7 Time:10.0 Data:0.0 Loss:604.8552 Cls Loss:1.0823 Cls reid Loss:4.5532 Pair Loss:0.0990 Center Loss:599.1207 KL Loss:179.2469 Recon Loss:0.1821 Acc:0.7825 Acc ReID:0.8367 
Epoch:8 Time:8.1 Data:0.0 Loss:531.7931 Cls Loss:0.6872 Cls reid Loss:4.0383 Pair Loss:0.0983 Center Loss:526.9693 KL Loss:179.0217 Recon Loss:0.1822 Acc:0.8974 Acc ReID:0.8944 
Epoch:9 Time:9.1 Data:0.0 Loss:467.1875 Cls Loss:0.4575 Cls reid Loss:3.5416 Pair Loss:0.0975 Center Loss:463.0910 KL Loss:178.6548 Recon Loss:0.1821 Acc:0.9420 Acc ReID:0.9267 
Epoch:10 Time:8.6 Data:0.0 Loss:411.3036 Cls Loss:0.3215 Cls reid Loss:3.0967 Pair Loss:0.0947 Center Loss:407.7907 KL Loss:178.5988 Recon Loss:0.1822 Acc:0.9672 Acc ReID:0.9466 
=> Test at epoch 10
==========Test with latent_z: z_c =========
Extracted features for query set, obtained torch.Size([2709, 128]) matrix
Extracted features for gallery set, obtained torch.Size([2000, 128]) matrix
Extracting features complete in 0m 6s
Distance computing in 0m 1s
Results ---------------------------------------------------
top1:20.2% top5:43.4% top10:55.5% top20:66.9% mAP:25.1%
-----------------------------------------------------------
Using 0m 0s
Classifier results ---------------------------------------------------
Query acc: 25.0% Gallery acc: 99.6% Total acc: 56.7%
ReID Classifier results ---------------------------------------------------
Query acc: 26.3% Gallery acc: 99.3% Total acc: 57.3%
Jump TSNE in test
==========Test with latent_z: new_z =========
Extracted features for query set, obtained torch.Size([2709, 1280]) matrix
Extracted features for gallery set, obtained torch.Size([2000, 1280]) matrix
Extracting features complete in 0m 6s
Distance computing in 0m 1s
Results ---------------------------------------------------
top1:25.4% top5:49.1% top10:61.6% top20:72.1% mAP:30.2%
-----------------------------------------------------------
Using 0m 0s
Classifier results ---------------------------------------------------
Query acc: 25.0% Gallery acc: 99.6% Total acc: 56.7%
ReID Classifier results ---------------------------------------------------
Query acc: 26.3% Gallery acc: 99.3% Total acc: 57.3%
Epoch:11 Time:11.1 Data:0.0 Loss:362.8491 Cls Loss:0.2346 Cls reid Loss:2.6910 Pair Loss:0.0954 Center Loss:359.8281 KL Loss:178.2412 Recon Loss:0.1821 Acc:0.9816 Acc ReID:0.9614 
Epoch:12 Time:9.1 Data:0.0 Loss:319.7911 Cls Loss:0.1846 Cls reid Loss:2.3327 Pair Loss:0.0940 Center Loss:317.1798 KL Loss:178.2487 Recon Loss:0.1822 Acc:0.9859 Acc ReID:0.9700 
Epoch:13 Time:10.2 Data:0.0 Loss:281.9986 Cls Loss:0.1532 Cls reid Loss:2.0277 Pair Loss:0.0939 Center Loss:279.7238 KL Loss:177.9660 Recon Loss:0.1821 Acc:0.9917 Acc ReID:0.9806 
Epoch:14 Time:8.5 Data:0.0 Loss:249.3169 Cls Loss:0.1262 Cls reid Loss:1.7631 Pair Loss:0.0944 Center Loss:247.3332 KL Loss:177.3470 Recon Loss:0.1821 Acc:0.9942 Acc ReID:0.9824 
Epoch:15 Time:8.4 Data:0.0 Loss:220.1127 Cls Loss:0.1096 Cls reid Loss:1.5480 Pair Loss:0.0947 Center Loss:218.3604 KL Loss:177.4386 Recon Loss:0.1822 Acc:0.9972 Acc ReID:0.9909 
=> Test at epoch 15
==========Test with latent_z: z_c =========
Extracted features for query set, obtained torch.Size([2709, 128]) matrix
Extracted features for gallery set, obtained torch.Size([2000, 128]) matrix
Extracting features complete in 0m 5s
Distance computing in 0m 1s
Results ---------------------------------------------------
top1:20.2% top5:43.4% top10:55.5% top20:66.9% mAP:25.1%
-----------------------------------------------------------
Using 0m 0s
Classifier results ---------------------------------------------------
Query acc: 26.1% Gallery acc: 100.0% Total acc: 57.5%
ReID Classifier results ---------------------------------------------------
Query acc: 28.1% Gallery acc: 99.9% Total acc: 58.6%
Jump TSNE in test
==========Test with latent_z: new_z =========
Extracted features for query set, obtained torch.Size([2709, 1280]) matrix
Extracted features for gallery set, obtained torch.Size([2000, 1280]) matrix
Extracting features complete in 0m 5s
Distance computing in 0m 0s
Results ---------------------------------------------------
top1:25.4% top5:50.2% top10:62.1% top20:73.1% mAP:30.8%
-----------------------------------------------------------
Using 0m 0s
Classifier results ---------------------------------------------------
Query acc: 26.1% Gallery acc: 100.0% Total acc: 57.5%
ReID Classifier results ---------------------------------------------------
Query acc: 28.1% Gallery acc: 99.9% Total acc: 58.6%
Epoch:16 Time:7.6 Data:0.0 Loss:194.8588 Cls Loss:0.1001 Cls reid Loss:1.3630 Pair Loss:0.0961 Center Loss:193.2995 KL Loss:176.8927 Recon Loss:0.1821 Acc:0.9972 Acc ReID:0.9922 
Epoch:17 Time:8.2 Data:0.0 Loss:172.6890 Cls Loss:0.0906 Cls reid Loss:1.2115 Pair Loss:0.0941 Center Loss:171.2928 KL Loss:176.7915 Recon Loss:0.1821 Acc:0.9980 Acc ReID:0.9929 
Epoch:18 Time:10.8 Data:0.0 Loss:152.9826 Cls Loss:0.0838 Cls reid Loss:1.0775 Pair Loss:0.0980 Center Loss:151.7234 KL Loss:176.5673 Recon Loss:0.1821 Acc:0.9982 Acc ReID:0.9950 
Epoch:19 Time:8.6 Data:0.0 Loss:135.6741 Cls Loss:0.0788 Cls reid Loss:0.9798 Pair Loss:0.0951 Center Loss:134.5204 KL Loss:176.1626 Recon Loss:0.1821 Acc:0.9982 Acc ReID:0.9960 
Epoch:20 Time:9.0 Data:0.0 Loss:120.5801 Cls Loss:0.0738 Cls reid Loss:0.8892 Pair Loss:0.0985 Center Loss:119.5186 KL Loss:176.0601 Recon Loss:0.1821 Acc:0.9982 Acc ReID:0.9960 
=> Test at epoch 20
==========Test with latent_z: z_c =========
Extracted features for query set, obtained torch.Size([2709, 128]) matrix
Extracted features for gallery set, obtained torch.Size([2000, 128]) matrix
Extracting features complete in 0m 6s
Distance computing in 0m 1s
Results ---------------------------------------------------
top1:20.2% top5:43.4% top10:55.5% top20:66.9% mAP:25.1%
-----------------------------------------------------------
Using 0m 0s
Classifier results ---------------------------------------------------
Query acc: 25.8% Gallery acc: 100.0% Total acc: 57.3%
ReID Classifier results ---------------------------------------------------
Query acc: 29.6% Gallery acc: 99.9% Total acc: 59.5%
Jump TSNE in test
==========Test with latent_z: new_z =========
Extracted features for query set, obtained torch.Size([2709, 1280]) matrix
Extracted features for gallery set, obtained torch.Size([2000, 1280]) matrix
Extracting features complete in 0m 4s
Distance computing in 0m 0s
Results ---------------------------------------------------
top1:26.1% top5:51.1% top10:62.5% top20:73.9% mAP:31.6%
-----------------------------------------------------------
Using 0m 0s
Classifier results ---------------------------------------------------
Query acc: 25.8% Gallery acc: 100.0% Total acc: 57.3%
ReID Classifier results ---------------------------------------------------
Query acc: 29.6% Gallery acc: 99.9% Total acc: 59.5%
Epoch:21 Time:11.1 Data:0.0 Loss:107.1019 Cls Loss:0.0685 Cls reid Loss:0.8199 Pair Loss:0.0953 Center Loss:106.1183 KL Loss:175.7115 Recon Loss:0.1821 Acc:0.9995 Acc ReID:0.9977 
Epoch:22 Time:9.5 Data:0.0 Loss:95.2754 Cls Loss:0.0653 Cls reid Loss:0.7671 Pair Loss:0.0993 Center Loss:94.3437 KL Loss:175.4145 Recon Loss:0.1821 Acc:0.9995 Acc ReID:0.9980 
Epoch:23 Time:7.0 Data:0.0 Loss:84.9455 Cls Loss:0.0641 Cls reid Loss:0.7142 Pair Loss:0.0997 Center Loss:84.0675 KL Loss:175.2876 Recon Loss:0.1821 Acc:0.9992 Acc ReID:0.9980 
Epoch:24 Time:7.4 Data:0.0 Loss:75.7007 Cls Loss:0.0611 Cls reid Loss:0.6702 Pair Loss:0.0992 Center Loss:74.8703 KL Loss:175.0489 Recon Loss:0.1821 Acc:0.9992 Acc ReID:0.9975 
Epoch:25 Time:10.1 Data:0.0 Loss:67.7402 Cls Loss:0.0593 Cls reid Loss:0.6337 Pair Loss:0.1007 Center Loss:66.9465 KL Loss:175.0494 Recon Loss:0.1821 Acc:0.9987 Acc ReID:0.9985 
=> Test at epoch 25
==========Test with latent_z: z_c =========
Extracted features for query set, obtained torch.Size([2709, 128]) matrix
Extracted features for gallery set, obtained torch.Size([2000, 128]) matrix
Extracting features complete in 0m 5s
Distance computing in 0m 1s
Results ---------------------------------------------------
top1:20.2% top5:43.4% top10:55.5% top20:66.9% mAP:25.1%
-----------------------------------------------------------
Using 0m 0s
Classifier results ---------------------------------------------------
Query acc: 26.1% Gallery acc: 100.0% Total acc: 57.5%
ReID Classifier results ---------------------------------------------------
Query acc: 29.3% Gallery acc: 100.0% Total acc: 59.3%
Jump TSNE in test
==========Test with latent_z: new_z =========
Extracted features for query set, obtained torch.Size([2709, 1280]) matrix
Extracted features for gallery set, obtained torch.Size([2000, 1280]) matrix
Extracting features complete in 0m 5s
Distance computing in 0m 1s
Results ---------------------------------------------------
top1:26.7% top5:51.7% top10:62.4% top20:74.4% mAP:32.0%
-----------------------------------------------------------
Using 0m 0s
Classifier results ---------------------------------------------------
Query acc: 26.1% Gallery acc: 100.0% Total acc: 57.5%
ReID Classifier results ---------------------------------------------------
Query acc: 29.3% Gallery acc: 100.0% Total acc: 59.3%
Epoch:26 Time:9.8 Data:0.0 Loss:60.4757 Cls Loss:0.0569 Cls reid Loss:0.6086 Pair Loss:0.1018 Center Loss:59.7085 KL Loss:174.5541 Recon Loss:0.1822 Acc:0.9992 Acc ReID:0.9982 
Epoch:27 Time:8.3 Data:0.0 Loss:54.1689 Cls Loss:0.0550 Cls reid Loss:0.5821 Pair Loss:0.1019 Center Loss:53.4299 KL Loss:174.4748 Recon Loss:0.1821 Acc:0.9990 Acc ReID:0.9975 
Epoch:28 Time:10.3 Data:0.0 Loss:48.6703 Cls Loss:0.0536 Cls reid Loss:0.5638 Pair Loss:0.1027 Center Loss:47.9503 KL Loss:174.1577 Recon Loss:0.1822 Acc:0.9995 Acc ReID:0.9987 
Epoch:29 Time:9.2 Data:0.0 Loss:43.7077 Cls Loss:0.0521 Cls reid Loss:0.5445 Pair Loss:0.1038 Center Loss:43.0073 KL Loss:173.8120 Recon Loss:0.1821 Acc:0.9990 Acc ReID:0.9985 
Epoch:30 Time:8.1 Data:0.0 Loss:39.2918 Cls Loss:0.0515 Cls reid Loss:0.5292 Pair Loss:0.1020 Center Loss:38.6090 KL Loss:173.5939 Recon Loss:0.1821 Acc:0.9987 Acc ReID:0.9987 
=> Test at epoch 30
==========Test with latent_z: z_c =========
Extracted features for query set, obtained torch.Size([2709, 128]) matrix
Extracted features for gallery set, obtained torch.Size([2000, 128]) matrix
Extracting features complete in 0m 5s
Distance computing in 0m 0s
Results ---------------------------------------------------
top1:20.2% top5:43.4% top10:55.5% top20:66.9% mAP:25.1%
-----------------------------------------------------------
Using 0m 0s
Classifier results ---------------------------------------------------
Query acc: 25.5% Gallery acc: 100.0% Total acc: 57.1%
ReID Classifier results ---------------------------------------------------
Query acc: 29.2% Gallery acc: 100.0% Total acc: 59.2%
Jump TSNE in test
==========Test with latent_z: new_z =========
Extracted features for query set, obtained torch.Size([2709, 1280]) matrix
Extracted features for gallery set, obtained torch.Size([2000, 1280]) matrix
Extracting features complete in 0m 5s
Distance computing in 0m 1s
Results ---------------------------------------------------
top1:26.5% top5:51.5% top10:62.9% top20:74.5% mAP:32.1%
-----------------------------------------------------------
Using 0m 0s
Classifier results ---------------------------------------------------
Query acc: 25.5% Gallery acc: 100.0% Total acc: 57.1%
ReID Classifier results ---------------------------------------------------
Query acc: 29.2% Gallery acc: 100.0% Total acc: 59.2%
Epoch:31 Time:11.3 Data:0.0 Loss:32.3972 Cls Loss:0.0373 Cls reid Loss:0.4588 Pair Loss:0.1062 Center Loss:31.7950 KL Loss:173.4531 Recon Loss:0.1822 Acc:0.9992 Acc ReID:0.9992 
Epoch:32 Time:8.5 Data:0.0 Loss:31.3720 Cls Loss:0.0361 Cls reid Loss:0.4601 Pair Loss:0.1097 Center Loss:30.7661 KL Loss:172.9553 Recon Loss:0.1821 Acc:0.9995 Acc ReID:0.9990 
Epoch:33 Time:8.4 Data:0.0 Loss:30.9928 Cls Loss:0.0354 Cls reid Loss:0.4601 Pair Loss:0.1086 Center Loss:30.3888 KL Loss:172.9365 Recon Loss:0.1821 Acc:0.9995 Acc ReID:0.9990 
Epoch:34 Time:9.7 Data:0.0 Loss:30.6564 Cls Loss:0.0350 Cls reid Loss:0.4619 Pair Loss:0.1069 Center Loss:30.0526 KL Loss:172.5189 Recon Loss:0.1821 Acc:0.9995 Acc ReID:0.9990 
Epoch:35 Time:8.9 Data:0.0 Loss:30.3243 Cls Loss:0.0347 Cls reid Loss:0.4613 Pair Loss:0.1088 Center Loss:29.7195 KL Loss:172.3552 Recon Loss:0.1821 Acc:0.9995 Acc ReID:0.9992 
=> Test at epoch 35
==========Test with latent_z: z_c =========
Extracted features for query set, obtained torch.Size([2709, 128]) matrix
Extracted features for gallery set, obtained torch.Size([2000, 128]) matrix
Extracting features complete in 0m 6s
Distance computing in 0m 1s
Results ---------------------------------------------------
top1:20.2% top5:43.4% top10:55.5% top20:66.9% mAP:25.1%
-----------------------------------------------------------
Using 0m 0s
Classifier results ---------------------------------------------------
Query acc: 26.3% Gallery acc: 100.0% Total acc: 57.6%
ReID Classifier results ---------------------------------------------------
Query acc: 29.6% Gallery acc: 100.0% Total acc: 59.5%
Jump TSNE in test
==========Test with latent_z: new_z =========
Extracted features for query set, obtained torch.Size([2709, 1280]) matrix
Extracted features for gallery set, obtained torch.Size([2000, 1280]) matrix
Extracting features complete in 0m 4s
Distance computing in 0m 0s
Results ---------------------------------------------------
top1:27.3% top5:52.2% top10:63.5% top20:74.9% mAP:32.5%
-----------------------------------------------------------
Using 0m 0s
Classifier results ---------------------------------------------------
Query acc: 26.3% Gallery acc: 100.0% Total acc: 57.6%
ReID Classifier results ---------------------------------------------------
Query acc: 29.6% Gallery acc: 100.0% Total acc: 59.5%
Epoch:36 Time:10.4 Data:0.0 Loss:30.0257 Cls Loss:0.0347 Cls reid Loss:0.4624 Pair Loss:0.1075 Center Loss:29.4212 KL Loss:172.1365 Recon Loss:0.1822 Acc:0.9992 Acc ReID:0.9990 
Epoch:37 Time:8.8 Data:0.0 Loss:29.7105 Cls Loss:0.0346 Cls reid Loss:0.4611 Pair Loss:0.1104 Center Loss:29.1044 KL Loss:171.8740 Recon Loss:0.1822 Acc:0.9992 Acc ReID:0.9990 
Epoch:38 Time:8.8 Data:0.0 Loss:29.4094 Cls Loss:0.0345 Cls reid Loss:0.4621 Pair Loss:0.1082 Center Loss:28.8046 KL Loss:171.7334 Recon Loss:0.1822 Acc:0.9990 Acc ReID:0.9992 
Epoch:39 Time:10.1 Data:0.0 Loss:29.1035 Cls Loss:0.0346 Cls reid Loss:0.4617 Pair Loss:0.1068 Center Loss:28.5003 KL Loss:171.3088 Recon Loss:0.1821 Acc:0.9992 Acc ReID:0.9990 
Epoch:40 Time:7.2 Data:0.0 Loss:28.8140 Cls Loss:0.0346 Cls reid Loss:0.4596 Pair Loss:0.1085 Center Loss:28.2113 KL Loss:171.1805 Recon Loss:0.1821 Acc:0.9992 Acc ReID:0.9990 
=> Test at epoch 40
==========Test with latent_z: z_c =========
Extracted features for query set, obtained torch.Size([2709, 128]) matrix
Extracted features for gallery set, obtained torch.Size([2000, 128]) matrix
Extracting features complete in 0m 5s
Distance computing in 0m 0s
Results ---------------------------------------------------
top1:20.2% top5:43.4% top10:55.5% top20:66.9% mAP:25.1%
-----------------------------------------------------------
Using 0m 0s
Classifier results ---------------------------------------------------
Query acc: 26.2% Gallery acc: 100.0% Total acc: 57.5%
ReID Classifier results ---------------------------------------------------
Query acc: 29.5% Gallery acc: 100.0% Total acc: 59.5%
Jump TSNE in test
==========Test with latent_z: new_z =========
Extracted features for query set, obtained torch.Size([2709, 1280]) matrix
Extracted features for gallery set, obtained torch.Size([2000, 1280]) matrix
Extracting features complete in 0m 4s
Distance computing in 0m 1s
Results ---------------------------------------------------
top1:27.5% top5:52.2% top10:63.5% top20:75.0% mAP:32.7%
-----------------------------------------------------------
Using 0m 0s
Classifier results ---------------------------------------------------
Query acc: 26.2% Gallery acc: 100.0% Total acc: 57.5%
ReID Classifier results ---------------------------------------------------
Query acc: 29.5% Gallery acc: 100.0% Total acc: 59.5%
Epoch:41 Time:10.4 Data:0.0 Loss:28.5004 Cls Loss:0.0346 Cls reid Loss:0.4595 Pair Loss:0.1077 Center Loss:27.8986 KL Loss:170.6397 Recon Loss:0.1822 Acc:0.9990 Acc ReID:0.9990 
Epoch:42 Time:9.2 Data:0.0 Loss:28.2233 Cls Loss:0.0346 Cls reid Loss:0.4587 Pair Loss:0.1090 Center Loss:27.6209 KL Loss:170.5236 Recon Loss:0.1821 Acc:0.9990 Acc ReID:0.9992 
Epoch:43 Time:8.3 Data:0.0 Loss:27.9283 Cls Loss:0.0347 Cls reid Loss:0.4581 Pair Loss:0.1090 Center Loss:27.3265 KL Loss:170.3899 Recon Loss:0.1822 Acc:0.9992 Acc ReID:0.9992 
Epoch:44 Time:10.0 Data:0.0 Loss:27.6486 Cls Loss:0.0348 Cls reid Loss:0.4561 Pair Loss:0.1089 Center Loss:27.0488 KL Loss:170.1347 Recon Loss:0.1822 Acc:0.9995 Acc ReID:0.9990 
Epoch:45 Time:9.4 Data:0.0 Loss:27.3991 Cls Loss:0.0348 Cls reid Loss:0.4547 Pair Loss:0.1083 Center Loss:26.8012 KL Loss:169.8329 Recon Loss:0.1821 Acc:0.9992 Acc ReID:0.9990 
=> Test at epoch 45
==========Test with latent_z: z_c =========
Extracted features for query set, obtained torch.Size([2709, 128]) matrix
Extracted features for gallery set, obtained torch.Size([2000, 128]) matrix
Extracting features complete in 0m 4s
Distance computing in 0m 0s
Results ---------------------------------------------------
top1:20.2% top5:43.4% top10:55.5% top20:66.9% mAP:25.1%
-----------------------------------------------------------
Using 0m 0s
Classifier results ---------------------------------------------------
Query acc: 26.2% Gallery acc: 100.0% Total acc: 57.6%
ReID Classifier results ---------------------------------------------------
Query acc: 29.8% Gallery acc: 100.0% Total acc: 59.6%
Jump TSNE in test
==========Test with latent_z: new_z =========
Extracted features for query set, obtained torch.Size([2709, 1280]) matrix
Extracted features for gallery set, obtained torch.Size([2000, 1280]) matrix
Extracting features complete in 0m 5s
Distance computing in 0m 1s
Results ---------------------------------------------------
top1:27.4% top5:52.1% top10:63.5% top20:74.9% mAP:32.7%
-----------------------------------------------------------
Using 0m 0s
Classifier results ---------------------------------------------------
Query acc: 26.2% Gallery acc: 100.0% Total acc: 57.6%
ReID Classifier results ---------------------------------------------------
Query acc: 29.8% Gallery acc: 100.0% Total acc: 59.6%
Epoch:46 Time:9.4 Data:0.0 Loss:27.0878 Cls Loss:0.0349 Cls reid Loss:0.4535 Pair Loss:0.1086 Center Loss:26.4909 KL Loss:169.5718 Recon Loss:0.1822 Acc:0.9995 Acc ReID:0.9990 
Epoch:47 Time:10.0 Data:0.0 Loss:26.8105 Cls Loss:0.0348 Cls reid Loss:0.4525 Pair Loss:0.1093 Center Loss:26.2138 KL Loss:169.4139 Recon Loss:0.1821 Acc:0.9995 Acc ReID:0.9992 
Epoch:48 Time:9.1 Data:0.0 Loss:26.5554 Cls Loss:0.0350 Cls reid Loss:0.4506 Pair Loss:0.1081 Center Loss:25.9616 KL Loss:168.9923 Recon Loss:0.1821 Acc:0.9995 Acc ReID:0.9990 
Epoch:49 Time:8.0 Data:0.0 Loss:26.2908 Cls Loss:0.0351 Cls reid Loss:0.4487 Pair Loss:0.1082 Center Loss:25.6989 KL Loss:168.8267 Recon Loss:0.1821 Acc:0.9992 Acc ReID:0.9992 
Epoch:50 Time:10.0 Data:0.0 Loss:26.0239 Cls Loss:0.0349 Cls reid Loss:0.4495 Pair Loss:0.1082 Center Loss:25.4313 KL Loss:168.6535 Recon Loss:0.1821 Acc:0.9997 Acc ReID:0.9992 
=> Test at epoch 50
==========Test with latent_z: z_c =========
Extracted features for query set, obtained torch.Size([2709, 128]) matrix
Extracted features for gallery set, obtained torch.Size([2000, 128]) matrix
Extracting features complete in 0m 5s
Distance computing in 0m 1s
Results ---------------------------------------------------
top1:20.2% top5:43.4% top10:55.5% top20:66.9% mAP:25.1%
-----------------------------------------------------------
Using 0m 0s
Classifier results ---------------------------------------------------
Query acc: 26.4% Gallery acc: 100.0% Total acc: 57.6%
ReID Classifier results ---------------------------------------------------
Query acc: 29.3% Gallery acc: 100.0% Total acc: 59.4%
Jump TSNE in test
==========Test with latent_z: new_z =========
Extracted features for query set, obtained torch.Size([2709, 1280]) matrix
Extracted features for gallery set, obtained torch.Size([2000, 1280]) matrix
Extracting features complete in 0m 5s
Distance computing in 0m 1s
Results ---------------------------------------------------
top1:27.4% top5:52.3% top10:63.5% top20:74.9% mAP:32.7%
-----------------------------------------------------------
Using 0m 0s
Classifier results ---------------------------------------------------
Query acc: 26.4% Gallery acc: 100.0% Total acc: 57.6%
ReID Classifier results ---------------------------------------------------
Query acc: 29.3% Gallery acc: 100.0% Total acc: 59.4%
Epoch:51 Time:9.9 Data:0.0 Loss:25.7634 Cls Loss:0.0353 Cls reid Loss:0.4481 Pair Loss:0.1082 Center Loss:25.1718 KL Loss:168.2028 Recon Loss:0.1821 Acc:0.9995 Acc ReID:0.9992 
Epoch:52 Time:7.2 Data:0.0 Loss:25.4935 Cls Loss:0.0354 Cls reid Loss:0.4440 Pair Loss:0.1056 Center Loss:24.9085 KL Loss:168.1969 Recon Loss:0.1821 Acc:0.9992 Acc ReID:0.9990 
Epoch:53 Time:17.3 Data:0.0 Loss:25.2366 Cls Loss:0.0353 Cls reid Loss:0.4428 Pair Loss:0.1098 Center Loss:24.6487 KL Loss:167.8694 Recon Loss:0.1822 Acc:0.9995 Acc ReID:0.9990 
Epoch:54 Time:7.7 Data:0.0 Loss:24.9870 Cls Loss:0.0353 Cls reid Loss:0.4424 Pair Loss:0.1102 Center Loss:24.3991 KL Loss:167.5078 Recon Loss:0.1821 Acc:0.9995 Acc ReID:0.9992 
Epoch:55 Time:10.3 Data:0.0 Loss:24.7547 Cls Loss:0.0354 Cls reid Loss:0.4398 Pair Loss:0.1078 Center Loss:24.1718 KL Loss:167.3934 Recon Loss:0.1822 Acc:0.9995 Acc ReID:0.9992 
=> Test at epoch 55
==========Test with latent_z: z_c =========
Extracted features for query set, obtained torch.Size([2709, 128]) matrix
Extracted features for gallery set, obtained torch.Size([2000, 128]) matrix
Extracting features complete in 0m 5s
Distance computing in 0m 1s
Results ---------------------------------------------------
top1:20.2% top5:43.4% top10:55.5% top20:66.9% mAP:25.1%
-----------------------------------------------------------
Using 0m 0s
Classifier results ---------------------------------------------------
Query acc: 26.2% Gallery acc: 100.0% Total acc: 57.5%
ReID Classifier results ---------------------------------------------------
Query acc: 29.7% Gallery acc: 100.0% Total acc: 59.5%
Jump TSNE in test
==========Test with latent_z: new_z =========
Extracted features for query set, obtained torch.Size([2709, 1280]) matrix
Extracted features for gallery set, obtained torch.Size([2000, 1280]) matrix
Extracting features complete in 0m 5s
Distance computing in 0m 1s
Results ---------------------------------------------------
top1:27.4% top5:52.3% top10:63.1% top20:74.9% mAP:32.7%
-----------------------------------------------------------
Using 0m 0s
Classifier results ---------------------------------------------------
Query acc: 26.2% Gallery acc: 100.0% Total acc: 57.5%
ReID Classifier results ---------------------------------------------------
Query acc: 29.7% Gallery acc: 100.0% Total acc: 59.5%
Epoch:56 Time:11.0 Data:0.0 Loss:24.5038 Cls Loss:0.0355 Cls reid Loss:0.4373 Pair Loss:0.1083 Center Loss:23.9227 KL Loss:167.1614 Recon Loss:0.1821 Acc:0.9992 Acc ReID:0.9990 
Epoch:57 Time:6.7 Data:0.0 Loss:24.2450 Cls Loss:0.0356 Cls reid Loss:0.4359 Pair Loss:0.1076 Center Loss:23.6660 KL Loss:167.1282 Recon Loss:0.1822 Acc:0.9992 Acc ReID:0.9990 
Epoch:58 Time:9.7 Data:0.0 Loss:24.0155 Cls Loss:0.0355 Cls reid Loss:0.4345 Pair Loss:0.1093 Center Loss:23.4362 KL Loss:166.6861 Recon Loss:0.1821 Acc:0.9995 Acc ReID:0.9992 
Epoch:59 Time:6.8 Data:0.0 Loss:23.7919 Cls Loss:0.0357 Cls reid Loss:0.4330 Pair Loss:0.1107 Center Loss:23.2126 KL Loss:166.3619 Recon Loss:0.1822 Acc:0.9992 Acc ReID:0.9990 
Epoch:60 Time:8.2 Data:0.0 Loss:23.5422 Cls Loss:0.0357 Cls reid Loss:0.4305 Pair Loss:0.1093 Center Loss:22.9668 KL Loss:166.2745 Recon Loss:0.1822 Acc:0.9992 Acc ReID:0.9992 
=> Test at epoch 60
==========Test with latent_z: z_c =========
Extracted features for query set, obtained torch.Size([2709, 128]) matrix
Extracted features for gallery set, obtained torch.Size([2000, 128]) matrix
Extracting features complete in 0m 6s
Distance computing in 0m 1s
Results ---------------------------------------------------
top1:20.2% top5:43.4% top10:55.5% top20:66.9% mAP:25.1%
-----------------------------------------------------------
Using 0m 1s
Classifier results ---------------------------------------------------
Query acc: 26.4% Gallery acc: 100.0% Total acc: 57.6%
ReID Classifier results ---------------------------------------------------
Query acc: 29.6% Gallery acc: 100.0% Total acc: 59.5%
Jump TSNE in test
==========Test with latent_z: new_z =========
Extracted features for query set, obtained torch.Size([2709, 1280]) matrix
Extracted features for gallery set, obtained torch.Size([2000, 1280]) matrix
Extracting features complete in 0m 4s
Distance computing in 0m 0s
Results ---------------------------------------------------
top1:27.5% top5:52.1% top10:63.5% top20:75.0% mAP:32.8%
-----------------------------------------------------------
Using 0m 0s
Classifier results ---------------------------------------------------
Query acc: 26.4% Gallery acc: 100.0% Total acc: 57.6%
ReID Classifier results ---------------------------------------------------
Query acc: 29.6% Gallery acc: 100.0% Total acc: 59.5%
Epoch:61 Time:10.9 Data:0.0 Loss:23.3194 Cls Loss:0.0358 Cls reid Loss:0.4293 Pair Loss:0.1111 Center Loss:22.7432 KL Loss:165.8262 Recon Loss:0.1822 Acc:0.9992 Acc ReID:0.9990 
Epoch:62 Time:10.0 Data:0.0 Loss:23.0846 Cls Loss:0.0358 Cls reid Loss:0.4266 Pair Loss:0.1105 Center Loss:22.5117 KL Loss:165.3506 Recon Loss:0.1822 Acc:0.9995 Acc ReID:0.9992 
Epoch:63 Time:8.8 Data:0.0 Loss:22.8643 Cls Loss:0.0360 Cls reid Loss:0.4239 Pair Loss:0.1106 Center Loss:22.2938 KL Loss:165.4604 Recon Loss:0.1821 Acc:0.9990 Acc ReID:0.9990 
Epoch:64 Time:9.8 Data:0.0 Loss:22.6261 Cls Loss:0.0359 Cls reid Loss:0.4232 Pair Loss:0.1106 Center Loss:22.0563 KL Loss:165.0023 Recon Loss:0.1821 Acc:0.9995 Acc ReID:0.9992 
Epoch:65 Time:8.8 Data:0.0 Loss:22.4078 Cls Loss:0.0360 Cls reid Loss:0.4197 Pair Loss:0.1090 Center Loss:21.8431 KL Loss:164.7410 Recon Loss:0.1821 Acc:0.9992 Acc ReID:0.9992 
=> Test at epoch 65
==========Test with latent_z: z_c =========
Extracted features for query set, obtained torch.Size([2709, 128]) matrix
Extracted features for gallery set, obtained torch.Size([2000, 128]) matrix
Extracting features complete in 0m 4s
Distance computing in 0m 0s
Results ---------------------------------------------------
top1:20.2% top5:43.4% top10:55.5% top20:66.9% mAP:25.1%
-----------------------------------------------------------
Using 0m 0s
Classifier results ---------------------------------------------------
Query acc: 26.3% Gallery acc: 100.0% Total acc: 57.6%
ReID Classifier results ---------------------------------------------------
Query acc: 29.6% Gallery acc: 100.0% Total acc: 59.5%
Jump TSNE in test
==========Test with latent_z: new_z =========
Extracted features for query set, obtained torch.Size([2709, 1280]) matrix
Extracted features for gallery set, obtained torch.Size([2000, 1280]) matrix
Extracting features complete in 0m 5s
Distance computing in 0m 1s
Results ---------------------------------------------------
top1:27.6% top5:52.0% top10:63.5% top20:75.2% mAP:32.8%
-----------------------------------------------------------
Using 0m 0s
Classifier results ---------------------------------------------------
Query acc: 26.3% Gallery acc: 100.0% Total acc: 57.6%
ReID Classifier results ---------------------------------------------------
Query acc: 29.6% Gallery acc: 100.0% Total acc: 59.5%
Epoch:66 Time:9.4 Data:0.0 Loss:22.1986 Cls Loss:0.0361 Cls reid Loss:0.4199 Pair Loss:0.1094 Center Loss:21.6331 KL Loss:164.6533 Recon Loss:0.1821 Acc:0.9992 Acc ReID:0.9992 
Epoch:67 Time:9.5 Data:0.0 Loss:21.9782 Cls Loss:0.0361 Cls reid Loss:0.4167 Pair Loss:0.1105 Center Loss:21.4149 KL Loss:164.3568 Recon Loss:0.1821 Acc:0.9992 Acc ReID:0.9992 
Epoch:68 Time:9.5 Data:0.0 Loss:21.7866 Cls Loss:0.0362 Cls reid Loss:0.4153 Pair Loss:0.1079 Center Loss:21.2272 KL Loss:163.9941 Recon Loss:0.1821 Acc:0.9992 Acc ReID:0.9990 
Epoch:69 Time:10.4 Data:0.0 Loss:21.5540 Cls Loss:0.0362 Cls reid Loss:0.4125 Pair Loss:0.1095 Center Loss:20.9959 KL Loss:163.7853 Recon Loss:0.1821 Acc:0.9992 Acc ReID:0.9995 
Epoch:70 Time:10.1 Data:0.0 Loss:21.3408 Cls Loss:0.0363 Cls reid Loss:0.4112 Pair Loss:0.1092 Center Loss:20.7841 KL Loss:163.7553 Recon Loss:0.1821 Acc:0.9990 Acc ReID:0.9992 
=> Test at epoch 70
==========Test with latent_z: z_c =========
Extracted features for query set, obtained torch.Size([2709, 128]) matrix
Extracted features for gallery set, obtained torch.Size([2000, 128]) matrix
Extracting features complete in 0m 5s
Distance computing in 0m 1s
Results ---------------------------------------------------
top1:20.2% top5:43.4% top10:55.5% top20:66.9% mAP:25.1%
-----------------------------------------------------------
Using 0m 0s
Classifier results ---------------------------------------------------
Query acc: 26.3% Gallery acc: 100.0% Total acc: 57.6%
ReID Classifier results ---------------------------------------------------
Query acc: 30.2% Gallery acc: 100.0% Total acc: 59.8%
Jump TSNE in test
==========Test with latent_z: new_z =========
Extracted features for query set, obtained torch.Size([2709, 1280]) matrix
Extracted features for gallery set, obtained torch.Size([2000, 1280]) matrix
Extracting features complete in 0m 5s
Distance computing in 0m 0s
Results ---------------------------------------------------
top1:27.2% top5:52.2% top10:63.6% top20:75.3% mAP:32.8%
-----------------------------------------------------------
Using 0m 0s
Classifier results ---------------------------------------------------
Query acc: 26.3% Gallery acc: 100.0% Total acc: 57.6%
ReID Classifier results ---------------------------------------------------
Query acc: 30.2% Gallery acc: 100.0% Total acc: 59.8%
Epoch:71 Time:10.4 Data:0.0 Loss:21.1333 Cls Loss:0.0362 Cls reid Loss:0.4096 Pair Loss:0.1093 Center Loss:20.5783 KL Loss:163.3495 Recon Loss:0.1821 Acc:0.9995 Acc ReID:0.9992 
Epoch:72 Time:7.1 Data:0.0 Loss:20.9347 Cls Loss:0.0362 Cls reid Loss:0.4070 Pair Loss:0.1107 Center Loss:20.3807 KL Loss:163.1888 Recon Loss:0.1821 Acc:0.9992 Acc ReID:0.9990 
Epoch:73 Time:8.3 Data:0.0 Loss:20.7296 Cls Loss:0.0363 Cls reid Loss:0.4059 Pair Loss:0.1088 Center Loss:20.1786 KL Loss:162.9151 Recon Loss:0.1822 Acc:0.9992 Acc ReID:0.9990 
Epoch:74 Time:10.8 Data:0.0 Loss:20.5310 Cls Loss:0.0364 Cls reid Loss:0.4037 Pair Loss:0.1089 Center Loss:19.9821 KL Loss:162.6588 Recon Loss:0.1821 Acc:0.9990 Acc ReID:0.9992 
Epoch:75 Time:9.1 Data:0.0 Loss:20.3426 Cls Loss:0.0364 Cls reid Loss:0.4024 Pair Loss:0.1103 Center Loss:19.7935 KL Loss:162.3288 Recon Loss:0.1821 Acc:0.9990 Acc ReID:0.9992 
=> Test at epoch 75
==========Test with latent_z: z_c =========
Extracted features for query set, obtained torch.Size([2709, 128]) matrix
Extracted features for gallery set, obtained torch.Size([2000, 128]) matrix
Extracting features complete in 0m 5s
Distance computing in 0m 1s
Results ---------------------------------------------------
top1:20.2% top5:43.4% top10:55.5% top20:66.9% mAP:25.1%
-----------------------------------------------------------
Using 0m 0s
Classifier results ---------------------------------------------------
Query acc: 26.4% Gallery acc: 100.0% Total acc: 57.7%
ReID Classifier results ---------------------------------------------------
Query acc: 29.7% Gallery acc: 100.0% Total acc: 59.6%
Jump TSNE in test
==========Test with latent_z: new_z =========
Extracted features for query set, obtained torch.Size([2709, 1280]) matrix
Extracted features for gallery set, obtained torch.Size([2000, 1280]) matrix
Extracting features complete in 0m 5s
Distance computing in 0m 0s
Results ---------------------------------------------------
top1:27.6% top5:52.3% top10:63.5% top20:75.4% mAP:32.8%
-----------------------------------------------------------
Using 0m 0s
Classifier results ---------------------------------------------------
Query acc: 26.4% Gallery acc: 100.0% Total acc: 57.7%
ReID Classifier results ---------------------------------------------------
Query acc: 29.7% Gallery acc: 100.0% Total acc: 59.6%
Epoch:76 Time:9.7 Data:0.0 Loss:20.1422 Cls Loss:0.0362 Cls reid Loss:0.4007 Pair Loss:0.1078 Center Loss:19.5975 KL Loss:162.1656 Recon Loss:0.1821 Acc:0.9995 Acc ReID:0.9992 
Epoch:77 Time:9.7 Data:0.0 Loss:19.9496 Cls Loss:0.0364 Cls reid Loss:0.3982 Pair Loss:0.1089 Center Loss:19.4061 KL Loss:161.9591 Recon Loss:0.1822 Acc:0.9992 Acc ReID:0.9990 
Epoch:78 Time:9.6 Data:0.0 Loss:19.7559 Cls Loss:0.0362 Cls reid Loss:0.3957 Pair Loss:0.1100 Center Loss:19.2140 KL Loss:161.6816 Recon Loss:0.1822 Acc:0.9992 Acc ReID:0.9990 
Epoch:79 Time:9.0 Data:0.0 Loss:19.5857 Cls Loss:0.0364 Cls reid Loss:0.3949 Pair Loss:0.1127 Center Loss:19.0418 KL Loss:161.3384 Recon Loss:0.1821 Acc:0.9995 Acc ReID:0.9992 
Epoch:80 Time:6.2 Data:0.0 Loss:19.3800 Cls Loss:0.0363 Cls reid Loss:0.3925 Pair Loss:0.1101 Center Loss:18.8412 KL Loss:161.2688 Recon Loss:0.1822 Acc:0.9995 Acc ReID:0.9990 
=> Test at epoch 80
==========Test with latent_z: z_c =========
Extracted features for query set, obtained torch.Size([2709, 128]) matrix
Extracted features for gallery set, obtained torch.Size([2000, 128]) matrix
Extracting features complete in 0m 5s
Distance computing in 0m 1s
Results ---------------------------------------------------
top1:20.2% top5:43.4% top10:55.5% top20:66.9% mAP:25.1%
-----------------------------------------------------------
Using 0m 0s
Classifier results ---------------------------------------------------
Query acc: 26.5% Gallery acc: 100.0% Total acc: 57.7%
ReID Classifier results ---------------------------------------------------
Query acc: 29.8% Gallery acc: 100.0% Total acc: 59.6%
Jump TSNE in test
==========Test with latent_z: new_z =========
Extracted features for query set, obtained torch.Size([2709, 1280]) matrix
Extracted features for gallery set, obtained torch.Size([2000, 1280]) matrix
Extracting features complete in 0m 5s
Distance computing in 0m 1s
Results ---------------------------------------------------
top1:27.5% top5:52.4% top10:63.6% top20:75.3% mAP:32.8%
-----------------------------------------------------------
Using 0m 0s
Classifier results ---------------------------------------------------
Query acc: 26.5% Gallery acc: 100.0% Total acc: 57.7%
ReID Classifier results ---------------------------------------------------
Query acc: 29.8% Gallery acc: 100.0% Total acc: 59.6%
Epoch:81 Time:10.9 Data:0.0 Loss:19.1990 Cls Loss:0.0361 Cls reid Loss:0.3894 Pair Loss:0.1089 Center Loss:18.6646 KL Loss:160.8972 Recon Loss:0.1821 Acc:0.9995 Acc ReID:0.9992 
Epoch:82 Time:9.4 Data:0.0 Loss:19.0221 Cls Loss:0.0363 Cls reid Loss:0.3898 Pair Loss:0.1101 Center Loss:18.4860 KL Loss:160.8987 Recon Loss:0.1821 Acc:0.9995 Acc ReID:0.9995 
Epoch:83 Time:8.0 Data:0.0 Loss:18.8483 Cls Loss:0.0363 Cls reid Loss:0.3871 Pair Loss:0.1103 Center Loss:18.3146 KL Loss:160.8805 Recon Loss:0.1821 Acc:0.9992 Acc ReID:0.9995 
Epoch:84 Time:9.4 Data:0.0 Loss:18.6560 Cls Loss:0.0362 Cls reid Loss:0.3859 Pair Loss:0.1111 Center Loss:18.1227 KL Loss:160.9476 Recon Loss:0.1821 Acc:0.9990 Acc ReID:0.9992 
Epoch:85 Time:9.4 Data:0.0 Loss:18.4849 Cls Loss:0.0363 Cls reid Loss:0.3836 Pair Loss:0.1104 Center Loss:17.9546 KL Loss:160.9651 Recon Loss:0.1822 Acc:0.9990 Acc ReID:0.9997 
=> Test at epoch 85
==========Test with latent_z: z_c =========
Extracted features for query set, obtained torch.Size([2709, 128]) matrix
Extracted features for gallery set, obtained torch.Size([2000, 128]) matrix
Extracting features complete in 0m 6s
Distance computing in 0m 1s
Results ---------------------------------------------------
top1:20.2% top5:43.4% top10:55.5% top20:66.9% mAP:25.1%
-----------------------------------------------------------
Using 0m 0s
Classifier results ---------------------------------------------------
Query acc: 26.3% Gallery acc: 100.0% Total acc: 57.6%
ReID Classifier results ---------------------------------------------------
Query acc: 30.0% Gallery acc: 100.0% Total acc: 59.8%
Jump TSNE in test
==========Test with latent_z: new_z =========
Extracted features for query set, obtained torch.Size([2709, 1280]) matrix
Extracted features for gallery set, obtained torch.Size([2000, 1280]) matrix
Extracting features complete in 0m 5s
Distance computing in 0m 1s
Results ---------------------------------------------------
top1:27.4% top5:52.0% top10:63.5% top20:75.2% mAP:32.8%
-----------------------------------------------------------
Using 0m 0s
Classifier results ---------------------------------------------------
Query acc: 26.3% Gallery acc: 100.0% Total acc: 57.6%
ReID Classifier results ---------------------------------------------------
Query acc: 30.0% Gallery acc: 100.0% Total acc: 59.8%
Epoch:86 Time:7.4 Data:0.0 Loss:18.3236 Cls Loss:0.0361 Cls reid Loss:0.3820 Pair Loss:0.1114 Center Loss:17.7940 KL Loss:160.8144 Recon Loss:0.1821 Acc:0.9992 Acc ReID:0.9990 
Epoch:87 Time:9.2 Data:0.0 Loss:18.1448 Cls Loss:0.0360 Cls reid Loss:0.3803 Pair Loss:0.1123 Center Loss:17.6162 KL Loss:160.8420 Recon Loss:0.1821 Acc:0.9990 Acc ReID:0.9990 
Epoch:88 Time:10.9 Data:0.0 Loss:17.9725 Cls Loss:0.0362 Cls reid Loss:0.3770 Pair Loss:0.1105 Center Loss:17.4488 KL Loss:160.5654 Recon Loss:0.1821 Acc:0.9992 Acc ReID:0.9992 
Epoch:89 Time:8.7 Data:0.0 Loss:17.8113 Cls Loss:0.0362 Cls reid Loss:0.3772 Pair Loss:0.1111 Center Loss:17.2868 KL Loss:160.7996 Recon Loss:0.1822 Acc:0.9995 Acc ReID:0.9992 
Epoch:90 Time:8.2 Data:0.0 Loss:17.6459 Cls Loss:0.0359 Cls reid Loss:0.3754 Pair Loss:0.1107 Center Loss:17.1239 KL Loss:161.0623 Recon Loss:0.1822 Acc:0.9995 Acc ReID:0.9992 
=> Test at epoch 90
==========Test with latent_z: z_c =========
Extracted features for query set, obtained torch.Size([2709, 128]) matrix
Extracted features for gallery set, obtained torch.Size([2000, 128]) matrix
Extracting features complete in 0m 6s
Distance computing in 0m 1s
Results ---------------------------------------------------
top1:20.2% top5:43.4% top10:55.5% top20:66.9% mAP:25.1%
-----------------------------------------------------------
Using 0m 0s
Classifier results ---------------------------------------------------
Query acc: 26.4% Gallery acc: 100.0% Total acc: 57.6%
ReID Classifier results ---------------------------------------------------
Query acc: 29.9% Gallery acc: 100.0% Total acc: 59.7%
Jump TSNE in test
==========Test with latent_z: new_z =========
Extracted features for query set, obtained torch.Size([2709, 1280]) matrix
Extracted features for gallery set, obtained torch.Size([2000, 1280]) matrix
Extracting features complete in 0m 5s
Distance computing in 0m 0s
Results ---------------------------------------------------
top1:27.6% top5:52.5% top10:63.5% top20:75.2% mAP:32.9%
-----------------------------------------------------------
Using 0m 0s
Classifier results ---------------------------------------------------
Query acc: 26.4% Gallery acc: 100.0% Total acc: 57.6%
ReID Classifier results ---------------------------------------------------
Query acc: 29.9% Gallery acc: 100.0% Total acc: 59.7%
Epoch:91 Time:10.7 Data:0.0 Loss:17.4774 Cls Loss:0.0357 Cls reid Loss:0.3733 Pair Loss:0.1126 Center Loss:16.9558 KL Loss:160.8375 Recon Loss:0.1821 Acc:0.9995 Acc ReID:0.9992 
Epoch:92 Time:8.7 Data:0.0 Loss:17.3174 Cls Loss:0.0360 Cls reid Loss:0.3720 Pair Loss:0.1111 Center Loss:16.7983 KL Loss:160.8935 Recon Loss:0.1822 Acc:0.9990 Acc ReID:0.9990 
Epoch:93 Time:8.5 Data:0.0 Loss:17.1632 Cls Loss:0.0357 Cls reid Loss:0.3699 Pair Loss:0.1113 Center Loss:16.6463 KL Loss:160.8394 Recon Loss:0.1822 Acc:0.9995 Acc ReID:0.9992 
Epoch:94 Time:7.6 Data:0.0 Loss:16.9975 Cls Loss:0.0359 Cls reid Loss:0.3691 Pair Loss:0.1099 Center Loss:16.4826 KL Loss:160.8069 Recon Loss:0.1821 Acc:0.9992 Acc ReID:0.9990 
Epoch:95 Time:9.9 Data:0.0 Loss:16.8416 Cls Loss:0.0358 Cls reid Loss:0.3662 Pair Loss:0.1102 Center Loss:16.3295 KL Loss:160.6047 Recon Loss:0.1821 Acc:0.9990 Acc ReID:0.9992 
=> Test at epoch 95
==========Test with latent_z: z_c =========
Extracted features for query set, obtained torch.Size([2709, 128]) matrix
Extracted features for gallery set, obtained torch.Size([2000, 128]) matrix
Extracting features complete in 0m 5s
Distance computing in 0m 1s
Results ---------------------------------------------------
top1:20.2% top5:43.4% top10:55.5% top20:66.9% mAP:25.1%
-----------------------------------------------------------
Using 0m 0s
Classifier results ---------------------------------------------------
Query acc: 26.4% Gallery acc: 100.0% Total acc: 57.7%
ReID Classifier results ---------------------------------------------------
Query acc: 29.8% Gallery acc: 100.0% Total acc: 59.6%
Jump TSNE in test
==========Test with latent_z: new_z =========
Extracted features for query set, obtained torch.Size([2709, 1280]) matrix
Extracted features for gallery set, obtained torch.Size([2000, 1280]) matrix
Extracting features complete in 0m 5s
Distance computing in 0m 1s
Results ---------------------------------------------------
top1:27.4% top5:52.2% top10:63.6% top20:75.2% mAP:32.9%
-----------------------------------------------------------
Using 0m 0s
Classifier results ---------------------------------------------------
Query acc: 26.4% Gallery acc: 100.0% Total acc: 57.7%
ReID Classifier results ---------------------------------------------------
Query acc: 29.8% Gallery acc: 100.0% Total acc: 59.6%
Epoch:96 Time:11.2 Data:0.0 Loss:16.6890 Cls Loss:0.0356 Cls reid Loss:0.3656 Pair Loss:0.1104 Center Loss:16.1775 KL Loss:160.7885 Recon Loss:0.1821 Acc:0.9995 Acc ReID:0.9992 
Epoch:97 Time:9.5 Data:0.0 Loss:16.5337 Cls Loss:0.0354 Cls reid Loss:0.3648 Pair Loss:0.1106 Center Loss:16.0230 KL Loss:160.9222 Recon Loss:0.1821 Acc:0.9995 Acc ReID:0.9995 
Epoch:98 Time:8.9 Data:0.0 Loss:16.3744 Cls Loss:0.0353 Cls reid Loss:0.3636 Pair Loss:0.1112 Center Loss:15.8642 KL Loss:160.7871 Recon Loss:0.1820 Acc:0.9995 Acc ReID:0.9992 
Epoch:99 Time:8.8 Data:0.0 Loss:16.2295 Cls Loss:0.0355 Cls reid Loss:0.3607 Pair Loss:0.1110 Center Loss:15.7222 KL Loss:160.9344 Recon Loss:0.1821 Acc:0.9992 Acc ReID:0.9990 
Epoch:100 Time:9.1 Data:0.0 Loss:16.0873 Cls Loss:0.0355 Cls reid Loss:0.3606 Pair Loss:0.1106 Center Loss:15.5807 KL Loss:160.8869 Recon Loss:0.1822 Acc:0.9995 Acc ReID:0.9992 
=> Test at epoch 100
==========Test with latent_z: z_c =========
Extracted features for query set, obtained torch.Size([2709, 128]) matrix
Extracted features for gallery set, obtained torch.Size([2000, 128]) matrix
Extracting features complete in 0m 5s
Distance computing in 0m 0s
Results ---------------------------------------------------
top1:20.2% top5:43.4% top10:55.5% top20:66.9% mAP:25.1%
-----------------------------------------------------------
Using 0m 0s
Classifier results ---------------------------------------------------
Query acc: 26.4% Gallery acc: 100.0% Total acc: 57.7%
ReID Classifier results ---------------------------------------------------
Query acc: 29.7% Gallery acc: 100.0% Total acc: 59.5%
Jump TSNE in test
==========Test with latent_z: new_z =========
Extracted features for query set, obtained torch.Size([2709, 1280]) matrix
Extracted features for gallery set, obtained torch.Size([2000, 1280]) matrix
Extracting features complete in 0m 5s
Distance computing in 0m 0s
Results ---------------------------------------------------
top1:27.4% top5:52.2% top10:63.4% top20:75.4% mAP:32.9%
-----------------------------------------------------------
Using 0m 0s
Classifier results ---------------------------------------------------
Query acc: 26.4% Gallery acc: 100.0% Total acc: 57.7%
ReID Classifier results ---------------------------------------------------
Query acc: 29.7% Gallery acc: 100.0% Total acc: 59.5%
Epoch:101 Time:9.7 Data:0.0 Loss:15.9353 Cls Loss:0.0352 Cls reid Loss:0.3587 Pair Loss:0.1109 Center Loss:15.4305 KL Loss:160.8991 Recon Loss:0.1822 Acc:0.9992 Acc ReID:0.9992 
Epoch:102 Time:7.6 Data:0.0 Loss:15.8016 Cls Loss:0.0351 Cls reid Loss:0.3573 Pair Loss:0.1118 Center Loss:15.2974 KL Loss:160.8813 Recon Loss:0.1821 Acc:0.9990 Acc ReID:0.9992 
Epoch:103 Time:10.6 Data:0.0 Loss:15.6599 Cls Loss:0.0352 Cls reid Loss:0.3563 Pair Loss:0.1133 Center Loss:15.1552 KL Loss:160.7145 Recon Loss:0.1822 Acc:0.9995 Acc ReID:0.9992 
Epoch:104 Time:9.9 Data:0.0 Loss:15.5076 Cls Loss:0.0347 Cls reid Loss:0.3527 Pair Loss:0.1116 Center Loss:15.0086 KL Loss:160.9410 Recon Loss:0.1822 Acc:0.9992 Acc ReID:0.9995 
Epoch:105 Time:8.4 Data:0.0 Loss:15.3788 Cls Loss:0.0347 Cls reid Loss:0.3531 Pair Loss:0.1100 Center Loss:14.8810 KL Loss:160.9446 Recon Loss:0.1821 Acc:0.9995 Acc ReID:0.9992 
=> Test at epoch 105
==========Test with latent_z: z_c =========
Extracted features for query set, obtained torch.Size([2709, 128]) matrix
Extracted features for gallery set, obtained torch.Size([2000, 128]) matrix
Extracting features complete in 0m 6s
Distance computing in 0m 0s
Results ---------------------------------------------------
top1:20.2% top5:43.4% top10:55.5% top20:66.9% mAP:25.1%
-----------------------------------------------------------
Using 0m 0s
Classifier results ---------------------------------------------------
Query acc: 26.2% Gallery acc: 100.0% Total acc: 57.5%
ReID Classifier results ---------------------------------------------------
Query acc: 30.2% Gallery acc: 100.0% Total acc: 59.9%
Jump TSNE in test
==========Test with latent_z: new_z =========
Extracted features for query set, obtained torch.Size([2709, 1280]) matrix
Extracted features for gallery set, obtained torch.Size([2000, 1280]) matrix
Extracting features complete in 0m 5s
Distance computing in 0m 1s
Results ---------------------------------------------------
top1:27.8% top5:52.3% top10:63.3% top20:75.1% mAP:32.9%
-----------------------------------------------------------
Using 0m 0s
Classifier results ---------------------------------------------------
Query acc: 26.2% Gallery acc: 100.0% Total acc: 57.5%
ReID Classifier results ---------------------------------------------------
Query acc: 30.2% Gallery acc: 100.0% Total acc: 59.9%
Epoch:106 Time:9.1 Data:0.0 Loss:15.2463 Cls Loss:0.0348 Cls reid Loss:0.3531 Pair Loss:0.1144 Center Loss:14.7440 KL Loss:160.8784 Recon Loss:0.1821 Acc:0.9995 Acc ReID:0.9995 
Epoch:107 Time:9.4 Data:0.0 Loss:15.1010 Cls Loss:0.0346 Cls reid Loss:0.3510 Pair Loss:0.1124 Center Loss:14.6031 KL Loss:160.7993 Recon Loss:0.1821 Acc:0.9992 Acc ReID:0.9995 
Epoch:108 Time:9.0 Data:0.0 Loss:14.9670 Cls Loss:0.0346 Cls reid Loss:0.3507 Pair Loss:0.1114 Center Loss:14.4702 KL Loss:160.9046 Recon Loss:0.1821 Acc:0.9992 Acc ReID:0.9995 
Epoch:109 Time:8.4 Data:0.0 Loss:14.8439 Cls Loss:0.0345 Cls reid Loss:0.3500 Pair Loss:0.1121 Center Loss:14.3473 KL Loss:160.8099 Recon Loss:0.1821 Acc:0.9990 Acc ReID:0.9992 
Epoch:110 Time:10.0 Data:0.0 Loss:14.7012 Cls Loss:0.0342 Cls reid Loss:0.3478 Pair Loss:0.1111 Center Loss:14.2081 KL Loss:160.9075 Recon Loss:0.1821 Acc:0.9995 Acc ReID:0.9992 
=> Test at epoch 110
==========Test with latent_z: z_c =========
Extracted features for query set, obtained torch.Size([2709, 128]) matrix
Extracted features for gallery set, obtained torch.Size([2000, 128]) matrix
Extracting features complete in 0m 5s
Distance computing in 0m 1s
Results ---------------------------------------------------
top1:20.2% top5:43.4% top10:55.5% top20:66.9% mAP:25.1%
-----------------------------------------------------------
Using 0m 0s
Classifier results ---------------------------------------------------
Query acc: 26.3% Gallery acc: 100.0% Total acc: 57.6%
ReID Classifier results ---------------------------------------------------
Query acc: 29.8% Gallery acc: 100.0% Total acc: 59.6%
Jump TSNE in test
==========Test with latent_z: new_z =========
Extracted features for query set, obtained torch.Size([2709, 1280]) matrix
Extracted features for gallery set, obtained torch.Size([2000, 1280]) matrix
Extracting features complete in 0m 5s
Distance computing in 0m 1s
Results ---------------------------------------------------
top1:27.6% top5:52.1% top10:63.3% top20:75.1% mAP:33.0%
-----------------------------------------------------------
Using 0m 0s
Classifier results ---------------------------------------------------
Query acc: 26.3% Gallery acc: 100.0% Total acc: 57.6%
ReID Classifier results ---------------------------------------------------
Query acc: 29.8% Gallery acc: 100.0% Total acc: 59.6%
Epoch:111 Time:9.4 Data:0.0 Loss:14.5650 Cls Loss:0.0342 Cls reid Loss:0.3469 Pair Loss:0.1097 Center Loss:14.0741 KL Loss:160.8071 Recon Loss:0.1822 Acc:0.9990 Acc ReID:0.9995 
Epoch:112 Time:9.5 Data:0.0 Loss:14.4359 Cls Loss:0.0342 Cls reid Loss:0.3458 Pair Loss:0.1119 Center Loss:13.9440 KL Loss:160.7676 Recon Loss:0.1822 Acc:0.9990 Acc ReID:0.9990 
Epoch:113 Time:9.7 Data:0.0 Loss:14.3180 Cls Loss:0.0339 Cls reid Loss:0.3446 Pair Loss:0.1110 Center Loss:13.8285 KL Loss:160.8361 Recon Loss:0.1822 Acc:0.9992 Acc ReID:0.9995 
Epoch:114 Time:8.2 Data:0.0 Loss:14.1940 Cls Loss:0.0338 Cls reid Loss:0.3432 Pair Loss:0.1127 Center Loss:13.7044 KL Loss:160.8428 Recon Loss:0.1821 Acc:0.9992 Acc ReID:0.9990 
Epoch:115 Time:7.8 Data:0.0 Loss:14.0640 Cls Loss:0.0337 Cls reid Loss:0.3428 Pair Loss:0.1117 Center Loss:13.5758 KL Loss:160.8407 Recon Loss:0.1821 Acc:0.9995 Acc ReID:0.9995 
=> Test at epoch 115
==========Test with latent_z: z_c =========
Extracted features for query set, obtained torch.Size([2709, 128]) matrix
Extracted features for gallery set, obtained torch.Size([2000, 128]) matrix
Extracting features complete in 0m 5s
Distance computing in 0m 1s
Results ---------------------------------------------------
top1:20.2% top5:43.4% top10:55.5% top20:66.9% mAP:25.1%
-----------------------------------------------------------
Using 0m 0s
Classifier results ---------------------------------------------------
Query acc: 26.2% Gallery acc: 100.0% Total acc: 57.5%
ReID Classifier results ---------------------------------------------------
Query acc: 29.9% Gallery acc: 100.0% Total acc: 59.7%
Jump TSNE in test
==========Test with latent_z: new_z =========
Extracted features for query set, obtained torch.Size([2709, 1280]) matrix
Extracted features for gallery set, obtained torch.Size([2000, 1280]) matrix
Extracting features complete in 0m 5s
Distance computing in 0m 1s
Results ---------------------------------------------------
top1:27.6% top5:52.1% top10:63.5% top20:75.2% mAP:33.0%
-----------------------------------------------------------
Using 0m 0s
Classifier results ---------------------------------------------------
Query acc: 26.2% Gallery acc: 100.0% Total acc: 57.5%
ReID Classifier results ---------------------------------------------------
Query acc: 29.9% Gallery acc: 100.0% Total acc: 59.7%
Epoch:116 Time:11.4 Data:0.0 Loss:13.9491 Cls Loss:0.0337 Cls reid Loss:0.3415 Pair Loss:0.1119 Center Loss:13.4619 KL Loss:160.8939 Recon Loss:0.1821 Acc:0.9992 Acc ReID:0.9992 
Epoch:117 Time:8.9 Data:0.0 Loss:13.8219 Cls Loss:0.0336 Cls reid Loss:0.3408 Pair Loss:0.1134 Center Loss:13.3341 KL Loss:160.9624 Recon Loss:0.1821 Acc:0.9992 Acc ReID:0.9992 
Epoch:118 Time:8.2 Data:0.0 Loss:13.6974 Cls Loss:0.0335 Cls reid Loss:0.3386 Pair Loss:0.1121 Center Loss:13.2133 KL Loss:160.8402 Recon Loss:0.1822 Acc:0.9990 Acc ReID:0.9995 
Epoch:119 Time:10.5 Data:0.0 Loss:13.5799 Cls Loss:0.0335 Cls reid Loss:0.3380 Pair Loss:0.1110 Center Loss:13.0974 KL Loss:160.9808 Recon Loss:0.1822 Acc:0.9995 Acc ReID:0.9990 
Epoch:120 Time:10.0 Data:0.0 Loss:13.4700 Cls Loss:0.0332 Cls reid Loss:0.3387 Pair Loss:0.1122 Center Loss:12.9859 KL Loss:160.7486 Recon Loss:0.1821 Acc:0.9992 Acc ReID:0.9995 
=> Test at epoch 120
==========Test with latent_z: z_c =========
Extracted features for query set, obtained torch.Size([2709, 128]) matrix
Extracted features for gallery set, obtained torch.Size([2000, 128]) matrix
Extracting features complete in 0m 5s
Distance computing in 0m 0s
Results ---------------------------------------------------
top1:20.2% top5:43.4% top10:55.5% top20:66.9% mAP:25.1%
-----------------------------------------------------------
Using 0m 0s
Classifier results ---------------------------------------------------
Query acc: 26.4% Gallery acc: 100.0% Total acc: 57.7%
ReID Classifier results ---------------------------------------------------
Query acc: 29.9% Gallery acc: 100.0% Total acc: 59.7%
Jump TSNE in test
==========Test with latent_z: new_z =========
Extracted features for query set, obtained torch.Size([2709, 1280]) matrix
Extracted features for gallery set, obtained torch.Size([2000, 1280]) matrix
Extracting features complete in 0m 4s
Distance computing in 0m 1s
Results ---------------------------------------------------
top1:27.5% top5:52.2% top10:63.5% top20:75.2% mAP:32.9%
-----------------------------------------------------------
Using 0m 0s
Classifier results ---------------------------------------------------
Query acc: 26.4% Gallery acc: 100.0% Total acc: 57.7%
ReID Classifier results ---------------------------------------------------
Query acc: 29.9% Gallery acc: 100.0% Total acc: 59.7%
Keep checkpoint file: checkpoint_ep120.pth.tar
=> Best Rank-1 27.8%, mAP 32.9% achieved at epoch 105
Finished. Total elapsed time (h:m:s): 0:24:12. Training time (h:m:s): 0:18:53.
Shutting down background jobs, please wait a moment...
Done!
Waiting for the remaining 39 operations to synchronize with Neptune. Do not kill this process.
All 39 operations synced, thanks for waiting!
Explore the metadata in the Neptune app:
https://app.neptune.ai/Zhengwei-Lab/MayCVAE/e/MAY-642/metadata
