https://app.neptune.ai/Zhengwei-Lab/MayCVAE/e/MAY-32
=> merge config from ./configs/clipreid_cvae_kl.yaml
/home/zhengwei/Desktop/Zhengwei/Projects/CVAE/main.py:90: NeptuneUnsupportedType: You're attempting to log a type that is not directly supported by Neptune (<class 'list'>).
        Convert the value to a supported type, such as a string or float, or use stringify_unsupported(obj)
        for dictionaries or collections that contain unsupported values.
        For more, see https://docs.neptune.ai/help/value_of_unsupported_type
  run["parameters"] = param
=> Configurations:
-------------------------
AMP: True
AUG:
  RC_PROB: 0.5
  RE_PROB: 0.5
DATA:
  CUHK03_CLASSIC_SPLIT: False
  CUHK03_LABELED: False
  DATASET: duke
  FORMAT_TAG: tensor
  HEIGHT: 256
  NUM_INSTANCES: 4
  NUM_WORKERS: 4
  ROOT: /home/zhengwei/Desktop/Zhengwei/Projects/datasets
  SPLIT_ID: 0
  TEST_BATCH: 512
  TRAIN_BATCH: 64
  TRAIN_FORMAT: base
  WIDTH: 128
EVAL_MODE: False
GPU: 0
LOSS:
  CLA_LOSS: crossentropylabelsmooth
  CLA_M: 0.0
  CLA_S: 16.0
  PAIR_LOSS: triplet
  PAIR_M: 0.3
  PAIR_S: 16.0
  RECON_LOSS: mse
MODEL:
  CONDITIONAL: False
  FEATURE_DIM: 1280
  FEAT_FUSION: True
  FLOW_TYPE: 
  GAUSSIAN: MultivariateNormal
  HIDDEN_DIM: 256
  LATENT_SIZE: 64
  NAME: CVAE
  ONLY_CVAE_KL: False
  ONLY_X_INPUT: False
  PRETRAIN: CLIPreidNew
  RES4_STRIDE: 1
  RESUME: 
  TRAIN_STAGE: klstage
  USE_CENTROID: False
  VAE_TYPE: SinpleVAE
  ZC_DIM: 128
  ZS_DIM: 64
OUTPUT: ./outputs/duke/clipreid_simplevae/2024-05-15/fp32_SimpleVAE_128+64z_1e3+5_60+120_SingleCls
SAVED_NAME: fp32_SimpleVAE_128+64z_1e3+5_60+120_SingleCls
SEED: 0
TAG: clipreid_simplevae
TEST:
  DISTANCE: cosine
  EVAL_STEP: 5
  START_EVAL: -1
TRAIN:
  AMP: False
  LR_SCHEDULER:
    DECAY_RATE: 0.1
    NAME: MultiStepLR
    STEPSIZE: [60]
  MAX_EPOCH: 120
  OPTIMIZER:
    LR: 0.001
    NAME: adam
    SGDLR: 0.01
    SGD_MOMENTUM: 0.9
    SGD_WEIGHT_DECAY: 0.0005
    WEIGHT_DECAY: 0.0001
  START_EPOCH: 0Warning: string series 'monitoring/243390ba/stdout' value was longer than 1000 characters and was truncated. This warning is printed only once per series.

----------------------
Initializing dataset duke
Loading cluster results from '/home/zhengwei/Desktop/Zhengwei/Projects/datasets/DukeMTMC-reID/kmeans_results/CLIPreidNew/train_all_129k_euclidean.pt'
Clustering stastistics: [(0, 83), (1, 48), (2, 58), (3, 100), (4, 96), (5, 59), (6, 109), (7, 142), (8, 122), (9, 100), (10, 53), (11, 138), (12, 83), (13, 99), (14, 142), (15, 224), (16, 181), (17, 153), (18, 172), (19, 254), (20, 162), (21, 110), (22, 191), (23, 102), (24, 41), (25, 136), (26, 144), (27, 152), (28, 151), (29, 142), (30, 100), (31, 128), (32, 245), (33, 131), (34, 85), (35, 81), (36, 58), (37, 143), (38, 71), (39, 219), (40, 113), (41, 56), (42, 61), (43, 158), (44, 116), (45, 33), (46, 143), (47, 95), (48, 325), (49, 145), (50, 63), (51, 150), (52, 75), (53, 111), (54, 108), (55, 88), (56, 108), (57, 158), (58, 333), (59, 38), (60, 165), (61, 159), (62, 175), (63, 173), (64, 71), (65, 68), (66, 90), (67, 194), (68, 66), (69, 75), (70, 199), (71, 119), (72, 83), (73, 63), (74, 213), (75, 369), (76, 137), (77, 126), (78, 51), (79, 196), (80, 134), (81, 189), (82, 100), (83, 250), (84, 23), (85, 100), (86, 149), (87, 231), (88, 66), (89, 40), (90, 181), (91, 77), (92, 143), (93, 145), (94, 126), (95, 159), (96, 219), (97, 117), (98, 185), (99, 139), (100, 135), (101, 108), (102, 64), (103, 178), (104, 104), (105, 131), (106, 64), (107, 106), (108, 153), (109, 133), (110, 75), (111, 83), (112, 94), (113, 255), (114, 80), (115, 99), (116, 209), (117, 90), (118, 189), (119, 103), (120, 236), (121, 163), (122, 9), (123, 47), (124, 33), (125, 97), (126, 121), (127, 153), (128, 160)]
Loading cluster results from '/home/zhengwei/Desktop/Zhengwei/Projects/datasets/DukeMTMC-reID/kmeans_results/CLIPreidNew/query_129k_euclidean.pt'
Clustering stastistics: [(0, 7), (1, 22), (2, 26), (3, 6), (4, 35), (5, 24), (6, 10), (7, 12), (8, 9), (9, 8), (10, 22), (11, 7), (12, 22), (13, 6), (14, 33), (15, 16), (16, 43), (17, 11), (18, 9), (19, 17), (20, 9), (21, 28), (22, 26), (23, 12), (24, 10), (25, 9), (26, 8), (27, 15), (28, 15), (29, 40), (30, 3), (31, 9), (32, 11), (33, 9), (34, 33), (35, 12), (36, 19), (37, 13), (38, 10), (39, 26), (40, 29), (41, 9), (42, 14), (43, 12), (44, 17), (45, 10), (46, 12), (47, 12), (48, 31), (49, 28), (50, 21), (51, 9), (52, 17), (53, 18), (54, 13), (55, 7), (56, 13), (57, 31), (58, 17), (59, 55), (60, 26), (61, 6), (62, 18), (63, 15), (64, 26), (65, 28), (66, 23), (67, 35), (68, 20), (69, 27), (70, 22), (71, 19), (72, 7), (73, 13), (74, 13), (75, 27), (76, 12), (77, 18), (78, 23), (79, 11), (80, 19), (81, 21), (82, 14), (83, 15), (84, 6), (85, 19), (86, 24), (87, 4), (88, 21), (89, 12), (90, 12), (91, 27), (92, 27), (93, 8), (94, 20), (95, 25), (96, 18), (97, 17), (98, 8), (99, 22), (100, 4), (101, 13), (102, 25), (103, 16), (104, 19), (105, 26), (106, 9), (107, 14), (108, 21), (109, 12), (110, 15), (111, 19), (112, 22), (113, 37), (114, 7), (115, 23), (116, 4), (117, 30), (118, 20), (119, 29), (120, 17), (121, 9), (122, 6), (123, 8), (124, 13), (125, 16), (126, 8), (127, 5), (128, 16)]
Loading cluster results from '/home/zhengwei/Desktop/Zhengwei/Projects/datasets/DukeMTMC-reID/kmeans_results/CLIPreidNew/gallery_129k_euclidean.pt'
Clustering stastistics: [(0, 166), (1, 257), (2, 94), (3, 25), (4, 246), (5, 88), (6, 199), (7, 160), (8, 125), (9, 124), (10, 195), (11, 90), (12, 94), (13, 155), (14, 179), (15, 172), (16, 73), (17, 139), (18, 55), (19, 88), (20, 115), (21, 118), (22, 140), (23, 114), (24, 74), (25, 194), (26, 190), (27, 80), (28, 202), (29, 117), (30, 185), (31, 156), (32, 63), (33, 149), (34, 161), (35, 102), (36, 127), (37, 92), (38, 143), (39, 188), (40, 79), (41, 191), (42, 128), (43, 105), (44, 167), (45, 255), (46, 213), (47, 67), (48, 193), (49, 118), (50, 127), (51, 213), (52, 84), (53, 147), (54, 61), (55, 91), (56, 159), (57, 116), (58, 146), (59, 189), (60, 100), (61, 159), (62, 166), (63, 142), (64, 183), (65, 120), (66, 118), (67, 70), (68, 150), (69, 113), (70, 167), (71, 93), (72, 107), (73, 138), (74, 191), (75, 154), (76, 72), (77, 255), (78, 83), (79, 102), (80, 129), (81, 48), (82, 97), (83, 129), (84, 216), (85, 178), (86, 127), (87, 254), (88, 191), (89, 126), (90, 170), (91, 154), (92, 52), (93, 149), (94, 179), (95, 99), (96, 96), (97, 142), (98, 154), (99, 193), (100, 143), (101, 118), (102, 153), (103, 44), (104, 142), (105, 87), (106, 84), (107, 196), (108, 143), (109, 156), (110, 63), (111, 178), (112, 52), (113, 165), (114, 106), (115, 38), (116, 112), (117, 183), (118, 63), (119, 299), (120, 96), (121, 53), (122, 143), (123, 132), (124, 288), (125, 151), (126, 104), (127, 95), (128, 225)]
=> DukeMTMC-reID tensor loaded
Dataset statistics:
  ------------------------------
  subset   | # ids | # images
  ------------------------------
  train    |   702 |    16522
  query    |   702 |     2228
  gallery  |  1110 |    17661
  ------------------------------
  total    |  1404 |    36411
  ------------------------------
Initializing SinpleVAE model
Model size: 11.47219M
Classifier size: 0.08986M
=> Start training
Epoch:1 Time:110.3 Data:0.0 Loss:17.1876 Cls Loss:6.6466 Pair Loss:0.5659 KL Loss:10.3966 Recon Loss:0.1444 Acc:0.0025 
Epoch:2 Time:81.9 Data:0.0 Loss:7.5866 Cls Loss:6.7526 Pair Loss:0.5764 KL Loss:0.7114 Recon Loss:0.1227 Acc:0.0102 
Epoch:3 Time:81.9 Data:0.0 Loss:7.1477 Cls Loss:6.6098 Pair Loss:0.5720 KL Loss:0.4200 Recon Loss:0.1179 Acc:0.0340 
Epoch:4 Time:78.0 Data:0.0 Loss:7.0048 Cls Loss:6.4869 Pair Loss:0.5666 KL Loss:0.4020 Recon Loss:0.1159 Acc:0.0452 
/home/zhengwei/anaconda3/envs/yzwT2V/lib/python3.9/site-packages/numpy/lib/function_base.py:2853: RuntimeWarning: invalid value encountered in divide
  c /= stddev[:, None]
/home/zhengwei/anaconda3/envs/yzwT2V/lib/python3.9/site-packages/numpy/lib/function_base.py:2854: RuntimeWarning: invalid value encountered in divide
  c /= stddev[None, :]
Epoch:5 Time:81.2 Data:0.0 Loss:6.8298 Cls Loss:6.2742 Pair Loss:0.5584 KL Loss:0.4413 Recon Loss:0.1143 Acc:0.0650 
=> Test at epoch 5
==========Test with latent_z: z_c =========
Extracted features for query set, obtained torch.Size([2228, 128]) matrix
Extracted features for gallery set, obtained torch.Size([17661, 128]) matrix
Extracting features complete in 0m 8s
Distance computing in 0m 0s
Computing CMC and mAP
Results ---------------------------------------------------
top1:78.5% top5:87.8% top10:90.4% top20:92.9% mAP:59.3%
-----------------------------------------------------------
Using 0m 2s
==========Test with latent_z: x_pre =========
Extracted features for query set, obtained torch.Size([2228, 256]) matrix
Extracted features for gallery set, obtained torch.Size([17661, 256]) matrix
Extracting features complete in 0m 5s
Distance computing in 0m 0s
Computing CMC and mAP
Results ---------------------------------------------------
top1:84.8% top5:91.7% top10:93.8% top20:95.3% mAP:70.6%
-----------------------------------------------------------
Using 0m 3s
==========Test with latent_z: reconx =========
Extracted features for query set, obtained torch.Size([2228, 1280]) matrix
Extracted features for gallery set, obtained torch.Size([17661, 1280]) matrix
Extracting features complete in 0m 5s
Distance computing in 0m 1s
Computing CMC and mAP
Results ---------------------------------------------------
top1:23.1% top5:42.2% top10:49.6% top20:58.1% mAP:8.5%
-----------------------------------------------------------
Using 0m 2s
Epoch:6 Time:79.2 Data:0.0 Loss:6.6799 Cls Loss:6.0752 Pair Loss:0.5517 KL Loss:0.4917 Recon Loss:0.1130 Acc:0.0796 
Epoch:7 Time:83.8 Data:0.0 Loss:6.4657 Cls Loss:5.8200 Pair Loss:0.5415 KL Loss:0.5342 Recon Loss:0.1115 Acc:0.0953 
Epoch:8 Time:79.1 Data:0.0 Loss:6.3513 Cls Loss:5.6073 Pair Loss:0.5323 KL Loss:0.6332 Recon Loss:0.1108 Acc:0.1054 
Epoch:9 Time:74.5 Data:0.0 Loss:6.1785 Cls Loss:5.3616 Pair Loss:0.5240 KL Loss:0.7078 Recon Loss:0.1092 Acc:0.1230 
Epoch:10 Time:74.2 Data:0.0 Loss:5.9912 Cls Loss:5.1799 Pair Loss:0.5169 KL Loss:0.7027 Recon Loss:0.1085 Acc:0.1358 
=> Test at epoch 10
==========Test with latent_z: z_c =========
Extracted features for query set, obtained torch.Size([2228, 128]) matrix
Extracted features for gallery set, obtained torch.Size([17661, 128]) matrix
Extracting features complete in 0m 7s
Distance computing in 0m 0s
Computing CMC and mAP
Results ---------------------------------------------------
top1:77.4% top5:87.2% top10:90.1% top20:92.7% mAP:59.9%
-----------------------------------------------------------
Using 0m 2s
==========Test with latent_z: x_pre =========
Extracted features for query set, obtained torch.Size([2228, 256]) matrix
Extracted features for gallery set, obtained torch.Size([17661, 256]) matrix
Extracting features complete in 0m 5s
Distance computing in 0m 0s
Computing CMC and mAP
Results ---------------------------------------------------
top1:85.3% top5:91.4% top10:93.7% top20:95.2% mAP:71.4%
-----------------------------------------------------------
Using 0m 2s
==========Test with latent_z: reconx =========
Extracted features for query set, obtained torch.Size([2228, 1280]) matrix
Extracted features for gallery set, obtained torch.Size([17661, 1280]) matrix
Extracting features complete in 0m 5s
Distance computing in 0m 1s
Computing CMC and mAP
Results ---------------------------------------------------
top1:56.4% top5:74.2% top10:80.0% top20:85.1% mAP:36.6%
-----------------------------------------------------------
Using 0m 2s
Epoch:11 Time:69.0 Data:0.0 Loss:5.7706 Cls Loss:4.9730 Pair Loss:0.5093 KL Loss:0.6903 Recon Loss:0.1074 Acc:0.1603 
Epoch:12 Time:74.4 Data:0.0 Loss:5.7162 Cls Loss:4.8172 Pair Loss:0.5016 KL Loss:0.7921 Recon Loss:0.1069 Acc:0.1752 
Epoch:13 Time:73.8 Data:0.0 Loss:5.6178 Cls Loss:4.6473 Pair Loss:0.4941 KL Loss:0.8646 Recon Loss:0.1058 Acc:0.1977 
Epoch:14 Time:72.7 Data:0.0 Loss:5.4808 Cls Loss:4.5017 Pair Loss:0.4871 KL Loss:0.8738 Recon Loss:0.1053 Acc:0.2103 
Epoch:15 Time:74.9 Data:0.0 Loss:5.2288 Cls Loss:4.3428 Pair Loss:0.4808 KL Loss:0.7814 Recon Loss:0.1045 Acc:0.2300 
=> Test at epoch 15
==========Test with latent_z: z_c =========
Extracted features for query set, obtained torch.Size([2228, 128]) matrix
Extracted features for gallery set, obtained torch.Size([17661, 128]) matrix
Extracting features complete in 0m 8s
Distance computing in 0m 0s
Computing CMC and mAP
Results ---------------------------------------------------
top1:79.7% top5:88.0% top10:90.7% top20:93.3% mAP:63.7%
-----------------------------------------------------------
Using 0m 2s
==========Test with latent_z: x_pre =========
Extracted features for query set, obtained torch.Size([2228, 256]) matrix
Extracted features for gallery set, obtained torch.Size([17661, 256]) matrix
Extracting features complete in 0m 4s
Distance computing in 0m 0s
Computing CMC and mAP
Results ---------------------------------------------------
top1:85.1% top5:91.6% top10:93.7% top20:95.5% mAP:72.8%
-----------------------------------------------------------
Using 0m 2s
==========Test with latent_z: reconx =========
Extracted features for query set, obtained torch.Size([2228, 1280]) matrix
Extracted features for gallery set, obtained torch.Size([17661, 1280]) matrix
Extracting features complete in 0m 5s
Distance computing in 0m 1s
Computing CMC and mAP
Results ---------------------------------------------------
top1:67.9% top5:81.1% top10:85.8% top20:89.7% mAP:48.9%
-----------------------------------------------------------
Using 0m 2s
Epoch:16 Time:69.8 Data:0.0 Loss:5.2913 Cls Loss:4.2116 Pair Loss:0.4729 KL Loss:0.9777 Recon Loss:0.1020 Acc:0.2480 
Epoch:17 Time:74.1 Data:0.0 Loss:5.1242 Cls Loss:4.1041 Pair Loss:0.4696 KL Loss:0.9186 Recon Loss:0.1015 Acc:0.2744 
Epoch:18 Time:73.6 Data:0.0 Loss:5.1070 Cls Loss:3.9936 Pair Loss:0.4623 KL Loss:1.0124 Recon Loss:0.1009 Acc:0.2881 
Epoch:19 Time:73.7 Data:0.0 Loss:4.9515 Cls Loss:3.8827 Pair Loss:0.4561 KL Loss:0.9683 Recon Loss:0.1005 Acc:0.3047 
Epoch:20 Time:74.0 Data:0.0 Loss:4.9730 Cls Loss:3.7822 Pair Loss:0.4520 KL Loss:1.0905 Recon Loss:0.1003 Acc:0.3232 
=> Test at epoch 20
==========Test with latent_z: z_c =========
Extracted features for query set, obtained torch.Size([2228, 128]) matrix
Extracted features for gallery set, obtained torch.Size([17661, 128]) matrix
Extracting features complete in 0m 7s
Distance computing in 0m 0s
Computing CMC and mAP
Results ---------------------------------------------------
top1:81.4% top5:89.9% top10:92.5% top20:94.4% mAP:67.3%
-----------------------------------------------------------
Using 0m 2s
==========Test with latent_z: x_pre =========
Extracted features for query set, obtained torch.Size([2228, 256]) matrix
Extracted features for gallery set, obtained torch.Size([17661, 256]) matrix
Extracting features complete in 0m 5s
Distance computing in 0m 0s
Computing CMC and mAP
Results ---------------------------------------------------
top1:85.8% top5:92.5% top10:94.5% top20:96.0% mAP:74.1%
-----------------------------------------------------------
Using 0m 2s
==========Test with latent_z: reconx =========
Extracted features for query set, obtained torch.Size([2228, 1280]) matrix
Extracted features for gallery set, obtained torch.Size([17661, 1280]) matrix
Extracting features complete in 0m 5s
Distance computing in 0m 1s
Computing CMC and mAP
Results ---------------------------------------------------
top1:73.0% top5:85.0% top10:88.8% top20:91.7% mAP:54.9%
-----------------------------------------------------------
Using 0m 2s
Epoch:21 Time:70.0 Data:0.0 Loss:4.8707 Cls Loss:3.6723 Pair Loss:0.4466 KL Loss:1.0985 Recon Loss:0.0999 Acc:0.3459 
Epoch:22 Time:74.5 Data:0.0 Loss:4.7941 Cls Loss:3.6479 Pair Loss:0.4443 KL Loss:1.0462 Recon Loss:0.1000 Acc:0.3541 
Epoch:23 Time:73.7 Data:0.0 Loss:4.7740 Cls Loss:3.5919 Pair Loss:0.4430 KL Loss:1.0820 Recon Loss:0.1001 Acc:0.3675 
Epoch:24 Time:73.2 Data:0.0 Loss:4.7110 Cls Loss:3.5673 Pair Loss:0.4439 KL Loss:1.0434 Recon Loss:0.1002 Acc:0.3685 
Epoch:25 Time:72.8 Data:0.0 Loss:4.7043 Cls Loss:3.5544 Pair Loss:0.4433 KL Loss:1.0502 Recon Loss:0.0997 Acc:0.3773 
=> Test at epoch 25
==========Test with latent_z: z_c =========
Extracted features for query set, obtained torch.Size([2228, 128]) matrix
Extracted features for gallery set, obtained torch.Size([17661, 128]) matrix
Extracting features complete in 0m 8s
Distance computing in 0m 0s
Computing CMC and mAP
Results ---------------------------------------------------
top1:83.3% top5:90.6% top10:92.8% top20:94.5% mAP:69.5%
-----------------------------------------------------------
Using 0m 2s
==========Test with latent_z: x_pre =========
Extracted features for query set, obtained torch.Size([2228, 256]) matrix
Extracted features for gallery set, obtained torch.Size([17661, 256]) matrix
Extracting features complete in 0m 6s
Distance computing in 0m 0s
Computing CMC and mAP
Results ---------------------------------------------------
top1:86.5% top5:93.2% top10:94.5% top20:96.0% mAP:75.3%
-----------------------------------------------------------
Using 0m 2s
==========Test with latent_z: reconx =========
Extracted features for query set, obtained torch.Size([2228, 1280]) matrix
Extracted features for gallery set, obtained torch.Size([17661, 1280]) matrix
Extracting features complete in 0m 5s
Distance computing in 0m 1s
Computing CMC and mAP
Results ---------------------------------------------------
top1:74.5% top5:85.8% top10:89.3% top20:91.8% mAP:57.3%
-----------------------------------------------------------
Using 0m 2s
Epoch:26 Time:70.5 Data:0.0 Loss:4.7630 Cls Loss:3.5406 Pair Loss:0.4448 KL Loss:1.1226 Recon Loss:0.0998 Acc:0.3764 
Epoch:27 Time:73.7 Data:0.0 Loss:4.6589 Cls Loss:3.5409 Pair Loss:0.4449 KL Loss:1.0182 Recon Loss:0.0997 Acc:0.3793 
Epoch:28 Time:74.4 Data:0.0 Loss:4.6610 Cls Loss:3.4897 Pair Loss:0.4440 KL Loss:1.0719 Recon Loss:0.0995 Acc:0.3865 
Epoch:29 Time:75.9 Data:0.0 Loss:4.6649 Cls Loss:3.5003 Pair Loss:0.4437 KL Loss:1.0653 Recon Loss:0.0992 Acc:0.3847 
Epoch:30 Time:78.0 Data:0.0 Loss:4.7081 Cls Loss:3.4588 Pair Loss:0.4420 KL Loss:1.1506 Recon Loss:0.0987 Acc:0.3937 
=> Test at epoch 30
==========Test with latent_z: z_c =========
Extracted features for query set, obtained torch.Size([2228, 128]) matrix
Extracted features for gallery set, obtained torch.Size([17661, 128]) matrix
Extracting features complete in 0m 11s
Distance computing in 0m 0s
Computing CMC and mAP
Results ---------------------------------------------------
top1:84.2% top5:91.6% top10:93.6% top20:95.3% mAP:70.8%
-----------------------------------------------------------
Using 0m 3s
==========Test with latent_z: x_pre =========
Extracted features for query set, obtained torch.Size([2228, 256]) matrix
Extracted features for gallery set, obtained torch.Size([17661, 256]) matrix
Extracting features complete in 0m 6s
Distance computing in 0m 0s
Computing CMC and mAP
Results ---------------------------------------------------
top1:86.8% top5:93.0% top10:95.1% top20:96.5% mAP:75.8%
-----------------------------------------------------------
Using 0m 2s
==========Test with latent_z: reconx =========
Extracted features for query set, obtained torch.Size([2228, 1280]) matrix
Extracted features for gallery set, obtained torch.Size([17661, 1280]) matrix
Extracting features complete in 0m 5s
Distance computing in 0m 1s
Computing CMC and mAP
Results ---------------------------------------------------
top1:73.4% top5:84.9% top10:88.6% top20:91.3% mAP:56.6%
-----------------------------------------------------------
Using 0m 2s
Epoch:31 Time:75.5 Data:0.0 Loss:4.6233 Cls Loss:3.4833 Pair Loss:0.4422 KL Loss:1.0409 Recon Loss:0.0991 Acc:0.3922 
Epoch:32 Time:79.1 Data:0.0 Loss:4.5484 Cls Loss:3.4806 Pair Loss:0.4445 KL Loss:0.9691 Recon Loss:0.0987 Acc:0.3948 
Epoch:33 Time:78.6 Data:0.0 Loss:4.7778 Cls Loss:3.4742 Pair Loss:0.4433 KL Loss:1.2066 Recon Loss:0.0971 Acc:0.3891 
Epoch:34 Time:80.1 Data:0.0 Loss:4.6468 Cls Loss:3.4593 Pair Loss:0.4426 KL Loss:1.0907 Recon Loss:0.0968 Acc:0.3911 
Epoch:35 Time:78.8 Data:0.0 Loss:4.6129 Cls Loss:3.4790 Pair Loss:0.4429 KL Loss:1.0369 Recon Loss:0.0971 Acc:0.3921 
=> Test at epoch 35
==========Test with latent_z: z_c =========
Extracted features for query set, obtained torch.Size([2228, 128]) matrix
Extracted features for gallery set, obtained torch.Size([17661, 128]) matrix
Extracting features complete in 0m 9s
Distance computing in 0m 0s
Computing CMC and mAP
Results ---------------------------------------------------
top1:84.4% top5:92.0% top10:94.1% top20:95.5% mAP:71.6%
-----------------------------------------------------------
Using 0m 3s
==========Test with latent_z: x_pre =========
Extracted features for query set, obtained torch.Size([2228, 256]) matrix
Extracted features for gallery set, obtained torch.Size([17661, 256]) matrix
Extracting features complete in 0m 6s
Distance computing in 0m 0s
Computing CMC and mAP
Results ---------------------------------------------------
top1:87.0% top5:93.8% top10:95.2% top20:96.5% mAP:76.3%
-----------------------------------------------------------
Using 0m 3s
==========Test with latent_z: reconx =========
Extracted features for query set, obtained torch.Size([2228, 1280]) matrix
Extracted features for gallery set, obtained torch.Size([17661, 1280]) matrix
Extracting features complete in 0m 5s
Distance computing in 0m 1s
Computing CMC and mAP
Results ---------------------------------------------------
top1:74.3% top5:86.0% top10:89.4% top20:91.9% mAP:56.9%
-----------------------------------------------------------
Using 0m 2s
Epoch:36 Time:75.4 Data:0.0 Loss:4.5645 Cls Loss:3.4412 Pair Loss:0.4452 KL Loss:1.0265 Recon Loss:0.0968 Acc:0.4000 
Epoch:37 Time:83.8 Data:0.0 Loss:4.6112 Cls Loss:3.4314 Pair Loss:0.4427 KL Loss:1.0832 Recon Loss:0.0965 Acc:0.4031 
Epoch:38 Time:83.3 Data:0.0 Loss:4.7499 Cls Loss:3.4481 Pair Loss:0.4442 KL Loss:1.2051 Recon Loss:0.0968 Acc:0.4010 
Epoch:39 Time:79.7 Data:0.0 Loss:4.5149 Cls Loss:3.4296 Pair Loss:0.4437 KL Loss:0.9887 Recon Loss:0.0965 Acc:0.4043 
Epoch:40 Time:78.5 Data:0.0 Loss:4.5956 Cls Loss:3.4005 Pair Loss:0.4431 KL Loss:1.0984 Recon Loss:0.0967 Acc:0.4139 
=> Test at epoch 40
==========Test with latent_z: z_c =========
Extracted features for query set, obtained torch.Size([2228, 128]) matrix
Extracted features for gallery set, obtained torch.Size([17661, 128]) matrix
Extracting features complete in 0m 9s
Distance computing in 0m 0s
Computing CMC and mAP
Results ---------------------------------------------------
top1:85.0% top5:92.5% top10:94.3% top20:95.6% mAP:72.4%
-----------------------------------------------------------
Using 0m 3s
==========Test with latent_z: x_pre =========
Extracted features for query set, obtained torch.Size([2228, 256]) matrix
Extracted features for gallery set, obtained torch.Size([17661, 256]) matrix
Extracting features complete in 0m 5s
Distance computing in 0m 0s
Computing CMC and mAP
Results ---------------------------------------------------
top1:87.7% top5:93.4% top10:95.5% top20:96.3% mAP:76.9%
-----------------------------------------------------------
Using 0m 2s
==========Test with latent_z: reconx =========
Extracted features for query set, obtained torch.Size([2228, 1280]) matrix
Extracted features for gallery set, obtained torch.Size([17661, 1280]) matrix
Extracting features complete in 0m 5s
Distance computing in 0m 1s
Computing CMC and mAP
Results ---------------------------------------------------
top1:75.2% top5:85.9% top10:89.5% top20:91.8% mAP:57.6%
-----------------------------------------------------------
Using 0m 2s
Epoch:41 Time:80.6 Data:0.0 Loss:4.5325 Cls Loss:3.4047 Pair Loss:0.4439 KL Loss:1.0313 Recon Loss:0.0965 Acc:0.4070 
Epoch:42 Time:83.4 Data:0.0 Loss:4.6413 Cls Loss:3.3978 Pair Loss:0.4425 KL Loss:1.1473 Recon Loss:0.0962 Acc:0.4127 
Epoch:43 Time:84.2 Data:0.0 Loss:4.5000 Cls Loss:3.3949 Pair Loss:0.4451 KL Loss:1.0088 Recon Loss:0.0964 Acc:0.4092 
Epoch:44 Time:80.6 Data:0.0 Loss:4.5545 Cls Loss:3.3803 Pair Loss:0.4423 KL Loss:1.0776 Recon Loss:0.0965 Acc:0.4171 
Epoch:45 Time:79.9 Data:0.0 Loss:4.5006 Cls Loss:3.3736 Pair Loss:0.4418 KL Loss:1.0309 Recon Loss:0.0962 Acc:0.4198 
=> Test at epoch 45
==========Test with latent_z: z_c =========
Extracted features for query set, obtained torch.Size([2228, 128]) matrix
Extracted features for gallery set, obtained torch.Size([17661, 128]) matrix
Extracting features complete in 0m 8s
Distance computing in 0m 0s
Computing CMC and mAP
Results ---------------------------------------------------
top1:85.3% top5:92.9% top10:94.6% top20:95.6% mAP:72.9%
-----------------------------------------------------------
Using 0m 3s
==========Test with latent_z: x_pre =========
Extracted features for query set, obtained torch.Size([2228, 256]) matrix
Extracted features for gallery set, obtained torch.Size([17661, 256]) matrix
Extracting features complete in 0m 5s
Distance computing in 0m 0s
Computing CMC and mAP
Results ---------------------------------------------------
top1:87.7% top5:94.0% top10:95.8% top20:96.4% mAP:77.0%
-----------------------------------------------------------
Using 0m 3s
==========Test with latent_z: reconx =========
Extracted features for query set, obtained torch.Size([2228, 1280]) matrix
Extracted features for gallery set, obtained torch.Size([17661, 1280]) matrix
Extracting features complete in 0m 6s
Distance computing in 0m 1s
Computing CMC and mAP
Results ---------------------------------------------------
top1:74.2% top5:85.9% top10:89.9% top20:92.0% mAP:57.3%
-----------------------------------------------------------
Using 0m 3s
Epoch:46 Time:78.5 Data:0.0 Loss:4.6108 Cls Loss:3.3701 Pair Loss:0.4431 KL Loss:1.1442 Recon Loss:0.0964 Acc:0.4174 
Epoch:47 Time:80.9 Data:0.0 Loss:4.6061 Cls Loss:3.3866 Pair Loss:0.4434 KL Loss:1.1229 Recon Loss:0.0966 Acc:0.4140 
Epoch:48 Time:80.0 Data:0.0 Loss:4.6030 Cls Loss:3.3510 Pair Loss:0.4436 KL Loss:1.1561 Recon Loss:0.0959 Acc:0.4232 
Epoch:49 Time:82.3 Data:0.0 Loss:4.4954 Cls Loss:3.3391 Pair Loss:0.4414 KL Loss:1.0629 Recon Loss:0.0934 Acc:0.4258 
Epoch:50 Time:82.1 Data:0.0 Loss:4.4953 Cls Loss:3.3519 Pair Loss:0.4445 KL Loss:1.0505 Recon Loss:0.0928 Acc:0.4251 
=> Test at epoch 50
==========Test with latent_z: z_c =========
Extracted features for query set, obtained torch.Size([2228, 128]) matrix
Extracted features for gallery set, obtained torch.Size([17661, 128]) matrix
Extracting features complete in 0m 8s
Distance computing in 0m 0s
Computing CMC and mAP
Results ---------------------------------------------------
top1:85.6% top5:92.8% top10:94.5% top20:95.6% mAP:73.4%
-----------------------------------------------------------
Using 0m 3s
==========Test with latent_z: x_pre =========
Extracted features for query set, obtained torch.Size([2228, 256]) matrix
Extracted features for gallery set, obtained torch.Size([17661, 256]) matrix
Extracting features complete in 0m 6s
Distance computing in 0m 0s
Computing CMC and mAP
Results ---------------------------------------------------
top1:87.7% top5:93.7% top10:95.6% top20:96.5% mAP:77.3%
-----------------------------------------------------------
Using 0m 3s
==========Test with latent_z: reconx =========
Extracted features for query set, obtained torch.Size([2228, 1280]) matrix
Extracted features for gallery set, obtained torch.Size([17661, 1280]) matrix
Extracting features complete in 0m 6s
Distance computing in 0m 1s
Computing CMC and mAP
Results ---------------------------------------------------
top1:76.3% top5:86.2% top10:89.1% top20:91.7% mAP:59.0%
-----------------------------------------------------------
Using 0m 3s
Epoch:51 Time:75.7 Data:0.0 Loss:4.5121 Cls Loss:3.3449 Pair Loss:0.4431 KL Loss:1.0746 Recon Loss:0.0927 Acc:0.4180 
Epoch:52 Time:76.1 Data:0.0 Loss:4.4208 Cls Loss:3.3368 Pair Loss:0.4444 KL Loss:0.9914 Recon Loss:0.0926 Acc:0.4204 
Epoch:53 Time:79.1 Data:0.0 Loss:4.5452 Cls Loss:3.3397 Pair Loss:0.4439 KL Loss:1.1129 Recon Loss:0.0925 Acc:0.4251 
Epoch:54 Time:81.7 Data:0.0 Loss:4.4709 Cls Loss:3.3290 Pair Loss:0.4430 KL Loss:1.0493 Recon Loss:0.0926 Acc:0.4256 
Epoch:55 Time:82.9 Data:0.0 Loss:4.4610 Cls Loss:3.3185 Pair Loss:0.4425 KL Loss:1.0502 Recon Loss:0.0923 Acc:0.4321 
=> Test at epoch 55
==========Test with latent_z: z_c =========
Extracted features for query set, obtained torch.Size([2228, 128]) matrix
Extracted features for gallery set, obtained torch.Size([17661, 128]) matrix
Extracting features complete in 0m 8s
Distance computing in 0m 0s
Computing CMC and mAP
Results ---------------------------------------------------
top1:85.4% top5:92.5% top10:94.3% top20:95.7% mAP:73.5%
-----------------------------------------------------------
Using 0m 3s
==========Test with latent_z: x_pre =========
Extracted features for query set, obtained torch.Size([2228, 256]) matrix
Extracted features for gallery set, obtained torch.Size([17661, 256]) matrix
Extracting features complete in 0m 6s
Distance computing in 0m 0s
Computing CMC and mAP
Results ---------------------------------------------------
top1:87.5% top5:93.6% top10:95.5% top20:96.5% mAP:77.3%
-----------------------------------------------------------
Using 0m 3s
==========Test with latent_z: reconx =========
Extracted features for query set, obtained torch.Size([2228, 1280]) matrix
Extracted features for gallery set, obtained torch.Size([17661, 1280]) matrix
Extracting features complete in 0m 6s
Distance computing in 0m 1s
Computing CMC and mAP
Results ---------------------------------------------------
top1:75.1% top5:86.0% top10:89.2% top20:91.8% mAP:58.9%
-----------------------------------------------------------
Using 0m 2s
Epoch:56 Time:76.7 Data:0.0 Loss:4.4480 Cls Loss:3.3463 Pair Loss:0.4434 KL Loss:1.0091 Recon Loss:0.0925 Acc:0.4241 
Epoch:57 Time:79.0 Data:0.0 Loss:4.5658 Cls Loss:3.3337 Pair Loss:0.4437 KL Loss:1.1395 Recon Loss:0.0926 Acc:0.4261 
Epoch:58 Time:78.2 Data:0.0 Loss:4.3922 Cls Loss:3.2903 Pair Loss:0.4440 KL Loss:1.0095 Recon Loss:0.0924 Acc:0.4337 
Epoch:59 Time:83.8 Data:0.0 Loss:4.4292 Cls Loss:3.3015 Pair Loss:0.4421 KL Loss:1.0354 Recon Loss:0.0924 Acc:0.4319 
Epoch:60 Time:83.5 Data:0.0 Loss:4.3799 Cls Loss:3.2846 Pair Loss:0.4426 KL Loss:1.0038 Recon Loss:0.0914 Acc:0.4377 
=> Test at epoch 60
==========Test with latent_z: z_c =========
Extracted features for query set, obtained torch.Size([2228, 128]) matrix
Extracted features for gallery set, obtained torch.Size([17661, 128]) matrix
Extracting features complete in 0m 9s
Distance computing in 0m 0s
Computing CMC and mAP
Results ---------------------------------------------------
top1:85.8% top5:92.7% top10:94.7% top20:95.7% mAP:74.0%
-----------------------------------------------------------
Using 0m 3s
==========Test with latent_z: x_pre =========
Extracted features for query set, obtained torch.Size([2228, 256]) matrix
Extracted features for gallery set, obtained torch.Size([17661, 256]) matrix
Extracting features complete in 0m 6s
Distance computing in 0m 0s
Computing CMC and mAP
Results ---------------------------------------------------
top1:88.0% top5:94.1% top10:95.8% top20:96.6% mAP:77.6%
-----------------------------------------------------------
Using 0m 3s
==========Test with latent_z: reconx =========
Extracted features for query set, obtained torch.Size([2228, 1280]) matrix
Extracted features for gallery set, obtained torch.Size([17661, 1280]) matrix
Extracting features complete in 0m 6s
Distance computing in 0m 1s
Computing CMC and mAP
Results ---------------------------------------------------
top1:75.0% top5:86.6% top10:89.5% top20:92.0% mAP:57.7%
-----------------------------------------------------------
Using 0m 2s
Epoch:61 Time:75.0 Data:0.0 Loss:4.1741 Cls Loss:3.1832 Pair Loss:0.4431 KL Loss:0.9019 Recon Loss:0.0891 Acc:0.4675 
Epoch:62 Time:80.1 Data:0.0 Loss:4.1173 Cls Loss:3.0958 Pair Loss:0.4406 KL Loss:0.9331 Recon Loss:0.0884 Acc:0.4901 
Epoch:63 Time:80.1 Data:0.0 Loss:4.0267 Cls Loss:3.0700 Pair Loss:0.4415 KL Loss:0.8685 Recon Loss:0.0883 Acc:0.4972 
Epoch:64 Time:85.5 Data:0.0 Loss:4.0120 Cls Loss:3.0367 Pair Loss:0.4417 KL Loss:0.8871 Recon Loss:0.0882 Acc:0.5036 
Epoch:65 Time:86.4 Data:0.0 Loss:4.0458 Cls Loss:3.0326 Pair Loss:0.4411 KL Loss:0.9251 Recon Loss:0.0881 Acc:0.5059 
=> Test at epoch 65
==========Test with latent_z: z_c =========
Extracted features for query set, obtained torch.Size([2228, 128]) matrix
Extracted features for gallery set, obtained torch.Size([17661, 128]) matrix
Extracting features complete in 0m 8s
Distance computing in 0m 0s
Computing CMC and mAP
Results ---------------------------------------------------
top1:86.1% top5:92.7% top10:94.6% top20:95.8% mAP:74.3%
-----------------------------------------------------------
Using 0m 3s
==========Test with latent_z: x_pre =========
Extracted features for query set, obtained torch.Size([2228, 256]) matrix
Extracted features for gallery set, obtained torch.Size([17661, 256]) matrix
Extracting features complete in 0m 7s
Distance computing in 0m 0s
Computing CMC and mAP
Results ---------------------------------------------------
top1:88.2% top5:93.9% top10:95.7% top20:96.6% mAP:77.7%
-----------------------------------------------------------
Using 0m 3s
==========Test with latent_z: reconx =========
Extracted features for query set, obtained torch.Size([2228, 1280]) matrix
Extracted features for gallery set, obtained torch.Size([17661, 1280]) matrix
Extracting features complete in 0m 6s
Distance computing in 0m 1s
Computing CMC and mAP
Results ---------------------------------------------------
top1:77.2% top5:87.7% top10:89.9% top20:92.2% mAP:59.9%
-----------------------------------------------------------
Using 0m 3s
Epoch:66 Time:73.3 Data:0.0 Loss:3.9893 Cls Loss:3.0061 Pair Loss:0.4404 KL Loss:0.8951 Recon Loss:0.0881 Acc:0.5178 
Epoch:67 Time:81.4 Data:0.0 Loss:3.9363 Cls Loss:2.9659 Pair Loss:0.4388 KL Loss:0.8824 Recon Loss:0.0880 Acc:0.5228 
Epoch:68 Time:83.9 Data:0.0 Loss:3.8612 Cls Loss:2.9333 Pair Loss:0.4382 KL Loss:0.8405 Recon Loss:0.0874 Acc:0.5345 
Epoch:69 Time:84.9 Data:0.0 Loss:3.8789 Cls Loss:2.9095 Pair Loss:0.4382 KL Loss:0.8825 Recon Loss:0.0869 Acc:0.5449 
Epoch:70 Time:82.8 Data:0.0 Loss:3.7946 Cls Loss:2.9120 Pair Loss:0.4394 KL Loss:0.7960 Recon Loss:0.0866 Acc:0.5407 
=> Test at epoch 70
==========Test with latent_z: z_c =========
Extracted features for query set, obtained torch.Size([2228, 128]) matrix
Extracted features for gallery set, obtained torch.Size([17661, 128]) matrix
Extracting features complete in 0m 8s
Distance computing in 0m 0s
Computing CMC and mAP
Results ---------------------------------------------------
top1:86.1% top5:92.8% top10:94.7% top20:95.9% mAP:74.5%
-----------------------------------------------------------
Using 0m 3s
==========Test with latent_z: x_pre =========
Extracted features for query set, obtained torch.Size([2228, 256]) matrix
Extracted features for gallery set, obtained torch.Size([17661, 256]) matrix
Extracting features complete in 0m 5s
Distance computing in 0m 0s
Computing CMC and mAP
Results ---------------------------------------------------
top1:88.2% top5:94.0% top10:95.6% top20:96.6% mAP:77.8%
-----------------------------------------------------------
Using 0m 3s
==========Test with latent_z: reconx =========
Extracted features for query set, obtained torch.Size([2228, 1280]) matrix
Extracted features for gallery set, obtained torch.Size([17661, 1280]) matrix
Extracting features complete in 0m 6s
Distance computing in 0m 1s
Computing CMC and mAP
Results ---------------------------------------------------
top1:78.2% top5:88.0% top10:90.8% top20:92.9% mAP:61.5%
-----------------------------------------------------------
Using 0m 3s
Epoch:71 Time:77.6 Data:0.0 Loss:3.7129 Cls Loss:2.8858 Pair Loss:0.4371 KL Loss:0.7404 Recon Loss:0.0867 Acc:0.5486 
Epoch:72 Time:84.8 Data:0.0 Loss:3.7457 Cls Loss:2.8628 Pair Loss:0.4387 KL Loss:0.7965 Recon Loss:0.0864 Acc:0.5531 
Epoch:73 Time:84.5 Data:0.0 Loss:3.7566 Cls Loss:2.8515 Pair Loss:0.4350 KL Loss:0.8194 Recon Loss:0.0857 Acc:0.5625 
Epoch:74 Time:83.0 Data:0.0 Loss:3.7733 Cls Loss:2.8371 Pair Loss:0.4369 KL Loss:0.8510 Recon Loss:0.0851 Acc:0.5669 
Epoch:75 Time:83.5 Data:0.0 Loss:3.6692 Cls Loss:2.8273 Pair Loss:0.4368 KL Loss:0.7571 Recon Loss:0.0848 Acc:0.5664 
=> Test at epoch 75
==========Test with latent_z: z_c =========
Extracted features for query set, obtained torch.Size([2228, 128]) matrix
Extracted features for gallery set, obtained torch.Size([17661, 128]) matrix
Extracting features complete in 0m 8s
Distance computing in 0m 0s
Computing CMC and mAP
Results ---------------------------------------------------
top1:86.1% top5:92.9% top10:94.6% top20:96.0% mAP:74.6%
-----------------------------------------------------------
Using 0m 2s
==========Test with latent_z: x_pre =========
Extracted features for query set, obtained torch.Size([2228, 256]) matrix
Extracted features for gallery set, obtained torch.Size([17661, 256]) matrix
Extracting features complete in 0m 5s
Distance computing in 0m 0s
Computing CMC and mAP
Results ---------------------------------------------------
top1:88.2% top5:93.9% top10:95.8% top20:96.6% mAP:77.8%
-----------------------------------------------------------
Using 0m 3s
==========Test with latent_z: reconx =========
Extracted features for query set, obtained torch.Size([2228, 1280]) matrix
Extracted features for gallery set, obtained torch.Size([17661, 1280]) matrix
Extracting features complete in 0m 5s
Distance computing in 0m 1s
Computing CMC and mAP
Results ---------------------------------------------------
top1:80.3% top5:89.4% top10:92.3% top20:94.6% mAP:64.7%
-----------------------------------------------------------
Using 0m 3s
Epoch:76 Time:83.1 Data:0.0 Loss:3.7120 Cls Loss:2.8045 Pair Loss:0.4344 KL Loss:0.8234 Recon Loss:0.0840 Acc:0.5747 
Epoch:77 Time:85.5 Data:0.0 Loss:3.7254 Cls Loss:2.8080 Pair Loss:0.4351 KL Loss:0.8337 Recon Loss:0.0837 Acc:0.5701 
Epoch:78 Time:85.0 Data:0.0 Loss:3.6731 Cls Loss:2.7740 Pair Loss:0.4325 KL Loss:0.8161 Recon Loss:0.0830 Acc:0.5794 
Epoch:79 Time:84.6 Data:0.0 Loss:3.6771 Cls Loss:2.7817 Pair Loss:0.4345 KL Loss:0.8127 Recon Loss:0.0828 Acc:0.5809 
Epoch:80 Time:83.5 Data:0.0 Loss:3.6661 Cls Loss:2.7797 Pair Loss:0.4358 KL Loss:0.8038 Recon Loss:0.0826 Acc:0.5786 
=> Test at epoch 80
==========Test with latent_z: z_c =========
Extracted features for query set, obtained torch.Size([2228, 128]) matrix
Extracted features for gallery set, obtained torch.Size([17661, 128]) matrix
Extracting features complete in 0m 8s
Distance computing in 0m 0s
Computing CMC and mAP
Results ---------------------------------------------------
top1:86.2% top5:93.1% top10:94.6% top20:95.9% mAP:74.7%
-----------------------------------------------------------
Using 0m 2s
==========Test with latent_z: x_pre =========
Extracted features for query set, obtained torch.Size([2228, 256]) matrix
Extracted features for gallery set, obtained torch.Size([17661, 256]) matrix
Extracting features complete in 0m 6s
Distance computing in 0m 0s
Computing CMC and mAP
Results ---------------------------------------------------
top1:88.2% top5:93.9% top10:95.9% top20:96.5% mAP:77.9%
-----------------------------------------------------------
Using 0m 3s
==========Test with latent_z: reconx =========
Extracted features for query set, obtained torch.Size([2228, 1280]) matrix
Extracted features for gallery set, obtained torch.Size([17661, 1280]) matrix
Extracting features complete in 0m 5s
Distance computing in 0m 1s
Computing CMC and mAP
Results ---------------------------------------------------
top1:82.0% top5:90.5% top10:93.1% top20:95.1% mAP:68.4%
-----------------------------------------------------------
Using 0m 3s
Epoch:81 Time:82.5 Data:0.0 Loss:3.5720 Cls Loss:2.7731 Pair Loss:0.4347 KL Loss:0.7166 Recon Loss:0.0824 Acc:0.5820 
Epoch:82 Time:79.5 Data:0.0 Loss:3.6486 Cls Loss:2.7412 Pair Loss:0.4333 KL Loss:0.8254 Recon Loss:0.0820 Acc:0.5926 
Epoch:83 Time:84.4 Data:0.0 Loss:3.6830 Cls Loss:2.7454 Pair Loss:0.4353 KL Loss:0.8561 Recon Loss:0.0814 Acc:0.5914 
Epoch:84 Time:84.4 Data:0.0 Loss:3.6141 Cls Loss:2.7504 Pair Loss:0.4350 KL Loss:0.7823 Recon Loss:0.0814 Acc:0.5908 
Epoch:85 Time:83.7 Data:0.0 Loss:3.5881 Cls Loss:2.7393 Pair Loss:0.4332 KL Loss:0.7677 Recon Loss:0.0811 Acc:0.5923 
=> Test at epoch 85
==========Test with latent_z: z_c =========
Extracted features for query set, obtained torch.Size([2228, 128]) matrix
Extracted features for gallery set, obtained torch.Size([17661, 128]) matrix
Extracting features complete in 0m 9s
Distance computing in 0m 0s
Computing CMC and mAP
Results ---------------------------------------------------
top1:86.3% top5:93.1% top10:94.7% top20:95.8% mAP:74.8%
-----------------------------------------------------------
Using 0m 3s
==========Test with latent_z: x_pre =========
Extracted features for query set, obtained torch.Size([2228, 256]) matrix
Extracted features for gallery set, obtained torch.Size([17661, 256]) matrix
Extracting features complete in 0m 6s
Distance computing in 0m 0s
Computing CMC and mAP
Results ---------------------------------------------------
top1:88.3% top5:93.7% top10:95.8% top20:96.6% mAP:78.0%
-----------------------------------------------------------
Using 0m 3s
==========Test with latent_z: reconx =========
Extracted features for query set, obtained torch.Size([2228, 1280]) matrix
Extracted features for gallery set, obtained torch.Size([17661, 1280]) matrix
Extracting features complete in 0m 6s
Distance computing in 0m 1s
Computing CMC and mAP
Results ---------------------------------------------------
top1:83.1% top5:91.1% top10:93.4% top20:95.3% mAP:68.7%
-----------------------------------------------------------
Using 0m 3s
Epoch:86 Time:78.4 Data:0.0 Loss:3.6485 Cls Loss:2.7371 Pair Loss:0.4330 KL Loss:0.8303 Recon Loss:0.0811 Acc:0.5915 
Epoch:87 Time:81.9 Data:0.0 Loss:3.6471 Cls Loss:2.7375 Pair Loss:0.4328 KL Loss:0.8291 Recon Loss:0.0806 Acc:0.5951 
Epoch:88 Time:79.4 Data:0.0 Loss:3.5931 Cls Loss:2.7345 Pair Loss:0.4335 KL Loss:0.7784 Recon Loss:0.0802 Acc:0.5951 
Epoch:89 Time:77.4 Data:0.0 Loss:3.6793 Cls Loss:2.7160 Pair Loss:0.4323 KL Loss:0.8833 Recon Loss:0.0800 Acc:0.6011 
Epoch:90 Time:76.0 Data:0.0 Loss:3.5254 Cls Loss:2.6992 Pair Loss:0.4315 KL Loss:0.7465 Recon Loss:0.0798 Acc:0.6041 
=> Test at epoch 90
==========Test with latent_z: z_c =========
Extracted features for query set, obtained torch.Size([2228, 128]) matrix
Extracted features for gallery set, obtained torch.Size([17661, 128]) matrix
Extracting features complete in 0m 8s
Distance computing in 0m 0s
Computing CMC and mAP
Results ---------------------------------------------------
top1:86.1% top5:93.1% top10:94.4% top20:95.8% mAP:74.8%
-----------------------------------------------------------
Using 0m 3s
==========Test with latent_z: x_pre =========
Extracted features for query set, obtained torch.Size([2228, 256]) matrix
Extracted features for gallery set, obtained torch.Size([17661, 256]) matrix
Extracting features complete in 0m 5s
Distance computing in 0m 0s
Computing CMC and mAP
Results ---------------------------------------------------
top1:88.4% top5:93.9% top10:95.9% top20:96.6% mAP:78.0%
-----------------------------------------------------------
Using 0m 2s
==========Test with latent_z: reconx =========
Extracted features for query set, obtained torch.Size([2228, 1280]) matrix
Extracted features for gallery set, obtained torch.Size([17661, 1280]) matrix
Extracting features complete in 0m 5s
Distance computing in 0m 1s
Computing CMC and mAP
Results ---------------------------------------------------
top1:83.0% top5:91.1% top10:93.4% top20:95.2% mAP:69.8%
-----------------------------------------------------------
Using 0m 2s
Epoch:91 Time:82.2 Data:0.0 Loss:3.5721 Cls Loss:2.6836 Pair Loss:0.4320 KL Loss:0.8092 Recon Loss:0.0793 Acc:0.6059 
Epoch:92 Time:77.2 Data:0.0 Loss:3.6310 Cls Loss:2.6758 Pair Loss:0.4313 KL Loss:0.8762 Recon Loss:0.0790 Acc:0.6076 
Epoch:93 Time:72.5 Data:0.0 Loss:3.5453 Cls Loss:2.6844 Pair Loss:0.4318 KL Loss:0.7819 Recon Loss:0.0790 Acc:0.6135 
Epoch:94 Time:74.2 Data:0.0 Loss:3.5390 Cls Loss:2.6899 Pair Loss:0.4316 KL Loss:0.7701 Recon Loss:0.0790 Acc:0.6041 
Epoch:95 Time:74.1 Data:0.0 Loss:3.5720 Cls Loss:2.6767 Pair Loss:0.4308 KL Loss:0.8167 Recon Loss:0.0787 Acc:0.6119 
=> Test at epoch 95
==========Test with latent_z: z_c =========
Extracted features for query set, obtained torch.Size([2228, 128]) matrix
Extracted features for gallery set, obtained torch.Size([17661, 128]) matrix
Extracting features complete in 0m 7s
Distance computing in 0m 0s
Computing CMC and mAP
Results ---------------------------------------------------
top1:86.2% top5:93.0% top10:94.5% top20:95.8% mAP:74.9%
-----------------------------------------------------------
Using 0m 2s
==========Test with latent_z: x_pre =========
Extracted features for query set, obtained torch.Size([2228, 256]) matrix
Extracted features for gallery set, obtained torch.Size([17661, 256]) matrix
Extracting features complete in 0m 5s
Distance computing in 0m 0s
Computing CMC and mAP
Results ---------------------------------------------------
top1:88.2% top5:93.9% top10:95.9% top20:96.6% mAP:78.0%
-----------------------------------------------------------
Using 0m 2s
==========Test with latent_z: reconx =========
Extracted features for query set, obtained torch.Size([2228, 1280]) matrix
Extracted features for gallery set, obtained torch.Size([17661, 1280]) matrix
Extracting features complete in 0m 5s
Distance computing in 0m 1s
Computing CMC and mAP
Results ---------------------------------------------------
top1:82.9% top5:91.1% top10:93.8% top20:95.4% mAP:69.9%
-----------------------------------------------------------
Using 0m 2s
Epoch:96 Time:71.1 Data:0.0 Loss:3.6382 Cls Loss:2.6818 Pair Loss:0.4325 KL Loss:0.8777 Recon Loss:0.0787 Acc:0.6138 
Epoch:97 Time:70.8 Data:0.0 Loss:3.4909 Cls Loss:2.6675 Pair Loss:0.4323 KL Loss:0.7448 Recon Loss:0.0786 Acc:0.6177 
Epoch:98 Time:73.8 Data:0.0 Loss:3.5040 Cls Loss:2.6710 Pair Loss:0.4308 KL Loss:0.7545 Recon Loss:0.0785 Acc:0.6144 
Epoch:99 Time:72.9 Data:0.0 Loss:3.5421 Cls Loss:2.6767 Pair Loss:0.4312 KL Loss:0.7869 Recon Loss:0.0785 Acc:0.6151 
Epoch:100 Time:73.7 Data:0.0 Loss:3.5745 Cls Loss:2.6641 Pair Loss:0.4320 KL Loss:0.8319 Recon Loss:0.0785 Acc:0.6156 
=> Test at epoch 100
==========Test with latent_z: z_c =========
Extracted features for query set, obtained torch.Size([2228, 128]) matrix
Extracted features for gallery set, obtained torch.Size([17661, 128]) matrix
Extracting features complete in 0m 8s
Distance computing in 0m 0s
Computing CMC and mAP
Results ---------------------------------------------------
top1:86.3% top5:93.1% top10:94.6% top20:95.9% mAP:74.9%
-----------------------------------------------------------
Using 0m 2s
==========Test with latent_z: x_pre =========
Extracted features for query set, obtained torch.Size([2228, 256]) matrix
Extracted features for gallery set, obtained torch.Size([17661, 256]) matrix
Extracting features complete in 0m 5s
Distance computing in 0m 0s
Computing CMC and mAP
Results ---------------------------------------------------
top1:88.1% top5:93.9% top10:96.0% top20:96.7% mAP:78.0%
-----------------------------------------------------------
Using 0m 2s
==========Test with latent_z: reconx =========
Extracted features for query set, obtained torch.Size([2228, 1280]) matrix
Extracted features for gallery set, obtained torch.Size([17661, 1280]) matrix
Extracting features complete in 0m 5s
Distance computing in 0m 0s
Computing CMC and mAP
Results ---------------------------------------------------
top1:82.5% top5:91.1% top10:93.4% top20:95.2% mAP:69.8%
-----------------------------------------------------------
Using 0m 2s
Epoch:101 Time:71.9 Data:0.0 Loss:3.5107 Cls Loss:2.6460 Pair Loss:0.4304 KL Loss:0.7863 Recon Loss:0.0783 Acc:0.6215 
Epoch:102 Time:71.0 Data:0.0 Loss:3.5520 Cls Loss:2.6603 Pair Loss:0.4301 KL Loss:0.8133 Recon Loss:0.0785 Acc:0.6175 
Epoch:103 Time:75.1 Data:0.0 Loss:3.4811 Cls Loss:2.6499 Pair Loss:0.4314 KL Loss:0.7528 Recon Loss:0.0784 Acc:0.6176 
Epoch:104 Time:73.7 Data:0.0 Loss:3.4746 Cls Loss:2.6490 Pair Loss:0.4318 KL Loss:0.7472 Recon Loss:0.0784 Acc:0.6200 
Epoch:105 Time:73.4 Data:0.0 Loss:3.5194 Cls Loss:2.6420 Pair Loss:0.4300 KL Loss:0.7993 Recon Loss:0.0782 Acc:0.6207 
=> Test at epoch 105
==========Test with latent_z: z_c =========
Extracted features for query set, obtained torch.Size([2228, 128]) matrix
Extracted features for gallery set, obtained torch.Size([17661, 128]) matrix
Extracting features complete in 0m 7s
Distance computing in 0m 0s
Computing CMC and mAP
Results ---------------------------------------------------
top1:86.1% top5:93.0% top10:94.7% top20:95.9% mAP:74.9%
-----------------------------------------------------------
Using 0m 2s
==========Test with latent_z: x_pre =========
Extracted features for query set, obtained torch.Size([2228, 256]) matrix
Extracted features for gallery set, obtained torch.Size([17661, 256]) matrix
Extracting features complete in 0m 5s
Distance computing in 0m 0s
Computing CMC and mAP
Results ---------------------------------------------------
top1:88.2% top5:93.7% top10:95.9% top20:96.7% mAP:78.0%
-----------------------------------------------------------
Using 0m 2s
==========Test with latent_z: reconx =========
Extracted features for query set, obtained torch.Size([2228, 1280]) matrix
Extracted features for gallery set, obtained torch.Size([17661, 1280]) matrix
Extracting features complete in 0m 5s
Distance computing in 0m 1s
Computing CMC and mAP
Results ---------------------------------------------------
top1:82.9% top5:91.3% top10:93.7% top20:95.2% mAP:70.0%
-----------------------------------------------------------
Using 0m 2s
Epoch:106 Time:75.2 Data:0.0 Loss:3.5300 Cls Loss:2.6288 Pair Loss:0.4294 KL Loss:0.8233 Recon Loss:0.0778 Acc:0.6306 
Epoch:107 Time:72.7 Data:0.0 Loss:3.5255 Cls Loss:2.6342 Pair Loss:0.4297 KL Loss:0.8137 Recon Loss:0.0776 Acc:0.6247 
Epoch:108 Time:71.8 Data:0.0 Loss:3.5453 Cls Loss:2.6313 Pair Loss:0.4294 KL Loss:0.8365 Recon Loss:0.0775 Acc:0.6295 
Epoch:109 Time:71.3 Data:0.0 Loss:3.4749 Cls Loss:2.6373 Pair Loss:0.4309 KL Loss:0.7602 Recon Loss:0.0774 Acc:0.6240 
Epoch:110 Time:71.3 Data:0.0 Loss:3.4725 Cls Loss:2.6217 Pair Loss:0.4294 KL Loss:0.7735 Recon Loss:0.0773 Acc:0.6319 
=> Test at epoch 110
==========Test with latent_z: z_c =========
Extracted features for query set, obtained torch.Size([2228, 128]) matrix
Extracted features for gallery set, obtained torch.Size([17661, 128]) matrix
Extracting features complete in 0m 8s
Distance computing in 0m 0s
Computing CMC and mAP
Results ---------------------------------------------------
top1:86.3% top5:93.0% top10:94.5% top20:95.7% mAP:75.0%
-----------------------------------------------------------
Using 0m 2s
==========Test with latent_z: x_pre =========
Extracted features for query set, obtained torch.Size([2228, 256]) matrix
Extracted features for gallery set, obtained torch.Size([17661, 256]) matrix
Extracting features complete in 0m 4s
Distance computing in 0m 0s
Computing CMC and mAP
Results ---------------------------------------------------
top1:88.3% top5:93.8% top10:95.7% top20:96.7% mAP:78.0%
-----------------------------------------------------------
Using 0m 2s
==========Test with latent_z: reconx =========
Extracted features for query set, obtained torch.Size([2228, 1280]) matrix
Extracted features for gallery set, obtained torch.Size([17661, 1280]) matrix
Extracting features complete in 0m 4s
Distance computing in 0m 0s
Computing CMC and mAP
Results ---------------------------------------------------
top1:83.6% top5:91.3% top10:93.8% top20:95.2% mAP:70.5%
-----------------------------------------------------------
Using 0m 2s
Epoch:111 Time:74.5 Data:0.0 Loss:3.5550 Cls Loss:2.6322 Pair Loss:0.4304 KL Loss:0.8455 Recon Loss:0.0773 Acc:0.6290 
Epoch:112 Time:73.2 Data:0.0 Loss:3.5109 Cls Loss:2.6123 Pair Loss:0.4298 KL Loss:0.8214 Recon Loss:0.0772 Acc:0.6339 
Epoch:113 Time:72.0 Data:0.0 Loss:3.5070 Cls Loss:2.6112 Pair Loss:0.4305 KL Loss:0.8186 Recon Loss:0.0773 Acc:0.6369 
Epoch:114 Time:73.6 Data:0.0 Loss:3.5025 Cls Loss:2.6145 Pair Loss:0.4305 KL Loss:0.8107 Recon Loss:0.0773 Acc:0.6318 
Epoch:115 Time:72.5 Data:0.0 Loss:3.4366 Cls Loss:2.5949 Pair Loss:0.4290 KL Loss:0.7646 Recon Loss:0.0771 Acc:0.6390 
=> Test at epoch 115
==========Test with latent_z: z_c =========
Extracted features for query set, obtained torch.Size([2228, 128]) matrix
Extracted features for gallery set, obtained torch.Size([17661, 128]) matrix
Extracting features complete in 0m 7s
Distance computing in 0m 0s
Computing CMC and mAP
Results ---------------------------------------------------
top1:86.4% top5:93.0% top10:94.4% top20:95.7% mAP:75.0%
-----------------------------------------------------------
Using 0m 2s
==========Test with latent_z: x_pre =========
Extracted features for query set, obtained torch.Size([2228, 256]) matrix
Extracted features for gallery set, obtained torch.Size([17661, 256]) matrix
Extracting features complete in 0m 4s
Distance computing in 0m 0s
Computing CMC and mAP
Results ---------------------------------------------------
top1:88.3% top5:93.9% top10:95.7% top20:96.7% mAP:78.0%
-----------------------------------------------------------
Using 0m 2s
==========Test with latent_z: reconx =========
Extracted features for query set, obtained torch.Size([2228, 1280]) matrix
Extracted features for gallery set, obtained torch.Size([17661, 1280]) matrix
Extracting features complete in 0m 4s
Distance computing in 0m 0s
Computing CMC and mAP
Results ---------------------------------------------------
top1:83.0% top5:90.8% top10:93.5% top20:95.3% mAP:70.2%
-----------------------------------------------------------
Using 0m 2s
Epoch:116 Time:75.1 Data:0.0 Loss:3.4589 Cls Loss:2.6090 Pair Loss:0.4293 KL Loss:0.7728 Recon Loss:0.0772 Acc:0.6318 
Epoch:117 Time:74.0 Data:0.0 Loss:3.4569 Cls Loss:2.6080 Pair Loss:0.4282 KL Loss:0.7718 Recon Loss:0.0771 Acc:0.6371 
Epoch:118 Time:73.7 Data:0.0 Loss:3.4716 Cls Loss:2.5815 Pair Loss:0.4283 KL Loss:0.8130 Recon Loss:0.0771 Acc:0.6400 
Epoch:119 Time:71.1 Data:0.0 Loss:3.4190 Cls Loss:2.5947 Pair Loss:0.4289 KL Loss:0.7472 Recon Loss:0.0772 Acc:0.6391 
Epoch:120 Time:73.5 Data:0.0 Loss:3.4234 Cls Loss:2.6101 Pair Loss:0.4279 KL Loss:0.7362 Recon Loss:0.0771 Acc:0.6358 
=> Test at epoch 120
==========Test with latent_z: z_c =========
Extracted features for query set, obtained torch.Size([2228, 128]) matrix
Extracted features for gallery set, obtained torch.Size([17661, 128]) matrix
Extracting features complete in 0m 7s
Distance computing in 0m 0s
Computing CMC and mAP
Results ---------------------------------------------------
top1:86.4% top5:93.0% top10:94.7% top20:95.9% mAP:75.0%
-----------------------------------------------------------
Using 0m 2s
==========Test with latent_z: x_pre =========
Extracted features for query set, obtained torch.Size([2228, 256]) matrix
Extracted features for gallery set, obtained torch.Size([17661, 256]) matrix
Extracting features complete in 0m 5s
Distance computing in 0m 0s
Computing CMC and mAP
Results ---------------------------------------------------
top1:88.2% top5:93.9% top10:95.6% top20:96.6% mAP:78.0%
-----------------------------------------------------------
Using 0m 2s
==========Test with latent_z: reconx =========
Extracted features for query set, obtained torch.Size([2228, 1280]) matrix
Extracted features for gallery set, obtained torch.Size([17661, 1280]) matrix
Extracting features complete in 0m 4s
Distance computing in 0m 1s
Computing CMC and mAP
Results ---------------------------------------------------
top1:82.9% top5:90.9% top10:93.5% top20:94.9% mAP:70.2%
-----------------------------------------------------------
Using 0m 3s
=> Best Rank-1 86.4%, mAP 75.0% achieved at epoch 120
Finished. Total elapsed time (h:m:s): 2:47:34. Training time (h:m:s): 2:36:28.
Shutting down background jobs, please wait a moment...
Done!
Waiting for the remaining 29 operations to synchronize with Neptune. Do not kill this process.
All 29 operations synced, thanks for waiting!
Explore the metadata in the Neptune app:
https://app.neptune.ai/Zhengwei-Lab/MayCVAE/e/MAY-32/metadata
