=> merge config from ./configs/sketchy_categray/clipreid_cvae_kl_novel.yaml
=> Configurations:
-------------------------
AMP: True
AUG:
  RC_PROB: 0.5
  RE_PROB: 0.5
DATA:
  CUHK03_CLASSIC_SPLIT: False
  CUHK03_LABELED: False
  DATASET: sketchy
  FORMAT_TAG: tensor
  HEIGHT: 256
  NUM_INSTANCES: 4
  NUM_WORKERS: 4
  ROOT: /home/zhengwei/my_data/datasets
  SPLIT_ID: 0
  TEST_BATCH: 512
  TRAIN_BATCH: 64
  TRAIN_FORMAT: novel
  WIDTH: 128
EVAL_MODE: False
FEWSHOT:
  ENABLE: True
  EPISODE: 100
  KSHOT: 1
  NWAY: 5
GPU: 3
LOSS:
  CLA_LOSS: crossentropy
  CLA_M: 0.0
  CLA_S: 16.0
  PAIR_LOSS: triplet
  PAIR_M: 0.3
  PAIR_S: 16.0
  RECON_LOSS: mse
  USE_NCE: False
MODEL:
  CONDITIONAL: False
  FEATURE_DIM: 1280
  FEAT_FUSION: False
  FLOW_TYPE: 
  GAUSSIAN: MultivariateNormal
  HIDDEN_DIM: 256
  LATENT_SIZE: 64
  NAME: CVAE
  ONLY_CVAE_KL: False
  ONLY_X_INPUT: False
  PRETRAIN: CLIPreID_Novel_Sketchy_a5w1s
  PROJECTION_TYPE: None
  RES4_STRIDE: 1
  RESUME: /data/zhengwei/CVAE/outputs/sketchy/clipreid_simplevae_base/novel/2024-09-18/novelSketchy_SimpleVAE+2E_128+64z_1e3_60+120_KLtotalZ+lessC_all5w1s_noCLS_forLinear
  STYLE_NUM: 0
  TRAIN_STAGE: reid+cls_stage
  USE_CENTROID: False
  USE_TWO_ENCODER: True
  VAE_TYPE: SinpleVAE
  ZC_DIM: 128
  ZS_DIM: 64
OUTPUT: /data/zhengwei/CVAE/outputs/sketchy/clipreid_simplevae_base/novel/2024-09-18/novelSketchy_SimpleVAE+2E_128+64z_1e4_60+120_KLtotalZ+lessC_all5w1s_L1280+bnTuneVersion+CLS_Trip+Center+Ce
SAVED_NAME: novelSketchy_SimpleVAE+2E_128+64z_1e4_60+120_KLtotalZ+lessC_all5w1s_L1280+bnTuneVersion+CLS_Trip+Center+Ce
SEED: 0
TAG: clipreid_simplevae_base
TEST:
  DISTANCE: cosine
  EVAL_STEP: 5
  START_EVAL: -1
TRAIN:
  AMP: False
  LR_SCHEDULER:
    DECAY_RATE: 0.1
    NAME: MultiStepLR
    STEPSIZE: [30]
  MAX_EPOCH: 60
  OPTIMIZER:
    LR: 0.0001
    NAME: adam
    SGDLR: 0.01
    SGD_MOMENTUM: 0.9
    SGD_WEIGHT_DECAY: 0.0005
    WEIGHT_DECAY: 0.0001
  START_EPOCH: 0
----------------------
Initializing dataset sketchy
=> Sketchy dataset loaded
Dataset statistics:
  ----------------------------------------
  subset   | # ids | # images | # cameras
  ----------------------------------------
  train    |    61 |      122 |         1
  query    |    61 |    36636 |         1
  gallery  |    61 |    34245 |         1
  val      |    61 |    70881 |         1
  ----------------------------------------
Initializing SinpleVAE model with 2 encoders
============Warning! No projection layer is used in Training!=================
============Warning! Using Defalt Linear 1280 to intialize!=================
Model size: 13.60672M
Using Linear classifier
Initialized classifier with feature_dim: 1280, num_classes: 61
Classifier size: 0.07808M
reid_projector.weight is tuneable
bottlenect.weight is tuneable
bottlenect.bias is tuneable
i2t_projector.weight is tuneable
i2t_projector.bias is tuneable
=> Start Training ReID projector and Classifier
Loading checkpoint from '/data/zhengwei/CVAE/outputs/sketchy/clipreid_simplevae_base/novel/2024-09-18/novelSketchy_SimpleVAE+2E_128+64z_1e3_60+120_KLtotalZ+lessC_all5w1s_noCLS_forLinear/checkpoint_ep60.pth.tar'
Loading all parameter:  encoder_zc.0.weight
Loading all parameter:  encoder_zc.0.bias
Loading all parameter:  encoder_zc.1.weight
Loading all parameter:  encoder_zc.1.bias
Loading all parameter:  encoder_zc.1.running_mean
Loading all parameter:  encoder_zc.1.running_var
Loading all parameter:  encoder_zc.1.num_batches_tracked
Loading all parameter:  fc_mu_zc.0.weight
Loading all parameter:  fc_mu_zc.0.bias
Loading all parameter:  fc_logvar_zc.0.weight
Loading all parameter:  fc_logvar_zc.0.bias
Loading all parameter:  encoder_zs.0.weight
Loading all parameter:  encoder_zs.0.bias
Loading all parameter:  encoder_zs.1.weight
Loading all parameter:  encoder_zs.1.bias
Loading all parameter:  encoder_zs.1.running_mean
Loading all parameter:  encoder_zs.1.running_var
Loading all parameter:  encoder_zs.1.num_batches_tracked
Loading all parameter:  fc_mu_zs.0.weight
Loading all parameter:  fc_mu_zs.0.bias
Loading all parameter:  fc_logvar_zs.0.weight
Loading all parameter:  fc_logvar_zs.0.bias
Loading all parameter:  decoder.0.weight
Loading all parameter:  decoder.0.bias
Loading all parameter:  decoder.1.weight
Loading all parameter:  decoder.1.bias
Loading all parameter:  decoder.1.running_mean
Loading all parameter:  decoder.1.running_var
Loading all parameter:  decoder.1.num_batches_tracked
Loading all parameter:  decoder.3.weight
Loading all parameter:  decoder.3.bias
Loading all parameter:  u_embedding.gate.0.weight
Loading all parameter:  u_embedding.gate.0.bias
Loading all parameter:  u_embedding.adapters.0.weight
Loading all parameter:  u_embedding.adapters.0.bias
Loading all parameter:  u_embedding.adapters.1.weight
Loading all parameter:  u_embedding.adapters.1.bias
Loading all parameter:  u_embedding.adapters.2.weight
Loading all parameter:  u_embedding.adapters.2.bias
Loading all parameter:  u_embedding.adapters.3.weight
Loading all parameter:  u_embedding.adapters.3.bias
Loading all parameter:  u_embedding.adapters.4.weight
Loading all parameter:  u_embedding.adapters.4.bias
Loading all parameter:  u_embedding.adapters.5.weight
Loading all parameter:  u_embedding.adapters.5.bias
Loading all parameter:  u_embedding.adapters.6.weight
Loading all parameter:  u_embedding.adapters.6.bias
Loading all parameter:  u_embedding.adapters.7.weight
Loading all parameter:  u_embedding.adapters.7.bias
Loading all parameter:  u_embedding.adapters.8.weight
Loading all parameter:  u_embedding.adapters.8.bias
Loading all parameter:  u_embedding.adapters.9.weight
Loading all parameter:  u_embedding.adapters.9.bias
Loading all parameter:  u_embedding.adapters.10.weight
Loading all parameter:  u_embedding.adapters.10.bias
Loading all parameter:  u_embedding.adapters.11.weight
Loading all parameter:  u_embedding.adapters.11.bias
Loading all parameter:  u_embedding.adapters.12.weight
Loading all parameter:  u_embedding.adapters.12.bias
Loading all parameter:  u_embedding.adapters.13.weight
Loading all parameter:  u_embedding.adapters.13.bias
Loading all parameter:  u_embedding.adapters.14.weight
Loading all parameter:  u_embedding.adapters.14.bias
Loading all parameter:  u_embedding.adapters.15.weight
Loading all parameter:  u_embedding.adapters.15.bias
Loading all parameter:  u_embedding.adapters.16.weight
Loading all parameter:  u_embedding.adapters.16.bias
Loading all parameter:  u_embedding.adapters.17.weight
Loading all parameter:  u_embedding.adapters.17.bias
Loading all parameter:  u_embedding.adapters.18.weight
Loading all parameter:  u_embedding.adapters.18.bias
Loading all parameter:  u_embedding.adapters.19.weight
Loading all parameter:  u_embedding.adapters.19.bias
Loading all parameter:  u_embedding.adapters.20.weight
Loading all parameter:  u_embedding.adapters.20.bias
Loading all parameter:  u_embedding.adapters.21.weight
Loading all parameter:  u_embedding.adapters.21.bias
Loading all parameter:  u_embedding.adapters.22.weight
Loading all parameter:  u_embedding.adapters.22.bias
Loading all parameter:  u_embedding.adapters.23.weight
Loading all parameter:  u_embedding.adapters.23.bias
Loading all parameter:  u_embedding.adapters.24.weight
Loading all parameter:  u_embedding.adapters.24.bias
Loading all parameter:  u_embedding.adapters.25.weight
Loading all parameter:  u_embedding.adapters.25.bias
Loading all parameter:  u_embedding.adapters.26.weight
Loading all parameter:  u_embedding.adapters.26.bias
Loading all parameter:  u_embedding.adapters.27.weight
Loading all parameter:  u_embedding.adapters.27.bias
Loading all parameter:  u_embedding.adapters.28.weight
Loading all parameter:  u_embedding.adapters.28.bias
Loading all parameter:  u_embedding.adapters.29.weight
Loading all parameter:  u_embedding.adapters.29.bias
Loading all parameter:  u_embedding.adapters.30.weight
Loading all parameter:  u_embedding.adapters.30.bias
Loading all parameter:  u_embedding.adapters.31.weight
Loading all parameter:  u_embedding.adapters.31.bias
Loading all parameter:  u_embedding.adapters.32.weight
Loading all parameter:  u_embedding.adapters.32.bias
Loading all parameter:  u_embedding.adapters.33.weight
Loading all parameter:  u_embedding.adapters.33.bias
Loading all parameter:  u_embedding.adapters.34.weight
Loading all parameter:  u_embedding.adapters.34.bias
Loading all parameter:  u_embedding.adapters.35.weight
Loading all parameter:  u_embedding.adapters.35.bias
Loading all parameter:  u_embedding.adapters.36.weight
Loading all parameter:  u_embedding.adapters.36.bias
Loading all parameter:  u_embedding.adapters.37.weight
Loading all parameter:  u_embedding.adapters.37.bias
Loading all parameter:  u_embedding.adapters.38.weight
Loading all parameter:  u_embedding.adapters.38.bias
Loading all parameter:  u_embedding.adapters.39.weight
Loading all parameter:  u_embedding.adapters.39.bias
Loading all parameter:  u_embedding.adapters.40.weight
Loading all parameter:  u_embedding.adapters.40.bias
Loading all parameter:  u_embedding.adapters.41.weight
Loading all parameter:  u_embedding.adapters.41.bias
Loading all parameter:  u_embedding.adapters.42.weight
Loading all parameter:  u_embedding.adapters.42.bias
Loading all parameter:  u_embedding.adapters.43.weight
Loading all parameter:  u_embedding.adapters.43.bias
Loading all parameter:  u_embedding.adapters.44.weight
Loading all parameter:  u_embedding.adapters.44.bias
Loading all parameter:  u_embedding.adapters.45.weight
Loading all parameter:  u_embedding.adapters.45.bias
Loading all parameter:  u_embedding.adapters.46.weight
Loading all parameter:  u_embedding.adapters.46.bias
Loading all parameter:  u_embedding.adapters.47.weight
Loading all parameter:  u_embedding.adapters.47.bias
Loading all parameter:  u_embedding.adapters.48.weight
Loading all parameter:  u_embedding.adapters.48.bias
Loading all parameter:  u_embedding.adapters.49.weight
Loading all parameter:  u_embedding.adapters.49.bias
Loading all parameter:  u_embedding.adapters.50.weight
Loading all parameter:  u_embedding.adapters.50.bias
Loading all parameter:  u_embedding.adapters.51.weight
Loading all parameter:  u_embedding.adapters.51.bias
Loading all parameter:  u_embedding.adapters.52.weight
Loading all parameter:  u_embedding.adapters.52.bias
Loading all parameter:  u_embedding.adapters.53.weight
Loading all parameter:  u_embedding.adapters.53.bias
Loading all parameter:  u_embedding.adapters.54.weight
Loading all parameter:  u_embedding.adapters.54.bias
Loading all parameter:  u_embedding.adapters.55.weight
Loading all parameter:  u_embedding.adapters.55.bias
Loading all parameter:  u_embedding.adapters.56.weight
Loading all parameter:  u_embedding.adapters.56.bias
Loading all parameter:  u_embedding.adapters.57.weight
Loading all parameter:  u_embedding.adapters.57.bias
Loading all parameter:  u_embedding.adapters.58.weight
Loading all parameter:  u_embedding.adapters.58.bias
Loading all parameter:  u_embedding.adapters.59.weight
Loading all parameter:  u_embedding.adapters.59.bias
Loading all parameter:  u_embedding.adapters.60.weight
Loading all parameter:  u_embedding.adapters.60.bias
Loading all parameter:  u_embedding.adapters.61.weight
Loading all parameter:  u_embedding.adapters.61.bias
Loading all parameter:  u_embedding.adapters.62.weight
Loading all parameter:  u_embedding.adapters.62.bias
Loading all parameter:  u_embedding.adapters.63.weight
Loading all parameter:  u_embedding.adapters.63.bias
Loading all parameter:  u_embedding.adapters.64.weight
Loading all parameter:  u_embedding.adapters.64.bias
Loading all parameter:  u_embedding.adapters.65.weight
Loading all parameter:  u_embedding.adapters.65.bias
Loading all parameter:  u_embedding.adapters.66.weight
Loading all parameter:  u_embedding.adapters.66.bias
Loading all parameter:  u_embedding.adapters.67.weight
Loading all parameter:  u_embedding.adapters.67.bias
Loading all parameter:  u_embedding.adapters.68.weight
Loading all parameter:  u_embedding.adapters.68.bias
Loading all parameter:  u_embedding.adapters.69.weight
Loading all parameter:  u_embedding.adapters.69.bias
Loading all parameter:  u_embedding.adapters.70.weight
Loading all parameter:  u_embedding.adapters.70.bias
Loading all parameter:  u_embedding.adapters.71.weight
Loading all parameter:  u_embedding.adapters.71.bias
Loading all parameter:  u_embedding.adapters.72.weight
Loading all parameter:  u_embedding.adapters.72.bias
Loading all parameter:  u_embedding.adapters.73.weight
Loading all parameter:  u_embedding.adapters.73.bias
Loading all parameter:  u_embedding.adapters.74.weight
Loading all parameter:  u_embedding.adapters.74.bias
Loading all parameter:  u_embedding.adapters.75.weight
Loading all parameter:  u_embedding.adapters.75.bias
Loading all parameter:  u_embedding.adapters.76.weight
Loading all parameter:  u_embedding.adapters.76.bias
Loading all parameter:  u_embedding.adapters.77.weight
Loading all parameter:  u_embedding.adapters.77.bias
Loading all parameter:  u_embedding.adapters.78.weight
Loading all parameter:  u_embedding.adapters.78.bias
Loading all parameter:  u_embedding.adapters.79.weight
Loading all parameter:  u_embedding.adapters.79.bias
Loading all parameter:  u_embedding.adapters.80.weight
Loading all parameter:  u_embedding.adapters.80.bias
Loading all parameter:  u_embedding.adapters.81.weight
Loading all parameter:  u_embedding.adapters.81.bias
Loading all parameter:  u_embedding.adapters.82.weight
Loading all parameter:  u_embedding.adapters.82.bias
Loading all parameter:  u_embedding.adapters.83.weight
Loading all parameter:  u_embedding.adapters.83.bias
Loading all parameter:  u_embedding.adapters.84.weight
Loading all parameter:  u_embedding.adapters.84.bias
Loading all parameter:  u_embedding.adapters.85.weight
Loading all parameter:  u_embedding.adapters.85.bias
Loading all parameter:  u_embedding.adapters.86.weight
Loading all parameter:  u_embedding.adapters.86.bias
Loading all parameter:  u_embedding.adapters.87.weight
Loading all parameter:  u_embedding.adapters.87.bias
Loading all parameter:  u_embedding.adapters.88.weight
Loading all parameter:  u_embedding.adapters.88.bias
Loading all parameter:  u_embedding.adapters.89.weight
Loading all parameter:  u_embedding.adapters.89.bias
Loading all parameter:  u_embedding.adapters.90.weight
Loading all parameter:  u_embedding.adapters.90.bias
Loading all parameter:  u_embedding.adapters.91.weight
Loading all parameter:  u_embedding.adapters.91.bias
Loading all parameter:  u_embedding.adapters.92.weight
Loading all parameter:  u_embedding.adapters.92.bias
Loading all parameter:  u_embedding.adapters.93.weight
Loading all parameter:  u_embedding.adapters.93.bias
Loading all parameter:  u_embedding.adapters.94.weight
Loading all parameter:  u_embedding.adapters.94.bias
Loading all parameter:  u_embedding.adapters.95.weight
Loading all parameter:  u_embedding.adapters.95.bias
Loading all parameter:  u_embedding.adapters.96.weight
Loading all parameter:  u_embedding.adapters.96.bias
Loading all parameter:  u_embedding.adapters.97.weight
Loading all parameter:  u_embedding.adapters.97.bias
Loading all parameter:  u_embedding.adapters.98.weight
Loading all parameter:  u_embedding.adapters.98.bias
Loading all parameter:  u_embedding.adapters.99.weight
Loading all parameter:  u_embedding.adapters.99.bias
Loading all parameter:  u_embedding.adapters.100.weight
Loading all parameter:  u_embedding.adapters.100.bias
Loading all parameter:  u_embedding.adapters.101.weight
Loading all parameter:  u_embedding.adapters.101.bias
Loading all parameter:  u_embedding.adapters.102.weight
Loading all parameter:  u_embedding.adapters.102.bias
Loading all parameter:  u_embedding.adapters.103.weight
Loading all parameter:  u_embedding.adapters.103.bias
Loading all parameter:  u_embedding.adapters.104.weight
Loading all parameter:  u_embedding.adapters.104.bias
Loading all parameter:  u_embedding.adapters.105.weight
Loading all parameter:  u_embedding.adapters.105.bias
Loading all parameter:  u_embedding.adapters.106.weight
Loading all parameter:  u_embedding.adapters.106.bias
Loading all parameter:  u_embedding.adapters.107.weight
Loading all parameter:  u_embedding.adapters.107.bias
Loading all parameter:  u_embedding.adapters.108.weight
Loading all parameter:  u_embedding.adapters.108.bias
Loading all parameter:  u_embedding.adapters.109.weight
Loading all parameter:  u_embedding.adapters.109.bias
Loading all parameter:  u_embedding.adapters.110.weight
Loading all parameter:  u_embedding.adapters.110.bias
Loading all parameter:  u_embedding.adapters.111.weight
Loading all parameter:  u_embedding.adapters.111.bias
Loading all parameter:  u_embedding.adapters.112.weight
Loading all parameter:  u_embedding.adapters.112.bias
Loading all parameter:  u_embedding.adapters.113.weight
Loading all parameter:  u_embedding.adapters.113.bias
Loading all parameter:  u_embedding.adapters.114.weight
Loading all parameter:  u_embedding.adapters.114.bias
Loading all parameter:  u_embedding.adapters.115.weight
Loading all parameter:  u_embedding.adapters.115.bias
Loading all parameter:  u_embedding.adapters.116.weight
Loading all parameter:  u_embedding.adapters.116.bias
Loading all parameter:  u_embedding.adapters.117.weight
Loading all parameter:  u_embedding.adapters.117.bias
Loading all parameter:  u_embedding.adapters.118.weight
Loading all parameter:  u_embedding.adapters.118.bias
Loading all parameter:  u_embedding.adapters.119.weight
Loading all parameter:  u_embedding.adapters.119.bias
Loading all parameter:  u_embedding.adapters.120.weight
Loading all parameter:  u_embedding.adapters.120.bias
Loading all parameter:  u_embedding.adapters.121.weight
Loading all parameter:  u_embedding.adapters.121.bias
Loading all parameter:  u_embedding.adapters.122.weight
Loading all parameter:  u_embedding.adapters.122.bias
Loading all parameter:  u_embedding.adapters.123.weight
Loading all parameter:  u_embedding.adapters.123.bias
Loading all parameter:  u_embedding.adapters.124.weight
Loading all parameter:  u_embedding.adapters.124.bias
Loading all parameter:  u_embedding.adapters.125.weight
Loading all parameter:  u_embedding.adapters.125.bias
Loading all parameter:  u_embedding.adapters.126.weight
Loading all parameter:  u_embedding.adapters.126.bias
Loading all parameter:  u_embedding.adapters.127.weight
Loading all parameter:  u_embedding.adapters.127.bias
Loading all parameter:  zs_embedding.0.weight
Loading all parameter:  zs_embedding.0.bias
Loading all parameter:  reid_projector.weight
Loading parameter:  reid_projector.weight
Loading all parameter:  bottlenect.weight
Loading all parameter:  bottlenect.bias
Loading all parameter:  bottlenect.running_mean
Loading all parameter:  bottlenect.running_var
Loading all parameter:  bottlenect.num_batches_tracked
Loading all parameter:  i2t_projector.weight
Ignores parameter:  i2t_projector.weight
Loading all parameter:  i2t_projector.bias
Ignores parameter:  i2t_projector.bias
orginal best rank1 = 0
=> Start evaluation on Novel data without finetuning
=> Test CLASSIFICATION performance
==========Test with latent_z: z_c =========
Extracted features for query set, obtained torch.Size([36636, 1280]) matrix
Extracted features for gallery set, obtained torch.Size([34245, 1280]) matrix
Extracted features for validation set, obtained torch.Size([70881, 1280]) matrix
Extracting features complete in 0m 28s
Using 0m 28s
Val Classifier results ---------------------------------------------------
Total acc: 3.0%
Test Classifier results ---------------------------------------------------
Query acc: 3.5% Gallery acc: 2.5% Total acc: 3.0%
=> Start training
Epoch:1 Time:3.1 Data:0.0 Loss:429.5362 Cls Loss:4.0118 Pair Loss:0.0279 Center Loss:425.4965 KL Loss:52.3442 Recon Loss:0.0287 Acc:0.3720 
=> Current learning rate: 0.000020
Epoch:2 Time:2.6 Data:0.0 Loss:26.8933 Cls Loss:3.6903 Pair Loss:0.0175 Center Loss:23.1855 KL Loss:51.2755 Recon Loss:0.0287 Acc:0.6780 
=> Current learning rate: 0.000040
Epoch:3 Time:2.5 Data:0.0 Loss:7.0537 Cls Loss:3.1710 Pair Loss:0.0249 Center Loss:3.8578 KL Loss:50.3010 Recon Loss:0.0287 Acc:0.7560 
=> Current learning rate: 0.000060
Epoch:4 Time:2.6 Data:0.0 Loss:4.8205 Cls Loss:2.5132 Pair Loss:0.0260 Center Loss:2.2813 KL Loss:49.2451 Recon Loss:0.0286 Acc:0.8020 
=> Current learning rate: 0.000080
Epoch:5 Time:2.6 Data:0.0 Loss:3.6403 Cls Loss:1.8084 Pair Loss:0.0260 Center Loss:1.8059 KL Loss:48.6753 Recon Loss:0.0290 Acc:0.8840 
=> Test at epoch 5
==========Test with latent_z: z_c =========
Extracted features for query set, obtained torch.Size([36636, 1280]) matrix
Extracted features for gallery set, obtained torch.Size([34245, 1280]) matrix
Extracted features for validation set, obtained torch.Size([70881, 1280]) matrix
Extracting features complete in 0m 29s
Using 0m 29s
Val Classifier results ---------------------------------------------------
Total acc: 58.0%
Test Classifier results ---------------------------------------------------
Query acc: 53.5% Gallery acc: 62.8% Total acc: 58.0%
=> Current learning rate: 0.000100
Epoch:6 Time:2.6 Data:0.0 Loss:2.7171 Cls Loss:1.2510 Pair Loss:0.0312 Center Loss:1.4349 KL Loss:47.0821 Recon Loss:0.0287 Acc:0.8940 
=> Current learning rate: 0.000100
Epoch:7 Time:2.7 Data:0.0 Loss:2.0794 Cls Loss:0.8728 Pair Loss:0.0371 Center Loss:1.1695 KL Loss:46.5221 Recon Loss:0.0288 Acc:0.9460 
=> Current learning rate: 0.000100
Epoch:8 Time:2.6 Data:0.0 Loss:1.6361 Cls Loss:0.6208 Pair Loss:0.0440 Center Loss:0.9713 KL Loss:45.4913 Recon Loss:0.0289 Acc:0.9560 
=> Current learning rate: 0.000100
Epoch:9 Time:2.6 Data:0.0 Loss:1.2560 Cls Loss:0.4425 Pair Loss:0.0470 Center Loss:0.7665 KL Loss:44.2643 Recon Loss:0.0287 Acc:0.9760 
=> Current learning rate: 0.000100
Epoch:10 Time:2.6 Data:0.0 Loss:1.1351 Cls Loss:0.3276 Pair Loss:0.0566 Center Loss:0.7509 KL Loss:43.3040 Recon Loss:0.0287 Acc:0.9880 
=> Test at epoch 10
==========Test with latent_z: z_c =========
Extracted features for query set, obtained torch.Size([36636, 1280]) matrix
Extracted features for gallery set, obtained torch.Size([34245, 1280]) matrix
Extracted features for validation set, obtained torch.Size([70881, 1280]) matrix
Extracting features complete in 0m 29s
Using 0m 29s
Val Classifier results ---------------------------------------------------
Total acc: 63.7%
Test Classifier results ---------------------------------------------------
Query acc: 58.7% Gallery acc: 69.1% Total acc: 63.7%
=> Current learning rate: 0.000100
Epoch:11 Time:2.6 Data:0.0 Loss:0.9001 Cls Loss:0.2539 Pair Loss:0.0552 Center Loss:0.5910 KL Loss:42.6323 Recon Loss:0.0289 Acc:0.9900 
=> Current learning rate: 0.000100
Epoch:12 Time:2.6 Data:0.0 Loss:0.7784 Cls Loss:0.1950 Pair Loss:0.0536 Center Loss:0.5298 KL Loss:41.7164 Recon Loss:0.0287 Acc:0.9960 
=> Current learning rate: 0.000100
Epoch:13 Time:2.6 Data:0.0 Loss:0.6772 Cls Loss:0.1491 Pair Loss:0.0508 Center Loss:0.4774 KL Loss:40.4050 Recon Loss:0.0289 Acc:0.9960 
=> Current learning rate: 0.000100
Epoch:14 Time:2.9 Data:0.0 Loss:0.6279 Cls Loss:0.1255 Pair Loss:0.0483 Center Loss:0.4542 KL Loss:39.4985 Recon Loss:0.0290 Acc:0.9980 
=> Current learning rate: 0.000100
Epoch:15 Time:2.9 Data:0.0 Loss:0.5459 Cls Loss:0.1055 Pair Loss:0.0475 Center Loss:0.3929 KL Loss:38.7782 Recon Loss:0.0286 Acc:1.0000 
=> Test at epoch 15
==========Test with latent_z: z_c =========
Extracted features for query set, obtained torch.Size([36636, 1280]) matrix
Extracted features for gallery set, obtained torch.Size([34245, 1280]) matrix
Extracted features for validation set, obtained torch.Size([70881, 1280]) matrix
Extracting features complete in 0m 29s
Using 0m 29s
Val Classifier results ---------------------------------------------------
Total acc: 63.8%
Test Classifier results ---------------------------------------------------
Query acc: 58.8% Gallery acc: 69.1% Total acc: 63.8%
=> Current learning rate: 0.000100
Epoch:16 Time:2.6 Data:0.0 Loss:0.4768 Cls Loss:0.0860 Pair Loss:0.0427 Center Loss:0.3481 KL Loss:37.4144 Recon Loss:0.0292 Acc:0.9960 
=> Current learning rate: 0.000100
Epoch:17 Time:2.7 Data:0.0 Loss:0.4541 Cls Loss:0.0825 Pair Loss:0.0393 Center Loss:0.3323 KL Loss:36.4376 Recon Loss:0.0291 Acc:1.0000 
=> Current learning rate: 0.000100
Epoch:18 Time:2.7 Data:0.0 Loss:0.4039 Cls Loss:0.0684 Pair Loss:0.0355 Center Loss:0.3000 KL Loss:35.6949 Recon Loss:0.0290 Acc:0.9980 
=> Current learning rate: 0.000100
Epoch:19 Time:2.7 Data:0.0 Loss:0.3844 Cls Loss:0.0629 Pair Loss:0.0349 Center Loss:0.2865 KL Loss:33.9293 Recon Loss:0.0286 Acc:1.0000 
=> Current learning rate: 0.000100
Epoch:20 Time:2.6 Data:0.0 Loss:0.3264 Cls Loss:0.0482 Pair Loss:0.0297 Center Loss:0.2485 KL Loss:33.4268 Recon Loss:0.0287 Acc:0.9980 
=> Test at epoch 20
==========Test with latent_z: z_c =========
Extracted features for query set, obtained torch.Size([36636, 1280]) matrix
Extracted features for gallery set, obtained torch.Size([34245, 1280]) matrix
Extracted features for validation set, obtained torch.Size([70881, 1280]) matrix
Extracting features complete in 0m 29s
Using 0m 29s
Val Classifier results ---------------------------------------------------
Total acc: 63.5%
Test Classifier results ---------------------------------------------------
Query acc: 58.6% Gallery acc: 68.8% Total acc: 63.5%
=> Current learning rate: 0.000100
Epoch:21 Time:2.6 Data:0.0 Loss:0.3225 Cls Loss:0.0470 Pair Loss:0.0272 Center Loss:0.2483 KL Loss:33.1700 Recon Loss:0.0288 Acc:0.9980 
=> Current learning rate: 0.000100
Epoch:22 Time:2.8 Data:0.0 Loss:0.2842 Cls Loss:0.0378 Pair Loss:0.0248 Center Loss:0.2216 KL Loss:32.7508 Recon Loss:0.0292 Acc:1.0000 
=> Current learning rate: 0.000100
Epoch:23 Time:2.6 Data:0.0 Loss:0.2642 Cls Loss:0.0363 Pair Loss:0.0216 Center Loss:0.2063 KL Loss:32.6512 Recon Loss:0.0284 Acc:1.0000 
=> Current learning rate: 0.000100
Epoch:24 Time:2.7 Data:0.0 Loss:0.2446 Cls Loss:0.0336 Pair Loss:0.0198 Center Loss:0.1912 KL Loss:32.9723 Recon Loss:0.0290 Acc:0.9980 
=> Current learning rate: 0.000100
Epoch:25 Time:2.7 Data:0.0 Loss:0.2290 Cls Loss:0.0276 Pair Loss:0.0196 Center Loss:0.1818 KL Loss:33.4008 Recon Loss:0.0286 Acc:1.0000 
=> Test at epoch 25
==========Test with latent_z: z_c =========
Extracted features for query set, obtained torch.Size([36636, 1280]) matrix
Extracted features for gallery set, obtained torch.Size([34245, 1280]) matrix
Extracted features for validation set, obtained torch.Size([70881, 1280]) matrix
Extracting features complete in 0m 28s
Using 0m 28s
Val Classifier results ---------------------------------------------------
Total acc: 63.3%
Test Classifier results ---------------------------------------------------
Query acc: 58.4% Gallery acc: 68.7% Total acc: 63.3%
=> Current learning rate: 0.000100
Epoch:26 Time:2.6 Data:0.0 Loss:0.2059 Cls Loss:0.0255 Pair Loss:0.0125 Center Loss:0.1680 KL Loss:33.0590 Recon Loss:0.0289 Acc:1.0000 
=> Current learning rate: 0.000100
Epoch:27 Time:2.7 Data:0.0 Loss:0.1955 Cls Loss:0.0262 Pair Loss:0.0102 Center Loss:0.1591 KL Loss:32.7144 Recon Loss:0.0289 Acc:1.0000 
=> Current learning rate: 0.000100
Epoch:28 Time:2.7 Data:0.0 Loss:0.1835 Cls Loss:0.0217 Pair Loss:0.0126 Center Loss:0.1492 KL Loss:32.5000 Recon Loss:0.0288 Acc:1.0000 
=> Current learning rate: 0.000100
Epoch:29 Time:2.7 Data:0.0 Loss:0.1821 Cls Loss:0.0207 Pair Loss:0.0142 Center Loss:0.1473 KL Loss:32.6517 Recon Loss:0.0291 Acc:1.0000 
=> Current learning rate: 0.000100
Epoch:30 Time:2.7 Data:0.0 Loss:0.1717 Cls Loss:0.0207 Pair Loss:0.0132 Center Loss:0.1378 KL Loss:32.8729 Recon Loss:0.0289 Acc:1.0000 
=> Test at epoch 30
==========Test with latent_z: z_c =========
Extracted features for query set, obtained torch.Size([36636, 1280]) matrix
Extracted features for gallery set, obtained torch.Size([34245, 1280]) matrix
Extracted features for validation set, obtained torch.Size([70881, 1280]) matrix
Extracting features complete in 0m 29s
Using 0m 29s
Val Classifier results ---------------------------------------------------
Total acc: 63.1%
Test Classifier results ---------------------------------------------------
Query acc: 58.1% Gallery acc: 68.5% Total acc: 63.1%
=> Current learning rate: 0.000100
Epoch:31 Time:2.8 Data:0.0 Loss:0.1429 Cls Loss:0.0188 Pair Loss:0.0091 Center Loss:0.1150 KL Loss:33.2419 Recon Loss:0.0291 Acc:1.0000 
=> Current learning rate: 0.000010
Epoch:32 Time:2.7 Data:0.0 Loss:0.1380 Cls Loss:0.0174 Pair Loss:0.0069 Center Loss:0.1137 KL Loss:32.9366 Recon Loss:0.0284 Acc:1.0000 
=> Current learning rate: 0.000010
Epoch:33 Time:2.7 Data:0.0 Loss:0.1416 Cls Loss:0.0172 Pair Loss:0.0112 Center Loss:0.1132 KL Loss:33.3604 Recon Loss:0.0291 Acc:1.0000 
=> Current learning rate: 0.000010
Epoch:34 Time:2.6 Data:0.0 Loss:0.1371 Cls Loss:0.0174 Pair Loss:0.0094 Center Loss:0.1103 KL Loss:32.9656 Recon Loss:0.0287 Acc:1.0000 
=> Current learning rate: 0.000010
Epoch:35 Time:3.0 Data:0.0 Loss:0.1374 Cls Loss:0.0170 Pair Loss:0.0104 Center Loss:0.1101 KL Loss:33.2661 Recon Loss:0.0291 Acc:1.0000 
=> Test at epoch 35
==========Test with latent_z: z_c =========
Extracted features for query set, obtained torch.Size([36636, 1280]) matrix
Extracted features for gallery set, obtained torch.Size([34245, 1280]) matrix
Extracted features for validation set, obtained torch.Size([70881, 1280]) matrix
Extracting features complete in 0m 29s
Using 0m 29s
Val Classifier results ---------------------------------------------------
Total acc: 63.3%
Test Classifier results ---------------------------------------------------
Query acc: 58.3% Gallery acc: 68.7% Total acc: 63.3%
=> Current learning rate: 0.000010
Epoch:36 Time:2.9 Data:0.0 Loss:0.1350 Cls Loss:0.0171 Pair Loss:0.0104 Center Loss:0.1075 KL Loss:33.0170 Recon Loss:0.0289 Acc:1.0000 
=> Current learning rate: 0.000010
Epoch:37 Time:2.8 Data:0.0 Loss:0.1304 Cls Loss:0.0170 Pair Loss:0.0071 Center Loss:0.1063 KL Loss:32.9678 Recon Loss:0.0283 Acc:1.0000 
=> Current learning rate: 0.000010
Epoch:38 Time:2.6 Data:0.0 Loss:0.1283 Cls Loss:0.0161 Pair Loss:0.0086 Center Loss:0.1036 KL Loss:33.2040 Recon Loss:0.0290 Acc:1.0000 
=> Current learning rate: 0.000010
Epoch:39 Time:2.7 Data:0.0 Loss:0.1269 Cls Loss:0.0144 Pair Loss:0.0080 Center Loss:0.1045 KL Loss:32.7993 Recon Loss:0.0287 Acc:1.0000 
=> Current learning rate: 0.000010
Epoch:40 Time:2.6 Data:0.0 Loss:0.1276 Cls Loss:0.0156 Pair Loss:0.0092 Center Loss:0.1028 KL Loss:33.1825 Recon Loss:0.0291 Acc:1.0000 
=> Test at epoch 40
==========Test with latent_z: z_c =========
Extracted features for query set, obtained torch.Size([36636, 1280]) matrix
Extracted features for gallery set, obtained torch.Size([34245, 1280]) matrix
Extracted features for validation set, obtained torch.Size([70881, 1280]) matrix
Extracting features complete in 0m 29s
Using 0m 29s
Val Classifier results ---------------------------------------------------
Total acc: 63.4%
Test Classifier results ---------------------------------------------------
Query acc: 58.5% Gallery acc: 68.6% Total acc: 63.4%
=> Current learning rate: 0.000010
Epoch:41 Time:2.6 Data:0.0 Loss:0.1277 Cls Loss:0.0157 Pair Loss:0.0080 Center Loss:0.1040 KL Loss:33.6848 Recon Loss:0.0288 Acc:1.0000 
=> Current learning rate: 0.000010
Epoch:42 Time:2.6 Data:0.0 Loss:0.1244 Cls Loss:0.0138 Pair Loss:0.0093 Center Loss:0.1013 KL Loss:32.9911 Recon Loss:0.0288 Acc:1.0000 
=> Current learning rate: 0.000010
Epoch:43 Time:3.0 Data:0.0 Loss:0.1273 Cls Loss:0.0152 Pair Loss:0.0087 Center Loss:0.1034 KL Loss:33.3338 Recon Loss:0.0292 Acc:1.0000 
=> Current learning rate: 0.000010
Epoch:44 Time:2.6 Data:0.0 Loss:0.1203 Cls Loss:0.0137 Pair Loss:0.0061 Center Loss:0.1006 KL Loss:32.7006 Recon Loss:0.0286 Acc:1.0000 
=> Current learning rate: 0.000010
Epoch:45 Time:2.6 Data:0.0 Loss:0.1255 Cls Loss:0.0157 Pair Loss:0.0108 Center Loss:0.0989 KL Loss:33.0532 Recon Loss:0.0291 Acc:1.0000 
=> Test at epoch 45
==========Test with latent_z: z_c =========
Extracted features for query set, obtained torch.Size([36636, 1280]) matrix
Extracted features for gallery set, obtained torch.Size([34245, 1280]) matrix
Extracted features for validation set, obtained torch.Size([70881, 1280]) matrix
Extracting features complete in 0m 29s
Using 0m 29s
Val Classifier results ---------------------------------------------------
Total acc: 63.2%
Test Classifier results ---------------------------------------------------
Query acc: 58.2% Gallery acc: 68.4% Total acc: 63.2%
=> Current learning rate: 0.000010
Epoch:46 Time:2.6 Data:0.0 Loss:0.1243 Cls Loss:0.0153 Pair Loss:0.0082 Center Loss:0.1007 KL Loss:32.7208 Recon Loss:0.0287 Acc:1.0000 
=> Current learning rate: 0.000010
Epoch:47 Time:2.6 Data:0.0 Loss:0.1207 Cls Loss:0.0149 Pair Loss:0.0090 Center Loss:0.0968 KL Loss:32.9910 Recon Loss:0.0287 Acc:1.0000 
=> Current learning rate: 0.000010
Epoch:48 Time:3.0 Data:0.0 Loss:0.1232 Cls Loss:0.0156 Pair Loss:0.0102 Center Loss:0.0975 KL Loss:33.4658 Recon Loss:0.0292 Acc:1.0000 
=> Current learning rate: 0.000010
Epoch:49 Time:2.7 Data:0.0 Loss:0.1192 Cls Loss:0.0149 Pair Loss:0.0094 Center Loss:0.0949 KL Loss:32.5982 Recon Loss:0.0290 Acc:1.0000 
=> Current learning rate: 0.000010
Epoch:50 Time:2.6 Data:0.0 Loss:0.1199 Cls Loss:0.0140 Pair Loss:0.0085 Center Loss:0.0973 KL Loss:33.0755 Recon Loss:0.0293 Acc:1.0000 
=> Test at epoch 50
==========Test with latent_z: z_c =========
Extracted features for query set, obtained torch.Size([36636, 1280]) matrix
Extracted features for gallery set, obtained torch.Size([34245, 1280]) matrix
Extracted features for validation set, obtained torch.Size([70881, 1280]) matrix
Extracting features complete in 0m 29s
Using 0m 29s
Val Classifier results ---------------------------------------------------
Total acc: 63.3%
Test Classifier results ---------------------------------------------------
Query acc: 58.4% Gallery acc: 68.5% Total acc: 63.3%
=> Current learning rate: 0.000010
Epoch:51 Time:2.7 Data:0.0 Loss:0.1199 Cls Loss:0.0157 Pair Loss:0.0079 Center Loss:0.0962 KL Loss:33.4192 Recon Loss:0.0291 Acc:1.0000 
=> Current learning rate: 0.000010
Epoch:52 Time:2.6 Data:0.0 Loss:0.1124 Cls Loss:0.0128 Pair Loss:0.0077 Center Loss:0.0919 KL Loss:32.6478 Recon Loss:0.0287 Acc:1.0000 
=> Current learning rate: 0.000010
Epoch:53 Time:2.6 Data:0.0 Loss:0.1162 Cls Loss:0.0125 Pair Loss:0.0094 Center Loss:0.0943 KL Loss:33.1719 Recon Loss:0.0288 Acc:1.0000 
=> Current learning rate: 0.000010
Epoch:54 Time:2.7 Data:0.0 Loss:0.1122 Cls Loss:0.0127 Pair Loss:0.0077 Center Loss:0.0919 KL Loss:32.9472 Recon Loss:0.0291 Acc:1.0000 
=> Current learning rate: 0.000010
Epoch:55 Time:2.7 Data:0.0 Loss:0.1152 Cls Loss:0.0129 Pair Loss:0.0089 Center Loss:0.0933 KL Loss:33.2174 Recon Loss:0.0288 Acc:1.0000 
=> Test at epoch 55
==========Test with latent_z: z_c =========
Extracted features for query set, obtained torch.Size([36636, 1280]) matrix
Extracted features for gallery set, obtained torch.Size([34245, 1280]) matrix
Extracted features for validation set, obtained torch.Size([70881, 1280]) matrix
Extracting features complete in 0m 30s
Using 0m 30s
Val Classifier results ---------------------------------------------------
Total acc: 63.2%
Test Classifier results ---------------------------------------------------
Query acc: 58.2% Gallery acc: 68.5% Total acc: 63.2%
=> Current learning rate: 0.000010
Epoch:56 Time:2.6 Data:0.0 Loss:0.1155 Cls Loss:0.0129 Pair Loss:0.0092 Center Loss:0.0934 KL Loss:33.5285 Recon Loss:0.0288 Acc:1.0000 
=> Current learning rate: 0.000010
Epoch:57 Time:3.0 Data:0.0 Loss:0.1094 Cls Loss:0.0119 Pair Loss:0.0071 Center Loss:0.0903 KL Loss:32.6219 Recon Loss:0.0291 Acc:1.0000 
=> Current learning rate: 0.000010
Epoch:58 Time:2.9 Data:0.0 Loss:0.1148 Cls Loss:0.0129 Pair Loss:0.0078 Center Loss:0.0940 KL Loss:32.7975 Recon Loss:0.0285 Acc:1.0000 
=> Current learning rate: 0.000010
Epoch:59 Time:2.6 Data:0.0 Loss:0.1080 Cls Loss:0.0119 Pair Loss:0.0062 Center Loss:0.0899 KL Loss:32.9330 Recon Loss:0.0286 Acc:1.0000 
=> Current learning rate: 0.000010
Epoch:60 Time:2.6 Data:0.0 Loss:0.1116 Cls Loss:0.0120 Pair Loss:0.0089 Center Loss:0.0906 KL Loss:32.3969 Recon Loss:0.0284 Acc:1.0000 
=> Test at epoch 60
==========Test with latent_z: z_c =========
Extracted features for query set, obtained torch.Size([36636, 1280]) matrix
Extracted features for gallery set, obtained torch.Size([34245, 1280]) matrix
Extracted features for validation set, obtained torch.Size([70881, 1280]) matrix
Extracting features complete in 0m 28s
Using 0m 28s
Val Classifier results ---------------------------------------------------
Total acc: 63.3%
Test Classifier results ---------------------------------------------------
Query acc: 58.2% Gallery acc: 68.7% Total acc: 63.3%
Keep checkpoint file: checkpoint_ep60.pth.tar
=> Current learning rate: 0.000010
=> Best Val Acc 63.8% at epoch 15: 
 Test Acc: Query 58.8%, Gallery 69.1%, Total 63.8%
Finished. Total elapsed time (h:m:s): 0:08:53. Training time (h:m:s): 0:03:01.
