=> merge config from ./configs/sketchy_categray/clipreid_cvae_kl_novel.yaml
=> Configurations:
-------------------------
AMP: True
AUG:
  RC_PROB: 0.5
  RE_PROB: 0.5
DATA:
  CUHK03_CLASSIC_SPLIT: False
  CUHK03_LABELED: False
  DATASET: sketchy
  FORMAT_TAG: tensor
  HEIGHT: 256
  NUM_INSTANCES: 4
  NUM_WORKERS: 4
  ROOT: /home/zhengwei/my_data/datasets
  SPLIT_ID: 0
  TEST_BATCH: 512
  TRAIN_BATCH: 64
  TRAIN_FORMAT: novel
  WIDTH: 128
EVAL_MODE: False
FEWSHOT:
  ENABLE: True
  EPISODE: 100
  KSHOT: 1
  NWAY: 5
GPU: 2
LOSS:
  CLA_LOSS: crossentropy
  CLA_M: 0.0
  CLA_S: 16.0
  PAIR_LOSS: triplet
  PAIR_M: 0.3
  PAIR_S: 16.0
  RECON_LOSS: mse
  USE_NCE: False
MODEL:
  CONDITIONAL: False
  FEATURE_DIM: 1280
  FEAT_FUSION: False
  FLOW_TYPE: 
  GAUSSIAN: MultivariateNormal
  HIDDEN_DIM: 256
  LATENT_SIZE: 64
  NAME: CVAE
  ONLY_CVAE_KL: False
  ONLY_X_INPUT: False
  PRETRAIN: CLIPreID_Novel_Sketchy_a5w1s
  PROJECTION_TYPE: None
  RES4_STRIDE: 1
  RESUME: /data/zhengwei/CVAE/outputs/sketchy/clipreid_simplevae_base/2024-09-17/baseSketchy_SimpleVAE+2E_128+64z_1e3_60+120_KLtotalZ_noCLS/2nd_stage/2024-09-18/baseSketchy_SimpleVAE+2E_128+64z_1e3_60+120_KLtotalZ_L1280+bnTuneVersion+CLS_Trip+Center+Ce
  STYLE_NUM: 0
  TRAIN_STAGE: klNocls_stage
  USE_CENTROID: False
  USE_TWO_ENCODER: True
  VAE_TYPE: SinpleVAE
  ZC_DIM: 128
  ZS_DIM: 64
OUTPUT: /data/zhengwei/CVAE/outputs/sketchy/clipreid_simplevae_base/novel/2024-09-18/novelSketchy_SimpleVAE+2E_128+64z_1e3_60+120_KLtotalZ_all5w1s_noCLS_forLinear
SAVED_NAME: novelSketchy_SimpleVAE+2E_128+64z_1e3_60+120_KLtotalZ_all5w1s_noCLS_forLinear
SEED: 0
TAG: clipreid_simplevae_base
TEST:
  DISTANCE: cosine
  EVAL_STEP: 5
  START_EVAL: -1
TRAIN:
  AMP: False
  LR_SCHEDULER:
    DECAY_RATE: 0.1
    NAME: MultiStepLR
    STEPSIZE: [30]
  MAX_EPOCH: 60
  OPTIMIZER:
    LR: 0.001
    NAME: adam
    SGDLR: 0.01
    SGD_MOMENTUM: 0.9
    SGD_WEIGHT_DECAY: 0.0005
    WEIGHT_DECAY: 0.0001
  START_EPOCH: 0
----------------------
Initializing dataset sketchy
=> Sketchy dataset loaded
Dataset statistics:
  ----------------------------------------
  subset   | # ids | # images | # cameras
  ----------------------------------------
  train    |    61 |      122 |         1
  query    |    61 |    36636 |         1
  gallery  |    61 |    34245 |         1
  val      |    61 |    70881 |         1
  ----------------------------------------
Initializing SinpleVAE model with 2 encoders
============Warning! No projection layer is used in Training!=================
============Warning! Using Defalt Linear 1280 to intialize!=================
Model size: 13.60672M
Using Linear classifier
Initialized classifier with feature_dim: 1280, num_classes: 61
Classifier size: 0.07808M
=> Start tuning the model on Novel data
Loading checkpoint from '/data/zhengwei/CVAE/outputs/sketchy/clipreid_simplevae_base/2024-09-17/baseSketchy_SimpleVAE+2E_128+64z_1e3_60+120_KLtotalZ_noCLS/2nd_stage/2024-09-18/baseSketchy_SimpleVAE+2E_128+64z_1e3_60+120_KLtotalZ_L1280+bnTuneVersion+CLS_Trip+Center+Ce/best_model.pth.tar'
Loading all parameter:  encoder_zc.0.weight
Loading all parameter:  encoder_zc.0.bias
Loading all parameter:  encoder_zc.1.weight
Loading all parameter:  encoder_zc.1.bias
Loading all parameter:  encoder_zc.1.running_mean
Loading all parameter:  encoder_zc.1.running_var
Loading all parameter:  encoder_zc.1.num_batches_tracked
Loading all parameter:  fc_mu_zc.0.weight
Loading all parameter:  fc_mu_zc.0.bias
Loading all parameter:  fc_logvar_zc.0.weight
Loading all parameter:  fc_logvar_zc.0.bias
Loading all parameter:  encoder_zs.0.weight
Loading all parameter:  encoder_zs.0.bias
Loading all parameter:  encoder_zs.1.weight
Loading all parameter:  encoder_zs.1.bias
Loading all parameter:  encoder_zs.1.running_mean
Loading all parameter:  encoder_zs.1.running_var
Loading all parameter:  encoder_zs.1.num_batches_tracked
Loading all parameter:  fc_mu_zs.0.weight
Loading all parameter:  fc_mu_zs.0.bias
Loading all parameter:  fc_logvar_zs.0.weight
Loading all parameter:  fc_logvar_zs.0.bias
Loading all parameter:  decoder.0.weight
Loading all parameter:  decoder.0.bias
Loading all parameter:  decoder.1.weight
Loading all parameter:  decoder.1.bias
Loading all parameter:  decoder.1.running_mean
Loading all parameter:  decoder.1.running_var
Loading all parameter:  decoder.1.num_batches_tracked
Loading all parameter:  decoder.3.weight
Loading all parameter:  decoder.3.bias
Loading all parameter:  u_embedding.gate.0.weight
Loading all parameter:  u_embedding.gate.0.bias
Loading all parameter:  u_embedding.adapters.0.weight
Loading all parameter:  u_embedding.adapters.0.bias
Loading all parameter:  u_embedding.adapters.1.weight
Loading all parameter:  u_embedding.adapters.1.bias
Loading all parameter:  u_embedding.adapters.2.weight
Loading all parameter:  u_embedding.adapters.2.bias
Loading all parameter:  u_embedding.adapters.3.weight
Loading all parameter:  u_embedding.adapters.3.bias
Loading all parameter:  u_embedding.adapters.4.weight
Loading all parameter:  u_embedding.adapters.4.bias
Loading all parameter:  u_embedding.adapters.5.weight
Loading all parameter:  u_embedding.adapters.5.bias
Loading all parameter:  u_embedding.adapters.6.weight
Loading all parameter:  u_embedding.adapters.6.bias
Loading all parameter:  u_embedding.adapters.7.weight
Loading all parameter:  u_embedding.adapters.7.bias
Loading all parameter:  u_embedding.adapters.8.weight
Loading all parameter:  u_embedding.adapters.8.bias
Loading all parameter:  u_embedding.adapters.9.weight
Loading all parameter:  u_embedding.adapters.9.bias
Loading all parameter:  u_embedding.adapters.10.weight
Loading all parameter:  u_embedding.adapters.10.bias
Loading all parameter:  u_embedding.adapters.11.weight
Loading all parameter:  u_embedding.adapters.11.bias
Loading all parameter:  u_embedding.adapters.12.weight
Loading all parameter:  u_embedding.adapters.12.bias
Loading all parameter:  u_embedding.adapters.13.weight
Loading all parameter:  u_embedding.adapters.13.bias
Loading all parameter:  u_embedding.adapters.14.weight
Loading all parameter:  u_embedding.adapters.14.bias
Loading all parameter:  u_embedding.adapters.15.weight
Loading all parameter:  u_embedding.adapters.15.bias
Loading all parameter:  u_embedding.adapters.16.weight
Loading all parameter:  u_embedding.adapters.16.bias
Loading all parameter:  u_embedding.adapters.17.weight
Loading all parameter:  u_embedding.adapters.17.bias
Loading all parameter:  u_embedding.adapters.18.weight
Loading all parameter:  u_embedding.adapters.18.bias
Loading all parameter:  u_embedding.adapters.19.weight
Loading all parameter:  u_embedding.adapters.19.bias
Loading all parameter:  u_embedding.adapters.20.weight
Loading all parameter:  u_embedding.adapters.20.bias
Loading all parameter:  u_embedding.adapters.21.weight
Loading all parameter:  u_embedding.adapters.21.bias
Loading all parameter:  u_embedding.adapters.22.weight
Loading all parameter:  u_embedding.adapters.22.bias
Loading all parameter:  u_embedding.adapters.23.weight
Loading all parameter:  u_embedding.adapters.23.bias
Loading all parameter:  u_embedding.adapters.24.weight
Loading all parameter:  u_embedding.adapters.24.bias
Loading all parameter:  u_embedding.adapters.25.weight
Loading all parameter:  u_embedding.adapters.25.bias
Loading all parameter:  u_embedding.adapters.26.weight
Loading all parameter:  u_embedding.adapters.26.bias
Loading all parameter:  u_embedding.adapters.27.weight
Loading all parameter:  u_embedding.adapters.27.bias
Loading all parameter:  u_embedding.adapters.28.weight
Loading all parameter:  u_embedding.adapters.28.bias
Loading all parameter:  u_embedding.adapters.29.weight
Loading all parameter:  u_embedding.adapters.29.bias
Loading all parameter:  u_embedding.adapters.30.weight
Loading all parameter:  u_embedding.adapters.30.bias
Loading all parameter:  u_embedding.adapters.31.weight
Loading all parameter:  u_embedding.adapters.31.bias
Loading all parameter:  u_embedding.adapters.32.weight
Loading all parameter:  u_embedding.adapters.32.bias
Loading all parameter:  u_embedding.adapters.33.weight
Loading all parameter:  u_embedding.adapters.33.bias
Loading all parameter:  u_embedding.adapters.34.weight
Loading all parameter:  u_embedding.adapters.34.bias
Loading all parameter:  u_embedding.adapters.35.weight
Loading all parameter:  u_embedding.adapters.35.bias
Loading all parameter:  u_embedding.adapters.36.weight
Loading all parameter:  u_embedding.adapters.36.bias
Loading all parameter:  u_embedding.adapters.37.weight
Loading all parameter:  u_embedding.adapters.37.bias
Loading all parameter:  u_embedding.adapters.38.weight
Loading all parameter:  u_embedding.adapters.38.bias
Loading all parameter:  u_embedding.adapters.39.weight
Loading all parameter:  u_embedding.adapters.39.bias
Loading all parameter:  u_embedding.adapters.40.weight
Loading all parameter:  u_embedding.adapters.40.bias
Loading all parameter:  u_embedding.adapters.41.weight
Loading all parameter:  u_embedding.adapters.41.bias
Loading all parameter:  u_embedding.adapters.42.weight
Loading all parameter:  u_embedding.adapters.42.bias
Loading all parameter:  u_embedding.adapters.43.weight
Loading all parameter:  u_embedding.adapters.43.bias
Loading all parameter:  u_embedding.adapters.44.weight
Loading all parameter:  u_embedding.adapters.44.bias
Loading all parameter:  u_embedding.adapters.45.weight
Loading all parameter:  u_embedding.adapters.45.bias
Loading all parameter:  u_embedding.adapters.46.weight
Loading all parameter:  u_embedding.adapters.46.bias
Loading all parameter:  u_embedding.adapters.47.weight
Loading all parameter:  u_embedding.adapters.47.bias
Loading all parameter:  u_embedding.adapters.48.weight
Loading all parameter:  u_embedding.adapters.48.bias
Loading all parameter:  u_embedding.adapters.49.weight
Loading all parameter:  u_embedding.adapters.49.bias
Loading all parameter:  u_embedding.adapters.50.weight
Loading all parameter:  u_embedding.adapters.50.bias
Loading all parameter:  u_embedding.adapters.51.weight
Loading all parameter:  u_embedding.adapters.51.bias
Loading all parameter:  u_embedding.adapters.52.weight
Loading all parameter:  u_embedding.adapters.52.bias
Loading all parameter:  u_embedding.adapters.53.weight
Loading all parameter:  u_embedding.adapters.53.bias
Loading all parameter:  u_embedding.adapters.54.weight
Loading all parameter:  u_embedding.adapters.54.bias
Loading all parameter:  u_embedding.adapters.55.weight
Loading all parameter:  u_embedding.adapters.55.bias
Loading all parameter:  u_embedding.adapters.56.weight
Loading all parameter:  u_embedding.adapters.56.bias
Loading all parameter:  u_embedding.adapters.57.weight
Loading all parameter:  u_embedding.adapters.57.bias
Loading all parameter:  u_embedding.adapters.58.weight
Loading all parameter:  u_embedding.adapters.58.bias
Loading all parameter:  u_embedding.adapters.59.weight
Loading all parameter:  u_embedding.adapters.59.bias
Loading all parameter:  u_embedding.adapters.60.weight
Loading all parameter:  u_embedding.adapters.60.bias
Loading all parameter:  u_embedding.adapters.61.weight
Loading all parameter:  u_embedding.adapters.61.bias
Loading all parameter:  u_embedding.adapters.62.weight
Loading all parameter:  u_embedding.adapters.62.bias
Loading all parameter:  u_embedding.adapters.63.weight
Loading all parameter:  u_embedding.adapters.63.bias
Loading all parameter:  u_embedding.adapters.64.weight
Loading all parameter:  u_embedding.adapters.64.bias
Loading all parameter:  u_embedding.adapters.65.weight
Loading all parameter:  u_embedding.adapters.65.bias
Loading all parameter:  u_embedding.adapters.66.weight
Loading all parameter:  u_embedding.adapters.66.bias
Loading all parameter:  u_embedding.adapters.67.weight
Loading all parameter:  u_embedding.adapters.67.bias
Loading all parameter:  u_embedding.adapters.68.weight
Loading all parameter:  u_embedding.adapters.68.bias
Loading all parameter:  u_embedding.adapters.69.weight
Loading all parameter:  u_embedding.adapters.69.bias
Loading all parameter:  u_embedding.adapters.70.weight
Loading all parameter:  u_embedding.adapters.70.bias
Loading all parameter:  u_embedding.adapters.71.weight
Loading all parameter:  u_embedding.adapters.71.bias
Loading all parameter:  u_embedding.adapters.72.weight
Loading all parameter:  u_embedding.adapters.72.bias
Loading all parameter:  u_embedding.adapters.73.weight
Loading all parameter:  u_embedding.adapters.73.bias
Loading all parameter:  u_embedding.adapters.74.weight
Loading all parameter:  u_embedding.adapters.74.bias
Loading all parameter:  u_embedding.adapters.75.weight
Loading all parameter:  u_embedding.adapters.75.bias
Loading all parameter:  u_embedding.adapters.76.weight
Loading all parameter:  u_embedding.adapters.76.bias
Loading all parameter:  u_embedding.adapters.77.weight
Loading all parameter:  u_embedding.adapters.77.bias
Loading all parameter:  u_embedding.adapters.78.weight
Loading all parameter:  u_embedding.adapters.78.bias
Loading all parameter:  u_embedding.adapters.79.weight
Loading all parameter:  u_embedding.adapters.79.bias
Loading all parameter:  u_embedding.adapters.80.weight
Loading all parameter:  u_embedding.adapters.80.bias
Loading all parameter:  u_embedding.adapters.81.weight
Loading all parameter:  u_embedding.adapters.81.bias
Loading all parameter:  u_embedding.adapters.82.weight
Loading all parameter:  u_embedding.adapters.82.bias
Loading all parameter:  u_embedding.adapters.83.weight
Loading all parameter:  u_embedding.adapters.83.bias
Loading all parameter:  u_embedding.adapters.84.weight
Loading all parameter:  u_embedding.adapters.84.bias
Loading all parameter:  u_embedding.adapters.85.weight
Loading all parameter:  u_embedding.adapters.85.bias
Loading all parameter:  u_embedding.adapters.86.weight
Loading all parameter:  u_embedding.adapters.86.bias
Loading all parameter:  u_embedding.adapters.87.weight
Loading all parameter:  u_embedding.adapters.87.bias
Loading all parameter:  u_embedding.adapters.88.weight
Loading all parameter:  u_embedding.adapters.88.bias
Loading all parameter:  u_embedding.adapters.89.weight
Loading all parameter:  u_embedding.adapters.89.bias
Loading all parameter:  u_embedding.adapters.90.weight
Loading all parameter:  u_embedding.adapters.90.bias
Loading all parameter:  u_embedding.adapters.91.weight
Loading all parameter:  u_embedding.adapters.91.bias
Loading all parameter:  u_embedding.adapters.92.weight
Loading all parameter:  u_embedding.adapters.92.bias
Loading all parameter:  u_embedding.adapters.93.weight
Loading all parameter:  u_embedding.adapters.93.bias
Loading all parameter:  u_embedding.adapters.94.weight
Loading all parameter:  u_embedding.adapters.94.bias
Loading all parameter:  u_embedding.adapters.95.weight
Loading all parameter:  u_embedding.adapters.95.bias
Loading all parameter:  u_embedding.adapters.96.weight
Loading all parameter:  u_embedding.adapters.96.bias
Loading all parameter:  u_embedding.adapters.97.weight
Loading all parameter:  u_embedding.adapters.97.bias
Loading all parameter:  u_embedding.adapters.98.weight
Loading all parameter:  u_embedding.adapters.98.bias
Loading all parameter:  u_embedding.adapters.99.weight
Loading all parameter:  u_embedding.adapters.99.bias
Loading all parameter:  u_embedding.adapters.100.weight
Loading all parameter:  u_embedding.adapters.100.bias
Loading all parameter:  u_embedding.adapters.101.weight
Loading all parameter:  u_embedding.adapters.101.bias
Loading all parameter:  u_embedding.adapters.102.weight
Loading all parameter:  u_embedding.adapters.102.bias
Loading all parameter:  u_embedding.adapters.103.weight
Loading all parameter:  u_embedding.adapters.103.bias
Loading all parameter:  u_embedding.adapters.104.weight
Loading all parameter:  u_embedding.adapters.104.bias
Loading all parameter:  u_embedding.adapters.105.weight
Loading all parameter:  u_embedding.adapters.105.bias
Loading all parameter:  u_embedding.adapters.106.weight
Loading all parameter:  u_embedding.adapters.106.bias
Loading all parameter:  u_embedding.adapters.107.weight
Loading all parameter:  u_embedding.adapters.107.bias
Loading all parameter:  u_embedding.adapters.108.weight
Loading all parameter:  u_embedding.adapters.108.bias
Loading all parameter:  u_embedding.adapters.109.weight
Loading all parameter:  u_embedding.adapters.109.bias
Loading all parameter:  u_embedding.adapters.110.weight
Loading all parameter:  u_embedding.adapters.110.bias
Loading all parameter:  u_embedding.adapters.111.weight
Loading all parameter:  u_embedding.adapters.111.bias
Loading all parameter:  u_embedding.adapters.112.weight
Loading all parameter:  u_embedding.adapters.112.bias
Loading all parameter:  u_embedding.adapters.113.weight
Loading all parameter:  u_embedding.adapters.113.bias
Loading all parameter:  u_embedding.adapters.114.weight
Loading all parameter:  u_embedding.adapters.114.bias
Loading all parameter:  u_embedding.adapters.115.weight
Loading all parameter:  u_embedding.adapters.115.bias
Loading all parameter:  u_embedding.adapters.116.weight
Loading all parameter:  u_embedding.adapters.116.bias
Loading all parameter:  u_embedding.adapters.117.weight
Loading all parameter:  u_embedding.adapters.117.bias
Loading all parameter:  u_embedding.adapters.118.weight
Loading all parameter:  u_embedding.adapters.118.bias
Loading all parameter:  u_embedding.adapters.119.weight
Loading all parameter:  u_embedding.adapters.119.bias
Loading all parameter:  u_embedding.adapters.120.weight
Loading all parameter:  u_embedding.adapters.120.bias
Loading all parameter:  u_embedding.adapters.121.weight
Loading all parameter:  u_embedding.adapters.121.bias
Loading all parameter:  u_embedding.adapters.122.weight
Loading all parameter:  u_embedding.adapters.122.bias
Loading all parameter:  u_embedding.adapters.123.weight
Loading all parameter:  u_embedding.adapters.123.bias
Loading all parameter:  u_embedding.adapters.124.weight
Loading all parameter:  u_embedding.adapters.124.bias
Loading all parameter:  u_embedding.adapters.125.weight
Loading all parameter:  u_embedding.adapters.125.bias
Loading all parameter:  u_embedding.adapters.126.weight
Loading all parameter:  u_embedding.adapters.126.bias
Loading all parameter:  u_embedding.adapters.127.weight
Loading all parameter:  u_embedding.adapters.127.bias
Loading all parameter:  zs_embedding.0.weight
Loading all parameter:  zs_embedding.0.bias
Loading all parameter:  reid_projector.weight
Loading parameter:  reid_projector.weight
Loading all parameter:  bottlenect.weight
Loading all parameter:  bottlenect.bias
Loading all parameter:  bottlenect.running_mean
Loading all parameter:  bottlenect.running_var
Loading all parameter:  bottlenect.num_batches_tracked
Loading all parameter:  i2t_projector.weight
Loading all parameter:  i2t_projector.bias
orginal best rank1 = 0
=> Copy the checkpoint to the output folder
=> Start evaluation on Novel data without finetuning
=> Test CLASSIFICATION performance
==========Test with latent_z: z_c =========
Extracted features for query set, obtained torch.Size([36636, 128]) matrix
Extracted features for gallery set, obtained torch.Size([34245, 128]) matrix
Extracted features for validation set, obtained torch.Size([70881, 128]) matrix
Extracting features complete in 0m 27s
Using 0m 27s
Val Classifier results ---------------------------------------------------
Total acc: 1.3%
Test Classifier results ---------------------------------------------------
Query acc: 1.3% Gallery acc: 1.3% Total acc: 1.3%
=> Start training
Epoch:1 Time:7.8 Data:0.0 Loss:5.6892 Cls Loss:4.1028 Pair Loss:0.0000 Center Loss:1402.1279 KL Loss:5.6605 Recon Loss:0.0287 Acc:0.0180 
=> Current learning rate: 0.000200
Epoch:2 Time:6.5 Data:0.0 Loss:1.6185 Cls Loss:4.1112 Pair Loss:0.0000 Center Loss:1405.3849 KL Loss:1.5898 Recon Loss:0.0287 Acc:0.0100 
=> Current learning rate: 0.000400
Epoch:3 Time:6.6 Data:0.0 Loss:2.0440 Cls Loss:4.1151 Pair Loss:0.0000 Center Loss:1412.5331 KL Loss:2.0152 Recon Loss:0.0287 Acc:0.0100 
=> Current learning rate: 0.000600
Epoch:4 Time:6.7 Data:0.0 Loss:1.5689 Cls Loss:4.1108 Pair Loss:0.0000 Center Loss:1414.3257 KL Loss:1.5403 Recon Loss:0.0286 Acc:0.0140 
=> Current learning rate: 0.000800
Epoch:5 Time:6.9 Data:0.0 Loss:1.7887 Cls Loss:4.1161 Pair Loss:0.0000 Center Loss:1422.0334 KL Loss:1.7598 Recon Loss:0.0290 Acc:0.0200 
=> Test at epoch 5
==========Test with latent_z: z_c =========
Extracted features for query set, obtained torch.Size([36636, 128]) matrix
Extracted features for gallery set, obtained torch.Size([34245, 128]) matrix
Extracted features for validation set, obtained torch.Size([70881, 128]) matrix
Extracting features complete in 0m 27s
Using 0m 27s
Val Classifier results ---------------------------------------------------
Total acc: 1.2%
Test Classifier results ---------------------------------------------------
Query acc: 1.1% Gallery acc: 1.2% Total acc: 1.2%
=> Current learning rate: 0.001000
Epoch:6 Time:6.6 Data:0.0 Loss:1.5561 Cls Loss:4.1148 Pair Loss:0.0000 Center Loss:1432.3938 KL Loss:1.5274 Recon Loss:0.0287 Acc:0.0180 
=> Current learning rate: 0.001000
Epoch:7 Time:6.6 Data:0.0 Loss:1.2729 Cls Loss:4.1137 Pair Loss:0.0000 Center Loss:1433.6651 KL Loss:1.2441 Recon Loss:0.0288 Acc:0.0140 
=> Current learning rate: 0.001000
Epoch:8 Time:6.6 Data:0.0 Loss:1.2223 Cls Loss:4.1170 Pair Loss:0.0000 Center Loss:1439.8139 KL Loss:1.1934 Recon Loss:0.0289 Acc:0.0140 
=> Current learning rate: 0.001000
Epoch:9 Time:6.5 Data:0.0 Loss:0.9341 Cls Loss:4.1194 Pair Loss:0.0000 Center Loss:1444.4707 KL Loss:0.9054 Recon Loss:0.0287 Acc:0.0120 
=> Current learning rate: 0.001000
Epoch:10 Time:6.9 Data:0.0 Loss:1.0036 Cls Loss:4.1139 Pair Loss:0.0000 Center Loss:1446.0934 KL Loss:0.9749 Recon Loss:0.0287 Acc:0.0180 
Jump TSNE
=> Test at epoch 10
==========Test with latent_z: z_c =========
Extracted features for query set, obtained torch.Size([36636, 128]) matrix
Extracted features for gallery set, obtained torch.Size([34245, 128]) matrix
Extracted features for validation set, obtained torch.Size([70881, 128]) matrix
Extracting features complete in 0m 27s
Using 0m 27s
Val Classifier results ---------------------------------------------------
Total acc: 0.5%
Test Classifier results ---------------------------------------------------
Query acc: 0.5% Gallery acc: 0.5% Total acc: 0.5%
=> Current learning rate: 0.001000
Epoch:11 Time:7.1 Data:0.0 Loss:1.0036 Cls Loss:4.1180 Pair Loss:0.0000 Center Loss:1439.2870 KL Loss:0.9747 Recon Loss:0.0289 Acc:0.0200 
=> Current learning rate: 0.001000
Epoch:12 Time:6.8 Data:0.0 Loss:1.0528 Cls Loss:4.1057 Pair Loss:0.0000 Center Loss:1442.0544 KL Loss:1.0241 Recon Loss:0.0287 Acc:0.0260 
=> Current learning rate: 0.001000
Epoch:13 Time:6.5 Data:0.0 Loss:0.9425 Cls Loss:4.1059 Pair Loss:0.0000 Center Loss:1445.9625 KL Loss:0.9135 Recon Loss:0.0289 Acc:0.0160 
=> Current learning rate: 0.001000
Epoch:14 Time:6.5 Data:0.0 Loss:0.9661 Cls Loss:4.1190 Pair Loss:0.0000 Center Loss:1439.7222 KL Loss:0.9371 Recon Loss:0.0290 Acc:0.0120 
=> Current learning rate: 0.001000
Epoch:15 Time:6.8 Data:0.0 Loss:0.8545 Cls Loss:4.1156 Pair Loss:0.0000 Center Loss:1446.7041 KL Loss:0.8259 Recon Loss:0.0286 Acc:0.0240 
=> Test at epoch 15
==========Test with latent_z: z_c =========
Extracted features for query set, obtained torch.Size([36636, 128]) matrix
Extracted features for gallery set, obtained torch.Size([34245, 128]) matrix
Extracted features for validation set, obtained torch.Size([70881, 128]) matrix
Extracting features complete in 0m 27s
Using 0m 27s
Val Classifier results ---------------------------------------------------
Total acc: 1.4%
Test Classifier results ---------------------------------------------------
Query acc: 1.1% Gallery acc: 1.7% Total acc: 1.4%
=> Current learning rate: 0.001000
Epoch:16 Time:6.7 Data:0.0 Loss:1.0247 Cls Loss:4.1104 Pair Loss:0.0000 Center Loss:1443.0028 KL Loss:0.9955 Recon Loss:0.0292 Acc:0.0280 
=> Current learning rate: 0.001000
Epoch:17 Time:6.5 Data:0.0 Loss:0.9580 Cls Loss:4.1186 Pair Loss:0.0000 Center Loss:1442.5816 KL Loss:0.9289 Recon Loss:0.0291 Acc:0.0220 
=> Current learning rate: 0.001000
Epoch:18 Time:6.5 Data:0.0 Loss:1.0585 Cls Loss:4.1177 Pair Loss:0.0000 Center Loss:1446.0347 KL Loss:1.0296 Recon Loss:0.0290 Acc:0.0220 
=> Current learning rate: 0.001000
Epoch:19 Time:6.9 Data:0.0 Loss:0.9064 Cls Loss:4.1036 Pair Loss:0.0000 Center Loss:1447.2479 KL Loss:0.8778 Recon Loss:0.0286 Acc:0.0140 
=> Current learning rate: 0.001000
Epoch:20 Time:7.0 Data:0.0 Loss:1.0407 Cls Loss:4.1191 Pair Loss:0.0000 Center Loss:1443.4399 KL Loss:1.0120 Recon Loss:0.0287 Acc:0.0200 
Jump TSNE
=> Test at epoch 20
==========Test with latent_z: z_c =========
Extracted features for query set, obtained torch.Size([36636, 128]) matrix
Extracted features for gallery set, obtained torch.Size([34245, 128]) matrix
Extracted features for validation set, obtained torch.Size([70881, 128]) matrix
Extracting features complete in 0m 25s
Using 0m 25s
Val Classifier results ---------------------------------------------------
Total acc: 1.7%
Test Classifier results ---------------------------------------------------
Query acc: 1.2% Gallery acc: 2.3% Total acc: 1.7%
=> Current learning rate: 0.001000
Epoch:21 Time:6.8 Data:0.0 Loss:0.9881 Cls Loss:4.1125 Pair Loss:0.0000 Center Loss:1443.7470 KL Loss:0.9593 Recon Loss:0.0288 Acc:0.0200 
=> Current learning rate: 0.001000
Epoch:22 Time:8.2 Data:0.0 Loss:0.9589 Cls Loss:4.1145 Pair Loss:0.0000 Center Loss:1442.9851 KL Loss:0.9297 Recon Loss:0.0292 Acc:0.0200 
=> Current learning rate: 0.001000
Epoch:23 Time:6.9 Data:0.0 Loss:0.9858 Cls Loss:4.1128 Pair Loss:0.0000 Center Loss:1447.0428 KL Loss:0.9574 Recon Loss:0.0284 Acc:0.0180 
=> Current learning rate: 0.001000
Epoch:24 Time:6.6 Data:0.0 Loss:0.9427 Cls Loss:4.1264 Pair Loss:0.0000 Center Loss:1442.8478 KL Loss:0.9137 Recon Loss:0.0290 Acc:0.0120 
=> Current learning rate: 0.001000
Epoch:25 Time:6.7 Data:0.0 Loss:1.0421 Cls Loss:4.1199 Pair Loss:0.0000 Center Loss:1443.1032 KL Loss:1.0135 Recon Loss:0.0286 Acc:0.0160 
=> Test at epoch 25
==========Test with latent_z: z_c =========
Extracted features for query set, obtained torch.Size([36636, 128]) matrix
Extracted features for gallery set, obtained torch.Size([34245, 128]) matrix
Extracted features for validation set, obtained torch.Size([70881, 128]) matrix
Extracting features complete in 0m 24s
Using 0m 24s
Val Classifier results ---------------------------------------------------
Total acc: 2.3%
Test Classifier results ---------------------------------------------------
Query acc: 2.0% Gallery acc: 2.7% Total acc: 2.3%
=> Current learning rate: 0.001000
Epoch:26 Time:6.9 Data:0.0 Loss:0.8040 Cls Loss:4.1125 Pair Loss:0.0000 Center Loss:1444.7822 KL Loss:0.7751 Recon Loss:0.0289 Acc:0.0300 
=> Current learning rate: 0.001000
Epoch:27 Time:6.8 Data:0.0 Loss:0.9042 Cls Loss:4.1129 Pair Loss:0.0000 Center Loss:1446.9754 KL Loss:0.8754 Recon Loss:0.0289 Acc:0.0280 
=> Current learning rate: 0.001000
Epoch:28 Time:7.1 Data:0.0 Loss:0.8639 Cls Loss:4.1060 Pair Loss:0.0000 Center Loss:1447.4801 KL Loss:0.8351 Recon Loss:0.0288 Acc:0.0140 
=> Current learning rate: 0.001000
Epoch:29 Time:6.6 Data:0.0 Loss:0.8495 Cls Loss:4.1144 Pair Loss:0.0000 Center Loss:1446.9140 KL Loss:0.8203 Recon Loss:0.0291 Acc:0.0220 
=> Current learning rate: 0.001000
Epoch:30 Time:7.0 Data:0.0 Loss:0.8383 Cls Loss:4.1093 Pair Loss:0.0000 Center Loss:1449.3182 KL Loss:0.8094 Recon Loss:0.0289 Acc:0.0140 
Jump TSNE
=> Test at epoch 30
==========Test with latent_z: z_c =========
Extracted features for query set, obtained torch.Size([36636, 128]) matrix
Extracted features for gallery set, obtained torch.Size([34245, 128]) matrix
Extracted features for validation set, obtained torch.Size([70881, 128]) matrix
Extracting features complete in 0m 22s
Using 0m 22s
Val Classifier results ---------------------------------------------------
Total acc: 1.0%
Test Classifier results ---------------------------------------------------
Query acc: 1.2% Gallery acc: 0.8% Total acc: 1.0%
=> Current learning rate: 0.001000
Epoch:31 Time:7.1 Data:0.0 Loss:0.8509 Cls Loss:4.1131 Pair Loss:0.0000 Center Loss:1446.3799 KL Loss:0.8218 Recon Loss:0.0291 Acc:0.0160 
=> Current learning rate: 0.000100
Epoch:32 Time:6.8 Data:0.0 Loss:0.9685 Cls Loss:4.1108 Pair Loss:0.0000 Center Loss:1445.1063 KL Loss:0.9401 Recon Loss:0.0284 Acc:0.0140 
=> Current learning rate: 0.000100
Epoch:33 Time:6.6 Data:0.0 Loss:0.7679 Cls Loss:4.1163 Pair Loss:0.0000 Center Loss:1446.2011 KL Loss:0.7388 Recon Loss:0.0291 Acc:0.0200 
=> Current learning rate: 0.000100
Epoch:34 Time:6.9 Data:0.0 Loss:0.7661 Cls Loss:4.1081 Pair Loss:0.0000 Center Loss:1444.4897 KL Loss:0.7374 Recon Loss:0.0287 Acc:0.0160 
=> Current learning rate: 0.000100
Epoch:35 Time:8.0 Data:0.0 Loss:0.7800 Cls Loss:4.1192 Pair Loss:0.0000 Center Loss:1444.7351 KL Loss:0.7508 Recon Loss:0.0291 Acc:0.0240 
=> Test at epoch 35
==========Test with latent_z: z_c =========
Extracted features for query set, obtained torch.Size([36636, 128]) matrix
Extracted features for gallery set, obtained torch.Size([34245, 128]) matrix
Extracted features for validation set, obtained torch.Size([70881, 128]) matrix
Extracting features complete in 0m 27s
Using 0m 27s
Val Classifier results ---------------------------------------------------
Total acc: 1.1%
Test Classifier results ---------------------------------------------------
Query acc: 1.4% Gallery acc: 0.8% Total acc: 1.1%
=> Current learning rate: 0.000100
Epoch:36 Time:10.6 Data:0.0 Loss:0.8295 Cls Loss:4.1022 Pair Loss:0.0000 Center Loss:1443.8387 KL Loss:0.8007 Recon Loss:0.0289 Acc:0.0280 
=> Current learning rate: 0.000100
Epoch:37 Time:11.1 Data:0.0 Loss:0.8982 Cls Loss:4.1106 Pair Loss:0.0000 Center Loss:1442.1984 KL Loss:0.8700 Recon Loss:0.0283 Acc:0.0180 
=> Current learning rate: 0.000100
Epoch:38 Time:11.4 Data:0.0 Loss:0.8391 Cls Loss:4.1109 Pair Loss:0.0000 Center Loss:1445.7091 KL Loss:0.8102 Recon Loss:0.0290 Acc:0.0220 
=> Current learning rate: 0.000100
Epoch:39 Time:10.0 Data:0.0 Loss:0.7774 Cls Loss:4.1170 Pair Loss:0.0000 Center Loss:1445.0711 KL Loss:0.7487 Recon Loss:0.0287 Acc:0.0260 
=> Current learning rate: 0.000100
Epoch:40 Time:11.6 Data:0.0 Loss:0.7964 Cls Loss:4.1234 Pair Loss:0.0000 Center Loss:1444.4900 KL Loss:0.7673 Recon Loss:0.0291 Acc:0.0120 
Jump TSNE
=> Test at epoch 40
==========Test with latent_z: z_c =========
Extracted features for query set, obtained torch.Size([36636, 128]) matrix
Extracted features for gallery set, obtained torch.Size([34245, 128]) matrix
Extracted features for validation set, obtained torch.Size([70881, 128]) matrix
Extracting features complete in 0m 25s
Using 0m 25s
Val Classifier results ---------------------------------------------------
Total acc: 1.1%
Test Classifier results ---------------------------------------------------
Query acc: 1.4% Gallery acc: 0.8% Total acc: 1.1%
=> Current learning rate: 0.000100
Epoch:41 Time:10.8 Data:0.0 Loss:0.8165 Cls Loss:4.1198 Pair Loss:0.0000 Center Loss:1445.7942 KL Loss:0.7876 Recon Loss:0.0288 Acc:0.0140 
=> Current learning rate: 0.000100
Epoch:42 Time:10.9 Data:0.0 Loss:0.9775 Cls Loss:4.1221 Pair Loss:0.0000 Center Loss:1447.3781 KL Loss:0.9486 Recon Loss:0.0288 Acc:0.0180 
=> Current learning rate: 0.000100
Epoch:43 Time:10.6 Data:0.0 Loss:0.7983 Cls Loss:4.1180 Pair Loss:0.0000 Center Loss:1449.9122 KL Loss:0.7692 Recon Loss:0.0292 Acc:0.0140 
=> Current learning rate: 0.000100
Epoch:44 Time:11.5 Data:0.0 Loss:0.9540 Cls Loss:4.1254 Pair Loss:0.0000 Center Loss:1439.9997 KL Loss:0.9254 Recon Loss:0.0286 Acc:0.0160 
=> Current learning rate: 0.000100
Epoch:45 Time:8.8 Data:0.0 Loss:0.8915 Cls Loss:4.1260 Pair Loss:0.0000 Center Loss:1447.6795 KL Loss:0.8625 Recon Loss:0.0291 Acc:0.0040 
=> Test at epoch 45
==========Test with latent_z: z_c =========
Extracted features for query set, obtained torch.Size([36636, 128]) matrix
Extracted features for gallery set, obtained torch.Size([34245, 128]) matrix
Extracted features for validation set, obtained torch.Size([70881, 128]) matrix
Extracting features complete in 0m 32s
Using 0m 32s
Val Classifier results ---------------------------------------------------
Total acc: 1.1%
Test Classifier results ---------------------------------------------------
Query acc: 1.4% Gallery acc: 0.8% Total acc: 1.1%
=> Current learning rate: 0.000100
Epoch:46 Time:15.3 Data:0.0 Loss:0.8285 Cls Loss:4.1159 Pair Loss:0.0000 Center Loss:1445.1901 KL Loss:0.7998 Recon Loss:0.0287 Acc:0.0240 
=> Current learning rate: 0.000100
Epoch:47 Time:16.7 Data:0.0 Loss:0.9340 Cls Loss:4.1068 Pair Loss:0.0000 Center Loss:1439.0297 KL Loss:0.9053 Recon Loss:0.0287 Acc:0.0220 
=> Current learning rate: 0.000100
Epoch:48 Time:15.3 Data:0.0 Loss:0.8362 Cls Loss:4.1187 Pair Loss:0.0000 Center Loss:1441.9689 KL Loss:0.8070 Recon Loss:0.0292 Acc:0.0240 
=> Current learning rate: 0.000100
Epoch:49 Time:15.7 Data:0.0 Loss:0.9244 Cls Loss:4.1148 Pair Loss:0.0000 Center Loss:1444.6069 KL Loss:0.8954 Recon Loss:0.0290 Acc:0.0160 
=> Current learning rate: 0.000100
Epoch:50 Time:12.9 Data:0.0 Loss:0.9618 Cls Loss:4.1103 Pair Loss:0.0000 Center Loss:1439.8419 KL Loss:0.9325 Recon Loss:0.0293 Acc:0.0120 
Jump TSNE
=> Test at epoch 50
==========Test with latent_z: z_c =========
Extracted features for query set, obtained torch.Size([36636, 128]) matrix
Extracted features for gallery set, obtained torch.Size([34245, 128]) matrix
Extracted features for validation set, obtained torch.Size([70881, 128]) matrix
Extracting features complete in 0m 31s
Using 0m 31s
Val Classifier results ---------------------------------------------------
Total acc: 1.1%
Test Classifier results ---------------------------------------------------
Query acc: 1.4% Gallery acc: 0.8% Total acc: 1.1%
=> Current learning rate: 0.000100
Epoch:51 Time:15.2 Data:0.0 Loss:0.9006 Cls Loss:4.1092 Pair Loss:0.0000 Center Loss:1440.2202 KL Loss:0.8715 Recon Loss:0.0291 Acc:0.0180 
=> Current learning rate: 0.000100
Epoch:52 Time:15.9 Data:0.0 Loss:0.7969 Cls Loss:4.1145 Pair Loss:0.0000 Center Loss:1444.0872 KL Loss:0.7682 Recon Loss:0.0287 Acc:0.0220 
=> Current learning rate: 0.000100
Epoch:53 Time:16.0 Data:0.0 Loss:0.8463 Cls Loss:4.1132 Pair Loss:0.0000 Center Loss:1439.9691 KL Loss:0.8175 Recon Loss:0.0288 Acc:0.0140 
=> Current learning rate: 0.000100
Epoch:54 Time:14.9 Data:0.0 Loss:0.9071 Cls Loss:4.1197 Pair Loss:0.0000 Center Loss:1442.4221 KL Loss:0.8780 Recon Loss:0.0291 Acc:0.0080 
=> Current learning rate: 0.000100
Epoch:55 Time:13.9 Data:0.0 Loss:0.8518 Cls Loss:4.1150 Pair Loss:0.0000 Center Loss:1443.7991 KL Loss:0.8230 Recon Loss:0.0288 Acc:0.0160 
=> Test at epoch 55
==========Test with latent_z: z_c =========
Extracted features for query set, obtained torch.Size([36636, 128]) matrix
Extracted features for gallery set, obtained torch.Size([34245, 128]) matrix
Extracted features for validation set, obtained torch.Size([70881, 128]) matrix
Extracting features complete in 0m 30s
Using 0m 30s
Val Classifier results ---------------------------------------------------
Total acc: 1.1%
Test Classifier results ---------------------------------------------------
Query acc: 1.3% Gallery acc: 0.8% Total acc: 1.1%
=> Current learning rate: 0.000100
Epoch:56 Time:16.4 Data:0.0 Loss:0.8729 Cls Loss:4.1112 Pair Loss:0.0000 Center Loss:1443.3150 KL Loss:0.8441 Recon Loss:0.0288 Acc:0.0240 
=> Current learning rate: 0.000100
Epoch:57 Time:15.8 Data:0.0 Loss:0.8473 Cls Loss:4.1230 Pair Loss:0.0000 Center Loss:1440.9987 KL Loss:0.8182 Recon Loss:0.0291 Acc:0.0160 
=> Current learning rate: 0.000100
Epoch:58 Time:14.7 Data:0.0 Loss:0.8653 Cls Loss:4.1124 Pair Loss:0.0000 Center Loss:1443.0605 KL Loss:0.8367 Recon Loss:0.0285 Acc:0.0120 
=> Current learning rate: 0.000100
Epoch:59 Time:13.6 Data:0.0 Loss:0.8865 Cls Loss:4.1097 Pair Loss:0.0000 Center Loss:1452.0976 KL Loss:0.8579 Recon Loss:0.0286 Acc:0.0160 
=> Current learning rate: 0.000100
/home/zhengwei/yzwT2V/lib/python3.9/site-packages/numpy/lib/function_base.py:2897: RuntimeWarning: invalid value encountered in divide
  c /= stddev[:, None]
/home/zhengwei/yzwT2V/lib/python3.9/site-packages/numpy/lib/function_base.py:2898: RuntimeWarning: invalid value encountered in divide
  c /= stddev[None, :]
Epoch:60 Time:100.2 Data:0.0 Loss:0.8652 Cls Loss:4.1233 Pair Loss:0.0000 Center Loss:1443.1578 KL Loss:0.8368 Recon Loss:0.0284 Acc:0.0100 
Jump TSNE
=> Test at epoch 60
==========Test with latent_z: z_c =========
Extracted features for query set, obtained torch.Size([36636, 128]) matrix
Extracted features for gallery set, obtained torch.Size([34245, 128]) matrix
Extracted features for validation set, obtained torch.Size([70881, 128]) matrix
Extracting features complete in 0m 28s
Using 0m 28s
Val Classifier results ---------------------------------------------------
Total acc: 1.1%
Test Classifier results ---------------------------------------------------
Query acc: 1.3% Gallery acc: 0.8% Total acc: 1.1%
Keep checkpoint file: checkpoint_ep60.pth.tar
=> Current learning rate: 0.000100
=> Best Val Acc 2.3% at epoch 25: 
 Test Acc: Query 2.0%, Gallery 2.7%, Total 2.3%
Finished. Total elapsed time (h:m:s): 0:16:54. Training time (h:m:s): 0:11:20.
