=> merge config from ./configs/sketchy_categray/clipreid_cvae_kl_novel_true5wKs.yaml
=> Configurations:
-------------------------
AMP: True
AUG:
  RC_PROB: 0.5
  RE_PROB: 0.5
DATA:
  CUHK03_CLASSIC_SPLIT: False
  CUHK03_LABELED: False
  DATASET: sketchy
  FORMAT_TAG: tensor
  HEIGHT: 256
  NUM_INSTANCES: 4
  NUM_WORKERS: 4
  ROOT: /home/zhengwei/my_data/datasets
  SPLIT_ID: 0
  TEST_BATCH: 512
  TRAIN_BATCH: 64
  TRAIN_FORMAT: novel
  WIDTH: 128
EVAL_MODE: False
FEWSHOT:
  ENABLE: True
  EPISODE: 100
  KSHOT: 1
  NWAY: 5
GPU: 3
LOSS:
  CLA_LOSS: crossentropy
  CLA_M: 0.0
  CLA_S: 16.0
  PAIR_LOSS: triplet
  PAIR_M: 0.3
  PAIR_S: 16.0
  RECON_LOSS: mse
  USE_NCE: False
MODEL:
  CONDITIONAL: False
  FEATURE_DIM: 1280
  FEAT_FUSION: False
  FLOW_TYPE: 
  GAUSSIAN: MultivariateNormal
  HIDDEN_DIM: 256
  LATENT_SIZE: 64
  NAME: CVAE
  ONLY_CVAE_KL: False
  ONLY_X_INPUT: False
  PRETRAIN: CLIPreID_Novel_Sketchy_true5w1s
  PROJECTION_TYPE: None
  RES4_STRIDE: 1
  RESUME: /data/zhengwei/CVAE/outputs/sketchy/clipreid_simplevae_base/2024-09-17/baseSketchy_SimpleVAE_128+64z_1e3_60+120_KLtotalZ_noCLS/2nd_stage/2024-09-17/baseSketchy_SimpleVAE_128+64z_1e3_60+120_KLtotalZ_L1280+bnTuneVersion+CLS_Trip+Center+Ce
  STYLE_NUM: 0
  TRAIN_STAGE: klNocls_stage
  USE_CENTROID: False
  USE_TWO_ENCODER: False
  VAE_TYPE: SinpleVAE
  ZC_DIM: 128
  ZS_DIM: 64
OUTPUT: /data/zhengwei/CVAE/outputs/sketchy/clipreid_simplevae_base/novel/2024-09-18/novelSketchy_SimpleVAE_128+64z_1e3_60+120_KLtotalZ+lessC_true5w1s_noCLS_forLinear
SAVED_NAME: novelSketchy_SimpleVAE_128+64z_1e3_60+120_KLtotalZ+lessC_true5w1s_noCLS_forLinear
SEED: 0
TAG: clipreid_simplevae_base
TEST:
  DISTANCE: cosine
  EVAL_STEP: 5
  START_EVAL: -1
TRAIN:
  AMP: False
  LR_SCHEDULER:
    DECAY_RATE: 0.1
    NAME: MultiStepLR
    STEPSIZE: [30]
  MAX_EPOCH: 60
  OPTIMIZER:
    LR: 0.001
    NAME: adam
    SGDLR: 0.01
    SGD_MOMENTUM: 0.9
    SGD_WEIGHT_DECAY: 0.0005
    WEIGHT_DECAY: 0.0001
  START_EPOCH: 0
----------------------
Initializing dataset sketchy
=> Sketchy dataset loaded
Dataset statistics:
  ----------------------------------------
  subset   | # ids | # images | # cameras
  ----------------------------------------
  train    |     5 |       10 |         1
  query    |     5 |     2914 |         1
  gallery  |     5 |     2634 |         1
  val      |     5 |     5548 |         1
  ----------------------------------------
Initializing SinpleVAE model
============Warning! No projection layer is used in Training!=================
============Warning! Using Defalt Linear 1280 to intialize!=================
Model size: 13.27827M
Using Linear classifier
Initialized classifier with feature_dim: 1280, num_classes: 5
Classifier size: 0.00640M
=> Start tuning the model on Novel data
Loading checkpoint from '/data/zhengwei/CVAE/outputs/sketchy/clipreid_simplevae_base/2024-09-17/baseSketchy_SimpleVAE_128+64z_1e3_60+120_KLtotalZ_noCLS/2nd_stage/2024-09-17/baseSketchy_SimpleVAE_128+64z_1e3_60+120_KLtotalZ_L1280+bnTuneVersion+CLS_Trip+Center+Ce/best_model.pth.tar'
Loading all parameter:  encoder.0.weight
Loading all parameter:  encoder.0.bias
Loading all parameter:  encoder.1.weight
Loading all parameter:  encoder.1.bias
Loading all parameter:  encoder.1.running_mean
Loading all parameter:  encoder.1.running_var
Loading all parameter:  encoder.1.num_batches_tracked
Loading all parameter:  fc_mu.0.weight
Loading all parameter:  fc_mu.0.bias
Loading all parameter:  fc_logvar.0.weight
Loading all parameter:  fc_logvar.0.bias
Loading all parameter:  decoder.0.weight
Loading all parameter:  decoder.0.bias
Loading all parameter:  decoder.1.weight
Loading all parameter:  decoder.1.bias
Loading all parameter:  decoder.1.running_mean
Loading all parameter:  decoder.1.running_var
Loading all parameter:  decoder.1.num_batches_tracked
Loading all parameter:  decoder.3.weight
Loading all parameter:  decoder.3.bias
Loading all parameter:  u_embedding.gate.0.weight
Loading all parameter:  u_embedding.gate.0.bias
Loading all parameter:  u_embedding.adapters.0.weight
Loading all parameter:  u_embedding.adapters.0.bias
Loading all parameter:  u_embedding.adapters.1.weight
Loading all parameter:  u_embedding.adapters.1.bias
Loading all parameter:  u_embedding.adapters.2.weight
Loading all parameter:  u_embedding.adapters.2.bias
Loading all parameter:  u_embedding.adapters.3.weight
Loading all parameter:  u_embedding.adapters.3.bias
Loading all parameter:  u_embedding.adapters.4.weight
Loading all parameter:  u_embedding.adapters.4.bias
Loading all parameter:  u_embedding.adapters.5.weight
Loading all parameter:  u_embedding.adapters.5.bias
Loading all parameter:  u_embedding.adapters.6.weight
Loading all parameter:  u_embedding.adapters.6.bias
Loading all parameter:  u_embedding.adapters.7.weight
Loading all parameter:  u_embedding.adapters.7.bias
Loading all parameter:  u_embedding.adapters.8.weight
Loading all parameter:  u_embedding.adapters.8.bias
Loading all parameter:  u_embedding.adapters.9.weight
Loading all parameter:  u_embedding.adapters.9.bias
Loading all parameter:  u_embedding.adapters.10.weight
Loading all parameter:  u_embedding.adapters.10.bias
Loading all parameter:  u_embedding.adapters.11.weight
Loading all parameter:  u_embedding.adapters.11.bias
Loading all parameter:  u_embedding.adapters.12.weight
Loading all parameter:  u_embedding.adapters.12.bias
Loading all parameter:  u_embedding.adapters.13.weight
Loading all parameter:  u_embedding.adapters.13.bias
Loading all parameter:  u_embedding.adapters.14.weight
Loading all parameter:  u_embedding.adapters.14.bias
Loading all parameter:  u_embedding.adapters.15.weight
Loading all parameter:  u_embedding.adapters.15.bias
Loading all parameter:  u_embedding.adapters.16.weight
Loading all parameter:  u_embedding.adapters.16.bias
Loading all parameter:  u_embedding.adapters.17.weight
Loading all parameter:  u_embedding.adapters.17.bias
Loading all parameter:  u_embedding.adapters.18.weight
Loading all parameter:  u_embedding.adapters.18.bias
Loading all parameter:  u_embedding.adapters.19.weight
Loading all parameter:  u_embedding.adapters.19.bias
Loading all parameter:  u_embedding.adapters.20.weight
Loading all parameter:  u_embedding.adapters.20.bias
Loading all parameter:  u_embedding.adapters.21.weight
Loading all parameter:  u_embedding.adapters.21.bias
Loading all parameter:  u_embedding.adapters.22.weight
Loading all parameter:  u_embedding.adapters.22.bias
Loading all parameter:  u_embedding.adapters.23.weight
Loading all parameter:  u_embedding.adapters.23.bias
Loading all parameter:  u_embedding.adapters.24.weight
Loading all parameter:  u_embedding.adapters.24.bias
Loading all parameter:  u_embedding.adapters.25.weight
Loading all parameter:  u_embedding.adapters.25.bias
Loading all parameter:  u_embedding.adapters.26.weight
Loading all parameter:  u_embedding.adapters.26.bias
Loading all parameter:  u_embedding.adapters.27.weight
Loading all parameter:  u_embedding.adapters.27.bias
Loading all parameter:  u_embedding.adapters.28.weight
Loading all parameter:  u_embedding.adapters.28.bias
Loading all parameter:  u_embedding.adapters.29.weight
Loading all parameter:  u_embedding.adapters.29.bias
Loading all parameter:  u_embedding.adapters.30.weight
Loading all parameter:  u_embedding.adapters.30.bias
Loading all parameter:  u_embedding.adapters.31.weight
Loading all parameter:  u_embedding.adapters.31.bias
Loading all parameter:  u_embedding.adapters.32.weight
Loading all parameter:  u_embedding.adapters.32.bias
Loading all parameter:  u_embedding.adapters.33.weight
Loading all parameter:  u_embedding.adapters.33.bias
Loading all parameter:  u_embedding.adapters.34.weight
Loading all parameter:  u_embedding.adapters.34.bias
Loading all parameter:  u_embedding.adapters.35.weight
Loading all parameter:  u_embedding.adapters.35.bias
Loading all parameter:  u_embedding.adapters.36.weight
Loading all parameter:  u_embedding.adapters.36.bias
Loading all parameter:  u_embedding.adapters.37.weight
Loading all parameter:  u_embedding.adapters.37.bias
Loading all parameter:  u_embedding.adapters.38.weight
Loading all parameter:  u_embedding.adapters.38.bias
Loading all parameter:  u_embedding.adapters.39.weight
Loading all parameter:  u_embedding.adapters.39.bias
Loading all parameter:  u_embedding.adapters.40.weight
Loading all parameter:  u_embedding.adapters.40.bias
Loading all parameter:  u_embedding.adapters.41.weight
Loading all parameter:  u_embedding.adapters.41.bias
Loading all parameter:  u_embedding.adapters.42.weight
Loading all parameter:  u_embedding.adapters.42.bias
Loading all parameter:  u_embedding.adapters.43.weight
Loading all parameter:  u_embedding.adapters.43.bias
Loading all parameter:  u_embedding.adapters.44.weight
Loading all parameter:  u_embedding.adapters.44.bias
Loading all parameter:  u_embedding.adapters.45.weight
Loading all parameter:  u_embedding.adapters.45.bias
Loading all parameter:  u_embedding.adapters.46.weight
Loading all parameter:  u_embedding.adapters.46.bias
Loading all parameter:  u_embedding.adapters.47.weight
Loading all parameter:  u_embedding.adapters.47.bias
Loading all parameter:  u_embedding.adapters.48.weight
Loading all parameter:  u_embedding.adapters.48.bias
Loading all parameter:  u_embedding.adapters.49.weight
Loading all parameter:  u_embedding.adapters.49.bias
Loading all parameter:  u_embedding.adapters.50.weight
Loading all parameter:  u_embedding.adapters.50.bias
Loading all parameter:  u_embedding.adapters.51.weight
Loading all parameter:  u_embedding.adapters.51.bias
Loading all parameter:  u_embedding.adapters.52.weight
Loading all parameter:  u_embedding.adapters.52.bias
Loading all parameter:  u_embedding.adapters.53.weight
Loading all parameter:  u_embedding.adapters.53.bias
Loading all parameter:  u_embedding.adapters.54.weight
Loading all parameter:  u_embedding.adapters.54.bias
Loading all parameter:  u_embedding.adapters.55.weight
Loading all parameter:  u_embedding.adapters.55.bias
Loading all parameter:  u_embedding.adapters.56.weight
Loading all parameter:  u_embedding.adapters.56.bias
Loading all parameter:  u_embedding.adapters.57.weight
Loading all parameter:  u_embedding.adapters.57.bias
Loading all parameter:  u_embedding.adapters.58.weight
Loading all parameter:  u_embedding.adapters.58.bias
Loading all parameter:  u_embedding.adapters.59.weight
Loading all parameter:  u_embedding.adapters.59.bias
Loading all parameter:  u_embedding.adapters.60.weight
Loading all parameter:  u_embedding.adapters.60.bias
Loading all parameter:  u_embedding.adapters.61.weight
Loading all parameter:  u_embedding.adapters.61.bias
Loading all parameter:  u_embedding.adapters.62.weight
Loading all parameter:  u_embedding.adapters.62.bias
Loading all parameter:  u_embedding.adapters.63.weight
Loading all parameter:  u_embedding.adapters.63.bias
Loading all parameter:  u_embedding.adapters.64.weight
Loading all parameter:  u_embedding.adapters.64.bias
Loading all parameter:  u_embedding.adapters.65.weight
Loading all parameter:  u_embedding.adapters.65.bias
Loading all parameter:  u_embedding.adapters.66.weight
Loading all parameter:  u_embedding.adapters.66.bias
Loading all parameter:  u_embedding.adapters.67.weight
Loading all parameter:  u_embedding.adapters.67.bias
Loading all parameter:  u_embedding.adapters.68.weight
Loading all parameter:  u_embedding.adapters.68.bias
Loading all parameter:  u_embedding.adapters.69.weight
Loading all parameter:  u_embedding.adapters.69.bias
Loading all parameter:  u_embedding.adapters.70.weight
Loading all parameter:  u_embedding.adapters.70.bias
Loading all parameter:  u_embedding.adapters.71.weight
Loading all parameter:  u_embedding.adapters.71.bias
Loading all parameter:  u_embedding.adapters.72.weight
Loading all parameter:  u_embedding.adapters.72.bias
Loading all parameter:  u_embedding.adapters.73.weight
Loading all parameter:  u_embedding.adapters.73.bias
Loading all parameter:  u_embedding.adapters.74.weight
Loading all parameter:  u_embedding.adapters.74.bias
Loading all parameter:  u_embedding.adapters.75.weight
Loading all parameter:  u_embedding.adapters.75.bias
Loading all parameter:  u_embedding.adapters.76.weight
Loading all parameter:  u_embedding.adapters.76.bias
Loading all parameter:  u_embedding.adapters.77.weight
Loading all parameter:  u_embedding.adapters.77.bias
Loading all parameter:  u_embedding.adapters.78.weight
Loading all parameter:  u_embedding.adapters.78.bias
Loading all parameter:  u_embedding.adapters.79.weight
Loading all parameter:  u_embedding.adapters.79.bias
Loading all parameter:  u_embedding.adapters.80.weight
Loading all parameter:  u_embedding.adapters.80.bias
Loading all parameter:  u_embedding.adapters.81.weight
Loading all parameter:  u_embedding.adapters.81.bias
Loading all parameter:  u_embedding.adapters.82.weight
Loading all parameter:  u_embedding.adapters.82.bias
Loading all parameter:  u_embedding.adapters.83.weight
Loading all parameter:  u_embedding.adapters.83.bias
Loading all parameter:  u_embedding.adapters.84.weight
Loading all parameter:  u_embedding.adapters.84.bias
Loading all parameter:  u_embedding.adapters.85.weight
Loading all parameter:  u_embedding.adapters.85.bias
Loading all parameter:  u_embedding.adapters.86.weight
Loading all parameter:  u_embedding.adapters.86.bias
Loading all parameter:  u_embedding.adapters.87.weight
Loading all parameter:  u_embedding.adapters.87.bias
Loading all parameter:  u_embedding.adapters.88.weight
Loading all parameter:  u_embedding.adapters.88.bias
Loading all parameter:  u_embedding.adapters.89.weight
Loading all parameter:  u_embedding.adapters.89.bias
Loading all parameter:  u_embedding.adapters.90.weight
Loading all parameter:  u_embedding.adapters.90.bias
Loading all parameter:  u_embedding.adapters.91.weight
Loading all parameter:  u_embedding.adapters.91.bias
Loading all parameter:  u_embedding.adapters.92.weight
Loading all parameter:  u_embedding.adapters.92.bias
Loading all parameter:  u_embedding.adapters.93.weight
Loading all parameter:  u_embedding.adapters.93.bias
Loading all parameter:  u_embedding.adapters.94.weight
Loading all parameter:  u_embedding.adapters.94.bias
Loading all parameter:  u_embedding.adapters.95.weight
Loading all parameter:  u_embedding.adapters.95.bias
Loading all parameter:  u_embedding.adapters.96.weight
Loading all parameter:  u_embedding.adapters.96.bias
Loading all parameter:  u_embedding.adapters.97.weight
Loading all parameter:  u_embedding.adapters.97.bias
Loading all parameter:  u_embedding.adapters.98.weight
Loading all parameter:  u_embedding.adapters.98.bias
Loading all parameter:  u_embedding.adapters.99.weight
Loading all parameter:  u_embedding.adapters.99.bias
Loading all parameter:  u_embedding.adapters.100.weight
Loading all parameter:  u_embedding.adapters.100.bias
Loading all parameter:  u_embedding.adapters.101.weight
Loading all parameter:  u_embedding.adapters.101.bias
Loading all parameter:  u_embedding.adapters.102.weight
Loading all parameter:  u_embedding.adapters.102.bias
Loading all parameter:  u_embedding.adapters.103.weight
Loading all parameter:  u_embedding.adapters.103.bias
Loading all parameter:  u_embedding.adapters.104.weight
Loading all parameter:  u_embedding.adapters.104.bias
Loading all parameter:  u_embedding.adapters.105.weight
Loading all parameter:  u_embedding.adapters.105.bias
Loading all parameter:  u_embedding.adapters.106.weight
Loading all parameter:  u_embedding.adapters.106.bias
Loading all parameter:  u_embedding.adapters.107.weight
Loading all parameter:  u_embedding.adapters.107.bias
Loading all parameter:  u_embedding.adapters.108.weight
Loading all parameter:  u_embedding.adapters.108.bias
Loading all parameter:  u_embedding.adapters.109.weight
Loading all parameter:  u_embedding.adapters.109.bias
Loading all parameter:  u_embedding.adapters.110.weight
Loading all parameter:  u_embedding.adapters.110.bias
Loading all parameter:  u_embedding.adapters.111.weight
Loading all parameter:  u_embedding.adapters.111.bias
Loading all parameter:  u_embedding.adapters.112.weight
Loading all parameter:  u_embedding.adapters.112.bias
Loading all parameter:  u_embedding.adapters.113.weight
Loading all parameter:  u_embedding.adapters.113.bias
Loading all parameter:  u_embedding.adapters.114.weight
Loading all parameter:  u_embedding.adapters.114.bias
Loading all parameter:  u_embedding.adapters.115.weight
Loading all parameter:  u_embedding.adapters.115.bias
Loading all parameter:  u_embedding.adapters.116.weight
Loading all parameter:  u_embedding.adapters.116.bias
Loading all parameter:  u_embedding.adapters.117.weight
Loading all parameter:  u_embedding.adapters.117.bias
Loading all parameter:  u_embedding.adapters.118.weight
Loading all parameter:  u_embedding.adapters.118.bias
Loading all parameter:  u_embedding.adapters.119.weight
Loading all parameter:  u_embedding.adapters.119.bias
Loading all parameter:  u_embedding.adapters.120.weight
Loading all parameter:  u_embedding.adapters.120.bias
Loading all parameter:  u_embedding.adapters.121.weight
Loading all parameter:  u_embedding.adapters.121.bias
Loading all parameter:  u_embedding.adapters.122.weight
Loading all parameter:  u_embedding.adapters.122.bias
Loading all parameter:  u_embedding.adapters.123.weight
Loading all parameter:  u_embedding.adapters.123.bias
Loading all parameter:  u_embedding.adapters.124.weight
Loading all parameter:  u_embedding.adapters.124.bias
Loading all parameter:  u_embedding.adapters.125.weight
Loading all parameter:  u_embedding.adapters.125.bias
Loading all parameter:  u_embedding.adapters.126.weight
Loading all parameter:  u_embedding.adapters.126.bias
Loading all parameter:  u_embedding.adapters.127.weight
Loading all parameter:  u_embedding.adapters.127.bias
Loading all parameter:  zs_embedding.0.weight
Loading all parameter:  zs_embedding.0.bias
Loading all parameter:  reid_projector.weight
Loading parameter:  reid_projector.weight
Loading all parameter:  bottlenect.weight
Loading all parameter:  bottlenect.bias
Loading all parameter:  bottlenect.running_mean
Loading all parameter:  bottlenect.running_var
Loading all parameter:  bottlenect.num_batches_tracked
Loading all parameter:  i2t_projector.weight
Loading all parameter:  i2t_projector.bias
orginal best rank1 = 0
=> Copy the checkpoint to the output folder
=> Start evaluation on Novel data without finetuning
=> Test CLASSIFICATION performance
==========Test with latent_z: z_c =========
Extracted features for query set, obtained torch.Size([2914, 128]) matrix
Extracted features for gallery set, obtained torch.Size([2634, 128]) matrix
Extracted features for validation set, obtained torch.Size([5548, 128]) matrix
Extracting features complete in 0m 4s
Using 0m 4s
Val Classifier results ---------------------------------------------------
Total acc: 9.6%
Test Classifier results ---------------------------------------------------
Query acc: 8.4% Gallery acc: 10.9% Total acc: 9.6%
=> Start training
Epoch:1 Time:12.9 Data:0.0 Loss:5.1107 Cls Loss:1.6134 Pair Loss:0.0000 Center Loss:1431.6657 KL Loss:5.0886 Recon Loss:0.0221 Acc:0.2060 
=> Current learning rate: 0.000200
Epoch:2 Time:9.8 Data:0.0 Loss:2.1361 Cls Loss:1.6120 Pair Loss:0.0000 Center Loss:1435.2509 KL Loss:2.1140 Recon Loss:0.0220 Acc:0.2120 
=> Current learning rate: 0.000400
Epoch:3 Time:11.1 Data:0.0 Loss:2.2950 Cls Loss:1.6171 Pair Loss:0.0000 Center Loss:1433.8836 KL Loss:2.2727 Recon Loss:0.0223 Acc:0.2140 
=> Current learning rate: 0.000600
Epoch:4 Time:10.2 Data:0.0 Loss:1.8632 Cls Loss:1.6147 Pair Loss:0.0000 Center Loss:1436.9221 KL Loss:1.8411 Recon Loss:0.0221 Acc:0.2020 
=> Current learning rate: 0.000800
Epoch:5 Time:10.3 Data:0.0 Loss:1.8976 Cls Loss:1.6236 Pair Loss:0.0000 Center Loss:1440.6178 KL Loss:1.8754 Recon Loss:0.0222 Acc:0.1740 
=> Test at epoch 5
==========Test with latent_z: z_c =========
Extracted features for query set, obtained torch.Size([2914, 128]) matrix
Extracted features for gallery set, obtained torch.Size([2634, 128]) matrix
Extracted features for validation set, obtained torch.Size([5548, 128]) matrix
Extracting features complete in 0m 4s
Using 0m 4s
Val Classifier results ---------------------------------------------------
Total acc: 19.1%
Test Classifier results ---------------------------------------------------
Query acc: 20.2% Gallery acc: 17.8% Total acc: 19.1%
=> Current learning rate: 0.001000
Epoch:6 Time:11.2 Data:0.0 Loss:1.3026 Cls Loss:1.6056 Pair Loss:0.0000 Center Loss:1446.9567 KL Loss:1.2803 Recon Loss:0.0223 Acc:0.2040 
=> Current learning rate: 0.001000
Epoch:7 Time:11.2 Data:0.0 Loss:1.3288 Cls Loss:1.6174 Pair Loss:0.0000 Center Loss:1447.3150 KL Loss:1.3067 Recon Loss:0.0221 Acc:0.2140 
=> Current learning rate: 0.001000
Epoch:8 Time:10.3 Data:0.0 Loss:1.3968 Cls Loss:1.6268 Pair Loss:0.0000 Center Loss:1452.2730 KL Loss:1.3747 Recon Loss:0.0221 Acc:0.1780 
=> Current learning rate: 0.001000
Epoch:9 Time:10.8 Data:0.0 Loss:1.2492 Cls Loss:1.6106 Pair Loss:0.0000 Center Loss:1446.3950 KL Loss:1.2270 Recon Loss:0.0222 Acc:0.2160 
=> Current learning rate: 0.001000
Epoch:10 Time:10.7 Data:0.0 Loss:1.1462 Cls Loss:1.6195 Pair Loss:0.0000 Center Loss:1447.6413 KL Loss:1.1242 Recon Loss:0.0220 Acc:0.2000 
Jump TSNE
=> Test at epoch 10
==========Test with latent_z: z_c =========
Extracted features for query set, obtained torch.Size([2914, 128]) matrix
Extracted features for gallery set, obtained torch.Size([2634, 128]) matrix
Extracted features for validation set, obtained torch.Size([5548, 128]) matrix
Extracting features complete in 0m 3s
Using 0m 3s
Val Classifier results ---------------------------------------------------
Total acc: 18.3%
Test Classifier results ---------------------------------------------------
Query acc: 19.7% Gallery acc: 16.8% Total acc: 18.3%
=> Current learning rate: 0.001000
Epoch:11 Time:11.1 Data:0.0 Loss:1.3467 Cls Loss:1.6140 Pair Loss:0.0000 Center Loss:1447.7281 KL Loss:1.3246 Recon Loss:0.0221 Acc:0.1800 
=> Current learning rate: 0.001000
Epoch:12 Time:11.8 Data:0.0 Loss:1.3451 Cls Loss:1.6236 Pair Loss:0.0000 Center Loss:1446.9689 KL Loss:1.3230 Recon Loss:0.0221 Acc:0.1660 
=> Current learning rate: 0.001000
Epoch:13 Time:11.2 Data:0.0 Loss:1.5921 Cls Loss:1.6238 Pair Loss:0.0000 Center Loss:1451.7361 KL Loss:1.5700 Recon Loss:0.0220 Acc:0.1820 
=> Current learning rate: 0.001000
Epoch:14 Time:11.1 Data:0.0 Loss:1.6536 Cls Loss:1.6204 Pair Loss:0.0000 Center Loss:1445.2283 KL Loss:1.6315 Recon Loss:0.0221 Acc:0.1980 
=> Current learning rate: 0.001000
Epoch:15 Time:9.8 Data:0.0 Loss:1.5342 Cls Loss:1.6247 Pair Loss:0.0000 Center Loss:1450.3729 KL Loss:1.5122 Recon Loss:0.0221 Acc:0.1700 
=> Test at epoch 15
==========Test with latent_z: z_c =========
Extracted features for query set, obtained torch.Size([2914, 128]) matrix
Extracted features for gallery set, obtained torch.Size([2634, 128]) matrix
Extracted features for validation set, obtained torch.Size([5548, 128]) matrix
Extracting features complete in 0m 4s
Using 0m 4s
Val Classifier results ---------------------------------------------------
Total acc: 18.3%
Test Classifier results ---------------------------------------------------
Query acc: 19.6% Gallery acc: 16.9% Total acc: 18.3%
=> Current learning rate: 0.001000
Epoch:16 Time:10.5 Data:0.0 Loss:1.3526 Cls Loss:1.6237 Pair Loss:0.0000 Center Loss:1447.8142 KL Loss:1.3305 Recon Loss:0.0220 Acc:0.2000 
=> Current learning rate: 0.001000
Epoch:17 Time:11.1 Data:0.0 Loss:1.6350 Cls Loss:1.6186 Pair Loss:0.0000 Center Loss:1447.6049 KL Loss:1.6130 Recon Loss:0.0221 Acc:0.1780 
=> Current learning rate: 0.001000
Epoch:18 Time:11.8 Data:0.0 Loss:1.5175 Cls Loss:1.6200 Pair Loss:0.0000 Center Loss:1447.2543 KL Loss:1.4954 Recon Loss:0.0221 Acc:0.2180 
=> Current learning rate: 0.001000
Epoch:19 Time:10.5 Data:0.0 Loss:1.6959 Cls Loss:1.6126 Pair Loss:0.0000 Center Loss:1447.3121 KL Loss:1.6737 Recon Loss:0.0222 Acc:0.2100 
=> Current learning rate: 0.001000
Epoch:20 Time:11.0 Data:0.0 Loss:1.7445 Cls Loss:1.6191 Pair Loss:0.0000 Center Loss:1447.5513 KL Loss:1.7223 Recon Loss:0.0222 Acc:0.2060 
Jump TSNE
=> Test at epoch 20
==========Test with latent_z: z_c =========
Extracted features for query set, obtained torch.Size([2914, 128]) matrix
Extracted features for gallery set, obtained torch.Size([2634, 128]) matrix
Extracted features for validation set, obtained torch.Size([5548, 128]) matrix
Extracting features complete in 0m 4s
Using 0m 4s
Val Classifier results ---------------------------------------------------
Total acc: 19.1%
Test Classifier results ---------------------------------------------------
Query acc: 20.3% Gallery acc: 17.7% Total acc: 19.1%
=> Current learning rate: 0.001000
Epoch:21 Time:10.0 Data:0.0 Loss:1.5599 Cls Loss:1.6156 Pair Loss:0.0000 Center Loss:1443.9799 KL Loss:1.5379 Recon Loss:0.0220 Acc:0.2000 
=> Current learning rate: 0.001000
Epoch:22 Time:10.9 Data:0.0 Loss:1.4759 Cls Loss:1.6159 Pair Loss:0.0000 Center Loss:1445.7489 KL Loss:1.4537 Recon Loss:0.0223 Acc:0.1840 
=> Current learning rate: 0.001000
Epoch:23 Time:10.7 Data:0.0 Loss:1.7156 Cls Loss:1.6206 Pair Loss:0.0000 Center Loss:1447.2969 KL Loss:1.6936 Recon Loss:0.0220 Acc:0.1940 
=> Current learning rate: 0.001000
Epoch:24 Time:10.4 Data:0.0 Loss:1.5219 Cls Loss:1.6101 Pair Loss:0.0000 Center Loss:1446.1582 KL Loss:1.4998 Recon Loss:0.0221 Acc:0.1880 
=> Current learning rate: 0.001000
Epoch:25 Time:11.3 Data:0.0 Loss:1.4921 Cls Loss:1.6203 Pair Loss:0.0000 Center Loss:1444.9690 KL Loss:1.4699 Recon Loss:0.0222 Acc:0.1920 
=> Test at epoch 25
==========Test with latent_z: z_c =========
Extracted features for query set, obtained torch.Size([2914, 128]) matrix
Extracted features for gallery set, obtained torch.Size([2634, 128]) matrix
Extracted features for validation set, obtained torch.Size([5548, 128]) matrix
Extracting features complete in 0m 4s
Using 0m 4s
Val Classifier results ---------------------------------------------------
Total acc: 18.0%
Test Classifier results ---------------------------------------------------
Query acc: 19.3% Gallery acc: 16.6% Total acc: 18.0%
=> Current learning rate: 0.001000
Epoch:26 Time:9.8 Data:0.0 Loss:1.4381 Cls Loss:1.6184 Pair Loss:0.0000 Center Loss:1449.7657 KL Loss:1.4159 Recon Loss:0.0222 Acc:0.1800 
=> Current learning rate: 0.001000
Epoch:27 Time:10.6 Data:0.0 Loss:1.6420 Cls Loss:1.6109 Pair Loss:0.0000 Center Loss:1450.5069 KL Loss:1.6200 Recon Loss:0.0220 Acc:0.2180 
=> Current learning rate: 0.001000
Epoch:28 Time:11.2 Data:0.0 Loss:1.3477 Cls Loss:1.6154 Pair Loss:0.0000 Center Loss:1450.2511 KL Loss:1.3256 Recon Loss:0.0222 Acc:0.2040 
=> Current learning rate: 0.001000
Epoch:29 Time:10.5 Data:0.0 Loss:1.2811 Cls Loss:1.6202 Pair Loss:0.0000 Center Loss:1446.8428 KL Loss:1.2591 Recon Loss:0.0220 Acc:0.1800 
=> Current learning rate: 0.001000
Epoch:30 Time:10.5 Data:0.0 Loss:1.2465 Cls Loss:1.6226 Pair Loss:0.0000 Center Loss:1447.2399 KL Loss:1.2244 Recon Loss:0.0221 Acc:0.1620 
Jump TSNE
=> Test at epoch 30
==========Test with latent_z: z_c =========
Extracted features for query set, obtained torch.Size([2914, 128]) matrix
Extracted features for gallery set, obtained torch.Size([2634, 128]) matrix
Extracted features for validation set, obtained torch.Size([5548, 128]) matrix
Extracting features complete in 0m 4s
Using 0m 4s
Val Classifier results ---------------------------------------------------
Total acc: 18.4%
Test Classifier results ---------------------------------------------------
Query acc: 19.5% Gallery acc: 17.2% Total acc: 18.4%
=> Current learning rate: 0.001000
Epoch:31 Time:10.1 Data:0.0 Loss:1.3315 Cls Loss:1.6151 Pair Loss:0.0000 Center Loss:1450.8236 KL Loss:1.3093 Recon Loss:0.0222 Acc:0.2160 
=> Current learning rate: 0.000100
Epoch:32 Time:11.9 Data:0.0 Loss:1.2314 Cls Loss:1.6214 Pair Loss:0.0000 Center Loss:1450.6714 KL Loss:1.2095 Recon Loss:0.0219 Acc:0.1840 
=> Current learning rate: 0.000100
Epoch:33 Time:10.7 Data:0.0 Loss:1.1117 Cls Loss:1.6185 Pair Loss:0.0000 Center Loss:1447.2941 KL Loss:1.0895 Recon Loss:0.0222 Acc:0.1880 
=> Current learning rate: 0.000100
Epoch:34 Time:10.2 Data:0.0 Loss:1.1939 Cls Loss:1.6187 Pair Loss:0.0000 Center Loss:1446.3836 KL Loss:1.1718 Recon Loss:0.0221 Acc:0.1920 
=> Current learning rate: 0.000100
Epoch:35 Time:11.5 Data:0.0 Loss:1.3959 Cls Loss:1.6157 Pair Loss:0.0000 Center Loss:1447.8880 KL Loss:1.3741 Recon Loss:0.0219 Acc:0.1940 
=> Test at epoch 35
==========Test with latent_z: z_c =========
Extracted features for query set, obtained torch.Size([2914, 128]) matrix
Extracted features for gallery set, obtained torch.Size([2634, 128]) matrix
Extracted features for validation set, obtained torch.Size([5548, 128]) matrix
Extracting features complete in 0m 3s
Using 0m 3s
Val Classifier results ---------------------------------------------------
Total acc: 18.3%
Test Classifier results ---------------------------------------------------
Query acc: 19.4% Gallery acc: 17.2% Total acc: 18.3%
=> Current learning rate: 0.000100
Epoch:36 Time:10.9 Data:0.0 Loss:1.1375 Cls Loss:1.6185 Pair Loss:0.0000 Center Loss:1447.0609 KL Loss:1.1152 Recon Loss:0.0223 Acc:0.1980 
=> Current learning rate: 0.000100
Epoch:37 Time:10.6 Data:0.0 Loss:1.2877 Cls Loss:1.6278 Pair Loss:0.0000 Center Loss:1449.0713 KL Loss:1.2656 Recon Loss:0.0221 Acc:0.1660 
=> Current learning rate: 0.000100
Epoch:38 Time:10.7 Data:0.0 Loss:1.2149 Cls Loss:1.6155 Pair Loss:0.0000 Center Loss:1449.8142 KL Loss:1.1927 Recon Loss:0.0221 Acc:0.1980 
=> Current learning rate: 0.000100
Epoch:39 Time:10.3 Data:0.0 Loss:1.2873 Cls Loss:1.6196 Pair Loss:0.0000 Center Loss:1448.2443 KL Loss:1.2650 Recon Loss:0.0222 Acc:0.1820 
=> Current learning rate: 0.000100
Epoch:40 Time:8.8 Data:0.0 Loss:1.0523 Cls Loss:1.6182 Pair Loss:0.0000 Center Loss:1451.2262 KL Loss:1.0304 Recon Loss:0.0219 Acc:0.2080 
Jump TSNE
=> Test at epoch 40
==========Test with latent_z: z_c =========
Extracted features for query set, obtained torch.Size([2914, 128]) matrix
Extracted features for gallery set, obtained torch.Size([2634, 128]) matrix
Extracted features for validation set, obtained torch.Size([5548, 128]) matrix
Extracting features complete in 0m 3s
Using 0m 3s
Val Classifier results ---------------------------------------------------
Total acc: 18.3%
Test Classifier results ---------------------------------------------------
Query acc: 19.4% Gallery acc: 17.2% Total acc: 18.3%
=> Current learning rate: 0.000100
Epoch:41 Time:10.6 Data:0.0 Loss:1.1212 Cls Loss:1.6213 Pair Loss:0.0000 Center Loss:1447.7225 KL Loss:1.0992 Recon Loss:0.0220 Acc:0.1780 
=> Current learning rate: 0.000100
Epoch:42 Time:10.8 Data:0.0 Loss:1.1623 Cls Loss:1.6201 Pair Loss:0.0000 Center Loss:1447.3144 KL Loss:1.1403 Recon Loss:0.0219 Acc:0.1780 
=> Current learning rate: 0.000100
Epoch:43 Time:10.7 Data:0.0 Loss:1.3265 Cls Loss:1.6205 Pair Loss:0.0000 Center Loss:1453.1187 KL Loss:1.3045 Recon Loss:0.0221 Acc:0.1880 
=> Current learning rate: 0.000100
Epoch:44 Time:11.5 Data:0.0 Loss:1.2212 Cls Loss:1.6181 Pair Loss:0.0000 Center Loss:1451.4730 KL Loss:1.1991 Recon Loss:0.0221 Acc:0.2180 
=> Current learning rate: 0.000100
Epoch:45 Time:10.7 Data:0.0 Loss:1.2539 Cls Loss:1.6202 Pair Loss:0.0000 Center Loss:1449.5166 KL Loss:1.2318 Recon Loss:0.0221 Acc:0.1860 
=> Test at epoch 45
==========Test with latent_z: z_c =========
Extracted features for query set, obtained torch.Size([2914, 128]) matrix
Extracted features for gallery set, obtained torch.Size([2634, 128]) matrix
Extracted features for validation set, obtained torch.Size([5548, 128]) matrix
Extracting features complete in 0m 4s
Using 0m 4s
Val Classifier results ---------------------------------------------------
Total acc: 18.4%
Test Classifier results ---------------------------------------------------
Query acc: 19.4% Gallery acc: 17.2% Total acc: 18.4%
=> Current learning rate: 0.000100
Epoch:46 Time:10.6 Data:0.0 Loss:1.1471 Cls Loss:1.6209 Pair Loss:0.0000 Center Loss:1449.1639 KL Loss:1.1250 Recon Loss:0.0220 Acc:0.1800 
=> Current learning rate: 0.000100
Epoch:47 Time:11.0 Data:0.0 Loss:1.2627 Cls Loss:1.6169 Pair Loss:0.0000 Center Loss:1449.4237 KL Loss:1.2406 Recon Loss:0.0221 Acc:0.2120 
=> Current learning rate: 0.000100
Epoch:48 Time:11.7 Data:0.0 Loss:1.0030 Cls Loss:1.6296 Pair Loss:0.0000 Center Loss:1447.5110 KL Loss:0.9809 Recon Loss:0.0220 Acc:0.1680 
=> Current learning rate: 0.000100
Epoch:49 Time:10.4 Data:0.0 Loss:1.2548 Cls Loss:1.6152 Pair Loss:0.0000 Center Loss:1450.1738 KL Loss:1.2327 Recon Loss:0.0221 Acc:0.2140 
=> Current learning rate: 0.000100
Epoch:50 Time:9.9 Data:0.0 Loss:1.1611 Cls Loss:1.6085 Pair Loss:0.0000 Center Loss:1453.0329 KL Loss:1.1389 Recon Loss:0.0223 Acc:0.2340 
Jump TSNE
=> Test at epoch 50
==========Test with latent_z: z_c =========
Extracted features for query set, obtained torch.Size([2914, 128]) matrix
Extracted features for gallery set, obtained torch.Size([2634, 128]) matrix
Extracted features for validation set, obtained torch.Size([5548, 128]) matrix
Extracting features complete in 0m 3s
Using 0m 3s
Val Classifier results ---------------------------------------------------
Total acc: 18.4%
Test Classifier results ---------------------------------------------------
Query acc: 19.4% Gallery acc: 17.2% Total acc: 18.4%
=> Current learning rate: 0.000100
Epoch:51 Time:11.2 Data:0.0 Loss:1.0691 Cls Loss:1.6144 Pair Loss:0.0000 Center Loss:1450.0392 KL Loss:1.0470 Recon Loss:0.0221 Acc:0.1980 
=> Current learning rate: 0.000100
Epoch:52 Time:10.4 Data:0.0 Loss:1.2438 Cls Loss:1.6146 Pair Loss:0.0000 Center Loss:1451.1082 KL Loss:1.2216 Recon Loss:0.0222 Acc:0.2140 
=> Current learning rate: 0.000100
Epoch:53 Time:11.2 Data:0.0 Loss:1.1206 Cls Loss:1.6118 Pair Loss:0.0000 Center Loss:1451.0165 KL Loss:1.0987 Recon Loss:0.0219 Acc:0.1980 
=> Current learning rate: 0.000100
Epoch:54 Time:11.6 Data:0.0 Loss:1.1943 Cls Loss:1.6222 Pair Loss:0.0000 Center Loss:1451.6014 KL Loss:1.1722 Recon Loss:0.0222 Acc:0.2100 
=> Current learning rate: 0.000100
Epoch:55 Time:10.4 Data:0.0 Loss:1.1241 Cls Loss:1.6193 Pair Loss:0.0000 Center Loss:1448.8139 KL Loss:1.1021 Recon Loss:0.0220 Acc:0.1980 
=> Test at epoch 55
==========Test with latent_z: z_c =========
Extracted features for query set, obtained torch.Size([2914, 128]) matrix
Extracted features for gallery set, obtained torch.Size([2634, 128]) matrix
Extracted features for validation set, obtained torch.Size([5548, 128]) matrix
Extracting features complete in 0m 4s
Using 0m 4s
Val Classifier results ---------------------------------------------------
Total acc: 18.3%
Test Classifier results ---------------------------------------------------
Query acc: 19.4% Gallery acc: 17.2% Total acc: 18.3%
=> Current learning rate: 0.000100
Epoch:56 Time:10.3 Data:0.0 Loss:1.2042 Cls Loss:1.6149 Pair Loss:0.0000 Center Loss:1447.3596 KL Loss:1.1822 Recon Loss:0.0219 Acc:0.2000 
=> Current learning rate: 0.000100
Epoch:57 Time:11.1 Data:0.0 Loss:1.1922 Cls Loss:1.6136 Pair Loss:0.0000 Center Loss:1450.6235 KL Loss:1.1704 Recon Loss:0.0218 Acc:0.1880 
=> Current learning rate: 0.000100
Epoch:58 Time:9.8 Data:0.0 Loss:1.2134 Cls Loss:1.6234 Pair Loss:0.0000 Center Loss:1448.7811 KL Loss:1.1914 Recon Loss:0.0220 Acc:0.1840 
=> Current learning rate: 0.000100
Epoch:59 Time:10.7 Data:0.0 Loss:1.1514 Cls Loss:1.6226 Pair Loss:0.0000 Center Loss:1448.6962 KL Loss:1.1292 Recon Loss:0.0222 Acc:0.1880 
=> Current learning rate: 0.000100
/home/zhengwei/yzwT2V/lib/python3.9/site-packages/numpy/lib/function_base.py:2897: RuntimeWarning: invalid value encountered in divide
  c /= stddev[:, None]
/home/zhengwei/yzwT2V/lib/python3.9/site-packages/numpy/lib/function_base.py:2898: RuntimeWarning: invalid value encountered in divide
  c /= stddev[None, :]
Epoch:60 Time:60.1 Data:0.0 Loss:1.1811 Cls Loss:1.6135 Pair Loss:0.0000 Center Loss:1450.6074 KL Loss:1.1591 Recon Loss:0.0220 Acc:0.2040 
Jump TSNE
=> Test at epoch 60
==========Test with latent_z: z_c =========
Extracted features for query set, obtained torch.Size([2914, 128]) matrix
Extracted features for gallery set, obtained torch.Size([2634, 128]) matrix
Extracted features for validation set, obtained torch.Size([5548, 128]) matrix
Extracting features complete in 0m 3s
Using 0m 3s
Val Classifier results ---------------------------------------------------
Total acc: 18.3%
Test Classifier results ---------------------------------------------------
Query acc: 19.4% Gallery acc: 17.2% Total acc: 18.3%
Keep checkpoint file: checkpoint_ep60.pth.tar
=> Current learning rate: 0.000100
=> Best Val Acc 19.1% at epoch 5: 
 Test Acc: Query 20.2%, Gallery 17.8%, Total 19.1%
Finished. Total elapsed time (h:m:s): 0:12:35. Training time (h:m:s): 0:11:48.
