=> merge config from ./configs/sketchy_categray/clipreid_cvae_kl_novel.yaml
=> Configurations:
-------------------------
AMP: True
AUG:
  RC_PROB: 0.5
  RE_PROB: 0.5
DATA:
  CUHK03_CLASSIC_SPLIT: False
  CUHK03_LABELED: False
  DATASET: sketchy
  FORMAT_TAG: tensor
  HEIGHT: 256
  NUM_INSTANCES: 4
  NUM_WORKERS: 4
  ROOT: /home/zhengwei/my_data/datasets
  SPLIT_ID: 0
  TEST_BATCH: 512
  TRAIN_BATCH: 64
  TRAIN_FORMAT: novel
  WIDTH: 128
EVAL_MODE: False
FEWSHOT:
  ENABLE: True
  EPISODE: 100
  KSHOT: 1
  NWAY: 5
GPU: 3
LOSS:
  CLA_LOSS: crossentropy
  CLA_M: 0.0
  CLA_S: 16.0
  PAIR_LOSS: triplet
  PAIR_M: 0.3
  PAIR_S: 16.0
  RECON_LOSS: mse
  USE_NCE: False
MODEL:
  CONDITIONAL: False
  FEATURE_DIM: 1280
  FEAT_FUSION: False
  FLOW_TYPE: 
  GAUSSIAN: MultivariateNormal
  HIDDEN_DIM: 256
  LATENT_SIZE: 64
  NAME: CVAE
  ONLY_CVAE_KL: False
  ONLY_X_INPUT: False
  PRETRAIN: CLIPreID_Novel_Sketchy_a5w1s
  PROJECTION_TYPE: None
  RES4_STRIDE: 1
  RESUME: /data/zhengwei/CVAE/outputs/sketchy/clipreid_simplevae_base/novel/2024-09-18/novelSketchy_SimpleVAE_128+64z_1e3_60+120_KLtotalZ_all5w1s_noCLS_forLinear
  STYLE_NUM: 0
  TRAIN_STAGE: reid+cls_stage
  USE_CENTROID: False
  USE_TWO_ENCODER: False
  VAE_TYPE: SinpleVAE
  ZC_DIM: 128
  ZS_DIM: 64
OUTPUT: /data/zhengwei/CVAE/outputs/sketchy/clipreid_simplevae_base/novel/2024-09-18/novelSketchy_SimpleVAE_128+64z_1e4_60+120_KLtotalZ_all5w1s_L1280+bnTuneVersion+CLS_Trip+Center+Ce
SAVED_NAME: novelSketchy_SimpleVAE_128+64z_1e4_60+120_KLtotalZ_all5w1s_L1280+bnTuneVersion+CLS_Trip+Center+Ce
SEED: 0
TAG: clipreid_simplevae_base
TEST:
  DISTANCE: cosine
  EVAL_STEP: 5
  START_EVAL: -1
TRAIN:
  AMP: False
  LR_SCHEDULER:
    DECAY_RATE: 0.1
    NAME: MultiStepLR
    STEPSIZE: [30]
  MAX_EPOCH: 60
  OPTIMIZER:
    LR: 0.001
    NAME: adam
    SGDLR: 0.01
    SGD_MOMENTUM: 0.9
    SGD_WEIGHT_DECAY: 0.0005
    WEIGHT_DECAY: 0.0001
  START_EPOCH: 0
----------------------
Initializing dataset sketchy
=> Sketchy dataset loaded
Dataset statistics:
  ----------------------------------------
  subset   | # ids | # images | # cameras
  ----------------------------------------
  train    |    61 |      122 |         1
  query    |    61 |    36636 |         1
  gallery  |    61 |    34245 |         1
  val      |    61 |    70881 |         1
  ----------------------------------------
Initializing SinpleVAE model
============Warning! No projection layer is used in Training!=================
============Warning! Using Defalt Linear 1280 to intialize!=================
Model size: 13.27827M
Using Linear classifier
Initialized classifier with feature_dim: 1280, num_classes: 61
Classifier size: 0.07808M
reid_projector.weight is tuneable
bottlenect.weight is tuneable
bottlenect.bias is tuneable
i2t_projector.weight is tuneable
i2t_projector.bias is tuneable
=> Start Training ReID projector and Classifier
Loading checkpoint from '/data/zhengwei/CVAE/outputs/sketchy/clipreid_simplevae_base/novel/2024-09-18/novelSketchy_SimpleVAE_128+64z_1e3_60+120_KLtotalZ_all5w1s_noCLS_forLinear/best_model.pth.tar'
Loading all parameter:  encoder.0.weight
Loading all parameter:  encoder.0.bias
Loading all parameter:  encoder.1.weight
Loading all parameter:  encoder.1.bias
Loading all parameter:  encoder.1.running_mean
Loading all parameter:  encoder.1.running_var
Loading all parameter:  encoder.1.num_batches_tracked
Loading all parameter:  fc_mu.0.weight
Loading all parameter:  fc_mu.0.bias
Loading all parameter:  fc_logvar.0.weight
Loading all parameter:  fc_logvar.0.bias
Loading all parameter:  decoder.0.weight
Loading all parameter:  decoder.0.bias
Loading all parameter:  decoder.1.weight
Loading all parameter:  decoder.1.bias
Loading all parameter:  decoder.1.running_mean
Loading all parameter:  decoder.1.running_var
Loading all parameter:  decoder.1.num_batches_tracked
Loading all parameter:  decoder.3.weight
Loading all parameter:  decoder.3.bias
Loading all parameter:  u_embedding.gate.0.weight
Loading all parameter:  u_embedding.gate.0.bias
Loading all parameter:  u_embedding.adapters.0.weight
Loading all parameter:  u_embedding.adapters.0.bias
Loading all parameter:  u_embedding.adapters.1.weight
Loading all parameter:  u_embedding.adapters.1.bias
Loading all parameter:  u_embedding.adapters.2.weight
Loading all parameter:  u_embedding.adapters.2.bias
Loading all parameter:  u_embedding.adapters.3.weight
Loading all parameter:  u_embedding.adapters.3.bias
Loading all parameter:  u_embedding.adapters.4.weight
Loading all parameter:  u_embedding.adapters.4.bias
Loading all parameter:  u_embedding.adapters.5.weight
Loading all parameter:  u_embedding.adapters.5.bias
Loading all parameter:  u_embedding.adapters.6.weight
Loading all parameter:  u_embedding.adapters.6.bias
Loading all parameter:  u_embedding.adapters.7.weight
Loading all parameter:  u_embedding.adapters.7.bias
Loading all parameter:  u_embedding.adapters.8.weight
Loading all parameter:  u_embedding.adapters.8.bias
Loading all parameter:  u_embedding.adapters.9.weight
Loading all parameter:  u_embedding.adapters.9.bias
Loading all parameter:  u_embedding.adapters.10.weight
Loading all parameter:  u_embedding.adapters.10.bias
Loading all parameter:  u_embedding.adapters.11.weight
Loading all parameter:  u_embedding.adapters.11.bias
Loading all parameter:  u_embedding.adapters.12.weight
Loading all parameter:  u_embedding.adapters.12.bias
Loading all parameter:  u_embedding.adapters.13.weight
Loading all parameter:  u_embedding.adapters.13.bias
Loading all parameter:  u_embedding.adapters.14.weight
Loading all parameter:  u_embedding.adapters.14.bias
Loading all parameter:  u_embedding.adapters.15.weight
Loading all parameter:  u_embedding.adapters.15.bias
Loading all parameter:  u_embedding.adapters.16.weight
Loading all parameter:  u_embedding.adapters.16.bias
Loading all parameter:  u_embedding.adapters.17.weight
Loading all parameter:  u_embedding.adapters.17.bias
Loading all parameter:  u_embedding.adapters.18.weight
Loading all parameter:  u_embedding.adapters.18.bias
Loading all parameter:  u_embedding.adapters.19.weight
Loading all parameter:  u_embedding.adapters.19.bias
Loading all parameter:  u_embedding.adapters.20.weight
Loading all parameter:  u_embedding.adapters.20.bias
Loading all parameter:  u_embedding.adapters.21.weight
Loading all parameter:  u_embedding.adapters.21.bias
Loading all parameter:  u_embedding.adapters.22.weight
Loading all parameter:  u_embedding.adapters.22.bias
Loading all parameter:  u_embedding.adapters.23.weight
Loading all parameter:  u_embedding.adapters.23.bias
Loading all parameter:  u_embedding.adapters.24.weight
Loading all parameter:  u_embedding.adapters.24.bias
Loading all parameter:  u_embedding.adapters.25.weight
Loading all parameter:  u_embedding.adapters.25.bias
Loading all parameter:  u_embedding.adapters.26.weight
Loading all parameter:  u_embedding.adapters.26.bias
Loading all parameter:  u_embedding.adapters.27.weight
Loading all parameter:  u_embedding.adapters.27.bias
Loading all parameter:  u_embedding.adapters.28.weight
Loading all parameter:  u_embedding.adapters.28.bias
Loading all parameter:  u_embedding.adapters.29.weight
Loading all parameter:  u_embedding.adapters.29.bias
Loading all parameter:  u_embedding.adapters.30.weight
Loading all parameter:  u_embedding.adapters.30.bias
Loading all parameter:  u_embedding.adapters.31.weight
Loading all parameter:  u_embedding.adapters.31.bias
Loading all parameter:  u_embedding.adapters.32.weight
Loading all parameter:  u_embedding.adapters.32.bias
Loading all parameter:  u_embedding.adapters.33.weight
Loading all parameter:  u_embedding.adapters.33.bias
Loading all parameter:  u_embedding.adapters.34.weight
Loading all parameter:  u_embedding.adapters.34.bias
Loading all parameter:  u_embedding.adapters.35.weight
Loading all parameter:  u_embedding.adapters.35.bias
Loading all parameter:  u_embedding.adapters.36.weight
Loading all parameter:  u_embedding.adapters.36.bias
Loading all parameter:  u_embedding.adapters.37.weight
Loading all parameter:  u_embedding.adapters.37.bias
Loading all parameter:  u_embedding.adapters.38.weight
Loading all parameter:  u_embedding.adapters.38.bias
Loading all parameter:  u_embedding.adapters.39.weight
Loading all parameter:  u_embedding.adapters.39.bias
Loading all parameter:  u_embedding.adapters.40.weight
Loading all parameter:  u_embedding.adapters.40.bias
Loading all parameter:  u_embedding.adapters.41.weight
Loading all parameter:  u_embedding.adapters.41.bias
Loading all parameter:  u_embedding.adapters.42.weight
Loading all parameter:  u_embedding.adapters.42.bias
Loading all parameter:  u_embedding.adapters.43.weight
Loading all parameter:  u_embedding.adapters.43.bias
Loading all parameter:  u_embedding.adapters.44.weight
Loading all parameter:  u_embedding.adapters.44.bias
Loading all parameter:  u_embedding.adapters.45.weight
Loading all parameter:  u_embedding.adapters.45.bias
Loading all parameter:  u_embedding.adapters.46.weight
Loading all parameter:  u_embedding.adapters.46.bias
Loading all parameter:  u_embedding.adapters.47.weight
Loading all parameter:  u_embedding.adapters.47.bias
Loading all parameter:  u_embedding.adapters.48.weight
Loading all parameter:  u_embedding.adapters.48.bias
Loading all parameter:  u_embedding.adapters.49.weight
Loading all parameter:  u_embedding.adapters.49.bias
Loading all parameter:  u_embedding.adapters.50.weight
Loading all parameter:  u_embedding.adapters.50.bias
Loading all parameter:  u_embedding.adapters.51.weight
Loading all parameter:  u_embedding.adapters.51.bias
Loading all parameter:  u_embedding.adapters.52.weight
Loading all parameter:  u_embedding.adapters.52.bias
Loading all parameter:  u_embedding.adapters.53.weight
Loading all parameter:  u_embedding.adapters.53.bias
Loading all parameter:  u_embedding.adapters.54.weight
Loading all parameter:  u_embedding.adapters.54.bias
Loading all parameter:  u_embedding.adapters.55.weight
Loading all parameter:  u_embedding.adapters.55.bias
Loading all parameter:  u_embedding.adapters.56.weight
Loading all parameter:  u_embedding.adapters.56.bias
Loading all parameter:  u_embedding.adapters.57.weight
Loading all parameter:  u_embedding.adapters.57.bias
Loading all parameter:  u_embedding.adapters.58.weight
Loading all parameter:  u_embedding.adapters.58.bias
Loading all parameter:  u_embedding.adapters.59.weight
Loading all parameter:  u_embedding.adapters.59.bias
Loading all parameter:  u_embedding.adapters.60.weight
Loading all parameter:  u_embedding.adapters.60.bias
Loading all parameter:  u_embedding.adapters.61.weight
Loading all parameter:  u_embedding.adapters.61.bias
Loading all parameter:  u_embedding.adapters.62.weight
Loading all parameter:  u_embedding.adapters.62.bias
Loading all parameter:  u_embedding.adapters.63.weight
Loading all parameter:  u_embedding.adapters.63.bias
Loading all parameter:  u_embedding.adapters.64.weight
Loading all parameter:  u_embedding.adapters.64.bias
Loading all parameter:  u_embedding.adapters.65.weight
Loading all parameter:  u_embedding.adapters.65.bias
Loading all parameter:  u_embedding.adapters.66.weight
Loading all parameter:  u_embedding.adapters.66.bias
Loading all parameter:  u_embedding.adapters.67.weight
Loading all parameter:  u_embedding.adapters.67.bias
Loading all parameter:  u_embedding.adapters.68.weight
Loading all parameter:  u_embedding.adapters.68.bias
Loading all parameter:  u_embedding.adapters.69.weight
Loading all parameter:  u_embedding.adapters.69.bias
Loading all parameter:  u_embedding.adapters.70.weight
Loading all parameter:  u_embedding.adapters.70.bias
Loading all parameter:  u_embedding.adapters.71.weight
Loading all parameter:  u_embedding.adapters.71.bias
Loading all parameter:  u_embedding.adapters.72.weight
Loading all parameter:  u_embedding.adapters.72.bias
Loading all parameter:  u_embedding.adapters.73.weight
Loading all parameter:  u_embedding.adapters.73.bias
Loading all parameter:  u_embedding.adapters.74.weight
Loading all parameter:  u_embedding.adapters.74.bias
Loading all parameter:  u_embedding.adapters.75.weight
Loading all parameter:  u_embedding.adapters.75.bias
Loading all parameter:  u_embedding.adapters.76.weight
Loading all parameter:  u_embedding.adapters.76.bias
Loading all parameter:  u_embedding.adapters.77.weight
Loading all parameter:  u_embedding.adapters.77.bias
Loading all parameter:  u_embedding.adapters.78.weight
Loading all parameter:  u_embedding.adapters.78.bias
Loading all parameter:  u_embedding.adapters.79.weight
Loading all parameter:  u_embedding.adapters.79.bias
Loading all parameter:  u_embedding.adapters.80.weight
Loading all parameter:  u_embedding.adapters.80.bias
Loading all parameter:  u_embedding.adapters.81.weight
Loading all parameter:  u_embedding.adapters.81.bias
Loading all parameter:  u_embedding.adapters.82.weight
Loading all parameter:  u_embedding.adapters.82.bias
Loading all parameter:  u_embedding.adapters.83.weight
Loading all parameter:  u_embedding.adapters.83.bias
Loading all parameter:  u_embedding.adapters.84.weight
Loading all parameter:  u_embedding.adapters.84.bias
Loading all parameter:  u_embedding.adapters.85.weight
Loading all parameter:  u_embedding.adapters.85.bias
Loading all parameter:  u_embedding.adapters.86.weight
Loading all parameter:  u_embedding.adapters.86.bias
Loading all parameter:  u_embedding.adapters.87.weight
Loading all parameter:  u_embedding.adapters.87.bias
Loading all parameter:  u_embedding.adapters.88.weight
Loading all parameter:  u_embedding.adapters.88.bias
Loading all parameter:  u_embedding.adapters.89.weight
Loading all parameter:  u_embedding.adapters.89.bias
Loading all parameter:  u_embedding.adapters.90.weight
Loading all parameter:  u_embedding.adapters.90.bias
Loading all parameter:  u_embedding.adapters.91.weight
Loading all parameter:  u_embedding.adapters.91.bias
Loading all parameter:  u_embedding.adapters.92.weight
Loading all parameter:  u_embedding.adapters.92.bias
Loading all parameter:  u_embedding.adapters.93.weight
Loading all parameter:  u_embedding.adapters.93.bias
Loading all parameter:  u_embedding.adapters.94.weight
Loading all parameter:  u_embedding.adapters.94.bias
Loading all parameter:  u_embedding.adapters.95.weight
Loading all parameter:  u_embedding.adapters.95.bias
Loading all parameter:  u_embedding.adapters.96.weight
Loading all parameter:  u_embedding.adapters.96.bias
Loading all parameter:  u_embedding.adapters.97.weight
Loading all parameter:  u_embedding.adapters.97.bias
Loading all parameter:  u_embedding.adapters.98.weight
Loading all parameter:  u_embedding.adapters.98.bias
Loading all parameter:  u_embedding.adapters.99.weight
Loading all parameter:  u_embedding.adapters.99.bias
Loading all parameter:  u_embedding.adapters.100.weight
Loading all parameter:  u_embedding.adapters.100.bias
Loading all parameter:  u_embedding.adapters.101.weight
Loading all parameter:  u_embedding.adapters.101.bias
Loading all parameter:  u_embedding.adapters.102.weight
Loading all parameter:  u_embedding.adapters.102.bias
Loading all parameter:  u_embedding.adapters.103.weight
Loading all parameter:  u_embedding.adapters.103.bias
Loading all parameter:  u_embedding.adapters.104.weight
Loading all parameter:  u_embedding.adapters.104.bias
Loading all parameter:  u_embedding.adapters.105.weight
Loading all parameter:  u_embedding.adapters.105.bias
Loading all parameter:  u_embedding.adapters.106.weight
Loading all parameter:  u_embedding.adapters.106.bias
Loading all parameter:  u_embedding.adapters.107.weight
Loading all parameter:  u_embedding.adapters.107.bias
Loading all parameter:  u_embedding.adapters.108.weight
Loading all parameter:  u_embedding.adapters.108.bias
Loading all parameter:  u_embedding.adapters.109.weight
Loading all parameter:  u_embedding.adapters.109.bias
Loading all parameter:  u_embedding.adapters.110.weight
Loading all parameter:  u_embedding.adapters.110.bias
Loading all parameter:  u_embedding.adapters.111.weight
Loading all parameter:  u_embedding.adapters.111.bias
Loading all parameter:  u_embedding.adapters.112.weight
Loading all parameter:  u_embedding.adapters.112.bias
Loading all parameter:  u_embedding.adapters.113.weight
Loading all parameter:  u_embedding.adapters.113.bias
Loading all parameter:  u_embedding.adapters.114.weight
Loading all parameter:  u_embedding.adapters.114.bias
Loading all parameter:  u_embedding.adapters.115.weight
Loading all parameter:  u_embedding.adapters.115.bias
Loading all parameter:  u_embedding.adapters.116.weight
Loading all parameter:  u_embedding.adapters.116.bias
Loading all parameter:  u_embedding.adapters.117.weight
Loading all parameter:  u_embedding.adapters.117.bias
Loading all parameter:  u_embedding.adapters.118.weight
Loading all parameter:  u_embedding.adapters.118.bias
Loading all parameter:  u_embedding.adapters.119.weight
Loading all parameter:  u_embedding.adapters.119.bias
Loading all parameter:  u_embedding.adapters.120.weight
Loading all parameter:  u_embedding.adapters.120.bias
Loading all parameter:  u_embedding.adapters.121.weight
Loading all parameter:  u_embedding.adapters.121.bias
Loading all parameter:  u_embedding.adapters.122.weight
Loading all parameter:  u_embedding.adapters.122.bias
Loading all parameter:  u_embedding.adapters.123.weight
Loading all parameter:  u_embedding.adapters.123.bias
Loading all parameter:  u_embedding.adapters.124.weight
Loading all parameter:  u_embedding.adapters.124.bias
Loading all parameter:  u_embedding.adapters.125.weight
Loading all parameter:  u_embedding.adapters.125.bias
Loading all parameter:  u_embedding.adapters.126.weight
Loading all parameter:  u_embedding.adapters.126.bias
Loading all parameter:  u_embedding.adapters.127.weight
Loading all parameter:  u_embedding.adapters.127.bias
Loading all parameter:  zs_embedding.0.weight
Loading all parameter:  zs_embedding.0.bias
Loading all parameter:  reid_projector.weight
Loading parameter:  reid_projector.weight
Loading all parameter:  bottlenect.weight
Loading all parameter:  bottlenect.bias
Loading all parameter:  bottlenect.running_mean
Loading all parameter:  bottlenect.running_var
Loading all parameter:  bottlenect.num_batches_tracked
Loading all parameter:  i2t_projector.weight
Ignores parameter:  i2t_projector.weight
Loading all parameter:  i2t_projector.bias
Ignores parameter:  i2t_projector.bias
orginal best rank1 = 0
=> Start evaluation on Novel data without finetuning
=> Test CLASSIFICATION performance
==========Test with latent_z: z_c =========
Extracted features for query set, obtained torch.Size([36636, 1280]) matrix
Extracted features for gallery set, obtained torch.Size([34245, 1280]) matrix
Extracted features for validation set, obtained torch.Size([70881, 1280]) matrix
Extracting features complete in 0m 43s
Using 0m 43s
Val Classifier results ---------------------------------------------------
Total acc: 2.0%
Test Classifier results ---------------------------------------------------
Query acc: 2.0% Gallery acc: 2.0% Total acc: 2.0%
=> Start training
Epoch:1 Time:6.4 Data:0.0 Loss:419.6979 Cls Loss:3.3308 Pair Loss:0.0232 Center Loss:416.3439 KL Loss:21.4769 Recon Loss:0.0287 Acc:0.4720 
=> Current learning rate: 0.000200
Epoch:2 Time:5.1 Data:0.0 Loss:21.7738 Cls Loss:1.7031 Pair Loss:0.0247 Center Loss:20.0461 KL Loss:21.0498 Recon Loss:0.0286 Acc:0.7200 
=> Current learning rate: 0.000400
Epoch:3 Time:5.9 Data:0.0 Loss:2.3800 Cls Loss:0.5545 Pair Loss:0.0358 Center Loss:1.7897 KL Loss:20.7647 Recon Loss:0.0287 Acc:0.9160 
=> Current learning rate: 0.000600
Epoch:4 Time:5.1 Data:0.0 Loss:0.8271 Cls Loss:0.1825 Pair Loss:0.0428 Center Loss:0.6018 KL Loss:20.1737 Recon Loss:0.0286 Acc:0.9720 
=> Current learning rate: 0.000800
Epoch:5 Time:5.8 Data:0.0 Loss:0.5855 Cls Loss:0.1106 Pair Loss:0.0358 Center Loss:0.4392 KL Loss:19.9752 Recon Loss:0.0289 Acc:0.9800 
=> Test at epoch 5
==========Test with latent_z: z_c =========
Extracted features for query set, obtained torch.Size([36636, 1280]) matrix
Extracted features for gallery set, obtained torch.Size([34245, 1280]) matrix
Extracted features for validation set, obtained torch.Size([70881, 1280]) matrix
Extracting features complete in 0m 44s
Using 0m 44s
Val Classifier results ---------------------------------------------------
Total acc: 57.7%
Test Classifier results ---------------------------------------------------
Query acc: 52.8% Gallery acc: 63.1% Total acc: 57.7%
=> Current learning rate: 0.001000
Epoch:6 Time:5.7 Data:0.0 Loss:0.4510 Cls Loss:0.0682 Pair Loss:0.0367 Center Loss:0.3461 KL Loss:19.1958 Recon Loss:0.0286 Acc:0.9860 
=> Current learning rate: 0.001000
Epoch:7 Time:5.2 Data:0.0 Loss:0.3392 Cls Loss:0.0351 Pair Loss:0.0343 Center Loss:0.2699 KL Loss:19.0031 Recon Loss:0.0288 Acc:0.9940 
=> Current learning rate: 0.001000
Epoch:8 Time:4.7 Data:0.0 Loss:0.2996 Cls Loss:0.0316 Pair Loss:0.0292 Center Loss:0.2389 KL Loss:18.6220 Recon Loss:0.0289 Acc:0.9940 
=> Current learning rate: 0.001000
Epoch:9 Time:4.9 Data:0.0 Loss:0.2342 Cls Loss:0.0198 Pair Loss:0.0243 Center Loss:0.1901 KL Loss:18.0841 Recon Loss:0.0287 Acc:0.9960 
=> Current learning rate: 0.001000
Epoch:10 Time:4.1 Data:0.0 Loss:0.2120 Cls Loss:0.0170 Pair Loss:0.0245 Center Loss:0.1705 KL Loss:17.9048 Recon Loss:0.0287 Acc:0.9960 
=> Test at epoch 10
==========Test with latent_z: z_c =========
Extracted features for query set, obtained torch.Size([36636, 1280]) matrix
Extracted features for gallery set, obtained torch.Size([34245, 1280]) matrix
Extracted features for validation set, obtained torch.Size([70881, 1280]) matrix
Extracting features complete in 0m 36s
Using 0m 36s
Val Classifier results ---------------------------------------------------
Total acc: 55.7%
Test Classifier results ---------------------------------------------------
Query acc: 51.6% Gallery acc: 60.2% Total acc: 55.7%
=> Current learning rate: 0.001000
Epoch:11 Time:3.0 Data:0.0 Loss:0.1706 Cls Loss:0.0096 Pair Loss:0.0188 Center Loss:0.1422 KL Loss:17.3618 Recon Loss:0.0289 Acc:1.0000 
=> Current learning rate: 0.001000
Epoch:12 Time:2.7 Data:0.0 Loss:0.1503 Cls Loss:0.0069 Pair Loss:0.0144 Center Loss:0.1289 KL Loss:16.9372 Recon Loss:0.0287 Acc:1.0000 
=> Current learning rate: 0.001000
Epoch:13 Time:2.7 Data:0.0 Loss:0.1516 Cls Loss:0.0146 Pair Loss:0.0114 Center Loss:0.1256 KL Loss:16.5903 Recon Loss:0.0289 Acc:0.9960 
=> Current learning rate: 0.001000
Epoch:14 Time:2.8 Data:0.0 Loss:0.1330 Cls Loss:0.0074 Pair Loss:0.0075 Center Loss:0.1181 KL Loss:16.2871 Recon Loss:0.0290 Acc:1.0000 
=> Current learning rate: 0.001000
Epoch:15 Time:2.6 Data:0.0 Loss:0.1308 Cls Loss:0.0175 Pair Loss:0.0100 Center Loss:0.1033 KL Loss:15.9044 Recon Loss:0.0286 Acc:0.9960 
=> Test at epoch 15
==========Test with latent_z: z_c =========
Extracted features for query set, obtained torch.Size([36636, 1280]) matrix
Extracted features for gallery set, obtained torch.Size([34245, 1280]) matrix
Extracted features for validation set, obtained torch.Size([70881, 1280]) matrix
Extracting features complete in 0m 29s
Using 0m 29s
Val Classifier results ---------------------------------------------------
Total acc: 54.5%
Test Classifier results ---------------------------------------------------
Query acc: 50.1% Gallery acc: 59.1% Total acc: 54.5%
=> Current learning rate: 0.001000
Epoch:16 Time:2.7 Data:0.0 Loss:0.1291 Cls Loss:0.0159 Pair Loss:0.0073 Center Loss:0.1060 KL Loss:15.4104 Recon Loss:0.0292 Acc:0.9960 
=> Current learning rate: 0.001000
Epoch:17 Time:2.7 Data:0.0 Loss:0.1532 Cls Loss:0.0270 Pair Loss:0.0081 Center Loss:0.1181 KL Loss:14.9949 Recon Loss:0.0291 Acc:0.9940 
=> Current learning rate: 0.001000
Epoch:18 Time:2.7 Data:0.0 Loss:0.0920 Cls Loss:0.0047 Pair Loss:0.0062 Center Loss:0.0811 KL Loss:14.6058 Recon Loss:0.0289 Acc:1.0000 
=> Current learning rate: 0.001000
Epoch:19 Time:2.8 Data:0.0 Loss:0.1002 Cls Loss:0.0076 Pair Loss:0.0051 Center Loss:0.0875 KL Loss:14.0577 Recon Loss:0.0286 Acc:1.0000 
=> Current learning rate: 0.001000
Epoch:20 Time:2.6 Data:0.0 Loss:0.0753 Cls Loss:0.0050 Pair Loss:0.0037 Center Loss:0.0665 KL Loss:13.8084 Recon Loss:0.0287 Acc:1.0000 
=> Test at epoch 20
==========Test with latent_z: z_c =========
Extracted features for query set, obtained torch.Size([36636, 1280]) matrix
Extracted features for gallery set, obtained torch.Size([34245, 1280]) matrix
Extracted features for validation set, obtained torch.Size([70881, 1280]) matrix
Extracting features complete in 0m 29s
Using 0m 29s
Val Classifier results ---------------------------------------------------
Total acc: 54.2%
Test Classifier results ---------------------------------------------------
Query acc: 50.5% Gallery acc: 58.2% Total acc: 54.2%
=> Current learning rate: 0.001000
Epoch:21 Time:2.8 Data:0.0 Loss:0.0984 Cls Loss:0.0058 Pair Loss:0.0048 Center Loss:0.0878 KL Loss:13.3864 Recon Loss:0.0287 Acc:1.0000 
=> Current learning rate: 0.001000
Epoch:22 Time:2.8 Data:0.0 Loss:0.1299 Cls Loss:0.0361 Pair Loss:0.0041 Center Loss:0.0896 KL Loss:12.9773 Recon Loss:0.0292 Acc:0.9940 
=> Current learning rate: 0.001000
Epoch:23 Time:2.6 Data:0.0 Loss:0.0793 Cls Loss:0.0073 Pair Loss:0.0033 Center Loss:0.0687 KL Loss:12.6285 Recon Loss:0.0284 Acc:1.0000 
=> Current learning rate: 0.001000
Epoch:24 Time:2.9 Data:0.0 Loss:0.0669 Cls Loss:0.0042 Pair Loss:0.0030 Center Loss:0.0597 KL Loss:12.1791 Recon Loss:0.0289 Acc:1.0000 
=> Current learning rate: 0.001000
Epoch:25 Time:2.6 Data:0.0 Loss:0.0605 Cls Loss:0.0037 Pair Loss:0.0019 Center Loss:0.0548 KL Loss:11.7724 Recon Loss:0.0286 Acc:1.0000 
=> Test at epoch 25
==========Test with latent_z: z_c =========
Extracted features for query set, obtained torch.Size([36636, 1280]) matrix
Extracted features for gallery set, obtained torch.Size([34245, 1280]) matrix
Extracted features for validation set, obtained torch.Size([70881, 1280]) matrix
Extracting features complete in 0m 29s
Using 0m 29s
Val Classifier results ---------------------------------------------------
Total acc: 53.1%
Test Classifier results ---------------------------------------------------
Query acc: 49.1% Gallery acc: 57.3% Total acc: 53.1%
=> Current learning rate: 0.001000
Epoch:26 Time:2.7 Data:0.0 Loss:0.0569 Cls Loss:0.0042 Pair Loss:0.0019 Center Loss:0.0508 KL Loss:11.2172 Recon Loss:0.0289 Acc:1.0000 
=> Current learning rate: 0.001000
Epoch:27 Time:2.8 Data:0.0 Loss:0.0872 Cls Loss:0.0114 Pair Loss:0.0033 Center Loss:0.0726 KL Loss:10.8058 Recon Loss:0.0288 Acc:0.9980 
=> Current learning rate: 0.001000
Epoch:28 Time:2.6 Data:0.0 Loss:0.1389 Cls Loss:0.0458 Pair Loss:0.0023 Center Loss:0.0907 KL Loss:10.4929 Recon Loss:0.0288 Acc:0.9940 
=> Current learning rate: 0.001000
Epoch:29 Time:2.7 Data:0.0 Loss:0.0999 Cls Loss:0.0063 Pair Loss:0.0026 Center Loss:0.0911 KL Loss:10.1205 Recon Loss:0.0291 Acc:1.0000 
=> Current learning rate: 0.001000
Epoch:30 Time:2.8 Data:0.0 Loss:0.0629 Cls Loss:0.0036 Pair Loss:0.0013 Center Loss:0.0580 KL Loss:9.7248 Recon Loss:0.0289 Acc:1.0000 
=> Test at epoch 30
==========Test with latent_z: z_c =========
Extracted features for query set, obtained torch.Size([36636, 1280]) matrix
Extracted features for gallery set, obtained torch.Size([34245, 1280]) matrix
Extracted features for validation set, obtained torch.Size([70881, 1280]) matrix
Extracting features complete in 0m 29s
Using 0m 29s
Val Classifier results ---------------------------------------------------
Total acc: 53.1%
Test Classifier results ---------------------------------------------------
Query acc: 49.5% Gallery acc: 56.9% Total acc: 53.1%
=> Current learning rate: 0.001000
Epoch:31 Time:2.8 Data:0.0 Loss:0.0270 Cls Loss:0.0025 Pair Loss:0.0014 Center Loss:0.0231 KL Loss:9.4695 Recon Loss:0.0291 Acc:1.0000 
=> Current learning rate: 0.000100
Epoch:32 Time:2.6 Data:0.0 Loss:0.0201 Cls Loss:0.0022 Pair Loss:0.0006 Center Loss:0.0173 KL Loss:9.1656 Recon Loss:0.0284 Acc:1.0000 
=> Current learning rate: 0.000100
Epoch:33 Time:2.7 Data:0.0 Loss:0.0219 Cls Loss:0.0023 Pair Loss:0.0031 Center Loss:0.0165 KL Loss:8.5450 Recon Loss:0.0290 Acc:1.0000 
=> Current learning rate: 0.000100
Epoch:34 Time:2.6 Data:0.0 Loss:0.0184 Cls Loss:0.0025 Pair Loss:0.0002 Center Loss:0.0157 KL Loss:8.3003 Recon Loss:0.0287 Acc:1.0000 
=> Current learning rate: 0.000100
Epoch:35 Time:2.5 Data:0.0 Loss:0.0193 Cls Loss:0.0021 Pair Loss:0.0023 Center Loss:0.0150 KL Loss:7.7872 Recon Loss:0.0291 Acc:1.0000 
=> Test at epoch 35
==========Test with latent_z: z_c =========
Extracted features for query set, obtained torch.Size([36636, 1280]) matrix
Extracted features for gallery set, obtained torch.Size([34245, 1280]) matrix
Extracted features for validation set, obtained torch.Size([70881, 1280]) matrix
Extracting features complete in 0m 28s
Using 0m 28s
Val Classifier results ---------------------------------------------------
Total acc: 53.4%
Test Classifier results ---------------------------------------------------
Query acc: 49.7% Gallery acc: 57.4% Total acc: 53.4%
=> Current learning rate: 0.000100
Epoch:36 Time:3.0 Data:0.0 Loss:0.0203 Cls Loss:0.0032 Pair Loss:0.0016 Center Loss:0.0155 KL Loss:7.3749 Recon Loss:0.0288 Acc:1.0000 
=> Current learning rate: 0.000100
Epoch:37 Time:2.8 Data:0.0 Loss:0.0182 Cls Loss:0.0026 Pair Loss:0.0011 Center Loss:0.0144 KL Loss:7.1848 Recon Loss:0.0282 Acc:1.0000 
=> Current learning rate: 0.000100
Epoch:38 Time:2.7 Data:0.0 Loss:0.0177 Cls Loss:0.0024 Pair Loss:0.0019 Center Loss:0.0133 KL Loss:6.4759 Recon Loss:0.0290 Acc:1.0000 
=> Current learning rate: 0.000100
Epoch:39 Time:2.6 Data:0.0 Loss:0.0188 Cls Loss:0.0026 Pair Loss:0.0023 Center Loss:0.0139 KL Loss:6.2644 Recon Loss:0.0286 Acc:1.0000 
=> Current learning rate: 0.000100
Epoch:40 Time:2.7 Data:0.0 Loss:0.0180 Cls Loss:0.0024 Pair Loss:0.0016 Center Loss:0.0140 KL Loss:5.6825 Recon Loss:0.0291 Acc:1.0000 
=> Test at epoch 40
==========Test with latent_z: z_c =========
Extracted features for query set, obtained torch.Size([36636, 1280]) matrix
Extracted features for gallery set, obtained torch.Size([34245, 1280]) matrix
Extracted features for validation set, obtained torch.Size([70881, 1280]) matrix
Extracting features complete in 0m 29s
Using 0m 29s
Val Classifier results ---------------------------------------------------
Total acc: 53.5%
Test Classifier results ---------------------------------------------------
Query acc: 49.7% Gallery acc: 57.4% Total acc: 53.5%
=> Current learning rate: 0.000100
Epoch:41 Time:2.8 Data:0.0 Loss:0.0160 Cls Loss:0.0025 Pair Loss:0.0000 Center Loss:0.0135 KL Loss:5.4381 Recon Loss:0.0288 Acc:1.0000 
=> Current learning rate: 0.000100
Epoch:42 Time:2.7 Data:0.0 Loss:0.0177 Cls Loss:0.0025 Pair Loss:0.0020 Center Loss:0.0131 KL Loss:4.9738 Recon Loss:0.0288 Acc:1.0000 
=> Current learning rate: 0.000100
Epoch:43 Time:2.8 Data:0.0 Loss:0.0163 Cls Loss:0.0028 Pair Loss:0.0007 Center Loss:0.0129 KL Loss:4.6457 Recon Loss:0.0291 Acc:1.0000 
=> Current learning rate: 0.000100
Epoch:44 Time:2.7 Data:0.0 Loss:0.0159 Cls Loss:0.0028 Pair Loss:0.0006 Center Loss:0.0125 KL Loss:4.3059 Recon Loss:0.0286 Acc:1.0000 
=> Current learning rate: 0.000100
Epoch:45 Time:3.3 Data:0.0 Loss:0.0182 Cls Loss:0.0032 Pair Loss:0.0016 Center Loss:0.0133 KL Loss:3.8658 Recon Loss:0.0291 Acc:1.0000 
=> Test at epoch 45
==========Test with latent_z: z_c =========
Extracted features for query set, obtained torch.Size([36636, 1280]) matrix
Extracted features for gallery set, obtained torch.Size([34245, 1280]) matrix
Extracted features for validation set, obtained torch.Size([70881, 1280]) matrix
Extracting features complete in 0m 29s
Using 0m 29s
Val Classifier results ---------------------------------------------------
Total acc: 53.3%
Test Classifier results ---------------------------------------------------
Query acc: 49.6% Gallery acc: 57.2% Total acc: 53.3%
=> Current learning rate: 0.000100
Epoch:46 Time:2.8 Data:0.0 Loss:0.0185 Cls Loss:0.0032 Pair Loss:0.0018 Center Loss:0.0135 KL Loss:3.2167 Recon Loss:0.0286 Acc:1.0000 
=> Current learning rate: 0.000100
Epoch:47 Time:2.6 Data:0.0 Loss:0.0174 Cls Loss:0.0027 Pair Loss:0.0019 Center Loss:0.0127 KL Loss:3.1413 Recon Loss:0.0287 Acc:1.0000 
=> Current learning rate: 0.000100
Epoch:48 Time:2.7 Data:0.0 Loss:0.0179 Cls Loss:0.0029 Pair Loss:0.0018 Center Loss:0.0133 KL Loss:2.4903 Recon Loss:0.0292 Acc:1.0000 
=> Current learning rate: 0.000100
Epoch:49 Time:2.7 Data:0.0 Loss:0.0177 Cls Loss:0.0028 Pair Loss:0.0021 Center Loss:0.0128 KL Loss:2.0738 Recon Loss:0.0290 Acc:1.0000 
=> Current learning rate: 0.000100
Epoch:50 Time:2.6 Data:0.0 Loss:0.0161 Cls Loss:0.0027 Pair Loss:0.0009 Center Loss:0.0126 KL Loss:1.8606 Recon Loss:0.0292 Acc:1.0000 
=> Test at epoch 50
==========Test with latent_z: z_c =========
Extracted features for query set, obtained torch.Size([36636, 1280]) matrix
Extracted features for gallery set, obtained torch.Size([34245, 1280]) matrix
Extracted features for validation set, obtained torch.Size([70881, 1280]) matrix
Extracting features complete in 0m 29s
Using 0m 29s
Val Classifier results ---------------------------------------------------
Total acc: 53.5%
Test Classifier results ---------------------------------------------------
Query acc: 49.7% Gallery acc: 57.5% Total acc: 53.5%
=> Current learning rate: 0.000100
Epoch:51 Time:2.7 Data:0.0 Loss:0.0171 Cls Loss:0.0029 Pair Loss:0.0010 Center Loss:0.0132 KL Loss:1.6725 Recon Loss:0.0291 Acc:1.0000 
=> Current learning rate: 0.000100
Epoch:52 Time:2.6 Data:0.0 Loss:0.0171 Cls Loss:0.0029 Pair Loss:0.0017 Center Loss:0.0125 KL Loss:1.6638 Recon Loss:0.0287 Acc:1.0000 
=> Current learning rate: 0.000100
Epoch:53 Time:2.7 Data:0.0 Loss:0.0179 Cls Loss:0.0030 Pair Loss:0.0024 Center Loss:0.0126 KL Loss:1.5386 Recon Loss:0.0288 Acc:1.0000 
=> Current learning rate: 0.000100
Epoch:54 Time:2.6 Data:0.0 Loss:0.0166 Cls Loss:0.0030 Pair Loss:0.0012 Center Loss:0.0124 KL Loss:1.5678 Recon Loss:0.0291 Acc:1.0000 
=> Current learning rate: 0.000100
Epoch:55 Time:2.7 Data:0.0 Loss:0.0161 Cls Loss:0.0028 Pair Loss:0.0010 Center Loss:0.0123 KL Loss:1.6764 Recon Loss:0.0288 Acc:1.0000 
=> Test at epoch 55
==========Test with latent_z: z_c =========
Extracted features for query set, obtained torch.Size([36636, 1280]) matrix
Extracted features for gallery set, obtained torch.Size([34245, 1280]) matrix
Extracted features for validation set, obtained torch.Size([70881, 1280]) matrix
Extracting features complete in 0m 29s
Using 0m 29s
Val Classifier results ---------------------------------------------------
Total acc: 53.3%
Test Classifier results ---------------------------------------------------
Query acc: 49.4% Gallery acc: 57.4% Total acc: 53.3%
=> Current learning rate: 0.000100
Epoch:56 Time:3.1 Data:0.0 Loss:0.0157 Cls Loss:0.0029 Pair Loss:0.0014 Center Loss:0.0114 KL Loss:1.6713 Recon Loss:0.0287 Acc:1.0000 
=> Current learning rate: 0.000100
Epoch:57 Time:2.8 Data:0.0 Loss:0.0154 Cls Loss:0.0030 Pair Loss:0.0004 Center Loss:0.0120 KL Loss:1.6217 Recon Loss:0.0291 Acc:1.0000 
=> Current learning rate: 0.000100
Epoch:58 Time:2.9 Data:0.0 Loss:0.0181 Cls Loss:0.0028 Pair Loss:0.0030 Center Loss:0.0123 KL Loss:1.8298 Recon Loss:0.0285 Acc:1.0000 
=> Current learning rate: 0.000100
Epoch:59 Time:2.7 Data:0.0 Loss:0.0167 Cls Loss:0.0032 Pair Loss:0.0013 Center Loss:0.0122 KL Loss:1.6726 Recon Loss:0.0286 Acc:1.0000 
=> Current learning rate: 0.000100
Epoch:60 Time:2.8 Data:0.0 Loss:0.0150 Cls Loss:0.0030 Pair Loss:0.0013 Center Loss:0.0107 KL Loss:1.7150 Recon Loss:0.0283 Acc:1.0000 
=> Test at epoch 60
==========Test with latent_z: z_c =========
Extracted features for query set, obtained torch.Size([36636, 1280]) matrix
Extracted features for gallery set, obtained torch.Size([34245, 1280]) matrix
Extracted features for validation set, obtained torch.Size([70881, 1280]) matrix
Extracting features complete in 0m 29s
Using 0m 29s
Val Classifier results ---------------------------------------------------
Total acc: 52.7%
Test Classifier results ---------------------------------------------------
Query acc: 48.9% Gallery acc: 56.7% Total acc: 52.7%
Keep checkpoint file: checkpoint_ep60.pth.tar
=> Current learning rate: 0.000100
=> Best Val Acc 57.7% at epoch 5: 
 Test Acc: Query 52.8%, Gallery 63.1%, Total 57.7%
Finished. Total elapsed time (h:m:s): 0:09:59. Training time (h:m:s): 0:03:28.
