https://app.neptune.ai/Zhengwei-Lab/NIPSTransferReID/e/NIPS-489
=> merge config from ./configs/clipreid_cvae_kl.yaml
Use only x as input for flow model
Use original kl loss for cvae model
Use centroid as domain embedding
/home/zhengwei/Desktop/Zhengwei/Projects/CVAE/main.py:94: NeptuneUnsupportedType: You're attempting to log a type that is not directly supported by Neptune (<class 'list'>).
        Convert the value to a supported type, such as a string or float, or use stringify_unsupported(obj)
        for dictionaries or collections that contain unsupported values.
        For more, see https://docs.neptune.ai/help/value_of_unsupported_type
  run["parameters"] = param
=> Configurations:
-------------------------
AMP: True
AUG:
  RC_PROB: 0.5
  RE_PROB: 0.5
DATA:
  CUHK03_CLASSIC_SPLIT: False
  CUHK03_LABELED: False
  DATASET: duke
  FORMAT_TAG: tensor
  HEIGHT: 256
  NUM_INSTANCES: 4
  NUM_WORKERS: 4
  ROOT: /home/zhengwei/Desktop/Zhengwei/Projects/datasets
  SPLIT_ID: 0
  TEST_BATCH: 512
  TRAIN_BATCH: 64
  TRAIN_FORMAT: base
  WIDTH: 128
EVAL_MODE: False
GPU: 0
LOSS:
  CLA_LOSS: crossentropy
  CLA_M: 0.0
  CLA_S: 16.0
  PAIR_LOSS: triplet
  PAIR_M: 0.3
  PAIR_S: 16.0
  RECON_LOSS: mse
MODEL:
  CONDITIONAL: False
  FEATURE_DIM: 1280
  FEAT_FUSION: True
  FLOW_TYPE: yuke_mlpflow
  GAUSSIAN: MultivariateNormal
  LATENT_SIZE: 12
  NAME: CVAE
  ONLY_CVAE_KL: True
  ONLY_X_INPUT: True
  PRETRAIN: CLIPreid
  RES4_STRIDE: 1
  RESUME: /home/zhengwei/Desktop/Zhengwei/Projects/CVAE/outputs/duke/clipreid_cvae_ce_trip_cesmooth/2024-04-01/baseline_fp32_l4vaeleakRelu-lre4_12z_yuke_mlpflow_mse
  TRAIN_STAGE: reidstage
  USE_CENTROID: True
  VAE_TYPE: cvae
OUTPUT: /home/zhengwei/Desktop/Zhengwei/Projects/CVAE/outputs/duke/clipreid_cvae_ce_trip_cesmooth/2024-04-01/baseline_fp32_l4vaeleakRelu-lre4_12z_yuke_mlpflow_mse/reid_crossentropy
SAVED_NAME: baseline_fp32_l4vaeleakRelu-lre4_12z
SEED: 0
TAG: clipreid_cvae_ce_trip_cesmooth
TEST:
  DISTANCE: cosine
  EVAL_STEP: 5
  START_EVAL: -1
TRAIN:
  AMP: False
  LR_SCHEDULER:
    DECAY_RATE: 0.1
    NAME: MultiStepLR
    STEPSIZE: [20, 40]
  MAX_EPOCH: 60
  OPTIMIZER:
    LR: 0.0001
    NAME: adam
    WEIGHT_DECAY: 0.0001
  START_EPOCH: 0
----------------------
Initializing dataset duke
Warning: string series 'monitoring/279c489b/stdout' value was longer than 1000 characters and was truncated. This warning is printed only once per series.
Loading cluster results from '/home/zhengwei/Desktop/Zhengwei/Projects/datasets/DukeMTMC-reID/kmeans_results/CLIPreid/train_all_25k_euclidean.pt'
Clustering stastistics: [(0, 984), (1, 911), (2, 811), (3, 960), (4, 799), (5, 813), (6, 562), (7, 133), (8, 227), (9, 675), (10, 1504), (11, 473), (12, 654), (13, 332), (14, 589), (15, 801), (16, 694), (17, 480), (18, 621), (19, 567), (20, 527), (21, 1042), (22, 1102), (23, 88), (24, 173)]
Loading cluster results from '/home/zhengwei/Desktop/Zhengwei/Projects/datasets/DukeMTMC-reID/kmeans_results/CLIPreid/query_25k_euclidean.pt'
Clustering stastistics: [(0, 158), (1, 127), (2, 88), (3, 147), (4, 53), (5, 90), (6, 110), (7, 91), (8, 44), (9, 71), (10, 114), (11, 87), (12, 71), (13, 31), (14, 82), (15, 74), (16, 92), (17, 62), (18, 109), (19, 93), (20, 113), (21, 48), (22, 100), (23, 65), (24, 108)]
Loading cluster results from '/home/zhengwei/Desktop/Zhengwei/Projects/datasets/DukeMTMC-reID/kmeans_results/CLIPreid/gallery_25k_euclidean.pt'
Clustering stastistics: [(0, 854), (1, 463), (2, 629), (3, 835), (4, 599), (5, 803), (6, 822), (7, 1079), (8, 824), (9, 262), (10, 711), (11, 521), (12, 613), (13, 659), (14, 347), (15, 306), (16, 901), (17, 881), (18, 750), (19, 893), (20, 826), (21, 627), (22, 938), (23, 868), (24, 650)]
=> DukeMTMC-reID tensor loaded
Dataset statistics:
  ------------------------------
  subset   | # ids | # images
  ------------------------------
  train    |   702 |    16522
  query    |   702 |     2228
  gallery  |  1110 |    17661
  ------------------------------
  total    |  1404 |    36411
  ------------------------------
Initializing Flow model: yuke_mlpflow
Initializing vae model: cvae
Model size: 1.74467M
=> Start Training REID model
Loading checkpoint from '/home/zhengwei/Desktop/Zhengwei/Projects/CVAE/outputs/duke/clipreid_cvae_ce_trip_cesmooth/2024-04-01/baseline_fp32_l4vaeleakRelu-lre4_12z_yuke_mlpflow_mse.best_model.pth.tar'
orginal best rank1 = 0.7360861759425493
=> Start training
=> centroids.dtype: torch.float32
=> Only CVAE KL
=> Use Multivariate Gaussian As the Prior
image_tensor: tensor([-0.0219, -0.0346,  0.0277,  ...,  0.0021,  0.0164,  0.0044],
       device='cuda:0')
x_proj_norm.shape:torch.Size([64, 12]), tensor([ 0.3872,  0.1850,  0.1695,  0.1575,  0.2349,  0.2243,  0.3037,  0.5786,
         0.3597,  0.2825,  0.1430, -0.0031], device='cuda:0')
domian_feature+Z: tensor([[ 0.0249,  0.0988, -0.0656, -0.0136,  0.0796,  0.1202, -0.1203,  0.0964,
          0.0018,  0.3872],
        [ 0.0249,  0.0988, -0.0656, -0.0136,  0.0796,  0.1202, -0.1203,  0.0964,
          0.0018,  0.1850]], device='cuda:0')
Epoch:1 Time:54.7 Data:0.0 Loss:6.7882 Cls Loss:6.5440 Cls Loss Theta:6.5577 Pair Loss:0.2442 KL Loss:17.5924 KLD Theta:17.5924 Recon Loss:0.0001 Acc:0.0265 Theta Acc:0.0000 
=> centroids.dtype: torch.float32
=> Only CVAE KL
=> Use Multivariate Gaussian As the Prior
image_tensor: tensor([-0.0260, -0.0231,  0.0260,  ...,  0.0219,  0.0047,  0.0010],
       device='cuda:0')
x_proj_norm.shape:torch.Size([64, 12]), tensor([0.1992, 0.3119, 0.1831, 0.2371, 0.2131, 0.2041, 0.3202, 0.3124, 0.2981,
        0.5631, 0.2477, 0.1366], device='cuda:0')
domian_feature+Z: tensor([[ 0.0483,  0.0602, -0.0365, -0.0464,  0.0597,  0.1153, -0.1251,  0.0942,
          0.0048,  0.1992],
        [ 0.0483,  0.0602, -0.0365, -0.0464,  0.0597,  0.1153, -0.1251,  0.0942,
          0.0048,  0.3119]], device='cuda:0')
Epoch:2 Time:37.0 Data:0.0 Loss:6.7522 Cls Loss:6.5082 Cls Loss Theta:6.5673 Pair Loss:0.2439 KL Loss:17.5934 KLD Theta:17.5934 Recon Loss:0.0001 Acc:0.0275 Theta Acc:0.0000 
=> centroids.dtype: torch.float32
=> Only CVAE KL
=> Use Multivariate Gaussian As the Prior
image_tensor: tensor([-0.0332, -0.0240,  0.0215,  ...,  0.0157,  0.0181,  0.0038],
       device='cuda:0')
x_proj_norm.shape:torch.Size([64, 12]), tensor([0.2074, 0.1405, 0.1811, 0.3659, 0.2395, 0.2606, 0.2926, 0.2805, 0.4987,
        0.4076, 0.2535, 0.0406], device='cuda:0')
domian_feature+Z: tensor([[ 0.0461,  0.0551, -0.0505, -0.0862,  0.1494,  0.0968, -0.1614,  0.0891,
         -0.0102,  0.2074],
        [ 0.0461,  0.0551, -0.0505, -0.0862,  0.1494,  0.0968, -0.1614,  0.0891,
         -0.0102,  0.1405]], device='cuda:0')
Epoch:3 Time:37.4 Data:0.0 Loss:6.7234 Cls Loss:6.4788 Cls Loss Theta:6.5772 Pair Loss:0.2445 KL Loss:17.5952 KLD Theta:17.5952 Recon Loss:0.0001 Acc:0.0275 Theta Acc:0.0000 
=> centroids.dtype: torch.float32
=> Only CVAE KL
=> Use Multivariate Gaussian As the Prior
image_tensor: tensor([-0.0231,  0.0052,  0.0313,  ..., -0.0003,  0.0284,  0.0013],
       device='cuda:0')
x_proj_norm.shape:torch.Size([64, 12]), tensor([0.4707, 0.0797, 0.1171, 0.0399, 0.4964, 0.0317, 0.1826, 0.3400, 0.2016,
        0.4493, 0.2436, 0.2415], device='cuda:0')
domian_feature+Z: tensor([[ 0.0977,  0.0966, -0.0137, -0.0698,  0.0405,  0.0682, -0.1408,  0.1125,
         -0.0056,  0.4707],
        [ 0.0977,  0.0966, -0.0137, -0.0698,  0.0405,  0.0682, -0.1408,  0.1125,
         -0.0056,  0.0797]], device='cuda:0')
Epoch:4 Time:36.1 Data:0.0 Loss:6.6945 Cls Loss:6.4504 Cls Loss Theta:6.5880 Pair Loss:0.2440 KL Loss:17.5921 KLD Theta:17.5921 Recon Loss:0.0001 Acc:0.0275 Theta Acc:0.0000 
=> centroids.dtype: torch.float32
=> Only CVAE KL
=> Use Multivariate Gaussian As the Prior
image_tensor: tensor([-0.0324,  0.0061,  0.0155,  ...,  0.0102,  0.0042,  0.0133],
       device='cuda:0')
x_proj_norm.shape:torch.Size([64, 12]), tensor([0.3052, 0.1726, 0.3379, 0.3252, 0.0935, 0.0824, 0.3773, 0.4133, 0.1952,
        0.4817, 0.2381, 0.0361], device='cuda:0')
domian_feature+Z: tensor([[ 0.0483,  0.0602, -0.0365, -0.0464,  0.0597,  0.1153, -0.1251,  0.0942,
          0.0048,  0.3052],
        [ 0.0483,  0.0602, -0.0365, -0.0464,  0.0597,  0.1153, -0.1251,  0.0942,
          0.0048,  0.1726]], device='cuda:0')
Epoch:5 Time:37.7 Data:0.0 Loss:6.6673 Cls Loss:6.4229 Cls Loss Theta:6.5999 Pair Loss:0.2444 KL Loss:17.5950 KLD Theta:17.5950 Recon Loss:0.0001 Acc:0.0275 Theta Acc:0.0000 
=> Test at epoch 5
Extracted features for query set, obtained torch.Size([2228, 702]) matrix
Extracted features for gallery set, obtained torch.Size([17661, 702]) matrix
Extracting features complete in 0m 6s
Distance computing in 0m 0s
Computing CMC and mAP through Classifier
Results ---------------------------------------------------
top1:0.8% top5:2.3% top10:3.1% top20:5.2% mAP:0.9%
-----------------------------------------------------------
Using 0m 2s
=> centroids.dtype: torch.float32
=> Only CVAE KL
=> Use Multivariate Gaussian As the Prior
image_tensor: tensor([-0.0472, -0.0128,  0.0253,  ...,  0.0039,  0.0198, -0.0007],
       device='cuda:0')
x_proj_norm.shape:torch.Size([64, 12]), tensor([ 0.6197,  0.0550, -0.0100,  0.3130,  0.0514,  0.1729,  0.2122,  0.4313,
         0.4258,  0.0548,  0.2557, -0.0332], device='cuda:0')
domian_feature+Z: tensor([[ 0.0146,  0.1122,  0.0082, -0.0093,  0.2006,  0.1010, -0.1417,  0.1013,
         -0.0291,  0.6197],
        [ 0.0146,  0.1122,  0.0082, -0.0093,  0.2006,  0.1010, -0.1417,  0.1013,
         -0.0291,  0.0550]], device='cuda:0')
Epoch:6 Time:34.6 Data:0.0 Loss:6.6411 Cls Loss:6.3963 Cls Loss Theta:6.6127 Pair Loss:0.2447 KL Loss:17.5977 KLD Theta:17.5977 Recon Loss:0.0001 Acc:0.0275 Theta Acc:0.0000 
=> centroids.dtype: torch.float32
=> Only CVAE KL
=> Use Multivariate Gaussian As the Prior
image_tensor: tensor([-0.0481, -0.0090,  0.0196,  ...,  0.0001,  0.0146, -0.0012],
       device='cuda:0')
x_proj_norm.shape:torch.Size([64, 12]), tensor([0.0921, 0.3186, 0.2823, 0.3604, 0.2323, 0.3454, 0.1547, 0.3735, 0.2823,
        0.3155, 0.4049, 0.0181], device='cuda:0')
domian_feature+Z: tensor([[ 0.0232,  0.1053, -0.0930, -0.0565,  0.0646,  0.0721, -0.1225,  0.0645,
          0.0081,  0.0921],
        [ 0.0232,  0.1053, -0.0930, -0.0565,  0.0646,  0.0721, -0.1225,  0.0645,
          0.0081,  0.3186]], device='cuda:0')
Epoch:7 Time:35.9 Data:0.0 Loss:6.6144 Cls Loss:6.3705 Cls Loss Theta:6.6264 Pair Loss:0.2438 KL Loss:17.5922 KLD Theta:17.5922 Recon Loss:0.0001 Acc:0.0275 Theta Acc:0.0000 
=> centroids.dtype: torch.float32
=> Only CVAE KL
=> Use Multivariate Gaussian As the Prior
image_tensor: tensor([-0.0014,  0.0193,  0.0384,  ...,  0.0042,  0.0175,  0.0021],
       device='cuda:0')
x_proj_norm.shape:torch.Size([64, 12]), tensor([0.4533, 0.1138, 0.0040, 0.3089, 0.3353, 0.0710, 0.6656, 0.2520, 0.0841,
        0.1288, 0.1879, 0.0531], device='cuda:0')
domian_feature+Z: tensor([[ 0.1276,  0.0804, -0.0411, -0.0339,  0.0320,  0.1325, -0.1560,  0.1711,
          0.0239,  0.4533],
        [ 0.1276,  0.0804, -0.0411, -0.0339,  0.0320,  0.1325, -0.1560,  0.1711,
          0.0239,  0.1138]], device='cuda:0')
Epoch:8 Time:35.8 Data:0.0 Loss:6.5899 Cls Loss:6.3455 Cls Loss Theta:6.6411 Pair Loss:0.2443 KL Loss:17.5912 KLD Theta:17.5912 Recon Loss:0.0001 Acc:0.0275 Theta Acc:0.0000 
=> centroids.dtype: torch.float32
=> Only CVAE KL
=> Use Multivariate Gaussian As the Prior
image_tensor: tensor([ 0.0119, -0.0149,  0.0068,  ...,  0.0084,  0.0131,  0.0155],
       device='cuda:0')
x_proj_norm.shape:torch.Size([64, 12]), tensor([0.2715, 0.2494, 0.3519, 0.5464, 0.2520, 0.2187, 0.3371, 0.2074, 0.2665,
        0.0335, 0.3182, 0.0069], device='cuda:0')
domian_feature+Z: tensor([[ 0.0618,  0.0299, -0.0939, -0.0582,  0.0723,  0.1485, -0.1288,  0.1970,
         -0.0284,  0.2715],
        [ 0.0618,  0.0299, -0.0939, -0.0582,  0.0723,  0.1485, -0.1288,  0.1970,
         -0.0284,  0.2494]], device='cuda:0')
Epoch:9 Time:37.4 Data:0.0 Loss:6.5664 Cls Loss:6.3211 Cls Loss Theta:6.6566 Pair Loss:0.2452 KL Loss:17.5942 KLD Theta:17.5942 Recon Loss:0.0001 Acc:0.0275 Theta Acc:0.0000 
=> centroids.dtype: torch.float32
=> Only CVAE KL
=> Use Multivariate Gaussian As the Prior
image_tensor: tensor([-0.0247, -0.0211,  0.0126,  ..., -0.0091,  0.0295,  0.0005],
       device='cuda:0')
x_proj_norm.shape:torch.Size([64, 12]), tensor([0.2393, 0.1707, 0.2548, 0.4001, 0.4635, 0.3340, 0.1879, 0.3720, 0.2258,
        0.2503, 0.2480, 0.1148], device='cuda:0')
domian_feature+Z: tensor([[ 0.0278,  0.1197, -0.0800, -0.0585,  0.0757,  0.1153, -0.0963,  0.0684,
          0.0192,  0.2393],
        [ 0.0278,  0.1197, -0.0800, -0.0585,  0.0757,  0.1153, -0.0963,  0.0684,
          0.0192,  0.1707]], device='cuda:0')
Epoch:10 Time:36.3 Data:0.0 Loss:6.5418 Cls Loss:6.2974 Cls Loss Theta:6.6732 Pair Loss:0.2444 KL Loss:17.5956 KLD Theta:17.5956 Recon Loss:0.0001 Acc:0.0275 Theta Acc:0.0000 
=> Test at epoch 10
Extracted features for query set, obtained torch.Size([2228, 702]) matrix
Extracted features for gallery set, obtained torch.Size([17661, 702]) matrix
Extracting features complete in 0m 7s
Distance computing in 0m 0s
Computing CMC and mAP through Classifier
Results ---------------------------------------------------
top1:1.6% top5:3.5% top10:5.2% top20:8.3% mAP:1.6%
-----------------------------------------------------------
Using 0m 2s
=> centroids.dtype: torch.float32
=> Only CVAE KL
=> Use Multivariate Gaussian As the Prior
image_tensor: tensor([ 0.0135, -0.0063,  0.0252,  ..., -0.0021,  0.0068, -0.0004],
       device='cuda:0')
x_proj_norm.shape:torch.Size([64, 12]), tensor([0.1537, 0.4066, 0.3950, 0.3673, 0.2324, 0.3058, 0.2842, 0.3693, 0.0567,
        0.2772, 0.2614, 0.0828], device='cuda:0')
domian_feature+Z: tensor([[ 0.0332,  0.1296, -0.0882, -0.0597,  0.0929,  0.1035, -0.1304,  0.1042,
         -0.0137,  0.1537],
        [ 0.0332,  0.1296, -0.0882, -0.0597,  0.0929,  0.1035, -0.1304,  0.1042,
         -0.0137,  0.4066]], device='cuda:0')
Epoch:11 Time:35.4 Data:0.0 Loss:6.5188 Cls Loss:6.2744 Cls Loss Theta:6.6908 Pair Loss:0.2443 KL Loss:17.5968 KLD Theta:17.5968 Recon Loss:0.0001 Acc:0.0275 Theta Acc:0.0000 
=> centroids.dtype: torch.float32
=> Only CVAE KL
=> Use Multivariate Gaussian As the Prior
image_tensor: tensor([-0.0211, -0.0467,  0.0162,  ...,  0.0101,  0.0107,  0.0097],
       device='cuda:0')
x_proj_norm.shape:torch.Size([64, 12]), tensor([ 0.2326,  0.1636,  0.3256,  0.5480,  0.3191,  0.3746,  0.2836,  0.2424,
        -0.0060,  0.2667,  0.1631,  0.1827], device='cuda:0')
domian_feature+Z: tensor([[ 0.0624,  0.0425, -0.0829, -0.0435,  0.1114,  0.1538, -0.1678,  0.1387,
         -0.0058,  0.2326],
        [ 0.0624,  0.0425, -0.0829, -0.0435,  0.1114,  0.1538, -0.1678,  0.1387,
         -0.0058,  0.1636]], device='cuda:0')
Epoch:12 Time:35.5 Data:0.0 Loss:6.4967 Cls Loss:6.2520 Cls Loss Theta:6.7091 Pair Loss:0.2446 KL Loss:17.5959 KLD Theta:17.5959 Recon Loss:0.0001 Acc:0.0275 Theta Acc:0.0000 
=> centroids.dtype: torch.float32
=> Only CVAE KL
=> Use Multivariate Gaussian As the Prior
