https://app.neptune.ai/Zhengwei-Lab/NIPSTransferReID/e/NIPS-475
=> merge config from ./configs/clipreid_cvae_kl.yaml
Use centroid as domain embedding
/home/zhengwei/Desktop/Zhengwei/Projects/CVAE/main.py:94: NeptuneUnsupportedType: You're attempting to log a type that is not directly supported by Neptune (<class 'list'>).
        Convert the value to a supported type, such as a string or float, or use stringify_unsupported(obj)
        for dictionaries or collections that contain unsupported values.
        For more, see https://docs.neptune.ai/help/value_of_unsupported_type
  run["parameters"] = param
=> Configurations:
-------------------------
AMP: True
AUG:
  RC_PROB: 0.5
  RE_PROB: 0.5
DATA:
  CUHK03_CLASSIC_SPLIT: False
  CUHK03_LABELED: False
  DATASET: duke
  FORMAT_TAG: tensor
  HEIGHT: 256
  NUM_INSTANCES: 4
  NUM_WORKERS: 4
  ROOT: /home/zhengwei/Desktop/Zhengwei/Projects/datasets
  SPLIT_ID: 0
  TEST_BATCH: 512
  TRAIN_BATCH: 64
  TRAIN_FORMAT: base
  WIDTH: 128
EVAL_MODE: False
GPU: 0
LOSS:
  CLA_LOSS: crossentropy
  CLA_M: 0.0
  CLA_S: 16.0
  PAIR_LOSS: triplet
  PAIR_M: 0.3
  PAIR_S: 16.0
  RECON_LOSS: mse
MODEL:
  CONDITIONAL: False
  FEATURE_DIM: 1280
  FEAT_FUSION: True
  FLOW_TYPE: yuke_mlpflow
  GAUSSIAN: Normal
  LATENT_SIZE: 12
  NAME: CVAE
  ONLY_CVAE_KL: False
  ONLY_X_INPUT: False
  PRETRAIN: CLIPreid
  RES4_STRIDE: 1
  RESUME: 
  TRAIN_STAGE: klstage
  USE_CENTROID: True
  VAE_TYPE: cvae
OUTPUT: ./outputs/duke/clipreid_cvae_ce_trip_cesmooth/2024-04-01/fp32_l4vaeleakRelu-lre4_yukeflowkl_yesJ-NG-wU64minmax-UindexC-12z_noReID_clamp_yuke_mlpflow_mse
SAVED_NAME: fp32_l4vaeleakRelu-lre4_yukeflowkl_yesJ-NG-wU64minmax-UindexC-12z_noReID_clamp
SEED: 0
TAG: clipreid_cvae_ce_trip_cesmooth
TEST:
  DISTANCE: cosine
  EVAL_STEP: 5
  START_EVAL: -1
TRAIN:
  AMP: False
  LR_SCHEDULER:
    DECAY_RATE: 0.1
    NAME: MultiStepLR
    STEPSIZE: [20, 40]
  MAX_EPOCH: 60
  OPTIMIZER:
    LR: 0.0001
    NAME: adam
    WEIGHT_DECAY: 0.0001
  START_EPOCH: 0
----------------------
Initializing dataset duke
Warning: string series 'monitoring/166f8df3/stdout' value was longer than 1000 characters and was truncated. This warning is printed only once per series.
Loading cluster results from '/home/zhengwei/Desktop/Zhengwei/Projects/datasets/DukeMTMC-reID/kmeans_results/CLIPreid/train_all_25k_euclidean.pt'
Clustering stastistics: [(0, 984), (1, 911), (2, 811), (3, 960), (4, 799), (5, 813), (6, 562), (7, 133), (8, 227), (9, 675), (10, 1504), (11, 473), (12, 654), (13, 332), (14, 589), (15, 801), (16, 694), (17, 480), (18, 621), (19, 567), (20, 527), (21, 1042), (22, 1102), (23, 88), (24, 173)]
Loading cluster results from '/home/zhengwei/Desktop/Zhengwei/Projects/datasets/DukeMTMC-reID/kmeans_results/CLIPreid/query_25k_euclidean.pt'
Clustering stastistics: [(0, 158), (1, 127), (2, 88), (3, 147), (4, 53), (5, 90), (6, 110), (7, 91), (8, 44), (9, 71), (10, 114), (11, 87), (12, 71), (13, 31), (14, 82), (15, 74), (16, 92), (17, 62), (18, 109), (19, 93), (20, 113), (21, 48), (22, 100), (23, 65), (24, 108)]
Loading cluster results from '/home/zhengwei/Desktop/Zhengwei/Projects/datasets/DukeMTMC-reID/kmeans_results/CLIPreid/gallery_25k_euclidean.pt'
Clustering stastistics: [(0, 854), (1, 463), (2, 629), (3, 835), (4, 599), (5, 803), (6, 822), (7, 1079), (8, 824), (9, 262), (10, 711), (11, 521), (12, 613), (13, 659), (14, 347), (15, 306), (16, 901), (17, 881), (18, 750), (19, 893), (20, 826), (21, 627), (22, 938), (23, 868), (24, 650)]
=> DukeMTMC-reID tensor loaded
Dataset statistics:
  ------------------------------
  subset   | # ids | # images
  ------------------------------
  train    |   702 |    16522
  query    |   702 |     2228
  gallery  |  1110 |    17661
  ------------------------------
  total    |  1404 |    36411
  ------------------------------
Initializing Flow model: yuke_mlpflow
Initializing vae model: cvae
Model size: 1.79382M
=> Start training
=> centroids.dtype: torch.float32
=> Use Normal Gaussian As the Prior
image_tensor: tensor([-0.0219, -0.0346,  0.0277,  ...,  0.0021,  0.0164,  0.0044],
       device='cuda:0')
x_proj_norm.shape:torch.Size([64, 12]), tensor([0.0315, 0.0115, 0.0087, 0.0323, 0.0348, 0.9957, 0.3793, 0.0180, 0.4818,
        0.0232, 0.0034, 0.0095], device='cuda:0', grad_fn=<SliceBackward0>)
domian_feature+Z: tensor([[0.1473, 0.1760, 0.3795, 0.2806, 0.2492, 0.2181, 0.1754, 0.0011, 0.1280,
         0.0315],
        [0.1473, 0.1760, 0.3795, 0.2806, 0.2492, 0.2181, 0.1754, 0.0011, 0.1280,
         0.0115]], device='cuda:0', grad_fn=<SliceBackward0>)
Epoch:1 Time:64.9 Data:0.0 Loss:0.2584 Cls Loss:6.5540 Cls Loss Theta:6.5539 Pair Loss:0.3002 KL Loss:5.1576 KLD Theta:5.1576 Recon Loss:0.0005 Acc:0.0010 Theta Acc:0.0014 
=> centroids.dtype: torch.float32
=> Use Normal Gaussian As the Prior
image_tensor: tensor([-0.0260, -0.0231,  0.0260,  ...,  0.0219,  0.0047,  0.0010],
       device='cuda:0')
x_proj_norm.shape:torch.Size([64, 12]), tensor([0.0484, 0.0335, 0.0278, 0.0506, 0.0539, 0.9937, 0.3561, 0.0427, 0.4517,
        0.0505, 0.0044, 0.0138], device='cuda:0', grad_fn=<SliceBackward0>)
domian_feature+Z: tensor([[0.1428, 0.1886, 0.3731, 0.2806, 0.2374, 0.2117, 0.1664, 0.0257, 0.1001,
         0.0484],
        [0.1428, 0.1886, 0.3731, 0.2806, 0.2374, 0.2117, 0.1664, 0.0257, 0.1001,
         0.0335]], device='cuda:0', grad_fn=<SliceBackward0>)
Epoch:2 Time:45.3 Data:0.0 Loss:0.1002 Cls Loss:6.5540 Cls Loss Theta:6.5539 Pair Loss:0.3000 KL Loss:2.0000 KLD Theta:2.0000 Recon Loss:0.0002 Acc:0.0008 Theta Acc:0.0010 
=> centroids.dtype: torch.float32
=> Use Normal Gaussian As the Prior
image_tensor: tensor([-0.0332, -0.0240,  0.0215,  ...,  0.0157,  0.0181,  0.0038],
       device='cuda:0')
x_proj_norm.shape:torch.Size([64, 12]), tensor([0.0666, 0.0593, 0.0474, 0.0738, 0.0786, 0.9972, 0.2950, 0.0676, 0.4155,
        0.0922, 0.0052, 0.0236], device='cuda:0', grad_fn=<SliceBackward0>)
domian_feature+Z: tensor([[0.1705, 0.1912, 0.3977, 0.2999, 0.2449, 0.2186, 0.1778, 0.0310, 0.1123,
         0.0666],
        [0.1705, 0.1912, 0.3977, 0.2999, 0.2449, 0.2186, 0.1778, 0.0310, 0.1123,
         0.0593]], device='cuda:0', grad_fn=<SliceBackward0>)
Epoch:3 Time:46.1 Data:0.0 Loss:0.1002 Cls Loss:6.5540 Cls Loss Theta:6.5539 Pair Loss:0.3000 KL Loss:2.0000 KLD Theta:2.0000 Recon Loss:0.0002 Acc:0.0008 Theta Acc:0.0010 
=> centroids.dtype: torch.float32
=> Use Normal Gaussian As the Prior
image_tensor: tensor([-0.0231,  0.0052,  0.0313,  ..., -0.0003,  0.0284,  0.0013],
       device='cuda:0')
x_proj_norm.shape:torch.Size([64, 12]), tensor([0.0918, 0.0872, 0.0714, 0.1020, 0.1160, 0.9968, 0.2562, 0.0985, 0.3634,
        0.1236, 0.0059, 0.0416], device='cuda:0', grad_fn=<SliceBackward0>)
domian_feature+Z: tensor([[0.1501, 0.1908, 0.3731, 0.2811, 0.2383, 0.2303, 0.1659, 0.0312, 0.1060,
         0.0918],
        [0.1501, 0.1908, 0.3731, 0.2811, 0.2383, 0.2303, 0.1659, 0.0312, 0.1060,
         0.0872]], device='cuda:0', grad_fn=<SliceBackward0>)
Epoch:4 Time:46.5 Data:0.0 Loss:0.1002 Cls Loss:6.5540 Cls Loss Theta:6.5539 Pair Loss:0.3000 KL Loss:2.0000 KLD Theta:2.0000 Recon Loss:0.0002 Acc:0.0008 Theta Acc:0.0008 
=> centroids.dtype: torch.float32
=> Use Normal Gaussian As the Prior
image_tensor: tensor([-0.0324,  0.0061,  0.0155,  ...,  0.0102,  0.0042,  0.0133],
       device='cuda:0')
x_proj_norm.shape:torch.Size([64, 12]), tensor([0.1167, 0.1109, 0.0915, 0.1216, 0.1490, 0.9941, 0.2397, 0.1230, 0.3057,
        0.1254, 0.0074, 0.0584], device='cuda:0', grad_fn=<SliceBackward0>)
domian_feature+Z: tensor([[0.1665, 0.2027, 0.3586, 0.2797, 0.2417, 0.2304, 0.1490, 0.0395, 0.1102,
         0.1167],
        [0.1665, 0.2027, 0.3586, 0.2797, 0.2417, 0.2304, 0.1490, 0.0395, 0.1102,
         0.1109]], device='cuda:0', grad_fn=<SliceBackward0>)
Epoch:5 Time:46.6 Data:0.0 Loss:0.1002 Cls Loss:6.5540 Cls Loss Theta:6.5539 Pair Loss:0.3000 KL Loss:2.0000 KLD Theta:2.0000 Recon Loss:0.0002 Acc:0.0010 Theta Acc:0.0008 
=> Test at epoch 5
Extracted features for query set, obtained torch.Size([2228, 12]) matrix
Extracted features for gallery set, obtained torch.Size([17661, 12]) matrix
Extracting features complete in 0m 7s
Distance computing in 0m 0s
Computing CMC and mAP
Results ---------------------------------------------------
top1:0.1% top5:0.4% top10:0.7% top20:0.9% mAP:0.2%
-----------------------------------------------------------
Using 0m 3s
=> centroids.dtype: torch.float32
=> Use Normal Gaussian As the Prior
image_tensor: tensor([-0.0472, -0.0128,  0.0253,  ...,  0.0039,  0.0198, -0.0007],
       device='cuda:0')
x_proj_norm.shape:torch.Size([64, 12]), tensor([5.4324e-02, 2.2612e-01, 4.3974e-02, 5.5611e-02, 5.0947e-02, 9.9919e-01,
        4.5300e-01, 5.3867e-02, 2.5852e-01, 5.2460e-03, 8.3201e-04, 3.3454e-02],
       device='cuda:0', grad_fn=<SliceBackward0>)
domian_feature+Z: tensor([[0.2400, 0.2686, 0.4193, 0.2746, 0.3179, 0.2740, 0.2053, 0.4818, 0.2382,
         0.0543],
        [0.2400, 0.2686, 0.4193, 0.2746, 0.3179, 0.2740, 0.2053, 0.4818, 0.2382,
         0.2261]], device='cuda:0', grad_fn=<SliceBackward0>)
Epoch:6 Time:44.3 Data:0.0 Loss:0.1007 Cls Loss:6.5540 Cls Loss Theta:6.5539 Pair Loss:0.3000 KL Loss:2.0084 KLD Theta:2.0084 Recon Loss:0.0002 Acc:0.0016 Theta Acc:0.0016 
=> centroids.dtype: torch.float32
=> Use Normal Gaussian As the Prior
image_tensor: tensor([-0.0481, -0.0090,  0.0196,  ...,  0.0001,  0.0146, -0.0012],
       device='cuda:0')
x_proj_norm.shape:torch.Size([64, 12]), tensor([5.4175e-02, 2.1921e-01, 4.4867e-02, 5.5720e-02, 5.0714e-02, 9.9932e-01,
        4.3590e-01, 5.4988e-02, 2.5066e-01, 1.0069e-02, 3.6992e-04, 3.7353e-02],
       device='cuda:0', grad_fn=<SliceBackward0>)
domian_feature+Z: tensor([[0.2453, 0.2662, 0.4136, 0.2837, 0.3166, 0.2709, 0.2020, 0.4842, 0.2317,
         0.0542],
        [0.2453, 0.2662, 0.4136, 0.2837, 0.3166, 0.2709, 0.2020, 0.4842, 0.2317,
         0.2192]], device='cuda:0', grad_fn=<SliceBackward0>)
Epoch:7 Time:46.8 Data:0.0 Loss:0.1002 Cls Loss:6.5540 Cls Loss Theta:6.5539 Pair Loss:0.3000 KL Loss:2.0000 KLD Theta:2.0000 Recon Loss:0.0002 Acc:0.0008 Theta Acc:0.0010 
=> centroids.dtype: torch.float32
=> Use Normal Gaussian As the Prior
image_tensor: tensor([-0.0014,  0.0193,  0.0384,  ...,  0.0042,  0.0175,  0.0021],
       device='cuda:0')
x_proj_norm.shape:torch.Size([64, 12]), tensor([5.4597e-02, 2.1411e-01, 4.6523e-02, 5.6353e-02, 5.1759e-02, 9.9996e-01,
        4.2092e-01, 5.6681e-02, 2.4290e-01, 1.4254e-02, 1.1117e-04, 4.0547e-02],
       device='cuda:0', grad_fn=<SliceBackward0>)
domian_feature+Z: tensor([[0.2411, 0.2611, 0.4110, 0.2855, 0.3155, 0.2746, 0.1933, 0.4792, 0.2314,
         0.0546],
        [0.2411, 0.2611, 0.4110, 0.2855, 0.3155, 0.2746, 0.1933, 0.4792, 0.2314,
         0.2141]], device='cuda:0', grad_fn=<SliceBackward0>)
Epoch:8 Time:46.0 Data:0.0 Loss:0.1002 Cls Loss:6.5540 Cls Loss Theta:6.5539 Pair Loss:0.3000 KL Loss:2.0000 KLD Theta:2.0000 Recon Loss:0.0002 Acc:0.0008 Theta Acc:0.0008 
=> centroids.dtype: torch.float32
=> Use Normal Gaussian As the Prior
image_tensor: tensor([ 0.0119, -0.0149,  0.0068,  ...,  0.0084,  0.0131,  0.0155],
       device='cuda:0')
x_proj_norm.shape:torch.Size([64, 12]), tensor([5.5160e-02, 2.1077e-01, 4.8487e-02, 5.7103e-02, 5.3183e-02, 9.9991e-01,
        4.0914e-01, 5.8480e-02, 2.3419e-01, 1.7705e-02, 2.5481e-04, 4.3564e-02],
       device='cuda:0', grad_fn=<SliceBackward0>)
domian_feature+Z: tensor([[0.2546, 0.2614, 0.4058, 0.3001, 0.3192, 0.2777, 0.1948, 0.4860, 0.2347,
         0.0552],
        [0.2546, 0.2614, 0.4058, 0.3001, 0.3192, 0.2777, 0.1948, 0.4860, 0.2347,
         0.2108]], device='cuda:0', grad_fn=<SliceBackward0>)
Epoch:9 Time:45.9 Data:0.0 Loss:0.1002 Cls Loss:6.5540 Cls Loss Theta:6.5539 Pair Loss:0.3000 KL Loss:2.0000 KLD Theta:2.0000 Recon Loss:0.0002 Acc:0.0008 Theta Acc:0.0008 
=> centroids.dtype: torch.float32
=> Use Normal Gaussian As the Prior
image_tensor: tensor([-0.0247, -0.0211,  0.0126,  ..., -0.0091,  0.0295,  0.0005],
       device='cuda:0')
x_proj_norm.shape:torch.Size([64, 12]), tensor([5.5637e-02, 2.0959e-01, 5.0238e-02, 5.7740e-02, 5.4633e-02, 9.9949e-01,
        3.9723e-01, 6.0015e-02, 2.2369e-01, 2.0662e-02, 1.0303e-04, 4.6271e-02],
       device='cuda:0', grad_fn=<SliceBackward0>)
domian_feature+Z: tensor([[0.2588, 0.2612, 0.3990, 0.3050, 0.3188, 0.2790, 0.1969, 0.4847, 0.2427,
         0.0556],
        [0.2588, 0.2612, 0.3990, 0.3050, 0.3188, 0.2790, 0.1969, 0.4847, 0.2427,
         0.2096]], device='cuda:0', grad_fn=<SliceBackward0>)
Epoch:10 Time:46.3 Data:0.0 Loss:0.1002 Cls Loss:6.5540 Cls Loss Theta:6.5539 Pair Loss:0.3000 KL Loss:2.0000 KLD Theta:2.0000 Recon Loss:0.0002 Acc:0.0008 Theta Acc:0.0008 
=> Test at epoch 10
Extracted features for query set, obtained torch.Size([2228, 12]) matrix
Extracted features for gallery set, obtained torch.Size([17661, 12]) matrix
Extracting features complete in 0m 6s
Distance computing in 0m 0s
Computing CMC and mAP
Results ---------------------------------------------------
top1:0.1% top5:0.7% top10:0.7% top20:0.9% mAP:0.3%
-----------------------------------------------------------
Using 0m 2s
=> centroids.dtype: torch.float32
=> Use Normal Gaussian As the Prior
image_tensor: tensor([ 0.0135, -0.0063,  0.0252,  ..., -0.0021,  0.0068, -0.0004],
       device='cuda:0')
x_proj_norm.shape:torch.Size([64, 12]), tensor([0.0558, 0.1629, 0.0598, 0.0576, 0.0590, 0.9994, 0.3775, 0.0638, 0.1381,
        0.0389, 0.0013, 0.0535], device='cuda:0', grad_fn=<SliceBackward0>)
domian_feature+Z: tensor([[0.0783, 0.1526, 0.2498, 0.1504, 0.1350, 0.1118, 0.0623, 0.2927, 0.1404,
         0.0558],
        [0.0783, 0.1526, 0.2498, 0.1504, 0.1350, 0.1118, 0.0623, 0.2927, 0.1404,
         0.1629]], device='cuda:0', grad_fn=<SliceBackward0>)
Epoch:11 Time:44.5 Data:0.0 Loss:0.1003 Cls Loss:6.5540 Cls Loss Theta:6.5539 Pair Loss:0.3000 KL Loss:2.0004 KLD Theta:2.0004 Recon Loss:0.0002 Acc:0.0008 Theta Acc:0.0003 
=> centroids.dtype: torch.float32
=> Use Normal Gaussian As the Prior
image_tensor: tensor([-0.0211, -0.0467,  0.0162,  ...,  0.0101,  0.0107,  0.0097],
       device='cuda:0')
x_proj_norm.shape:torch.Size([64, 12]), tensor([3.8516e-02, 1.5679e-01, 5.6894e-02, 5.6931e-02, 5.6133e-02, 9.9974e-01,
        3.0174e-01, 7.2640e-02, 1.5596e-01, 3.7963e-02, 9.3217e-04, 5.0834e-02],
       device='cuda:0', grad_fn=<SliceBackward0>)
domian_feature+Z: tensor([[0.0525, 0.1319, 0.1995, 0.1491, 0.1079, 0.1045, 0.0661, 0.2878, 0.1284,
         0.0385],
        [0.0525, 0.1319, 0.1995, 0.1491, 0.1079, 0.1045, 0.0661, 0.2878, 0.1284,
         0.1568]], device='cuda:0', grad_fn=<SliceBackward0>)
Epoch:12 Time:46.0 Data:0.0 Loss:0.1002 Cls Loss:6.5540 Cls Loss Theta:6.5539 Pair Loss:0.3000 KL Loss:2.0000 KLD Theta:2.0000 Recon Loss:0.0002 Acc:0.0008 Theta Acc:0.0008 
=> centroids.dtype: torch.float32
=> Use Normal Gaussian As the Prior
image_tensor: tensor([-0.0207, -0.0467,  0.0489,  ..., -0.0062,  0.0159,  0.0020],
       device='cuda:0')
x_proj_norm.shape:torch.Size([64, 12]), tensor([3.8651e-02, 1.6002e-01, 5.7027e-02, 5.7251e-02, 5.7006e-02, 9.9980e-01,
        2.9433e-01, 7.0460e-02, 1.5022e-01, 3.8260e-02, 2.2383e-04, 5.2659e-02],
       device='cuda:0', grad_fn=<SliceBackward0>)
domian_feature+Z: tensor([[0.0626, 0.1348, 0.2051, 0.1532, 0.1194, 0.1135, 0.0697, 0.2981, 0.1340,
         0.0387],
        [0.0626, 0.1348, 0.2051, 0.1532, 0.1194, 0.1135, 0.0697, 0.2981, 0.1340,
         0.1600]], device='cuda:0', grad_fn=<SliceBackward0>)
Epoch:13 Time:45.5 Data:0.0 Loss:0.1002 Cls Loss:6.5540 Cls Loss Theta:6.5539 Pair Loss:0.3000 KL Loss:2.0000 KLD Theta:2.0000 Recon Loss:0.0002 Acc:0.0008 Theta Acc:0.0008 
=> centroids.dtype: torch.float32
=> Use Normal Gaussian As the Prior
image_tensor: tensor([-0.0134, -0.0350,  0.0146,  ...,  0.0035,  0.0286,  0.0141],
       device='cuda:0')
x_proj_norm.shape:torch.Size([64, 12]), tensor([0.0044, 0.0614, 0.0200, 0.0134, 0.0216, 0.9992, 0.5325, 0.0101, 0.1070,
        0.0034, 0.0012, 0.0044], device='cuda:0', grad_fn=<SliceBackward0>)
domian_feature+Z: tensor([[0.1477, 0.2352, 0.3007, 0.2182, 0.2360, 0.2028, 0.1624, 0.3642, 0.2514,
         0.0044],
        [0.1477, 0.2352, 0.3007, 0.2182, 0.2360, 0.2028, 0.1624, 0.3642, 0.2514,
         0.0614]], device='cuda:0', grad_fn=<SliceBackward0>)
Epoch:14 Time:46.4 Data:0.0 Loss:0.1003 Cls Loss:6.5540 Cls Loss Theta:6.5539 Pair Loss:0.3000 KL Loss:2.0002 KLD Theta:2.0002 Recon Loss:0.0002 Acc:0.0008 Theta Acc:0.0008 
=> centroids.dtype: torch.float32
=> Use Normal Gaussian As the Prior
image_tensor: tensor([-0.0037,  0.0288,  0.0571,  ..., -0.0037,  0.0106, -0.0025],
       device='cuda:0')
x_proj_norm.shape:torch.Size([64, 12]), tensor([8.2877e-03, 7.2305e-02, 2.5696e-02, 1.8812e-02, 2.6795e-02, 9.9955e-01,
        5.2185e-01, 1.7031e-02, 1.0406e-01, 8.0125e-03, 4.8016e-04, 1.1982e-02],
       device='cuda:0', grad_fn=<SliceBackward0>)
domian_feature+Z: tensor([[0.1558, 0.2326, 0.2985, 0.2203, 0.2394, 0.2112, 0.1621, 0.3682, 0.2504,
         0.0083],
        [0.1558, 0.2326, 0.2985, 0.2203, 0.2394, 0.2112, 0.1621, 0.3682, 0.2504,
         0.0723]], device='cuda:0', grad_fn=<SliceBackward0>)
Epoch:15 Time:46.8 Data:0.0 Loss:0.1002 Cls Loss:6.5540 Cls Loss Theta:6.5539 Pair Loss:0.3000 KL Loss:2.0000 KLD Theta:2.0000 Recon Loss:0.0002 Acc:0.0008 Theta Acc:0.0016 
=> Test at epoch 15
Extracted features for query set, obtained torch.Size([2228, 12]) matrix
Extracted features for gallery set, obtained torch.Size([17661, 12]) matrix
Extracting features complete in 0m 7s
Distance computing in 0m 0s
Computing CMC and mAP
Results ---------------------------------------------------
top1:0.1% top5:0.3% top10:0.3% top20:0.3% mAP:0.3%
-----------------------------------------------------------
Using 0m 2s
=> centroids.dtype: torch.float32
=> Use Normal Gaussian As the Prior
image_tensor: tensor([ 0.0220,  0.0093,  0.0272,  ...,  0.0220,  0.0093, -0.0023],
       device='cuda:0')
x_proj_norm.shape:torch.Size([64, 12]), tensor([1.1861e-02, 8.2079e-02, 3.0354e-02, 2.3832e-02, 3.1455e-02, 9.9932e-01,
        5.1416e-01, 2.3059e-02, 1.0009e-01, 1.2738e-02, 2.1348e-04, 1.8915e-02],
       device='cuda:0', grad_fn=<SliceBackward0>)
domian_feature+Z: tensor([[0.1655, 0.2308, 0.2979, 0.2220, 0.2421, 0.2191, 0.1641, 0.3722, 0.2474,
         0.0119],
        [0.1655, 0.2308, 0.2979, 0.2220, 0.2421, 0.2191, 0.1641, 0.3722, 0.2474,
         0.0821]], device='cuda:0', grad_fn=<SliceBackward0>)
Epoch:16 Time:44.5 Data:0.0 Loss:0.1002 Cls Loss:6.5540 Cls Loss Theta:6.5539 Pair Loss:0.3000 KL Loss:2.0000 KLD Theta:2.0000 Recon Loss:0.0002 Acc:0.0008 Theta Acc:0.0016 
=> centroids.dtype: torch.float32
=> Use Normal Gaussian As the Prior
image_tensor: tensor([-0.0010, -0.0488,  0.0088,  ..., -0.0111,  0.0067,  0.0087],
       device='cuda:0')
x_proj_norm.shape:torch.Size([64, 12]), tensor([1.5304e-02, 9.1561e-02, 3.4664e-02, 2.8648e-02, 3.5806e-02, 9.9914e-01,
        5.0639e-01, 2.8513e-02, 9.5525e-02, 1.7471e-02, 2.9079e-04, 2.5491e-02],
       device='cuda:0', grad_fn=<SliceBackward0>)
domian_feature+Z: tensor([[0.1745, 0.2286, 0.2981, 0.2254, 0.2462, 0.2254, 0.1627, 0.3761, 0.2441,
         0.0153],
        [0.1745, 0.2286, 0.2981, 0.2254, 0.2462, 0.2254, 0.1627, 0.3761, 0.2441,
         0.0916]], device='cuda:0', grad_fn=<SliceBackward0>)
Epoch:17 Time:46.4 Data:0.0 Loss:0.1002 Cls Loss:6.5540 Cls Loss Theta:6.5539 Pair Loss:0.3000 KL Loss:2.0000 KLD Theta:2.0000 Recon Loss:0.0002 Acc:0.0008 Theta Acc:0.0018 
=> centroids.dtype: torch.float32
=> Use Normal Gaussian As the Prior
image_tensor: tensor([-0.0034,  0.0235,  0.0370,  ...,  0.0166,  0.0133, -0.0054],
       device='cuda:0')
x_proj_norm.shape:torch.Size([64, 12]), tensor([0.0390, 0.2645, 0.0478, 0.0488, 0.0569, 0.9991, 0.0698, 0.0520, 0.0533,
        0.0178, 0.0011, 0.0414], device='cuda:0', grad_fn=<SliceBackward0>)
domian_feature+Z: tensor([[0.2353, 0.2832, 0.3843, 0.2805, 0.3314, 0.2727, 0.2173, 0.4133, 0.3078,
         0.0390],
        [0.2353, 0.2832, 0.3843, 0.2805, 0.3314, 0.2727, 0.2173, 0.4133, 0.3078,
         0.2645]], device='cuda:0', grad_fn=<SliceBackward0>)
Epoch:18 Time:46.9 Data:0.0 Loss:0.1003 Cls Loss:6.5540 Cls Loss Theta:6.5539 Pair Loss:0.3000 KL Loss:2.0004 KLD Theta:2.0004 Recon Loss:0.0002 Acc:0.0008 Theta Acc:0.0013 
=> centroids.dtype: torch.float32
=> Use Normal Gaussian As the Prior
image_tensor: tensor([-0.0398, -0.0521, -0.0011,  ...,  0.0073,  0.0110,  0.0003],
       device='cuda:0')
x_proj_norm.shape:torch.Size([64, 12]), tensor([0.0411, 0.2700, 0.0521, 0.0518, 0.0582, 0.9997, 0.0682, 0.0546, 0.0546,
        0.0228, 0.0012, 0.0467], device='cuda:0', grad_fn=<SliceBackward0>)
domian_feature+Z: tensor([[0.2430, 0.2794, 0.3754, 0.2795, 0.3255, 0.2784, 0.2161, 0.4138, 0.2969,
         0.0411],
        [0.2430, 0.2794, 0.3754, 0.2795, 0.3255, 0.2784, 0.2161, 0.4138, 0.2969,
         0.2700]], device='cuda:0', grad_fn=<SliceBackward0>)
Epoch:19 Time:46.3 Data:0.0 Loss:0.1002 Cls Loss:6.5540 Cls Loss Theta:6.5539 Pair Loss:0.3000 KL Loss:2.0000 KLD Theta:2.0000 Recon Loss:0.0002 Acc:0.0008 Theta Acc:0.0018 
=> centroids.dtype: torch.float32
=> Use Normal Gaussian As the Prior
image_tensor: tensor([-0.0172, -0.0302,  0.0232,  ..., -0.0021,  0.0126,  0.0003],
       device='cuda:0')
x_proj_norm.shape:torch.Size([64, 12]), tensor([5.1933e-02, 3.3071e-01, 6.4482e-02, 6.1668e-02, 6.0532e-02, 9.9974e-01,
        5.5829e-02, 6.3751e-02, 2.2647e-01, 4.1660e-02, 1.9080e-04, 4.3827e-02],
       device='cuda:0', grad_fn=<SliceBackward0>)
domian_feature+Z: tensor([[0.2454, 0.2497, 0.3631, 0.3004, 0.3420, 0.2669, 0.2282, 0.4156, 0.2904,
         0.0519],
        [0.2454, 0.2497, 0.3631, 0.3004, 0.3420, 0.2669, 0.2282, 0.4156, 0.2904,
         0.3307]], device='cuda:0', grad_fn=<SliceBackward0>)
Epoch:20 Time:46.8 Data:0.0 Loss:0.1005 Cls Loss:6.5540 Cls Loss Theta:6.5539 Pair Loss:0.3000 KL Loss:2.0061 KLD Theta:2.0061 Recon Loss:0.0002 Acc:0.0008 Theta Acc:0.0008 
=> Test at epoch 20
Extracted features for query set, obtained torch.Size([2228, 12]) matrix
Extracted features for gallery set, obtained torch.Size([17661, 12]) matrix
Extracting features complete in 0m 6s
Distance computing in 0m 0s
Computing CMC and mAP
Results ---------------------------------------------------
top1:0.2% top5:0.4% top10:0.6% top20:0.8% mAP:0.3%
-----------------------------------------------------------
Using 0m 2s
=> centroids.dtype: torch.float32
=> Use Normal Gaussian As the Prior
image_tensor: tensor([-0.0302,  0.0082,  0.0273,  ...,  0.0055,  0.0130,  0.0048],
       device='cuda:0')
x_proj_norm.shape:torch.Size([64, 12]), tensor([5.1888e-02, 3.2818e-01, 6.4242e-02, 6.1470e-02, 6.0411e-02, 9.9979e-01,
        6.0335e-02, 6.3590e-02, 2.2513e-01, 4.1602e-02, 1.0966e-04, 4.3680e-02],
       device='cuda:0', grad_fn=<SliceBackward0>)
domian_feature+Z: tensor([[0.2465, 0.2510, 0.3632, 0.3003, 0.3418, 0.2663, 0.2290, 0.4170, 0.2905,
         0.0519],
        [0.2465, 0.2510, 0.3632, 0.3003, 0.3418, 0.2663, 0.2290, 0.4170, 0.2905,
         0.3282]], device='cuda:0', grad_fn=<SliceBackward0>)
Epoch:21 Time:44.6 Data:0.0 Loss:0.1002 Cls Loss:6.5540 Cls Loss Theta:6.5539 Pair Loss:0.3000 KL Loss:2.0000 KLD Theta:2.0000 Recon Loss:0.0002 Acc:0.0008 Theta Acc:0.0008 
=> centroids.dtype: torch.float32
=> Use Normal Gaussian As the Prior
image_tensor: tensor([-0.0414, -0.0561, -0.0124,  ..., -0.0105,  0.0166, -0.0056],
       device='cuda:0')
x_proj_norm.shape:torch.Size([64, 12]), tensor([5.1845e-02, 3.2545e-01, 6.4019e-02, 6.1275e-02, 6.0314e-02, 9.9976e-01,
        6.4448e-02, 6.3417e-02, 2.2357e-01, 4.1626e-02, 1.9050e-04, 4.3600e-02],
       device='cuda:0', grad_fn=<SliceBackward0>)
domian_feature+Z: tensor([[0.2487, 0.2519, 0.3643, 0.3022, 0.3421, 0.2691, 0.2296, 0.4166, 0.2906,
         0.0518],
        [0.2487, 0.2519, 0.3643, 0.3022, 0.3421, 0.2691, 0.2296, 0.4166, 0.2906,
         0.3254]], device='cuda:0', grad_fn=<SliceBackward0>)
Epoch:22 Time:46.8 Data:0.0 Loss:0.1002 Cls Loss:6.5540 Cls Loss Theta:6.5539 Pair Loss:0.3000 KL Loss:2.0000 KLD Theta:2.0000 Recon Loss:0.0002 Acc:0.0008 Theta Acc:0.0008 
=> centroids.dtype: torch.float32
=> Use Normal Gaussian As the Prior
image_tensor: tensor([-0.0003, -0.0115,  0.0412,  ...,  0.0135,  0.0059, -0.0017],
       device='cuda:0')
x_proj_norm.shape:torch.Size([64, 12]), tensor([5.1786e-02, 3.2415e-01, 6.3885e-02, 6.1139e-02, 6.0306e-02, 9.9975e-01,
        7.2847e-02, 6.3285e-02, 2.2230e-01, 4.1682e-02, 1.0787e-05, 4.3555e-02],
       device='cuda:0', grad_fn=<SliceBackward0>)
domian_feature+Z: tensor([[0.2500, 0.2534, 0.3641, 0.3020, 0.3420, 0.2714, 0.2295, 0.4182, 0.2910,
         0.0518],
        [0.2500, 0.2534, 0.3641, 0.3020, 0.3420, 0.2714, 0.2295, 0.4182, 0.2910,
         0.3241]], device='cuda:0', grad_fn=<SliceBackward0>)
Epoch:23 Time:46.6 Data:0.0 Loss:0.1002 Cls Loss:6.5540 Cls Loss Theta:6.5539 Pair Loss:0.3000 KL Loss:2.0000 KLD Theta:2.0000 Recon Loss:0.0002 Acc:0.0008 Theta Acc:0.0008 
=> centroids.dtype: torch.float32
=> Use Normal Gaussian As the Prior
image_tensor: tensor([-0.0522, -0.0050, -0.0186,  ...,  0.0003,  0.0181,  0.0030],
       device='cuda:0')
x_proj_norm.shape:torch.Size([64, 12]), tensor([5.1771e-02, 3.2206e-01, 6.3750e-02, 6.1001e-02, 6.0307e-02, 9.9983e-01,
        9.1432e-02, 6.3142e-02, 2.2078e-01, 4.1856e-02, 1.9789e-04, 4.3609e-02],
       device='cuda:0', grad_fn=<SliceBackward0>)
domian_feature+Z: tensor([[0.2523, 0.2540, 0.3637, 0.3022, 0.3410, 0.2736, 0.2280, 0.4169, 0.2917,
         0.0518],
        [0.2523, 0.2540, 0.3637, 0.3022, 0.3410, 0.2736, 0.2280, 0.4169, 0.2917,
         0.3221]], device='cuda:0', grad_fn=<SliceBackward0>)
Epoch:24 Time:47.5 Data:0.0 Loss:0.1002 Cls Loss:6.5540 Cls Loss Theta:6.5539 Pair Loss:0.3000 KL Loss:2.0000 KLD Theta:2.0000 Recon Loss:0.0002 Acc:0.0008 Theta Acc:0.0016 
=> centroids.dtype: torch.float32
=> Use Normal Gaussian As the Prior
image_tensor: tensor([-0.0049,  0.0208,  0.0258,  ..., -0.0045,  0.0049,  0.0009],
       device='cuda:0')
x_proj_norm.shape:torch.Size([64, 12]), tensor([5.1674e-02, 3.2143e-01, 6.3659e-02, 6.0879e-02, 6.0349e-02, 9.9992e-01,
        1.0592e-01, 6.2999e-02, 2.1951e-01, 4.2024e-02, 7.3926e-05, 4.3658e-02],
       device='cuda:0', grad_fn=<SliceBackward0>)
domian_feature+Z: tensor([[0.2524, 0.2555, 0.3638, 0.3030, 0.3417, 0.2738, 0.2311, 0.4204, 0.2899,
         0.0517],
        [0.2524, 0.2555, 0.3638, 0.3030, 0.3417, 0.2738, 0.2311, 0.4204, 0.2899,
         0.3214]], device='cuda:0', grad_fn=<SliceBackward0>)
Epoch:25 Time:47.5 Data:0.0 Loss:0.1002 Cls Loss:6.5540 Cls Loss Theta:6.5539 Pair Loss:0.3000 KL Loss:2.0000 KLD Theta:2.0000 Recon Loss:0.0002 Acc:0.0008 Theta Acc:0.0021 
=> Test at epoch 25
Extracted features for query set, obtained torch.Size([2228, 12]) matrix
Extracted features for gallery set, obtained torch.Size([17661, 12]) matrix
Extracting features complete in 0m 6s
Distance computing in 0m 0s
Computing CMC and mAP
Results ---------------------------------------------------
top1:0.2% top5:0.3% top10:0.8% top20:0.9% mAP:0.3%
-----------------------------------------------------------
Using 0m 2s
=> centroids.dtype: torch.float32
=> Use Normal Gaussian As the Prior
image_tensor: tensor([-0.0132, -0.0328,  0.0289,  ...,  0.0027,  0.0112, -0.0100],
       device='cuda:0')
x_proj_norm.shape:torch.Size([64, 12]), tensor([5.1544e-02, 3.2057e-01, 6.3539e-02, 6.0719e-02, 6.0366e-02, 9.9985e-01,
        1.1975e-01, 6.2805e-02, 2.1809e-01, 4.2238e-02, 8.6694e-05, 4.3739e-02],
       device='cuda:0', grad_fn=<SliceBackward0>)
domian_feature+Z: tensor([[0.2543, 0.2567, 0.3632, 0.3023, 0.3402, 0.2753, 0.2307, 0.4212, 0.2898,
         0.0515],
        [0.2543, 0.2567, 0.3632, 0.3023, 0.3402, 0.2753, 0.2307, 0.4212, 0.2898,
         0.3206]], device='cuda:0', grad_fn=<SliceBackward0>)
Epoch:26 Time:45.7 Data:0.0 Loss:0.1002 Cls Loss:6.5540 Cls Loss Theta:6.5539 Pair Loss:0.3000 KL Loss:2.0000 KLD Theta:2.0000 Recon Loss:0.0002 Acc:0.0008 Theta Acc:0.0016 
=> centroids.dtype: torch.float32
=> Use Normal Gaussian As the Prior
image_tensor: tensor([-0.0530, -0.0245,  0.0203,  ...,  0.0109,  0.0050, -0.0036],
       device='cuda:0')
x_proj_norm.shape:torch.Size([64, 12]), tensor([5.1416e-02, 3.1995e-01, 6.3468e-02, 6.0597e-02, 6.0435e-02, 9.9994e-01,
        1.3265e-01, 6.2644e-02, 2.1679e-01, 4.2556e-02, 1.5358e-04, 4.3903e-02],
       device='cuda:0', grad_fn=<SliceBackward0>)
domian_feature+Z: tensor([[0.2556, 0.2573, 0.3629, 0.3032, 0.3401, 0.2773, 0.2304, 0.4203, 0.2889,
         0.0514],
        [0.2556, 0.2573, 0.3629, 0.3032, 0.3401, 0.2773, 0.2304, 0.4203, 0.2889,
         0.3200]], device='cuda:0', grad_fn=<SliceBackward0>)
Epoch:27 Time:47.9 Data:0.0 Loss:0.1002 Cls Loss:6.5540 Cls Loss Theta:6.5539 Pair Loss:0.3000 KL Loss:2.0000 KLD Theta:2.0000 Recon Loss:0.0002 Acc:0.0008 Theta Acc:0.0008 
=> centroids.dtype: torch.float32
=> Use Normal Gaussian As the Prior
image_tensor: tensor([-0.0006,  0.0099,  0.0381,  ...,  0.0017,  0.0099, -0.0069],
       device='cuda:0')
x_proj_norm.shape:torch.Size([64, 12]), tensor([0.0512, 0.3203, 0.0634, 0.0605, 0.0606, 0.9998, 0.1440, 0.0625, 0.2157,
        0.0429, 0.0000, 0.0441], device='cuda:0', grad_fn=<SliceBackward0>)
domian_feature+Z: tensor([[0.2586, 0.2599, 0.3634, 0.3032, 0.3396, 0.2793, 0.2321, 0.4236, 0.2901,
         0.0512],
        [0.2586, 0.2599, 0.3634, 0.3032, 0.3396, 0.2793, 0.2321, 0.4236, 0.2901,
         0.3203]], device='cuda:0', grad_fn=<SliceBackward0>)
Epoch:28 Time:47.5 Data:0.0 Loss:0.1002 Cls Loss:6.5540 Cls Loss Theta:6.5539 Pair Loss:0.3000 KL Loss:2.0000 KLD Theta:2.0000 Recon Loss:0.0002 Acc:0.0008 Theta Acc:0.0008 
=> centroids.dtype: torch.float32
=> Use Normal Gaussian As the Prior
image_tensor: tensor([-0.0009, -0.0341,  0.0496,  ..., -0.0059, -0.0069, -0.0075],
       device='cuda:0')
x_proj_norm.shape:torch.Size([64, 12]), tensor([5.1027e-02, 3.2033e-01, 6.3371e-02, 6.0366e-02, 6.0622e-02, 9.9992e-01,
        1.5476e-01, 6.2306e-02, 2.1440e-01, 4.3313e-02, 3.0956e-05, 4.4289e-02],
       device='cuda:0', grad_fn=<SliceBackward0>)
domian_feature+Z: tensor([[0.2603, 0.2612, 0.3626, 0.3031, 0.3386, 0.2811, 0.2323, 0.4241, 0.2895,
         0.0510],
        [0.2603, 0.2612, 0.3626, 0.3031, 0.3386, 0.2811, 0.2323, 0.4241, 0.2895,
         0.3203]], device='cuda:0', grad_fn=<SliceBackward0>)
Epoch:29 Time:47.2 Data:0.0 Loss:0.1002 Cls Loss:6.5540 Cls Loss Theta:6.5539 Pair Loss:0.3000 KL Loss:2.0000 KLD Theta:2.0000 Recon Loss:0.0002 Acc:0.0008 Theta Acc:0.0008 
=> centroids.dtype: torch.float32
=> Use Normal Gaussian As the Prior
image_tensor: tensor([ 0.0145, -0.0112,  0.0462,  ...,  0.0091,  0.0115, -0.0047],
       device='cuda:0')
x_proj_norm.shape:torch.Size([64, 12]), tensor([5.0778e-02, 3.2074e-01, 6.3306e-02, 6.0228e-02, 6.0699e-02, 9.9988e-01,
        1.6445e-01, 6.2098e-02, 2.1311e-01, 4.3762e-02, 5.4654e-05, 4.4535e-02],
       device='cuda:0', grad_fn=<SliceBackward0>)
domian_feature+Z: tensor([[0.2617, 0.2632, 0.3618, 0.3031, 0.3383, 0.2823, 0.2322, 0.4277, 0.2907,
         0.0508],
        [0.2617, 0.2632, 0.3618, 0.3031, 0.3383, 0.2823, 0.2322, 0.4277, 0.2907,
         0.3207]], device='cuda:0', grad_fn=<SliceBackward0>)
Epoch:30 Time:46.9 Data:0.0 Loss:0.1002 Cls Loss:6.5540 Cls Loss Theta:6.5539 Pair Loss:0.3000 KL Loss:2.0000 KLD Theta:2.0000 Recon Loss:0.0002 Acc:0.0008 Theta Acc:0.0008 
=> Test at epoch 30
Extracted features for query set, obtained torch.Size([2228, 12]) matrix
Extracted features for gallery set, obtained torch.Size([17661, 12]) matrix
Extracting features complete in 0m 7s
Distance computing in 0m 0s
Computing CMC and mAP
Results ---------------------------------------------------
top1:0.1% top5:0.4% top10:0.5% top20:0.6% mAP:0.3%
-----------------------------------------------------------
Using 0m 2s
=> centroids.dtype: torch.float32
=> Use Normal Gaussian As the Prior
image_tensor: tensor([-0.0043, -0.0249,  0.0216,  ...,  0.0050,  0.0127,  0.0126],
       device='cuda:0')
x_proj_norm.shape:torch.Size([64, 12]), tensor([5.0445e-02, 3.2115e-01, 6.3180e-02, 6.0036e-02, 6.0715e-02, 1.0000e+00,
        1.7337e-01, 6.1819e-02, 2.1166e-01, 4.4228e-02, 1.4412e-04, 4.4786e-02],
       device='cuda:0', grad_fn=<SliceBackward0>)
domian_feature+Z: tensor([[0.2647, 0.2646, 0.3615, 0.3037, 0.3374, 0.2854, 0.2330, 0.4258, 0.2884,
         0.0504],
        [0.2647, 0.2646, 0.3615, 0.3037, 0.3374, 0.2854, 0.2330, 0.4258, 0.2884,
         0.3212]], device='cuda:0', grad_fn=<SliceBackward0>)
Epoch:31 Time:45.1 Data:0.0 Loss:0.1002 Cls Loss:6.5540 Cls Loss Theta:6.5539 Pair Loss:0.3000 KL Loss:2.0000 KLD Theta:2.0000 Recon Loss:0.0002 Acc:0.0008 Theta Acc:0.0008 
=> centroids.dtype: torch.float32
=> Use Normal Gaussian As the Prior
image_tensor: tensor([-0.0063,  0.0037,  0.0290,  ...,  0.0003,  0.0045,  0.0176],
       device='cuda:0')
x_proj_norm.shape:torch.Size([64, 12]), tensor([5.0070e-02, 3.2219e-01, 6.3031e-02, 5.9822e-02, 6.0701e-02, 1.0000e+00,
        1.8148e-01, 6.1505e-02, 2.1027e-01, 4.4678e-02, 1.3748e-04, 4.5020e-02],
       device='cuda:0', grad_fn=<SliceBackward0>)
domian_feature+Z: tensor([[0.2664, 0.2664, 0.3607, 0.3036, 0.3365, 0.2883, 0.2332, 0.4252, 0.2896,
         0.0501],
        [0.2664, 0.2664, 0.3607, 0.3036, 0.3365, 0.2883, 0.2332, 0.4252, 0.2896,
         0.3222]], device='cuda:0', grad_fn=<SliceBackward0>)
Epoch:32 Time:46.9 Data:0.0 Loss:0.1002 Cls Loss:6.5540 Cls Loss Theta:6.5539 Pair Loss:0.3000 KL Loss:2.0000 KLD Theta:2.0000 Recon Loss:0.0002 Acc:0.0008 Theta Acc:0.0008 
=> centroids.dtype: torch.float32
=> Use Normal Gaussian As the Prior
image_tensor: tensor([-0.0406, -0.0279,  0.0320,  ...,  0.0047,  0.0089,  0.0018],
       device='cuda:0')
x_proj_norm.shape:torch.Size([64, 12]), tensor([4.9665e-02, 3.2377e-01, 6.2892e-02, 5.9630e-02, 6.0695e-02, 9.9994e-01,
        1.8885e-01, 6.1197e-02, 2.0887e-01, 4.5175e-02, 1.1974e-04, 4.5290e-02],
       device='cuda:0', grad_fn=<SliceBackward0>)
domian_feature+Z: tensor([[0.2692, 0.2684, 0.3608, 0.3037, 0.3361, 0.2911, 0.2342, 0.4291, 0.2886,
         0.0497],
        [0.2692, 0.2684, 0.3608, 0.3037, 0.3361, 0.2911, 0.2342, 0.4291, 0.2886,
         0.3238]], device='cuda:0', grad_fn=<SliceBackward0>)
Epoch:33 Time:46.4 Data:0.0 Loss:0.1002 Cls Loss:6.5540 Cls Loss Theta:6.5539 Pair Loss:0.3000 KL Loss:2.0000 KLD Theta:2.0000 Recon Loss:0.0002 Acc:0.0008 Theta Acc:0.0008 
=> centroids.dtype: torch.float32
=> Use Normal Gaussian As the Prior
image_tensor: tensor([-0.0173, -0.0644,  0.0042,  ..., -0.0077,  0.0216,  0.0098],
       device='cuda:0')
x_proj_norm.shape:torch.Size([64, 12]), tensor([4.9147e-02, 3.2544e-01, 6.2654e-02, 5.9356e-02, 6.0591e-02, 9.9996e-01,
        1.9580e-01, 6.0795e-02, 2.0729e-01, 4.5632e-02, 1.0001e-04, 4.5515e-02],
       device='cuda:0', grad_fn=<SliceBackward0>)
domian_feature+Z: tensor([[0.2722, 0.2707, 0.3600, 0.3038, 0.3346, 0.2937, 0.2341, 0.4282, 0.2884,
         0.0491],
        [0.2722, 0.2707, 0.3600, 0.3038, 0.3346, 0.2937, 0.2341, 0.4282, 0.2884,
         0.3254]], device='cuda:0', grad_fn=<SliceBackward0>)
Epoch:34 Time:46.6 Data:0.0 Loss:0.1002 Cls Loss:6.5540 Cls Loss Theta:6.5539 Pair Loss:0.3000 KL Loss:2.0000 KLD Theta:2.0000 Recon Loss:0.0002 Acc:0.0008 Theta Acc:0.0008 
=> centroids.dtype: torch.float32
=> Use Normal Gaussian As the Prior
image_tensor: tensor([-0.0105, -0.0139,  0.0052,  ...,  0.0078,  0.0032,  0.0031],
       device='cuda:0')
x_proj_norm.shape:torch.Size([64, 12]), tensor([4.8583e-02, 3.2773e-01, 6.2400e-02, 5.9090e-02, 6.0471e-02, 9.9988e-01,
        2.0204e-01, 6.0386e-02, 2.0563e-01, 4.6108e-02, 7.0582e-05, 4.5757e-02],
       device='cuda:0', grad_fn=<SliceBackward0>)
domian_feature+Z: tensor([[0.2746, 0.2726, 0.3593, 0.3038, 0.3333, 0.2960, 0.2342, 0.4282, 0.2880,
         0.0486],
        [0.2746, 0.2726, 0.3593, 0.3038, 0.3333, 0.2960, 0.2342, 0.4282, 0.2880,
         0.3277]], device='cuda:0', grad_fn=<SliceBackward0>)
Epoch:35 Time:46.9 Data:0.0 Loss:0.1002 Cls Loss:6.5540 Cls Loss Theta:6.5539 Pair Loss:0.3000 KL Loss:2.0000 KLD Theta:2.0000 Recon Loss:0.0002 Acc:0.0008 Theta Acc:0.0008 
=> Test at epoch 35
Extracted features for query set, obtained torch.Size([2228, 12]) matrix
Extracted features for gallery set, obtained torch.Size([17661, 12]) matrix
Extracting features complete in 0m 7s
Distance computing in 0m 0s
Computing CMC and mAP
Results ---------------------------------------------------
top1:0.0% top5:0.4% top10:0.4% top20:0.6% mAP:0.3%
-----------------------------------------------------------
Using 0m 2s
=> centroids.dtype: torch.float32
=> Use Normal Gaussian As the Prior
image_tensor: tensor([-0.0289, -0.0258,  0.0414,  ..., -0.0018,  0.0190,  0.0068],
       device='cuda:0')
x_proj_norm.shape:torch.Size([64, 12]), tensor([4.7953e-02, 3.3015e-01, 6.2082e-02, 5.8788e-02, 6.0290e-02, 9.9991e-01,
        2.0815e-01, 5.9930e-02, 2.0378e-01, 4.6584e-02, 9.8473e-05, 4.5991e-02],
       device='cuda:0', grad_fn=<SliceBackward0>)
domian_feature+Z: tensor([[0.2776, 0.2748, 0.3586, 0.3042, 0.3323, 0.2982, 0.2350, 0.4289, 0.2879,
         0.0480],
        [0.2776, 0.2748, 0.3586, 0.3042, 0.3323, 0.2982, 0.2350, 0.4289, 0.2879,
         0.3301]], device='cuda:0', grad_fn=<SliceBackward0>)
Epoch:36 Time:45.2 Data:0.0 Loss:0.1002 Cls Loss:6.5540 Cls Loss Theta:6.5539 Pair Loss:0.3000 KL Loss:2.0000 KLD Theta:2.0000 Recon Loss:0.0002 Acc:0.0008 Theta Acc:0.0008 
=> centroids.dtype: torch.float32
=> Use Normal Gaussian As the Prior
image_tensor: tensor([-0.0047,  0.0165,  0.0419,  ..., -0.0084,  0.0268,  0.0028],
       device='cuda:0')
x_proj_norm.shape:torch.Size([64, 12]), tensor([4.7239e-02, 3.3315e-01, 6.1695e-02, 5.8448e-02, 6.0042e-02, 9.9988e-01,
        2.1369e-01, 5.9425e-02, 2.0175e-01, 4.7030e-02, 9.4181e-05, 4.6195e-02],
       device='cuda:0', grad_fn=<SliceBackward0>)
domian_feature+Z: tensor([[0.2796, 0.2765, 0.3575, 0.3036, 0.3306, 0.3010, 0.2340, 0.4258, 0.2879,
         0.0472],
        [0.2796, 0.2765, 0.3575, 0.3036, 0.3306, 0.3010, 0.2340, 0.4258, 0.2879,
         0.3332]], device='cuda:0', grad_fn=<SliceBackward0>)
Epoch:37 Time:46.3 Data:0.0 Loss:0.1002 Cls Loss:6.5540 Cls Loss Theta:6.5539 Pair Loss:0.3000 KL Loss:2.0000 KLD Theta:2.0000 Recon Loss:0.0002 Acc:0.0008 Theta Acc:0.0008 
=> centroids.dtype: torch.float32
=> Use Normal Gaussian As the Prior
image_tensor: tensor([-0.0349, -0.0018,  0.0195,  ...,  0.0071,  0.0196,  0.0005],
       device='cuda:0')
x_proj_norm.shape:torch.Size([64, 12]), tensor([4.6462e-02, 3.3666e-01, 6.1259e-02, 5.8095e-02, 5.9750e-02, 9.9985e-01,
        2.1902e-01, 5.8899e-02, 1.9956e-01, 4.7472e-02, 9.0539e-05, 4.6390e-02],
       device='cuda:0', grad_fn=<SliceBackward0>)
domian_feature+Z: tensor([[0.2825, 0.2785, 0.3569, 0.3037, 0.3293, 0.3022, 0.2347, 0.4272, 0.2877,
         0.0465],
        [0.2825, 0.2785, 0.3569, 0.3037, 0.3293, 0.3022, 0.2347, 0.4272, 0.2877,
         0.3367]], device='cuda:0', grad_fn=<SliceBackward0>)
Epoch:38 Time:46.8 Data:0.0 Loss:0.1002 Cls Loss:6.5540 Cls Loss Theta:6.5539 Pair Loss:0.3000 KL Loss:2.0000 KLD Theta:2.0000 Recon Loss:0.0002 Acc:0.0008 Theta Acc:0.0008 
=> centroids.dtype: torch.float32
=> Use Normal Gaussian As the Prior
image_tensor: tensor([-0.0270, -0.0166,  0.0382,  ...,  0.0105,  0.0128,  0.0029],
       device='cuda:0')
x_proj_norm.shape:torch.Size([64, 12]), tensor([4.5545e-02, 3.4072e-01, 6.0690e-02, 5.7643e-02, 5.9324e-02, 9.9978e-01,
        2.2417e-01, 5.8269e-02, 1.9713e-01, 4.7809e-02, 1.1038e-05, 4.6486e-02],
       device='cuda:0', grad_fn=<SliceBackward0>)
domian_feature+Z: tensor([[0.2847, 0.2803, 0.3552, 0.3036, 0.3276, 0.3046, 0.2341, 0.4263, 0.2875,
         0.0455],
        [0.2847, 0.2803, 0.3552, 0.3036, 0.3276, 0.3046, 0.2341, 0.4263, 0.2875,
         0.3407]], device='cuda:0', grad_fn=<SliceBackward0>)
Epoch:39 Time:48.1 Data:0.0 Loss:0.1002 Cls Loss:6.5540 Cls Loss Theta:6.5539 Pair Loss:0.3000 KL Loss:2.0000 KLD Theta:2.0000 Recon Loss:0.0002 Acc:0.0008 Theta Acc:0.0008 
=> centroids.dtype: torch.float32
=> Use Normal Gaussian As the Prior
image_tensor: tensor([-0.0157,  0.0073,  0.0383,  ...,  0.0077,  0.0078,  0.0132],
       device='cuda:0')
x_proj_norm.shape:torch.Size([64, 12]), tensor([4.5629e-02, 7.1314e-02, 2.7159e-02, 2.5936e-02, 3.1429e-02, 9.9992e-01,
        2.6135e-01, 2.6591e-02, 1.0003e-01, 2.2869e-02, 4.0062e-04, 2.7677e-02],
       device='cuda:0', grad_fn=<SliceBackward0>)
domian_feature+Z: tensor([[0.7218, 0.6174, 0.8293, 0.6995, 0.7344, 0.6524, 0.6960, 0.9199, 0.6364,
         0.0456],
        [0.7218, 0.6174, 0.8293, 0.6995, 0.7344, 0.6524, 0.6960, 0.9199, 0.6364,
         0.0713]], device='cuda:0', grad_fn=<SliceBackward0>)
Epoch:40 Time:46.0 Data:0.0 Loss:0.1017 Cls Loss:6.5540 Cls Loss Theta:6.5539 Pair Loss:0.3000 KL Loss:2.0290 KLD Theta:2.0290 Recon Loss:0.0002 Acc:0.0008 Theta Acc:0.0003 
=> Test at epoch 40
Extracted features for query set, obtained torch.Size([2228, 12]) matrix
Extracted features for gallery set, obtained torch.Size([17661, 12]) matrix
Extracting features complete in 0m 6s
Distance computing in 0m 0s
Computing CMC and mAP
Results ---------------------------------------------------
top1:0.2% top5:0.3% top10:0.3% top20:0.3% mAP:0.4%
-----------------------------------------------------------
Using 0m 2s
=> centroids.dtype: torch.float32
=> Use Normal Gaussian As the Prior
image_tensor: tensor([-0.0180, -0.0061,  0.0290,  ..., -0.0039,  0.0179, -0.0028],
       device='cuda:0')
x_proj_norm.shape:torch.Size([64, 12]), tensor([4.4418e-02, 6.6054e-02, 2.7100e-02, 2.5804e-02, 2.8926e-02, 9.9965e-01,
        3.0464e-01, 2.6530e-02, 1.1132e-01, 2.3079e-02, 7.0460e-04, 2.7666e-02],
       device='cuda:0', grad_fn=<SliceBackward0>)
domian_feature+Z: tensor([[0.7290, 0.6199, 0.8327, 0.7029, 0.7413, 0.6594, 0.7032, 0.9297, 0.6434,
         0.0444],
        [0.7290, 0.6199, 0.8327, 0.7029, 0.7413, 0.6594, 0.7032, 0.9297, 0.6434,
         0.0661]], device='cuda:0', grad_fn=<SliceBackward0>)
Epoch:41 Time:44.8 Data:0.0 Loss:0.1011 Cls Loss:6.5540 Cls Loss Theta:6.5539 Pair Loss:0.3000 KL Loss:2.0177 KLD Theta:2.0177 Recon Loss:0.0002 Acc:0.0008 Theta Acc:0.0008 
=> centroids.dtype: torch.float32
=> Use Normal Gaussian As the Prior
image_tensor: tensor([-0.0106, -0.0195,  0.0544,  ...,  0.0013,  0.0107, -0.0033],
       device='cuda:0')
x_proj_norm.shape:torch.Size([64, 12]), tensor([4.3325e-02, 6.7141e-02, 2.6957e-02, 2.5573e-02, 2.8719e-02, 9.9967e-01,
        3.0531e-01, 2.6294e-02, 1.1181e-01, 2.2798e-02, 2.8509e-04, 2.7341e-02],
       device='cuda:0', grad_fn=<SliceBackward0>)
domian_feature+Z: tensor([[0.7296, 0.6206, 0.8330, 0.7033, 0.7420, 0.6600, 0.7037, 0.9301, 0.6442,
         0.0433],
        [0.7296, 0.6206, 0.8330, 0.7033, 0.7420, 0.6600, 0.7037, 0.9301, 0.6442,
         0.0671]], device='cuda:0', grad_fn=<SliceBackward0>)
Epoch:42 Time:46.8 Data:0.0 Loss:0.1003 Cls Loss:6.5540 Cls Loss Theta:6.5539 Pair Loss:0.3000 KL Loss:2.0021 KLD Theta:2.0021 Recon Loss:0.0002 Acc:0.0008 Theta Acc:0.0018 
=> centroids.dtype: torch.float32
=> Use Normal Gaussian As the Prior
image_tensor: tensor([-0.0052, -0.0028,  0.0501,  ...,  0.0023,  0.0083, -0.0059],
       device='cuda:0')
x_proj_norm.shape:torch.Size([64, 12]), tensor([4.3569e-02, 6.5875e-02, 2.7054e-02, 2.5637e-02, 2.8762e-02, 9.9977e-01,
        3.0570e-01, 2.6368e-02, 1.1229e-01, 2.2900e-02, 5.3698e-04, 2.7442e-02],
       device='cuda:0', grad_fn=<SliceBackward0>)
domian_feature+Z: tensor([[0.7307, 0.6201, 0.8347, 0.7039, 0.7409, 0.6596, 0.7047, 0.9271, 0.6419,
         0.0436],
        [0.7307, 0.6201, 0.8347, 0.7039, 0.7409, 0.6596, 0.7047, 0.9271, 0.6419,
         0.0659]], device='cuda:0', grad_fn=<SliceBackward0>)
Epoch:43 Time:46.4 Data:0.0 Loss:0.1003 Cls Loss:6.5540 Cls Loss Theta:6.5539 Pair Loss:0.3000 KL Loss:2.0018 KLD Theta:2.0018 Recon Loss:0.0002 Acc:0.0008 Theta Acc:0.0022 
=> centroids.dtype: torch.float32
=> Use Normal Gaussian As the Prior
image_tensor: tensor([-0.0421, -0.0443, -0.0105,  ...,  0.0004,  0.0040,  0.0065],
       device='cuda:0')
x_proj_norm.shape:torch.Size([64, 12]), tensor([4.2798e-02, 6.7523e-02, 2.7091e-02, 2.5579e-02, 2.8742e-02, 9.9982e-01,
        3.0465e-01, 2.6306e-02, 1.1207e-01, 2.2785e-02, 2.9095e-04, 2.7284e-02],
       device='cuda:0', grad_fn=<SliceBackward0>)
domian_feature+Z: tensor([[0.7297, 0.6212, 0.8329, 0.7033, 0.7421, 0.6600, 0.7034, 0.9302, 0.6442,
         0.0428],
        [0.7297, 0.6212, 0.8329, 0.7033, 0.7421, 0.6600, 0.7034, 0.9302, 0.6442,
         0.0675]], device='cuda:0', grad_fn=<SliceBackward0>)
Epoch:44 Time:47.5 Data:0.0 Loss:0.1003 Cls Loss:6.5540 Cls Loss Theta:6.5539 Pair Loss:0.3000 KL Loss:2.0014 KLD Theta:2.0014 Recon Loss:0.0002 Acc:0.0008 Theta Acc:0.0017 
=> centroids.dtype: torch.float32
=> Use Normal Gaussian As the Prior
image_tensor: tensor([-0.0050, -0.0323,  0.0471,  ...,  0.0079,  0.0111,  0.0047],
       device='cuda:0')
x_proj_norm.shape:torch.Size([64, 12]), tensor([4.2856e-02, 6.7135e-02, 2.7199e-02, 2.5636e-02, 2.8801e-02, 9.9993e-01,
        3.0457e-01, 2.6374e-02, 1.1221e-01, 2.2849e-02, 4.1312e-04, 2.7334e-02],
       device='cuda:0', grad_fn=<SliceBackward0>)
domian_feature+Z: tensor([[0.7315, 0.6232, 0.8341, 0.7050, 0.7438, 0.6615, 0.7039, 0.9339, 0.6458,
         0.0429],
        [0.7315, 0.6232, 0.8341, 0.7050, 0.7438, 0.6615, 0.7039, 0.9339, 0.6458,
         0.0671]], device='cuda:0', grad_fn=<SliceBackward0>)
Epoch:45 Time:46.4 Data:0.0 Loss:0.1003 Cls Loss:6.5540 Cls Loss Theta:6.5539 Pair Loss:0.3000 KL Loss:2.0004 KLD Theta:2.0004 Recon Loss:0.0002 Acc:0.0008 Theta Acc:0.0012 
=> Test at epoch 45
Extracted features for query set, obtained torch.Size([2228, 12]) matrix
Extracted features for gallery set, obtained torch.Size([17661, 12]) matrix
Extracting features complete in 0m 7s
Distance computing in 0m 0s
Computing CMC and mAP
Results ---------------------------------------------------
top1:0.1% top5:0.3% top10:0.3% top20:0.3% mAP:0.4%
-----------------------------------------------------------
Using 0m 2s
=> centroids.dtype: torch.float32
=> Use Normal Gaussian As the Prior
image_tensor: tensor([ 0.0028, -0.0279,  0.0113,  ..., -0.0044,  0.0030,  0.0053],
       device='cuda:0')
x_proj_norm.shape:torch.Size([64, 12]), tensor([4.1897e-02, 6.9777e-02, 2.7342e-02, 2.5664e-02, 2.8897e-02, 9.9984e-01,
        3.0389e-01, 2.6397e-02, 1.1216e-01, 2.2809e-02, 1.8208e-04, 2.7227e-02],
       device='cuda:0', grad_fn=<SliceBackward0>)
domian_feature+Z: tensor([[0.7314, 0.6238, 0.8343, 0.7049, 0.7437, 0.6618, 0.7047, 0.9320, 0.6458,
         0.0419],
        [0.7314, 0.6238, 0.8343, 0.7049, 0.7437, 0.6618, 0.7047, 0.9320, 0.6458,
         0.0698]], device='cuda:0', grad_fn=<SliceBackward0>)
Epoch:46 Time:44.2 Data:0.0 Loss:0.1003 Cls Loss:6.5540 Cls Loss Theta:6.5539 Pair Loss:0.3000 KL Loss:2.0006 KLD Theta:2.0006 Recon Loss:0.0002 Acc:0.0008 Theta Acc:0.0010 
=> centroids.dtype: torch.float32
=> Use Normal Gaussian As the Prior
image_tensor: tensor([-0.0205,  0.0010,  0.0603,  ..., -0.0023,  0.0051,  0.0094],
       device='cuda:0')
x_proj_norm.shape:torch.Size([64, 12]), tensor([4.2447e-02, 6.8658e-02, 2.7569e-02, 2.5857e-02, 2.9067e-02, 9.9987e-01,
        3.0318e-01, 2.6598e-02, 1.1196e-01, 2.3039e-02, 5.5976e-04, 2.7455e-02],
       device='cuda:0', grad_fn=<SliceBackward0>)
domian_feature+Z: tensor([[0.7308, 0.6239, 0.8331, 0.7044, 0.7432, 0.6614, 0.7032, 0.9355, 0.6454,
         0.0424],
        [0.7308, 0.6239, 0.8331, 0.7044, 0.7432, 0.6614, 0.7032, 0.9355, 0.6454,
         0.0687]], device='cuda:0', grad_fn=<SliceBackward0>)
Epoch:47 Time:47.4 Data:0.0 Loss:0.1002 Cls Loss:6.5540 Cls Loss Theta:6.5539 Pair Loss:0.3000 KL Loss:2.0000 KLD Theta:2.0000 Recon Loss:0.0002 Acc:0.0008 Theta Acc:0.0015 
=> centroids.dtype: torch.float32
=> Use Normal Gaussian As the Prior
image_tensor: tensor([-0.0068,  0.0213,  0.0435,  ..., -0.0002,  0.0235,  0.0036],
       device='cuda:0')
x_proj_norm.shape:torch.Size([64, 12]), tensor([4.2230e-02, 6.8784e-02, 2.7590e-02, 2.5813e-02, 2.9049e-02, 9.9992e-01,
        3.0302e-01, 2.6567e-02, 1.1184e-01, 2.2993e-02, 5.1049e-04, 2.7368e-02],
       device='cuda:0', grad_fn=<SliceBackward0>)
domian_feature+Z: tensor([[0.7313, 0.6233, 0.8348, 0.7048, 0.7418, 0.6604, 0.7044, 0.9283, 0.6431,
         0.0422],
        [0.7313, 0.6233, 0.8348, 0.7048, 0.7418, 0.6604, 0.7044, 0.9283, 0.6431,
         0.0688]], device='cuda:0', grad_fn=<SliceBackward0>)
Epoch:48 Time:47.0 Data:0.0 Loss:0.1002 Cls Loss:6.5540 Cls Loss Theta:6.5539 Pair Loss:0.3000 KL Loss:2.0002 KLD Theta:2.0002 Recon Loss:0.0002 Acc:0.0008 Theta Acc:0.0009 
=> centroids.dtype: torch.float32
=> Use Normal Gaussian As the Prior
image_tensor: tensor([-0.0102,  0.0105,  0.0142,  ...,  0.0056,  0.0029,  0.0196],
       device='cuda:0')
x_proj_norm.shape:torch.Size([64, 12]), tensor([4.1355e-02, 7.1067e-02, 2.7681e-02, 2.5808e-02, 2.9117e-02, 9.9993e-01,
        3.0265e-01, 2.6565e-02, 1.1176e-01, 2.2928e-02, 2.4894e-04, 2.7227e-02],
       device='cuda:0', grad_fn=<SliceBackward0>)
domian_feature+Z: tensor([[0.7310, 0.6248, 0.8334, 0.7043, 0.7429, 0.6612, 0.7032, 0.9327, 0.6451,
         0.0414],
        [0.7310, 0.6248, 0.8334, 0.7043, 0.7429, 0.6612, 0.7032, 0.9327, 0.6451,
         0.0711]], device='cuda:0', grad_fn=<SliceBackward0>)
Epoch:49 Time:45.6 Data:0.0 Loss:0.1003 Cls Loss:6.5540 Cls Loss Theta:6.5539 Pair Loss:0.3000 KL Loss:2.0002 KLD Theta:2.0002 Recon Loss:0.0002 Acc:0.0008 Theta Acc:0.0010 
=> centroids.dtype: torch.float32
=> Use Normal Gaussian As the Prior
image_tensor: tensor([-0.0435, -0.0016,  0.0028,  ...,  0.0005,  0.0066, -0.0055],
       device='cuda:0')
x_proj_norm.shape:torch.Size([64, 12]), tensor([4.0369e-02, 7.4305e-02, 2.7934e-02, 2.5955e-02, 2.9370e-02, 9.9978e-01,
        3.0302e-01, 2.6718e-02, 1.1201e-01, 2.3007e-02, 9.5014e-05, 2.7203e-02],
       device='cuda:0', grad_fn=<SliceBackward0>)
domian_feature+Z: tensor([[0.7316, 0.6263, 0.8333, 0.7047, 0.7436, 0.6618, 0.7029, 0.9350, 0.6457,
         0.0404],
        [0.7316, 0.6263, 0.8333, 0.7047, 0.7436, 0.6618, 0.7029, 0.9350, 0.6457,
         0.0743]], device='cuda:0', grad_fn=<SliceBackward0>)
Epoch:50 Time:47.5 Data:0.0 Loss:0.1003 Cls Loss:6.5540 Cls Loss Theta:6.5539 Pair Loss:0.3000 KL Loss:2.0010 KLD Theta:2.0010 Recon Loss:0.0002 Acc:0.0008 Theta Acc:0.0010 
=> Test at epoch 50
Extracted features for query set, obtained torch.Size([2228, 12]) matrix
Extracted features for gallery set, obtained torch.Size([17661, 12]) matrix
Extracting features complete in 0m 8s
Distance computing in 0m 0s
Computing CMC and mAP
Results ---------------------------------------------------
top1:0.1% top5:0.3% top10:0.3% top20:0.4% mAP:0.4%
-----------------------------------------------------------
Using 0m 2s
=> centroids.dtype: torch.float32
=> Use Normal Gaussian As the Prior
image_tensor: tensor([-0.0191,  0.0065,  0.0266,  ...,  0.0059,  0.0184,  0.0006],
       device='cuda:0')
x_proj_norm.shape:torch.Size([64, 12]), tensor([3.9655e-02, 7.6568e-02, 2.8147e-02, 2.6072e-02, 2.9537e-02, 9.9966e-01,
        3.0217e-01, 2.6824e-02, 1.1183e-01, 2.3082e-02, 2.7446e-05, 2.7207e-02],
       device='cuda:0', grad_fn=<SliceBackward0>)
domian_feature+Z: tensor([[0.7311, 0.6265, 0.8325, 0.7049, 0.7428, 0.6616, 0.7021, 0.9341, 0.6444,
         0.0397],
        [0.7311, 0.6265, 0.8325, 0.7049, 0.7428, 0.6616, 0.7021, 0.9341, 0.6444,
         0.0766]], device='cuda:0', grad_fn=<SliceBackward0>)
Epoch:51 Time:44.7 Data:0.0 Loss:0.1002 Cls Loss:6.5540 Cls Loss Theta:6.5539 Pair Loss:0.3000 KL Loss:2.0000 KLD Theta:2.0000 Recon Loss:0.0002 Acc:0.0008 Theta Acc:0.0008 
=> centroids.dtype: torch.float32
=> Use Normal Gaussian As the Prior
image_tensor: tensor([-0.0194,  0.0009,  0.0203,  ...,  0.0093,  0.0008,  0.0111],
       device='cuda:0')
x_proj_norm.shape:torch.Size([64, 12]), tensor([4.0511e-02, 7.4415e-02, 2.8310e-02, 2.6229e-02, 2.9641e-02, 9.9984e-01,
        3.0107e-01, 2.6982e-02, 1.1124e-01, 2.3301e-02, 4.1079e-04, 2.7431e-02],
       device='cuda:0', grad_fn=<SliceBackward0>)
domian_feature+Z: tensor([[0.7316, 0.6279, 0.8330, 0.7055, 0.7432, 0.6623, 0.7025, 0.9334, 0.6455,
         0.0405],
        [0.7316, 0.6279, 0.8330, 0.7055, 0.7432, 0.6623, 0.7025, 0.9334, 0.6455,
         0.0744]], device='cuda:0', grad_fn=<SliceBackward0>)
Epoch:52 Time:46.2 Data:0.0 Loss:0.1002 Cls Loss:6.5540 Cls Loss Theta:6.5539 Pair Loss:0.3000 KL Loss:2.0000 KLD Theta:2.0000 Recon Loss:0.0002 Acc:0.0008 Theta Acc:0.0015 
=> centroids.dtype: torch.float32
=> Use Normal Gaussian As the Prior
image_tensor: tensor([-0.0451, -0.0201,  0.0322,  ...,  0.0043, -0.0041,  0.0075],
       device='cuda:0')
x_proj_norm.shape:torch.Size([64, 12]), tensor([3.9692e-02, 7.7535e-02, 2.8661e-02, 2.6485e-02, 2.9951e-02, 9.9989e-01,
        2.9982e-01, 2.7213e-02, 1.1097e-01, 2.3486e-02, 3.1363e-04, 2.7542e-02],
       device='cuda:0', grad_fn=<SliceBackward0>)
domian_feature+Z: tensor([[0.7315, 0.6287, 0.8335, 0.7051, 0.7434, 0.6622, 0.7014, 0.9366, 0.6463,
         0.0397],
        [0.7315, 0.6287, 0.8335, 0.7051, 0.7434, 0.6622, 0.7014, 0.9366, 0.6463,
         0.0775]], device='cuda:0', grad_fn=<SliceBackward0>)
Epoch:53 Time:46.2 Data:0.0 Loss:0.1002 Cls Loss:6.5540 Cls Loss Theta:6.5539 Pair Loss:0.3000 KL Loss:2.0000 KLD Theta:2.0000 Recon Loss:0.0002 Acc:0.0008 Theta Acc:0.0011 
=> centroids.dtype: torch.float32
=> Use Normal Gaussian As the Prior
image_tensor: tensor([-0.0300, -0.0117,  0.0306,  ...,  0.0177,  0.0097,  0.0024],
       device='cuda:0')
x_proj_norm.shape:torch.Size([64, 12]), tensor([3.9317e-02, 7.8702e-02, 2.8822e-02, 2.6585e-02, 3.0068e-02, 9.9988e-01,
        2.9866e-01, 2.7296e-02, 1.1050e-01, 2.3567e-02, 2.6831e-04, 2.7571e-02],
       device='cuda:0', grad_fn=<SliceBackward0>)
domian_feature+Z: tensor([[0.7318, 0.6296, 0.8333, 0.7063, 0.7432, 0.6623, 0.7021, 0.9342, 0.6455,
         0.0393],
        [0.7318, 0.6296, 0.8333, 0.7063, 0.7432, 0.6623, 0.7021, 0.9342, 0.6455,
         0.0787]], device='cuda:0', grad_fn=<SliceBackward0>)
Epoch:54 Time:46.8 Data:0.0 Loss:0.1002 Cls Loss:6.5540 Cls Loss Theta:6.5539 Pair Loss:0.3000 KL Loss:2.0000 KLD Theta:2.0000 Recon Loss:0.0002 Acc:0.0008 Theta Acc:0.0008 
=> centroids.dtype: torch.float32
=> Use Normal Gaussian As the Prior
image_tensor: tensor([-0.0051, -0.0466,  0.0103,  ..., -0.0170,  0.0077,  0.0096],
       device='cuda:0')
x_proj_norm.shape:torch.Size([64, 12]), tensor([3.9004e-02, 7.9465e-02, 2.8903e-02, 2.6614e-02, 3.0105e-02, 9.9991e-01,
        2.9764e-01, 2.7308e-02, 1.1001e-01, 2.3592e-02, 2.0582e-04, 2.7544e-02],
       device='cuda:0', grad_fn=<SliceBackward0>)
domian_feature+Z: tensor([[0.7320, 0.6309, 0.8334, 0.7067, 0.7432, 0.6630, 0.7005, 0.9362, 0.6459,
         0.0390],
        [0.7320, 0.6309, 0.8334, 0.7067, 0.7432, 0.6630, 0.7005, 0.9362, 0.6459,
         0.0795]], device='cuda:0', grad_fn=<SliceBackward0>)
Epoch:55 Time:47.4 Data:0.0 Loss:0.1002 Cls Loss:6.5540 Cls Loss Theta:6.5539 Pair Loss:0.3000 KL Loss:2.0000 KLD Theta:2.0000 Recon Loss:0.0002 Acc:0.0008 Theta Acc:0.0008 
=> Test at epoch 55
Extracted features for query set, obtained torch.Size([2228, 12]) matrix
Extracted features for gallery set, obtained torch.Size([17661, 12]) matrix
Extracting features complete in 0m 6s
Distance computing in 0m 0s
Computing CMC and mAP
Results ---------------------------------------------------
top1:0.1% top5:0.3% top10:0.4% top20:0.4% mAP:0.4%
-----------------------------------------------------------
Using 0m 2s
=> centroids.dtype: torch.float32
=> Use Normal Gaussian As the Prior
image_tensor: tensor([-0.0109, -0.0111,  0.0263,  ...,  0.0042,  0.0040, -0.0075],
       device='cuda:0')
x_proj_norm.shape:torch.Size([64, 12]), tensor([0.0377, 0.0840, 0.0293, 0.0269, 0.0304, 0.9998, 0.2966, 0.0275, 0.1099,
        0.0238, 0.0000, 0.0276], device='cuda:0', grad_fn=<SliceBackward0>)
domian_feature+Z: tensor([[0.7316, 0.6316, 0.8328, 0.7065, 0.7429, 0.6629, 0.6994, 0.9378, 0.6456,
         0.0377],
        [0.7316, 0.6316, 0.8328, 0.7065, 0.7429, 0.6629, 0.6994, 0.9378, 0.6456,
         0.0840]], device='cuda:0', grad_fn=<SliceBackward0>)
Epoch:56 Time:45.1 Data:0.0 Loss:0.1002 Cls Loss:6.5540 Cls Loss Theta:6.5539 Pair Loss:0.3000 KL Loss:2.0000 KLD Theta:2.0000 Recon Loss:0.0002 Acc:0.0008 Theta Acc:0.0013 
=> centroids.dtype: torch.float32
=> Use Normal Gaussian As the Prior
image_tensor: tensor([-0.0530, -0.0245,  0.0203,  ...,  0.0109,  0.0050, -0.0036],
       device='cuda:0')
x_proj_norm.shape:torch.Size([64, 12]), tensor([3.7950e-02, 8.3543e-02, 2.9459e-02, 2.7044e-02, 3.0584e-02, 9.9985e-01,
        2.9556e-01, 2.7687e-02, 1.0937e-01, 2.3964e-02, 1.8105e-04, 2.7775e-02],
       device='cuda:0', grad_fn=<SliceBackward0>)
domian_feature+Z: tensor([[0.7323, 0.6336, 0.8331, 0.7079, 0.7434, 0.6644, 0.6998, 0.9365, 0.6462,
         0.0379],
        [0.7323, 0.6336, 0.8331, 0.7079, 0.7434, 0.6644, 0.6998, 0.9365, 0.6462,
         0.0835]], device='cuda:0', grad_fn=<SliceBackward0>)
Epoch:57 Time:47.1 Data:0.0 Loss:0.1002 Cls Loss:6.5540 Cls Loss Theta:6.5539 Pair Loss:0.3000 KL Loss:2.0000 KLD Theta:2.0000 Recon Loss:0.0002 Acc:0.0008 Theta Acc:0.0008 
=> centroids.dtype: torch.float32
=> Use Normal Gaussian As the Prior
image_tensor: tensor([-0.0263, -0.0353,  0.0240,  ...,  0.0039,  0.0176,  0.0018],
       device='cuda:0')
x_proj_norm.shape:torch.Size([64, 12]), tensor([3.8165e-02, 8.4390e-02, 2.9943e-02, 2.7496e-02, 3.1026e-02, 9.9991e-01,
        2.9475e-01, 2.8113e-02, 1.0914e-01, 2.4425e-02, 5.3137e-04, 2.8184e-02],
       device='cuda:0', grad_fn=<SliceBackward0>)
domian_feature+Z: tensor([[0.7323, 0.6345, 0.8336, 0.7076, 0.7433, 0.6642, 0.6985, 0.9404, 0.6467,
         0.0382],
        [0.7323, 0.6345, 0.8336, 0.7076, 0.7433, 0.6642, 0.6985, 0.9404, 0.6467,
         0.0844]], device='cuda:0', grad_fn=<SliceBackward0>)
Epoch:58 Time:46.7 Data:0.0 Loss:0.1002 Cls Loss:6.5540 Cls Loss Theta:6.5539 Pair Loss:0.3000 KL Loss:2.0000 KLD Theta:2.0000 Recon Loss:0.0002 Acc:0.0008 Theta Acc:0.0008 
=> centroids.dtype: torch.float32
=> Use Normal Gaussian As the Prior
image_tensor: tensor([-0.0175, -0.0074,  0.0226,  ...,  0.0083,  0.0199,  0.0110],
       device='cuda:0')
x_proj_norm.shape:torch.Size([64, 12]), tensor([3.7431e-02, 8.6259e-02, 3.0015e-02, 2.7515e-02, 3.1060e-02, 9.9991e-01,
        2.9356e-01, 2.8098e-02, 1.0861e-01, 2.4423e-02, 2.9163e-04, 2.8105e-02],
       device='cuda:0', grad_fn=<SliceBackward0>)
domian_feature+Z: tensor([[0.7316, 0.6354, 0.8318, 0.7077, 0.7426, 0.6642, 0.6969, 0.9377, 0.6464,
         0.0374],
        [0.7316, 0.6354, 0.8318, 0.7077, 0.7426, 0.6642, 0.6969, 0.9377, 0.6464,
         0.0863]], device='cuda:0', grad_fn=<SliceBackward0>)
Epoch:59 Time:46.4 Data:0.0 Loss:0.1002 Cls Loss:6.5540 Cls Loss Theta:6.5539 Pair Loss:0.3000 KL Loss:2.0000 KLD Theta:2.0000 Recon Loss:0.0002 Acc:0.0008 Theta Acc:0.0008 
=> centroids.dtype: torch.float32
=> Use Normal Gaussian As the Prior
image_tensor: tensor([ 0.0063, -0.0171,  0.0441,  ..., -0.0096,  0.0101,  0.0117],
       device='cuda:0')
x_proj_norm.shape:torch.Size([64, 12]), tensor([3.6717e-02, 8.8973e-02, 3.0332e-02, 2.7772e-02, 3.1337e-02, 9.9991e-01,
        2.9251e-01, 2.8316e-02, 1.0834e-01, 2.4651e-02, 2.3254e-04, 2.8243e-02],
       device='cuda:0', grad_fn=<SliceBackward0>)
domian_feature+Z: tensor([[0.7318, 0.6367, 0.8323, 0.7081, 0.7425, 0.6655, 0.6960, 0.9399, 0.6465,
         0.0367],
        [0.7318, 0.6367, 0.8323, 0.7081, 0.7425, 0.6655, 0.6960, 0.9399, 0.6465,
         0.0890]], device='cuda:0', grad_fn=<SliceBackward0>)
Epoch:60 Time:45.7 Data:0.0 Loss:0.1002 Cls Loss:6.5540 Cls Loss Theta:6.5539 Pair Loss:0.3000 KL Loss:2.0000 KLD Theta:2.0000 Recon Loss:0.0002 Acc:0.0008 Theta Acc:0.0008 
=> Test at epoch 60
Extracted features for query set, obtained torch.Size([2228, 12]) matrix
Extracted features for gallery set, obtained torch.Size([17661, 12]) matrix
Extracting features complete in 0m 7s
Distance computing in 0m 0s
Computing CMC and mAP
Results ---------------------------------------------------
top1:0.1% top5:0.3% top10:0.4% top20:0.4% mAP:0.4%
-----------------------------------------------------------
Using 0m 2s
=> Best Rank-1 0.2% achieved at epoch 20
Finished. Total elapsed time (h:m:s): 0:48:45. Training time (h:m:s): 0:46:57.
Shutting down background jobs, please wait a moment...
Done!
Waiting for the remaining 31 operations to synchronize with Neptune. Do not kill this process.
All 31 operations synced, thanks for waiting!
Explore the metadata in the Neptune app:
https://app.neptune.ai/Zhengwei-Lab/NIPSTransferReID/e/NIPS-475/metadata
