https://app.neptune.ai/Zhengwei-Lab/NIPSTransferReID/e/NIPS-518
=> merge config from ./configs/clipreid_cvae_kl.yaml
Use only x as input for flow model
Use original kl loss for cvae model
Use centroid as domain embedding
/home/zhengwei/Desktop/Zhengwei/Projects/CVAE/main.py:94: NeptuneUnsupportedType: You're attempting to log a type that is not directly supported by Neptune (<class 'list'>).
        Convert the value to a supported type, such as a string or float, or use stringify_unsupported(obj)
        for dictionaries or collections that contain unsupported values.
        For more, see https://docs.neptune.ai/help/value_of_unsupported_type
  run["parameters"] = param
=> Configurations:
-------------------------
AMP: True
AUG:
  RC_PROB: 0.5
  RE_PROB: 0.5
DATA:
  CUHK03_CLASSIC_SPLIT: False
  CUHK03_LABELED: False
  DATASET: duke
  FORMAT_TAG: tensor
  HEIGHT: 256
  NUM_INSTANCES: 4
  NUM_WORKERS: 4
  ROOT: /home/zhengwei/Desktop/Zhengwei/Projects/datasets
  SPLIT_ID: 0
  TEST_BATCH: 512
  TRAIN_BATCH: 64
  TRAIN_FORMAT: base
  WIDTH: 128
EVAL_MODE: False
GPU: 0
LOSS:
  CLA_LOSS: crossentropylabelsmooth
  CLA_M: 0.0
  CLA_S: 16.0
  PAIR_LOSS: triplet
  PAIR_M: 0.3
  PAIR_S: 16.0
  RECON_LOSS: mse
MODEL:
  CONDITIONAL: False
  FEATURE_DIM: 1280
  FEAT_FUSION: True
  FLOW_TYPE: yuke_mlpflow
  GAUSSIAN: MultivariateNormal
  LATENT_SIZE: 12
  NAME: CVAE
  ONLY_CVAE_KL: True
  ONLY_X_INPUT: True
  PRETRAIN: CLIPreid
  RES4_STRIDE: 1
  RESUME: 
  TRAIN_STAGE: klstage
  USE_CENTROID: True
  VAE_TYPE: cvae
OUTPUT: ./outputs/duke/clipreid_cvae_baseline/2024-04-04/baseline_fp32_l4vaeleakRelu-lre4_12z_yuke_mlpflow_mse
SAVED_NAME: baseline_fp32_l4vaeleakRelu-lre4_12z
SEED: 0
TAG: clipreid_cvae_baseline
TEST:
  DISTANCE: cosine
  EVAL_STEP: 5
  START_EVAL: -1
TRAIN:
  AMP: False
  LR_SCHEDULER:
    DECAY_RATE: 0.1
    NAME: MultiStepLR
    STEPSIZE: [20, 40]
  MAX_EPOCH: 60
  OPTIMIZER:
    LR: 0.0001
    NAME: adam
    WEIGHT_DECAY: 0.0001
  START_EPOCH: 0
----------------------
Initializing dataset duke
Warning: string series 'monitoring/55ce703c/stdout' value was longer than 1000 characters and was truncated. This warning is printed only once per series.
Loading cluster results from '/home/zhengwei/Desktop/Zhengwei/Projects/datasets/DukeMTMC-reID/kmeans_results/CLIPreid/train_all_25k_euclidean.pt'
Clustering stastistics: [(0, 984), (1, 911), (2, 811), (3, 960), (4, 799), (5, 813), (6, 562), (7, 133), (8, 227), (9, 675), (10, 1504), (11, 473), (12, 654), (13, 332), (14, 589), (15, 801), (16, 694), (17, 480), (18, 621), (19, 567), (20, 527), (21, 1042), (22, 1102), (23, 88), (24, 173)]
Loading cluster results from '/home/zhengwei/Desktop/Zhengwei/Projects/datasets/DukeMTMC-reID/kmeans_results/CLIPreid/query_25k_euclidean.pt'
Clustering stastistics: [(0, 158), (1, 127), (2, 88), (3, 147), (4, 53), (5, 90), (6, 110), (7, 91), (8, 44), (9, 71), (10, 114), (11, 87), (12, 71), (13, 31), (14, 82), (15, 74), (16, 92), (17, 62), (18, 109), (19, 93), (20, 113), (21, 48), (22, 100), (23, 65), (24, 108)]
Loading cluster results from '/home/zhengwei/Desktop/Zhengwei/Projects/datasets/DukeMTMC-reID/kmeans_results/CLIPreid/gallery_25k_euclidean.pt'
Clustering stastistics: [(0, 854), (1, 463), (2, 629), (3, 835), (4, 599), (5, 803), (6, 822), (7, 1079), (8, 824), (9, 262), (10, 711), (11, 521), (12, 613), (13, 659), (14, 347), (15, 306), (16, 901), (17, 881), (18, 750), (19, 893), (20, 826), (21, 627), (22, 938), (23, 868), (24, 650)]
=> DukeMTMC-reID tensor loaded
Dataset statistics:
  ------------------------------
  subset   | # ids | # images
  ------------------------------
  train    |   702 |    16522
  query    |   702 |     2228
  gallery  |  1110 |    17661
  ------------------------------
  total    |  1404 |    36411
  ------------------------------
Initializing Flow model: yuke_mlpflow
Initializing vae model: cvae
Model size: 1.74467M
Using MLPClassBlock with hiidem_dim_list: [64, 128, 256, 512]
Classifier size: 0.53222M
=> Start training
=> centroids.dtype: torch.float32
=> Only CVAE KL
=> Use Multivariate Gaussian As the Prior
image_tensor: tensor([-0.0219, -0.0346,  0.0277,  ...,  0.0021,  0.0164,  0.0044],
       device='cuda:0')
x_proj_norm.shape:torch.Size([64, 12]), tensor([ 0.8712, -0.0208,  0.2491, -0.0140, -0.0319,  0.2455,  0.3337, -0.0568,
        -0.0103, -0.0359, -0.0285, -0.0170], device='cuda:0',
       grad_fn=<SliceBackward0>)
domian_feature+Z: tensor([[ 0.0249,  0.0988, -0.0656, -0.0136,  0.0796,  0.1202, -0.1203,  0.0964,
          0.0018,  0.8712],
        [ 0.0249,  0.0988, -0.0656, -0.0136,  0.0796,  0.1202, -0.1203,  0.0964,
          0.0018, -0.0208]], device='cuda:0', grad_fn=<SliceBackward0>)
Epoch:1 Time:62.2 Data:0.0 Loss:0.0004 Cls Loss:6.5539 Cls Loss Theta:6.5540 Pair Loss:0.3011 KL Loss:17.4051 KLD Theta:17.4051 Recon Loss:0.0004 Acc:0.0012 Theta Acc:0.0008 
=> centroids.dtype: torch.float32
=> Only CVAE KL
=> Use Multivariate Gaussian As the Prior
image_tensor: tensor([-0.0260, -0.0231,  0.0260,  ...,  0.0219,  0.0047,  0.0010],
       device='cuda:0')
x_proj_norm.shape:torch.Size([64, 12]), tensor([ 0.7917, -0.0136,  0.4338, -0.0263, -0.0835,  0.1505,  0.3811, -0.0354,
        -0.0328, -0.0288, -0.0512, -0.0590], device='cuda:0',
       grad_fn=<SliceBackward0>)
domian_feature+Z: tensor([[ 0.0483,  0.0602, -0.0365, -0.0464,  0.0597,  0.1153, -0.1251,  0.0942,
          0.0048,  0.7917],
        [ 0.0483,  0.0602, -0.0365, -0.0464,  0.0597,  0.1153, -0.1251,  0.0942,
          0.0048, -0.0136]], device='cuda:0', grad_fn=<SliceBackward0>)
Epoch:2 Time:55.5 Data:0.0 Loss:0.0002 Cls Loss:6.5539 Cls Loss Theta:6.5540 Pair Loss:0.2995 KL Loss:16.8453 KLD Theta:16.8453 Recon Loss:0.0002 Acc:0.0010 Theta Acc:0.0008 
=> centroids.dtype: torch.float32
=> Only CVAE KL
=> Use Multivariate Gaussian As the Prior
image_tensor: tensor([-0.0332, -0.0240,  0.0215,  ...,  0.0157,  0.0181,  0.0038],
       device='cuda:0')
x_proj_norm.shape:torch.Size([64, 12]), tensor([ 0.4215,  0.1239,  0.5329, -0.0122, -0.0351,  0.4372,  0.3280,  0.0334,
         0.4650,  0.0657, -0.0099, -0.0347], device='cuda:0',
       grad_fn=<SliceBackward0>)
domian_feature+Z: tensor([[ 0.0461,  0.0551, -0.0505, -0.0862,  0.1494,  0.0968, -0.1614,  0.0891,
         -0.0102,  0.4215],
        [ 0.0461,  0.0551, -0.0505, -0.0862,  0.1494,  0.0968, -0.1614,  0.0891,
         -0.0102,  0.1239]], device='cuda:0', grad_fn=<SliceBackward0>)
Epoch:3 Time:58.9 Data:0.0 Loss:0.0002 Cls Loss:6.5539 Cls Loss Theta:6.5539 Pair Loss:0.2933 KL Loss:14.7384 KLD Theta:14.7384 Recon Loss:0.0002 Acc:0.0016 Theta Acc:0.0012 
=> centroids.dtype: torch.float32
=> Only CVAE KL
=> Use Multivariate Gaussian As the Prior
image_tensor: tensor([-0.0231,  0.0052,  0.0313,  ..., -0.0003,  0.0284,  0.0013],
       device='cuda:0')
x_proj_norm.shape:torch.Size([64, 12]), tensor([ 0.7919, -0.0079,  0.1729, -0.0079,  0.0578,  0.2799,  0.1338,  0.3140,
         0.1018,  0.3205,  0.1710,  0.0492], device='cuda:0',
       grad_fn=<SliceBackward0>)
domian_feature+Z: tensor([[ 0.0977,  0.0966, -0.0137, -0.0698,  0.0405,  0.0682, -0.1408,  0.1125,
         -0.0056,  0.7919],
        [ 0.0977,  0.0966, -0.0137, -0.0698,  0.0405,  0.0682, -0.1408,  0.1125,
         -0.0056, -0.0079]], device='cuda:0', grad_fn=<SliceBackward0>)
Epoch:4 Time:59.8 Data:0.0 Loss:0.0002 Cls Loss:6.5539 Cls Loss Theta:6.5538 Pair Loss:0.2713 KL Loss:13.6041 KLD Theta:13.6041 Recon Loss:0.0002 Acc:0.0034 Theta Acc:0.0026 
=> centroids.dtype: torch.float32
=> Only CVAE KL
=> Use Multivariate Gaussian As the Prior
image_tensor: tensor([-0.0324,  0.0061,  0.0155,  ...,  0.0102,  0.0042,  0.0133],
       device='cuda:0')
x_proj_norm.shape:torch.Size([64, 12]), tensor([ 0.5775,  0.1147,  0.4908,  0.0894, -0.0135, -0.0287,  0.3365,  0.1511,
         0.2741,  0.4056,  0.1624,  0.0376], device='cuda:0',
       grad_fn=<SliceBackward0>)
domian_feature+Z: tensor([[ 0.0483,  0.0602, -0.0365, -0.0464,  0.0597,  0.1153, -0.1251,  0.0942,
          0.0048,  0.5775],
        [ 0.0483,  0.0602, -0.0365, -0.0464,  0.0597,  0.1153, -0.1251,  0.0942,
          0.0048,  0.1147]], device='cuda:0', grad_fn=<SliceBackward0>)
Epoch:5 Time:51.4 Data:0.0 Loss:0.0002 Cls Loss:6.5539 Cls Loss Theta:6.5538 Pair Loss:0.2610 KL Loss:13.3964 KLD Theta:13.3964 Recon Loss:0.0002 Acc:0.0031 Theta Acc:0.0014 
=> Test at epoch 5
Extracted features for query set, obtained torch.Size([2228, 12]) matrix
Extracted features for gallery set, obtained torch.Size([17661, 12]) matrix
Extracting features complete in 0m 7s
Distance computing in 0m 0s
Computing CMC and mAP
Results ---------------------------------------------------
top1:58.8% top5:77.4% top10:82.8% top20:87.6% mAP:41.9%
-----------------------------------------------------------
Using 0m 3s
=> centroids.dtype: torch.float32
=> Only CVAE KL
=> Use Multivariate Gaussian As the Prior
image_tensor: tensor([-0.0472, -0.0128,  0.0253,  ...,  0.0039,  0.0198, -0.0007],
       device='cuda:0')
x_proj_norm.shape:torch.Size([64, 12]), tensor([ 0.7574,  0.1064,  0.1165,  0.0281,  0.0567,  0.0765,  0.2717,  0.2639,
         0.3682,  0.0395,  0.3327, -0.0181], device='cuda:0',
       grad_fn=<SliceBackward0>)
domian_feature+Z: tensor([[ 0.0146,  0.1122,  0.0082, -0.0093,  0.2006,  0.1010, -0.1417,  0.1013,
         -0.0291,  0.7574],
        [ 0.0146,  0.1122,  0.0082, -0.0093,  0.2006,  0.1010, -0.1417,  0.1013,
         -0.0291,  0.1064]], device='cuda:0', grad_fn=<SliceBackward0>)
Epoch:6 Time:53.1 Data:0.0 Loss:0.0002 Cls Loss:6.5539 Cls Loss Theta:6.5538 Pair Loss:0.2547 KL Loss:13.2926 KLD Theta:13.2926 Recon Loss:0.0002 Acc:0.0028 Theta Acc:0.0011 
=> centroids.dtype: torch.float32
=> Only CVAE KL
=> Use Multivariate Gaussian As the Prior
image_tensor: tensor([-0.0481, -0.0090,  0.0196,  ...,  0.0001,  0.0146, -0.0012],
       device='cuda:0')
x_proj_norm.shape:torch.Size([64, 12]), tensor([ 0.1070,  0.1148,  0.3609,  0.1099,  0.1621,  0.5720,  0.0270,  0.3249,
         0.0738,  0.3752,  0.4760, -0.0209], device='cuda:0',
       grad_fn=<SliceBackward0>)
domian_feature+Z: tensor([[ 0.0232,  0.1053, -0.0930, -0.0565,  0.0646,  0.0721, -0.1225,  0.0645,
          0.0081,  0.1070],
        [ 0.0232,  0.1053, -0.0930, -0.0565,  0.0646,  0.0721, -0.1225,  0.0645,
          0.0081,  0.1148]], device='cuda:0', grad_fn=<SliceBackward0>)
Epoch:7 Time:61.2 Data:0.0 Loss:0.0001 Cls Loss:6.5539 Cls Loss Theta:6.5538 Pair Loss:0.2483 KL Loss:13.2919 KLD Theta:13.2919 Recon Loss:0.0001 Acc:0.0023 Theta Acc:0.0014 
=> centroids.dtype: torch.float32
=> Only CVAE KL
=> Use Multivariate Gaussian As the Prior
image_tensor: tensor([-0.0014,  0.0193,  0.0384,  ...,  0.0042,  0.0175,  0.0021],
       device='cuda:0')
x_proj_norm.shape:torch.Size([64, 12]), tensor([ 0.6288,  0.0288, -0.0508,  0.1879,  0.2357, -0.0016,  0.6824, -0.0080,
         0.1070,  0.1268, -0.0042,  0.1304], device='cuda:0',
       grad_fn=<SliceBackward0>)
domian_feature+Z: tensor([[ 0.1276,  0.0804, -0.0411, -0.0339,  0.0320,  0.1325, -0.1560,  0.1711,
          0.0239,  0.6288],
        [ 0.1276,  0.0804, -0.0411, -0.0339,  0.0320,  0.1325, -0.1560,  0.1711,
          0.0239,  0.0288]], device='cuda:0', grad_fn=<SliceBackward0>)
Epoch:8 Time:55.8 Data:0.0 Loss:0.0001 Cls Loss:6.5539 Cls Loss Theta:6.5538 Pair Loss:0.2446 KL Loss:13.2643 KLD Theta:13.2643 Recon Loss:0.0001 Acc:0.0021 Theta Acc:0.0013 
=> centroids.dtype: torch.float32
=> Only CVAE KL
=> Use Multivariate Gaussian As the Prior
image_tensor: tensor([ 0.0119, -0.0149,  0.0068,  ...,  0.0084,  0.0131,  0.0155],
       device='cuda:0')
x_proj_norm.shape:torch.Size([64, 12]), tensor([ 0.3783,  0.2414,  0.5356,  0.4692,  0.1896,  0.1702,  0.2768, -0.0262,
         0.0830, -0.0179,  0.3769,  0.0089], device='cuda:0',
       grad_fn=<SliceBackward0>)
domian_feature+Z: tensor([[ 0.0618,  0.0299, -0.0939, -0.0582,  0.0723,  0.1485, -0.1288,  0.1970,
         -0.0284,  0.3783],
        [ 0.0618,  0.0299, -0.0939, -0.0582,  0.0723,  0.1485, -0.1288,  0.1970,
         -0.0284,  0.2414]], device='cuda:0', grad_fn=<SliceBackward0>)
Epoch:9 Time:57.4 Data:0.0 Loss:0.0001 Cls Loss:6.5539 Cls Loss Theta:6.5538 Pair Loss:0.2415 KL Loss:13.2384 KLD Theta:13.2384 Recon Loss:0.0001 Acc:0.0019 Theta Acc:0.0010 
=> centroids.dtype: torch.float32
=> Only CVAE KL
=> Use Multivariate Gaussian As the Prior
image_tensor: tensor([-0.0247, -0.0211,  0.0126,  ..., -0.0091,  0.0295,  0.0005],
       device='cuda:0')
x_proj_norm.shape:torch.Size([64, 12]), tensor([ 0.4893,  0.0177,  0.3293,  0.2378,  0.4599,  0.4837, -0.0126,  0.1879,
         0.0816,  0.1831,  0.2550,  0.0951], device='cuda:0',
       grad_fn=<SliceBackward0>)
domian_feature+Z: tensor([[ 0.0278,  0.1197, -0.0800, -0.0585,  0.0757,  0.1153, -0.0963,  0.0684,
          0.0192,  0.4893],
        [ 0.0278,  0.1197, -0.0800, -0.0585,  0.0757,  0.1153, -0.0963,  0.0684,
          0.0192,  0.0177]], device='cuda:0', grad_fn=<SliceBackward0>)
Epoch:10 Time:54.1 Data:0.0 Loss:0.0001 Cls Loss:6.5539 Cls Loss Theta:6.5538 Pair Loss:0.2396 KL Loss:13.2072 KLD Theta:13.2072 Recon Loss:0.0001 Acc:0.0024 Theta Acc:0.0012 
=> Test at epoch 10
Extracted features for query set, obtained torch.Size([2228, 12]) matrix
Extracted features for gallery set, obtained torch.Size([17661, 12]) matrix
Extracting features complete in 0m 8s
Distance computing in 0m 0s
Computing CMC and mAP
Results ---------------------------------------------------
top1:67.0% top5:81.4% top10:86.1% top20:89.6% mAP:49.4%
-----------------------------------------------------------
Using 0m 3s
=> centroids.dtype: torch.float32
=> Only CVAE KL
=> Use Multivariate Gaussian As the Prior
image_tensor: tensor([ 0.0135, -0.0063,  0.0252,  ..., -0.0021,  0.0068, -0.0004],
       device='cuda:0')
x_proj_norm.shape:torch.Size([64, 12]), tensor([ 0.3070,  0.3214,  0.5854,  0.1176,  0.1297,  0.4438,  0.2664,  0.1757,
        -0.0109,  0.2786,  0.2243,  0.0459], device='cuda:0',
       grad_fn=<SliceBackward0>)
domian_feature+Z: tensor([[ 0.0332,  0.1296, -0.0882, -0.0597,  0.0929,  0.1035, -0.1304,  0.1042,
         -0.0137,  0.3070],
        [ 0.0332,  0.1296, -0.0882, -0.0597,  0.0929,  0.1035, -0.1304,  0.1042,
         -0.0137,  0.3214]], device='cuda:0', grad_fn=<SliceBackward0>)
Epoch:11 Time:59.0 Data:0.0 Loss:0.0001 Cls Loss:6.5539 Cls Loss Theta:6.5538 Pair Loss:0.2390 KL Loss:13.1564 KLD Theta:13.1564 Recon Loss:0.0001 Acc:0.0021 Theta Acc:0.0011 
=> centroids.dtype: torch.float32
=> Only CVAE KL
=> Use Multivariate Gaussian As the Prior
image_tensor: tensor([-0.0211, -0.0467,  0.0162,  ...,  0.0101,  0.0107,  0.0097],
       device='cuda:0')
x_proj_norm.shape:torch.Size([64, 12]), tensor([ 0.4043,  0.1138,  0.4503,  0.5347,  0.2119,  0.4203,  0.2246,  0.0444,
        -0.0282,  0.2004,  0.0702,  0.1221], device='cuda:0',
       grad_fn=<SliceBackward0>)
domian_feature+Z: tensor([[ 0.0624,  0.0425, -0.0829, -0.0435,  0.1114,  0.1538, -0.1678,  0.1387,
         -0.0058,  0.4043],
        [ 0.0624,  0.0425, -0.0829, -0.0435,  0.1114,  0.1538, -0.1678,  0.1387,
         -0.0058,  0.1138]], device='cuda:0', grad_fn=<SliceBackward0>)
Epoch:12 Time:61.1 Data:0.0 Loss:0.0001 Cls Loss:6.5539 Cls Loss Theta:6.5538 Pair Loss:0.2355 KL Loss:13.1664 KLD Theta:13.1664 Recon Loss:0.0001 Acc:0.0021 Theta Acc:0.0008 
=> centroids.dtype: torch.float32
=> Only CVAE KL
=> Use Multivariate Gaussian As the Prior
image_tensor: tensor([-0.0207, -0.0467,  0.0489,  ..., -0.0062,  0.0159,  0.0020],
       device='cuda:0')
x_proj_norm.shape:torch.Size([64, 12]), tensor([ 0.3916,  0.1991,  0.3446,  0.2693,  0.3760,  0.0995,  0.2261, -0.0077,
         0.4875,  0.3257,  0.0515,  0.2584], device='cuda:0',
       grad_fn=<SliceBackward0>)
domian_feature+Z: tensor([[ 0.0342,  0.0839, -0.0662, -0.0040,  0.1091,  0.1674, -0.1711,  0.1316,
          0.0144,  0.3916],
        [ 0.0342,  0.0839, -0.0662, -0.0040,  0.1091,  0.1674, -0.1711,  0.1316,
          0.0144,  0.1991]], device='cuda:0', grad_fn=<SliceBackward0>)
Epoch:13 Time:52.9 Data:0.0 Loss:0.0001 Cls Loss:6.5539 Cls Loss Theta:6.5538 Pair Loss:0.2345 KL Loss:13.1659 KLD Theta:13.1659 Recon Loss:0.0001 Acc:0.0020 Theta Acc:0.0008 
=> centroids.dtype: torch.float32
=> Only CVAE KL
=> Use Multivariate Gaussian As the Prior
image_tensor: tensor([-0.0134, -0.0350,  0.0146,  ...,  0.0035,  0.0286,  0.0141],
       device='cuda:0')
x_proj_norm.shape:torch.Size([64, 12]), tensor([ 0.1398,  0.0495,  0.4614,  0.4209, -0.0063,  0.4029,  0.2290,  0.0810,
         0.2700,  0.2969,  0.4528, -0.0189], device='cuda:0',
       grad_fn=<SliceBackward0>)
domian_feature+Z: tensor([[ 0.0594,  0.1112, -0.0548, -0.0574,  0.0890,  0.1406, -0.1648,  0.1735,
         -0.0567,  0.1398],
        [ 0.0594,  0.1112, -0.0548, -0.0574,  0.0890,  0.1406, -0.1648,  0.1735,
         -0.0567,  0.0495]], device='cuda:0', grad_fn=<SliceBackward0>)
Epoch:14 Time:58.9 Data:0.0 Loss:0.0001 Cls Loss:6.5539 Cls Loss Theta:6.5538 Pair Loss:0.2354 KL Loss:13.1439 KLD Theta:13.1439 Recon Loss:0.0001 Acc:0.0023 Theta Acc:0.0009 
=> centroids.dtype: torch.float32
=> Only CVAE KL
=> Use Multivariate Gaussian As the Prior
image_tensor: tensor([-0.0037,  0.0288,  0.0571,  ..., -0.0037,  0.0106, -0.0025],
       device='cuda:0')
x_proj_norm.shape:torch.Size([64, 12]), tensor([ 0.1589,  0.5376, -0.0224,  0.3733,  0.1811,  0.0919,  0.4093,  0.0844,
         0.0735,  0.4808,  0.2605,  0.1597], device='cuda:0',
       grad_fn=<SliceBackward0>)
domian_feature+Z: tensor([[ 0.0483,  0.0602, -0.0365, -0.0464,  0.0597,  0.1153, -0.1251,  0.0942,
          0.0048,  0.1589],
        [ 0.0483,  0.0602, -0.0365, -0.0464,  0.0597,  0.1153, -0.1251,  0.0942,
          0.0048,  0.5376]], device='cuda:0', grad_fn=<SliceBackward0>)
Epoch:15 Time:58.7 Data:0.0 Loss:0.0001 Cls Loss:6.5539 Cls Loss Theta:6.5538 Pair Loss:0.2348 KL Loss:13.1319 KLD Theta:13.1319 Recon Loss:0.0001 Acc:0.0018 Theta Acc:0.0009 
=> Test at epoch 15
Extracted features for query set, obtained torch.Size([2228, 12]) matrix
Extracted features for gallery set, obtained torch.Size([17661, 12]) matrix
Extracting features complete in 0m 7s
Distance computing in 0m 0s
Computing CMC and mAP
Results ---------------------------------------------------
top1:68.7% top5:83.1% top10:87.3% top20:90.3% mAP:51.6%
-----------------------------------------------------------
Using 0m 3s
=> centroids.dtype: torch.float32
=> Only CVAE KL
=> Use Multivariate Gaussian As the Prior
image_tensor: tensor([ 0.0220,  0.0093,  0.0272,  ...,  0.0220,  0.0093, -0.0023],
       device='cuda:0')
x_proj_norm.shape:torch.Size([64, 12]), tensor([-0.0182,  0.1423,  0.6896, -0.0056,  0.0638,  0.2324,  0.2149,  0.3610,
         0.0355,  0.4513,  0.2054,  0.1486], device='cuda:0',
       grad_fn=<SliceBackward0>)
domian_feature+Z: tensor([[ 0.0278,  0.1197, -0.0800, -0.0585,  0.0757,  0.1153, -0.0963,  0.0684,
          0.0192, -0.0182],
        [ 0.0278,  0.1197, -0.0800, -0.0585,  0.0757,  0.1153, -0.0963,  0.0684,
          0.0192,  0.1423]], device='cuda:0', grad_fn=<SliceBackward0>)
Epoch:16 Time:59.1 Data:0.0 Loss:0.0001 Cls Loss:6.5539 Cls Loss Theta:6.5538 Pair Loss:0.2338 KL Loss:13.0744 KLD Theta:13.0744 Recon Loss:0.0001 Acc:0.0021 Theta Acc:0.0011 
=> centroids.dtype: torch.float32
=> Only CVAE KL
=> Use Multivariate Gaussian As the Prior
image_tensor: tensor([-0.0010, -0.0488,  0.0088,  ..., -0.0111,  0.0067,  0.0087],
       device='cuda:0')
x_proj_norm.shape:torch.Size([64, 12]), tensor([ 0.0143,  0.3682,  0.0455,  0.2937,  0.3193,  0.2878,  0.3988, -0.0053,
         0.5187,  0.2514,  0.2843,  0.1375], device='cuda:0',
       grad_fn=<SliceBackward0>)
domian_feature+Z: tensor([[ 0.0560,  0.1015, -0.0969, -0.1105,  0.0783,  0.1198, -0.2006,  0.1165,
         -0.0083,  0.0143],
        [ 0.0560,  0.1015, -0.0969, -0.1105,  0.0783,  0.1198, -0.2006,  0.1165,
         -0.0083,  0.3682]], device='cuda:0', grad_fn=<SliceBackward0>)
Epoch:17 Time:58.5 Data:0.0 Loss:0.0001 Cls Loss:6.5539 Cls Loss Theta:6.5538 Pair Loss:0.2339 KL Loss:13.0860 KLD Theta:13.0860 Recon Loss:0.0001 Acc:0.0012 Theta Acc:0.0003 
=> centroids.dtype: torch.float32
=> Only CVAE KL
=> Use Multivariate Gaussian As the Prior
image_tensor: tensor([-0.0034,  0.0235,  0.0370,  ...,  0.0166,  0.0133, -0.0054],
       device='cuda:0')
x_proj_norm.shape:torch.Size([64, 12]), tensor([-0.0208,  0.2938, -0.0021,  0.2274,  0.2538, -0.0102,  0.6980,  0.3978,
         0.1216, -0.0022,  0.3691,  0.0198], device='cuda:0',
       grad_fn=<SliceBackward0>)
domian_feature+Z: tensor([[ 0.1276,  0.0804, -0.0411, -0.0339,  0.0320,  0.1325, -0.1560,  0.1711,
          0.0239, -0.0208],
        [ 0.1276,  0.0804, -0.0411, -0.0339,  0.0320,  0.1325, -0.1560,  0.1711,
          0.0239,  0.2938]], device='cuda:0', grad_fn=<SliceBackward0>)
Epoch:18 Time:52.4 Data:0.0 Loss:0.0001 Cls Loss:6.5539 Cls Loss Theta:6.5538 Pair Loss:0.2356 KL Loss:12.9740 KLD Theta:12.9740 Recon Loss:0.0001 Acc:0.0013 Theta Acc:0.0008 
=> centroids.dtype: torch.float32
=> Only CVAE KL
=> Use Multivariate Gaussian As the Prior
image_tensor: tensor([-0.0398, -0.0521, -0.0011,  ...,  0.0073,  0.0110,  0.0003],
       device='cuda:0')
x_proj_norm.shape:torch.Size([64, 12]), tensor([ 0.0928,  0.2051,  0.2369,  0.3042,  0.0608,  0.4755,  0.2622,  0.4521,
         0.3620,  0.2723,  0.3030, -0.0262], device='cuda:0',
       grad_fn=<SliceBackward0>)
domian_feature+Z: tensor([[ 0.0232,  0.1053, -0.0930, -0.0565,  0.0646,  0.0721, -0.1225,  0.0645,
          0.0081,  0.0928],
        [ 0.0232,  0.1053, -0.0930, -0.0565,  0.0646,  0.0721, -0.1225,  0.0645,
          0.0081,  0.2051]], device='cuda:0', grad_fn=<SliceBackward0>)
Epoch:19 Time:62.2 Data:0.0 Loss:0.0001 Cls Loss:6.5539 Cls Loss Theta:6.5538 Pair Loss:0.2368 KL Loss:12.9928 KLD Theta:12.9928 Recon Loss:0.0001 Acc:0.0010 Theta Acc:0.0006 
=> centroids.dtype: torch.float32
=> Only CVAE KL
=> Use Multivariate Gaussian As the Prior
image_tensor: tensor([-0.0172, -0.0302,  0.0232,  ..., -0.0021,  0.0126,  0.0003],
       device='cuda:0')
x_proj_norm.shape:torch.Size([64, 12]), tensor([0.1302, 0.3647, 0.3946, 0.3654, 0.3274, 0.3129, 0.0339, 0.2790, 0.0864,
        0.4045, 0.2827, 0.1601], device='cuda:0', grad_fn=<SliceBackward0>)
domian_feature+Z: tensor([[ 0.0524,  0.1075, -0.0597, -0.0134,  0.1087,  0.1221, -0.1378,  0.0543,
          0.0029,  0.1302],
        [ 0.0524,  0.1075, -0.0597, -0.0134,  0.1087,  0.1221, -0.1378,  0.0543,
          0.0029,  0.3647]], device='cuda:0', grad_fn=<SliceBackward0>)
Epoch:20 Time:59.2 Data:0.0 Loss:0.0001 Cls Loss:6.5539 Cls Loss Theta:6.5538 Pair Loss:0.2387 KL Loss:12.9106 KLD Theta:12.9106 Recon Loss:0.0001 Acc:0.0011 Theta Acc:0.0005 
=> Test at epoch 20
Extracted features for query set, obtained torch.Size([2228, 12]) matrix
Extracted features for gallery set, obtained torch.Size([17661, 12]) matrix
Extracting features complete in 0m 7s
Distance computing in 0m 0s
Computing CMC and mAP
Results ---------------------------------------------------
top1:70.9% top5:84.2% top10:87.7% top20:91.0% mAP:54.4%
-----------------------------------------------------------
Using 0m 3s
=> centroids.dtype: torch.float32
=> Only CVAE KL
=> Use Multivariate Gaussian As the Prior
image_tensor: tensor([-0.0302,  0.0082,  0.0273,  ...,  0.0055,  0.0130,  0.0048],
       device='cuda:0')
x_proj_norm.shape:torch.Size([64, 12]), tensor([ 0.1915,  0.1204,  0.0188,  0.2652,  0.1216,  0.2032,  0.5122,  0.3149,
         0.3716,  0.2341,  0.5161, -0.0345], device='cuda:0',
       grad_fn=<SliceBackward0>)
domian_feature+Z: tensor([[ 3.2441e-02,  1.4999e-01, -7.5453e-05, -1.5232e-02,  3.4888e-02,
          6.8694e-02, -1.4641e-01,  9.7013e-02,  1.5038e-03,  1.9149e-01],
        [ 3.2441e-02,  1.4999e-01, -7.5453e-05, -1.5232e-02,  3.4888e-02,
          6.8694e-02, -1.4641e-01,  9.7013e-02,  1.5038e-03,  1.2043e-01]],
       device='cuda:0', grad_fn=<SliceBackward0>)
Epoch:21 Time:57.1 Data:0.0 Loss:0.0001 Cls Loss:6.5539 Cls Loss Theta:6.5538 Pair Loss:0.2396 KL Loss:12.9164 KLD Theta:12.9164 Recon Loss:0.0001 Acc:0.0006 Theta Acc:0.0007 
=> centroids.dtype: torch.float32
=> Only CVAE KL
=> Use Multivariate Gaussian As the Prior
image_tensor: tensor([-0.0414, -0.0561, -0.0124,  ..., -0.0105,  0.0166, -0.0056],
       device='cuda:0')
x_proj_norm.shape:torch.Size([64, 12]), tensor([-0.0014,  0.5480,  0.1842,  0.2097,  0.2024,  0.2100,  0.1384,  0.4869,
         0.3306,  0.3509,  0.1581,  0.1514], device='cuda:0',
       grad_fn=<SliceBackward0>)
domian_feature+Z: tensor([[ 0.0034,  0.0625, -0.0556, -0.0376,  0.0865,  0.0556, -0.1169,  0.1604,
          0.0061, -0.0014],
        [ 0.0034,  0.0625, -0.0556, -0.0376,  0.0865,  0.0556, -0.1169,  0.1604,
          0.0061,  0.5480]], device='cuda:0', grad_fn=<SliceBackward0>)
Epoch:22 Time:57.9 Data:0.0 Loss:0.0001 Cls Loss:6.5539 Cls Loss Theta:6.5538 Pair Loss:0.2437 KL Loss:12.9320 KLD Theta:12.9320 Recon Loss:0.0001 Acc:0.0005 Theta Acc:0.0008 
=> centroids.dtype: torch.float32
=> Only CVAE KL
=> Use Multivariate Gaussian As the Prior
image_tensor: tensor([-0.0003, -0.0115,  0.0412,  ...,  0.0135,  0.0059, -0.0017],
       device='cuda:0')
x_proj_norm.shape:torch.Size([64, 12]), tensor([0.2273, 0.4939, 0.0109, 0.1557, 0.1977, 0.3804, 0.4430, 0.1972, 0.1731,
        0.4064, 0.2456, 0.0746], device='cuda:0', grad_fn=<SliceBackward0>)
domian_feature+Z: tensor([[ 0.0141,  0.0525, -0.0565, -0.0376,  0.0981,  0.0873, -0.1218,  0.1558,
         -0.0049,  0.2273],
        [ 0.0141,  0.0525, -0.0565, -0.0376,  0.0981,  0.0873, -0.1218,  0.1558,
         -0.0049,  0.4939]], device='cuda:0', grad_fn=<SliceBackward0>)
Epoch:23 Time:56.3 Data:0.0 Loss:0.0001 Cls Loss:6.5539 Cls Loss Theta:6.5538 Pair Loss:0.2455 KL Loss:12.9338 KLD Theta:12.9338 Recon Loss:0.0001 Acc:0.0005 Theta Acc:0.0007 
=> centroids.dtype: torch.float32
=> Only CVAE KL
=> Use Multivariate Gaussian As the Prior
image_tensor: tensor([-0.0522, -0.0050, -0.0186,  ...,  0.0003,  0.0181,  0.0030],
       device='cuda:0')
x_proj_norm.shape:torch.Size([64, 12]), tensor([ 0.4939, -0.0332,  0.0928, -0.0010,  0.2288,  0.4695,  0.3488,  0.1378,
         0.5059, -0.0027,  0.2766, -0.0191], device='cuda:0',
       grad_fn=<SliceBackward0>)
domian_feature+Z: tensor([[ 0.0146,  0.1122,  0.0082, -0.0093,  0.2006,  0.1010, -0.1417,  0.1013,
         -0.0291,  0.4939],
        [ 0.0146,  0.1122,  0.0082, -0.0093,  0.2006,  0.1010, -0.1417,  0.1013,
         -0.0291, -0.0332]], device='cuda:0', grad_fn=<SliceBackward0>)
Epoch:24 Time:63.0 Data:0.0 Loss:0.0001 Cls Loss:6.5539 Cls Loss Theta:6.5538 Pair Loss:0.2455 KL Loss:12.9386 KLD Theta:12.9386 Recon Loss:0.0001 Acc:0.0005 Theta Acc:0.0009 
=> centroids.dtype: torch.float32
=> Only CVAE KL
=> Use Multivariate Gaussian As the Prior
image_tensor: tensor([-0.0049,  0.0208,  0.0258,  ..., -0.0045,  0.0049,  0.0009],
       device='cuda:0')
x_proj_norm.shape:torch.Size([64, 12]), tensor([0.1326, 0.2933, 0.2373, 0.3973, 0.3827, 0.0705, 0.3747, 0.0505, 0.3078,
        0.3575, 0.3589, 0.1907], device='cuda:0', grad_fn=<SliceBackward0>)
domian_feature+Z: tensor([[ 0.0342,  0.0839, -0.0662, -0.0040,  0.1091,  0.1674, -0.1711,  0.1316,
          0.0144,  0.1326],
        [ 0.0342,  0.0839, -0.0662, -0.0040,  0.1091,  0.1674, -0.1711,  0.1316,
          0.0144,  0.2933]], device='cuda:0', grad_fn=<SliceBackward0>)
Epoch:25 Time:54.4 Data:0.0 Loss:0.0001 Cls Loss:6.5539 Cls Loss Theta:6.5538 Pair Loss:0.2469 KL Loss:12.9458 KLD Theta:12.9458 Recon Loss:0.0001 Acc:0.0005 Theta Acc:0.0007 
=> Test at epoch 25
Extracted features for query set, obtained torch.Size([2228, 12]) matrix
Extracted features for gallery set, obtained torch.Size([17661, 12]) matrix
Extracting features complete in 0m 7s
Distance computing in 0m 0s
Computing CMC and mAP
Results ---------------------------------------------------
top1:71.9% top5:84.8% top10:88.0% top20:90.9% mAP:56.2%
-----------------------------------------------------------
Using 0m 3s
=> centroids.dtype: torch.float32
=> Only CVAE KL
=> Use Multivariate Gaussian As the Prior
image_tensor: tensor([-0.0132, -0.0328,  0.0289,  ...,  0.0027,  0.0112, -0.0100],
       device='cuda:0')
x_proj_norm.shape:torch.Size([64, 12]), tensor([0.0887, 0.2107, 0.3586, 0.2231, 0.2741, 0.3319, 0.3246, 0.4723, 0.3350,
        0.3353, 0.1687, 0.0498], device='cuda:0', grad_fn=<SliceBackward0>)
domian_feature+Z: tensor([[ 0.0278,  0.1197, -0.0800, -0.0585,  0.0757,  0.1153, -0.0963,  0.0684,
          0.0192,  0.0887],
        [ 0.0278,  0.1197, -0.0800, -0.0585,  0.0757,  0.1153, -0.0963,  0.0684,
          0.0192,  0.2107]], device='cuda:0', grad_fn=<SliceBackward0>)
Epoch:26 Time:55.1 Data:0.0 Loss:0.0001 Cls Loss:6.5539 Cls Loss Theta:6.5538 Pair Loss:0.2474 KL Loss:12.9414 KLD Theta:12.9414 Recon Loss:0.0001 Acc:0.0005 Theta Acc:0.0008 
=> centroids.dtype: torch.float32
=> Only CVAE KL
=> Use Multivariate Gaussian As the Prior
image_tensor: tensor([-0.0530, -0.0245,  0.0203,  ...,  0.0109,  0.0050, -0.0036],
       device='cuda:0')
x_proj_norm.shape:torch.Size([64, 12]), tensor([0.0795, 0.1921, 0.1112, 0.1080, 0.3218, 0.0617, 0.0918, 0.3507, 0.7125,
        0.3276, 0.1066, 0.2597], device='cuda:0', grad_fn=<SliceBackward0>)
domian_feature+Z: tensor([[ 0.0461,  0.0551, -0.0505, -0.0862,  0.1494,  0.0968, -0.1614,  0.0891,
         -0.0102,  0.0795],
        [ 0.0461,  0.0551, -0.0505, -0.0862,  0.1494,  0.0968, -0.1614,  0.0891,
         -0.0102,  0.1921]], device='cuda:0', grad_fn=<SliceBackward0>)
Epoch:27 Time:55.8 Data:0.0 Loss:0.0001 Cls Loss:6.5539 Cls Loss Theta:6.5538 Pair Loss:0.2481 KL Loss:12.9413 KLD Theta:12.9413 Recon Loss:0.0001 Acc:0.0005 Theta Acc:0.0008 
=> centroids.dtype: torch.float32
=> Only CVAE KL
=> Use Multivariate Gaussian As the Prior
image_tensor: tensor([-0.0006,  0.0099,  0.0381,  ...,  0.0017,  0.0099, -0.0069],
       device='cuda:0')
x_proj_norm.shape:torch.Size([64, 12]), tensor([0.0284, 0.4152, 0.3074, 0.2178, 0.2176, 0.4093, 0.4468, 0.3505, 0.1428,
        0.3024, 0.1621, 0.0960], device='cuda:0', grad_fn=<SliceBackward0>)
domian_feature+Z: tensor([[ 0.0332,  0.1296, -0.0882, -0.0597,  0.0929,  0.1035, -0.1304,  0.1042,
         -0.0137,  0.0284],
        [ 0.0332,  0.1296, -0.0882, -0.0597,  0.0929,  0.1035, -0.1304,  0.1042,
         -0.0137,  0.4152]], device='cuda:0', grad_fn=<SliceBackward0>)
Epoch:28 Time:61.4 Data:0.0 Loss:0.0001 Cls Loss:6.5539 Cls Loss Theta:6.5538 Pair Loss:0.2483 KL Loss:12.9500 KLD Theta:12.9500 Recon Loss:0.0001 Acc:0.0005 Theta Acc:0.0008 
=> centroids.dtype: torch.float32
=> Only CVAE KL
=> Use Multivariate Gaussian As the Prior
image_tensor: tensor([-0.0009, -0.0341,  0.0496,  ..., -0.0059, -0.0069, -0.0075],
       device='cuda:0')
x_proj_norm.shape:torch.Size([64, 12]), tensor([0.1109, 0.3666, 0.4314, 0.1839, 0.0516, 0.3390, 0.2673, 0.4917, 0.1817,
        0.4038, 0.0515, 0.0607], device='cuda:0', grad_fn=<SliceBackward0>)
domian_feature+Z: tensor([[ 0.0332,  0.1296, -0.0882, -0.0597,  0.0929,  0.1035, -0.1304,  0.1042,
         -0.0137,  0.1109],
        [ 0.0332,  0.1296, -0.0882, -0.0597,  0.0929,  0.1035, -0.1304,  0.1042,
         -0.0137,  0.3666]], device='cuda:0', grad_fn=<SliceBackward0>)
Epoch:29 Time:62.2 Data:0.0 Loss:0.0001 Cls Loss:6.5539 Cls Loss Theta:6.5538 Pair Loss:0.2489 KL Loss:12.9492 KLD Theta:12.9492 Recon Loss:0.0001 Acc:0.0005 Theta Acc:0.0007 
=> centroids.dtype: torch.float32
=> Only CVAE KL
=> Use Multivariate Gaussian As the Prior
image_tensor: tensor([ 0.0145, -0.0112,  0.0462,  ...,  0.0091,  0.0115, -0.0047],
       device='cuda:0')
x_proj_norm.shape:torch.Size([64, 12]), tensor([ 0.3473,  0.2393,  0.0536,  0.2182,  0.2130,  0.0775,  0.5115,  0.5513,
         0.0178,  0.1635,  0.3563, -0.0246], device='cuda:0',
       grad_fn=<SliceBackward0>)
domian_feature+Z: tensor([[ 0.1276,  0.0804, -0.0411, -0.0339,  0.0320,  0.1325, -0.1560,  0.1711,
          0.0239,  0.3473],
        [ 0.1276,  0.0804, -0.0411, -0.0339,  0.0320,  0.1325, -0.1560,  0.1711,
          0.0239,  0.2393]], device='cuda:0', grad_fn=<SliceBackward0>)
Epoch:30 Time:52.6 Data:0.0 Loss:0.0001 Cls Loss:6.5539 Cls Loss Theta:6.5538 Pair Loss:0.2491 KL Loss:12.9445 KLD Theta:12.9445 Recon Loss:0.0001 Acc:0.0005 Theta Acc:0.0007 
=> Test at epoch 30
Extracted features for query set, obtained torch.Size([2228, 12]) matrix
Extracted features for gallery set, obtained torch.Size([17661, 12]) matrix
Extracting features complete in 0m 7s
Distance computing in 0m 0s
Computing CMC and mAP
Results ---------------------------------------------------
top1:73.2% top5:85.0% top10:88.2% top20:90.9% mAP:56.4%
-----------------------------------------------------------
Using 0m 3s
=> centroids.dtype: torch.float32
=> Only CVAE KL
=> Use Multivariate Gaussian As the Prior
image_tensor: tensor([-0.0043, -0.0249,  0.0216,  ...,  0.0050,  0.0127,  0.0126],
       device='cuda:0')
x_proj_norm.shape:torch.Size([64, 12]), tensor([0.0736, 0.5031, 0.2281, 0.5575, 0.2634, 0.0573, 0.0800, 0.2648, 0.2837,
        0.1776, 0.3297, 0.0929], device='cuda:0', grad_fn=<SliceBackward0>)
domian_feature+Z: tensor([[ 0.0627,  0.1089, -0.0851, -0.0395,  0.1180,  0.1227, -0.1424,  0.1724,
         -0.0105,  0.0736],
        [ 0.0627,  0.1089, -0.0851, -0.0395,  0.1180,  0.1227, -0.1424,  0.1724,
         -0.0105,  0.5031]], device='cuda:0', grad_fn=<SliceBackward0>)
Epoch:31 Time:57.5 Data:0.0 Loss:0.0001 Cls Loss:6.5539 Cls Loss Theta:6.5538 Pair Loss:0.2493 KL Loss:12.9424 KLD Theta:12.9424 Recon Loss:0.0001 Acc:0.0006 Theta Acc:0.0008 
=> centroids.dtype: torch.float32
=> Only CVAE KL
=> Use Multivariate Gaussian As the Prior
image_tensor: tensor([-0.0063,  0.0037,  0.0290,  ...,  0.0003,  0.0045,  0.0176],
       device='cuda:0')
x_proj_norm.shape:torch.Size([64, 12]), tensor([0.2929, 0.2431, 0.2169, 0.2833, 0.3224, 0.1631, 0.3094, 0.4397, 0.2749,
        0.3751, 0.3029, 0.0031], device='cuda:0', grad_fn=<SliceBackward0>)
domian_feature+Z: tensor([[ 0.0249,  0.0988, -0.0656, -0.0136,  0.0796,  0.1202, -0.1203,  0.0964,
          0.0018,  0.2929],
        [ 0.0249,  0.0988, -0.0656, -0.0136,  0.0796,  0.1202, -0.1203,  0.0964,
          0.0018,  0.2431]], device='cuda:0', grad_fn=<SliceBackward0>)
Epoch:32 Time:59.5 Data:0.0 Loss:0.0001 Cls Loss:6.5539 Cls Loss Theta:6.5538 Pair Loss:0.2499 KL Loss:12.9486 KLD Theta:12.9486 Recon Loss:0.0001 Acc:0.0004 Theta Acc:0.0006 
=> centroids.dtype: torch.float32
=> Only CVAE KL
=> Use Multivariate Gaussian As the Prior
image_tensor: tensor([-0.0406, -0.0279,  0.0320,  ...,  0.0047,  0.0089,  0.0018],
       device='cuda:0')
x_proj_norm.shape:torch.Size([64, 12]), tensor([0.2180, 0.0626, 0.6023, 0.2153, 0.2018, 0.0053, 0.4329, 0.0493, 0.3257,
        0.3310, 0.0215, 0.3042], device='cuda:0', grad_fn=<SliceBackward0>)
domian_feature+Z: tensor([[ 0.0602,  0.0880, -0.0962,  0.0436,  0.1868,  0.1781, -0.1643,  0.1373,
         -0.0680,  0.2180],
        [ 0.0602,  0.0880, -0.0962,  0.0436,  0.1868,  0.1781, -0.1643,  0.1373,
         -0.0680,  0.0626]], device='cuda:0', grad_fn=<SliceBackward0>)
Epoch:33 Time:59.7 Data:0.0 Loss:0.0001 Cls Loss:6.5539 Cls Loss Theta:6.5538 Pair Loss:0.2497 KL Loss:12.9470 KLD Theta:12.9470 Recon Loss:0.0001 Acc:0.0003 Theta Acc:0.0006 
=> centroids.dtype: torch.float32
=> Only CVAE KL
=> Use Multivariate Gaussian As the Prior
image_tensor: tensor([-0.0173, -0.0644,  0.0042,  ..., -0.0077,  0.0216,  0.0098],
       device='cuda:0')
x_proj_norm.shape:torch.Size([64, 12]), tensor([0.1204, 0.2182, 0.4059, 0.4234, 0.2594, 0.2587, 0.2486, 0.2943, 0.3124,
        0.2731, 0.3719, 0.0270], device='cuda:0', grad_fn=<SliceBackward0>)
domian_feature+Z: tensor([[ 0.0278,  0.1197, -0.0800, -0.0585,  0.0757,  0.1153, -0.0963,  0.0684,
          0.0192,  0.1204],
        [ 0.0278,  0.1197, -0.0800, -0.0585,  0.0757,  0.1153, -0.0963,  0.0684,
          0.0192,  0.2182]], device='cuda:0', grad_fn=<SliceBackward0>)
Epoch:34 Time:59.5 Data:0.0 Loss:0.0001 Cls Loss:6.5539 Cls Loss Theta:6.5538 Pair Loss:0.2493 KL Loss:12.9536 KLD Theta:12.9536 Recon Loss:0.0001 Acc:0.0003 Theta Acc:0.0006 
=> centroids.dtype: torch.float32
=> Only CVAE KL
=> Use Multivariate Gaussian As the Prior
image_tensor: tensor([-0.0105, -0.0139,  0.0052,  ...,  0.0078,  0.0032,  0.0031],
       device='cuda:0')
x_proj_norm.shape:torch.Size([64, 12]), tensor([0.1553, 0.2784, 0.4152, 0.2842, 0.2365, 0.1811, 0.1661, 0.4208, 0.2867,
        0.4243, 0.2871, 0.0836], device='cuda:0', grad_fn=<SliceBackward0>)
domian_feature+Z: tensor([[ 0.0278,  0.1197, -0.0800, -0.0585,  0.0757,  0.1153, -0.0963,  0.0684,
          0.0192,  0.1553],
        [ 0.0278,  0.1197, -0.0800, -0.0585,  0.0757,  0.1153, -0.0963,  0.0684,
          0.0192,  0.2784]], device='cuda:0', grad_fn=<SliceBackward0>)
Epoch:35 Time:53.1 Data:0.0 Loss:0.0001 Cls Loss:6.5539 Cls Loss Theta:6.5538 Pair Loss:0.2499 KL Loss:12.9442 KLD Theta:12.9442 Recon Loss:0.0001 Acc:0.0004 Theta Acc:0.0006 
=> Test at epoch 35
Extracted features for query set, obtained torch.Size([2228, 12]) matrix
Extracted features for gallery set, obtained torch.Size([17661, 12]) matrix
Extracting features complete in 0m 8s
Distance computing in 0m 0s
Computing CMC and mAP
Results ---------------------------------------------------
top1:73.5% top5:85.1% top10:87.8% top20:91.1% mAP:56.5%
-----------------------------------------------------------
Using 0m 3s
=> centroids.dtype: torch.float32
=> Only CVAE KL
=> Use Multivariate Gaussian As the Prior
image_tensor: tensor([-0.0289, -0.0258,  0.0414,  ..., -0.0018,  0.0190,  0.0068],
       device='cuda:0')
x_proj_norm.shape:torch.Size([64, 12]), tensor([ 0.3278,  0.2075,  0.4164,  0.1098,  0.4385,  0.3478,  0.2113,  0.2038,
         0.4664, -0.0129,  0.1946,  0.0943], device='cuda:0',
       grad_fn=<SliceBackward0>)
domian_feature+Z: tensor([[ 0.0332,  0.1296, -0.0882, -0.0597,  0.0929,  0.1035, -0.1304,  0.1042,
         -0.0137,  0.3278],
        [ 0.0332,  0.1296, -0.0882, -0.0597,  0.0929,  0.1035, -0.1304,  0.1042,
         -0.0137,  0.2075]], device='cuda:0', grad_fn=<SliceBackward0>)
Epoch:36 Time:59.9 Data:0.0 Loss:0.0001 Cls Loss:6.5539 Cls Loss Theta:6.5538 Pair Loss:0.2500 KL Loss:12.9581 KLD Theta:12.9581 Recon Loss:0.0001 Acc:0.0005 Theta Acc:0.0006 
=> centroids.dtype: torch.float32
=> Only CVAE KL
=> Use Multivariate Gaussian As the Prior
image_tensor: tensor([-0.0047,  0.0165,  0.0419,  ..., -0.0084,  0.0268,  0.0028],
       device='cuda:0')
x_proj_norm.shape:torch.Size([64, 12]), tensor([0.3709, 0.1829, 0.1496, 0.1942, 0.2931, 0.1184, 0.3951, 0.5617, 0.2361,
        0.3649, 0.0459, 0.0781], device='cuda:0', grad_fn=<SliceBackward0>)
domian_feature+Z: tensor([[ 0.0977,  0.0966, -0.0137, -0.0698,  0.0405,  0.0682, -0.1408,  0.1125,
         -0.0056,  0.3709],
        [ 0.0977,  0.0966, -0.0137, -0.0698,  0.0405,  0.0682, -0.1408,  0.1125,
         -0.0056,  0.1829]], device='cuda:0', grad_fn=<SliceBackward0>)
Epoch:37 Time:61.0 Data:0.0 Loss:0.0001 Cls Loss:6.5539 Cls Loss Theta:6.5538 Pair Loss:0.2502 KL Loss:12.9516 KLD Theta:12.9516 Recon Loss:0.0001 Acc:0.0004 Theta Acc:0.0006 
=> centroids.dtype: torch.float32
=> Only CVAE KL
=> Use Multivariate Gaussian As the Prior
image_tensor: tensor([-0.0349, -0.0018,  0.0195,  ...,  0.0071,  0.0196,  0.0005],
       device='cuda:0')
x_proj_norm.shape:torch.Size([64, 12]), tensor([0.3369, 0.3783, 0.2543, 0.1661, 0.4186, 0.0645, 0.2000, 0.4490, 0.0354,
        0.3421, 0.2924, 0.1618], device='cuda:0', grad_fn=<SliceBackward0>)
domian_feature+Z: tensor([[ 0.1030,  0.0815, -0.0627, -0.0486,  0.1041,  0.0564, -0.1307,  0.1190,
          0.0027,  0.3369],
        [ 0.1030,  0.0815, -0.0627, -0.0486,  0.1041,  0.0564, -0.1307,  0.1190,
          0.0027,  0.3783]], device='cuda:0', grad_fn=<SliceBackward0>)
Epoch:38 Time:56.5 Data:0.0 Loss:0.0001 Cls Loss:6.5539 Cls Loss Theta:6.5538 Pair Loss:0.2502 KL Loss:12.9494 KLD Theta:12.9494 Recon Loss:0.0001 Acc:0.0003 Theta Acc:0.0006 
=> centroids.dtype: torch.float32
=> Only CVAE KL
=> Use Multivariate Gaussian As the Prior
image_tensor: tensor([-0.0270, -0.0166,  0.0382,  ...,  0.0105,  0.0128,  0.0029],
       device='cuda:0')
x_proj_norm.shape:torch.Size([64, 12]), tensor([ 0.2239,  0.0843,  0.2403,  0.4148,  0.1692,  0.1641,  0.5200,  0.3176,
         0.1875,  0.2094,  0.4546, -0.0149], device='cuda:0',
       grad_fn=<SliceBackward0>)
domian_feature+Z: tensor([[ 0.0624,  0.0425, -0.0829, -0.0435,  0.1114,  0.1538, -0.1678,  0.1387,
         -0.0058,  0.2239],
        [ 0.0624,  0.0425, -0.0829, -0.0435,  0.1114,  0.1538, -0.1678,  0.1387,
         -0.0058,  0.0843]], device='cuda:0', grad_fn=<SliceBackward0>)
Epoch:39 Time:57.6 Data:0.0 Loss:0.0001 Cls Loss:6.5539 Cls Loss Theta:6.5538 Pair Loss:0.2506 KL Loss:12.9481 KLD Theta:12.9481 Recon Loss:0.0001 Acc:0.0004 Theta Acc:0.0006 
=> centroids.dtype: torch.float32
=> Only CVAE KL
=> Use Multivariate Gaussian As the Prior
image_tensor: tensor([-0.0157,  0.0073,  0.0383,  ...,  0.0077,  0.0078,  0.0132],
       device='cuda:0')
x_proj_norm.shape:torch.Size([64, 12]), tensor([0.4014, 0.2490, 0.1462, 0.3996, 0.0407, 0.0267, 0.4063, 0.4051, 0.1525,
        0.4562, 0.1786, 0.0264], device='cuda:0', grad_fn=<SliceBackward0>)
domian_feature+Z: tensor([[ 0.0267,  0.0432, -0.0220, -0.0541,  0.1078,  0.1274, -0.1544,  0.1467,
          0.0274,  0.4014],
        [ 0.0267,  0.0432, -0.0220, -0.0541,  0.1078,  0.1274, -0.1544,  0.1467,
          0.0274,  0.2490]], device='cuda:0', grad_fn=<SliceBackward0>)
Epoch:40 Time:55.7 Data:0.0 Loss:0.0001 Cls Loss:6.5539 Cls Loss Theta:6.5538 Pair Loss:0.2511 KL Loss:12.9436 KLD Theta:12.9436 Recon Loss:0.0001 Acc:0.0004 Theta Acc:0.0006 
=> Test at epoch 40
Extracted features for query set, obtained torch.Size([2228, 12]) matrix
Extracted features for gallery set, obtained torch.Size([17661, 12]) matrix
Extracting features complete in 0m 7s
Distance computing in 0m 0s
Computing CMC and mAP
Results ---------------------------------------------------
top1:73.5% top5:85.2% top10:88.1% top20:90.8% mAP:56.4%
-----------------------------------------------------------
Using 0m 3s
=> centroids.dtype: torch.float32
=> Only CVAE KL
=> Use Multivariate Gaussian As the Prior
image_tensor: tensor([-0.0180, -0.0061,  0.0290,  ..., -0.0039,  0.0179, -0.0028],
       device='cuda:0')
x_proj_norm.shape:torch.Size([64, 12]), tensor([ 0.3410,  0.2451,  0.1619,  0.0831,  0.3010,  0.2799,  0.3843,  0.5175,
         0.3395,  0.1023,  0.2826, -0.0135], device='cuda:0',
       grad_fn=<SliceBackward0>)
domian_feature+Z: tensor([[ 0.0249,  0.0988, -0.0656, -0.0136,  0.0796,  0.1202, -0.1203,  0.0964,
          0.0018,  0.3410],
        [ 0.0249,  0.0988, -0.0656, -0.0136,  0.0796,  0.1202, -0.1203,  0.0964,
          0.0018,  0.2451]], device='cuda:0', grad_fn=<SliceBackward0>)
Epoch:41 Time:61.9 Data:0.0 Loss:0.0001 Cls Loss:6.5539 Cls Loss Theta:6.5538 Pair Loss:0.2502 KL Loss:12.9465 KLD Theta:12.9465 Recon Loss:0.0001 Acc:0.0003 Theta Acc:0.0006 
=> centroids.dtype: torch.float32
=> Only CVAE KL
=> Use Multivariate Gaussian As the Prior
image_tensor: tensor([-0.0106, -0.0195,  0.0544,  ...,  0.0013,  0.0107, -0.0033],
       device='cuda:0')
x_proj_norm.shape:torch.Size([64, 12]), tensor([0.2961, 0.2562, 0.2699, 0.1514, 0.2516, 0.1576, 0.3574, 0.5309, 0.3390,
        0.3069, 0.2096, 0.0068], device='cuda:0', grad_fn=<SliceBackward0>)
domian_feature+Z: tensor([[ 0.0249,  0.0988, -0.0656, -0.0136,  0.0796,  0.1202, -0.1203,  0.0964,
          0.0018,  0.2961],
        [ 0.0249,  0.0988, -0.0656, -0.0136,  0.0796,  0.1202, -0.1203,  0.0964,
          0.0018,  0.2562]], device='cuda:0', grad_fn=<SliceBackward0>)
Epoch:42 Time:55.5 Data:0.0 Loss:0.0001 Cls Loss:6.5539 Cls Loss Theta:6.5538 Pair Loss:0.2513 KL Loss:12.9461 KLD Theta:12.9461 Recon Loss:0.0001 Acc:0.0003 Theta Acc:0.0006 
=> centroids.dtype: torch.float32
=> Only CVAE KL
=> Use Multivariate Gaussian As the Prior
image_tensor: tensor([-0.0052, -0.0028,  0.0501,  ...,  0.0023,  0.0083, -0.0059],
       device='cuda:0')
x_proj_norm.shape:torch.Size([64, 12]), tensor([ 0.3305,  0.2432,  0.0428,  0.2494,  0.2113,  0.1139,  0.5362,  0.5019,
         0.0090,  0.1588,  0.3802, -0.0213], device='cuda:0',
       grad_fn=<SliceBackward0>)
domian_feature+Z: tensor([[ 0.1276,  0.0804, -0.0411, -0.0339,  0.0320,  0.1325, -0.1560,  0.1711,
          0.0239,  0.3305],
        [ 0.1276,  0.0804, -0.0411, -0.0339,  0.0320,  0.1325, -0.1560,  0.1711,
          0.0239,  0.2432]], device='cuda:0', grad_fn=<SliceBackward0>)
Epoch:43 Time:55.6 Data:0.0 Loss:0.0001 Cls Loss:6.5539 Cls Loss Theta:6.5538 Pair Loss:0.2518 KL Loss:12.9472 KLD Theta:12.9472 Recon Loss:0.0001 Acc:0.0003 Theta Acc:0.0006 
=> centroids.dtype: torch.float32
=> Only CVAE KL
=> Use Multivariate Gaussian As the Prior
image_tensor: tensor([-0.0421, -0.0443, -0.0105,  ...,  0.0004,  0.0040,  0.0065],
       device='cuda:0')
x_proj_norm.shape:torch.Size([64, 12]), tensor([0.2853, 0.3432, 0.3643, 0.2881, 0.2435, 0.2084, 0.1260, 0.5466, 0.2612,
        0.3013, 0.0256, 0.0886], device='cuda:0', grad_fn=<SliceBackward0>)
domian_feature+Z: tensor([[ 0.0249,  0.0988, -0.0656, -0.0136,  0.0796,  0.1202, -0.1203,  0.0964,
          0.0018,  0.2853],
        [ 0.0249,  0.0988, -0.0656, -0.0136,  0.0796,  0.1202, -0.1203,  0.0964,
          0.0018,  0.3432]], device='cuda:0', grad_fn=<SliceBackward0>)
Epoch:44 Time:59.4 Data:0.0 Loss:0.0001 Cls Loss:6.5539 Cls Loss Theta:6.5538 Pair Loss:0.2508 KL Loss:12.9464 KLD Theta:12.9464 Recon Loss:0.0001 Acc:0.0003 Theta Acc:0.0006 
=> centroids.dtype: torch.float32
=> Only CVAE KL
=> Use Multivariate Gaussian As the Prior
image_tensor: tensor([-0.0050, -0.0323,  0.0471,  ...,  0.0079,  0.0111,  0.0047],
       device='cuda:0')
x_proj_norm.shape:torch.Size([64, 12]), tensor([ 0.2790,  0.2873,  0.1737,  0.6643,  0.2881,  0.1166,  0.3288,  0.1525,
         0.2963,  0.1363, -0.0028,  0.1829], device='cuda:0',
       grad_fn=<SliceBackward0>)
domian_feature+Z: tensor([[ 0.0618,  0.0299, -0.0939, -0.0582,  0.0723,  0.1485, -0.1288,  0.1970,
         -0.0284,  0.2790],
        [ 0.0618,  0.0299, -0.0939, -0.0582,  0.0723,  0.1485, -0.1288,  0.1970,
         -0.0284,  0.2873]], device='cuda:0', grad_fn=<SliceBackward0>)
Epoch:45 Time:60.0 Data:0.0 Loss:0.0001 Cls Loss:6.5539 Cls Loss Theta:6.5538 Pair Loss:0.2510 KL Loss:12.9487 KLD Theta:12.9487 Recon Loss:0.0001 Acc:0.0003 Theta Acc:0.0006 
=> Test at epoch 45
Extracted features for query set, obtained torch.Size([2228, 12]) matrix
Extracted features for gallery set, obtained torch.Size([17661, 12]) matrix
Extracting features complete in 0m 7s
Distance computing in 0m 0s
Computing CMC and mAP
Results ---------------------------------------------------
top1:73.6% top5:85.1% top10:88.0% top20:91.2% mAP:56.6%
-----------------------------------------------------------
Using 0m 3s
=> centroids.dtype: torch.float32
=> Only CVAE KL
=> Use Multivariate Gaussian As the Prior
image_tensor: tensor([ 0.0028, -0.0279,  0.0113,  ..., -0.0044,  0.0030,  0.0053],
       device='cuda:0')
x_proj_norm.shape:torch.Size([64, 12]), tensor([0.3654, 0.2754, 0.3256, 0.2049, 0.2511, 0.2275, 0.2823, 0.4975, 0.2656,
        0.3260, 0.1521, 0.0221], device='cuda:0', grad_fn=<SliceBackward0>)
domian_feature+Z: tensor([[ 0.0249,  0.0988, -0.0656, -0.0136,  0.0796,  0.1202, -0.1203,  0.0964,
          0.0018,  0.3654],
        [ 0.0249,  0.0988, -0.0656, -0.0136,  0.0796,  0.1202, -0.1203,  0.0964,
          0.0018,  0.2754]], device='cuda:0', grad_fn=<SliceBackward0>)
Epoch:46 Time:59.7 Data:0.0 Loss:0.0001 Cls Loss:6.5539 Cls Loss Theta:6.5538 Pair Loss:0.2512 KL Loss:12.9486 KLD Theta:12.9486 Recon Loss:0.0001 Acc:0.0003 Theta Acc:0.0006 
=> centroids.dtype: torch.float32
=> Only CVAE KL
=> Use Multivariate Gaussian As the Prior
image_tensor: tensor([-0.0205,  0.0010,  0.0603,  ..., -0.0023,  0.0051,  0.0094],
       device='cuda:0')
x_proj_norm.shape:torch.Size([64, 12]), tensor([0.2139, 0.3011, 0.1067, 0.3054, 0.3559, 0.3068, 0.3876, 0.2672, 0.2674,
        0.3904, 0.2937, 0.0791], device='cuda:0', grad_fn=<SliceBackward0>)
domian_feature+Z: tensor([[ 0.0232,  0.1053, -0.0930, -0.0565,  0.0646,  0.0721, -0.1225,  0.0645,
          0.0081,  0.2139],
        [ 0.0232,  0.1053, -0.0930, -0.0565,  0.0646,  0.0721, -0.1225,  0.0645,
          0.0081,  0.3011]], device='cuda:0', grad_fn=<SliceBackward0>)
Epoch:47 Time:52.7 Data:0.0 Loss:0.0001 Cls Loss:6.5539 Cls Loss Theta:6.5538 Pair Loss:0.2515 KL Loss:12.9479 KLD Theta:12.9479 Recon Loss:0.0001 Acc:0.0003 Theta Acc:0.0006 
=> centroids.dtype: torch.float32
=> Only CVAE KL
=> Use Multivariate Gaussian As the Prior
image_tensor: tensor([-0.0068,  0.0213,  0.0435,  ..., -0.0002,  0.0235,  0.0036],
       device='cuda:0')
x_proj_norm.shape:torch.Size([64, 12]), tensor([0.4546, 0.1240, 0.0967, 0.3308, 0.4380, 0.0831, 0.5330, 0.2818, 0.1118,
        0.1432, 0.2387, 0.0821], device='cuda:0', grad_fn=<SliceBackward0>)
domian_feature+Z: tensor([[ 0.1276,  0.0804, -0.0411, -0.0339,  0.0320,  0.1325, -0.1560,  0.1711,
          0.0239,  0.4546],
        [ 0.1276,  0.0804, -0.0411, -0.0339,  0.0320,  0.1325, -0.1560,  0.1711,
          0.0239,  0.1240]], device='cuda:0', grad_fn=<SliceBackward0>)
Epoch:48 Time:60.6 Data:0.0 Loss:0.0001 Cls Loss:6.5539 Cls Loss Theta:6.5538 Pair Loss:0.2508 KL Loss:12.9505 KLD Theta:12.9505 Recon Loss:0.0001 Acc:0.0003 Theta Acc:0.0006 
=> centroids.dtype: torch.float32
=> Only CVAE KL
=> Use Multivariate Gaussian As the Prior
image_tensor: tensor([-0.0102,  0.0105,  0.0142,  ...,  0.0056,  0.0029,  0.0196],
       device='cuda:0')
x_proj_norm.shape:torch.Size([64, 12]), tensor([0.2178, 0.5242, 0.2278, 0.3855, 0.2042, 0.0783, 0.0358, 0.2786, 0.3578,
        0.3888, 0.1968, 0.1802], device='cuda:0', grad_fn=<SliceBackward0>)
domian_feature+Z: tensor([[ 0.0483,  0.0602, -0.0365, -0.0464,  0.0597,  0.1153, -0.1251,  0.0942,
          0.0048,  0.2178],
        [ 0.0483,  0.0602, -0.0365, -0.0464,  0.0597,  0.1153, -0.1251,  0.0942,
          0.0048,  0.5242]], device='cuda:0', grad_fn=<SliceBackward0>)
Epoch:49 Time:59.3 Data:0.0 Loss:0.0001 Cls Loss:6.5539 Cls Loss Theta:6.5538 Pair Loss:0.2510 KL Loss:12.9482 KLD Theta:12.9482 Recon Loss:0.0001 Acc:0.0003 Theta Acc:0.0006 
=> centroids.dtype: torch.float32
=> Only CVAE KL
=> Use Multivariate Gaussian As the Prior
image_tensor: tensor([-0.0435, -0.0016,  0.0028,  ...,  0.0005,  0.0066, -0.0055],
       device='cuda:0')
x_proj_norm.shape:torch.Size([64, 12]), tensor([ 0.2088,  0.4375,  0.3337,  0.1630,  0.2965,  0.3419,  0.2355,  0.4568,
         0.2077,  0.1153,  0.3187, -0.0006], device='cuda:0',
       grad_fn=<SliceBackward0>)
domian_feature+Z: tensor([[ 0.0332,  0.1296, -0.0882, -0.0597,  0.0929,  0.1035, -0.1304,  0.1042,
         -0.0137,  0.2088],
        [ 0.0332,  0.1296, -0.0882, -0.0597,  0.0929,  0.1035, -0.1304,  0.1042,
         -0.0137,  0.4375]], device='cuda:0', grad_fn=<SliceBackward0>)
Epoch:50 Time:53.6 Data:0.0 Loss:0.0001 Cls Loss:6.5539 Cls Loss Theta:6.5538 Pair Loss:0.2513 KL Loss:12.9484 KLD Theta:12.9484 Recon Loss:0.0001 Acc:0.0004 Theta Acc:0.0006 
=> Test at epoch 50
Extracted features for query set, obtained torch.Size([2228, 12]) matrix
Extracted features for gallery set, obtained torch.Size([17661, 12]) matrix
Extracting features complete in 0m 7s
Distance computing in 0m 0s
Computing CMC and mAP
Results ---------------------------------------------------
top1:73.4% top5:85.0% top10:87.9% top20:91.0% mAP:56.5%
-----------------------------------------------------------
Using 0m 3s
=> centroids.dtype: torch.float32
=> Only CVAE KL
=> Use Multivariate Gaussian As the Prior
image_tensor: tensor([-0.0191,  0.0065,  0.0266,  ...,  0.0059,  0.0184,  0.0006],
       device='cuda:0')
x_proj_norm.shape:torch.Size([64, 12]), tensor([0.0118, 0.2597, 0.5410, 0.0604, 0.0418, 0.3692, 0.3515, 0.2102, 0.4717,
        0.0908, 0.3152, 0.0007], device='cuda:0', grad_fn=<SliceBackward0>)
domian_feature+Z: tensor([[-0.0004,  0.1290, -0.0780, -0.0463,  0.1429,  0.1074, -0.1442,  0.1546,
          0.0079,  0.0118],
        [-0.0004,  0.1290, -0.0780, -0.0463,  0.1429,  0.1074, -0.1442,  0.1546,
          0.0079,  0.2597]], device='cuda:0', grad_fn=<SliceBackward0>)
Epoch:51 Time:57.6 Data:0.0 Loss:0.0001 Cls Loss:6.5539 Cls Loss Theta:6.5538 Pair Loss:0.2511 KL Loss:12.9489 KLD Theta:12.9489 Recon Loss:0.0001 Acc:0.0003 Theta Acc:0.0006 
=> centroids.dtype: torch.float32
=> Only CVAE KL
=> Use Multivariate Gaussian As the Prior
image_tensor: tensor([-0.0194,  0.0009,  0.0203,  ...,  0.0093,  0.0008,  0.0111],
       device='cuda:0')
x_proj_norm.shape:torch.Size([64, 12]), tensor([0.1774, 0.4499, 0.1833, 0.1264, 0.3209, 0.2780, 0.2600, 0.1718, 0.4414,
        0.3858, 0.2541, 0.1755], device='cuda:0', grad_fn=<SliceBackward0>)
domian_feature+Z: tensor([[ 0.0461,  0.0551, -0.0505, -0.0862,  0.1494,  0.0968, -0.1614,  0.0891,
         -0.0102,  0.1774],
        [ 0.0461,  0.0551, -0.0505, -0.0862,  0.1494,  0.0968, -0.1614,  0.0891,
         -0.0102,  0.4499]], device='cuda:0', grad_fn=<SliceBackward0>)
Epoch:52 Time:55.2 Data:0.0 Loss:0.0001 Cls Loss:6.5539 Cls Loss Theta:6.5538 Pair Loss:0.2510 KL Loss:12.9482 KLD Theta:12.9482 Recon Loss:0.0001 Acc:0.0003 Theta Acc:0.0006 
=> centroids.dtype: torch.float32
=> Only CVAE KL
=> Use Multivariate Gaussian As the Prior
image_tensor: tensor([-0.0451, -0.0201,  0.0322,  ...,  0.0043, -0.0041,  0.0075],
       device='cuda:0')
x_proj_norm.shape:torch.Size([64, 12]), tensor([0.3355, 0.3551, 0.1081, 0.2638, 0.2908, 0.3581, 0.1545, 0.4392, 0.2484,
        0.3542, 0.2509, 0.0129], device='cuda:0', grad_fn=<SliceBackward0>)
domian_feature+Z: tensor([[ 0.0524,  0.1075, -0.0597, -0.0134,  0.1087,  0.1221, -0.1378,  0.0543,
          0.0029,  0.3355],
        [ 0.0524,  0.1075, -0.0597, -0.0134,  0.1087,  0.1221, -0.1378,  0.0543,
          0.0029,  0.3551]], device='cuda:0', grad_fn=<SliceBackward0>)
Epoch:53 Time:63.6 Data:0.0 Loss:0.0001 Cls Loss:6.5539 Cls Loss Theta:6.5538 Pair Loss:0.2515 KL Loss:12.9494 KLD Theta:12.9494 Recon Loss:0.0001 Acc:0.0004 Theta Acc:0.0006 
=> centroids.dtype: torch.float32
=> Only CVAE KL
=> Use Multivariate Gaussian As the Prior
image_tensor: tensor([-0.0300, -0.0117,  0.0306,  ...,  0.0177,  0.0097,  0.0024],
       device='cuda:0')
x_proj_norm.shape:torch.Size([64, 12]), tensor([ 0.2284,  0.0930,  0.3579,  0.3485,  0.1352,  0.1622,  0.4358,  0.4100,
         0.2164,  0.3007,  0.3866, -0.0116], device='cuda:0',
       grad_fn=<SliceBackward0>)
domian_feature+Z: tensor([[ 0.0624,  0.0425, -0.0829, -0.0435,  0.1114,  0.1538, -0.1678,  0.1387,
         -0.0058,  0.2284],
        [ 0.0624,  0.0425, -0.0829, -0.0435,  0.1114,  0.1538, -0.1678,  0.1387,
         -0.0058,  0.0930]], device='cuda:0', grad_fn=<SliceBackward0>)
Epoch:54 Time:54.0 Data:0.0 Loss:0.0001 Cls Loss:6.5539 Cls Loss Theta:6.5538 Pair Loss:0.2510 KL Loss:12.9493 KLD Theta:12.9493 Recon Loss:0.0001 Acc:0.0003 Theta Acc:0.0006 
=> centroids.dtype: torch.float32
=> Only CVAE KL
=> Use Multivariate Gaussian As the Prior
image_tensor: tensor([-0.0051, -0.0466,  0.0103,  ..., -0.0170,  0.0077,  0.0096],
       device='cuda:0')
x_proj_norm.shape:torch.Size([64, 12]), tensor([0.0706, 0.3558, 0.0820, 0.3734, 0.3784, 0.2605, 0.3512, 0.0499, 0.4993,
        0.2178, 0.2557, 0.1522], device='cuda:0', grad_fn=<SliceBackward0>)
domian_feature+Z: tensor([[ 0.0560,  0.1015, -0.0969, -0.1105,  0.0783,  0.1198, -0.2006,  0.1165,
         -0.0083,  0.0706],
        [ 0.0560,  0.1015, -0.0969, -0.1105,  0.0783,  0.1198, -0.2006,  0.1165,
         -0.0083,  0.3558]], device='cuda:0', grad_fn=<SliceBackward0>)
Epoch:55 Time:57.9 Data:0.0 Loss:0.0001 Cls Loss:6.5539 Cls Loss Theta:6.5538 Pair Loss:0.2512 KL Loss:12.9484 KLD Theta:12.9484 Recon Loss:0.0001 Acc:0.0004 Theta Acc:0.0006 
=> Test at epoch 55
Extracted features for query set, obtained torch.Size([2228, 12]) matrix
Extracted features for gallery set, obtained torch.Size([17661, 12]) matrix
Extracting features complete in 0m 6s
Distance computing in 0m 0s
Computing CMC and mAP
Results ---------------------------------------------------
top1:73.3% top5:85.1% top10:87.8% top20:91.0% mAP:56.5%
-----------------------------------------------------------
Using 0m 3s
=> centroids.dtype: torch.float32
=> Only CVAE KL
=> Use Multivariate Gaussian As the Prior
image_tensor: tensor([-0.0109, -0.0111,  0.0263,  ...,  0.0042,  0.0040, -0.0075],
       device='cuda:0')
x_proj_norm.shape:torch.Size([64, 12]), tensor([0.0642, 0.3710, 0.3009, 0.1754, 0.2470, 0.4016, 0.3717, 0.3765, 0.2455,
        0.2559, 0.3286, 0.0270], device='cuda:0', grad_fn=<SliceBackward0>)
domian_feature+Z: tensor([[ 0.0332,  0.1296, -0.0882, -0.0597,  0.0929,  0.1035, -0.1304,  0.1042,
         -0.0137,  0.0642],
        [ 0.0332,  0.1296, -0.0882, -0.0597,  0.0929,  0.1035, -0.1304,  0.1042,
         -0.0137,  0.3710]], device='cuda:0', grad_fn=<SliceBackward0>)
Epoch:56 Time:59.3 Data:0.0 Loss:0.0001 Cls Loss:6.5539 Cls Loss Theta:6.5538 Pair Loss:0.2517 KL Loss:12.9478 KLD Theta:12.9478 Recon Loss:0.0001 Acc:0.0003 Theta Acc:0.0006 
=> centroids.dtype: torch.float32
=> Only CVAE KL
=> Use Multivariate Gaussian As the Prior
image_tensor: tensor([-0.0530, -0.0245,  0.0203,  ...,  0.0109,  0.0050, -0.0036],
       device='cuda:0')
x_proj_norm.shape:torch.Size([64, 12]), tensor([0.1089, 0.2059, 0.1033, 0.1167, 0.3387, 0.0885, 0.1345, 0.3431, 0.6988,
        0.3062, 0.1349, 0.2499], device='cuda:0', grad_fn=<SliceBackward0>)
domian_feature+Z: tensor([[ 0.0461,  0.0551, -0.0505, -0.0862,  0.1494,  0.0968, -0.1614,  0.0891,
         -0.0102,  0.1089],
        [ 0.0461,  0.0551, -0.0505, -0.0862,  0.1494,  0.0968, -0.1614,  0.0891,
         -0.0102,  0.2059]], device='cuda:0', grad_fn=<SliceBackward0>)
Epoch:57 Time:59.4 Data:0.0 Loss:0.0001 Cls Loss:6.5539 Cls Loss Theta:6.5538 Pair Loss:0.2518 KL Loss:12.9496 KLD Theta:12.9496 Recon Loss:0.0001 Acc:0.0002 Theta Acc:0.0006 
=> centroids.dtype: torch.float32
=> Only CVAE KL
=> Use Multivariate Gaussian As the Prior
image_tensor: tensor([-0.0263, -0.0353,  0.0240,  ...,  0.0039,  0.0176,  0.0018],
       device='cuda:0')
x_proj_norm.shape:torch.Size([64, 12]), tensor([ 0.2089,  0.0903,  0.6082,  0.2940,  0.2312, -0.0023,  0.3595,  0.0538,
         0.3233,  0.3155,  0.0723,  0.3109], device='cuda:0',
       grad_fn=<SliceBackward0>)
domian_feature+Z: tensor([[ 0.0602,  0.0880, -0.0962,  0.0436,  0.1868,  0.1781, -0.1643,  0.1373,
         -0.0680,  0.2089],
        [ 0.0602,  0.0880, -0.0962,  0.0436,  0.1868,  0.1781, -0.1643,  0.1373,
         -0.0680,  0.0903]], device='cuda:0', grad_fn=<SliceBackward0>)
Epoch:58 Time:54.3 Data:0.0 Loss:0.0001 Cls Loss:6.5539 Cls Loss Theta:6.5538 Pair Loss:0.2524 KL Loss:12.9473 KLD Theta:12.9473 Recon Loss:0.0001 Acc:0.0002 Theta Acc:0.0006 
=> centroids.dtype: torch.float32
=> Only CVAE KL
=> Use Multivariate Gaussian As the Prior
image_tensor: tensor([-0.0175, -0.0074,  0.0226,  ...,  0.0083,  0.0199,  0.0110],
       device='cuda:0')
x_proj_norm.shape:torch.Size([64, 12]), tensor([ 0.5199,  0.0815,  0.2915,  0.2973,  0.0658,  0.2788,  0.3685,  0.2667,
         0.4621,  0.2129,  0.0382, -0.0070], device='cuda:0',
       grad_fn=<SliceBackward0>)
domian_feature+Z: tensor([[ 0.1296,  0.0993, -0.0885, -0.0887,  0.1054,  0.1656, -0.1720,  0.1868,
         -0.0173,  0.5199],
        [ 0.1296,  0.0993, -0.0885, -0.0887,  0.1054,  0.1656, -0.1720,  0.1868,
         -0.0173,  0.0815]], device='cuda:0', grad_fn=<SliceBackward0>)
Epoch:59 Time:56.8 Data:0.0 Loss:0.0001 Cls Loss:6.5539 Cls Loss Theta:6.5538 Pair Loss:0.2518 KL Loss:12.9465 KLD Theta:12.9465 Recon Loss:0.0001 Acc:0.0003 Theta Acc:0.0006 
=> centroids.dtype: torch.float32
=> Only CVAE KL
=> Use Multivariate Gaussian As the Prior
image_tensor: tensor([ 0.0063, -0.0171,  0.0441,  ..., -0.0096,  0.0101,  0.0117],
       device='cuda:0')
x_proj_norm.shape:torch.Size([64, 12]), tensor([ 0.2602,  0.2825,  0.3715,  0.1345,  0.1687,  0.2642,  0.3218,  0.2889,
         0.4177,  0.2678,  0.4058, -0.0059], device='cuda:0',
       grad_fn=<SliceBackward0>)
domian_feature+Z: tensor([[ 0.0278,  0.1197, -0.0800, -0.0585,  0.0757,  0.1153, -0.0963,  0.0684,
          0.0192,  0.2602],
        [ 0.0278,  0.1197, -0.0800, -0.0585,  0.0757,  0.1153, -0.0963,  0.0684,
          0.0192,  0.2825]], device='cuda:0', grad_fn=<SliceBackward0>)
Epoch:60 Time:82.8 Data:0.0 Loss:0.0001 Cls Loss:6.5539 Cls Loss Theta:6.5538 Pair Loss:0.2519 KL Loss:12.9482 KLD Theta:12.9482 Recon Loss:0.0001 Acc:0.0003 Theta Acc:0.0006 
=> Test at epoch 60
Extracted features for query set, obtained torch.Size([2228, 12]) matrix
Extracted features for gallery set, obtained torch.Size([17661, 12]) matrix
Extracting features complete in 0m 21s
Distance computing in 0m 0s
Computing CMC and mAP
Results ---------------------------------------------------
top1:73.3% top5:84.8% top10:87.7% top20:91.1% mAP:56.5%
-----------------------------------------------------------
Using 0m 2s
=> Best Rank-1 73.6% achieved at epoch 45
Finished. Total elapsed time (h:m:s): 1:00:45. Training time (h:m:s): 0:58:27.
Shutting down background jobs, please wait a moment...
Done!
Waiting for the remaining 32 operations to synchronize with Neptune. Do not kill this process.
All 32 operations synced, thanks for waiting!
Explore the metadata in the Neptune app:
https://app.neptune.ai/Zhengwei-Lab/NIPSTransferReID/e/NIPS-518/metadata
