https://app.neptune.ai/Zhengwei-Lab/MayCVAE/e/MAY-249
=> merge config from ./configs/base_duke/clipreid_cvae_kl.yaml
/home/zhengwei/Desktop/Zhengwei/Projects/CVAE/main.py:91: NeptuneUnsupportedType: You're attempting to log a type that is not directly supported by Neptune (<class 'list'>).
        Convert the value to a supported type, such as a string or float, or use stringify_unsupported(obj)
        for dictionaries or collections that contain unsupported values.
        For more, see https://docs.neptune.ai/help/value_of_unsupported_type
  run["parameters"] = param
=> Configurations:
-------------------------
AMP: True
AUG:
  RC_PROB: 0.5
  RE_PROB: 0.5
DATA:
  CUHK03_CLASSIC_SPLIT: False
  CUHK03_LABELED: False
  DATASET: duke
  FORMAT_TAG: tensor
  HEIGHT: 256
  NUM_INSTANCES: 4
  NUM_WORKERS: 4
  ROOT: /home/zhengwei/Desktop/Zhengwei/Projects/datasets
  SPLIT_ID: 0
  TEST_BATCH: 512
  TRAIN_BATCH: 64
  TRAIN_FORMAT: base
  WIDTH: 128
EVAL_MODE: False
GPU: 0
LOSS:
  CLA_LOSS: crossentropy
  CLA_M: 0.0
  CLA_S: 16.0
  PAIR_LOSS: triplet
  PAIR_M: 0.3
  PAIR_S: 16.0
  RECON_LOSS: mse
  USE_NCE: True
MODEL:
  CONDITIONAL: False
  FEATURE_DIM: 1280
  FEAT_FUSION: True
  FLOW_TYPE: 
  GAUSSIAN: MultivariateNormal
  HIDDEN_DIM: 256
  LATENT_SIZE: 64
  NAME: CVAE
  ONLY_CVAE_KL: False
  ONLY_X_INPUT: False
  PRETRAIN: CLIPreidNew
  RES4_STRIDE: 1
  RESUME: 
  TRAIN_STAGE: klNocls_stage
  USE_CENTROID: False
  USE_TWO_ENCODER: True
  VAE_TYPE: SinpleVAE
  ZC_DIM: 128
  ZS_DIM: 64
OUTPUT: ./outputs/duke/clipreid_simplevae_base/2024-06-20/fp32_SimpleVAE+2E_128+64z_1e3+3_60+120_KLtotalZ_CE+TEXT
SAVED_NAME: fp32_SimpleVAE+2E_128+64z_1e3+3_60+120_KLtotalZ_CE+TEXT
SEED: 0
TAG: clipreid_simplevae_base
TEST:
  DISTANCE: cosine
  EVAL_STEP: 5
  START_EVAL: -1
TRAIN:
  AMP: False
  LR_SCHEDULER:
    DECAY_RATE: 0.1
    NAME: MultiStepLR
    STEPSIZE: [60]
  MAX_EPOCH: 120
  OPTIMIZER:
    LR: 0.001
    NAME: adam
    SGDLR: 0.01
    SGD_MOMENTUM: 0.9
    SGD_WEIGHT_DECAY: 0.0005
    WEIGHT_DECAY: 0.0001
  START_EPOCH: 0
----------------------
Initializing dataset duke
Warning: string series 'monitoring/5ba7f21e/stdout' value was longer than 1000 characters and was truncated. This warning is printed only once per series.
=> DukeMTMC-reID tensor loaded
Dataset statistics:
  ------------------------------
  subset   | # ids | # images
  ------------------------------
  train    |   702 |    16522
  query    |   702 |     2228
  gallery  |  1110 |    17661
  ------------------------------
  total    |  1404 |    36411
  ------------------------------
Initializing SinpleVAE model with 2 encoders
Model size: 11.86669M
Classifier size: 0.08986M
=> Start training
Epoch:1 Time:21.7 Data:0.0 Loss:12.8512 Cls Loss:8.0763 Pair Loss:0.4747 KL Loss:4.6344 Recon Loss:0.1405 Acc:0.0618 Acc NCE:0.0618
Epoch:2 Time:21.2 Data:0.0 Loss:8.9447 Cls Loss:5.6675 Pair Loss:0.4425 KL Loss:3.1618 Recon Loss:0.1154 Acc:0.1276 Acc NCE:0.1276
Epoch:3 Time:21.2 Data:0.0 Loss:7.9209 Cls Loss:4.8710 Pair Loss:0.4183 KL Loss:2.9369 Recon Loss:0.1130 Acc:0.1782 Acc NCE:0.1782
Epoch:4 Time:21.2 Data:0.0 Loss:6.9689 Cls Loss:4.3255 Pair Loss:0.3979 KL Loss:2.5317 Recon Loss:0.1118 Acc:0.2221 Acc NCE:0.2221
Epoch:5 Time:21.2 Data:0.0 Loss:6.9327 Cls Loss:3.8578 Pair Loss:0.3862 KL Loss:2.9617 Recon Loss:0.1132 Acc:0.2704 Acc NCE:0.2704
=> Test at epoch 5
==========Test with latent_z: z_c =========
==========Test with NCE LOSS=========
Extracted features for query set, obtained torch.Size([2228, 128]) matrix
Extracted features for gallery set, obtained torch.Size([17661, 128]) matrix
Extracting features complete in 0m 4s
Distance computing in 0m 0s
Results ---------------------------------------------------
top1:69.6% top5:86.2% top10:90.4% top20:93.2% mAP:47.8%
-----------------------------------------------------------
Using 0m 2s
Classifier results ---------------------------------------------------
Query acc: 0.2% Gallery acc: 0.1% Total acc: 0.1%
==========Test with latent_z: new_z =========
==========Test with NCE LOSS=========
Extracted features for query set, obtained torch.Size([2228, 192]) matrix
Extracted features for gallery set, obtained torch.Size([17661, 192]) matrix
Extracting features complete in 0m 4s
Distance computing in 0m 0s
Results ---------------------------------------------------
top1:24.8% top5:46.9% top10:57.2% top20:67.3% mAP:8.1%
-----------------------------------------------------------
Using 0m 3s
Classifier results ---------------------------------------------------
Query acc: 0.0% Gallery acc: 0.1% Total acc: 0.1%
Epoch:6 Time:22.0 Data:0.0 Loss:6.1955 Cls Loss:3.5700 Pair Loss:0.3748 KL Loss:2.5093 Recon Loss:0.1162 Acc:0.2954 Acc NCE:0.2954
Epoch:7 Time:21.1 Data:0.0 Loss:6.0370 Cls Loss:3.3012 Pair Loss:0.3689 KL Loss:2.6173 Recon Loss:0.1185 Acc:0.3264 Acc NCE:0.3264
Epoch:8 Time:21.4 Data:0.0 Loss:6.0207 Cls Loss:3.0757 Pair Loss:0.3601 KL Loss:2.8246 Recon Loss:0.1205 Acc:0.3611 Acc NCE:0.3611
Epoch:9 Time:21.3 Data:0.0 Loss:6.1109 Cls Loss:2.9696 Pair Loss:0.3584 KL Loss:3.0197 Recon Loss:0.1216 Acc:0.3716 Acc NCE:0.3716
Epoch:10 Time:77.1 Data:0.0 Loss:6.0240 Cls Loss:2.8808 Pair Loss:0.3604 KL Loss:3.0212 Recon Loss:0.1221 Acc:0.3832 Acc NCE:0.3832
=> Test at epoch 10
==========Test with latent_z: z_c =========
==========Test with NCE LOSS=========
Extracted features for query set, obtained torch.Size([2228, 128]) matrix
Extracted features for gallery set, obtained torch.Size([17661, 128]) matrix
Extracting features complete in 0m 6s
Distance computing in 0m 0s
Results ---------------------------------------------------
top1:84.0% top5:91.9% top10:93.8% top20:95.5% mAP:68.6%
-----------------------------------------------------------
Using 0m 3s
Classifier results ---------------------------------------------------
Query acc: 0.3% Gallery acc: 0.1% Total acc: 0.1%
==========Test with latent_z: new_z =========
==========Test with NCE LOSS=========
Extracted features for query set, obtained torch.Size([2228, 192]) matrix
Extracted features for gallery set, obtained torch.Size([17661, 192]) matrix
Extracting features complete in 0m 4s
Distance computing in 0m 0s
Results ---------------------------------------------------
top1:31.9% top5:54.7% top10:63.3% top20:70.9% mAP:10.8%
-----------------------------------------------------------
Using 0m 3s
Classifier results ---------------------------------------------------
Query acc: 0.3% Gallery acc: 0.1% Total acc: 0.1%
Epoch:11 Time:22.3 Data:0.0 Loss:5.6395 Cls Loss:2.7226 Pair Loss:0.3513 KL Loss:2.7948 Recon Loss:0.1221 Acc:0.4060 Acc NCE:0.4060
Epoch:12 Time:21.8 Data:0.0 Loss:5.6073 Cls Loss:2.6272 Pair Loss:0.3491 KL Loss:2.8579 Recon Loss:0.1222 Acc:0.4264 Acc NCE:0.4264
Epoch:13 Time:21.3 Data:0.0 Loss:5.4722 Cls Loss:2.5049 Pair Loss:0.3475 KL Loss:2.8454 Recon Loss:0.1218 Acc:0.4388 Acc NCE:0.4388
Epoch:14 Time:21.4 Data:0.0 Loss:5.4969 Cls Loss:2.3982 Pair Loss:0.3430 KL Loss:2.9762 Recon Loss:0.1225 Acc:0.4536 Acc NCE:0.4536
Epoch:15 Time:21.2 Data:0.0 Loss:5.1571 Cls Loss:2.3585 Pair Loss:0.3415 KL Loss:2.6768 Recon Loss:0.1218 Acc:0.4670 Acc NCE:0.4670
=> Test at epoch 15
==========Test with latent_z: z_c =========
==========Test with NCE LOSS=========
Extracted features for query set, obtained torch.Size([2228, 128]) matrix
Extracted features for gallery set, obtained torch.Size([17661, 128]) matrix
Extracting features complete in 0m 5s
Distance computing in 0m 0s
Results ---------------------------------------------------
top1:85.5% top5:92.6% top10:94.5% top20:96.0% mAP:70.9%
-----------------------------------------------------------
Using 0m 2s
Classifier results ---------------------------------------------------
Query acc: 0.2% Gallery acc: 0.1% Total acc: 0.1%
==========Test with latent_z: new_z =========
==========Test with NCE LOSS=========
Extracted features for query set, obtained torch.Size([2228, 192]) matrix
Extracted features for gallery set, obtained torch.Size([17661, 192]) matrix
Extracting features complete in 0m 4s
Distance computing in 0m 0s
Results ---------------------------------------------------
top1:26.9% top5:45.8% top10:54.2% top20:61.8% mAP:8.8%
-----------------------------------------------------------
Using 0m 3s
Classifier results ---------------------------------------------------
Query acc: 0.2% Gallery acc: 0.1% Total acc: 0.1%
Epoch:16 Time:21.8 Data:0.0 Loss:5.2482 Cls Loss:2.2385 Pair Loss:0.3439 KL Loss:2.8860 Recon Loss:0.1237 Acc:0.4814 Acc NCE:0.4814
Epoch:17 Time:21.4 Data:0.0 Loss:4.7441 Cls Loss:2.2292 Pair Loss:0.3338 KL Loss:2.3937 Recon Loss:0.1213 Acc:0.4843 Acc NCE:0.4843
Epoch:18 Time:21.4 Data:0.0 Loss:5.1490 Cls Loss:2.2196 Pair Loss:0.3400 KL Loss:2.8074 Recon Loss:0.1220 Acc:0.4887 Acc NCE:0.4887
Epoch:19 Time:21.7 Data:0.0 Loss:4.8249 Cls Loss:2.1781 Pair Loss:0.3371 KL Loss:2.5262 Recon Loss:0.1206 Acc:0.4981 Acc NCE:0.4981
Epoch:20 Time:55.0 Data:0.0 Loss:4.9864 Cls Loss:2.1581 Pair Loss:0.3343 KL Loss:2.7087 Recon Loss:0.1196 Acc:0.5014 Acc NCE:0.5014
=> Test at epoch 20
==========Test with latent_z: z_c =========
==========Test with NCE LOSS=========
Extracted features for query set, obtained torch.Size([2228, 128]) matrix
Extracted features for gallery set, obtained torch.Size([17661, 128]) matrix
Extracting features complete in 0m 8s
Distance computing in 0m 0s
Results ---------------------------------------------------
top1:86.2% top5:92.6% top10:94.3% top20:95.9% mAP:71.8%
-----------------------------------------------------------
Using 0m 3s
Classifier results ---------------------------------------------------
Query acc: 0.1% Gallery acc: 0.1% Total acc: 0.1%
==========Test with latent_z: new_z =========
==========Test with NCE LOSS=========
Extracted features for query set, obtained torch.Size([2228, 192]) matrix
Extracted features for gallery set, obtained torch.Size([17661, 192]) matrix
Extracting features complete in 0m 4s
Distance computing in 0m 0s
Results ---------------------------------------------------
top1:34.0% top5:53.2% top10:60.8% top20:68.1% mAP:12.4%
-----------------------------------------------------------
Using 0m 3s
Classifier results ---------------------------------------------------
Query acc: 0.2% Gallery acc: 0.1% Total acc: 0.1%
Epoch:21 Time:22.0 Data:0.0 Loss:4.9788 Cls Loss:2.0917 Pair Loss:0.3374 KL Loss:2.7672 Recon Loss:0.1200 Acc:0.5105 Acc NCE:0.5105
Epoch:22 Time:21.6 Data:0.0 Loss:4.8037 Cls Loss:2.0480 Pair Loss:0.3307 KL Loss:2.6362 Recon Loss:0.1195 Acc:0.5121 Acc NCE:0.5121
Epoch:23 Time:21.3 Data:0.0 Loss:4.7357 Cls Loss:2.0659 Pair Loss:0.3335 KL Loss:2.5515 Recon Loss:0.1184 Acc:0.5142 Acc NCE:0.5142
Epoch:24 Time:21.3 Data:0.0 Loss:4.6261 Cls Loss:1.9461 Pair Loss:0.3341 KL Loss:2.5620 Recon Loss:0.1180 Acc:0.5362 Acc NCE:0.5362
Epoch:25 Time:21.3 Data:0.0 Loss:4.8218 Cls Loss:1.9692 Pair Loss:0.3355 KL Loss:2.7340 Recon Loss:0.1186 Acc:0.5320 Acc NCE:0.5320
=> Test at epoch 25
==========Test with latent_z: z_c =========
==========Test with NCE LOSS=========
Extracted features for query set, obtained torch.Size([2228, 128]) matrix
Extracted features for gallery set, obtained torch.Size([17661, 128]) matrix
Extracting features complete in 0m 4s
Distance computing in 0m 0s
Results ---------------------------------------------------
top1:86.7% top5:93.2% top10:95.0% top20:96.0% mAP:73.9%
-----------------------------------------------------------
Using 0m 2s
Classifier results ---------------------------------------------------
Query acc: 0.0% Gallery acc: 0.1% Total acc: 0.1%
==========Test with latent_z: new_z =========
==========Test with NCE LOSS=========
Extracted features for query set, obtained torch.Size([2228, 192]) matrix
Extracted features for gallery set, obtained torch.Size([17661, 192]) matrix
Extracting features complete in 0m 4s
Distance computing in 0m 0s
Results ---------------------------------------------------
top1:25.3% top5:41.5% top10:48.7% top20:54.9% mAP:7.5%
-----------------------------------------------------------
Using 0m 3s
Classifier results ---------------------------------------------------
Query acc: 0.0% Gallery acc: 0.1% Total acc: 0.1%
Epoch:26 Time:22.3 Data:0.0 Loss:4.4196 Cls Loss:1.9708 Pair Loss:0.3370 KL Loss:2.3315 Recon Loss:0.1174 Acc:0.5347 Acc NCE:0.5347
Epoch:27 Time:21.6 Data:0.0 Loss:4.8195 Cls Loss:1.9298 Pair Loss:0.3364 KL Loss:2.7729 Recon Loss:0.1168 Acc:0.5396 Acc NCE:0.5396
Epoch:28 Time:21.4 Data:0.0 Loss:4.4477 Cls Loss:1.9054 Pair Loss:0.3380 KL Loss:2.4247 Recon Loss:0.1175 Acc:0.5421 Acc NCE:0.5421
Epoch:29 Time:21.4 Data:0.0 Loss:4.4062 Cls Loss:1.9018 Pair Loss:0.3415 KL Loss:2.3870 Recon Loss:0.1173 Acc:0.5424 Acc NCE:0.5424
Epoch:30 Time:56.1 Data:0.0 Loss:4.6060 Cls Loss:1.8973 Pair Loss:0.3396 KL Loss:2.5922 Recon Loss:0.1165 Acc:0.5464 Acc NCE:0.5464
=> Test at epoch 30
==========Test with latent_z: z_c =========
==========Test with NCE LOSS=========
Extracted features for query set, obtained torch.Size([2228, 128]) matrix
Extracted features for gallery set, obtained torch.Size([17661, 128]) matrix
Extracting features complete in 0m 8s
Distance computing in 0m 0s
Results ---------------------------------------------------
top1:86.5% top5:93.0% top10:94.9% top20:96.1% mAP:74.2%
-----------------------------------------------------------
Using 0m 3s
Classifier results ---------------------------------------------------
Query acc: 0.2% Gallery acc: 0.1% Total acc: 0.1%
==========Test with latent_z: new_z =========
==========Test with NCE LOSS=========
Extracted features for query set, obtained torch.Size([2228, 192]) matrix
Extracted features for gallery set, obtained torch.Size([17661, 192]) matrix
Extracting features complete in 0m 4s
Distance computing in 0m 0s
Results ---------------------------------------------------
top1:24.8% top5:39.8% top10:47.0% top20:53.4% mAP:7.9%
-----------------------------------------------------------
Using 0m 3s
Classifier results ---------------------------------------------------
Query acc: 0.2% Gallery acc: 0.1% Total acc: 0.1%
Epoch:31 Time:22.3 Data:0.0 Loss:4.2192 Cls Loss:1.9152 Pair Loss:0.3392 KL Loss:2.1884 Recon Loss:0.1156 Acc:0.5444 Acc NCE:0.5444
Epoch:32 Time:21.3 Data:0.0 Loss:4.5259 Cls Loss:1.8690 Pair Loss:0.3394 KL Loss:2.5419 Recon Loss:0.1150 Acc:0.5500 Acc NCE:0.5500
Epoch:33 Time:21.6 Data:0.0 Loss:4.1647 Cls Loss:1.8633 Pair Loss:0.3415 KL Loss:2.1869 Recon Loss:0.1145 Acc:0.5523 Acc NCE:0.5523
Epoch:34 Time:21.4 Data:0.0 Loss:4.2819 Cls Loss:1.8199 Pair Loss:0.3420 KL Loss:2.3477 Recon Loss:0.1143 Acc:0.5579 Acc NCE:0.5579
Epoch:35 Time:21.5 Data:0.0 Loss:4.5966 Cls Loss:1.8842 Pair Loss:0.3454 KL Loss:2.5978 Recon Loss:0.1146 Acc:0.5477 Acc NCE:0.5477
=> Test at epoch 35
==========Test with latent_z: z_c =========
==========Test with NCE LOSS=========
Extracted features for query set, obtained torch.Size([2228, 128]) matrix
Extracted features for gallery set, obtained torch.Size([17661, 128]) matrix
Extracting features complete in 0m 5s
Distance computing in 0m 0s
Results ---------------------------------------------------
top1:86.8% top5:93.1% top10:95.1% top20:96.4% mAP:74.4%
-----------------------------------------------------------
Using 0m 2s
Classifier results ---------------------------------------------------
Query acc: 0.3% Gallery acc: 0.2% Total acc: 0.2%
==========Test with latent_z: new_z =========
==========Test with NCE LOSS=========
Extracted features for query set, obtained torch.Size([2228, 192]) matrix
Extracted features for gallery set, obtained torch.Size([17661, 192]) matrix
Extracting features complete in 0m 4s
Distance computing in 0m 0s
Results ---------------------------------------------------
top1:33.5% top5:50.6% top10:58.3% top20:65.6% mAP:11.8%
-----------------------------------------------------------
Using 0m 3s
Classifier results ---------------------------------------------------
Query acc: 0.3% Gallery acc: 0.2% Total acc: 0.2%
Epoch:36 Time:22.0 Data:0.0 Loss:4.1702 Cls Loss:1.8017 Pair Loss:0.3432 KL Loss:2.2539 Recon Loss:0.1147 Acc:0.5654 Acc NCE:0.5654
Epoch:37 Time:21.4 Data:0.0 Loss:4.1972 Cls Loss:1.8011 Pair Loss:0.3452 KL Loss:2.2822 Recon Loss:0.1140 Acc:0.5599 Acc NCE:0.5599
Epoch:38 Time:21.3 Data:0.0 Loss:4.3729 Cls Loss:1.8095 Pair Loss:0.3476 KL Loss:2.4493 Recon Loss:0.1141 Acc:0.5618 Acc NCE:0.5618
Epoch:39 Time:21.3 Data:0.0 Loss:4.3870 Cls Loss:1.8225 Pair Loss:0.3479 KL Loss:2.4509 Recon Loss:0.1136 Acc:0.5579 Acc NCE:0.5579
/home/zhengwei/anaconda3/envs/yzwT2V/lib/python3.9/site-packages/numpy/lib/function_base.py:2853: RuntimeWarning: invalid value encountered in divide
  c /= stddev[:, None]
/home/zhengwei/anaconda3/envs/yzwT2V/lib/python3.9/site-packages/numpy/lib/function_base.py:2854: RuntimeWarning: invalid value encountered in divide
  c /= stddev[None, :]
Epoch:40 Time:55.1 Data:0.0 Loss:4.2147 Cls Loss:1.8080 Pair Loss:0.3485 KL Loss:2.2933 Recon Loss:0.1134 Acc:0.5618 Acc NCE:0.5618
=> Test at epoch 40
==========Test with latent_z: z_c =========
==========Test with NCE LOSS=========
Extracted features for query set, obtained torch.Size([2228, 128]) matrix
Extracted features for gallery set, obtained torch.Size([17661, 128]) matrix
Extracting features complete in 0m 8s
Distance computing in 0m 0s
Results ---------------------------------------------------
top1:86.5% top5:93.5% top10:95.5% top20:96.3% mAP:74.2%
-----------------------------------------------------------
Using 0m 3s
Classifier results ---------------------------------------------------
Query acc: 0.2% Gallery acc: 0.2% Total acc: 0.2%
==========Test with latent_z: new_z =========
==========Test with NCE LOSS=========
Extracted features for query set, obtained torch.Size([2228, 192]) matrix
Extracted features for gallery set, obtained torch.Size([17661, 192]) matrix
Extracting features complete in 0m 4s
Distance computing in 0m 0s
Results ---------------------------------------------------
top1:26.8% top5:42.5% top10:48.0% top20:56.3% mAP:8.4%
-----------------------------------------------------------
Using 0m 3s
Classifier results ---------------------------------------------------
Query acc: 0.2% Gallery acc: 0.1% Total acc: 0.2%
Epoch:41 Time:22.3 Data:0.0 Loss:4.1879 Cls Loss:1.7678 Pair Loss:0.3451 KL Loss:2.3075 Recon Loss:0.1126 Acc:0.5732 Acc NCE:0.5732
Epoch:42 Time:21.9 Data:0.0 Loss:4.1460 Cls Loss:1.7824 Pair Loss:0.3468 KL Loss:2.2512 Recon Loss:0.1124 Acc:0.5685 Acc NCE:0.5685
Epoch:43 Time:21.2 Data:0.0 Loss:4.2054 Cls Loss:1.7617 Pair Loss:0.3495 KL Loss:2.3315 Recon Loss:0.1122 Acc:0.5662 Acc NCE:0.5662
Epoch:44 Time:21.5 Data:0.0 Loss:3.9594 Cls Loss:1.7421 Pair Loss:0.3516 KL Loss:2.1054 Recon Loss:0.1118 Acc:0.5749 Acc NCE:0.5749
Epoch:45 Time:21.4 Data:0.0 Loss:4.1355 Cls Loss:1.7423 Pair Loss:0.3556 KL Loss:2.2789 Recon Loss:0.1144 Acc:0.5723 Acc NCE:0.5723
=> Test at epoch 45
==========Test with latent_z: z_c =========
==========Test with NCE LOSS=========
Extracted features for query set, obtained torch.Size([2228, 128]) matrix
Extracted features for gallery set, obtained torch.Size([17661, 128]) matrix
Extracting features complete in 0m 4s
Distance computing in 0m 0s
Results ---------------------------------------------------
top1:87.3% top5:93.5% top10:95.4% top20:96.6% mAP:74.8%
-----------------------------------------------------------
Using 0m 2s
Classifier results ---------------------------------------------------
Query acc: 0.2% Gallery acc: 0.1% Total acc: 0.2%
==========Test with latent_z: new_z =========
==========Test with NCE LOSS=========
Extracted features for query set, obtained torch.Size([2228, 192]) matrix
Extracted features for gallery set, obtained torch.Size([17661, 192]) matrix
Extracting features complete in 0m 4s
Distance computing in 0m 0s
Results ---------------------------------------------------
top1:14.2% top5:25.9% top10:31.8% top20:38.6% mAP:4.4%
-----------------------------------------------------------
Using 0m 3s
Classifier results ---------------------------------------------------
Query acc: 0.2% Gallery acc: 0.1% Total acc: 0.1%
Epoch:46 Time:22.0 Data:0.0 Loss:3.9641 Cls Loss:1.7123 Pair Loss:0.3529 KL Loss:2.1384 Recon Loss:0.1134 Acc:0.5838 Acc NCE:0.5838
Epoch:47 Time:21.5 Data:0.0 Loss:3.9007 Cls Loss:1.7634 Pair Loss:0.3520 KL Loss:2.0259 Recon Loss:0.1113 Acc:0.5685 Acc NCE:0.5685
Epoch:48 Time:21.9 Data:0.0 Loss:4.4098 Cls Loss:1.7230 Pair Loss:0.3536 KL Loss:2.5746 Recon Loss:0.1122 Acc:0.5785 Acc NCE:0.5785
Epoch:49 Time:21.9 Data:0.0 Loss:3.8864 Cls Loss:1.7407 Pair Loss:0.3533 KL Loss:2.0340 Recon Loss:0.1117 Acc:0.5769 Acc NCE:0.5769
Epoch:50 Time:56.4 Data:0.0 Loss:3.8817 Cls Loss:1.7620 Pair Loss:0.3528 KL Loss:2.0090 Recon Loss:0.1107 Acc:0.5733 Acc NCE:0.5733
=> Test at epoch 50
==========Test with latent_z: z_c =========
==========Test with NCE LOSS=========
Extracted features for query set, obtained torch.Size([2228, 128]) matrix
Extracted features for gallery set, obtained torch.Size([17661, 128]) matrix
Extracting features complete in 0m 8s
Distance computing in 0m 0s
Results ---------------------------------------------------
top1:87.4% top5:93.5% top10:95.3% top20:96.5% mAP:74.7%
-----------------------------------------------------------
Using 0m 3s
Classifier results ---------------------------------------------------
Query acc: 0.0% Gallery acc: 0.0% Total acc: 0.0%
==========Test with latent_z: new_z =========
==========Test with NCE LOSS=========
Extracted features for query set, obtained torch.Size([2228, 192]) matrix
Extracted features for gallery set, obtained torch.Size([17661, 192]) matrix
Extracting features complete in 0m 4s
Distance computing in 0m 0s
Results ---------------------------------------------------
top1:17.6% top5:30.9% top10:36.8% top20:44.5% mAP:5.5%
-----------------------------------------------------------
Using 0m 3s
Classifier results ---------------------------------------------------
Query acc: 0.0% Gallery acc: 0.0% Total acc: 0.0%
Epoch:51 Time:22.1 Data:0.0 Loss:3.8393 Cls Loss:1.7018 Pair Loss:0.3512 KL Loss:2.0271 Recon Loss:0.1105 Acc:0.5817 Acc NCE:0.5817
Epoch:52 Time:21.7 Data:0.0 Loss:4.1511 Cls Loss:1.7221 Pair Loss:0.3551 KL Loss:2.3186 Recon Loss:0.1104 Acc:0.5845 Acc NCE:0.5845
Epoch:53 Time:21.5 Data:0.0 Loss:4.0002 Cls Loss:1.6685 Pair Loss:0.3565 KL Loss:2.2205 Recon Loss:0.1112 Acc:0.5868 Acc NCE:0.5868
Epoch:54 Time:21.2 Data:0.0 Loss:3.6764 Cls Loss:1.6567 Pair Loss:0.3574 KL Loss:1.9087 Recon Loss:0.1110 Acc:0.5938 Acc NCE:0.5938
Epoch:55 Time:21.0 Data:0.0 Loss:4.0438 Cls Loss:1.6843 Pair Loss:0.3597 KL Loss:2.2494 Recon Loss:0.1100 Acc:0.5863 Acc NCE:0.5863
=> Test at epoch 55
==========Test with latent_z: z_c =========
==========Test with NCE LOSS=========
Extracted features for query set, obtained torch.Size([2228, 128]) matrix
Extracted features for gallery set, obtained torch.Size([17661, 128]) matrix
Extracting features complete in 0m 6s
Distance computing in 0m 0s
Results ---------------------------------------------------
top1:86.6% top5:93.4% top10:95.2% top20:96.4% mAP:74.3%
-----------------------------------------------------------
Using 0m 2s
Classifier results ---------------------------------------------------
Query acc: 0.2% Gallery acc: 0.2% Total acc: 0.2%
==========Test with latent_z: new_z =========
==========Test with NCE LOSS=========
Extracted features for query set, obtained torch.Size([2228, 192]) matrix
Extracted features for gallery set, obtained torch.Size([17661, 192]) matrix
Extracting features complete in 0m 5s
Distance computing in 0m 0s
Results ---------------------------------------------------
top1:14.7% top5:28.4% top10:34.5% top20:41.3% mAP:4.3%
-----------------------------------------------------------
Using 0m 3s
Classifier results ---------------------------------------------------
Query acc: 0.2% Gallery acc: 0.2% Total acc: 0.2%
Epoch:56 Time:22.2 Data:0.0 Loss:3.6048 Cls Loss:1.6640 Pair Loss:0.3570 KL Loss:1.8305 Recon Loss:0.1103 Acc:0.5927 Acc NCE:0.5927
Epoch:57 Time:23.2 Data:0.0 Loss:3.8393 Cls Loss:1.6468 Pair Loss:0.3591 KL Loss:2.0818 Recon Loss:0.1107 Acc:0.5925 Acc NCE:0.5925
Epoch:58 Time:21.8 Data:0.0 Loss:3.5889 Cls Loss:1.6174 Pair Loss:0.3559 KL Loss:1.8614 Recon Loss:0.1101 Acc:0.5965 Acc NCE:0.5965
Epoch:59 Time:21.3 Data:0.0 Loss:3.5849 Cls Loss:1.6107 Pair Loss:0.3570 KL Loss:1.8638 Recon Loss:0.1104 Acc:0.5992 Acc NCE:0.5992
Epoch:60 Time:54.4 Data:0.0 Loss:3.7021 Cls Loss:1.6065 Pair Loss:0.3589 KL Loss:1.9856 Recon Loss:0.1100 Acc:0.6042 Acc NCE:0.6042
=> Test at epoch 60
==========Test with latent_z: z_c =========
==========Test with NCE LOSS=========
Extracted features for query set, obtained torch.Size([2228, 128]) matrix
Extracted features for gallery set, obtained torch.Size([17661, 128]) matrix
Extracting features complete in 0m 7s
Distance computing in 0m 0s
Results ---------------------------------------------------
top1:86.3% top5:93.0% top10:94.9% top20:96.4% mAP:73.8%
-----------------------------------------------------------
Using 0m 2s
Classifier results ---------------------------------------------------
Query acc: 0.1% Gallery acc: 0.1% Total acc: 0.1%
==========Test with latent_z: new_z =========
==========Test with NCE LOSS=========
Extracted features for query set, obtained torch.Size([2228, 192]) matrix
Extracted features for gallery set, obtained torch.Size([17661, 192]) matrix
Extracting features complete in 0m 4s
Distance computing in 0m 0s
Results ---------------------------------------------------
top1:13.5% top5:24.4% top10:30.5% top20:37.3% mAP:3.5%
-----------------------------------------------------------
Using 0m 3s
Classifier results ---------------------------------------------------
Query acc: 0.3% Gallery acc: 0.1% Total acc: 0.1%
Epoch:61 Time:21.9 Data:0.0 Loss:3.2117 Cls Loss:1.4131 Pair Loss:0.3554 KL Loss:1.6898 Recon Loss:0.1087 Acc:0.6388 Acc NCE:0.6388
Epoch:62 Time:21.5 Data:0.0 Loss:2.9658 Cls Loss:1.2895 Pair Loss:0.3545 KL Loss:1.5682 Recon Loss:0.1081 Acc:0.6720 Acc NCE:0.6720
Epoch:63 Time:21.7 Data:0.0 Loss:2.8071 Cls Loss:1.2055 Pair Loss:0.3513 KL Loss:1.4939 Recon Loss:0.1077 Acc:0.6868 Acc NCE:0.6868
Epoch:64 Time:21.4 Data:0.0 Loss:2.7706 Cls Loss:1.1907 Pair Loss:0.3525 KL Loss:1.4725 Recon Loss:0.1074 Acc:0.6942 Acc NCE:0.6942
Epoch:65 Time:21.3 Data:0.0 Loss:2.6670 Cls Loss:1.1309 Pair Loss:0.3516 KL Loss:1.4289 Recon Loss:0.1073 Acc:0.7065 Acc NCE:0.7065
=> Test at epoch 65
==========Test with latent_z: z_c =========
==========Test with NCE LOSS=========
Extracted features for query set, obtained torch.Size([2228, 128]) matrix
Extracted features for gallery set, obtained torch.Size([17661, 128]) matrix
Extracting features complete in 0m 4s
Distance computing in 0m 0s
Results ---------------------------------------------------
top1:86.8% top5:93.5% top10:95.3% top20:96.7% mAP:74.8%
-----------------------------------------------------------
Using 0m 2s
Classifier results ---------------------------------------------------
Query acc: 0.2% Gallery acc: 0.0% Total acc: 0.0%
==========Test with latent_z: new_z =========
==========Test with NCE LOSS=========
Extracted features for query set, obtained torch.Size([2228, 192]) matrix
Extracted features for gallery set, obtained torch.Size([17661, 192]) matrix
Extracting features complete in 0m 4s
Distance computing in 0m 0s
Results ---------------------------------------------------
top1:11.1% top5:22.4% top10:28.5% top20:35.8% mAP:3.0%
-----------------------------------------------------------
Using 0m 3s
Classifier results ---------------------------------------------------
Query acc: 0.2% Gallery acc: 0.0% Total acc: 0.0%
Epoch:66 Time:21.9 Data:0.0 Loss:2.5657 Cls Loss:1.1075 Pair Loss:0.3530 KL Loss:1.3512 Recon Loss:0.1070 Acc:0.7136 Acc NCE:0.7136
Epoch:67 Time:21.5 Data:0.0 Loss:2.6152 Cls Loss:1.0773 Pair Loss:0.3501 KL Loss:1.4312 Recon Loss:0.1067 Acc:0.7270 Acc NCE:0.7270
Epoch:68 Time:21.6 Data:0.0 Loss:2.4879 Cls Loss:1.0465 Pair Loss:0.3509 KL Loss:1.3348 Recon Loss:0.1066 Acc:0.7265 Acc NCE:0.7265
Epoch:69 Time:21.5 Data:0.0 Loss:2.6400 Cls Loss:1.0472 Pair Loss:0.3496 KL Loss:1.4863 Recon Loss:0.1065 Acc:0.7327 Acc NCE:0.7327
Epoch:70 Time:54.6 Data:0.0 Loss:2.4610 Cls Loss:1.0014 Pair Loss:0.3472 KL Loss:1.3533 Recon Loss:0.1063 Acc:0.7389 Acc NCE:0.7389
=> Test at epoch 70
==========Test with latent_z: z_c =========
==========Test with NCE LOSS=========
Extracted features for query set, obtained torch.Size([2228, 128]) matrix
Extracted features for gallery set, obtained torch.Size([17661, 128]) matrix
Extracting features complete in 0m 7s
Distance computing in 0m 0s
Results ---------------------------------------------------
top1:87.3% top5:93.4% top10:95.1% top20:96.5% mAP:75.6%
-----------------------------------------------------------
Using 0m 2s
Classifier results ---------------------------------------------------
Query acc: 0.3% Gallery acc: 0.1% Total acc: 0.1%
==========Test with latent_z: new_z =========
==========Test with NCE LOSS=========
Extracted features for query set, obtained torch.Size([2228, 192]) matrix
Extracted features for gallery set, obtained torch.Size([17661, 192]) matrix
Extracting features complete in 0m 4s
Distance computing in 0m 0s
Results ---------------------------------------------------
top1:14.5% top5:26.6% top10:33.0% top20:40.4% mAP:3.8%
-----------------------------------------------------------
Using 0m 3s
Classifier results ---------------------------------------------------
Query acc: 0.2% Gallery acc: 0.1% Total acc: 0.1%
Epoch:71 Time:22.2 Data:0.0 Loss:2.5336 Cls Loss:0.9950 Pair Loss:0.3480 KL Loss:1.4324 Recon Loss:0.1061 Acc:0.7428 Acc NCE:0.7428
Epoch:72 Time:21.8 Data:0.0 Loss:2.4614 Cls Loss:0.9969 Pair Loss:0.3496 KL Loss:1.3585 Recon Loss:0.1060 Acc:0.7412 Acc NCE:0.7412
Epoch:73 Time:21.5 Data:0.0 Loss:2.3450 Cls Loss:0.9872 Pair Loss:0.3465 KL Loss:1.2519 Recon Loss:0.1059 Acc:0.7441 Acc NCE:0.7441
Epoch:74 Time:21.6 Data:0.0 Loss:2.4620 Cls Loss:0.9597 Pair Loss:0.3479 KL Loss:1.3966 Recon Loss:0.1057 Acc:0.7490 Acc NCE:0.7490
Epoch:75 Time:21.3 Data:0.0 Loss:2.5407 Cls Loss:0.9591 Pair Loss:0.3444 KL Loss:1.4759 Recon Loss:0.1057 Acc:0.7503 Acc NCE:0.7503
=> Test at epoch 75
==========Test with latent_z: z_c =========
==========Test with NCE LOSS=========
Extracted features for query set, obtained torch.Size([2228, 128]) matrix
Extracted features for gallery set, obtained torch.Size([17661, 128]) matrix
Extracting features complete in 0m 5s
Distance computing in 0m 0s
Results ---------------------------------------------------
top1:87.5% top5:93.3% top10:95.1% top20:96.6% mAP:75.8%
-----------------------------------------------------------
Using 0m 2s
Classifier results ---------------------------------------------------
Query acc: 0.3% Gallery acc: 0.1% Total acc: 0.1%
==========Test with latent_z: new_z =========
==========Test with NCE LOSS=========
Extracted features for query set, obtained torch.Size([2228, 192]) matrix
Extracted features for gallery set, obtained torch.Size([17661, 192]) matrix
Extracting features complete in 0m 4s
Distance computing in 0m 0s
Results ---------------------------------------------------
top1:15.8% top5:29.4% top10:35.9% top20:43.7% mAP:4.4%
-----------------------------------------------------------
Using 0m 3s
Classifier results ---------------------------------------------------
Query acc: 0.3% Gallery acc: 0.1% Total acc: 0.1%
Epoch:76 Time:22.2 Data:0.0 Loss:2.5006 Cls Loss:0.9465 Pair Loss:0.3475 KL Loss:1.4485 Recon Loss:0.1056 Acc:0.7526 Acc NCE:0.7526
Epoch:77 Time:21.5 Data:0.0 Loss:2.4569 Cls Loss:0.9423 Pair Loss:0.3453 KL Loss:1.4091 Recon Loss:0.1054 Acc:0.7570 Acc NCE:0.7570
Epoch:78 Time:21.4 Data:0.0 Loss:2.3747 Cls Loss:0.9249 Pair Loss:0.3456 KL Loss:1.3445 Recon Loss:0.1052 Acc:0.7608 Acc NCE:0.7608
Epoch:79 Time:21.4 Data:0.0 Loss:2.3590 Cls Loss:0.9013 Pair Loss:0.3465 KL Loss:1.3525 Recon Loss:0.1052 Acc:0.7685 Acc NCE:0.7685
Epoch:80 Time:55.9 Data:0.0 Loss:2.2400 Cls Loss:0.8923 Pair Loss:0.3442 KL Loss:1.2428 Recon Loss:0.1049 Acc:0.7706 Acc NCE:0.7706
=> Test at epoch 80
==========Test with latent_z: z_c =========
==========Test with NCE LOSS=========
Extracted features for query set, obtained torch.Size([2228, 128]) matrix
Extracted features for gallery set, obtained torch.Size([17661, 128]) matrix
Extracting features complete in 0m 7s
Distance computing in 0m 0s
Results ---------------------------------------------------
top1:87.3% top5:93.4% top10:95.3% top20:96.5% mAP:76.0%
-----------------------------------------------------------
Using 0m 2s
Classifier results ---------------------------------------------------
Query acc: 0.3% Gallery acc: 0.1% Total acc: 0.2%
==========Test with latent_z: new_z =========
==========Test with NCE LOSS=========
Extracted features for query set, obtained torch.Size([2228, 192]) matrix
Extracted features for gallery set, obtained torch.Size([17661, 192]) matrix
Extracting features complete in 0m 4s
Distance computing in 0m 0s
Results ---------------------------------------------------
top1:20.5% top5:35.6% top10:42.7% top20:50.2% mAP:6.0%
-----------------------------------------------------------
Using 0m 3s
Classifier results ---------------------------------------------------
Query acc: 0.3% Gallery acc: 0.1% Total acc: 0.1%
Epoch:81 Time:22.0 Data:0.0 Loss:2.4449 Cls Loss:0.9136 Pair Loss:0.3469 KL Loss:1.4265 Recon Loss:0.1048 Acc:0.7619 Acc NCE:0.7619
Epoch:82 Time:21.6 Data:0.0 Loss:2.3476 Cls Loss:0.8932 Pair Loss:0.3451 KL Loss:1.3498 Recon Loss:0.1047 Acc:0.7675 Acc NCE:0.7675
Epoch:83 Time:21.5 Data:0.0 Loss:2.2556 Cls Loss:0.8809 Pair Loss:0.3436 KL Loss:1.2701 Recon Loss:0.1047 Acc:0.7743 Acc NCE:0.7743
Epoch:84 Time:21.7 Data:0.0 Loss:2.3300 Cls Loss:0.8675 Pair Loss:0.3444 KL Loss:1.3579 Recon Loss:0.1045 Acc:0.7726 Acc NCE:0.7726
Epoch:85 Time:21.6 Data:0.0 Loss:2.2501 Cls Loss:0.8684 Pair Loss:0.3444 KL Loss:1.2773 Recon Loss:0.1043 Acc:0.7766 Acc NCE:0.7766
=> Test at epoch 85
==========Test with latent_z: z_c =========
==========Test with NCE LOSS=========
Extracted features for query set, obtained torch.Size([2228, 128]) matrix
Extracted features for gallery set, obtained torch.Size([17661, 128]) matrix
Extracting features complete in 0m 5s
Distance computing in 0m 0s
Results ---------------------------------------------------
top1:87.4% top5:93.5% top10:95.4% top20:96.5% mAP:76.1%
-----------------------------------------------------------
Using 0m 2s
Classifier results ---------------------------------------------------
Query acc: 0.3% Gallery acc: 0.1% Total acc: 0.1%
==========Test with latent_z: new_z =========
==========Test with NCE LOSS=========
Extracted features for query set, obtained torch.Size([2228, 192]) matrix
Extracted features for gallery set, obtained torch.Size([17661, 192]) matrix
Extracting features complete in 0m 4s
Distance computing in 0m 0s
Results ---------------------------------------------------
top1:24.7% top5:41.5% top10:49.4% top20:57.5% mAP:7.6%
-----------------------------------------------------------
Using 0m 3s
Classifier results ---------------------------------------------------
Query acc: 0.3% Gallery acc: 0.1% Total acc: 0.1%
Epoch:86 Time:22.7 Data:0.0 Loss:2.1974 Cls Loss:0.8741 Pair Loss:0.3448 KL Loss:1.2192 Recon Loss:0.1041 Acc:0.7731 Acc NCE:0.7731
Epoch:87 Time:21.7 Data:0.0 Loss:2.2194 Cls Loss:0.8522 Pair Loss:0.3449 KL Loss:1.2631 Recon Loss:0.1041 Acc:0.7770 Acc NCE:0.7770
Epoch:88 Time:21.1 Data:0.0 Loss:2.3760 Cls Loss:0.8679 Pair Loss:0.3465 KL Loss:1.4042 Recon Loss:0.1038 Acc:0.7774 Acc NCE:0.7774
Epoch:89 Time:21.4 Data:0.0 Loss:2.3373 Cls Loss:0.8436 Pair Loss:0.3454 KL Loss:1.3899 Recon Loss:0.1038 Acc:0.7761 Acc NCE:0.7761
Epoch:90 Time:54.7 Data:0.0 Loss:2.2780 Cls Loss:0.8510 Pair Loss:0.3438 KL Loss:1.3234 Recon Loss:0.1035 Acc:0.7794 Acc NCE:0.7794
=> Test at epoch 90
==========Test with latent_z: z_c =========
==========Test with NCE LOSS=========
Extracted features for query set, obtained torch.Size([2228, 128]) matrix
Extracted features for gallery set, obtained torch.Size([17661, 128]) matrix
Extracting features complete in 0m 7s
Distance computing in 0m 0s
Results ---------------------------------------------------
top1:86.9% top5:93.6% top10:95.2% top20:96.8% mAP:76.0%
-----------------------------------------------------------
Using 0m 2s
Classifier results ---------------------------------------------------
Query acc: 0.3% Gallery acc: 0.1% Total acc: 0.1%
==========Test with latent_z: new_z =========
==========Test with NCE LOSS=========
Extracted features for query set, obtained torch.Size([2228, 192]) matrix
Extracted features for gallery set, obtained torch.Size([17661, 192]) matrix
Extracting features complete in 0m 4s
Distance computing in 0m 0s
Results ---------------------------------------------------
top1:27.5% top5:45.9% top10:54.5% top20:61.6% mAP:9.1%
-----------------------------------------------------------
Using 0m 3s
Classifier results ---------------------------------------------------
Query acc: 0.3% Gallery acc: 0.1% Total acc: 0.1%
Epoch:91 Time:21.5 Data:0.0 Loss:2.1777 Cls Loss:0.8374 Pair Loss:0.3433 KL Loss:1.2371 Recon Loss:0.1032 Acc:0.7844 Acc NCE:0.7844
Epoch:92 Time:21.6 Data:0.0 Loss:2.2983 Cls Loss:0.8240 Pair Loss:0.3447 KL Loss:1.3712 Recon Loss:0.1030 Acc:0.7872 Acc NCE:0.7872
Epoch:93 Time:21.1 Data:0.0 Loss:2.2664 Cls Loss:0.8402 Pair Loss:0.3448 KL Loss:1.3232 Recon Loss:0.1029 Acc:0.7807 Acc NCE:0.7807
Epoch:94 Time:21.5 Data:0.0 Loss:2.3190 Cls Loss:0.8440 Pair Loss:0.3449 KL Loss:1.3724 Recon Loss:0.1026 Acc:0.7789 Acc NCE:0.7789
Epoch:95 Time:21.3 Data:0.0 Loss:2.2766 Cls Loss:0.8192 Pair Loss:0.3427 KL Loss:1.3550 Recon Loss:0.1023 Acc:0.7890 Acc NCE:0.7890
=> Test at epoch 95
==========Test with latent_z: z_c =========
==========Test with NCE LOSS=========
Extracted features for query set, obtained torch.Size([2228, 128]) matrix
Extracted features for gallery set, obtained torch.Size([17661, 128]) matrix
Extracting features complete in 0m 5s
Distance computing in 0m 0s
Results ---------------------------------------------------
top1:87.3% top5:93.4% top10:95.4% top20:96.9% mAP:76.1%
-----------------------------------------------------------
Using 0m 2s
Classifier results ---------------------------------------------------
Query acc: 0.3% Gallery acc: 0.1% Total acc: 0.1%
==========Test with latent_z: new_z =========
==========Test with NCE LOSS=========
Extracted features for query set, obtained torch.Size([2228, 192]) matrix
Extracted features for gallery set, obtained torch.Size([17661, 192]) matrix
Extracting features complete in 0m 4s
Distance computing in 0m 0s
Results ---------------------------------------------------
top1:30.1% top5:48.7% top10:56.9% top20:65.2% mAP:9.8%
-----------------------------------------------------------
Using 0m 3s
Classifier results ---------------------------------------------------
Query acc: 0.3% Gallery acc: 0.1% Total acc: 0.1%
Epoch:96 Time:21.9 Data:0.0 Loss:2.1645 Cls Loss:0.8184 Pair Loss:0.3450 KL Loss:1.2440 Recon Loss:0.1020 Acc:0.7873 Acc NCE:0.7873
Epoch:97 Time:21.4 Data:0.0 Loss:2.1461 Cls Loss:0.8009 Pair Loss:0.3443 KL Loss:1.2435 Recon Loss:0.1017 Acc:0.7926 Acc NCE:0.7926
Epoch:98 Time:21.1 Data:0.0 Loss:2.2123 Cls Loss:0.8147 Pair Loss:0.3448 KL Loss:1.2961 Recon Loss:0.1015 Acc:0.7885 Acc NCE:0.7885
Epoch:99 Time:21.5 Data:0.0 Loss:2.2686 Cls Loss:0.8102 Pair Loss:0.3450 KL Loss:1.3573 Recon Loss:0.1012 Acc:0.7908 Acc NCE:0.7908
Epoch:100 Time:55.2 Data:0.0 Loss:2.2913 Cls Loss:0.8141 Pair Loss:0.3442 KL Loss:1.3762 Recon Loss:0.1010 Acc:0.7874 Acc NCE:0.7874
=> Test at epoch 100
==========Test with latent_z: z_c =========
==========Test with NCE LOSS=========
Extracted features for query set, obtained torch.Size([2228, 128]) matrix
Extracted features for gallery set, obtained torch.Size([17661, 128]) matrix
Extracting features complete in 0m 7s
Distance computing in 0m 0s
Results ---------------------------------------------------
top1:87.5% top5:93.4% top10:95.3% top20:96.9% mAP:76.3%
-----------------------------------------------------------
Using 0m 3s
Classifier results ---------------------------------------------------
Query acc: 0.3% Gallery acc: 0.1% Total acc: 0.1%
==========Test with latent_z: new_z =========
==========Test with NCE LOSS=========
Extracted features for query set, obtained torch.Size([2228, 192]) matrix
Extracted features for gallery set, obtained torch.Size([17661, 192]) matrix
Extracting features complete in 0m 4s
Distance computing in 0m 0s
Results ---------------------------------------------------
top1:33.4% top5:52.3% top10:61.1% top20:67.9% mAP:11.6%
-----------------------------------------------------------
Using 0m 3s
Classifier results ---------------------------------------------------
Query acc: 0.3% Gallery acc: 0.1% Total acc: 0.1%
Epoch:101 Time:22.1 Data:0.0 Loss:2.1703 Cls Loss:0.8123 Pair Loss:0.3442 KL Loss:1.2572 Recon Loss:0.1008 Acc:0.7901 Acc NCE:0.7901
Epoch:102 Time:21.4 Data:0.0 Loss:2.1731 Cls Loss:0.8164 Pair Loss:0.3449 KL Loss:1.2561 Recon Loss:0.1007 Acc:0.7880 Acc NCE:0.7880
Epoch:103 Time:21.4 Data:0.0 Loss:2.2047 Cls Loss:0.7858 Pair Loss:0.3432 KL Loss:1.3185 Recon Loss:0.1004 Acc:0.7969 Acc NCE:0.7969
Epoch:104 Time:21.1 Data:0.0 Loss:2.1348 Cls Loss:0.7974 Pair Loss:0.3445 KL Loss:1.2371 Recon Loss:0.1003 Acc:0.7939 Acc NCE:0.7939
Epoch:105 Time:21.4 Data:0.0 Loss:2.0899 Cls Loss:0.7876 Pair Loss:0.3444 KL Loss:1.2022 Recon Loss:0.1001 Acc:0.7973 Acc NCE:0.7973
=> Test at epoch 105
==========Test with latent_z: z_c =========
==========Test with NCE LOSS=========
Extracted features for query set, obtained torch.Size([2228, 128]) matrix
Extracted features for gallery set, obtained torch.Size([17661, 128]) matrix
Extracting features complete in 0m 5s
Distance computing in 0m 0s
Results ---------------------------------------------------
top1:87.2% top5:93.7% top10:95.1% top20:96.5% mAP:76.2%
-----------------------------------------------------------
Using 0m 2s
Classifier results ---------------------------------------------------
Query acc: 0.3% Gallery acc: 0.1% Total acc: 0.1%
==========Test with latent_z: new_z =========
==========Test with NCE LOSS=========
Extracted features for query set, obtained torch.Size([2228, 192]) matrix
Extracted features for gallery set, obtained torch.Size([17661, 192]) matrix
Extracting features complete in 0m 4s
Distance computing in 0m 0s
Results ---------------------------------------------------
top1:35.7% top5:54.7% top10:62.3% top20:69.6% mAP:12.3%
-----------------------------------------------------------
Using 0m 3s
Classifier results ---------------------------------------------------
Query acc: 0.2% Gallery acc: 0.1% Total acc: 0.1%
Epoch:106 Time:21.8 Data:0.0 Loss:2.2097 Cls Loss:0.7808 Pair Loss:0.3428 KL Loss:1.3288 Recon Loss:0.1000 Acc:0.7997 Acc NCE:0.7997
Epoch:107 Time:21.1 Data:0.0 Loss:2.2941 Cls Loss:0.7836 Pair Loss:0.3439 KL Loss:1.4107 Recon Loss:0.0998 Acc:0.7983 Acc NCE:0.7983
Epoch:108 Time:21.5 Data:0.0 Loss:2.1124 Cls Loss:0.7776 Pair Loss:0.3441 KL Loss:1.2351 Recon Loss:0.0997 Acc:0.7960 Acc NCE:0.7960
Epoch:109 Time:21.6 Data:0.0 Loss:2.0643 Cls Loss:0.7708 Pair Loss:0.3425 KL Loss:1.1938 Recon Loss:0.0997 Acc:0.8018 Acc NCE:0.8018
Epoch:110 Time:55.0 Data:0.0 Loss:2.1828 Cls Loss:0.7619 Pair Loss:0.3447 KL Loss:1.3213 Recon Loss:0.0995 Acc:0.8014 Acc NCE:0.8014
=> Test at epoch 110
==========Test with latent_z: z_c =========
==========Test with NCE LOSS=========
Extracted features for query set, obtained torch.Size([2228, 128]) matrix
Extracted features for gallery set, obtained torch.Size([17661, 128]) matrix
Extracting features complete in 0m 6s
Distance computing in 0m 0s
Results ---------------------------------------------------
top1:86.8% top5:93.4% top10:95.5% top20:96.7% mAP:76.1%
-----------------------------------------------------------
Using 0m 2s
Classifier results ---------------------------------------------------
Query acc: 0.3% Gallery acc: 0.1% Total acc: 0.2%
==========Test with latent_z: new_z =========
==========Test with NCE LOSS=========
Extracted features for query set, obtained torch.Size([2228, 192]) matrix
Extracted features for gallery set, obtained torch.Size([17661, 192]) matrix
Extracting features complete in 0m 4s
Distance computing in 0m 0s
Results ---------------------------------------------------
top1:37.5% top5:58.0% top10:65.8% top20:72.8% mAP:13.3%
-----------------------------------------------------------
Using 0m 3s
Classifier results ---------------------------------------------------
Query acc: 0.3% Gallery acc: 0.2% Total acc: 0.2%
Epoch:111 Time:21.9 Data:0.0 Loss:2.1683 Cls Loss:0.7656 Pair Loss:0.3439 KL Loss:1.3032 Recon Loss:0.0995 Acc:0.8023 Acc NCE:0.8023
Epoch:112 Time:21.4 Data:0.0 Loss:2.0599 Cls Loss:0.7599 Pair Loss:0.3446 KL Loss:1.2007 Recon Loss:0.0993 Acc:0.8021 Acc NCE:0.8021
Epoch:113 Time:21.7 Data:0.0 Loss:2.0590 Cls Loss:0.7461 Pair Loss:0.3431 KL Loss:1.2137 Recon Loss:0.0992 Acc:0.8066 Acc NCE:0.8066
Epoch:114 Time:21.4 Data:0.0 Loss:2.1641 Cls Loss:0.7631 Pair Loss:0.3450 KL Loss:1.3018 Recon Loss:0.0992 Acc:0.8016 Acc NCE:0.8016
Epoch:115 Time:21.6 Data:0.0 Loss:2.1502 Cls Loss:0.7607 Pair Loss:0.3443 KL Loss:1.2904 Recon Loss:0.0991 Acc:0.8045 Acc NCE:0.8045
=> Test at epoch 115
==========Test with latent_z: z_c =========
==========Test with NCE LOSS=========
Extracted features for query set, obtained torch.Size([2228, 128]) matrix
Extracted features for gallery set, obtained torch.Size([17661, 128]) matrix
Extracting features complete in 0m 5s
Distance computing in 0m 0s
Results ---------------------------------------------------
top1:87.6% top5:93.4% top10:95.4% top20:96.7% mAP:76.2%
-----------------------------------------------------------
Using 0m 2s
Classifier results ---------------------------------------------------
Query acc: 0.2% Gallery acc: 0.1% Total acc: 0.1%
==========Test with latent_z: new_z =========
==========Test with NCE LOSS=========
Extracted features for query set, obtained torch.Size([2228, 192]) matrix
Extracted features for gallery set, obtained torch.Size([17661, 192]) matrix
Extracting features complete in 0m 4s
Distance computing in 0m 0s
Results ---------------------------------------------------
top1:42.2% top5:63.9% top10:70.8% top20:77.6% mAP:16.4%
-----------------------------------------------------------
Using 0m 3s
Classifier results ---------------------------------------------------
Query acc: 0.3% Gallery acc: 0.1% Total acc: 0.1%
Epoch:116 Time:21.8 Data:0.0 Loss:2.0691 Cls Loss:0.7525 Pair Loss:0.3439 KL Loss:1.2178 Recon Loss:0.0989 Acc:0.8054 Acc NCE:0.8054
Epoch:117 Time:21.5 Data:0.0 Loss:2.0478 Cls Loss:0.7417 Pair Loss:0.3441 KL Loss:1.2072 Recon Loss:0.0990 Acc:0.8092 Acc NCE:0.8092
Epoch:118 Time:21.2 Data:0.0 Loss:2.1291 Cls Loss:0.7645 Pair Loss:0.3442 KL Loss:1.2658 Recon Loss:0.0989 Acc:0.8005 Acc NCE:0.8005
Epoch:119 Time:21.4 Data:0.0 Loss:2.1259 Cls Loss:0.7434 Pair Loss:0.3463 KL Loss:1.2837 Recon Loss:0.0987 Acc:0.8058 Acc NCE:0.8058
Epoch:120 Time:55.2 Data:0.0 Loss:2.2262 Cls Loss:0.7552 Pair Loss:0.3463 KL Loss:1.3716 Recon Loss:0.0994 Acc:0.8047 Acc NCE:0.8047
=> Test at epoch 120
==========Test with latent_z: z_c =========
==========Test with NCE LOSS=========
Extracted features for query set, obtained torch.Size([2228, 128]) matrix
Extracted features for gallery set, obtained torch.Size([17661, 128]) matrix
Extracting features complete in 0m 8s
Distance computing in 0m 0s
Results ---------------------------------------------------
top1:87.7% top5:93.6% top10:95.5% top20:96.8% mAP:76.3%
-----------------------------------------------------------
Using 0m 3s
Classifier results ---------------------------------------------------
Query acc: 0.3% Gallery acc: 0.1% Total acc: 0.2%
==========Test with latent_z: new_z =========
==========Test with NCE LOSS=========
Extracted features for query set, obtained torch.Size([2228, 192]) matrix
Extracted features for gallery set, obtained torch.Size([17661, 192]) matrix
Extracting features complete in 0m 4s
Distance computing in 0m 0s
Results ---------------------------------------------------
top1:47.7% top5:68.2% top10:75.7% top20:81.6% mAP:20.2%
-----------------------------------------------------------
Using 0m 3s
Classifier results ---------------------------------------------------
Query acc: 0.3% Gallery acc: 0.1% Total acc: 0.2%
Keep checkpoint file: checkpoint_ep120.pth.tar
=> Best Rank-1 87.7%, mAP 76.3% achieved at epoch 120
Finished. Total elapsed time (h:m:s): 0:57:43. Training time (h:m:s): 0:51:08.
Shutting down background jobs, please wait a moment...
Done!
Waiting for the remaining 35 operations to synchronize with Neptune. Do not kill this process.
All 35 operations synced, thanks for waiting!
Explore the metadata in the Neptune app:
https://app.neptune.ai/Zhengwei-Lab/MayCVAE/e/MAY-249/metadata
