https://app.neptune.ai/Zhengwei-Lab/MayCVAE/e/MAY-584
=> merge config from ./configs/clipreid_cvae_stage2_wrt.yaml
/home/zhengwei/Desktop/Zhengwei/Projects/CVAE/main.py:91: NeptuneUnsupportedType: You're attempting to log a type that is not directly supported by Neptune (<class 'list'>).
        Convert the value to a supported type, such as a string or float, or use stringify_unsupported(obj)
        for dictionaries or collections that contain unsupported values.
        For more, see https://docs.neptune.ai/help/value_of_unsupported_type
  run["parameters"] = param
=> Configurations:
-------------------------
AMP: True
AUG:
  RC_PROB: 0.5
  RE_PROB: 0.5
DATA:
  CUHK03_CLASSIC_SPLIT: False
  CUHK03_LABELED: False
  DATASET: market1k
  FORMAT_TAG: tensor
  HEIGHT: 256
  NUM_INSTANCES: 4
  NUM_WORKERS: 4
  ROOT: /home/zhengwei/Desktop/Zhengwei/Projects/datasets
  SPLIT_ID: 0
  TEST_BATCH: 512
  TRAIN_BATCH: 64
  TRAIN_FORMAT: novel
  WIDTH: 128
EVAL_MODE: False
GPU: 0
LOSS:
  CLA_LOSS: crossentropy
  CLA_M: 0.0
  CLA_S: 16.0
  PAIR_LOSS: triplet_wrt
  PAIR_M: 0.3
  PAIR_S: 16.0
  RECON_LOSS: mse
  USE_NCE: False
MODEL:
  CONDITIONAL: False
  FEATURE_DIM: 1280
  FEAT_FUSION: True
  FLOW_TYPE: 
  GAUSSIAN: MultivariateNormal
  HIDDEN_DIM: 256
  LATENT_SIZE: 64
  NAME: CVAE
  ONLY_CVAE_KL: False
  ONLY_X_INPUT: False
  PRETRAIN: CLIPreidFinetune
  RES4_STRIDE: 1
  RESUME: /home/zhengwei/Desktop/Zhengwei/Projects/CVAE/outputs/market1k/clipreid_tune_wReID/novel/2024-07-18/tune_SimpleVAE_128+64z_1e3_60+120_KLtotalZ_bL1280_noCLS
  STYLE_NUM: 0
  TRAIN_STAGE: reidstage
  USE_CENTROID: False
  USE_TWO_ENCODER: False
  VAE_TYPE: SinpleVAE
  ZC_DIM: 128
  ZS_DIM: 64
OUTPUT: ./outputs/market1k/clipreid_tune_wReID/novel/2024-07-19/2ndstage_SimpleVAE_128+64z_1e3_30+120_KLtotalZ_bL1280_s2_L1280_ce+tripwrt
SAVED_NAME: 2ndstage_SimpleVAE_128+64z_1e3_30+120_KLtotalZ_bL1280_s2_L1280_ce+tripwrt
SEED: 0
TAG: clipreid_tune_wReID
TEST:
  DISTANCE: cosine
  EVAL_STEP: 5
  START_EVAL: -1
TRAIN:
  AMP: False
  LR_SCHEDULER:
    DECAY_RATE: 0.1
    NAME: MultiStepLR
    STEPSIZE: [30]
  MAX_EPOCH: 120
  OPTIMIZER:
    LR: 0.001
    NAME: adam
    SGDLR: 0.01
    SGD_MOMENTUM: 0.9
    SGD_WEIGHT_DECAY: 0.0005
    WEIGHT_DECAY: 0.0001
  START_EPOCH: 0
----------------------
Initializing dataset market1k
Warning: string series 'monitoring/c7fce57e/stdout' value was longer than 1000 characters and was truncated. This warning is printed only once per series.
=> Market-Sketch-1K tensor loaded
Dataset statistics:
  ------------------------------
  subset   | # ids | # images
  ------------------------------
  train    |   996 |     3992
  query    |   996 |     2709
  gallery  |   996 |     2000
  ------------------------------
  total    |  1992 |     8701
  ------------------------------
Initializing SinpleVAE model
Model size: 12.29190M
[INFO] Register count_relu() for <class 'torch.nn.modules.activation.LeakyReLU'>.
[INFO] Register count_linear() for <class 'torch.nn.modules.linear.Linear'>.
[INFO] Register count_normalization() for <class 'torch.nn.modules.batchnorm.BatchNorm1d'>.
[INFO] Register zero_ops() for <class 'torch.nn.modules.activation.ReLU'>.
[INFO] Register zero_ops() for <class 'torch.nn.modules.dropout.Dropout'>.
[INFO] Register zero_ops() for <class 'torch.nn.modules.container.Sequential'>.
FLOPs: 0.73361G
Params: 11.47219M
Initialized classifier with feature_dim: 1280, num_classes: 996
Classifier size: 1.27488M
reid_projector.weight is tuneable
=> Start Training ReID projector and Classifier
Loading checkpoint from '/home/zhengwei/Desktop/Zhengwei/Projects/CVAE/outputs/market1k/clipreid_tune_wReID/novel/2024-07-18/tune_SimpleVAE_128+64z_1e3_60+120_KLtotalZ_bL1280_noCLS/best_model.pth.tar'
Loading parameter:  reid_projector.weight
orginal best rank1 = 0.1878922111480251
=> Start evaluation on Novel data without finetuning
=> Test pretarined feature form VLP model
Normalizing features
Normalizing features
Extracted features for query set, obtained torch.Size([2709, 1280]) matrix
Extracted features for gallery set, obtained torch.Size([2000, 1280]) matrix
Extracting features complete in 0m 3s
Distance computing in 0m 0s
Computing CMC and mAP
Results ---------------------------------------------------
top1:35.2% top5:60.5% top10:71.2% top20:80.7% mAP:39.8%
-----------------------------------------------------------
Using 0m 0s
==========Test with latent_z: new_z =========
Extracted features for query set, obtained torch.Size([2709, 192]) matrix
Extracted features for gallery set, obtained torch.Size([2000, 192]) matrix
Extracting features complete in 0m 4s
Distance computing in 0m 0s
Results ---------------------------------------------------
top1:19.3% top5:42.0% top10:53.5% top20:64.6% mAP:24.7%
-----------------------------------------------------------
Using 0m 0s
Classifier results ---------------------------------------------------
Query acc: 0.0% Gallery acc: 0.0% Total acc: 0.0%
==========Test with latent_z: z_c =========
Extracted features for query set, obtained torch.Size([2709, 1280]) matrix
Extracted features for gallery set, obtained torch.Size([2000, 1280]) matrix
Extracting features complete in 0m 5s
Distance computing in 0m 0s
Results ---------------------------------------------------
top1:19.4% top5:42.3% top10:53.9% top20:64.8% mAP:24.6%
-----------------------------------------------------------
Using 0m 0s
Classifier results ---------------------------------------------------
Query acc: 0.0% Gallery acc: 0.0% Total acc: 0.0%
Jump TSNE in test
=> Start training
/home/zhengwei/Desktop/Zhengwei/Projects/CVAE/losses/triplet_loss.py:122: UserWarning: This overload of addmm_ is deprecated:
	addmm_(Number beta, Number alpha, Tensor mat1, Tensor mat2)
Consider using one of the following signatures instead:
	addmm_(Tensor mat1, Tensor mat2, *, Number beta, Number alpha) (Triggered internally at /opt/conda/conda-bld/pytorch_1670525539683/work/torch/csrc/utils/python_arg_parser.cpp:1420.)
  dist_mtx = dist_mtx.addmm_(1, -2, emb1, emb2.t())
Epoch:1 Time:4.0 Data:0.0 Loss:8.4131 Cls Loss:7.2857 Pair Loss:1.1274 Center Loss:1685.4249 KL Loss:283.7876 Recon Loss:0.1865 Acc:0.0010 
Epoch:2 Time:6.3 Data:0.0 Loss:6.7756 Cls Loss:6.6520 Pair Loss:0.1236 Center Loss:1479.0201 KL Loss:283.6580 Recon Loss:0.1864 Acc:0.0285 
Epoch:3 Time:6.7 Data:0.0 Loss:6.2315 Cls Loss:6.0815 Pair Loss:0.1499 Center Loss:1520.3869 KL Loss:283.3407 Recon Loss:0.1865 Acc:0.0575 
Epoch:4 Time:6.6 Data:0.0 Loss:5.5944 Cls Loss:5.4061 Pair Loss:0.1883 Center Loss:1580.3116 KL Loss:282.9122 Recon Loss:0.1865 Acc:0.0766 
Epoch:5 Time:6.0 Data:0.0 Loss:4.8687 Cls Loss:4.6696 Pair Loss:0.1991 Center Loss:1604.1114 KL Loss:282.8782 Recon Loss:0.1865 Acc:0.1411 
=> Test at epoch 5
==========Test with latent_z: z_c =========
Extracted features for query set, obtained torch.Size([2709, 1280]) matrix
Extracted features for gallery set, obtained torch.Size([2000, 1280]) matrix
Extracting features complete in 0m 4s
Distance computing in 0m 1s
Results ---------------------------------------------------
top1:21.7% top5:45.6% top10:57.3% top20:68.8% mAP:27.5%
-----------------------------------------------------------
Using 0m 0s
Classifier results ---------------------------------------------------
Query acc: 8.9% Gallery acc: 51.1% Total acc: 26.8%
Jump TSNE in test
==========Test with latent_z: new_z =========
Extracted features for query set, obtained torch.Size([2709, 192]) matrix
Extracted features for gallery set, obtained torch.Size([2000, 192]) matrix
Extracting features complete in 0m 4s
Distance computing in 0m 0s
Results ---------------------------------------------------
top1:19.3% top5:42.0% top10:53.5% top20:64.6% mAP:24.7%
-----------------------------------------------------------
Using 0m 0s
Classifier results ---------------------------------------------------
Query acc: 8.9% Gallery acc: 51.1% Total acc: 26.8%
Epoch:6 Time:5.5 Data:0.0 Loss:4.0790 Cls Loss:3.8618 Pair Loss:0.2173 Center Loss:1583.2241 KL Loss:282.6057 Recon Loss:0.1865 Acc:0.2939 
Epoch:7 Time:4.3 Data:0.0 Loss:3.3749 Cls Loss:3.1674 Pair Loss:0.2075 Center Loss:1553.2901 KL Loss:282.3218 Recon Loss:0.1865 Acc:0.4952 
Epoch:8 Time:4.9 Data:0.0 Loss:2.7764 Cls Loss:2.5707 Pair Loss:0.2057 Center Loss:1541.7517 KL Loss:282.0913 Recon Loss:0.1865 Acc:0.6283 
Epoch:9 Time:7.5 Data:0.0 Loss:2.2726 Cls Loss:2.0685 Pair Loss:0.2041 Center Loss:1533.8979 KL Loss:281.7235 Recon Loss:0.1865 Acc:0.7485 
Epoch:10 Time:7.3 Data:0.0 Loss:1.8485 Cls Loss:1.6605 Pair Loss:0.1881 Center Loss:1515.4956 KL Loss:281.5145 Recon Loss:0.1865 Acc:0.8319 
=> Test at epoch 10
==========Test with latent_z: z_c =========
Extracted features for query set, obtained torch.Size([2709, 1280]) matrix
Extracted features for gallery set, obtained torch.Size([2000, 1280]) matrix
Extracting features complete in 0m 6s
Distance computing in 0m 0s
Results ---------------------------------------------------
top1:22.5% top5:45.7% top10:58.2% top20:69.5% mAP:28.2%
-----------------------------------------------------------
Using 0m 0s
Classifier results ---------------------------------------------------
Query acc: 21.3% Gallery acc: 95.2% Total acc: 52.7%
Jump TSNE in test
==========Test with latent_z: new_z =========
Extracted features for query set, obtained torch.Size([2709, 192]) matrix
Extracted features for gallery set, obtained torch.Size([2000, 192]) matrix
Extracting features complete in 0m 5s
Distance computing in 0m 0s
Results ---------------------------------------------------
top1:19.3% top5:42.0% top10:53.5% top20:64.6% mAP:24.7%
-----------------------------------------------------------
Using 0m 0s
Classifier results ---------------------------------------------------
Query acc: 21.3% Gallery acc: 95.2% Total acc: 52.7%
Epoch:11 Time:7.1 Data:0.0 Loss:1.5050 Cls Loss:1.3290 Pair Loss:0.1760 Center Loss:1507.0042 KL Loss:281.2473 Recon Loss:0.1865 Acc:0.8979 
Epoch:12 Time:4.3 Data:0.0 Loss:1.2802 Cls Loss:1.1076 Pair Loss:0.1726 Center Loss:1499.9370 KL Loss:281.0013 Recon Loss:0.1866 Acc:0.9309 
Epoch:13 Time:6.1 Data:0.0 Loss:1.0817 Cls Loss:0.9349 Pair Loss:0.1468 Center Loss:1496.5817 KL Loss:280.9424 Recon Loss:0.1865 Acc:0.9456 
Epoch:14 Time:7.1 Data:0.0 Loss:0.9137 Cls Loss:0.7592 Pair Loss:0.1545 Center Loss:1478.5802 KL Loss:280.4540 Recon Loss:0.1865 Acc:0.9642 
Epoch:15 Time:6.8 Data:0.0 Loss:0.7756 Cls Loss:0.6382 Pair Loss:0.1374 Center Loss:1470.9316 KL Loss:280.2954 Recon Loss:0.1865 Acc:0.9776 
=> Test at epoch 15
==========Test with latent_z: z_c =========
Extracted features for query set, obtained torch.Size([2709, 1280]) matrix
Extracted features for gallery set, obtained torch.Size([2000, 1280]) matrix
Extracting features complete in 0m 4s
Distance computing in 0m 0s
Results ---------------------------------------------------
top1:23.5% top5:45.8% top10:58.5% top20:69.3% mAP:28.8%
-----------------------------------------------------------
Using 0m 0s
Classifier results ---------------------------------------------------
Query acc: 22.7% Gallery acc: 99.3% Total acc: 55.2%
Jump TSNE in test
==========Test with latent_z: new_z =========
Extracted features for query set, obtained torch.Size([2709, 192]) matrix
Extracted features for gallery set, obtained torch.Size([2000, 192]) matrix
Extracting features complete in 0m 4s
Distance computing in 0m 0s
Results ---------------------------------------------------
top1:19.3% top5:42.0% top10:53.5% top20:64.6% mAP:24.7%
-----------------------------------------------------------
Using 0m 0s
Classifier results ---------------------------------------------------
Query acc: 22.7% Gallery acc: 99.3% Total acc: 55.2%
Epoch:16 Time:6.4 Data:0.0 Loss:0.6654 Cls Loss:0.5280 Pair Loss:0.1375 Center Loss:1464.1787 KL Loss:280.1659 Recon Loss:0.1865 Acc:0.9793 
Epoch:17 Time:5.1 Data:0.0 Loss:0.5857 Cls Loss:0.4643 Pair Loss:0.1214 Center Loss:1456.3540 KL Loss:279.8604 Recon Loss:0.1865 Acc:0.9851 
Epoch:18 Time:4.4 Data:0.0 Loss:0.5308 Cls Loss:0.3989 Pair Loss:0.1320 Center Loss:1450.8520 KL Loss:279.6703 Recon Loss:0.1865 Acc:0.9889 
Epoch:19 Time:4.3 Data:0.0 Loss:0.4546 Cls Loss:0.3458 Pair Loss:0.1088 Center Loss:1440.9572 KL Loss:279.2773 Recon Loss:0.1865 Acc:0.9877 
Epoch:20 Time:4.1 Data:0.0 Loss:0.4195 Cls Loss:0.3004 Pair Loss:0.1191 Center Loss:1437.9992 KL Loss:279.1080 Recon Loss:0.1865 Acc:0.9937 
=> Test at epoch 20
==========Test with latent_z: z_c =========
Extracted features for query set, obtained torch.Size([2709, 1280]) matrix
Extracted features for gallery set, obtained torch.Size([2000, 1280]) matrix
Extracting features complete in 0m 4s
Distance computing in 0m 0s
Results ---------------------------------------------------
top1:23.6% top5:46.5% top10:58.1% top20:69.7% mAP:29.1%
-----------------------------------------------------------
Using 0m 0s
Classifier results ---------------------------------------------------
Query acc: 25.7% Gallery acc: 100.0% Total acc: 57.2%
Jump TSNE in test
==========Test with latent_z: new_z =========
Extracted features for query set, obtained torch.Size([2709, 192]) matrix
Extracted features for gallery set, obtained torch.Size([2000, 192]) matrix
Extracting features complete in 0m 4s
Distance computing in 0m 0s
Results ---------------------------------------------------
top1:19.3% top5:42.0% top10:53.5% top20:64.6% mAP:24.7%
-----------------------------------------------------------
Using 0m 0s
Classifier results ---------------------------------------------------
Query acc: 25.7% Gallery acc: 100.0% Total acc: 57.2%
Epoch:21 Time:4.5 Data:0.0 Loss:0.3745 Cls Loss:0.2709 Pair Loss:0.1035 Center Loss:1434.7430 KL Loss:278.8583 Recon Loss:0.1865 Acc:0.9940 
Epoch:22 Time:3.6 Data:0.0 Loss:0.3424 Cls Loss:0.2385 Pair Loss:0.1038 Center Loss:1430.8129 KL Loss:278.5955 Recon Loss:0.1865 Acc:0.9970 
Epoch:23 Time:5.1 Data:0.0 Loss:0.3130 Cls Loss:0.2103 Pair Loss:0.1027 Center Loss:1429.2971 KL Loss:278.2523 Recon Loss:0.1865 Acc:0.9962 
Epoch:24 Time:5.4 Data:0.0 Loss:0.2931 Cls Loss:0.1964 Pair Loss:0.0967 Center Loss:1426.1227 KL Loss:278.0883 Recon Loss:0.1864 Acc:0.9952 
Epoch:25 Time:6.2 Data:0.0 Loss:0.2750 Cls Loss:0.1787 Pair Loss:0.0963 Center Loss:1424.5762 KL Loss:278.0122 Recon Loss:0.1864 Acc:0.9967 
=> Test at epoch 25
==========Test with latent_z: z_c =========
Extracted features for query set, obtained torch.Size([2709, 1280]) matrix
Extracted features for gallery set, obtained torch.Size([2000, 1280]) matrix
Extracting features complete in 0m 4s
Distance computing in 0m 0s
Results ---------------------------------------------------
top1:24.1% top5:46.7% top10:58.1% top20:70.4% mAP:29.3%
-----------------------------------------------------------
Using 0m 0s
Classifier results ---------------------------------------------------
Query acc: 24.7% Gallery acc: 100.0% Total acc: 56.7%
Jump TSNE in test
==========Test with latent_z: new_z =========
Extracted features for query set, obtained torch.Size([2709, 192]) matrix
Extracted features for gallery set, obtained torch.Size([2000, 192]) matrix
Extracting features complete in 0m 3s
Distance computing in 0m 0s
Results ---------------------------------------------------
top1:19.3% top5:42.0% top10:53.5% top20:64.6% mAP:24.7%
-----------------------------------------------------------
Using 0m 0s
Classifier results ---------------------------------------------------
Query acc: 24.7% Gallery acc: 100.0% Total acc: 56.7%
Epoch:26 Time:4.7 Data:0.0 Loss:0.2619 Cls Loss:0.1682 Pair Loss:0.0937 Center Loss:1420.9620 KL Loss:277.6710 Recon Loss:0.1865 Acc:0.9980 
Epoch:27 Time:3.9 Data:0.0 Loss:0.2478 Cls Loss:0.1536 Pair Loss:0.0942 Center Loss:1419.1011 KL Loss:277.2450 Recon Loss:0.1865 Acc:0.9972 
Epoch:28 Time:3.6 Data:0.0 Loss:0.2356 Cls Loss:0.1418 Pair Loss:0.0938 Center Loss:1418.6508 KL Loss:276.9034 Recon Loss:0.1865 Acc:0.9987 
Epoch:29 Time:3.4 Data:0.0 Loss:0.2290 Cls Loss:0.1337 Pair Loss:0.0953 Center Loss:1417.4842 KL Loss:276.8361 Recon Loss:0.1864 Acc:0.9985 
Epoch:30 Time:3.3 Data:0.0 Loss:0.2128 Cls Loss:0.1263 Pair Loss:0.0864 Center Loss:1419.1755 KL Loss:276.5658 Recon Loss:0.1865 Acc:0.9985 
=> Test at epoch 30
==========Test with latent_z: z_c =========
Extracted features for query set, obtained torch.Size([2709, 1280]) matrix
Extracted features for gallery set, obtained torch.Size([2000, 1280]) matrix
Extracting features complete in 0m 4s
Distance computing in 0m 0s
Results ---------------------------------------------------
top1:24.4% top5:47.6% top10:58.6% top20:70.2% mAP:29.8%
-----------------------------------------------------------
Using 0m 0s
Classifier results ---------------------------------------------------
Query acc: 25.2% Gallery acc: 100.0% Total acc: 57.0%
Jump TSNE in test
==========Test with latent_z: new_z =========
Extracted features for query set, obtained torch.Size([2709, 192]) matrix
Extracted features for gallery set, obtained torch.Size([2000, 192]) matrix
Extracting features complete in 0m 3s
Distance computing in 0m 0s
Results ---------------------------------------------------
top1:19.3% top5:42.0% top10:53.5% top20:64.6% mAP:24.7%
-----------------------------------------------------------
Using 0m 0s
Classifier results ---------------------------------------------------
Query acc: 25.2% Gallery acc: 100.0% Total acc: 57.0%
Epoch:31 Time:4.2 Data:0.0 Loss:0.1792 Cls Loss:0.0942 Pair Loss:0.0850 Center Loss:1414.6997 KL Loss:276.4522 Recon Loss:0.1866 Acc:0.9995 
Epoch:32 Time:3.2 Data:0.0 Loss:0.1714 Cls Loss:0.0883 Pair Loss:0.0831 Center Loss:1409.9501 KL Loss:276.2081 Recon Loss:0.1865 Acc:0.9995 
Epoch:33 Time:3.2 Data:0.0 Loss:0.1644 Cls Loss:0.0872 Pair Loss:0.0772 Center Loss:1408.1266 KL Loss:275.7310 Recon Loss:0.1865 Acc:0.9995 
Epoch:34 Time:3.2 Data:0.0 Loss:0.1621 Cls Loss:0.0860 Pair Loss:0.0762 Center Loss:1407.3644 KL Loss:275.6098 Recon Loss:0.1864 Acc:0.9992 
Epoch:35 Time:3.5 Data:0.0 Loss:0.1679 Cls Loss:0.0856 Pair Loss:0.0823 Center Loss:1406.6894 KL Loss:275.4475 Recon Loss:0.1865 Acc:0.9995 
=> Test at epoch 35
==========Test with latent_z: z_c =========
Extracted features for query set, obtained torch.Size([2709, 1280]) matrix
Extracted features for gallery set, obtained torch.Size([2000, 1280]) matrix
Extracting features complete in 0m 4s
Distance computing in 0m 0s
Results ---------------------------------------------------
top1:24.5% top5:47.5% top10:58.6% top20:70.8% mAP:29.8%
-----------------------------------------------------------
Using 0m 0s
Classifier results ---------------------------------------------------
Query acc: 25.8% Gallery acc: 100.0% Total acc: 57.3%
Jump TSNE in test
==========Test with latent_z: new_z =========
Extracted features for query set, obtained torch.Size([2709, 192]) matrix
Extracted features for gallery set, obtained torch.Size([2000, 192]) matrix
Extracting features complete in 0m 3s
Distance computing in 0m 0s
Results ---------------------------------------------------
top1:19.3% top5:42.0% top10:53.5% top20:64.6% mAP:24.7%
-----------------------------------------------------------
Using 0m 0s
Classifier results ---------------------------------------------------
Query acc: 25.8% Gallery acc: 100.0% Total acc: 57.3%
Epoch:36 Time:4.6 Data:0.0 Loss:0.1675 Cls Loss:0.0853 Pair Loss:0.0822 Center Loss:1406.3854 KL Loss:275.0008 Recon Loss:0.1866 Acc:0.9995 
Epoch:37 Time:3.3 Data:0.0 Loss:0.1699 Cls Loss:0.0848 Pair Loss:0.0851 Center Loss:1406.2188 KL Loss:274.6592 Recon Loss:0.1865 Acc:0.9992 
Epoch:38 Time:3.4 Data:0.0 Loss:0.1573 Cls Loss:0.0845 Pair Loss:0.0728 Center Loss:1405.9475 KL Loss:274.2977 Recon Loss:0.1865 Acc:0.9992 
Epoch:39 Time:3.2 Data:0.0 Loss:0.1608 Cls Loss:0.0841 Pair Loss:0.0768 Center Loss:1406.0265 KL Loss:274.2057 Recon Loss:0.1865 Acc:0.9992 
Epoch:40 Time:3.5 Data:0.0 Loss:0.1554 Cls Loss:0.0831 Pair Loss:0.0724 Center Loss:1406.3838 KL Loss:274.1536 Recon Loss:0.1865 Acc:0.9990 
=> Test at epoch 40
==========Test with latent_z: z_c =========
Extracted features for query set, obtained torch.Size([2709, 1280]) matrix
Extracted features for gallery set, obtained torch.Size([2000, 1280]) matrix
Extracting features complete in 0m 3s
Distance computing in 0m 0s
Results ---------------------------------------------------
top1:24.8% top5:47.6% top10:59.0% top20:70.9% mAP:29.9%
-----------------------------------------------------------
Using 0m 0s
Classifier results ---------------------------------------------------
Query acc: 25.9% Gallery acc: 100.0% Total acc: 57.4%
Jump TSNE in test
==========Test with latent_z: new_z =========
Extracted features for query set, obtained torch.Size([2709, 192]) matrix
Extracted features for gallery set, obtained torch.Size([2000, 192]) matrix
Extracting features complete in 0m 3s
Distance computing in 0m 0s
Results ---------------------------------------------------
top1:19.3% top5:42.0% top10:53.5% top20:64.6% mAP:24.7%
-----------------------------------------------------------
Using 0m 0s
Classifier results ---------------------------------------------------
Query acc: 25.9% Gallery acc: 100.0% Total acc: 57.4%
Epoch:41 Time:3.9 Data:0.0 Loss:0.1541 Cls Loss:0.0828 Pair Loss:0.0713 Center Loss:1406.0507 KL Loss:273.7855 Recon Loss:0.1865 Acc:0.9992 
Epoch:42 Time:3.3 Data:0.0 Loss:0.1583 Cls Loss:0.0822 Pair Loss:0.0762 Center Loss:1406.3091 KL Loss:273.6532 Recon Loss:0.1864 Acc:0.9992 
Epoch:43 Time:3.4 Data:0.0 Loss:0.1613 Cls Loss:0.0819 Pair Loss:0.0794 Center Loss:1406.4937 KL Loss:273.2435 Recon Loss:0.1865 Acc:0.9992 
Epoch:44 Time:3.3 Data:0.0 Loss:0.1625 Cls Loss:0.0819 Pair Loss:0.0806 Center Loss:1405.8157 KL Loss:273.0429 Recon Loss:0.1865 Acc:0.9992 
Epoch:45 Time:3.3 Data:0.0 Loss:0.1571 Cls Loss:0.0812 Pair Loss:0.0759 Center Loss:1406.3719 KL Loss:272.9761 Recon Loss:0.1865 Acc:0.9992 
=> Test at epoch 45
==========Test with latent_z: z_c =========
Extracted features for query set, obtained torch.Size([2709, 1280]) matrix
Extracted features for gallery set, obtained torch.Size([2000, 1280]) matrix
Extracting features complete in 0m 4s
Distance computing in 0m 0s
Results ---------------------------------------------------
top1:24.5% top5:47.6% top10:59.0% top20:70.8% mAP:29.8%
-----------------------------------------------------------
Using 0m 0s
Classifier results ---------------------------------------------------
Query acc: 26.1% Gallery acc: 100.0% Total acc: 57.5%
Jump TSNE in test
==========Test with latent_z: new_z =========
Extracted features for query set, obtained torch.Size([2709, 192]) matrix
Extracted features for gallery set, obtained torch.Size([2000, 192]) matrix
Extracting features complete in 0m 3s
Distance computing in 0m 0s
Results ---------------------------------------------------
top1:19.3% top5:42.0% top10:53.5% top20:64.6% mAP:24.7%
-----------------------------------------------------------
Using 0m 0s
Classifier results ---------------------------------------------------
Query acc: 26.1% Gallery acc: 100.0% Total acc: 57.5%
Epoch:46 Time:3.7 Data:0.0 Loss:0.1582 Cls Loss:0.0808 Pair Loss:0.0774 Center Loss:1406.4566 KL Loss:272.6108 Recon Loss:0.1865 Acc:0.9992 
Epoch:47 Time:3.4 Data:0.0 Loss:0.1632 Cls Loss:0.0805 Pair Loss:0.0827 Center Loss:1406.3196 KL Loss:272.2908 Recon Loss:0.1865 Acc:0.9992 
Epoch:48 Time:3.4 Data:0.0 Loss:0.1577 Cls Loss:0.0805 Pair Loss:0.0772 Center Loss:1405.9732 KL Loss:271.9849 Recon Loss:0.1865 Acc:0.9995 
Epoch:49 Time:3.5 Data:0.0 Loss:0.1570 Cls Loss:0.0801 Pair Loss:0.0769 Center Loss:1406.1828 KL Loss:271.8239 Recon Loss:0.1864 Acc:0.9992 
Epoch:50 Time:3.3 Data:0.0 Loss:0.1575 Cls Loss:0.0792 Pair Loss:0.0784 Center Loss:1406.3871 KL Loss:271.5398 Recon Loss:0.1865 Acc:0.9997 
=> Test at epoch 50
==========Test with latent_z: z_c =========
Extracted features for query set, obtained torch.Size([2709, 1280]) matrix
Extracted features for gallery set, obtained torch.Size([2000, 1280]) matrix
Extracting features complete in 0m 4s
Distance computing in 0m 0s
Results ---------------------------------------------------
top1:24.6% top5:48.0% top10:59.1% top20:70.9% mAP:29.9%
-----------------------------------------------------------
Using 0m 0s
Classifier results ---------------------------------------------------
Query acc: 26.1% Gallery acc: 100.0% Total acc: 57.5%
Jump TSNE in test
==========Test with latent_z: new_z =========
Extracted features for query set, obtained torch.Size([2709, 192]) matrix
Extracted features for gallery set, obtained torch.Size([2000, 192]) matrix
Extracting features complete in 0m 3s
Distance computing in 0m 0s
Results ---------------------------------------------------
top1:19.3% top5:42.0% top10:53.5% top20:64.6% mAP:24.7%
-----------------------------------------------------------
Using 0m 0s
Classifier results ---------------------------------------------------
Query acc: 26.1% Gallery acc: 100.0% Total acc: 57.5%
Epoch:51 Time:4.0 Data:0.0 Loss:0.1520 Cls Loss:0.0794 Pair Loss:0.0726 Center Loss:1406.4308 KL Loss:271.2915 Recon Loss:0.1865 Acc:0.9995 
Epoch:52 Time:3.4 Data:0.0 Loss:0.1482 Cls Loss:0.0786 Pair Loss:0.0696 Center Loss:1405.8247 KL Loss:271.0140 Recon Loss:0.1865 Acc:0.9992 
Epoch:53 Time:3.2 Data:0.0 Loss:0.1601 Cls Loss:0.0778 Pair Loss:0.0822 Center Loss:1406.5737 KL Loss:271.0096 Recon Loss:0.1865 Acc:0.9995 
Epoch:54 Time:3.3 Data:0.0 Loss:0.1545 Cls Loss:0.0778 Pair Loss:0.0767 Center Loss:1406.2391 KL Loss:270.3461 Recon Loss:0.1865 Acc:0.9992 
Epoch:55 Time:3.3 Data:0.0 Loss:0.1491 Cls Loss:0.0771 Pair Loss:0.0720 Center Loss:1406.3483 KL Loss:270.4355 Recon Loss:0.1865 Acc:0.9992 
=> Test at epoch 55
==========Test with latent_z: z_c =========
Extracted features for query set, obtained torch.Size([2709, 1280]) matrix
Extracted features for gallery set, obtained torch.Size([2000, 1280]) matrix
Extracting features complete in 0m 4s
Distance computing in 0m 0s
Results ---------------------------------------------------
top1:24.9% top5:48.0% top10:59.3% top20:71.0% mAP:30.0%
-----------------------------------------------------------
Using 0m 0s
Classifier results ---------------------------------------------------
Query acc: 26.0% Gallery acc: 100.0% Total acc: 57.4%
Jump TSNE in test
==========Test with latent_z: new_z =========
Extracted features for query set, obtained torch.Size([2709, 192]) matrix
Extracted features for gallery set, obtained torch.Size([2000, 192]) matrix
Extracting features complete in 0m 3s
Distance computing in 0m 0s
Results ---------------------------------------------------
top1:19.3% top5:42.0% top10:53.5% top20:64.6% mAP:24.7%
-----------------------------------------------------------
Using 0m 0s
Classifier results ---------------------------------------------------
Query acc: 26.0% Gallery acc: 100.0% Total acc: 57.4%
Epoch:56 Time:3.9 Data:0.0 Loss:0.1533 Cls Loss:0.0769 Pair Loss:0.0763 Center Loss:1406.1231 KL Loss:270.0193 Recon Loss:0.1865 Acc:0.9990 
Epoch:57 Time:3.2 Data:0.0 Loss:0.1474 Cls Loss:0.0766 Pair Loss:0.0708 Center Loss:1406.0222 KL Loss:270.0409 Recon Loss:0.1866 Acc:0.9992 
Epoch:58 Time:3.2 Data:0.0 Loss:0.1493 Cls Loss:0.0761 Pair Loss:0.0732 Center Loss:1406.1414 KL Loss:269.4374 Recon Loss:0.1865 Acc:0.9992 
Epoch:59 Time:3.2 Data:0.0 Loss:0.1526 Cls Loss:0.0756 Pair Loss:0.0771 Center Loss:1406.2305 KL Loss:269.3652 Recon Loss:0.1866 Acc:0.9995 
Epoch:60 Time:3.3 Data:0.0 Loss:0.1523 Cls Loss:0.0755 Pair Loss:0.0768 Center Loss:1406.1961 KL Loss:269.1909 Recon Loss:0.1865 Acc:0.9992 
=> Test at epoch 60
==========Test with latent_z: z_c =========
Extracted features for query set, obtained torch.Size([2709, 1280]) matrix
Extracted features for gallery set, obtained torch.Size([2000, 1280]) matrix
Extracting features complete in 0m 4s
Distance computing in 0m 0s
Results ---------------------------------------------------
top1:24.8% top5:47.7% top10:59.2% top20:70.9% mAP:30.0%
-----------------------------------------------------------
Using 0m 0s
Classifier results ---------------------------------------------------
Query acc: 25.9% Gallery acc: 100.0% Total acc: 57.4%
Jump TSNE in test
==========Test with latent_z: new_z =========
Extracted features for query set, obtained torch.Size([2709, 192]) matrix
Extracted features for gallery set, obtained torch.Size([2000, 192]) matrix
Extracting features complete in 0m 3s
Distance computing in 0m 0s
Results ---------------------------------------------------
top1:19.3% top5:42.0% top10:53.5% top20:64.6% mAP:24.7%
-----------------------------------------------------------
Using 0m 0s
Classifier results ---------------------------------------------------
Query acc: 25.9% Gallery acc: 100.0% Total acc: 57.4%
Epoch:61 Time:4.0 Data:0.0 Loss:0.1551 Cls Loss:0.0752 Pair Loss:0.0798 Center Loss:1405.9945 KL Loss:268.6735 Recon Loss:0.1866 Acc:0.9992 
Epoch:62 Time:3.4 Data:0.0 Loss:0.1478 Cls Loss:0.0740 Pair Loss:0.0738 Center Loss:1406.5919 KL Loss:268.5528 Recon Loss:0.1865 Acc:0.9995 
Epoch:63 Time:3.5 Data:0.0 Loss:0.1524 Cls Loss:0.0740 Pair Loss:0.0783 Center Loss:1405.5298 KL Loss:268.5012 Recon Loss:0.1865 Acc:0.9990 
Epoch:64 Time:3.2 Data:0.0 Loss:0.1549 Cls Loss:0.0731 Pair Loss:0.0818 Center Loss:1405.9806 KL Loss:268.1189 Recon Loss:0.1865 Acc:0.9995 
Epoch:65 Time:3.4 Data:0.0 Loss:0.1466 Cls Loss:0.0728 Pair Loss:0.0738 Center Loss:1405.8782 KL Loss:267.9011 Recon Loss:0.1864 Acc:0.9992 
=> Test at epoch 65
==========Test with latent_z: z_c =========
Extracted features for query set, obtained torch.Size([2709, 1280]) matrix
Extracted features for gallery set, obtained torch.Size([2000, 1280]) matrix
Extracting features complete in 0m 4s
Distance computing in 0m 0s
Results ---------------------------------------------------
top1:24.8% top5:47.9% top10:59.2% top20:71.0% mAP:29.9%
-----------------------------------------------------------
Using 0m 0s
Classifier results ---------------------------------------------------
Query acc: 26.1% Gallery acc: 100.0% Total acc: 57.5%
Jump TSNE in test
==========Test with latent_z: new_z =========
Extracted features for query set, obtained torch.Size([2709, 192]) matrix
Extracted features for gallery set, obtained torch.Size([2000, 192]) matrix
Extracting features complete in 0m 3s
Distance computing in 0m 0s
Results ---------------------------------------------------
top1:19.3% top5:42.0% top10:53.5% top20:64.6% mAP:24.7%
-----------------------------------------------------------
Using 0m 0s
Classifier results ---------------------------------------------------
Query acc: 26.1% Gallery acc: 100.0% Total acc: 57.5%
Epoch:66 Time:4.4 Data:0.0 Loss:0.1430 Cls Loss:0.0726 Pair Loss:0.0705 Center Loss:1405.9961 KL Loss:267.6492 Recon Loss:0.1865 Acc:0.9992 
Epoch:67 Time:3.2 Data:0.0 Loss:0.1509 Cls Loss:0.0718 Pair Loss:0.0791 Center Loss:1406.0204 KL Loss:267.5183 Recon Loss:0.1864 Acc:0.9992 
Epoch:68 Time:3.5 Data:0.0 Loss:0.1399 Cls Loss:0.0718 Pair Loss:0.0682 Center Loss:1405.8322 KL Loss:266.9651 Recon Loss:0.1865 Acc:0.9990 
Epoch:69 Time:3.4 Data:0.0 Loss:0.1419 Cls Loss:0.0702 Pair Loss:0.0717 Center Loss:1405.8962 KL Loss:266.9627 Recon Loss:0.1865 Acc:0.9992 
Epoch:70 Time:3.4 Data:0.0 Loss:0.1404 Cls Loss:0.0704 Pair Loss:0.0700 Center Loss:1405.4928 KL Loss:266.6473 Recon Loss:0.1865 Acc:0.9990 
=> Test at epoch 70
==========Test with latent_z: z_c =========
Extracted features for query set, obtained torch.Size([2709, 1280]) matrix
Extracted features for gallery set, obtained torch.Size([2000, 1280]) matrix
Extracting features complete in 0m 4s
Distance computing in 0m 0s
Results ---------------------------------------------------
top1:25.0% top5:47.9% top10:58.8% top20:71.2% mAP:30.1%
-----------------------------------------------------------
Using 0m 0s
Classifier results ---------------------------------------------------
Query acc: 26.1% Gallery acc: 100.0% Total acc: 57.5%
Jump TSNE in test
==========Test with latent_z: new_z =========
Extracted features for query set, obtained torch.Size([2709, 192]) matrix
Extracted features for gallery set, obtained torch.Size([2000, 192]) matrix
Extracting features complete in 0m 3s
Distance computing in 0m 0s
Results ---------------------------------------------------
top1:19.3% top5:42.0% top10:53.5% top20:64.6% mAP:24.7%
-----------------------------------------------------------
Using 0m 0s
Classifier results ---------------------------------------------------
Query acc: 26.1% Gallery acc: 100.0% Total acc: 57.5%
Epoch:71 Time:3.8 Data:0.0 Loss:0.1435 Cls Loss:0.0700 Pair Loss:0.0735 Center Loss:1405.6558 KL Loss:266.2746 Recon Loss:0.1864 Acc:0.9995 
Epoch:72 Time:3.5 Data:0.0 Loss:0.1519 Cls Loss:0.0692 Pair Loss:0.0827 Center Loss:1406.0793 KL Loss:266.3004 Recon Loss:0.1865 Acc:0.9992 
Epoch:73 Time:3.4 Data:0.0 Loss:0.1392 Cls Loss:0.0688 Pair Loss:0.0705 Center Loss:1406.3196 KL Loss:265.8672 Recon Loss:0.1866 Acc:0.9992 
Epoch:74 Time:3.4 Data:0.0 Loss:0.1364 Cls Loss:0.0678 Pair Loss:0.0686 Center Loss:1405.5024 KL Loss:265.4852 Recon Loss:0.1865 Acc:0.9990 
Epoch:75 Time:4.4 Data:0.0 Loss:0.1422 Cls Loss:0.0676 Pair Loss:0.0746 Center Loss:1405.1807 KL Loss:265.2332 Recon Loss:0.1865 Acc:0.9990 
=> Test at epoch 75
==========Test with latent_z: z_c =========
Extracted features for query set, obtained torch.Size([2709, 1280]) matrix
Extracted features for gallery set, obtained torch.Size([2000, 1280]) matrix
Extracting features complete in 0m 4s
Distance computing in 0m 0s
Results ---------------------------------------------------
top1:25.2% top5:48.0% top10:59.4% top20:71.1% mAP:30.1%
-----------------------------------------------------------
Using 0m 0s
Classifier results ---------------------------------------------------
Query acc: 26.2% Gallery acc: 100.0% Total acc: 57.6%
Jump TSNE in test
==========Test with latent_z: new_z =========
Extracted features for query set, obtained torch.Size([2709, 192]) matrix
Extracted features for gallery set, obtained torch.Size([2000, 192]) matrix
Extracting features complete in 0m 3s
Distance computing in 0m 0s
Results ---------------------------------------------------
top1:19.3% top5:42.0% top10:53.5% top20:64.6% mAP:24.7%
-----------------------------------------------------------
Using 0m 0s
Classifier results ---------------------------------------------------
Query acc: 26.2% Gallery acc: 100.0% Total acc: 57.6%
Epoch:76 Time:4.2 Data:0.0 Loss:0.1321 Cls Loss:0.0665 Pair Loss:0.0656 Center Loss:1406.0564 KL Loss:265.1512 Recon Loss:0.1865 Acc:0.9995 
Epoch:77 Time:3.0 Data:0.0 Loss:0.1390 Cls Loss:0.0662 Pair Loss:0.0728 Center Loss:1405.8342 KL Loss:264.9922 Recon Loss:0.1865 Acc:0.9992 
Epoch:78 Time:3.4 Data:0.0 Loss:0.1409 Cls Loss:0.0660 Pair Loss:0.0749 Center Loss:1405.4142 KL Loss:264.5043 Recon Loss:0.1866 Acc:0.9992 
Epoch:79 Time:3.0 Data:0.0 Loss:0.1452 Cls Loss:0.0655 Pair Loss:0.0797 Center Loss:1405.5841 KL Loss:264.3395 Recon Loss:0.1865 Acc:0.9995 
Epoch:80 Time:3.3 Data:0.0 Loss:0.1388 Cls Loss:0.0650 Pair Loss:0.0738 Center Loss:1405.6250 KL Loss:264.2600 Recon Loss:0.1865 Acc:0.9992 
=> Test at epoch 80
==========Test with latent_z: z_c =========
Extracted features for query set, obtained torch.Size([2709, 1280]) matrix
Extracted features for gallery set, obtained torch.Size([2000, 1280]) matrix
Extracting features complete in 0m 4s
Distance computing in 0m 0s
Results ---------------------------------------------------
top1:24.8% top5:47.8% top10:59.1% top20:71.2% mAP:30.0%
-----------------------------------------------------------
Using 0m 0s
Classifier results ---------------------------------------------------
Query acc: 26.0% Gallery acc: 100.0% Total acc: 57.4%
Jump TSNE in test
==========Test with latent_z: new_z =========
Extracted features for query set, obtained torch.Size([2709, 192]) matrix
Extracted features for gallery set, obtained torch.Size([2000, 192]) matrix
Extracting features complete in 0m 3s
Distance computing in 0m 0s
Results ---------------------------------------------------
top1:19.3% top5:42.0% top10:53.5% top20:64.6% mAP:24.7%
-----------------------------------------------------------
Using 0m 0s
Classifier results ---------------------------------------------------
Query acc: 26.0% Gallery acc: 100.0% Total acc: 57.4%
Epoch:81 Time:4.0 Data:0.0 Loss:0.1330 Cls Loss:0.0641 Pair Loss:0.0689 Center Loss:1405.7404 KL Loss:263.9114 Recon Loss:0.1864 Acc:0.9995 
Epoch:82 Time:3.3 Data:0.0 Loss:0.1409 Cls Loss:0.0639 Pair Loss:0.0770 Center Loss:1405.7090 KL Loss:263.8451 Recon Loss:0.1865 Acc:0.9995 
Epoch:83 Time:3.3 Data:0.0 Loss:0.1377 Cls Loss:0.0637 Pair Loss:0.0740 Center Loss:1405.3294 KL Loss:263.9044 Recon Loss:0.1865 Acc:0.9992 
Epoch:84 Time:2.9 Data:0.0 Loss:0.1366 Cls Loss:0.0635 Pair Loss:0.0732 Center Loss:1405.1813 KL Loss:263.9871 Recon Loss:0.1865 Acc:0.9992 
Epoch:85 Time:3.5 Data:0.0 Loss:0.1298 Cls Loss:0.0623 Pair Loss:0.0675 Center Loss:1405.9595 KL Loss:263.9927 Recon Loss:0.1865 Acc:0.9990 
=> Test at epoch 85
==========Test with latent_z: z_c =========
Extracted features for query set, obtained torch.Size([2709, 1280]) matrix
Extracted features for gallery set, obtained torch.Size([2000, 1280]) matrix
Extracting features complete in 0m 4s
Distance computing in 0m 0s
Results ---------------------------------------------------
top1:25.0% top5:47.9% top10:58.9% top20:71.2% mAP:30.1%
-----------------------------------------------------------
Using 0m 0s
Classifier results ---------------------------------------------------
Query acc: 26.1% Gallery acc: 100.0% Total acc: 57.5%
Jump TSNE in test
==========Test with latent_z: new_z =========
Extracted features for query set, obtained torch.Size([2709, 192]) matrix
Extracted features for gallery set, obtained torch.Size([2000, 192]) matrix
Extracting features complete in 0m 3s
Distance computing in 0m 0s
Results ---------------------------------------------------
top1:19.3% top5:42.0% top10:53.5% top20:64.6% mAP:24.7%
-----------------------------------------------------------
Using 0m 0s
Classifier results ---------------------------------------------------
Query acc: 26.1% Gallery acc: 100.0% Total acc: 57.5%
Epoch:86 Time:4.1 Data:0.0 Loss:0.1388 Cls Loss:0.0614 Pair Loss:0.0774 Center Loss:1405.3415 KL Loss:263.9776 Recon Loss:0.1865 Acc:0.9995 
Epoch:87 Time:3.5 Data:0.0 Loss:0.1393 Cls Loss:0.0612 Pair Loss:0.0781 Center Loss:1405.5937 KL Loss:263.8292 Recon Loss:0.1865 Acc:0.9990 
Epoch:88 Time:3.4 Data:0.0 Loss:0.1361 Cls Loss:0.0613 Pair Loss:0.0748 Center Loss:1405.2966 KL Loss:263.5457 Recon Loss:0.1865 Acc:0.9990 
Epoch:89 Time:3.3 Data:0.0 Loss:0.1343 Cls Loss:0.0606 Pair Loss:0.0738 Center Loss:1405.1067 KL Loss:263.7550 Recon Loss:0.1865 Acc:0.9992 
Epoch:90 Time:3.5 Data:0.0 Loss:0.1324 Cls Loss:0.0598 Pair Loss:0.0726 Center Loss:1405.1536 KL Loss:263.9437 Recon Loss:0.1865 Acc:0.9995 
=> Test at epoch 90
==========Test with latent_z: z_c =========
Extracted features for query set, obtained torch.Size([2709, 1280]) matrix
Extracted features for gallery set, obtained torch.Size([2000, 1280]) matrix
Extracting features complete in 0m 4s
Distance computing in 0m 0s
Results ---------------------------------------------------
top1:25.0% top5:48.0% top10:59.1% top20:71.0% mAP:30.1%
-----------------------------------------------------------
Using 0m 0s
Classifier results ---------------------------------------------------
Query acc: 25.9% Gallery acc: 100.0% Total acc: 57.4%
Jump TSNE in test
==========Test with latent_z: new_z =========
Extracted features for query set, obtained torch.Size([2709, 192]) matrix
Extracted features for gallery set, obtained torch.Size([2000, 192]) matrix
Extracting features complete in 0m 3s
Distance computing in 0m 0s
Results ---------------------------------------------------
top1:19.3% top5:42.0% top10:53.5% top20:64.6% mAP:24.7%
-----------------------------------------------------------
Using 0m 0s
Classifier results ---------------------------------------------------
Query acc: 25.9% Gallery acc: 100.0% Total acc: 57.4%
Epoch:91 Time:3.7 Data:0.0 Loss:0.1334 Cls Loss:0.0589 Pair Loss:0.0744 Center Loss:1404.9472 KL Loss:263.8544 Recon Loss:0.1865 Acc:0.9997 
Epoch:92 Time:3.2 Data:0.0 Loss:0.1288 Cls Loss:0.0589 Pair Loss:0.0699 Center Loss:1404.9219 KL Loss:263.8889 Recon Loss:0.1865 Acc:0.9990 
Epoch:93 Time:3.5 Data:0.0 Loss:0.1285 Cls Loss:0.0579 Pair Loss:0.0705 Center Loss:1405.5317 KL Loss:263.8418 Recon Loss:0.1866 Acc:0.9992 
Epoch:94 Time:3.2 Data:0.0 Loss:0.1265 Cls Loss:0.0573 Pair Loss:0.0692 Center Loss:1405.6955 KL Loss:264.0063 Recon Loss:0.1865 Acc:0.9992 
Epoch:95 Time:3.4 Data:0.0 Loss:0.1288 Cls Loss:0.0570 Pair Loss:0.0718 Center Loss:1405.7296 KL Loss:263.8186 Recon Loss:0.1865 Acc:0.9990 
=> Test at epoch 95
==========Test with latent_z: z_c =========
Extracted features for query set, obtained torch.Size([2709, 1280]) matrix
Extracted features for gallery set, obtained torch.Size([2000, 1280]) matrix
Extracting features complete in 0m 4s
Distance computing in 0m 0s
Results ---------------------------------------------------
top1:25.2% top5:47.7% top10:59.2% top20:71.2% mAP:30.3%
-----------------------------------------------------------
Using 0m 0s
Classifier results ---------------------------------------------------
Query acc: 26.2% Gallery acc: 100.0% Total acc: 57.5%
Jump TSNE in test
==========Test with latent_z: new_z =========
Extracted features for query set, obtained torch.Size([2709, 192]) matrix
Extracted features for gallery set, obtained torch.Size([2000, 192]) matrix
Extracting features complete in 0m 3s
Distance computing in 0m 0s
Results ---------------------------------------------------
top1:19.3% top5:42.0% top10:53.5% top20:64.6% mAP:24.7%
-----------------------------------------------------------
Using 0m 0s
Classifier results ---------------------------------------------------
Query acc: 26.2% Gallery acc: 100.0% Total acc: 57.5%
Epoch:96 Time:4.0 Data:0.0 Loss:0.1229 Cls Loss:0.0565 Pair Loss:0.0664 Center Loss:1405.1299 KL Loss:264.0000 Recon Loss:0.1864 Acc:0.9995 
Epoch:97 Time:3.3 Data:0.0 Loss:0.1211 Cls Loss:0.0561 Pair Loss:0.0650 Center Loss:1405.1498 KL Loss:263.9573 Recon Loss:0.1865 Acc:0.9995 
Epoch:98 Time:3.3 Data:0.0 Loss:0.1261 Cls Loss:0.0555 Pair Loss:0.0706 Center Loss:1405.2804 KL Loss:263.9023 Recon Loss:0.1864 Acc:0.9992 
Epoch:99 Time:3.4 Data:0.0 Loss:0.1274 Cls Loss:0.0558 Pair Loss:0.0716 Center Loss:1404.6177 KL Loss:263.8407 Recon Loss:0.1865 Acc:0.9990 
Epoch:100 Time:2.9 Data:0.0 Loss:0.1231 Cls Loss:0.0548 Pair Loss:0.0683 Center Loss:1405.3227 KL Loss:264.0252 Recon Loss:0.1865 Acc:0.9995 
=> Test at epoch 100
==========Test with latent_z: z_c =========
Extracted features for query set, obtained torch.Size([2709, 1280]) matrix
Extracted features for gallery set, obtained torch.Size([2000, 1280]) matrix
Extracting features complete in 0m 4s
Distance computing in 0m 0s
Results ---------------------------------------------------
top1:25.4% top5:47.8% top10:59.1% top20:71.1% mAP:30.3%
-----------------------------------------------------------
Using 0m 0s
Classifier results ---------------------------------------------------
Query acc: 26.1% Gallery acc: 100.0% Total acc: 57.5%
Jump TSNE in test
==========Test with latent_z: new_z =========
Extracted features for query set, obtained torch.Size([2709, 192]) matrix
Extracted features for gallery set, obtained torch.Size([2000, 192]) matrix
Extracting features complete in 0m 3s
Distance computing in 0m 0s
Results ---------------------------------------------------
top1:19.3% top5:42.0% top10:53.5% top20:64.6% mAP:24.7%
-----------------------------------------------------------
Using 0m 0s
Classifier results ---------------------------------------------------
Query acc: 26.1% Gallery acc: 100.0% Total acc: 57.5%
Epoch:101 Time:4.2 Data:0.0 Loss:0.1230 Cls Loss:0.0542 Pair Loss:0.0688 Center Loss:1404.9221 KL Loss:263.9951 Recon Loss:0.1865 Acc:0.9992 
Epoch:102 Time:3.5 Data:0.0 Loss:0.1257 Cls Loss:0.0545 Pair Loss:0.0712 Center Loss:1404.4383 KL Loss:263.9441 Recon Loss:0.1865 Acc:0.9990 
Epoch:103 Time:3.5 Data:0.0 Loss:0.1278 Cls Loss:0.0539 Pair Loss:0.0740 Center Loss:1404.5406 KL Loss:263.9660 Recon Loss:0.1865 Acc:0.9995 
Epoch:104 Time:3.2 Data:0.0 Loss:0.1208 Cls Loss:0.0530 Pair Loss:0.0679 Center Loss:1405.1646 KL Loss:263.8394 Recon Loss:0.1865 Acc:0.9992 
Epoch:105 Time:3.3 Data:0.0 Loss:0.1159 Cls Loss:0.0527 Pair Loss:0.0632 Center Loss:1404.6506 KL Loss:263.8943 Recon Loss:0.1865 Acc:0.9992 
=> Test at epoch 105
==========Test with latent_z: z_c =========
Extracted features for query set, obtained torch.Size([2709, 1280]) matrix
Extracted features for gallery set, obtained torch.Size([2000, 1280]) matrix
Extracting features complete in 0m 4s
Distance computing in 0m 0s
Results ---------------------------------------------------
top1:25.2% top5:48.2% top10:59.3% top20:71.0% mAP:30.3%
-----------------------------------------------------------
Using 0m 0s
Classifier results ---------------------------------------------------
Query acc: 26.5% Gallery acc: 100.0% Total acc: 57.7%
Jump TSNE in test
==========Test with latent_z: new_z =========
Extracted features for query set, obtained torch.Size([2709, 192]) matrix
Extracted features for gallery set, obtained torch.Size([2000, 192]) matrix
Extracting features complete in 0m 3s
Distance computing in 0m 0s
Results ---------------------------------------------------
top1:19.3% top5:42.0% top10:53.5% top20:64.6% mAP:24.7%
-----------------------------------------------------------
Using 0m 0s
Classifier results ---------------------------------------------------
Query acc: 26.5% Gallery acc: 100.0% Total acc: 57.7%
Epoch:106 Time:3.3 Data:0.0 Loss:0.1249 Cls Loss:0.0524 Pair Loss:0.0725 Center Loss:1404.8578 KL Loss:263.9322 Recon Loss:0.1865 Acc:0.9992 
Epoch:107 Time:3.3 Data:0.0 Loss:0.1250 Cls Loss:0.0525 Pair Loss:0.0725 Center Loss:1404.0765 KL Loss:264.0053 Recon Loss:0.1864 Acc:0.9992 
Epoch:108 Time:3.5 Data:0.0 Loss:0.1262 Cls Loss:0.0520 Pair Loss:0.0742 Center Loss:1404.6583 KL Loss:263.8556 Recon Loss:0.1865 Acc:0.9992 
Epoch:109 Time:3.4 Data:0.0 Loss:0.1201 Cls Loss:0.0521 Pair Loss:0.0680 Center Loss:1403.7093 KL Loss:263.8529 Recon Loss:0.1865 Acc:0.9990 
Epoch:110 Time:3.3 Data:0.0 Loss:0.1160 Cls Loss:0.0511 Pair Loss:0.0649 Center Loss:1404.4142 KL Loss:263.8700 Recon Loss:0.1865 Acc:0.9995 
=> Test at epoch 110
==========Test with latent_z: z_c =========
Extracted features for query set, obtained torch.Size([2709, 1280]) matrix
Extracted features for gallery set, obtained torch.Size([2000, 1280]) matrix
Extracting features complete in 0m 4s
Distance computing in 0m 0s
Results ---------------------------------------------------
top1:25.1% top5:48.0% top10:59.4% top20:71.2% mAP:30.2%
-----------------------------------------------------------
Using 0m 0s
Classifier results ---------------------------------------------------
Query acc: 26.4% Gallery acc: 100.0% Total acc: 57.6%
Jump TSNE in test
==========Test with latent_z: new_z =========
Extracted features for query set, obtained torch.Size([2709, 192]) matrix
Extracted features for gallery set, obtained torch.Size([2000, 192]) matrix
Extracting features complete in 0m 3s
Distance computing in 0m 0s
Results ---------------------------------------------------
top1:19.3% top5:42.0% top10:53.5% top20:64.6% mAP:24.7%
-----------------------------------------------------------
Using 0m 0s
Classifier results ---------------------------------------------------
Query acc: 26.4% Gallery acc: 100.0% Total acc: 57.6%
Epoch:111 Time:3.9 Data:0.0 Loss:0.1082 Cls Loss:0.0499 Pair Loss:0.0583 Center Loss:1404.7216 KL Loss:263.9373 Recon Loss:0.1865 Acc:0.9992 
Epoch:112 Time:3.4 Data:0.0 Loss:0.1160 Cls Loss:0.0496 Pair Loss:0.0664 Center Loss:1404.7383 KL Loss:263.9477 Recon Loss:0.1865 Acc:0.9990 
Epoch:113 Time:3.4 Data:0.0 Loss:0.1141 Cls Loss:0.0495 Pair Loss:0.0646 Center Loss:1404.9043 KL Loss:263.8893 Recon Loss:0.1865 Acc:0.9992 
Epoch:114 Time:3.3 Data:0.0 Loss:0.1212 Cls Loss:0.0496 Pair Loss:0.0717 Center Loss:1404.9998 KL Loss:264.1323 Recon Loss:0.1865 Acc:0.9992 
Epoch:115 Time:2.9 Data:0.0 Loss:0.1139 Cls Loss:0.0490 Pair Loss:0.0649 Center Loss:1405.0102 KL Loss:263.9897 Recon Loss:0.1865 Acc:0.9995 
=> Test at epoch 115
==========Test with latent_z: z_c =========
Extracted features for query set, obtained torch.Size([2709, 1280]) matrix
Extracted features for gallery set, obtained torch.Size([2000, 1280]) matrix
Extracting features complete in 0m 4s
Distance computing in 0m 0s
Results ---------------------------------------------------
top1:25.3% top5:48.0% top10:59.4% top20:71.1% mAP:30.3%
-----------------------------------------------------------
Using 0m 0s
Classifier results ---------------------------------------------------
Query acc: 26.0% Gallery acc: 100.0% Total acc: 57.4%
Jump TSNE in test
==========Test with latent_z: new_z =========
Extracted features for query set, obtained torch.Size([2709, 192]) matrix
Extracted features for gallery set, obtained torch.Size([2000, 192]) matrix
Extracting features complete in 0m 3s
Distance computing in 0m 0s
Results ---------------------------------------------------
top1:19.3% top5:42.0% top10:53.5% top20:64.6% mAP:24.7%
-----------------------------------------------------------
Using 0m 0s
Classifier results ---------------------------------------------------
Query acc: 26.0% Gallery acc: 100.0% Total acc: 57.4%
Epoch:116 Time:4.0 Data:0.0 Loss:0.1147 Cls Loss:0.0490 Pair Loss:0.0657 Center Loss:1403.9553 KL Loss:263.8162 Recon Loss:0.1865 Acc:0.9992 
Epoch:117 Time:3.4 Data:0.0 Loss:0.1178 Cls Loss:0.0489 Pair Loss:0.0689 Center Loss:1404.3654 KL Loss:263.9789 Recon Loss:0.1865 Acc:0.9992 
Epoch:118 Time:3.3 Data:0.0 Loss:0.1219 Cls Loss:0.0487 Pair Loss:0.0732 Center Loss:1404.5391 KL Loss:263.9272 Recon Loss:0.1865 Acc:0.9990 
Epoch:119 Time:3.5 Data:0.0 Loss:0.1122 Cls Loss:0.0488 Pair Loss:0.0634 Center Loss:1403.5948 KL Loss:263.6176 Recon Loss:0.1865 Acc:0.9995 
Epoch:120 Time:3.4 Data:0.0 Loss:0.1138 Cls Loss:0.0474 Pair Loss:0.0664 Center Loss:1404.5233 KL Loss:263.9216 Recon Loss:0.1865 Acc:0.9995 
=> Test at epoch 120
==========Test with latent_z: z_c =========
Extracted features for query set, obtained torch.Size([2709, 1280]) matrix
Extracted features for gallery set, obtained torch.Size([2000, 1280]) matrix
Extracting features complete in 0m 4s
Distance computing in 0m 0s
Results ---------------------------------------------------
top1:25.2% top5:47.6% top10:59.2% top20:71.7% mAP:30.3%
-----------------------------------------------------------
Using 0m 0s
Classifier results ---------------------------------------------------
Query acc: 26.0% Gallery acc: 100.0% Total acc: 57.4%
Jump TSNE in test
==========Test with latent_z: new_z =========
Extracted features for query set, obtained torch.Size([2709, 192]) matrix
Extracted features for gallery set, obtained torch.Size([2000, 192]) matrix
Extracting features complete in 0m 3s
Distance computing in 0m 0s
Results ---------------------------------------------------
top1:19.3% top5:42.0% top10:53.5% top20:64.6% mAP:24.7%
-----------------------------------------------------------
Using 0m 0s
Classifier results ---------------------------------------------------
Query acc: 26.0% Gallery acc: 100.0% Total acc: 57.4%
Keep checkpoint file: checkpoint_ep120.pth.tar
=> Best Rank-1 25.2%, mAP 30.3% achieved at epoch 105
Finished. Total elapsed time (h:m:s): 0:11:29. Training time (h:m:s): 0:07:52.
Shutting down background jobs, please wait a moment...
Done!
Waiting for the remaining 35 operations to synchronize with Neptune. Do not kill this process.
All 35 operations synced, thanks for waiting!
Explore the metadata in the Neptune app:
https://app.neptune.ai/Zhengwei-Lab/MayCVAE/e/MAY-584/metadata
