https://app.neptune.ai/Zhengwei-Lab/MayCVAE/e/MAY-356
=> merge config from ./configs/clipreid_cvae_kl.yaml
/home/zhengwei/Desktop/Zhengwei/Projects/CVAE/main.py:91: NeptuneUnsupportedType: You're attempting to log a type that is not directly supported by Neptune (<class 'list'>).
        Convert the value to a supported type, such as a string or float, or use stringify_unsupported(obj)
        for dictionaries or collections that contain unsupported values.
        For more, see https://docs.neptune.ai/help/value_of_unsupported_type
  run["parameters"] = param
=> Configurations:
-------------------------
AMP: True
AUG:
  RC_PROB: 0.5
  RE_PROB: 0.5
DATA:
  CUHK03_CLASSIC_SPLIT: False
  CUHK03_LABELED: False
  DATASET: market1k
  FORMAT_TAG: tensor
  HEIGHT: 256
  NUM_INSTANCES: 4
  NUM_WORKERS: 4
  ROOT: /home/zhengwei/Desktop/Zhengwei/Projects/datasets
  SPLIT_ID: 0
  TEST_BATCH: 512
  TRAIN_BATCH: 64
  TRAIN_FORMAT: novel
  WIDTH: 128
EVAL_MODE: False
GPU: 0
LOSS:
  CLA_LOSS: crossentropy
  CLA_M: 0.0
  CLA_S: 16.0
  PAIR_LOSS: triplet
  PAIR_M: 0.3
  PAIR_S: 16.0
  RECON_LOSS: mse
  USE_NCE: True
MODEL:
  CONDITIONAL: False
  FEATURE_DIM: 1280
  FEAT_FUSION: True
  FLOW_TYPE: 
  GAUSSIAN: MultivariateNormal
  HIDDEN_DIM: 256
  LATENT_SIZE: 64
  NAME: CVAE
  ONLY_CVAE_KL: False
  ONLY_X_INPUT: False
  PRETRAIN: CLIPreidFinetune
  RES4_STRIDE: 1
  RESUME: /home/zhengwei/Desktop/Zhengwei/Projects/CVAE/outputs/market1k/clipreid_simplevae_tune/novel/2024-07-04/Tuned_SimpleVAE_128+64z_1e3+3_60+120_KLtotalZ_noCLS
  TRAIN_STAGE: reidstage
  USE_CENTROID: False
  USE_TWO_ENCODER: False
  VAE_TYPE: SinpleVAE
  ZC_DIM: 128
  ZS_DIM: 64
OUTPUT: ./outputs/market1k/clipreid_simplevae_tune/novel/2024-07-05/2ndstage_SimpleVAE_128+64z_1e3+3_60+120_KLtotalZ_s2+REIDCEText+trip
SAVED_NAME: 2ndstage_SimpleVAE_128+64z_1e3+3_60+120_KLtotalZ_s2+REIDCEText+trip
SEED: 0
TAG: clipreid_simplevae_tune
TEST:
  DISTANCE: cosine
  EVAL_STEP: 5
  START_EVAL: -1
TRAIN:
  AMP: False
  LR_SCHEDULER:
    DECAY_RATE: 0.1
    NAME: MultiStepLR
    STEPSIZE: [60]
  MAX_EPOCH: 120
  OPTIMIZER:
    LR: 0.001
    NAME: adam
    SGDLR: 0.01
    SGD_MOMENTUM: 0.9
    SGD_WEIGHT_DECAY: 0.0005
    WEIGHT_DECAY: 0.0001
  START_EPOCH: 0
----------------------
Initializing dataset market1k
Warning: string series 'monitoring/2d8a13d4/stdout' value was longer than 1000 characters and was truncated. This warning is printed only once per series.
=> Market-Sketch-1K tensor loaded
Dataset statistics:
  ------------------------------
  subset   | # ids | # images
  ------------------------------
  train    |   996 |     3992
  query    |   996 |     2709
  gallery  |   996 |     2000
  ------------------------------
  total    |  1992 |     8701
  ------------------------------
Initializing SinpleVAE model
Model size: 11.55462M
[INFO] Register count_relu() for <class 'torch.nn.modules.activation.LeakyReLU'>.
[INFO] Register count_linear() for <class 'torch.nn.modules.linear.Linear'>.
[INFO] Register count_normalization() for <class 'torch.nn.modules.batchnorm.BatchNorm1d'>.
[INFO] Register zero_ops() for <class 'torch.nn.modules.activation.ReLU'>.
[INFO] Register zero_ops() for <class 'torch.nn.modules.dropout.Dropout'>.
[INFO] Register zero_ops() for <class 'torch.nn.modules.container.Sequential'>.
FLOPs: 0.73361G
Params: 11.47219M
Classifier size: 0.12749M
i2t_projector.weight is tuneable
i2t_projector.bias is tuneable
reid_projector.weight is tuneable
=> Start Training Classifier Only
Loading checkpoint from '/home/zhengwei/Desktop/Zhengwei/Projects/CVAE/outputs/market1k/clipreid_simplevae_tune/novel/2024-07-04/Tuned_SimpleVAE_128+64z_1e3+3_60+120_KLtotalZ_noCLS.best_model.pth.tar'
Ignores parameter:  i2t_projector.weight
Ignores parameter:  i2t_projector.bias
orginal best rank1 = 0.1834625322997416
=> Start evaluation on Novel data without finetuning
=> Test pretarined feature form VLP model
Normalizing features
Normalizing features
Extracted features for query set, obtained torch.Size([2709, 1280]) matrix
Extracted features for gallery set, obtained torch.Size([2000, 1280]) matrix
Extracting features complete in 0m 4s
Distance computing in 0m 0s
Computing CMC and mAP
Results ---------------------------------------------------
top1:35.2% top5:60.5% top10:71.2% top20:80.7% mAP:39.8%
-----------------------------------------------------------
Using 0m 0s
==========Test with latent_z: new_z =========
==========Test with NCE LOSS=========
Extracted features for query set, obtained torch.Size([2709, 192]) matrix
Extracted features for gallery set, obtained torch.Size([2000, 192]) matrix
Extracting features complete in 0m 5s
Distance computing in 0m 0s
Results ---------------------------------------------------
top1:19.4% top5:40.1% top10:50.8% top20:62.6% mAP:23.3%
-----------------------------------------------------------
Using 0m 0s
Classifier results ---------------------------------------------------
Query acc: 0.1% Gallery acc: 0.1% Total acc: 0.1%
==========Test with latent_z: z_c =========
==========Test with NCE LOSS=========
Extracted features for query set, obtained torch.Size([2709, 128]) matrix
Extracted features for gallery set, obtained torch.Size([2000, 128]) matrix
Extracting features complete in 0m 6s
Distance computing in 0m 1s
Results ---------------------------------------------------
top1:16.5% top5:35.9% top10:46.2% top20:58.4% mAP:20.4%
-----------------------------------------------------------
Using 0m 0s
Classifier results ---------------------------------------------------
Query acc: 0.1% Gallery acc: 0.1% Total acc: 0.1%
Jump TSNE in test
=> Start training
/home/zhengwei/Desktop/Zhengwei/Projects/CVAE/losses/center_loss.py:40: UserWarning: This overload of addmm_ is deprecated:
	addmm_(Number beta, Number alpha, Tensor mat1, Tensor mat2)
Consider using one of the following signatures instead:
	addmm_(Tensor mat1, Tensor mat2, *, Number beta, Number alpha) (Triggered internally at /opt/conda/conda-bld/pytorch_1670525539683/work/torch/csrc/utils/python_arg_parser.cpp:1420.)
  distmat.addmm_(1, -2, x, self.centers.t())
Epoch:1 Time:11.2 Data:0.0 Loss:5.6318 Cls Loss:5.3990 Pair Loss:0.2328 Center Loss:170.6279 KL Loss:182.1023 Recon Loss:0.1866 Acc:0.0585 Acc NCE:0.0585
Epoch:2 Time:10.7 Data:0.0 Loss:2.5653 Cls Loss:2.3711 Pair Loss:0.1943 Center Loss:162.6067 KL Loss:181.8203 Recon Loss:0.1866 Acc:0.3959 Acc NCE:0.3959
Epoch:3 Time:11.6 Data:0.0 Loss:1.6128 Cls Loss:1.4256 Pair Loss:0.1872 Center Loss:165.2026 KL Loss:181.3760 Recon Loss:0.1867 Acc:0.6099 Acc NCE:0.6099
Epoch:4 Time:10.4 Data:0.0 Loss:1.1395 Cls Loss:0.9578 Pair Loss:0.1817 Center Loss:168.2617 KL Loss:181.3420 Recon Loss:0.1866 Acc:0.7251 Acc NCE:0.7251
Epoch:5 Time:10.2 Data:0.0 Loss:0.8464 Cls Loss:0.6710 Pair Loss:0.1754 Center Loss:170.9107 KL Loss:180.9713 Recon Loss:0.1866 Acc:0.8155 Acc NCE:0.8155
=> Test at epoch 5
==========Test with latent_z: z_c =========
==========Test with NCE LOSS=========
Extracted features for query set, obtained torch.Size([2709, 128]) matrix
Extracted features for gallery set, obtained torch.Size([2000, 128]) matrix
Extracting features complete in 0m 5s
Distance computing in 0m 0s
Results ---------------------------------------------------
top1:19.6% top5:42.1% top10:53.7% top20:65.9% mAP:24.8%
-----------------------------------------------------------
Using 0m 0s
Classifier results ---------------------------------------------------
Query acc: 17.2% Gallery acc: 92.6% Total acc: 47.4%
Jump TSNE in test
==========Test with latent_z: new_z =========
==========Test with NCE LOSS=========
Extracted features for query set, obtained torch.Size([2709, 192]) matrix
Extracted features for gallery set, obtained torch.Size([2000, 192]) matrix
Extracting features complete in 0m 4s
Distance computing in 0m 1s
Results ---------------------------------------------------
top1:19.4% top5:40.1% top10:50.8% top20:62.6% mAP:23.3%
-----------------------------------------------------------
Using 0m 0s
Classifier results ---------------------------------------------------
Query acc: 17.2% Gallery acc: 92.6% Total acc: 47.4%
Epoch:6 Time:12.2 Data:0.0 Loss:0.6763 Cls Loss:0.4995 Pair Loss:0.1768 Center Loss:173.0433 KL Loss:180.8168 Recon Loss:0.1866 Acc:0.8569 Acc NCE:0.8569
Epoch:7 Time:10.1 Data:0.0 Loss:0.5546 Cls Loss:0.3893 Pair Loss:0.1653 Center Loss:175.1910 KL Loss:180.5378 Recon Loss:0.1866 Acc:0.8911 Acc NCE:0.8911
Epoch:8 Time:11.8 Data:0.0 Loss:0.4742 Cls Loss:0.3098 Pair Loss:0.1644 Center Loss:176.4318 KL Loss:180.3875 Recon Loss:0.1867 Acc:0.9100 Acc NCE:0.9100
Epoch:9 Time:10.6 Data:0.0 Loss:0.4250 Cls Loss:0.2591 Pair Loss:0.1659 Center Loss:177.9644 KL Loss:180.1152 Recon Loss:0.1866 Acc:0.9297 Acc NCE:0.9297
Epoch:10 Time:11.0 Data:0.0 Loss:0.3608 Cls Loss:0.2011 Pair Loss:0.1597 Center Loss:179.3635 KL Loss:179.8398 Recon Loss:0.1867 Acc:0.9398 Acc NCE:0.9398
=> Test at epoch 10
==========Test with latent_z: z_c =========
==========Test with NCE LOSS=========
Extracted features for query set, obtained torch.Size([2709, 128]) matrix
Extracted features for gallery set, obtained torch.Size([2000, 128]) matrix
Extracting features complete in 0m 4s
Distance computing in 0m 0s
Results ---------------------------------------------------
top1:20.4% top5:43.2% top10:55.2% top20:67.1% mAP:25.8%
-----------------------------------------------------------
Using 0m 0s
Classifier results ---------------------------------------------------
Query acc: 17.9% Gallery acc: 97.4% Total acc: 49.7%
Jump TSNE in test
==========Test with latent_z: new_z =========
==========Test with NCE LOSS=========
Extracted features for query set, obtained torch.Size([2709, 192]) matrix
Extracted features for gallery set, obtained torch.Size([2000, 192]) matrix
Extracting features complete in 0m 4s
Distance computing in 0m 0s
Results ---------------------------------------------------
top1:19.4% top5:40.1% top10:50.8% top20:62.6% mAP:23.3%
-----------------------------------------------------------
Using 0m 0s
Classifier results ---------------------------------------------------
Query acc: 17.9% Gallery acc: 97.4% Total acc: 49.7%
Epoch:11 Time:11.9 Data:0.0 Loss:0.3379 Cls Loss:0.1794 Pair Loss:0.1585 Center Loss:181.1854 KL Loss:179.5038 Recon Loss:0.1866 Acc:0.9509 Acc NCE:0.9509
Epoch:12 Time:10.5 Data:0.0 Loss:0.2889 Cls Loss:0.1339 Pair Loss:0.1550 Center Loss:182.2668 KL Loss:179.3894 Recon Loss:0.1867 Acc:0.9642 Acc NCE:0.9642
Epoch:13 Time:12.0 Data:0.0 Loss:0.2762 Cls Loss:0.1235 Pair Loss:0.1528 Center Loss:183.8056 KL Loss:179.0455 Recon Loss:0.1866 Acc:0.9647 Acc NCE:0.9647
Epoch:14 Time:10.6 Data:0.0 Loss:0.2567 Cls Loss:0.1074 Pair Loss:0.1493 Center Loss:184.5480 KL Loss:178.7616 Recon Loss:0.1866 Acc:0.9718 Acc NCE:0.9718
Epoch:15 Time:11.3 Data:0.0 Loss:0.2504 Cls Loss:0.1014 Pair Loss:0.1490 Center Loss:186.2103 KL Loss:178.5863 Recon Loss:0.1867 Acc:0.9740 Acc NCE:0.9740
=> Test at epoch 15
==========Test with latent_z: z_c =========
==========Test with NCE LOSS=========
Extracted features for query set, obtained torch.Size([2709, 128]) matrix
Extracted features for gallery set, obtained torch.Size([2000, 128]) matrix
Extracting features complete in 0m 5s
Distance computing in 0m 0s
Results ---------------------------------------------------
top1:20.3% top5:43.9% top10:55.6% top20:67.0% mAP:26.1%
-----------------------------------------------------------
Using 0m 0s
Classifier results ---------------------------------------------------
Query acc: 18.9% Gallery acc: 98.9% Total acc: 50.9%
Jump TSNE in test
==========Test with latent_z: new_z =========
==========Test with NCE LOSS=========
Extracted features for query set, obtained torch.Size([2709, 192]) matrix
Extracted features for gallery set, obtained torch.Size([2000, 192]) matrix
Extracting features complete in 0m 4s
Distance computing in 0m 0s
Results ---------------------------------------------------
top1:19.4% top5:40.1% top10:50.8% top20:62.6% mAP:23.3%
-----------------------------------------------------------
Using 0m 0s
Classifier results ---------------------------------------------------
Query acc: 18.9% Gallery acc: 98.9% Total acc: 50.9%
Epoch:16 Time:11.8 Data:0.0 Loss:0.2278 Cls Loss:0.0772 Pair Loss:0.1506 Center Loss:186.4116 KL Loss:178.3593 Recon Loss:0.1866 Acc:0.9836 Acc NCE:0.9836
Epoch:17 Time:10.2 Data:0.0 Loss:0.2154 Cls Loss:0.0711 Pair Loss:0.1443 Center Loss:187.1319 KL Loss:178.0835 Recon Loss:0.1866 Acc:0.9839 Acc NCE:0.9839
Epoch:18 Time:11.8 Data:0.0 Loss:0.2163 Cls Loss:0.0732 Pair Loss:0.1431 Center Loss:188.1270 KL Loss:177.9341 Recon Loss:0.1867 Acc:0.9829 Acc NCE:0.9829
Epoch:19 Time:10.5 Data:0.0 Loss:0.1982 Cls Loss:0.0561 Pair Loss:0.1421 Center Loss:188.7337 KL Loss:177.5509 Recon Loss:0.1866 Acc:0.9854 Acc NCE:0.9854
Epoch:20 Time:12.3 Data:0.0 Loss:0.2084 Cls Loss:0.0673 Pair Loss:0.1410 Center Loss:189.3551 KL Loss:177.1173 Recon Loss:0.1866 Acc:0.9819 Acc NCE:0.9819
=> Test at epoch 20
==========Test with latent_z: z_c =========
==========Test with NCE LOSS=========
Extracted features for query set, obtained torch.Size([2709, 128]) matrix
Extracted features for gallery set, obtained torch.Size([2000, 128]) matrix
Extracting features complete in 0m 4s
Distance computing in 0m 0s
Results ---------------------------------------------------
top1:21.2% top5:44.5% top10:56.7% top20:68.3% mAP:26.8%
-----------------------------------------------------------
Using 0m 0s
Classifier results ---------------------------------------------------
Query acc: 18.9% Gallery acc: 99.7% Total acc: 51.2%
Jump TSNE in test
==========Test with latent_z: new_z =========
==========Test with NCE LOSS=========
Extracted features for query set, obtained torch.Size([2709, 192]) matrix
Extracted features for gallery set, obtained torch.Size([2000, 192]) matrix
Extracting features complete in 0m 5s
Distance computing in 0m 1s
Results ---------------------------------------------------
top1:19.4% top5:40.1% top10:50.8% top20:62.6% mAP:23.3%
-----------------------------------------------------------
Using 0m 0s
Classifier results ---------------------------------------------------
Query acc: 18.9% Gallery acc: 99.7% Total acc: 51.2%
Epoch:21 Time:12.1 Data:0.0 Loss:0.1885 Cls Loss:0.0520 Pair Loss:0.1365 Center Loss:190.4832 KL Loss:177.1513 Recon Loss:0.1866 Acc:0.9894 Acc NCE:0.9894
Epoch:22 Time:11.3 Data:0.0 Loss:0.1796 Cls Loss:0.0362 Pair Loss:0.1434 Center Loss:190.4132 KL Loss:176.7507 Recon Loss:0.1866 Acc:0.9922 Acc NCE:0.9922
Epoch:23 Time:11.4 Data:0.0 Loss:0.1724 Cls Loss:0.0312 Pair Loss:0.1412 Center Loss:190.4767 KL Loss:176.5855 Recon Loss:0.1866 Acc:0.9950 Acc NCE:0.9950
Epoch:24 Time:10.6 Data:0.0 Loss:0.1612 Cls Loss:0.0281 Pair Loss:0.1331 Center Loss:190.3220 KL Loss:176.3224 Recon Loss:0.1866 Acc:0.9955 Acc NCE:0.9955
Epoch:25 Time:11.8 Data:0.0 Loss:0.1707 Cls Loss:0.0296 Pair Loss:0.1411 Center Loss:190.4606 KL Loss:176.0808 Recon Loss:0.1866 Acc:0.9945 Acc NCE:0.9945
=> Test at epoch 25
==========Test with latent_z: z_c =========
==========Test with NCE LOSS=========
Extracted features for query set, obtained torch.Size([2709, 128]) matrix
Extracted features for gallery set, obtained torch.Size([2000, 128]) matrix
Extracting features complete in 0m 5s
Distance computing in 0m 0s
Results ---------------------------------------------------
top1:21.4% top5:45.7% top10:57.3% top20:69.1% mAP:27.2%
-----------------------------------------------------------
Using 0m 0s
Classifier results ---------------------------------------------------
Query acc: 19.2% Gallery acc: 99.6% Total acc: 51.4%
Jump TSNE in test
==========Test with latent_z: new_z =========
==========Test with NCE LOSS=========
Extracted features for query set, obtained torch.Size([2709, 192]) matrix
Extracted features for gallery set, obtained torch.Size([2000, 192]) matrix
Extracting features complete in 0m 4s
Distance computing in 0m 1s
Results ---------------------------------------------------
top1:19.4% top5:40.1% top10:50.8% top20:62.6% mAP:23.3%
-----------------------------------------------------------
Using 0m 1s
Classifier results ---------------------------------------------------
Query acc: 19.2% Gallery acc: 99.6% Total acc: 51.4%
Epoch:26 Time:11.7 Data:0.0 Loss:0.1859 Cls Loss:0.0504 Pair Loss:0.1355 Center Loss:191.3799 KL Loss:175.9749 Recon Loss:0.1867 Acc:0.9894 Acc NCE:0.9894
Epoch:27 Time:11.9 Data:0.0 Loss:0.1814 Cls Loss:0.0460 Pair Loss:0.1354 Center Loss:191.9521 KL Loss:175.7096 Recon Loss:0.1866 Acc:0.9899 Acc NCE:0.9899
Epoch:28 Time:10.9 Data:0.0 Loss:0.1773 Cls Loss:0.0424 Pair Loss:0.1349 Center Loss:191.9196 KL Loss:175.3142 Recon Loss:0.1867 Acc:0.9894 Acc NCE:0.9894
Epoch:29 Time:11.7 Data:0.0 Loss:0.1714 Cls Loss:0.0392 Pair Loss:0.1322 Center Loss:191.9141 KL Loss:175.0231 Recon Loss:0.1866 Acc:0.9917 Acc NCE:0.9917
Epoch:30 Time:12.6 Data:0.0 Loss:0.1714 Cls Loss:0.0398 Pair Loss:0.1317 Center Loss:192.9347 KL Loss:174.8101 Recon Loss:0.1866 Acc:0.9914 Acc NCE:0.9914
=> Test at epoch 30
==========Test with latent_z: z_c =========
==========Test with NCE LOSS=========
Extracted features for query set, obtained torch.Size([2709, 128]) matrix
Extracted features for gallery set, obtained torch.Size([2000, 128]) matrix
Extracting features complete in 0m 4s
Distance computing in 0m 0s
Results ---------------------------------------------------
top1:21.3% top5:45.5% top10:57.5% top20:69.0% mAP:27.3%
-----------------------------------------------------------
Using 0m 0s
Classifier results ---------------------------------------------------
Query acc: 19.8% Gallery acc: 99.5% Total acc: 51.7%
Jump TSNE in test
==========Test with latent_z: new_z =========
==========Test with NCE LOSS=========
Extracted features for query set, obtained torch.Size([2709, 192]) matrix
Extracted features for gallery set, obtained torch.Size([2000, 192]) matrix
Extracting features complete in 0m 5s
Distance computing in 0m 1s
Results ---------------------------------------------------
top1:19.4% top5:40.1% top10:50.8% top20:62.6% mAP:23.3%
-----------------------------------------------------------
Using 0m 0s
Classifier results ---------------------------------------------------
Query acc: 19.8% Gallery acc: 99.5% Total acc: 51.7%
Epoch:31 Time:11.8 Data:0.0 Loss:0.1940 Cls Loss:0.0597 Pair Loss:0.1344 Center Loss:193.8789 KL Loss:174.6767 Recon Loss:0.1867 Acc:0.9879 Acc NCE:0.9879
Epoch:32 Time:11.9 Data:0.0 Loss:0.1776 Cls Loss:0.0428 Pair Loss:0.1348 Center Loss:194.8758 KL Loss:174.4235 Recon Loss:0.1866 Acc:0.9914 Acc NCE:0.9914
Epoch:33 Time:11.6 Data:0.0 Loss:0.1799 Cls Loss:0.0418 Pair Loss:0.1381 Center Loss:195.9366 KL Loss:174.0251 Recon Loss:0.1867 Acc:0.9927 Acc NCE:0.9927
Epoch:34 Time:12.4 Data:0.0 Loss:0.1776 Cls Loss:0.0439 Pair Loss:0.1336 Center Loss:195.5697 KL Loss:173.8444 Recon Loss:0.1866 Acc:0.9899 Acc NCE:0.9899
Epoch:35 Time:12.5 Data:0.0 Loss:0.1643 Cls Loss:0.0316 Pair Loss:0.1327 Center Loss:195.7104 KL Loss:173.5934 Recon Loss:0.1866 Acc:0.9917 Acc NCE:0.9917
=> Test at epoch 35
==========Test with latent_z: z_c =========
==========Test with NCE LOSS=========
Extracted features for query set, obtained torch.Size([2709, 128]) matrix
Extracted features for gallery set, obtained torch.Size([2000, 128]) matrix
Extracting features complete in 0m 5s
Distance computing in 0m 1s
Results ---------------------------------------------------
top1:21.6% top5:46.3% top10:57.9% top20:69.4% mAP:27.7%
-----------------------------------------------------------
Using 0m 0s
Classifier results ---------------------------------------------------
Query acc: 18.9% Gallery acc: 99.5% Total acc: 51.1%
Jump TSNE in test
==========Test with latent_z: new_z =========
==========Test with NCE LOSS=========
Extracted features for query set, obtained torch.Size([2709, 192]) matrix
Extracted features for gallery set, obtained torch.Size([2000, 192]) matrix
Extracting features complete in 0m 5s
Distance computing in 0m 1s
Results ---------------------------------------------------
top1:19.4% top5:40.1% top10:50.8% top20:62.6% mAP:23.3%
-----------------------------------------------------------
Using 0m 0s
Classifier results ---------------------------------------------------
Query acc: 18.9% Gallery acc: 99.5% Total acc: 51.1%
Epoch:36 Time:11.7 Data:0.0 Loss:0.1610 Cls Loss:0.0338 Pair Loss:0.1272 Center Loss:196.3978 KL Loss:173.4157 Recon Loss:0.1867 Acc:0.9904 Acc NCE:0.9904
Epoch:37 Time:10.5 Data:0.0 Loss:0.1711 Cls Loss:0.0356 Pair Loss:0.1355 Center Loss:196.1911 KL Loss:173.1094 Recon Loss:0.1867 Acc:0.9932 Acc NCE:0.9932
Epoch:38 Time:12.2 Data:0.0 Loss:0.1585 Cls Loss:0.0285 Pair Loss:0.1299 Center Loss:196.3062 KL Loss:172.9060 Recon Loss:0.1867 Acc:0.9950 Acc NCE:0.9950
Epoch:39 Time:12.6 Data:0.0 Loss:0.1543 Cls Loss:0.0285 Pair Loss:0.1258 Center Loss:195.8473 KL Loss:172.4808 Recon Loss:0.1866 Acc:0.9950 Acc NCE:0.9950
Epoch:40 Time:11.8 Data:0.0 Loss:0.1487 Cls Loss:0.0219 Pair Loss:0.1268 Center Loss:195.8539 KL Loss:172.2584 Recon Loss:0.1867 Acc:0.9960 Acc NCE:0.9960
=> Test at epoch 40
==========Test with latent_z: z_c =========
==========Test with NCE LOSS=========
Extracted features for query set, obtained torch.Size([2709, 128]) matrix
Extracted features for gallery set, obtained torch.Size([2000, 128]) matrix
Extracting features complete in 0m 5s
Distance computing in 0m 0s
Results ---------------------------------------------------
top1:22.2% top5:46.2% top10:57.6% top20:69.6% mAP:27.8%
-----------------------------------------------------------
Using 0m 0s
Classifier results ---------------------------------------------------
Query acc: 19.4% Gallery acc: 99.7% Total acc: 51.5%
Jump TSNE in test
==========Test with latent_z: new_z =========
==========Test with NCE LOSS=========
Extracted features for query set, obtained torch.Size([2709, 192]) matrix
Extracted features for gallery set, obtained torch.Size([2000, 192]) matrix
Extracting features complete in 0m 5s
Distance computing in 0m 0s
Results ---------------------------------------------------
top1:19.4% top5:40.1% top10:50.8% top20:62.6% mAP:23.3%
-----------------------------------------------------------
Using 0m 0s
Classifier results ---------------------------------------------------
Query acc: 19.4% Gallery acc: 99.7% Total acc: 51.5%
Epoch:41 Time:12.0 Data:0.0 Loss:0.1710 Cls Loss:0.0406 Pair Loss:0.1304 Center Loss:196.9456 KL Loss:172.0864 Recon Loss:0.1867 Acc:0.9909 Acc NCE:0.9909
Epoch:42 Time:10.9 Data:0.0 Loss:0.1811 Cls Loss:0.0502 Pair Loss:0.1309 Center Loss:197.2077 KL Loss:171.8104 Recon Loss:0.1866 Acc:0.9882 Acc NCE:0.9882
Epoch:43 Time:12.1 Data:0.0 Loss:0.1760 Cls Loss:0.0459 Pair Loss:0.1301 Center Loss:197.9300 KL Loss:171.6567 Recon Loss:0.1867 Acc:0.9874 Acc NCE:0.9874
Epoch:44 Time:11.8 Data:0.0 Loss:0.1836 Cls Loss:0.0515 Pair Loss:0.1321 Center Loss:198.9128 KL Loss:171.3901 Recon Loss:0.1867 Acc:0.9879 Acc NCE:0.9879
Epoch:45 Time:11.8 Data:0.0 Loss:0.1934 Cls Loss:0.0655 Pair Loss:0.1279 Center Loss:200.1245 KL Loss:171.1600 Recon Loss:0.1866 Acc:0.9819 Acc NCE:0.9819
=> Test at epoch 45
==========Test with latent_z: z_c =========
==========Test with NCE LOSS=========
Extracted features for query set, obtained torch.Size([2709, 128]) matrix
Extracted features for gallery set, obtained torch.Size([2000, 128]) matrix
Extracting features complete in 0m 4s
Distance computing in 0m 0s
Results ---------------------------------------------------
top1:22.0% top5:45.3% top10:57.2% top20:69.6% mAP:27.6%
-----------------------------------------------------------
Using 0m 0s
Classifier results ---------------------------------------------------
Query acc: 18.1% Gallery acc: 99.2% Total acc: 50.6%
Jump TSNE in test
==========Test with latent_z: new_z =========
==========Test with NCE LOSS=========
Extracted features for query set, obtained torch.Size([2709, 192]) matrix
Extracted features for gallery set, obtained torch.Size([2000, 192]) matrix
Extracting features complete in 0m 4s
Distance computing in 0m 0s
Results ---------------------------------------------------
top1:19.4% top5:40.1% top10:50.8% top20:62.6% mAP:23.3%
-----------------------------------------------------------
Using 0m 1s
Classifier results ---------------------------------------------------
Query acc: 18.1% Gallery acc: 99.2% Total acc: 50.6%
Epoch:46 Time:9.3 Data:0.0 Loss:0.1978 Cls Loss:0.0701 Pair Loss:0.1276 Center Loss:202.1821 KL Loss:170.8164 Recon Loss:0.1867 Acc:0.9803 Acc NCE:0.9803
Epoch:47 Time:9.1 Data:0.0 Loss:0.1895 Cls Loss:0.0573 Pair Loss:0.1321 Center Loss:202.8308 KL Loss:170.7411 Recon Loss:0.1866 Acc:0.9846 Acc NCE:0.9846
Epoch:48 Time:9.8 Data:0.0 Loss:0.1889 Cls Loss:0.0594 Pair Loss:0.1295 Center Loss:203.2204 KL Loss:170.3512 Recon Loss:0.1866 Acc:0.9841 Acc NCE:0.9841
Epoch:49 Time:8.8 Data:0.0 Loss:0.1812 Cls Loss:0.0508 Pair Loss:0.1303 Center Loss:203.7714 KL Loss:170.0958 Recon Loss:0.1866 Acc:0.9904 Acc NCE:0.9904
Epoch:50 Time:9.1 Data:0.0 Loss:0.1708 Cls Loss:0.0443 Pair Loss:0.1265 Center Loss:204.0642 KL Loss:170.0734 Recon Loss:0.1866 Acc:0.9899 Acc NCE:0.9899
=> Test at epoch 50
==========Test with latent_z: z_c =========
==========Test with NCE LOSS=========
Extracted features for query set, obtained torch.Size([2709, 128]) matrix
Extracted features for gallery set, obtained torch.Size([2000, 128]) matrix
Extracting features complete in 0m 4s
Distance computing in 0m 0s
Results ---------------------------------------------------
top1:22.1% top5:45.7% top10:57.7% top20:69.7% mAP:27.7%
-----------------------------------------------------------
Using 0m 0s
Classifier results ---------------------------------------------------
Query acc: 18.1% Gallery acc: 99.4% Total acc: 50.6%
Jump TSNE in test
==========Test with latent_z: new_z =========
==========Test with NCE LOSS=========
Extracted features for query set, obtained torch.Size([2709, 192]) matrix
Extracted features for gallery set, obtained torch.Size([2000, 192]) matrix
Extracting features complete in 0m 4s
Distance computing in 0m 0s
Results ---------------------------------------------------
top1:19.4% top5:40.1% top10:50.8% top20:62.6% mAP:23.3%
-----------------------------------------------------------
Using 0m 0s
Classifier results ---------------------------------------------------
Query acc: 18.1% Gallery acc: 99.4% Total acc: 50.6%
Epoch:51 Time:7.0 Data:0.0 Loss:0.1894 Cls Loss:0.0626 Pair Loss:0.1268 Center Loss:204.5938 KL Loss:169.6227 Recon Loss:0.1866 Acc:0.9851 Acc NCE:0.9851
Epoch:52 Time:6.9 Data:0.0 Loss:0.1702 Cls Loss:0.0465 Pair Loss:0.1237 Center Loss:205.2895 KL Loss:169.3296 Recon Loss:0.1866 Acc:0.9887 Acc NCE:0.9887
Epoch:53 Time:6.5 Data:0.0 Loss:0.1628 Cls Loss:0.0367 Pair Loss:0.1261 Center Loss:204.6942 KL Loss:169.1530 Recon Loss:0.1867 Acc:0.9884 Acc NCE:0.9884
Epoch:54 Time:5.7 Data:0.0 Loss:0.1631 Cls Loss:0.0342 Pair Loss:0.1289 Center Loss:204.4076 KL Loss:168.8379 Recon Loss:0.1867 Acc:0.9940 Acc NCE:0.9940
Epoch:55 Time:6.5 Data:0.0 Loss:0.1571 Cls Loss:0.0352 Pair Loss:0.1218 Center Loss:204.6539 KL Loss:168.7522 Recon Loss:0.1867 Acc:0.9899 Acc NCE:0.9899
=> Test at epoch 55
==========Test with latent_z: z_c =========
==========Test with NCE LOSS=========
Extracted features for query set, obtained torch.Size([2709, 128]) matrix
Extracted features for gallery set, obtained torch.Size([2000, 128]) matrix
Extracting features complete in 0m 4s
Distance computing in 0m 0s
Results ---------------------------------------------------
top1:22.6% top5:46.3% top10:58.1% top20:70.0% mAP:28.1%
-----------------------------------------------------------
Using 0m 0s
Classifier results ---------------------------------------------------
Query acc: 18.2% Gallery acc: 99.7% Total acc: 50.8%
Jump TSNE in test
==========Test with latent_z: new_z =========
==========Test with NCE LOSS=========
Extracted features for query set, obtained torch.Size([2709, 192]) matrix
Extracted features for gallery set, obtained torch.Size([2000, 192]) matrix
Extracting features complete in 0m 4s
Distance computing in 0m 0s
Results ---------------------------------------------------
top1:19.4% top5:40.1% top10:50.8% top20:62.6% mAP:23.3%
-----------------------------------------------------------
Using 0m 0s
Classifier results ---------------------------------------------------
Query acc: 18.2% Gallery acc: 99.7% Total acc: 50.8%
Epoch:56 Time:6.4 Data:0.0 Loss:0.1591 Cls Loss:0.0362 Pair Loss:0.1229 Center Loss:204.1214 KL Loss:168.2251 Recon Loss:0.1866 Acc:0.9932 Acc NCE:0.9932
Epoch:57 Time:6.2 Data:0.0 Loss:0.1653 Cls Loss:0.0415 Pair Loss:0.1238 Center Loss:205.8171 KL Loss:168.2244 Recon Loss:0.1867 Acc:0.9892 Acc NCE:0.9892
Epoch:58 Time:6.1 Data:0.0 Loss:0.1645 Cls Loss:0.0390 Pair Loss:0.1256 Center Loss:206.1946 KL Loss:167.9704 Recon Loss:0.1866 Acc:0.9894 Acc NCE:0.9894
Epoch:59 Time:6.1 Data:0.0 Loss:0.1898 Cls Loss:0.0583 Pair Loss:0.1316 Center Loss:206.2495 KL Loss:167.6638 Recon Loss:0.1867 Acc:0.9874 Acc NCE:0.9874
Epoch:60 Time:6.5 Data:0.0 Loss:0.1768 Cls Loss:0.0529 Pair Loss:0.1239 Center Loss:207.7871 KL Loss:167.3709 Recon Loss:0.1867 Acc:0.9887 Acc NCE:0.9887
=> Test at epoch 60
==========Test with latent_z: z_c =========
==========Test with NCE LOSS=========
Extracted features for query set, obtained torch.Size([2709, 128]) matrix
Extracted features for gallery set, obtained torch.Size([2000, 128]) matrix
Extracting features complete in 0m 4s
Distance computing in 0m 0s
Results ---------------------------------------------------
top1:22.2% top5:46.2% top10:58.4% top20:70.0% mAP:28.1%
-----------------------------------------------------------
Using 0m 0s
Classifier results ---------------------------------------------------
Query acc: 18.3% Gallery acc: 99.4% Total acc: 50.8%
Jump TSNE in test
==========Test with latent_z: new_z =========
==========Test with NCE LOSS=========
Extracted features for query set, obtained torch.Size([2709, 192]) matrix
Extracted features for gallery set, obtained torch.Size([2000, 192]) matrix
Extracting features complete in 0m 3s
Distance computing in 0m 0s
Results ---------------------------------------------------
top1:19.4% top5:40.1% top10:50.8% top20:62.6% mAP:23.3%
-----------------------------------------------------------
Using 0m 0s
Classifier results ---------------------------------------------------
Query acc: 18.3% Gallery acc: 99.4% Total acc: 50.8%
Epoch:61 Time:6.0 Data:0.0 Loss:0.1484 Cls Loss:0.0200 Pair Loss:0.1284 Center Loss:206.5670 KL Loss:167.2781 Recon Loss:0.1867 Acc:0.9942 Acc NCE:0.9942
Epoch:62 Time:5.6 Data:0.0 Loss:0.1291 Cls Loss:0.0066 Pair Loss:0.1224 Center Loss:205.0192 KL Loss:166.7382 Recon Loss:0.1867 Acc:0.9990 Acc NCE:0.9990
Epoch:63 Time:6.7 Data:0.0 Loss:0.1285 Cls Loss:0.0048 Pair Loss:0.1238 Center Loss:204.5124 KL Loss:166.5940 Recon Loss:0.1867 Acc:0.9992 Acc NCE:0.9992
Epoch:64 Time:7.0 Data:0.0 Loss:0.1243 Cls Loss:0.0037 Pair Loss:0.1206 Center Loss:204.2498 KL Loss:166.4042 Recon Loss:0.1866 Acc:0.9995 Acc NCE:0.9995
Epoch:65 Time:6.6 Data:0.0 Loss:0.1251 Cls Loss:0.0029 Pair Loss:0.1222 Center Loss:203.9731 KL Loss:166.1505 Recon Loss:0.1866 Acc:0.9992 Acc NCE:0.9992
=> Test at epoch 65
==========Test with latent_z: z_c =========
==========Test with NCE LOSS=========
Extracted features for query set, obtained torch.Size([2709, 128]) matrix
Extracted features for gallery set, obtained torch.Size([2000, 128]) matrix
Extracting features complete in 0m 4s
Distance computing in 0m 0s
Results ---------------------------------------------------
top1:22.4% top5:47.0% top10:58.4% top20:70.2% mAP:28.2%
-----------------------------------------------------------
Using 0m 0s
Classifier results ---------------------------------------------------
Query acc: 19.6% Gallery acc: 100.0% Total acc: 51.8%
Jump TSNE in test
==========Test with latent_z: new_z =========
==========Test with NCE LOSS=========
Extracted features for query set, obtained torch.Size([2709, 192]) matrix
Extracted features for gallery set, obtained torch.Size([2000, 192]) matrix
Extracting features complete in 0m 4s
Distance computing in 0m 0s
Results ---------------------------------------------------
top1:19.4% top5:40.1% top10:50.8% top20:62.6% mAP:23.3%
-----------------------------------------------------------
Using 0m 0s
Classifier results ---------------------------------------------------
Query acc: 19.6% Gallery acc: 100.0% Total acc: 51.8%
Epoch:66 Time:6.0 Data:0.0 Loss:0.1190 Cls Loss:0.0022 Pair Loss:0.1167 Center Loss:203.7906 KL Loss:165.8623 Recon Loss:0.1866 Acc:0.9995 Acc NCE:0.9995
Epoch:67 Time:5.8 Data:0.0 Loss:0.1269 Cls Loss:0.0023 Pair Loss:0.1246 Center Loss:203.7572 KL Loss:165.7076 Recon Loss:0.1866 Acc:0.9995 Acc NCE:0.9995
Epoch:68 Time:6.6 Data:0.0 Loss:0.1181 Cls Loss:0.0023 Pair Loss:0.1158 Center Loss:203.4685 KL Loss:165.3843 Recon Loss:0.1866 Acc:0.9992 Acc NCE:0.9992
Epoch:69 Time:6.6 Data:0.0 Loss:0.1205 Cls Loss:0.0022 Pair Loss:0.1182 Center Loss:203.5641 KL Loss:165.1979 Recon Loss:0.1866 Acc:0.9992 Acc NCE:0.9992
Epoch:70 Time:6.7 Data:0.0 Loss:0.1210 Cls Loss:0.0023 Pair Loss:0.1187 Center Loss:203.3799 KL Loss:164.8637 Recon Loss:0.1867 Acc:0.9990 Acc NCE:0.9990
=> Test at epoch 70
==========Test with latent_z: z_c =========
==========Test with NCE LOSS=========
Extracted features for query set, obtained torch.Size([2709, 128]) matrix
Extracted features for gallery set, obtained torch.Size([2000, 128]) matrix
Extracting features complete in 0m 4s
Distance computing in 0m 0s
Results ---------------------------------------------------
top1:22.5% top5:47.0% top10:58.4% top20:70.4% mAP:28.2%
-----------------------------------------------------------
Using 0m 0s
Classifier results ---------------------------------------------------
Query acc: 19.8% Gallery acc: 100.0% Total acc: 51.9%
Jump TSNE in test
==========Test with latent_z: new_z =========
==========Test with NCE LOSS=========
Extracted features for query set, obtained torch.Size([2709, 192]) matrix
Extracted features for gallery set, obtained torch.Size([2000, 192]) matrix
Extracting features complete in 0m 4s
Distance computing in 0m 0s
Results ---------------------------------------------------
top1:19.4% top5:40.1% top10:50.8% top20:62.6% mAP:23.3%
-----------------------------------------------------------
Using 0m 0s
Classifier results ---------------------------------------------------
Query acc: 19.8% Gallery acc: 100.0% Total acc: 51.9%
Epoch:71 Time:6.2 Data:0.0 Loss:0.1201 Cls Loss:0.0017 Pair Loss:0.1184 Center Loss:203.1749 KL Loss:164.6295 Recon Loss:0.1866 Acc:0.9992 Acc NCE:0.9992
Epoch:72 Time:5.7 Data:0.0 Loss:0.1235 Cls Loss:0.0022 Pair Loss:0.1212 Center Loss:203.2059 KL Loss:164.5030 Recon Loss:0.1866 Acc:0.9992 Acc NCE:0.9992
Epoch:73 Time:6.7 Data:0.0 Loss:0.1196 Cls Loss:0.0022 Pair Loss:0.1174 Center Loss:203.1303 KL Loss:164.0339 Recon Loss:0.1867 Acc:0.9990 Acc NCE:0.9990
Epoch:74 Time:6.4 Data:0.0 Loss:0.1176 Cls Loss:0.0025 Pair Loss:0.1151 Center Loss:202.9064 KL Loss:163.9319 Recon Loss:0.1867 Acc:0.9990 Acc NCE:0.9990
Epoch:75 Time:6.7 Data:0.0 Loss:0.1226 Cls Loss:0.0023 Pair Loss:0.1203 Center Loss:202.6850 KL Loss:163.6356 Recon Loss:0.1866 Acc:0.9990 Acc NCE:0.9990
=> Test at epoch 75
==========Test with latent_z: z_c =========
==========Test with NCE LOSS=========
Extracted features for query set, obtained torch.Size([2709, 128]) matrix
Extracted features for gallery set, obtained torch.Size([2000, 128]) matrix
Extracting features complete in 0m 4s
Distance computing in 0m 0s
Results ---------------------------------------------------
top1:22.5% top5:46.8% top10:58.5% top20:70.2% mAP:28.3%
-----------------------------------------------------------
Using 0m 0s
Classifier results ---------------------------------------------------
Query acc: 19.6% Gallery acc: 100.0% Total acc: 51.7%
Jump TSNE in test
==========Test with latent_z: new_z =========
==========Test with NCE LOSS=========
Extracted features for query set, obtained torch.Size([2709, 192]) matrix
Extracted features for gallery set, obtained torch.Size([2000, 192]) matrix
Extracting features complete in 0m 3s
Distance computing in 0m 0s
Results ---------------------------------------------------
top1:19.4% top5:40.1% top10:50.8% top20:62.6% mAP:23.3%
-----------------------------------------------------------
Using 0m 0s
Classifier results ---------------------------------------------------
Query acc: 19.6% Gallery acc: 100.0% Total acc: 51.7%
Epoch:76 Time:6.1 Data:0.0 Loss:0.1152 Cls Loss:0.0017 Pair Loss:0.1135 Center Loss:202.5250 KL Loss:163.4157 Recon Loss:0.1866 Acc:0.9995 Acc NCE:0.9995
Epoch:77 Time:6.0 Data:0.0 Loss:0.1183 Cls Loss:0.0019 Pair Loss:0.1164 Center Loss:202.8455 KL Loss:163.1759 Recon Loss:0.1867 Acc:0.9995 Acc NCE:0.9995
Epoch:78 Time:6.4 Data:0.0 Loss:0.1184 Cls Loss:0.0016 Pair Loss:0.1168 Center Loss:202.5451 KL Loss:162.9631 Recon Loss:0.1867 Acc:0.9995 Acc NCE:0.9995
Epoch:79 Time:6.5 Data:0.0 Loss:0.1254 Cls Loss:0.0019 Pair Loss:0.1234 Center Loss:202.4540 KL Loss:162.6718 Recon Loss:0.1867 Acc:0.9995 Acc NCE:0.9995
Epoch:80 Time:6.6 Data:0.0 Loss:0.1169 Cls Loss:0.0018 Pair Loss:0.1151 Center Loss:202.5310 KL Loss:162.4131 Recon Loss:0.1867 Acc:0.9995 Acc NCE:0.9995
=> Test at epoch 80
==========Test with latent_z: z_c =========
==========Test with NCE LOSS=========
Extracted features for query set, obtained torch.Size([2709, 128]) matrix
Extracted features for gallery set, obtained torch.Size([2000, 128]) matrix
Extracting features complete in 0m 4s
Distance computing in 0m 0s
Results ---------------------------------------------------
top1:22.6% top5:47.1% top10:58.7% top20:70.5% mAP:28.4%
-----------------------------------------------------------
Using 0m 0s
Classifier results ---------------------------------------------------
Query acc: 19.9% Gallery acc: 100.0% Total acc: 52.0%
Jump TSNE in test
==========Test with latent_z: new_z =========
==========Test with NCE LOSS=========
Extracted features for query set, obtained torch.Size([2709, 192]) matrix
Extracted features for gallery set, obtained torch.Size([2000, 192]) matrix
Extracting features complete in 0m 4s
Distance computing in 0m 0s
Results ---------------------------------------------------
top1:19.4% top5:40.1% top10:50.8% top20:62.6% mAP:23.3%
-----------------------------------------------------------
Using 0m 0s
Classifier results ---------------------------------------------------
Query acc: 19.9% Gallery acc: 100.0% Total acc: 52.0%
Epoch:81 Time:6.1 Data:0.0 Loss:0.1130 Cls Loss:0.0017 Pair Loss:0.1113 Center Loss:202.4702 KL Loss:162.3178 Recon Loss:0.1866 Acc:0.9995 Acc NCE:0.9995
Epoch:82 Time:5.8 Data:0.0 Loss:0.1191 Cls Loss:0.0020 Pair Loss:0.1171 Center Loss:202.2518 KL Loss:162.1677 Recon Loss:0.1866 Acc:0.9995 Acc NCE:0.9995
Epoch:83 Time:7.1 Data:0.0 Loss:0.1175 Cls Loss:0.0018 Pair Loss:0.1158 Center Loss:202.1402 KL Loss:162.1305 Recon Loss:0.1867 Acc:0.9995 Acc NCE:0.9995
Epoch:84 Time:6.3 Data:0.0 Loss:0.1252 Cls Loss:0.0025 Pair Loss:0.1227 Center Loss:201.9463 KL Loss:162.0940 Recon Loss:0.1867 Acc:0.9990 Acc NCE:0.9990
Epoch:85 Time:6.6 Data:0.0 Loss:0.1158 Cls Loss:0.0022 Pair Loss:0.1136 Center Loss:201.9566 KL Loss:162.2404 Recon Loss:0.1867 Acc:0.9990 Acc NCE:0.9990
=> Test at epoch 85
==========Test with latent_z: z_c =========
==========Test with NCE LOSS=========
Extracted features for query set, obtained torch.Size([2709, 128]) matrix
Extracted features for gallery set, obtained torch.Size([2000, 128]) matrix
Extracting features complete in 0m 4s
Distance computing in 0m 0s
Results ---------------------------------------------------
top1:22.8% top5:46.9% top10:58.8% top20:70.7% mAP:28.5%
-----------------------------------------------------------
Using 0m 0s
Classifier results ---------------------------------------------------
Query acc: 20.0% Gallery acc: 100.0% Total acc: 52.0%
Jump TSNE in test
==========Test with latent_z: new_z =========
==========Test with NCE LOSS=========
Extracted features for query set, obtained torch.Size([2709, 192]) matrix
Extracted features for gallery set, obtained torch.Size([2000, 192]) matrix
Extracting features complete in 0m 4s
Distance computing in 0m 0s
Results ---------------------------------------------------
top1:19.4% top5:40.1% top10:50.8% top20:62.6% mAP:23.3%
-----------------------------------------------------------
Using 0m 0s
Classifier results ---------------------------------------------------
Query acc: 20.0% Gallery acc: 100.0% Total acc: 52.0%
Epoch:86 Time:5.9 Data:0.0 Loss:0.1232 Cls Loss:0.0022 Pair Loss:0.1210 Center Loss:201.5801 KL Loss:162.1634 Recon Loss:0.1866 Acc:0.9992 Acc NCE:0.9992
Epoch:87 Time:6.0 Data:0.0 Loss:0.1205 Cls Loss:0.0021 Pair Loss:0.1183 Center Loss:201.6998 KL Loss:162.1371 Recon Loss:0.1867 Acc:0.9990 Acc NCE:0.9990
Epoch:88 Time:6.3 Data:0.0 Loss:0.1202 Cls Loss:0.0026 Pair Loss:0.1176 Center Loss:201.5516 KL Loss:162.0459 Recon Loss:0.1866 Acc:0.9990 Acc NCE:0.9990
Epoch:89 Time:6.9 Data:0.0 Loss:0.1176 Cls Loss:0.0021 Pair Loss:0.1155 Center Loss:201.5523 KL Loss:162.2378 Recon Loss:0.1867 Acc:0.9992 Acc NCE:0.9992
Epoch:90 Time:7.0 Data:0.0 Loss:0.1185 Cls Loss:0.0021 Pair Loss:0.1164 Center Loss:201.3750 KL Loss:162.2520 Recon Loss:0.1867 Acc:0.9995 Acc NCE:0.9995
=> Test at epoch 90
==========Test with latent_z: z_c =========
==========Test with NCE LOSS=========
Extracted features for query set, obtained torch.Size([2709, 128]) matrix
Extracted features for gallery set, obtained torch.Size([2000, 128]) matrix
Extracting features complete in 0m 3s
Distance computing in 0m 0s
Results ---------------------------------------------------
top1:22.9% top5:47.2% top10:59.0% top20:70.7% mAP:28.5%
-----------------------------------------------------------
Using 0m 0s
Classifier results ---------------------------------------------------
Query acc: 20.2% Gallery acc: 100.0% Total acc: 52.1%
Jump TSNE in test
==========Test with latent_z: new_z =========
==========Test with NCE LOSS=========
Extracted features for query set, obtained torch.Size([2709, 192]) matrix
Extracted features for gallery set, obtained torch.Size([2000, 192]) matrix
Extracting features complete in 0m 4s
Distance computing in 0m 0s
Results ---------------------------------------------------
top1:19.4% top5:40.1% top10:50.8% top20:62.6% mAP:23.3%
-----------------------------------------------------------
Using 0m 0s
Classifier results ---------------------------------------------------
Query acc: 20.2% Gallery acc: 100.0% Total acc: 52.1%
Epoch:91 Time:6.1 Data:0.0 Loss:0.1201 Cls Loss:0.0013 Pair Loss:0.1188 Center Loss:201.1467 KL Loss:162.1074 Recon Loss:0.1866 Acc:0.9997 Acc NCE:0.9997
Epoch:92 Time:6.2 Data:0.0 Loss:0.1201 Cls Loss:0.0033 Pair Loss:0.1169 Center Loss:201.0600 KL Loss:162.2123 Recon Loss:0.1867 Acc:0.9990 Acc NCE:0.9990
Epoch:93 Time:7.5 Data:0.0 Loss:0.1139 Cls Loss:0.0021 Pair Loss:0.1118 Center Loss:201.1103 KL Loss:162.2157 Recon Loss:0.1867 Acc:0.9992 Acc NCE:0.9992
Epoch:94 Time:7.9 Data:0.0 Loss:0.1147 Cls Loss:0.0022 Pair Loss:0.1125 Center Loss:200.9364 KL Loss:162.1076 Recon Loss:0.1866 Acc:0.9995 Acc NCE:0.9995
Epoch:95 Time:7.5 Data:0.0 Loss:0.1171 Cls Loss:0.0029 Pair Loss:0.1141 Center Loss:200.7889 KL Loss:161.9430 Recon Loss:0.1866 Acc:0.9990 Acc NCE:0.9990
=> Test at epoch 95
==========Test with latent_z: z_c =========
==========Test with NCE LOSS=========
Extracted features for query set, obtained torch.Size([2709, 128]) matrix
Extracted features for gallery set, obtained torch.Size([2000, 128]) matrix
Extracting features complete in 0m 5s
Distance computing in 0m 0s
Results ---------------------------------------------------
top1:22.9% top5:47.1% top10:59.1% top20:70.5% mAP:28.5%
-----------------------------------------------------------
Using 0m 0s
Classifier results ---------------------------------------------------
Query acc: 20.2% Gallery acc: 100.0% Total acc: 52.1%
Jump TSNE in test
==========Test with latent_z: new_z =========
==========Test with NCE LOSS=========
Extracted features for query set, obtained torch.Size([2709, 192]) matrix
Extracted features for gallery set, obtained torch.Size([2000, 192]) matrix
Extracting features complete in 0m 4s
Distance computing in 0m 1s
Results ---------------------------------------------------
top1:19.4% top5:40.1% top10:50.8% top20:62.6% mAP:23.3%
-----------------------------------------------------------
Using 0m 0s
Classifier results ---------------------------------------------------
Query acc: 20.2% Gallery acc: 100.0% Total acc: 52.1%
Epoch:96 Time:11.4 Data:0.0 Loss:0.1143 Cls Loss:0.0020 Pair Loss:0.1124 Center Loss:200.5458 KL Loss:162.0841 Recon Loss:0.1866 Acc:0.9995 Acc NCE:0.9995
Epoch:97 Time:10.2 Data:0.0 Loss:0.1175 Cls Loss:0.0025 Pair Loss:0.1150 Center Loss:200.4400 KL Loss:162.0552 Recon Loss:0.1866 Acc:0.9992 Acc NCE:0.9992
Epoch:98 Time:12.4 Data:0.0 Loss:0.1164 Cls Loss:0.0020 Pair Loss:0.1143 Center Loss:200.2500 KL Loss:162.1711 Recon Loss:0.1865 Acc:0.9995 Acc NCE:0.9995
Epoch:99 Time:12.7 Data:0.0 Loss:0.1161 Cls Loss:0.0033 Pair Loss:0.1128 Center Loss:200.1234 KL Loss:162.2432 Recon Loss:0.1866 Acc:0.9992 Acc NCE:0.9992
Epoch:100 Time:10.8 Data:0.0 Loss:0.1167 Cls Loss:0.0020 Pair Loss:0.1147 Center Loss:200.0762 KL Loss:162.1600 Recon Loss:0.1867 Acc:0.9995 Acc NCE:0.9995
=> Test at epoch 100
==========Test with latent_z: z_c =========
==========Test with NCE LOSS=========
Extracted features for query set, obtained torch.Size([2709, 128]) matrix
Extracted features for gallery set, obtained torch.Size([2000, 128]) matrix
Extracting features complete in 0m 5s
Distance computing in 0m 0s
Results ---------------------------------------------------
top1:22.7% top5:47.0% top10:59.1% top20:70.8% mAP:28.5%
-----------------------------------------------------------
Using 0m 0s
Classifier results ---------------------------------------------------
Query acc: 20.2% Gallery acc: 100.0% Total acc: 52.1%
Jump TSNE in test
==========Test with latent_z: new_z =========
==========Test with NCE LOSS=========
Extracted features for query set, obtained torch.Size([2709, 192]) matrix
Extracted features for gallery set, obtained torch.Size([2000, 192]) matrix
Extracting features complete in 0m 5s
Distance computing in 0m 1s
Results ---------------------------------------------------
top1:19.4% top5:40.1% top10:50.8% top20:62.6% mAP:23.3%
-----------------------------------------------------------
Using 0m 1s
Classifier results ---------------------------------------------------
Query acc: 20.2% Gallery acc: 100.0% Total acc: 52.1%
Epoch:101 Time:9.0 Data:0.0 Loss:0.1159 Cls Loss:0.0028 Pair Loss:0.1131 Center Loss:199.9006 KL Loss:162.0917 Recon Loss:0.1867 Acc:0.9992 Acc NCE:0.9992
Epoch:102 Time:8.0 Data:0.0 Loss:0.1205 Cls Loss:0.0034 Pair Loss:0.1171 Center Loss:199.9268 KL Loss:162.2388 Recon Loss:0.1867 Acc:0.9990 Acc NCE:0.9990
Epoch:103 Time:12.1 Data:0.0 Loss:0.1198 Cls Loss:0.0020 Pair Loss:0.1178 Center Loss:199.5971 KL Loss:162.0215 Recon Loss:0.1867 Acc:0.9995 Acc NCE:0.9995
Epoch:104 Time:12.7 Data:0.0 Loss:0.1142 Cls Loss:0.0019 Pair Loss:0.1123 Center Loss:199.7058 KL Loss:162.1943 Recon Loss:0.1867 Acc:0.9995 Acc NCE:0.9995
Epoch:105 Time:11.5 Data:0.0 Loss:0.1127 Cls Loss:0.0022 Pair Loss:0.1106 Center Loss:199.4202 KL Loss:162.2554 Recon Loss:0.1866 Acc:0.9992 Acc NCE:0.9992
=> Test at epoch 105
==========Test with latent_z: z_c =========
==========Test with NCE LOSS=========
Extracted features for query set, obtained torch.Size([2709, 128]) matrix
Extracted features for gallery set, obtained torch.Size([2000, 128]) matrix
Extracting features complete in 0m 5s
Distance computing in 0m 0s
Results ---------------------------------------------------
top1:22.6% top5:47.3% top10:59.2% top20:70.8% mAP:28.5%
-----------------------------------------------------------
Using 0m 0s
Classifier results ---------------------------------------------------
Query acc: 20.1% Gallery acc: 100.0% Total acc: 52.1%
Jump TSNE in test
==========Test with latent_z: new_z =========
==========Test with NCE LOSS=========
Extracted features for query set, obtained torch.Size([2709, 192]) matrix
Extracted features for gallery set, obtained torch.Size([2000, 192]) matrix
Extracting features complete in 0m 4s
Distance computing in 0m 0s
Results ---------------------------------------------------
top1:19.4% top5:40.1% top10:50.8% top20:62.6% mAP:23.3%
-----------------------------------------------------------
Using 0m 0s
Classifier results ---------------------------------------------------
Query acc: 20.1% Gallery acc: 100.0% Total acc: 52.1%
Epoch:106 Time:10.9 Data:0.0 Loss:0.1224 Cls Loss:0.0027 Pair Loss:0.1197 Center Loss:199.3253 KL Loss:162.1518 Recon Loss:0.1866 Acc:0.9992 Acc NCE:0.9992
Epoch:107 Time:8.6 Data:0.0 Loss:0.1185 Cls Loss:0.0026 Pair Loss:0.1159 Center Loss:199.1073 KL Loss:162.0255 Recon Loss:0.1866 Acc:0.9992 Acc NCE:0.9992
Epoch:108 Time:10.7 Data:0.0 Loss:0.1171 Cls Loss:0.0022 Pair Loss:0.1149 Center Loss:199.0438 KL Loss:162.2338 Recon Loss:0.1866 Acc:0.9995 Acc NCE:0.9995
Epoch:109 Time:11.8 Data:0.0 Loss:0.1149 Cls Loss:0.0032 Pair Loss:0.1117 Center Loss:198.7288 KL Loss:162.0883 Recon Loss:0.1866 Acc:0.9990 Acc NCE:0.9990
Epoch:110 Time:11.8 Data:0.0 Loss:0.1129 Cls Loss:0.0016 Pair Loss:0.1113 Center Loss:198.6858 KL Loss:162.1528 Recon Loss:0.1866 Acc:0.9992 Acc NCE:0.9992
=> Test at epoch 110
==========Test with latent_z: z_c =========
==========Test with NCE LOSS=========
Extracted features for query set, obtained torch.Size([2709, 128]) matrix
Extracted features for gallery set, obtained torch.Size([2000, 128]) matrix
Extracting features complete in 0m 5s
Distance computing in 0m 0s
Results ---------------------------------------------------
top1:22.8% top5:47.2% top10:59.3% top20:71.0% mAP:28.5%
-----------------------------------------------------------
Using 0m 0s
Classifier results ---------------------------------------------------
Query acc: 20.1% Gallery acc: 100.0% Total acc: 52.0%
Jump TSNE in test
==========Test with latent_z: new_z =========
==========Test with NCE LOSS=========
Extracted features for query set, obtained torch.Size([2709, 192]) matrix
Extracted features for gallery set, obtained torch.Size([2000, 192]) matrix
Extracting features complete in 0m 5s
Distance computing in 0m 1s
Results ---------------------------------------------------
top1:19.4% top5:40.1% top10:50.8% top20:62.6% mAP:23.3%
-----------------------------------------------------------
Using 0m 0s
Classifier results ---------------------------------------------------
Query acc: 20.1% Gallery acc: 100.0% Total acc: 52.0%
Epoch:111 Time:10.2 Data:0.0 Loss:0.1139 Cls Loss:0.0029 Pair Loss:0.1110 Center Loss:198.5232 KL Loss:162.1718 Recon Loss:0.1867 Acc:0.9992 Acc NCE:0.9992
Epoch:112 Time:8.3 Data:0.0 Loss:0.1183 Cls Loss:0.0036 Pair Loss:0.1147 Center Loss:198.3289 KL Loss:162.0641 Recon Loss:0.1867 Acc:0.9990 Acc NCE:0.9990
Epoch:113 Time:12.3 Data:0.0 Loss:0.1124 Cls Loss:0.0027 Pair Loss:0.1097 Center Loss:198.2662 KL Loss:162.1968 Recon Loss:0.1867 Acc:0.9992 Acc NCE:0.9992
Epoch:114 Time:10.8 Data:0.0 Loss:0.1193 Cls Loss:0.0030 Pair Loss:0.1163 Center Loss:197.9376 KL Loss:162.2073 Recon Loss:0.1866 Acc:0.9992 Acc NCE:0.9992
Epoch:115 Time:11.7 Data:0.0 Loss:0.1141 Cls Loss:0.0021 Pair Loss:0.1120 Center Loss:197.6551 KL Loss:162.1852 Recon Loss:0.1866 Acc:0.9995 Acc NCE:0.9995
=> Test at epoch 115
==========Test with latent_z: z_c =========
==========Test with NCE LOSS=========
Extracted features for query set, obtained torch.Size([2709, 128]) matrix
Extracted features for gallery set, obtained torch.Size([2000, 128]) matrix
Extracting features complete in 0m 5s
Distance computing in 0m 0s
Results ---------------------------------------------------
top1:22.8% top5:47.2% top10:59.2% top20:71.0% mAP:28.5%
-----------------------------------------------------------
Using 0m 0s
Classifier results ---------------------------------------------------
Query acc: 19.8% Gallery acc: 100.0% Total acc: 51.9%
Jump TSNE in test
==========Test with latent_z: new_z =========
==========Test with NCE LOSS=========
Extracted features for query set, obtained torch.Size([2709, 192]) matrix
Extracted features for gallery set, obtained torch.Size([2000, 192]) matrix
Extracting features complete in 0m 5s
Distance computing in 0m 0s
Results ---------------------------------------------------
top1:19.4% top5:40.1% top10:50.8% top20:62.6% mAP:23.3%
-----------------------------------------------------------
Using 0m 0s
Classifier results ---------------------------------------------------
Query acc: 19.8% Gallery acc: 100.0% Total acc: 51.9%
Epoch:116 Time:12.4 Data:0.0 Loss:0.1152 Cls Loss:0.0021 Pair Loss:0.1130 Center Loss:197.6136 KL Loss:162.1106 Recon Loss:0.1867 Acc:0.9995 Acc NCE:0.9995
Epoch:117 Time:9.4 Data:0.0 Loss:0.1174 Cls Loss:0.0029 Pair Loss:0.1145 Center Loss:197.3480 KL Loss:162.1220 Recon Loss:0.1867 Acc:0.9992 Acc NCE:0.9992
Epoch:118 Time:7.7 Data:0.0 Loss:0.1185 Cls Loss:0.0035 Pair Loss:0.1151 Center Loss:197.3335 KL Loss:162.1233 Recon Loss:0.1867 Acc:0.9990 Acc NCE:0.9990
Epoch:119 Time:8.1 Data:0.0 Loss:0.1127 Cls Loss:0.0028 Pair Loss:0.1099 Center Loss:197.3946 KL Loss:162.0881 Recon Loss:0.1867 Acc:0.9995 Acc NCE:0.9995
Epoch:120 Time:7.5 Data:0.0 Loss:0.1174 Cls Loss:0.0022 Pair Loss:0.1152 Center Loss:197.1868 KL Loss:162.1188 Recon Loss:0.1866 Acc:0.9995 Acc NCE:0.9995
=> Test at epoch 120
==========Test with latent_z: z_c =========
==========Test with NCE LOSS=========
Extracted features for query set, obtained torch.Size([2709, 128]) matrix
Extracted features for gallery set, obtained torch.Size([2000, 128]) matrix
Extracting features complete in 0m 4s
Distance computing in 0m 0s
Results ---------------------------------------------------
top1:23.0% top5:46.9% top10:59.3% top20:71.1% mAP:28.6%
-----------------------------------------------------------
Using 0m 0s
Classifier results ---------------------------------------------------
Query acc: 20.0% Gallery acc: 100.0% Total acc: 52.0%
Jump TSNE in test
==========Test with latent_z: new_z =========
==========Test with NCE LOSS=========
Extracted features for query set, obtained torch.Size([2709, 192]) matrix
Extracted features for gallery set, obtained torch.Size([2000, 192]) matrix
Extracting features complete in 0m 4s
Distance computing in 0m 0s
Results ---------------------------------------------------
top1:19.4% top5:40.1% top10:50.8% top20:62.6% mAP:23.3%
-----------------------------------------------------------
Using 0m 0s
Classifier results ---------------------------------------------------
Query acc: 20.0% Gallery acc: 100.0% Total acc: 52.0%
Keep checkpoint file: checkpoint_ep120.pth.tar
=> Best Rank-1 23.0%, mAP 28.6% achieved at epoch 120
Finished. Total elapsed time (h:m:s): 0:23:10. Training time (h:m:s): 0:18:57.
Shutting down background jobs, please wait a moment...
Done!
Waiting for the remaining 35 operations to synchronize with Neptune. Do not kill this process.
All 35 operations synced, thanks for waiting!
Explore the metadata in the Neptune app:
https://app.neptune.ai/Zhengwei-Lab/MayCVAE/e/MAY-356/metadata
