https://app.neptune.ai/Zhengwei-Lab/MayCVAE/e/MAY-376
=> merge config from ./configs/clipreid_cvae_kl.yaml
/home/zhengwei/Desktop/Zhengwei/Projects/CVAE/main.py:91: NeptuneUnsupportedType: You're attempting to log a type that is not directly supported by Neptune (<class 'list'>).
        Convert the value to a supported type, such as a string or float, or use stringify_unsupported(obj)
        for dictionaries or collections that contain unsupported values.
        For more, see https://docs.neptune.ai/help/value_of_unsupported_type
  run["parameters"] = param
=> Configurations:
-------------------------
AMP: True
AUG:
  RC_PROB: 0.5
  RE_PROB: 0.5
DATA:
  CUHK03_CLASSIC_SPLIT: False
  CUHK03_LABELED: False
  DATASET: market1k
  FORMAT_TAG: tensor
  HEIGHT: 256
  NUM_INSTANCES: 4
  NUM_WORKERS: 4
  ROOT: /home/zhengwei/Desktop/Zhengwei/Projects/datasets
  SPLIT_ID: 0
  TEST_BATCH: 512
  TRAIN_BATCH: 64
  TRAIN_FORMAT: novel
  WIDTH: 128
EVAL_MODE: False
GPU: 0
LOSS:
  CLA_LOSS: crossentropy
  CLA_M: 0.0
  CLA_S: 16.0
  PAIR_LOSS: triplet
  PAIR_M: 0.3
  PAIR_S: 16.0
  RECON_LOSS: mse
  USE_NCE: True
MODEL:
  CONDITIONAL: False
  FEATURE_DIM: 1280
  FEAT_FUSION: True
  FLOW_TYPE: 
  GAUSSIAN: MultivariateNormal
  HIDDEN_DIM: 256
  LATENT_SIZE: 64
  NAME: CVAE
  ONLY_CVAE_KL: False
  ONLY_X_INPUT: False
  PRETRAIN: CLIPreidFinetune
  RES4_STRIDE: 1
  RESUME: /home/zhengwei/Desktop/Zhengwei/Projects/CVAE/outputs/market1k/clipreid_simplevae_tune/novel/2024-07-04/Tuned_SimpleVAE_128+64z_1e3+3_60+120_KLtotalZ_noCLS
  TRAIN_STAGE: reidstage
  USE_CENTROID: False
  USE_TWO_ENCODER: False
  VAE_TYPE: SinpleVAE
  ZC_DIM: 128
  ZS_DIM: 64
OUTPUT: ./outputs/market1k/clipreid_simplevae_tune/novel/2024-07-05/2ndstage_SimpleVAE_128+64z_1e3+3_60+120_KLtotalZ_s2+REIDCLS_ceText+ce+trip
SAVED_NAME: 2ndstage_SimpleVAE_128+64z_1e3+3_60+120_KLtotalZ_s2+REIDCLS_ceText+ce+trip
SEED: 0
TAG: clipreid_simplevae_tune
TEST:
  DISTANCE: cosine
  EVAL_STEP: 5
  START_EVAL: -1
TRAIN:
  AMP: False
  LR_SCHEDULER:
    DECAY_RATE: 0.1
    NAME: MultiStepLR
    STEPSIZE: [60]
  MAX_EPOCH: 120
  OPTIMIZER:
    LR: 0.001
    NAME: adam
    SGDLR: 0.01
    SGD_MOMENTUM: 0.9
    SGD_WEIGHT_DECAY: 0.0005
    WEIGHT_DECAY: 0.0001
  START_EPOCH: 0
----------------------
Initializing dataset market1k
Warning: string series 'monitoring/a3d670cb/stdout' value was longer than 1000 characters and was truncated. This warning is printed only once per series.
=> Market-Sketch-1K tensor loaded
Dataset statistics:
  ------------------------------
  subset   | # ids | # images
  ------------------------------
  train    |   996 |     3992
  query    |   996 |     2709
  gallery  |   996 |     2000
  ------------------------------
  total    |  1992 |     8701
  ------------------------------
Initializing SinpleVAE model
Model size: 11.55462M
[INFO] Register count_relu() for <class 'torch.nn.modules.activation.LeakyReLU'>.
[INFO] Register count_linear() for <class 'torch.nn.modules.linear.Linear'>.
[INFO] Register count_normalization() for <class 'torch.nn.modules.batchnorm.BatchNorm1d'>.
[INFO] Register zero_ops() for <class 'torch.nn.modules.activation.ReLU'>.
[INFO] Register zero_ops() for <class 'torch.nn.modules.dropout.Dropout'>.
[INFO] Register zero_ops() for <class 'torch.nn.modules.container.Sequential'>.
FLOPs: 0.73361G
Params: 11.47219M
Classifier size: 0.12749M
i2t_projector.weight is tuneable
i2t_projector.bias is tuneable
reid_projector.weight is tuneable
=> Start Training Classifier Only
Loading checkpoint from '/home/zhengwei/Desktop/Zhengwei/Projects/CVAE/outputs/market1k/clipreid_simplevae_tune/novel/2024-07-04/Tuned_SimpleVAE_128+64z_1e3+3_60+120_KLtotalZ_noCLS.best_model.pth.tar'
Ignores parameter:  i2t_projector.weight
Ignores parameter:  i2t_projector.bias
orginal best rank1 = 0.1834625322997416
=> Start evaluation on Novel data without finetuning
=> Test pretarined feature form VLP model
Normalizing features
Normalizing features
Extracted features for query set, obtained torch.Size([2709, 1280]) matrix
Extracted features for gallery set, obtained torch.Size([2000, 1280]) matrix
Extracting features complete in 0m 4s
Distance computing in 0m 0s
Computing CMC and mAP
Results ---------------------------------------------------
top1:35.2% top5:60.5% top10:71.2% top20:80.7% mAP:39.8%
-----------------------------------------------------------
Using 0m 0s
==========Test with latent_z: new_z =========
==========Test with NCE LOSS=========
Extracted features for query set, obtained torch.Size([2709, 192]) matrix
Extracted features for gallery set, obtained torch.Size([2000, 192]) matrix
Extracting features complete in 0m 3s
Distance computing in 0m 0s
Results ---------------------------------------------------
top1:19.4% top5:40.1% top10:50.8% top20:62.6% mAP:23.3%
-----------------------------------------------------------
Using 0m 0s
Classifier results ---------------------------------------------------
Query acc: 0.1% Gallery acc: 0.1% Total acc: 0.1%
==========Test with latent_z: z_c =========
==========Test with NCE LOSS=========
Extracted features for query set, obtained torch.Size([2709, 128]) matrix
Extracted features for gallery set, obtained torch.Size([2000, 128]) matrix
Extracting features complete in 0m 4s
Distance computing in 0m 0s
Results ---------------------------------------------------
top1:16.5% top5:35.9% top10:46.2% top20:58.4% mAP:20.4%
-----------------------------------------------------------
Using 0m 0s
Classifier results ---------------------------------------------------
Query acc: 0.1% Gallery acc: 0.1% Total acc: 0.1%
Jump TSNE in test
=> Start training
/home/zhengwei/Desktop/Zhengwei/Projects/CVAE/losses/center_loss.py:40: UserWarning: This overload of addmm_ is deprecated:
	addmm_(Number beta, Number alpha, Tensor mat1, Tensor mat2)
Consider using one of the following signatures instead:
	addmm_(Tensor mat1, Tensor mat2, *, Number beta, Number alpha) (Triggered internally at /opt/conda/conda-bld/pytorch_1670525539683/work/torch/csrc/utils/python_arg_parser.cpp:1420.)
  distmat.addmm_(1, -2, x, self.centers.t())
Epoch:1 Time:5.2 Data:0.0 Loss:12.5532 Cls Loss:12.3197 Pair Loss:0.2335 Center Loss:170.9036 KL Loss:182.1023 Recon Loss:0.1866 Acc:0.0592 Acc NCE:0.0592
Epoch:2 Time:5.9 Data:0.0 Loss:9.2606 Cls Loss:9.0638 Pair Loss:0.1968 Center Loss:164.1530 KL Loss:181.8203 Recon Loss:0.1866 Acc:0.3879 Acc NCE:0.3879
Epoch:3 Time:5.7 Data:0.0 Loss:7.9845 Cls Loss:7.7941 Pair Loss:0.1904 Center Loss:169.1156 KL Loss:181.3760 Recon Loss:0.1867 Acc:0.6036 Acc NCE:0.6036
Epoch:4 Time:5.1 Data:0.0 Loss:7.1198 Cls Loss:6.9321 Pair Loss:0.1877 Center Loss:178.1201 KL Loss:181.3420 Recon Loss:0.1866 Acc:0.7155 Acc NCE:0.7155
Epoch:5 Time:8.0 Data:0.0 Loss:6.3822 Cls Loss:6.1943 Pair Loss:0.1878 Center Loss:191.8313 KL Loss:180.9713 Recon Loss:0.1866 Acc:0.7886 Acc NCE:0.7886
=> Test at epoch 5
==========Test with latent_z: z_c =========
==========Test with NCE LOSS=========
Extracted features for query set, obtained torch.Size([2709, 128]) matrix
Extracted features for gallery set, obtained torch.Size([2000, 128]) matrix
Extracting features complete in 0m 4s
Distance computing in 0m 0s
Results ---------------------------------------------------
top1:18.4% top5:40.4% top10:50.9% top20:63.2% mAP:23.5%
-----------------------------------------------------------
Using 0m 0s
Classifier results ---------------------------------------------------
Query acc: 16.6% Gallery acc: 90.9% Total acc: 46.3%
Jump TSNE in test
==========Test with latent_z: new_z =========
==========Test with NCE LOSS=========
Extracted features for query set, obtained torch.Size([2709, 192]) matrix
Extracted features for gallery set, obtained torch.Size([2000, 192]) matrix
Extracting features complete in 0m 3s
Distance computing in 0m 0s
Results ---------------------------------------------------
top1:19.4% top5:40.1% top10:50.8% top20:62.6% mAP:23.3%
-----------------------------------------------------------
Using 0m 0s
Classifier results ---------------------------------------------------
Query acc: 16.6% Gallery acc: 90.9% Total acc: 46.3%
Epoch:6 Time:7.6 Data:0.0 Loss:5.7063 Cls Loss:5.5117 Pair Loss:0.1946 Center Loss:209.1627 KL Loss:180.8168 Recon Loss:0.1866 Acc:0.8185 Acc NCE:0.8185
Epoch:7 Time:6.6 Data:0.0 Loss:5.0791 Cls Loss:4.8887 Pair Loss:0.1904 Center Loss:230.3937 KL Loss:180.5378 Recon Loss:0.1866 Acc:0.8410 Acc NCE:0.8410
Epoch:8 Time:5.5 Data:0.0 Loss:4.4536 Cls Loss:4.2617 Pair Loss:0.1918 Center Loss:252.5575 KL Loss:180.3875 Recon Loss:0.1867 Acc:0.8616 Acc NCE:0.8616
Epoch:9 Time:6.1 Data:0.0 Loss:3.8932 Cls Loss:3.6962 Pair Loss:0.1970 Center Loss:276.2571 KL Loss:180.1152 Recon Loss:0.1866 Acc:0.8659 Acc NCE:0.8659
Epoch:10 Time:7.8 Data:0.0 Loss:3.3289 Cls Loss:3.1370 Pair Loss:0.1918 Center Loss:301.5146 KL Loss:179.8398 Recon Loss:0.1867 Acc:0.8894 Acc NCE:0.8894
=> Test at epoch 10
==========Test with latent_z: z_c =========
==========Test with NCE LOSS=========
Extracted features for query set, obtained torch.Size([2709, 128]) matrix
Extracted features for gallery set, obtained torch.Size([2000, 128]) matrix
Extracting features complete in 0m 4s
Distance computing in 0m 0s
Results ---------------------------------------------------
top1:17.3% top5:39.1% top10:49.9% top20:62.0% mAP:22.6%
-----------------------------------------------------------
Using 0m 0s
Classifier results ---------------------------------------------------
Query acc: 16.0% Gallery acc: 93.5% Total acc: 47.0%
Jump TSNE in test
==========Test with latent_z: new_z =========
==========Test with NCE LOSS=========
Extracted features for query set, obtained torch.Size([2709, 192]) matrix
Extracted features for gallery set, obtained torch.Size([2000, 192]) matrix
Extracting features complete in 0m 4s
Distance computing in 0m 0s
Results ---------------------------------------------------
top1:19.4% top5:40.1% top10:50.8% top20:62.6% mAP:23.3%
-----------------------------------------------------------
Using 0m 0s
Classifier results ---------------------------------------------------
Query acc: 16.0% Gallery acc: 93.5% Total acc: 47.0%
Epoch:11 Time:8.6 Data:0.0 Loss:2.8330 Cls Loss:2.6390 Pair Loss:0.1940 Center Loss:326.2623 KL Loss:179.5038 Recon Loss:0.1866 Acc:0.8962 Acc NCE:0.8962
Epoch:12 Time:7.3 Data:0.0 Loss:2.3765 Cls Loss:2.1878 Pair Loss:0.1887 Center Loss:352.5890 KL Loss:179.3894 Recon Loss:0.1867 Acc:0.9156 Acc NCE:0.9156
Epoch:13 Time:6.7 Data:0.0 Loss:2.0254 Cls Loss:1.8367 Pair Loss:0.1887 Center Loss:379.4026 KL Loss:179.0455 Recon Loss:0.1866 Acc:0.9136 Acc NCE:0.9136
Epoch:14 Time:5.9 Data:0.0 Loss:1.7186 Cls Loss:1.5345 Pair Loss:0.1841 Center Loss:401.5069 KL Loss:178.7616 Recon Loss:0.1866 Acc:0.9168 Acc NCE:0.9168
Epoch:15 Time:7.4 Data:0.0 Loss:1.4792 Cls Loss:1.2922 Pair Loss:0.1870 Center Loss:422.6978 KL Loss:178.5863 Recon Loss:0.1867 Acc:0.9287 Acc NCE:0.9287
=> Test at epoch 15
==========Test with latent_z: z_c =========
==========Test with NCE LOSS=========
Extracted features for query set, obtained torch.Size([2709, 128]) matrix
Extracted features for gallery set, obtained torch.Size([2000, 128]) matrix
Extracting features complete in 0m 3s
Distance computing in 0m 0s
Results ---------------------------------------------------
top1:17.5% top5:39.5% top10:50.8% top20:62.8% mAP:22.9%
-----------------------------------------------------------
Using 0m 0s
Classifier results ---------------------------------------------------
Query acc: 16.4% Gallery acc: 97.3% Total acc: 48.8%
Jump TSNE in test
==========Test with latent_z: new_z =========
==========Test with NCE LOSS=========
Extracted features for query set, obtained torch.Size([2709, 192]) matrix
Extracted features for gallery set, obtained torch.Size([2000, 192]) matrix
Extracting features complete in 0m 4s
Distance computing in 0m 0s
Results ---------------------------------------------------
top1:19.4% top5:40.1% top10:50.8% top20:62.6% mAP:23.3%
-----------------------------------------------------------
Using 0m 0s
Classifier results ---------------------------------------------------
Query acc: 16.4% Gallery acc: 97.3% Total acc: 48.8%
Epoch:16 Time:7.2 Data:0.0 Loss:1.3096 Cls Loss:1.1210 Pair Loss:0.1885 Center Loss:439.1891 KL Loss:178.3593 Recon Loss:0.1866 Acc:0.9307 Acc NCE:0.9307
Epoch:17 Time:6.7 Data:0.0 Loss:1.1027 Cls Loss:0.9202 Pair Loss:0.1825 Center Loss:455.8180 KL Loss:178.0835 Recon Loss:0.1866 Acc:0.9360 Acc NCE:0.9360
Epoch:18 Time:6.3 Data:0.0 Loss:0.9558 Cls Loss:0.7743 Pair Loss:0.1815 Center Loss:472.1615 KL Loss:177.9341 Recon Loss:0.1867 Acc:0.9511 Acc NCE:0.9511
Epoch:19 Time:5.7 Data:0.0 Loss:0.8509 Cls Loss:0.6707 Pair Loss:0.1802 Center Loss:490.9226 KL Loss:177.5509 Recon Loss:0.1866 Acc:0.9564 Acc NCE:0.9564
Epoch:20 Time:6.6 Data:0.0 Loss:0.7419 Cls Loss:0.5625 Pair Loss:0.1794 Center Loss:506.7807 KL Loss:177.1173 Recon Loss:0.1866 Acc:0.9569 Acc NCE:0.9569
=> Test at epoch 20
==========Test with latent_z: z_c =========
==========Test with NCE LOSS=========
Extracted features for query set, obtained torch.Size([2709, 128]) matrix
Extracted features for gallery set, obtained torch.Size([2000, 128]) matrix
Extracting features complete in 0m 3s
Distance computing in 0m 0s
Results ---------------------------------------------------
top1:18.0% top5:40.2% top10:51.3% top20:63.6% mAP:23.3%
-----------------------------------------------------------
Using 0m 0s
Classifier results ---------------------------------------------------
Query acc: 16.7% Gallery acc: 97.4% Total acc: 49.0%
Jump TSNE in test
==========Test with latent_z: new_z =========
==========Test with NCE LOSS=========
Extracted features for query set, obtained torch.Size([2709, 192]) matrix
Extracted features for gallery set, obtained torch.Size([2000, 192]) matrix
Extracting features complete in 0m 4s
Distance computing in 0m 0s
Results ---------------------------------------------------
top1:19.4% top5:40.1% top10:50.8% top20:62.6% mAP:23.3%
-----------------------------------------------------------
Using 0m 0s
Classifier results ---------------------------------------------------
Query acc: 16.7% Gallery acc: 97.4% Total acc: 49.0%
Epoch:21 Time:7.4 Data:0.0 Loss:0.7500 Cls Loss:0.5759 Pair Loss:0.1741 Center Loss:517.7684 KL Loss:177.1513 Recon Loss:0.1866 Acc:0.9476 Acc NCE:0.9476
Epoch:22 Time:7.2 Data:0.0 Loss:0.6441 Cls Loss:0.4605 Pair Loss:0.1836 Center Loss:526.4554 KL Loss:176.7507 Recon Loss:0.1866 Acc:0.9624 Acc NCE:0.9624
Epoch:23 Time:6.1 Data:0.0 Loss:0.6489 Cls Loss:0.4667 Pair Loss:0.1822 Center Loss:536.0453 KL Loss:176.5855 Recon Loss:0.1866 Acc:0.9504 Acc NCE:0.9504
Epoch:24 Time:6.0 Data:0.0 Loss:0.5294 Cls Loss:0.3549 Pair Loss:0.1745 Center Loss:543.2134 KL Loss:176.3224 Recon Loss:0.1866 Acc:0.9705 Acc NCE:0.9705
Epoch:25 Time:7.8 Data:0.0 Loss:0.5078 Cls Loss:0.3262 Pair Loss:0.1816 Center Loss:552.9128 KL Loss:176.0808 Recon Loss:0.1866 Acc:0.9645 Acc NCE:0.9645
=> Test at epoch 25
==========Test with latent_z: z_c =========
==========Test with NCE LOSS=========
Extracted features for query set, obtained torch.Size([2709, 128]) matrix
Extracted features for gallery set, obtained torch.Size([2000, 128]) matrix
Extracting features complete in 0m 4s
Distance computing in 0m 0s
Results ---------------------------------------------------
top1:18.2% top5:40.5% top10:52.0% top20:64.5% mAP:23.7%
-----------------------------------------------------------
Using 0m 0s
Classifier results ---------------------------------------------------
Query acc: 17.8% Gallery acc: 98.0% Total acc: 49.9%
Jump TSNE in test
==========Test with latent_z: new_z =========
==========Test with NCE LOSS=========
Extracted features for query set, obtained torch.Size([2709, 192]) matrix
Extracted features for gallery set, obtained torch.Size([2000, 192]) matrix
Extracting features complete in 0m 4s
Distance computing in 0m 0s
Results ---------------------------------------------------
top1:19.4% top5:40.1% top10:50.8% top20:62.6% mAP:23.3%
-----------------------------------------------------------
Using 0m 0s
Classifier results ---------------------------------------------------
Query acc: 17.8% Gallery acc: 98.0% Total acc: 49.9%
Epoch:26 Time:8.7 Data:0.0 Loss:0.5512 Cls Loss:0.3755 Pair Loss:0.1757 Center Loss:559.3610 KL Loss:175.9749 Recon Loss:0.1867 Acc:0.9614 Acc NCE:0.9614
Epoch:27 Time:7.7 Data:0.0 Loss:0.4765 Cls Loss:0.3009 Pair Loss:0.1756 Center Loss:563.4157 KL Loss:175.7096 Recon Loss:0.1866 Acc:0.9713 Acc NCE:0.9713
Epoch:28 Time:5.6 Data:0.0 Loss:0.4357 Cls Loss:0.2620 Pair Loss:0.1737 Center Loss:569.4197 KL Loss:175.3142 Recon Loss:0.1867 Acc:0.9758 Acc NCE:0.9758
Epoch:29 Time:5.4 Data:0.0 Loss:0.4298 Cls Loss:0.2576 Pair Loss:0.1721 Center Loss:575.3938 KL Loss:175.0231 Recon Loss:0.1866 Acc:0.9703 Acc NCE:0.9703
Epoch:30 Time:7.2 Data:0.0 Loss:0.4601 Cls Loss:0.2901 Pair Loss:0.1700 Center Loss:580.5328 KL Loss:174.8101 Recon Loss:0.1866 Acc:0.9703 Acc NCE:0.9703
=> Test at epoch 30
==========Test with latent_z: z_c =========
==========Test with NCE LOSS=========
Extracted features for query set, obtained torch.Size([2709, 128]) matrix
Extracted features for gallery set, obtained torch.Size([2000, 128]) matrix
Extracting features complete in 0m 4s
Distance computing in 0m 0s
Results ---------------------------------------------------
top1:18.7% top5:41.0% top10:52.9% top20:65.0% mAP:24.1%
-----------------------------------------------------------
Using 0m 0s
Classifier results ---------------------------------------------------
Query acc: 16.8% Gallery acc: 98.6% Total acc: 49.5%
Jump TSNE in test
==========Test with latent_z: new_z =========
==========Test with NCE LOSS=========
Extracted features for query set, obtained torch.Size([2709, 192]) matrix
Extracted features for gallery set, obtained torch.Size([2000, 192]) matrix
Extracting features complete in 0m 4s
Distance computing in 0m 0s
Results ---------------------------------------------------
top1:19.4% top5:40.1% top10:50.8% top20:62.6% mAP:23.3%
-----------------------------------------------------------
Using 0m 0s
Classifier results ---------------------------------------------------
Query acc: 16.8% Gallery acc: 98.6% Total acc: 49.5%
Epoch:31 Time:7.8 Data:0.0 Loss:0.4299 Cls Loss:0.2578 Pair Loss:0.1721 Center Loss:583.3617 KL Loss:174.6767 Recon Loss:0.1867 Acc:0.9710 Acc NCE:0.9710
Epoch:32 Time:7.3 Data:0.0 Loss:0.4033 Cls Loss:0.2301 Pair Loss:0.1732 Center Loss:588.3985 KL Loss:174.4235 Recon Loss:0.1866 Acc:0.9738 Acc NCE:0.9738
Epoch:33 Time:6.0 Data:0.0 Loss:0.3699 Cls Loss:0.1974 Pair Loss:0.1724 Center Loss:592.4178 KL Loss:174.0251 Recon Loss:0.1867 Acc:0.9730 Acc NCE:0.9730
Epoch:34 Time:6.0 Data:0.0 Loss:0.3773 Cls Loss:0.2073 Pair Loss:0.1700 Center Loss:594.7694 KL Loss:173.8444 Recon Loss:0.1866 Acc:0.9745 Acc NCE:0.9745
Epoch:35 Time:6.4 Data:0.0 Loss:0.3560 Cls Loss:0.1843 Pair Loss:0.1717 Center Loss:600.6518 KL Loss:173.5934 Recon Loss:0.1866 Acc:0.9798 Acc NCE:0.9798
=> Test at epoch 35
==========Test with latent_z: z_c =========
==========Test with NCE LOSS=========
Extracted features for query set, obtained torch.Size([2709, 128]) matrix
Extracted features for gallery set, obtained torch.Size([2000, 128]) matrix
Extracting features complete in 0m 4s
Distance computing in 0m 0s
Results ---------------------------------------------------
top1:19.2% top5:41.2% top10:53.1% top20:65.7% mAP:24.4%
-----------------------------------------------------------
Using 0m 0s
Classifier results ---------------------------------------------------
Query acc: 17.8% Gallery acc: 98.7% Total acc: 50.2%
Jump TSNE in test
==========Test with latent_z: new_z =========
==========Test with NCE LOSS=========
Extracted features for query set, obtained torch.Size([2709, 192]) matrix
Extracted features for gallery set, obtained torch.Size([2000, 192]) matrix
Extracting features complete in 0m 3s
Distance computing in 0m 0s
Results ---------------------------------------------------
top1:19.4% top5:40.1% top10:50.8% top20:62.6% mAP:23.3%
-----------------------------------------------------------
Using 0m 0s
Classifier results ---------------------------------------------------
Query acc: 17.8% Gallery acc: 98.7% Total acc: 50.2%
Epoch:36 Time:7.7 Data:0.0 Loss:0.3508 Cls Loss:0.1854 Pair Loss:0.1654 Center Loss:604.2123 KL Loss:173.4157 Recon Loss:0.1867 Acc:0.9788 Acc NCE:0.9788
Epoch:37 Time:6.7 Data:0.0 Loss:0.3355 Cls Loss:0.1622 Pair Loss:0.1733 Center Loss:606.4647 KL Loss:173.1094 Recon Loss:0.1867 Acc:0.9816 Acc NCE:0.9816
Epoch:38 Time:5.8 Data:0.0 Loss:0.3716 Cls Loss:0.2061 Pair Loss:0.1656 Center Loss:607.4478 KL Loss:172.9060 Recon Loss:0.1867 Acc:0.9740 Acc NCE:0.9740
Epoch:39 Time:7.0 Data:0.0 Loss:0.3287 Cls Loss:0.1644 Pair Loss:0.1643 Center Loss:606.6301 KL Loss:172.4808 Recon Loss:0.1866 Acc:0.9756 Acc NCE:0.9756
Epoch:40 Time:7.1 Data:0.0 Loss:0.3215 Cls Loss:0.1572 Pair Loss:0.1643 Center Loss:607.2234 KL Loss:172.2584 Recon Loss:0.1867 Acc:0.9819 Acc NCE:0.9819
=> Test at epoch 40
==========Test with latent_z: z_c =========
==========Test with NCE LOSS=========
Extracted features for query set, obtained torch.Size([2709, 128]) matrix
Extracted features for gallery set, obtained torch.Size([2000, 128]) matrix
Extracting features complete in 0m 4s
Distance computing in 0m 0s
Results ---------------------------------------------------
top1:19.2% top5:42.0% top10:53.9% top20:65.9% mAP:24.6%
-----------------------------------------------------------
Using 0m 0s
Classifier results ---------------------------------------------------
Query acc: 17.2% Gallery acc: 99.1% Total acc: 50.0%
Jump TSNE in test
==========Test with latent_z: new_z =========
==========Test with NCE LOSS=========
Extracted features for query set, obtained torch.Size([2709, 192]) matrix
Extracted features for gallery set, obtained torch.Size([2000, 192]) matrix
Extracting features complete in 0m 3s
Distance computing in 0m 0s
Results ---------------------------------------------------
top1:19.4% top5:40.1% top10:50.8% top20:62.6% mAP:23.3%
-----------------------------------------------------------
Using 0m 0s
Classifier results ---------------------------------------------------
Query acc: 17.2% Gallery acc: 99.1% Total acc: 50.0%
Epoch:41 Time:7.6 Data:0.0 Loss:0.3115 Cls Loss:0.1469 Pair Loss:0.1646 Center Loss:611.2672 KL Loss:172.0864 Recon Loss:0.1867 Acc:0.9854 Acc NCE:0.9854
Epoch:42 Time:6.0 Data:0.0 Loss:0.2990 Cls Loss:0.1331 Pair Loss:0.1660 Center Loss:615.0166 KL Loss:171.8104 Recon Loss:0.1866 Acc:0.9884 Acc NCE:0.9884
Epoch:43 Time:6.3 Data:0.0 Loss:0.2903 Cls Loss:0.1229 Pair Loss:0.1674 Center Loss:617.2904 KL Loss:171.6567 Recon Loss:0.1867 Acc:0.9877 Acc NCE:0.9877
Epoch:44 Time:8.1 Data:0.0 Loss:0.2691 Cls Loss:0.1041 Pair Loss:0.1650 Center Loss:623.3210 KL Loss:171.3901 Recon Loss:0.1867 Acc:0.9889 Acc NCE:0.9889
Epoch:45 Time:7.8 Data:0.0 Loss:0.2971 Cls Loss:0.1356 Pair Loss:0.1615 Center Loss:624.4044 KL Loss:171.1600 Recon Loss:0.1866 Acc:0.9844 Acc NCE:0.9844
=> Test at epoch 45
==========Test with latent_z: z_c =========
==========Test with NCE LOSS=========
Extracted features for query set, obtained torch.Size([2709, 128]) matrix
Extracted features for gallery set, obtained torch.Size([2000, 128]) matrix
Extracting features complete in 0m 4s
Distance computing in 0m 0s
Results ---------------------------------------------------
top1:19.0% top5:41.7% top10:53.6% top20:66.1% mAP:24.7%
-----------------------------------------------------------
Using 0m 0s
Classifier results ---------------------------------------------------
Query acc: 17.2% Gallery acc: 99.4% Total acc: 50.1%
Jump TSNE in test
==========Test with latent_z: new_z =========
==========Test with NCE LOSS=========
Extracted features for query set, obtained torch.Size([2709, 192]) matrix
Extracted features for gallery set, obtained torch.Size([2000, 192]) matrix
Extracting features complete in 0m 4s
Distance computing in 0m 0s
Results ---------------------------------------------------
top1:19.4% top5:40.1% top10:50.8% top20:62.6% mAP:23.3%
-----------------------------------------------------------
Using 0m 0s
Classifier results ---------------------------------------------------
Query acc: 17.2% Gallery acc: 99.4% Total acc: 50.1%
Epoch:46 Time:7.5 Data:0.0 Loss:0.2735 Cls Loss:0.1150 Pair Loss:0.1585 Center Loss:626.4384 KL Loss:170.8164 Recon Loss:0.1867 Acc:0.9877 Acc NCE:0.9877
Epoch:47 Time:5.6 Data:0.0 Loss:0.2857 Cls Loss:0.1239 Pair Loss:0.1618 Center Loss:629.7145 KL Loss:170.7411 Recon Loss:0.1866 Acc:0.9844 Acc NCE:0.9844
Epoch:48 Time:6.0 Data:0.0 Loss:0.3032 Cls Loss:0.1428 Pair Loss:0.1605 Center Loss:630.3759 KL Loss:170.3512 Recon Loss:0.1866 Acc:0.9824 Acc NCE:0.9824
Epoch:49 Time:8.3 Data:0.0 Loss:0.2696 Cls Loss:0.1093 Pair Loss:0.1603 Center Loss:632.3684 KL Loss:170.0958 Recon Loss:0.1866 Acc:0.9871 Acc NCE:0.9871
Epoch:50 Time:7.9 Data:0.0 Loss:0.2834 Cls Loss:0.1239 Pair Loss:0.1595 Center Loss:633.1087 KL Loss:170.0734 Recon Loss:0.1866 Acc:0.9836 Acc NCE:0.9836
=> Test at epoch 50
==========Test with latent_z: z_c =========
==========Test with NCE LOSS=========
Extracted features for query set, obtained torch.Size([2709, 128]) matrix
Extracted features for gallery set, obtained torch.Size([2000, 128]) matrix
Extracting features complete in 0m 4s
Distance computing in 0m 0s
Results ---------------------------------------------------
top1:19.2% top5:42.6% top10:53.5% top20:66.6% mAP:24.9%
-----------------------------------------------------------
Using 0m 0s
Classifier results ---------------------------------------------------
Query acc: 17.3% Gallery acc: 99.3% Total acc: 50.1%
Jump TSNE in test
==========Test with latent_z: new_z =========
==========Test with NCE LOSS=========
Extracted features for query set, obtained torch.Size([2709, 192]) matrix
Extracted features for gallery set, obtained torch.Size([2000, 192]) matrix
Extracting features complete in 0m 4s
Distance computing in 0m 0s
Results ---------------------------------------------------
top1:19.4% top5:40.1% top10:50.8% top20:62.6% mAP:23.3%
-----------------------------------------------------------
Using 0m 0s
Classifier results ---------------------------------------------------
Query acc: 17.3% Gallery acc: 99.3% Total acc: 50.1%
Epoch:51 Time:8.3 Data:0.0 Loss:0.2533 Cls Loss:0.0964 Pair Loss:0.1569 Center Loss:633.2255 KL Loss:169.6227 Recon Loss:0.1866 Acc:0.9859 Acc NCE:0.9859
Epoch:52 Time:5.1 Data:0.0 Loss:0.3230 Cls Loss:0.1681 Pair Loss:0.1549 Center Loss:634.5340 KL Loss:169.3296 Recon Loss:0.1866 Acc:0.9778 Acc NCE:0.9778
Epoch:53 Time:5.8 Data:0.0 Loss:0.2978 Cls Loss:0.1381 Pair Loss:0.1598 Center Loss:632.5722 KL Loss:169.1530 Recon Loss:0.1867 Acc:0.9798 Acc NCE:0.9798
Epoch:54 Time:8.0 Data:0.0 Loss:0.2869 Cls Loss:0.1254 Pair Loss:0.1615 Center Loss:631.0183 KL Loss:168.8379 Recon Loss:0.1867 Acc:0.9871 Acc NCE:0.9871
Epoch:55 Time:7.6 Data:0.0 Loss:0.2776 Cls Loss:0.1226 Pair Loss:0.1550 Center Loss:632.3857 KL Loss:168.7522 Recon Loss:0.1867 Acc:0.9834 Acc NCE:0.9834
=> Test at epoch 55
==========Test with latent_z: z_c =========
==========Test with NCE LOSS=========
Extracted features for query set, obtained torch.Size([2709, 128]) matrix
Extracted features for gallery set, obtained torch.Size([2000, 128]) matrix
Extracting features complete in 0m 4s
Distance computing in 0m 0s
Results ---------------------------------------------------
top1:19.6% top5:42.8% top10:53.9% top20:66.4% mAP:25.1%
-----------------------------------------------------------
Using 0m 0s
Classifier results ---------------------------------------------------
Query acc: 17.9% Gallery acc: 98.9% Total acc: 50.3%
Jump TSNE in test
==========Test with latent_z: new_z =========
==========Test with NCE LOSS=========
Extracted features for query set, obtained torch.Size([2709, 192]) matrix
Extracted features for gallery set, obtained torch.Size([2000, 192]) matrix
Extracting features complete in 0m 3s
Distance computing in 0m 0s
Results ---------------------------------------------------
top1:19.4% top5:40.1% top10:50.8% top20:62.6% mAP:23.3%
-----------------------------------------------------------
Using 0m 0s
Classifier results ---------------------------------------------------
Query acc: 17.9% Gallery acc: 98.9% Total acc: 50.3%
Epoch:56 Time:8.2 Data:0.0 Loss:0.3370 Cls Loss:0.1817 Pair Loss:0.1553 Center Loss:633.6247 KL Loss:168.2251 Recon Loss:0.1866 Acc:0.9798 Acc NCE:0.9798
Epoch:57 Time:5.4 Data:0.0 Loss:0.3232 Cls Loss:0.1691 Pair Loss:0.1541 Center Loss:634.3127 KL Loss:168.2244 Recon Loss:0.1867 Acc:0.9826 Acc NCE:0.9826
Epoch:58 Time:5.7 Data:0.0 Loss:0.2519 Cls Loss:0.0952 Pair Loss:0.1567 Center Loss:635.8895 KL Loss:167.9704 Recon Loss:0.1866 Acc:0.9869 Acc NCE:0.9869
Epoch:59 Time:7.7 Data:0.0 Loss:0.3087 Cls Loss:0.1461 Pair Loss:0.1626 Center Loss:637.5982 KL Loss:167.6638 Recon Loss:0.1867 Acc:0.9798 Acc NCE:0.9798
Epoch:60 Time:7.6 Data:0.0 Loss:0.3257 Cls Loss:0.1704 Pair Loss:0.1553 Center Loss:634.9518 KL Loss:167.3709 Recon Loss:0.1867 Acc:0.9781 Acc NCE:0.9781
=> Test at epoch 60
==========Test with latent_z: z_c =========
==========Test with NCE LOSS=========
Extracted features for query set, obtained torch.Size([2709, 128]) matrix
Extracted features for gallery set, obtained torch.Size([2000, 128]) matrix
Extracting features complete in 0m 4s
Distance computing in 0m 0s
Results ---------------------------------------------------
top1:19.6% top5:43.7% top10:54.1% top20:66.6% mAP:25.4%
-----------------------------------------------------------
Using 0m 0s
Classifier results ---------------------------------------------------
Query acc: 16.8% Gallery acc: 98.8% Total acc: 49.6%
Jump TSNE in test
==========Test with latent_z: new_z =========
==========Test with NCE LOSS=========
Extracted features for query set, obtained torch.Size([2709, 192]) matrix
Extracted features for gallery set, obtained torch.Size([2000, 192]) matrix
Extracting features complete in 0m 4s
Distance computing in 0m 0s
Results ---------------------------------------------------
top1:19.4% top5:40.1% top10:50.8% top20:62.6% mAP:23.3%
-----------------------------------------------------------
Using 0m 0s
Classifier results ---------------------------------------------------
Query acc: 16.8% Gallery acc: 98.8% Total acc: 49.6%
Epoch:61 Time:7.6 Data:0.0 Loss:0.2328 Cls Loss:0.0735 Pair Loss:0.1593 Center Loss:633.8980 KL Loss:167.2781 Recon Loss:0.1867 Acc:0.9904 Acc NCE:0.9904
Epoch:62 Time:5.4 Data:0.0 Loss:0.1934 Cls Loss:0.0382 Pair Loss:0.1552 Center Loss:631.6193 KL Loss:166.7382 Recon Loss:0.1867 Acc:0.9972 Acc NCE:0.9972
Epoch:63 Time:5.8 Data:0.0 Loss:0.1853 Cls Loss:0.0303 Pair Loss:0.1550 Center Loss:631.1110 KL Loss:166.5940 Recon Loss:0.1867 Acc:0.9987 Acc NCE:0.9987
Epoch:64 Time:8.1 Data:0.0 Loss:0.1826 Cls Loss:0.0275 Pair Loss:0.1551 Center Loss:631.4027 KL Loss:166.4042 Recon Loss:0.1866 Acc:0.9995 Acc NCE:0.9995
Epoch:65 Time:8.0 Data:0.0 Loss:0.1861 Cls Loss:0.0290 Pair Loss:0.1571 Center Loss:631.5710 KL Loss:166.1505 Recon Loss:0.1866 Acc:0.9990 Acc NCE:0.9990
=> Test at epoch 65
==========Test with latent_z: z_c =========
==========Test with NCE LOSS=========
Extracted features for query set, obtained torch.Size([2709, 128]) matrix
Extracted features for gallery set, obtained torch.Size([2000, 128]) matrix
Extracting features complete in 0m 4s
Distance computing in 0m 0s
Results ---------------------------------------------------
top1:19.6% top5:43.4% top10:54.2% top20:66.7% mAP:25.4%
-----------------------------------------------------------
Using 0m 0s
Classifier results ---------------------------------------------------
Query acc: 17.3% Gallery acc: 100.0% Total acc: 50.4%
Jump TSNE in test
==========Test with latent_z: new_z =========
==========Test with NCE LOSS=========
Extracted features for query set, obtained torch.Size([2709, 192]) matrix
Extracted features for gallery set, obtained torch.Size([2000, 192]) matrix
Extracting features complete in 0m 3s
Distance computing in 0m 0s
Results ---------------------------------------------------
top1:19.4% top5:40.1% top10:50.8% top20:62.6% mAP:23.3%
-----------------------------------------------------------
Using 0m 0s
Classifier results ---------------------------------------------------
Query acc: 17.3% Gallery acc: 100.0% Total acc: 50.4%
Epoch:66 Time:7.6 Data:0.0 Loss:0.1794 Cls Loss:0.0275 Pair Loss:0.1519 Center Loss:631.6834 KL Loss:165.8623 Recon Loss:0.1866 Acc:0.9992 Acc NCE:0.9992
Epoch:67 Time:5.5 Data:0.0 Loss:0.1866 Cls Loss:0.0276 Pair Loss:0.1590 Center Loss:632.3760 KL Loss:165.7076 Recon Loss:0.1866 Acc:0.9995 Acc NCE:0.9995
Epoch:68 Time:5.7 Data:0.0 Loss:0.1786 Cls Loss:0.0285 Pair Loss:0.1501 Center Loss:631.8926 KL Loss:165.3843 Recon Loss:0.1866 Acc:0.9992 Acc NCE:0.9992
Epoch:69 Time:7.7 Data:0.0 Loss:0.1829 Cls Loss:0.0287 Pair Loss:0.1542 Center Loss:632.9371 KL Loss:165.1979 Recon Loss:0.1866 Acc:0.9990 Acc NCE:0.9990
Epoch:70 Time:7.1 Data:0.0 Loss:0.1831 Cls Loss:0.0283 Pair Loss:0.1548 Center Loss:632.7951 KL Loss:164.8637 Recon Loss:0.1867 Acc:0.9990 Acc NCE:0.9990
=> Test at epoch 70
==========Test with latent_z: z_c =========
==========Test with NCE LOSS=========
Extracted features for query set, obtained torch.Size([2709, 128]) matrix
Extracted features for gallery set, obtained torch.Size([2000, 128]) matrix
Extracting features complete in 0m 4s
Distance computing in 0m 0s
Results ---------------------------------------------------
top1:19.6% top5:43.4% top10:54.5% top20:66.7% mAP:25.3%
-----------------------------------------------------------
Using 0m 0s
Classifier results ---------------------------------------------------
Query acc: 17.3% Gallery acc: 100.0% Total acc: 50.4%
Jump TSNE in test
==========Test with latent_z: new_z =========
==========Test with NCE LOSS=========
Extracted features for query set, obtained torch.Size([2709, 192]) matrix
Extracted features for gallery set, obtained torch.Size([2000, 192]) matrix
Extracting features complete in 0m 4s
Distance computing in 0m 0s
Results ---------------------------------------------------
top1:19.4% top5:40.1% top10:50.8% top20:62.6% mAP:23.3%
-----------------------------------------------------------
Using 0m 0s
Classifier results ---------------------------------------------------
Query acc: 17.3% Gallery acc: 100.0% Total acc: 50.4%
Epoch:71 Time:8.4 Data:0.0 Loss:0.1809 Cls Loss:0.0259 Pair Loss:0.1549 Center Loss:633.0599 KL Loss:164.6295 Recon Loss:0.1866 Acc:0.9997 Acc NCE:0.9997
Epoch:72 Time:5.4 Data:0.0 Loss:0.1838 Cls Loss:0.0283 Pair Loss:0.1555 Center Loss:633.9550 KL Loss:164.5030 Recon Loss:0.1866 Acc:0.9992 Acc NCE:0.9992
Epoch:73 Time:5.4 Data:0.0 Loss:0.1813 Cls Loss:0.0280 Pair Loss:0.1533 Center Loss:633.9467 KL Loss:164.0339 Recon Loss:0.1867 Acc:0.9990 Acc NCE:0.9990
Epoch:74 Time:7.4 Data:0.0 Loss:0.1794 Cls Loss:0.0284 Pair Loss:0.1510 Center Loss:633.9568 KL Loss:163.9319 Recon Loss:0.1867 Acc:0.9990 Acc NCE:0.9990
Epoch:75 Time:7.3 Data:0.0 Loss:0.1845 Cls Loss:0.0279 Pair Loss:0.1566 Center Loss:634.1251 KL Loss:163.6356 Recon Loss:0.1866 Acc:0.9990 Acc NCE:0.9990
=> Test at epoch 75
==========Test with latent_z: z_c =========
==========Test with NCE LOSS=========
Extracted features for query set, obtained torch.Size([2709, 128]) matrix
Extracted features for gallery set, obtained torch.Size([2000, 128]) matrix
Extracting features complete in 0m 4s
Distance computing in 0m 0s
Results ---------------------------------------------------
top1:19.7% top5:43.3% top10:54.6% top20:66.8% mAP:25.4%
-----------------------------------------------------------
Using 0m 0s
Classifier results ---------------------------------------------------
Query acc: 17.3% Gallery acc: 100.0% Total acc: 50.4%
Jump TSNE in test
==========Test with latent_z: new_z =========
==========Test with NCE LOSS=========
Extracted features for query set, obtained torch.Size([2709, 192]) matrix
Extracted features for gallery set, obtained torch.Size([2000, 192]) matrix
Extracting features complete in 0m 4s
Distance computing in 0m 0s
Results ---------------------------------------------------
top1:19.4% top5:40.1% top10:50.8% top20:62.6% mAP:23.3%
-----------------------------------------------------------
Using 0m 0s
Classifier results ---------------------------------------------------
Query acc: 17.3% Gallery acc: 100.0% Total acc: 50.4%
Epoch:76 Time:8.8 Data:0.0 Loss:0.1744 Cls Loss:0.0259 Pair Loss:0.1485 Center Loss:634.3774 KL Loss:163.4157 Recon Loss:0.1866 Acc:0.9995 Acc NCE:0.9995
Epoch:77 Time:5.6 Data:0.0 Loss:0.1794 Cls Loss:0.0267 Pair Loss:0.1528 Center Loss:636.3197 KL Loss:163.1759 Recon Loss:0.1867 Acc:0.9995 Acc NCE:0.9995
Epoch:78 Time:5.6 Data:0.0 Loss:0.1766 Cls Loss:0.0259 Pair Loss:0.1508 Center Loss:636.3489 KL Loss:162.9631 Recon Loss:0.1867 Acc:0.9995 Acc NCE:0.9995
Epoch:79 Time:7.0 Data:0.0 Loss:0.1854 Cls Loss:0.0263 Pair Loss:0.1591 Center Loss:636.7970 KL Loss:162.6718 Recon Loss:0.1867 Acc:0.9995 Acc NCE:0.9995
Epoch:80 Time:6.9 Data:0.0 Loss:0.1776 Cls Loss:0.0266 Pair Loss:0.1510 Center Loss:637.5505 KL Loss:162.4131 Recon Loss:0.1867 Acc:0.9995 Acc NCE:0.9995
=> Test at epoch 80
==========Test with latent_z: z_c =========
==========Test with NCE LOSS=========
Extracted features for query set, obtained torch.Size([2709, 128]) matrix
Extracted features for gallery set, obtained torch.Size([2000, 128]) matrix
Extracting features complete in 0m 4s
Distance computing in 0m 0s
Results ---------------------------------------------------
top1:19.9% top5:43.4% top10:54.5% top20:67.0% mAP:25.5%
-----------------------------------------------------------
Using 0m 0s
Classifier results ---------------------------------------------------
Query acc: 17.5% Gallery acc: 100.0% Total acc: 50.5%
Jump TSNE in test
==========Test with latent_z: new_z =========
==========Test with NCE LOSS=========
Extracted features for query set, obtained torch.Size([2709, 192]) matrix
Extracted features for gallery set, obtained torch.Size([2000, 192]) matrix
Extracting features complete in 0m 3s
Distance computing in 0m 0s
Results ---------------------------------------------------
top1:19.4% top5:40.1% top10:50.8% top20:62.6% mAP:23.3%
-----------------------------------------------------------
Using 0m 0s
Classifier results ---------------------------------------------------
Query acc: 17.5% Gallery acc: 100.0% Total acc: 50.5%
Epoch:81 Time:8.3 Data:0.0 Loss:0.1720 Cls Loss:0.0259 Pair Loss:0.1461 Center Loss:638.2388 KL Loss:162.3178 Recon Loss:0.1866 Acc:0.9995 Acc NCE:0.9995
Epoch:82 Time:5.9 Data:0.0 Loss:0.1793 Cls Loss:0.0268 Pair Loss:0.1525 Center Loss:638.2367 KL Loss:162.1677 Recon Loss:0.1866 Acc:0.9995 Acc NCE:0.9995
Epoch:83 Time:5.6 Data:0.0 Loss:0.1760 Cls Loss:0.0261 Pair Loss:0.1499 Center Loss:638.8473 KL Loss:162.1305 Recon Loss:0.1867 Acc:0.9995 Acc NCE:0.9995
Epoch:84 Time:7.2 Data:0.0 Loss:0.1864 Cls Loss:0.0277 Pair Loss:0.1587 Center Loss:639.2025 KL Loss:162.0940 Recon Loss:0.1867 Acc:0.9990 Acc NCE:0.9990
Epoch:85 Time:7.2 Data:0.0 Loss:0.1779 Cls Loss:0.0275 Pair Loss:0.1504 Center Loss:640.5455 KL Loss:162.2404 Recon Loss:0.1867 Acc:0.9990 Acc NCE:0.9990
=> Test at epoch 85
==========Test with latent_z: z_c =========
==========Test with NCE LOSS=========
Extracted features for query set, obtained torch.Size([2709, 128]) matrix
Extracted features for gallery set, obtained torch.Size([2000, 128]) matrix
Extracting features complete in 0m 4s
Distance computing in 0m 0s
Results ---------------------------------------------------
top1:19.7% top5:43.3% top10:54.7% top20:67.0% mAP:25.4%
-----------------------------------------------------------
Using 0m 0s
Classifier results ---------------------------------------------------
Query acc: 17.6% Gallery acc: 100.0% Total acc: 50.6%
Jump TSNE in test
==========Test with latent_z: new_z =========
==========Test with NCE LOSS=========
Extracted features for query set, obtained torch.Size([2709, 192]) matrix
Extracted features for gallery set, obtained torch.Size([2000, 192]) matrix
Extracting features complete in 0m 4s
Distance computing in 0m 0s
Results ---------------------------------------------------
top1:19.4% top5:40.1% top10:50.8% top20:62.6% mAP:23.3%
-----------------------------------------------------------
Using 0m 0s
Classifier results ---------------------------------------------------
Query acc: 17.6% Gallery acc: 100.0% Total acc: 50.6%
Epoch:86 Time:7.9 Data:0.0 Loss:0.1855 Cls Loss:0.0270 Pair Loss:0.1585 Center Loss:640.3034 KL Loss:162.1634 Recon Loss:0.1866 Acc:0.9992 Acc NCE:0.9992
Epoch:87 Time:5.8 Data:0.0 Loss:0.1803 Cls Loss:0.0272 Pair Loss:0.1531 Center Loss:641.4257 KL Loss:162.1371 Recon Loss:0.1867 Acc:0.9992 Acc NCE:0.9992
Epoch:88 Time:6.5 Data:0.0 Loss:0.1797 Cls Loss:0.0277 Pair Loss:0.1520 Center Loss:641.7146 KL Loss:162.0459 Recon Loss:0.1866 Acc:0.9990 Acc NCE:0.9990
Epoch:89 Time:6.7 Data:0.0 Loss:0.1777 Cls Loss:0.0263 Pair Loss:0.1514 Center Loss:642.9395 KL Loss:162.2378 Recon Loss:0.1867 Acc:0.9992 Acc NCE:0.9992
Epoch:90 Time:5.9 Data:0.0 Loss:0.1797 Cls Loss:0.0267 Pair Loss:0.1530 Center Loss:643.6957 KL Loss:162.2520 Recon Loss:0.1867 Acc:0.9995 Acc NCE:0.9995
=> Test at epoch 90
==========Test with latent_z: z_c =========
==========Test with NCE LOSS=========
Extracted features for query set, obtained torch.Size([2709, 128]) matrix
Extracted features for gallery set, obtained torch.Size([2000, 128]) matrix
Extracting features complete in 0m 4s
Distance computing in 0m 0s
Results ---------------------------------------------------
top1:20.0% top5:43.3% top10:55.0% top20:67.0% mAP:25.5%
-----------------------------------------------------------
Using 0m 0s
Classifier results ---------------------------------------------------
Query acc: 17.5% Gallery acc: 100.0% Total acc: 50.5%
Jump TSNE in test
==========Test with latent_z: new_z =========
==========Test with NCE LOSS=========
Extracted features for query set, obtained torch.Size([2709, 192]) matrix
Extracted features for gallery set, obtained torch.Size([2000, 192]) matrix
Extracting features complete in 0m 4s
Distance computing in 0m 0s
Results ---------------------------------------------------
top1:19.4% top5:40.1% top10:50.8% top20:62.6% mAP:23.3%
-----------------------------------------------------------
Using 0m 0s
Classifier results ---------------------------------------------------
Query acc: 17.5% Gallery acc: 100.0% Total acc: 50.5%
Epoch:91 Time:7.8 Data:0.0 Loss:0.1782 Cls Loss:0.0239 Pair Loss:0.1543 Center Loss:643.3728 KL Loss:162.1074 Recon Loss:0.1866 Acc:0.9997 Acc NCE:0.9997
Epoch:92 Time:5.8 Data:0.0 Loss:0.1825 Cls Loss:0.0288 Pair Loss:0.1537 Center Loss:644.1195 KL Loss:162.2123 Recon Loss:0.1867 Acc:0.9990 Acc NCE:0.9990
Epoch:93 Time:6.2 Data:0.0 Loss:0.1720 Cls Loss:0.0266 Pair Loss:0.1453 Center Loss:645.2023 KL Loss:162.2157 Recon Loss:0.1867 Acc:0.9992 Acc NCE:0.9992
Epoch:94 Time:6.3 Data:0.0 Loss:0.1735 Cls Loss:0.0255 Pair Loss:0.1479 Center Loss:645.3747 KL Loss:162.1076 Recon Loss:0.1866 Acc:0.9995 Acc NCE:0.9995
Epoch:95 Time:6.4 Data:0.0 Loss:0.1786 Cls Loss:0.0281 Pair Loss:0.1506 Center Loss:645.8456 KL Loss:161.9430 Recon Loss:0.1866 Acc:0.9990 Acc NCE:0.9990
=> Test at epoch 95
==========Test with latent_z: z_c =========
==========Test with NCE LOSS=========
Extracted features for query set, obtained torch.Size([2709, 128]) matrix
Extracted features for gallery set, obtained torch.Size([2000, 128]) matrix
Extracting features complete in 0m 4s
Distance computing in 0m 0s
Results ---------------------------------------------------
top1:20.0% top5:43.3% top10:55.0% top20:67.1% mAP:25.6%
-----------------------------------------------------------
Using 0m 0s
Classifier results ---------------------------------------------------
Query acc: 17.5% Gallery acc: 100.0% Total acc: 50.5%
Jump TSNE in test
==========Test with latent_z: new_z =========
==========Test with NCE LOSS=========
Extracted features for query set, obtained torch.Size([2709, 192]) matrix
Extracted features for gallery set, obtained torch.Size([2000, 192]) matrix
Extracting features complete in 0m 4s
Distance computing in 0m 0s
Results ---------------------------------------------------
top1:19.4% top5:40.1% top10:50.8% top20:62.6% mAP:23.3%
-----------------------------------------------------------
Using 0m 0s
Classifier results ---------------------------------------------------
Query acc: 17.5% Gallery acc: 100.0% Total acc: 50.5%
Epoch:96 Time:7.8 Data:0.0 Loss:0.1762 Cls Loss:0.0264 Pair Loss:0.1498 Center Loss:646.0252 KL Loss:162.0841 Recon Loss:0.1866 Acc:0.9995 Acc NCE:0.9995
Epoch:97 Time:5.7 Data:0.0 Loss:0.1795 Cls Loss:0.0270 Pair Loss:0.1525 Center Loss:647.4776 KL Loss:162.0552 Recon Loss:0.1866 Acc:0.9992 Acc NCE:0.9992
Epoch:98 Time:7.0 Data:0.0 Loss:0.1773 Cls Loss:0.0262 Pair Loss:0.1512 Center Loss:647.8856 KL Loss:162.1711 Recon Loss:0.1865 Acc:0.9995 Acc NCE:0.9995
Epoch:99 Time:7.0 Data:0.0 Loss:0.1769 Cls Loss:0.0291 Pair Loss:0.1478 Center Loss:648.9340 KL Loss:162.2432 Recon Loss:0.1866 Acc:0.9992 Acc NCE:0.9992
Epoch:100 Time:6.4 Data:0.0 Loss:0.1740 Cls Loss:0.0257 Pair Loss:0.1482 Center Loss:649.3345 KL Loss:162.1600 Recon Loss:0.1867 Acc:0.9995 Acc NCE:0.9995
=> Test at epoch 100
==========Test with latent_z: z_c =========
==========Test with NCE LOSS=========
Extracted features for query set, obtained torch.Size([2709, 128]) matrix
Extracted features for gallery set, obtained torch.Size([2000, 128]) matrix
Extracting features complete in 0m 3s
Distance computing in 0m 0s
Results ---------------------------------------------------
top1:20.1% top5:43.4% top10:55.1% top20:67.1% mAP:25.6%
-----------------------------------------------------------
Using 0m 0s
Classifier results ---------------------------------------------------
Query acc: 17.4% Gallery acc: 100.0% Total acc: 50.5%
Jump TSNE in test
==========Test with latent_z: new_z =========
==========Test with NCE LOSS=========
Extracted features for query set, obtained torch.Size([2709, 192]) matrix
Extracted features for gallery set, obtained torch.Size([2000, 192]) matrix
Extracting features complete in 0m 3s
Distance computing in 0m 0s
Results ---------------------------------------------------
top1:19.4% top5:40.1% top10:50.8% top20:62.6% mAP:23.3%
-----------------------------------------------------------
Using 0m 0s
Classifier results ---------------------------------------------------
Query acc: 17.4% Gallery acc: 100.0% Total acc: 50.5%
Epoch:101 Time:7.6 Data:0.0 Loss:0.1751 Cls Loss:0.0269 Pair Loss:0.1482 Center Loss:649.0706 KL Loss:162.0917 Recon Loss:0.1867 Acc:0.9992 Acc NCE:0.9992
Epoch:102 Time:5.8 Data:0.0 Loss:0.1815 Cls Loss:0.0285 Pair Loss:0.1530 Center Loss:650.6445 KL Loss:162.2388 Recon Loss:0.1867 Acc:0.9990 Acc NCE:0.9990
Epoch:103 Time:6.7 Data:0.0 Loss:0.1799 Cls Loss:0.0263 Pair Loss:0.1537 Center Loss:650.2399 KL Loss:162.0215 Recon Loss:0.1867 Acc:0.9995 Acc NCE:0.9995
Epoch:104 Time:6.3 Data:0.0 Loss:0.1731 Cls Loss:0.0254 Pair Loss:0.1478 Center Loss:652.2486 KL Loss:162.1943 Recon Loss:0.1867 Acc:0.9995 Acc NCE:0.9995
Epoch:105 Time:6.7 Data:0.0 Loss:0.1716 Cls Loss:0.0256 Pair Loss:0.1461 Center Loss:651.9355 KL Loss:162.2554 Recon Loss:0.1866 Acc:0.9992 Acc NCE:0.9992
=> Test at epoch 105
==========Test with latent_z: z_c =========
==========Test with NCE LOSS=========
Extracted features for query set, obtained torch.Size([2709, 128]) matrix
Extracted features for gallery set, obtained torch.Size([2000, 128]) matrix
Extracting features complete in 0m 3s
Distance computing in 0m 0s
Results ---------------------------------------------------
top1:20.2% top5:43.5% top10:55.0% top20:67.4% mAP:25.7%
-----------------------------------------------------------
Using 0m 0s
Classifier results ---------------------------------------------------
Query acc: 17.3% Gallery acc: 100.0% Total acc: 50.4%
Jump TSNE in test
==========Test with latent_z: new_z =========
==========Test with NCE LOSS=========
Extracted features for query set, obtained torch.Size([2709, 192]) matrix
Extracted features for gallery set, obtained torch.Size([2000, 192]) matrix
Extracting features complete in 0m 3s
Distance computing in 0m 0s
Results ---------------------------------------------------
top1:19.4% top5:40.1% top10:50.8% top20:62.6% mAP:23.3%
-----------------------------------------------------------
Using 0m 0s
Classifier results ---------------------------------------------------
Query acc: 17.3% Gallery acc: 100.0% Total acc: 50.4%
Epoch:106 Time:7.9 Data:0.0 Loss:0.1845 Cls Loss:0.0268 Pair Loss:0.1577 Center Loss:652.7425 KL Loss:162.1518 Recon Loss:0.1866 Acc:0.9992 Acc NCE:0.9992
Epoch:107 Time:6.1 Data:0.0 Loss:0.1786 Cls Loss:0.0271 Pair Loss:0.1515 Center Loss:652.5190 KL Loss:162.0255 Recon Loss:0.1866 Acc:0.9992 Acc NCE:0.9992
Epoch:108 Time:7.3 Data:0.0 Loss:0.1770 Cls Loss:0.0252 Pair Loss:0.1518 Center Loss:654.0742 KL Loss:162.2338 Recon Loss:0.1866 Acc:0.9995 Acc NCE:0.9995
Epoch:109 Time:6.6 Data:0.0 Loss:0.1758 Cls Loss:0.0280 Pair Loss:0.1477 Center Loss:654.0462 KL Loss:162.0883 Recon Loss:0.1866 Acc:0.9992 Acc NCE:0.9992
Epoch:110 Time:6.2 Data:0.0 Loss:0.1718 Cls Loss:0.0247 Pair Loss:0.1471 Center Loss:654.8061 KL Loss:162.1528 Recon Loss:0.1866 Acc:0.9992 Acc NCE:0.9992
=> Test at epoch 110
==========Test with latent_z: z_c =========
==========Test with NCE LOSS=========
Extracted features for query set, obtained torch.Size([2709, 128]) matrix
Extracted features for gallery set, obtained torch.Size([2000, 128]) matrix
Extracting features complete in 0m 4s
Distance computing in 0m 0s
Results ---------------------------------------------------
top1:20.2% top5:43.4% top10:55.3% top20:67.4% mAP:25.7%
-----------------------------------------------------------
Using 0m 0s
Classifier results ---------------------------------------------------
Query acc: 17.3% Gallery acc: 100.0% Total acc: 50.4%
Jump TSNE in test
==========Test with latent_z: new_z =========
==========Test with NCE LOSS=========
Extracted features for query set, obtained torch.Size([2709, 192]) matrix
Extracted features for gallery set, obtained torch.Size([2000, 192]) matrix
Extracting features complete in 0m 3s
Distance computing in 0m 0s
Results ---------------------------------------------------
top1:19.4% top5:40.1% top10:50.8% top20:62.6% mAP:23.3%
-----------------------------------------------------------
Using 0m 0s
Classifier results ---------------------------------------------------
Query acc: 17.3% Gallery acc: 100.0% Total acc: 50.4%
Epoch:111 Time:7.6 Data:0.0 Loss:0.1756 Cls Loss:0.0268 Pair Loss:0.1489 Center Loss:655.8795 KL Loss:162.1718 Recon Loss:0.1867 Acc:0.9992 Acc NCE:0.9992
Epoch:112 Time:6.0 Data:0.0 Loss:0.1797 Cls Loss:0.0288 Pair Loss:0.1509 Center Loss:655.7703 KL Loss:162.0641 Recon Loss:0.1867 Acc:0.9990 Acc NCE:0.9990
Epoch:113 Time:7.2 Data:0.0 Loss:0.1741 Cls Loss:0.0269 Pair Loss:0.1472 Center Loss:656.6814 KL Loss:162.1968 Recon Loss:0.1867 Acc:0.9992 Acc NCE:0.9992
Epoch:114 Time:6.3 Data:0.0 Loss:0.1788 Cls Loss:0.0265 Pair Loss:0.1523 Center Loss:657.4430 KL Loss:162.2073 Recon Loss:0.1866 Acc:0.9992 Acc NCE:0.9992
Epoch:115 Time:6.1 Data:0.0 Loss:0.1736 Cls Loss:0.0249 Pair Loss:0.1487 Center Loss:657.3311 KL Loss:162.1852 Recon Loss:0.1866 Acc:0.9995 Acc NCE:0.9995
=> Test at epoch 115
==========Test with latent_z: z_c =========
==========Test with NCE LOSS=========
Extracted features for query set, obtained torch.Size([2709, 128]) matrix
Extracted features for gallery set, obtained torch.Size([2000, 128]) matrix
Extracting features complete in 0m 4s
Distance computing in 0m 0s
Results ---------------------------------------------------
top1:20.3% top5:43.7% top10:55.2% top20:67.4% mAP:25.8%
-----------------------------------------------------------
Using 0m 0s
Classifier results ---------------------------------------------------
Query acc: 17.4% Gallery acc: 100.0% Total acc: 50.4%
Jump TSNE in test
==========Test with latent_z: new_z =========
==========Test with NCE LOSS=========
Extracted features for query set, obtained torch.Size([2709, 192]) matrix
Extracted features for gallery set, obtained torch.Size([2000, 192]) matrix
Extracting features complete in 0m 4s
Distance computing in 0m 0s
Results ---------------------------------------------------
top1:19.4% top5:40.1% top10:50.8% top20:62.6% mAP:23.3%
-----------------------------------------------------------
Using 0m 0s
Classifier results ---------------------------------------------------
Query acc: 17.4% Gallery acc: 100.0% Total acc: 50.4%
Epoch:116 Time:7.5 Data:0.0 Loss:0.1747 Cls Loss:0.0256 Pair Loss:0.1491 Center Loss:657.5880 KL Loss:162.1106 Recon Loss:0.1867 Acc:0.9995 Acc NCE:0.9995
Epoch:117 Time:5.7 Data:0.0 Loss:0.1765 Cls Loss:0.0264 Pair Loss:0.1501 Center Loss:657.9820 KL Loss:162.1220 Recon Loss:0.1867 Acc:0.9992 Acc NCE:0.9992
Epoch:118 Time:6.6 Data:0.0 Loss:0.1806 Cls Loss:0.0284 Pair Loss:0.1522 Center Loss:659.0958 KL Loss:162.1233 Recon Loss:0.1867 Acc:0.9990 Acc NCE:0.9990
Epoch:119 Time:6.9 Data:0.0 Loss:0.1709 Cls Loss:0.0265 Pair Loss:0.1444 Center Loss:659.8735 KL Loss:162.0881 Recon Loss:0.1867 Acc:0.9995 Acc NCE:0.9995
Epoch:120 Time:6.9 Data:0.0 Loss:0.1763 Cls Loss:0.0241 Pair Loss:0.1522 Center Loss:660.3336 KL Loss:162.1188 Recon Loss:0.1866 Acc:0.9995 Acc NCE:0.9995
=> Test at epoch 120
==========Test with latent_z: z_c =========
==========Test with NCE LOSS=========
Extracted features for query set, obtained torch.Size([2709, 128]) matrix
Extracted features for gallery set, obtained torch.Size([2000, 128]) matrix
Extracting features complete in 0m 3s
Distance computing in 0m 0s
Results ---------------------------------------------------
top1:20.3% top5:43.6% top10:55.3% top20:67.4% mAP:25.7%
-----------------------------------------------------------
Using 0m 0s
Classifier results ---------------------------------------------------
Query acc: 17.6% Gallery acc: 100.0% Total acc: 50.5%
Jump TSNE in test
==========Test with latent_z: new_z =========
==========Test with NCE LOSS=========
Extracted features for query set, obtained torch.Size([2709, 192]) matrix
Extracted features for gallery set, obtained torch.Size([2000, 192]) matrix
Extracting features complete in 0m 4s
Distance computing in 0m 0s
Results ---------------------------------------------------
top1:19.4% top5:40.1% top10:50.8% top20:62.6% mAP:23.3%
-----------------------------------------------------------
Using 0m 0s
Classifier results ---------------------------------------------------
Query acc: 17.6% Gallery acc: 100.0% Total acc: 50.5%
Keep checkpoint file: checkpoint_ep120.pth.tar
=> Best Rank-1 20.3%, mAP 25.7% achieved at epoch 120
Finished. Total elapsed time (h:m:s): 0:17:23. Training time (h:m:s): 0:13:52.
Shutting down background jobs, please wait a moment...
Done!
Waiting for the remaining 35 operations to synchronize with Neptune. Do not kill this process.
All 35 operations synced, thanks for waiting!
Explore the metadata in the Neptune app:
https://app.neptune.ai/Zhengwei-Lab/MayCVAE/e/MAY-376/metadata
