https://app.neptune.ai/Zhengwei-Lab/MayCVAE/e/MAY-350
=> merge config from ./configs/clipreid_cvae_kl.yaml
/home/zhengwei/Desktop/Zhengwei/Projects/CVAE/main.py:91: NeptuneUnsupportedType: You're attempting to log a type that is not directly supported by Neptune (<class 'list'>).
        Convert the value to a supported type, such as a string or float, or use stringify_unsupported(obj)
        for dictionaries or collections that contain unsupported values.
        For more, see https://docs.neptune.ai/help/value_of_unsupported_type
  run["parameters"] = param
=> Configurations:
-------------------------
AMP: True
AUG:
  RC_PROB: 0.5
  RE_PROB: 0.5
DATA:
  CUHK03_CLASSIC_SPLIT: False
  CUHK03_LABELED: False
  DATASET: market1k
  FORMAT_TAG: tensor
  HEIGHT: 256
  NUM_INSTANCES: 4
  NUM_WORKERS: 4
  ROOT: /home/zhengwei/Desktop/Zhengwei/Projects/datasets
  SPLIT_ID: 0
  TEST_BATCH: 512
  TRAIN_BATCH: 64
  TRAIN_FORMAT: novel
  WIDTH: 128
EVAL_MODE: False
GPU: 0
LOSS:
  CLA_LOSS: crossentropy
  CLA_M: 0.0
  CLA_S: 16.0
  PAIR_LOSS: triplet
  PAIR_M: 0.3
  PAIR_S: 16.0
  RECON_LOSS: mse
  USE_NCE: False
MODEL:
  CONDITIONAL: False
  FEATURE_DIM: 1280
  FEAT_FUSION: True
  FLOW_TYPE: 
  GAUSSIAN: MultivariateNormal
  HIDDEN_DIM: 256
  LATENT_SIZE: 64
  NAME: CVAE
  ONLY_CVAE_KL: False
  ONLY_X_INPUT: False
  PRETRAIN: CLIPreidFinetune
  RES4_STRIDE: 1
  RESUME: /home/zhengwei/Desktop/Zhengwei/Projects/CVAE/outputs/market1k/clipreid_simplevae_tune/novel/2024-07-04/Tuned_SimpleVAE+2E_128+64z_1e3+3_60+120_KLtotalZ_noCLS
  TRAIN_STAGE: reidstage
  USE_CENTROID: False
  USE_TWO_ENCODER: True
  VAE_TYPE: SinpleVAE
  ZC_DIM: 128
  ZS_DIM: 64
OUTPUT: ./outputs/market1k/clipreid_simplevae_tune/novel/2024-07-05/2ndstage_SimpleVAE+2E_128+64z_1e3+3_60+120_KLtotalZ_s2+REIDCLS+trip+center
SAVED_NAME: 2ndstage_SimpleVAE+2E_128+64z_1e3+3_60+120_KLtotalZ_s2+REIDCLS+trip+center
SEED: 0
TAG: clipreid_simplevae_tune
TEST:
  DISTANCE: cosine
  EVAL_STEP: 5
  START_EVAL: -1
TRAIN:
  AMP: False
  LR_SCHEDULER:
    DECAY_RATE: 0.1
    NAME: MultiStepLR
    STEPSIZE: [60]
  MAX_EPOCH: 120
  OPTIMIZER:
    LR: 0.001
    NAME: adam
    SGDLR: 0.01
    SGD_MOMENTUM: 0.9
    SGD_WEIGHT_DECAY: 0.0005
    WEIGHT_DECAY: 0.0001
  START_EPOCH: 0
----------------------
Initializing dataset market1k
Warning: string series 'monitoring/5f3676c5/stdout' value was longer than 1000 characters and was truncated. This warning is printed only once per series.
=> Market-Sketch-1K tensor loaded
Dataset statistics:
  ------------------------------
  subset   | # ids | # images
  ------------------------------
  train    |   996 |     3992
  query    |   996 |     2709
  gallery  |   996 |     2000
  ------------------------------
  total    |  1992 |     8701
  ------------------------------
Initializing SinpleVAE model with 2 encoders
Model size: 11.88307M
[INFO] Register count_relu() for <class 'torch.nn.modules.activation.LeakyReLU'>.
[INFO] Register count_linear() for <class 'torch.nn.modules.linear.Linear'>.
[INFO] Register count_normalization() for <class 'torch.nn.modules.batchnorm.BatchNorm1d'>.
[INFO] Register zero_ops() for <class 'torch.nn.modules.activation.ReLU'>.
[INFO] Register zero_ops() for <class 'torch.nn.modules.dropout.Dropout'>.
[INFO] Register zero_ops() for <class 'torch.nn.modules.container.Sequential'>.
FLOPs: 0.75465G
Params: 11.78419M
Classifier size: 0.12749M
reid_projector.weight is tuneable
=> Start Training Classifier Only
Loading checkpoint from '/home/zhengwei/Desktop/Zhengwei/Projects/CVAE/outputs/market1k/clipreid_simplevae_tune/novel/2024-07-04/Tuned_SimpleVAE+2E_128+64z_1e3+3_60+120_KLtotalZ_noCLS.best_model.pth.tar'
Ignores parameter:  i2t_projector.weight
Ignores parameter:  i2t_projector.bias
orginal best rank1 = 0.10668143226282761
=> Start evaluation on Novel data without finetuning
=> Test pretarined feature form VLP model
Normalizing features
Normalizing features
Extracted features for query set, obtained torch.Size([2709, 1280]) matrix
Extracted features for gallery set, obtained torch.Size([2000, 1280]) matrix
Extracting features complete in 0m 3s
Distance computing in 0m 0s
Computing CMC and mAP
Results ---------------------------------------------------
top1:35.2% top5:60.5% top10:71.2% top20:80.7% mAP:39.8%
-----------------------------------------------------------
Using 0m 0s
==========Test with latent_z: new_z =========
Extracted features for query set, obtained torch.Size([2709, 192]) matrix
Extracted features for gallery set, obtained torch.Size([2000, 192]) matrix
Extracting features complete in 0m 3s
Distance computing in 0m 0s
Results ---------------------------------------------------
top1:10.0% top5:27.4% top10:37.3% top20:49.9% mAP:13.1%
-----------------------------------------------------------
Using 0m 0s
Classifier results ---------------------------------------------------
Query acc: 0.1% Gallery acc: 0.2% Total acc: 0.1%
==========Test with latent_z: z_c =========
Extracted features for query set, obtained torch.Size([2709, 128]) matrix
Extracted features for gallery set, obtained torch.Size([2000, 128]) matrix
Extracting features complete in 0m 4s
Distance computing in 0m 0s
Results ---------------------------------------------------
top1:8.3% top5:22.7% top10:33.0% top20:44.9% mAP:10.8%
-----------------------------------------------------------
Using 0m 0s
Classifier results ---------------------------------------------------
Query acc: 0.1% Gallery acc: 0.3% Total acc: 0.2%
Jump TSNE in test
=> Start training
/home/zhengwei/Desktop/Zhengwei/Projects/CVAE/losses/center_loss.py:40: UserWarning: This overload of addmm_ is deprecated:
	addmm_(Number beta, Number alpha, Tensor mat1, Tensor mat2)
Consider using one of the following signatures instead:
	addmm_(Tensor mat1, Tensor mat2, *, Number beta, Number alpha) (Triggered internally at /opt/conda/conda-bld/pytorch_1670525539683/work/torch/csrc/utils/python_arg_parser.cpp:1420.)
  distmat.addmm_(1, -2, x, self.centers.t())
Epoch:1 Time:5.1 Data:0.0 Loss:193.1629 Cls Loss:6.9008 Pair Loss:0.4463 Circle Loss:185.8158 KL Loss:341.7356 Recon Loss:0.1834 Acc:0.0010 
Epoch:2 Time:5.7 Data:0.0 Loss:143.1601 Cls Loss:6.8067 Pair Loss:0.4612 Circle Loss:135.8922 KL Loss:342.0716 Recon Loss:0.1834 Acc:0.0708 
Epoch:3 Time:5.3 Data:0.0 Loss:120.5140 Cls Loss:6.7468 Pair Loss:0.4237 Circle Loss:113.3436 KL Loss:341.2066 Recon Loss:0.1834 Acc:0.1681 
Epoch:4 Time:5.9 Data:0.0 Loss:104.3730 Cls Loss:6.6949 Pair Loss:0.4024 Circle Loss:97.2757 KL Loss:340.2035 Recon Loss:0.1834 Acc:0.3002 
Epoch:5 Time:6.2 Data:0.0 Loss:91.2679 Cls Loss:6.6474 Pair Loss:0.3838 Circle Loss:84.2367 KL Loss:339.9716 Recon Loss:0.1834 Acc:0.3798 
=> Test at epoch 5
==========Test with latent_z: z_c =========
Extracted features for query set, obtained torch.Size([2709, 128]) matrix
Extracted features for gallery set, obtained torch.Size([2000, 128]) matrix
Extracting features complete in 0m 4s
Distance computing in 0m 0s
Results ---------------------------------------------------
top1:8.0% top5:20.7% top10:30.6% top20:41.0% mAP:10.1%
-----------------------------------------------------------
Using 0m 0s
Classifier results ---------------------------------------------------
Query acc: 8.9% Gallery acc: 61.0% Total acc: 31.0%
Jump TSNE in test
==========Test with latent_z: new_z =========
Extracted features for query set, obtained torch.Size([2709, 192]) matrix
Extracted features for gallery set, obtained torch.Size([2000, 192]) matrix
Extracting features complete in 0m 3s
Distance computing in 0m 0s
Results ---------------------------------------------------
top1:9.2% top5:25.9% top10:36.7% top20:49.8% mAP:12.6%
-----------------------------------------------------------
Using 0m 0s
Classifier results ---------------------------------------------------
Query acc: 8.8% Gallery acc: 62.6% Total acc: 31.7%
Epoch:6 Time:5.9 Data:0.0 Loss:80.4883 Cls Loss:6.6029 Pair Loss:0.3682 Circle Loss:73.5172 KL Loss:341.7244 Recon Loss:0.1834 Acc:0.4705 
Epoch:7 Time:5.5 Data:0.0 Loss:71.3239 Cls Loss:6.5571 Pair Loss:0.3522 Circle Loss:64.4146 KL Loss:339.6514 Recon Loss:0.1834 Acc:0.5023 
Epoch:8 Time:6.2 Data:0.0 Loss:63.3552 Cls Loss:6.5126 Pair Loss:0.3373 Circle Loss:56.5053 KL Loss:339.9968 Recon Loss:0.1834 Acc:0.5670 
Epoch:9 Time:6.0 Data:0.0 Loss:56.4365 Cls Loss:6.4622 Pair Loss:0.3238 Circle Loss:49.6505 KL Loss:339.2609 Recon Loss:0.1834 Acc:0.6104 
Epoch:10 Time:6.1 Data:0.0 Loss:50.3443 Cls Loss:6.4205 Pair Loss:0.3086 Circle Loss:43.6152 KL Loss:340.2005 Recon Loss:0.1834 Acc:0.6419 
=> Test at epoch 10
==========Test with latent_z: z_c =========
Extracted features for query set, obtained torch.Size([2709, 128]) matrix
Extracted features for gallery set, obtained torch.Size([2000, 128]) matrix
Extracting features complete in 0m 4s
Distance computing in 0m 0s
Results ---------------------------------------------------
top1:12.0% top5:29.4% top10:40.0% top20:52.5% mAP:15.0%
-----------------------------------------------------------
Using 0m 0s
Classifier results ---------------------------------------------------
Query acc: 13.4% Gallery acc: 77.5% Total acc: 40.6%
Jump TSNE in test
==========Test with latent_z: new_z =========
Extracted features for query set, obtained torch.Size([2709, 192]) matrix
Extracted features for gallery set, obtained torch.Size([2000, 192]) matrix
Extracting features complete in 0m 4s
Distance computing in 0m 0s
Results ---------------------------------------------------
top1:10.5% top5:27.6% top10:38.9% top20:50.8% mAP:13.3%
-----------------------------------------------------------
Using 0m 0s
Classifier results ---------------------------------------------------
Query acc: 13.4% Gallery acc: 77.6% Total acc: 40.7%
Epoch:11 Time:8.6 Data:0.0 Loss:45.1362 Cls Loss:6.3710 Pair Loss:0.2983 Circle Loss:38.4670 KL Loss:338.2516 Recon Loss:0.1834 Acc:0.6613 
Epoch:12 Time:7.6 Data:0.0 Loss:40.5864 Cls Loss:6.3267 Pair Loss:0.2844 Circle Loss:33.9753 KL Loss:340.3342 Recon Loss:0.1835 Acc:0.6895 
Epoch:13 Time:7.8 Data:0.0 Loss:36.4843 Cls Loss:6.2746 Pair Loss:0.2720 Circle Loss:29.9378 KL Loss:338.6549 Recon Loss:0.1834 Acc:0.7104 
Epoch:14 Time:5.8 Data:0.0 Loss:33.0667 Cls Loss:6.2252 Pair Loss:0.2669 Circle Loss:26.5746 KL Loss:339.8520 Recon Loss:0.1834 Acc:0.7102 
Epoch:15 Time:6.1 Data:0.0 Loss:29.8749 Cls Loss:6.1760 Pair Loss:0.2569 Circle Loss:23.4420 KL Loss:339.0186 Recon Loss:0.1835 Acc:0.7256 
=> Test at epoch 15
==========Test with latent_z: z_c =========
Extracted features for query set, obtained torch.Size([2709, 128]) matrix
Extracted features for gallery set, obtained torch.Size([2000, 128]) matrix
Extracting features complete in 0m 4s
Distance computing in 0m 0s
Results ---------------------------------------------------
top1:14.0% top5:33.2% top10:45.9% top20:58.8% mAP:17.9%
-----------------------------------------------------------
Using 0m 0s
Classifier results ---------------------------------------------------
Query acc: 14.7% Gallery acc: 86.0% Total acc: 45.0%
Jump TSNE in test
==========Test with latent_z: new_z =========
Extracted features for query set, obtained torch.Size([2709, 192]) matrix
Extracted features for gallery set, obtained torch.Size([2000, 192]) matrix
Extracting features complete in 0m 3s
Distance computing in 0m 0s
Results ---------------------------------------------------
top1:11.0% top5:28.0% top10:37.7% top20:51.3% mAP:13.7%
-----------------------------------------------------------
Using 0m 0s
Classifier results ---------------------------------------------------
Query acc: 14.4% Gallery acc: 85.7% Total acc: 44.7%
Epoch:16 Time:9.1 Data:0.0 Loss:27.1140 Cls Loss:6.1270 Pair Loss:0.2527 Circle Loss:20.7342 KL Loss:337.6333 Recon Loss:0.1834 Acc:0.7377 
Epoch:17 Time:7.7 Data:0.0 Loss:24.7027 Cls Loss:6.0717 Pair Loss:0.2465 Circle Loss:18.3845 KL Loss:337.7174 Recon Loss:0.1834 Acc:0.7664 
Epoch:18 Time:7.5 Data:0.0 Loss:22.5989 Cls Loss:6.0202 Pair Loss:0.2342 Circle Loss:16.3445 KL Loss:337.0509 Recon Loss:0.1834 Acc:0.7578 
Epoch:19 Time:5.8 Data:0.0 Loss:20.6564 Cls Loss:5.9624 Pair Loss:0.2278 Circle Loss:14.4662 KL Loss:337.4331 Recon Loss:0.1834 Acc:0.7782 
Epoch:20 Time:5.5 Data:0.0 Loss:19.0522 Cls Loss:5.9096 Pair Loss:0.2233 Circle Loss:12.9193 KL Loss:337.1727 Recon Loss:0.1834 Acc:0.7780 
=> Test at epoch 20
==========Test with latent_z: z_c =========
Extracted features for query set, obtained torch.Size([2709, 128]) matrix
Extracted features for gallery set, obtained torch.Size([2000, 128]) matrix
Extracting features complete in 0m 4s
Distance computing in 0m 0s
Results ---------------------------------------------------
top1:16.6% top5:38.5% top10:50.4% top20:63.2% mAP:21.3%
-----------------------------------------------------------
Using 0m 0s
Classifier results ---------------------------------------------------
Query acc: 18.3% Gallery acc: 89.4% Total acc: 48.5%
Jump TSNE in test
==========Test with latent_z: new_z =========
Extracted features for query set, obtained torch.Size([2709, 192]) matrix
Extracted features for gallery set, obtained torch.Size([2000, 192]) matrix
Extracting features complete in 0m 4s
Distance computing in 0m 0s
Results ---------------------------------------------------
top1:10.7% top5:27.3% top10:38.7% top20:50.8% mAP:13.4%
-----------------------------------------------------------
Using 0m 0s
Classifier results ---------------------------------------------------
Query acc: 16.9% Gallery acc: 89.5% Total acc: 47.7%
Epoch:21 Time:8.8 Data:0.0 Loss:17.5432 Cls Loss:5.8503 Pair Loss:0.2137 Circle Loss:11.4792 KL Loss:337.9325 Recon Loss:0.1834 Acc:0.7863 
Epoch:22 Time:8.0 Data:0.0 Loss:16.2955 Cls Loss:5.7920 Pair Loss:0.2171 Circle Loss:10.2863 KL Loss:336.2022 Recon Loss:0.1834 Acc:0.7951 
Epoch:23 Time:8.0 Data:0.0 Loss:15.1049 Cls Loss:5.7365 Pair Loss:0.2127 Circle Loss:9.1557 KL Loss:336.3371 Recon Loss:0.1834 Acc:0.7888 
Epoch:24 Time:5.8 Data:0.0 Loss:14.0965 Cls Loss:5.6718 Pair Loss:0.2049 Circle Loss:8.2198 KL Loss:336.7797 Recon Loss:0.1834 Acc:0.8092 
Epoch:25 Time:6.1 Data:0.0 Loss:13.1839 Cls Loss:5.6115 Pair Loss:0.2082 Circle Loss:7.3643 KL Loss:334.9349 Recon Loss:0.1834 Acc:0.7991 
=> Test at epoch 25
==========Test with latent_z: z_c =========
Extracted features for query set, obtained torch.Size([2709, 128]) matrix
Extracted features for gallery set, obtained torch.Size([2000, 128]) matrix
Extracting features complete in 0m 4s
Distance computing in 0m 0s
Results ---------------------------------------------------
top1:17.4% top5:39.9% top10:52.9% top20:64.9% mAP:22.8%
-----------------------------------------------------------
Using 0m 0s
Classifier results ---------------------------------------------------
Query acc: 18.5% Gallery acc: 90.5% Total acc: 49.1%
Jump TSNE in test
==========Test with latent_z: new_z =========
Extracted features for query set, obtained torch.Size([2709, 192]) matrix
Extracted features for gallery set, obtained torch.Size([2000, 192]) matrix
Extracting features complete in 0m 3s
Distance computing in 0m 0s
Results ---------------------------------------------------
top1:10.6% top5:27.5% top10:38.1% top20:49.9% mAP:13.4%
-----------------------------------------------------------
Using 0m 0s
Classifier results ---------------------------------------------------
Query acc: 17.9% Gallery acc: 89.7% Total acc: 48.4%
Epoch:26 Time:8.9 Data:0.0 Loss:12.3562 Cls Loss:5.5473 Pair Loss:0.2036 Circle Loss:6.6053 KL Loss:336.1951 Recon Loss:0.1835 Acc:0.8049 
Epoch:27 Time:7.6 Data:0.0 Loss:11.6366 Cls Loss:5.4871 Pair Loss:0.1990 Circle Loss:5.9505 KL Loss:334.6036 Recon Loss:0.1834 Acc:0.8034 
Epoch:28 Time:7.1 Data:0.0 Loss:10.9760 Cls Loss:5.4230 Pair Loss:0.1932 Circle Loss:5.3599 KL Loss:335.3758 Recon Loss:0.1834 Acc:0.8027 
Epoch:29 Time:5.8 Data:0.0 Loss:10.4175 Cls Loss:5.3590 Pair Loss:0.1955 Circle Loss:4.8630 KL Loss:334.2492 Recon Loss:0.1833 Acc:0.8115 
Epoch:30 Time:6.3 Data:0.0 Loss:9.8814 Cls Loss:5.2839 Pair Loss:0.1907 Circle Loss:4.4068 KL Loss:335.4926 Recon Loss:0.1834 Acc:0.8102 
=> Test at epoch 30
==========Test with latent_z: z_c =========
Extracted features for query set, obtained torch.Size([2709, 128]) matrix
Extracted features for gallery set, obtained torch.Size([2000, 128]) matrix
Extracting features complete in 0m 5s
Distance computing in 0m 0s
Results ---------------------------------------------------
top1:17.6% top5:40.4% top10:52.0% top20:65.8% mAP:23.2%
-----------------------------------------------------------
Using 0m 0s
Classifier results ---------------------------------------------------
Query acc: 18.0% Gallery acc: 90.6% Total acc: 48.8%
Jump TSNE in test
==========Test with latent_z: new_z =========
Extracted features for query set, obtained torch.Size([2709, 192]) matrix
Extracted features for gallery set, obtained torch.Size([2000, 192]) matrix
Extracting features complete in 0m 3s
Distance computing in 0m 0s
Results ---------------------------------------------------
top1:10.2% top5:27.8% top10:39.1% top20:52.0% mAP:13.1%
-----------------------------------------------------------
Using 0m 0s
Classifier results ---------------------------------------------------
Query acc: 18.3% Gallery acc: 90.2% Total acc: 48.8%
Epoch:31 Time:8.9 Data:0.0 Loss:9.4218 Cls Loss:5.2189 Pair Loss:0.1932 Circle Loss:4.0098 KL Loss:334.1004 Recon Loss:0.1835 Acc:0.8173 
Epoch:32 Time:8.3 Data:0.0 Loss:8.9968 Cls Loss:5.1453 Pair Loss:0.1897 Circle Loss:3.6618 KL Loss:335.0923 Recon Loss:0.1834 Acc:0.8102 
Epoch:33 Time:8.1 Data:0.0 Loss:8.6148 Cls Loss:5.0736 Pair Loss:0.1906 Circle Loss:3.3506 KL Loss:334.5504 Recon Loss:0.1834 Acc:0.8228 
Epoch:34 Time:5.9 Data:0.0 Loss:8.2895 Cls Loss:5.0040 Pair Loss:0.1860 Circle Loss:3.0995 KL Loss:332.7988 Recon Loss:0.1834 Acc:0.8311 
Epoch:35 Time:6.1 Data:0.0 Loss:7.9845 Cls Loss:4.9343 Pair Loss:0.1822 Circle Loss:2.8679 KL Loss:334.0799 Recon Loss:0.1834 Acc:0.8233 
=> Test at epoch 35
==========Test with latent_z: z_c =========
Extracted features for query set, obtained torch.Size([2709, 128]) matrix
Extracted features for gallery set, obtained torch.Size([2000, 128]) matrix
Extracting features complete in 0m 4s
Distance computing in 0m 0s
Results ---------------------------------------------------
top1:18.5% top5:40.9% top10:54.5% top20:66.2% mAP:23.9%
-----------------------------------------------------------
Using 0m 0s
Classifier results ---------------------------------------------------
Query acc: 18.6% Gallery acc: 91.0% Total acc: 49.4%
Jump TSNE in test
==========Test with latent_z: new_z =========
Extracted features for query set, obtained torch.Size([2709, 192]) matrix
Extracted features for gallery set, obtained torch.Size([2000, 192]) matrix
Extracting features complete in 0m 4s
Distance computing in 0m 0s
Results ---------------------------------------------------
top1:10.8% top5:27.9% top10:38.8% top20:51.3% mAP:13.5%
-----------------------------------------------------------
Using 0m 0s
Classifier results ---------------------------------------------------
Query acc: 19.3% Gallery acc: 91.6% Total acc: 50.0%
Epoch:36 Time:8.9 Data:0.0 Loss:7.6950 Cls Loss:4.8699 Pair Loss:0.1780 Circle Loss:2.6471 KL Loss:332.9564 Recon Loss:0.1835 Acc:0.8165 
Epoch:37 Time:7.0 Data:0.0 Loss:7.4478 Cls Loss:4.7958 Pair Loss:0.1868 Circle Loss:2.4652 KL Loss:333.6740 Recon Loss:0.1834 Acc:0.8216 
Epoch:38 Time:6.9 Data:0.0 Loss:7.2095 Cls Loss:4.7280 Pair Loss:0.1796 Circle Loss:2.3019 KL Loss:333.8196 Recon Loss:0.1835 Acc:0.8269 
Epoch:39 Time:5.9 Data:0.0 Loss:6.9863 Cls Loss:4.6510 Pair Loss:0.1782 Circle Loss:2.1570 KL Loss:332.7907 Recon Loss:0.1834 Acc:0.8145 
Epoch:40 Time:6.4 Data:0.0 Loss:6.8113 Cls Loss:4.5832 Pair Loss:0.1780 Circle Loss:2.0501 KL Loss:332.2913 Recon Loss:0.1834 Acc:0.8337 
=> Test at epoch 40
==========Test with latent_z: z_c =========
Extracted features for query set, obtained torch.Size([2709, 128]) matrix
Extracted features for gallery set, obtained torch.Size([2000, 128]) matrix
Extracting features complete in 0m 4s
Distance computing in 0m 0s
Results ---------------------------------------------------
top1:18.4% top5:41.7% top10:54.3% top20:66.8% mAP:24.3%
-----------------------------------------------------------
Using 0m 0s
Classifier results ---------------------------------------------------
Query acc: 19.5% Gallery acc: 92.2% Total acc: 50.4%
Jump TSNE in test
==========Test with latent_z: new_z =========
Extracted features for query set, obtained torch.Size([2709, 192]) matrix
Extracted features for gallery set, obtained torch.Size([2000, 192]) matrix
Extracting features complete in 0m 3s
Distance computing in 0m 0s
Results ---------------------------------------------------
top1:11.1% top5:27.2% top10:38.9% top20:51.5% mAP:13.5%
-----------------------------------------------------------
Using 0m 0s
Classifier results ---------------------------------------------------
Query acc: 20.0% Gallery acc: 92.1% Total acc: 50.6%
Epoch:41 Time:8.4 Data:0.0 Loss:6.6225 Cls Loss:4.5083 Pair Loss:0.1808 Circle Loss:1.9334 KL Loss:332.0631 Recon Loss:0.1834 Acc:0.8402 
Epoch:42 Time:7.8 Data:0.0 Loss:6.4556 Cls Loss:4.4363 Pair Loss:0.1841 Circle Loss:1.8352 KL Loss:330.6874 Recon Loss:0.1833 Acc:0.8364 
Epoch:43 Time:6.9 Data:0.0 Loss:6.3041 Cls Loss:4.3634 Pair Loss:0.1744 Circle Loss:1.7663 KL Loss:331.2707 Recon Loss:0.1834 Acc:0.8438 
Epoch:44 Time:6.3 Data:0.0 Loss:6.1553 Cls Loss:4.2994 Pair Loss:0.1783 Circle Loss:1.6777 KL Loss:331.6130 Recon Loss:0.1835 Acc:0.8322 
Epoch:45 Time:6.4 Data:0.0 Loss:6.0261 Cls Loss:4.2237 Pair Loss:0.1768 Circle Loss:1.6256 KL Loss:331.1649 Recon Loss:0.1834 Acc:0.8357 
=> Test at epoch 45
==========Test with latent_z: z_c =========
Extracted features for query set, obtained torch.Size([2709, 128]) matrix
Extracted features for gallery set, obtained torch.Size([2000, 128]) matrix
Extracting features complete in 0m 4s
Distance computing in 0m 0s
Results ---------------------------------------------------
top1:19.2% top5:42.5% top10:54.4% top20:67.1% mAP:24.9%
-----------------------------------------------------------
Using 0m 0s
Classifier results ---------------------------------------------------
Query acc: 20.7% Gallery acc: 92.4% Total acc: 51.2%
Jump TSNE in test
==========Test with latent_z: new_z =========
Extracted features for query set, obtained torch.Size([2709, 192]) matrix
Extracted features for gallery set, obtained torch.Size([2000, 192]) matrix
Extracting features complete in 0m 3s
Distance computing in 0m 0s
Results ---------------------------------------------------
top1:10.0% top5:26.5% top10:37.8% top20:50.4% mAP:12.7%
-----------------------------------------------------------
Using 0m 0s
Classifier results ---------------------------------------------------
Query acc: 20.4% Gallery acc: 92.6% Total acc: 51.1%
Epoch:46 Time:8.0 Data:0.0 Loss:5.9035 Cls Loss:4.1528 Pair Loss:0.1750 Circle Loss:1.5757 KL Loss:330.8570 Recon Loss:0.1834 Acc:0.8470 
Epoch:47 Time:7.4 Data:0.0 Loss:5.7924 Cls Loss:4.0896 Pair Loss:0.1775 Circle Loss:1.5254 KL Loss:330.3263 Recon Loss:0.1834 Acc:0.8526 
Epoch:48 Time:7.3 Data:0.0 Loss:5.6807 Cls Loss:4.0203 Pair Loss:0.1737 Circle Loss:1.4867 KL Loss:329.9734 Recon Loss:0.1834 Acc:0.8619 
Epoch:49 Time:6.2 Data:0.0 Loss:5.5867 Cls Loss:3.9502 Pair Loss:0.1763 Circle Loss:1.4601 KL Loss:330.3963 Recon Loss:0.1834 Acc:0.8586 
Epoch:50 Time:6.4 Data:0.0 Loss:5.4880 Cls Loss:3.8889 Pair Loss:0.1716 Circle Loss:1.4275 KL Loss:328.7074 Recon Loss:0.1834 Acc:0.8619 
=> Test at epoch 50
==========Test with latent_z: z_c =========
Extracted features for query set, obtained torch.Size([2709, 128]) matrix
Extracted features for gallery set, obtained torch.Size([2000, 128]) matrix
Extracting features complete in 0m 4s
Distance computing in 0m 0s
Results ---------------------------------------------------
top1:19.6% top5:41.2% top10:54.3% top20:67.2% mAP:24.6%
-----------------------------------------------------------
Using 0m 0s
Classifier results ---------------------------------------------------
Query acc: 20.9% Gallery acc: 92.4% Total acc: 51.3%
Jump TSNE in test
==========Test with latent_z: new_z =========
Extracted features for query set, obtained torch.Size([2709, 192]) matrix
Extracted features for gallery set, obtained torch.Size([2000, 192]) matrix
Extracting features complete in 0m 3s
Distance computing in 0m 0s
Results ---------------------------------------------------
top1:11.1% top5:28.6% top10:39.6% top20:51.9% mAP:13.8%
-----------------------------------------------------------
Using 0m 0s
Classifier results ---------------------------------------------------
Query acc: 20.6% Gallery acc: 93.4% Total acc: 51.5%
Epoch:51 Time:7.9 Data:0.0 Loss:5.4012 Cls Loss:3.8233 Pair Loss:0.1747 Circle Loss:1.4033 KL Loss:328.3440 Recon Loss:0.1834 Acc:0.8662 
Epoch:52 Time:7.3 Data:0.0 Loss:5.3126 Cls Loss:3.7543 Pair Loss:0.1691 Circle Loss:1.3892 KL Loss:329.3441 Recon Loss:0.1834 Acc:0.8642 
Epoch:53 Time:7.0 Data:0.0 Loss:5.2385 Cls Loss:3.6947 Pair Loss:0.1741 Circle Loss:1.3697 KL Loss:330.6839 Recon Loss:0.1834 Acc:0.8783 
Epoch:54 Time:6.6 Data:0.0 Loss:5.1606 Cls Loss:3.6248 Pair Loss:0.1791 Circle Loss:1.3568 KL Loss:328.8020 Recon Loss:0.1834 Acc:0.8753 
Epoch:55 Time:6.5 Data:0.0 Loss:5.0871 Cls Loss:3.5695 Pair Loss:0.1719 Circle Loss:1.3457 KL Loss:328.9332 Recon Loss:0.1835 Acc:0.8740 
=> Test at epoch 55
==========Test with latent_z: z_c =========
Extracted features for query set, obtained torch.Size([2709, 128]) matrix
Extracted features for gallery set, obtained torch.Size([2000, 128]) matrix
Extracting features complete in 0m 4s
Distance computing in 0m 0s
Results ---------------------------------------------------
top1:18.7% top5:41.0% top10:54.3% top20:67.1% mAP:24.2%
-----------------------------------------------------------
Using 0m 0s
Classifier results ---------------------------------------------------
Query acc: 21.4% Gallery acc: 94.2% Total acc: 52.3%
Jump TSNE in test
==========Test with latent_z: new_z =========
Extracted features for query set, obtained torch.Size([2709, 192]) matrix
Extracted features for gallery set, obtained torch.Size([2000, 192]) matrix
Extracting features complete in 0m 3s
Distance computing in 0m 0s
Results ---------------------------------------------------
top1:11.2% top5:28.9% top10:39.4% top20:50.5% mAP:14.0%
-----------------------------------------------------------
Using 0m 0s
Classifier results ---------------------------------------------------
Query acc: 21.5% Gallery acc: 95.1% Total acc: 52.8%
Epoch:56 Time:8.2 Data:0.0 Loss:5.0275 Cls Loss:3.5146 Pair Loss:0.1743 Circle Loss:1.3385 KL Loss:328.0912 Recon Loss:0.1834 Acc:0.8798 
Epoch:57 Time:7.1 Data:0.0 Loss:4.9632 Cls Loss:3.4548 Pair Loss:0.1732 Circle Loss:1.3351 KL Loss:327.7667 Recon Loss:0.1835 Acc:0.8808 
Epoch:58 Time:6.9 Data:0.0 Loss:4.8929 Cls Loss:3.3898 Pair Loss:0.1768 Circle Loss:1.3264 KL Loss:328.1372 Recon Loss:0.1834 Acc:0.8881 
Epoch:59 Time:6.7 Data:0.0 Loss:4.8317 Cls Loss:3.3363 Pair Loss:0.1726 Circle Loss:1.3228 KL Loss:328.0043 Recon Loss:0.1835 Acc:0.8934 
Epoch:60 Time:6.4 Data:0.0 Loss:4.7690 Cls Loss:3.2769 Pair Loss:0.1713 Circle Loss:1.3207 KL Loss:327.1654 Recon Loss:0.1835 Acc:0.8994 
=> Test at epoch 60
==========Test with latent_z: z_c =========
Extracted features for query set, obtained torch.Size([2709, 128]) matrix
Extracted features for gallery set, obtained torch.Size([2000, 128]) matrix
Extracting features complete in 0m 5s
Distance computing in 0m 0s
Results ---------------------------------------------------
top1:18.9% top5:42.4% top10:54.6% top20:66.8% mAP:24.7%
-----------------------------------------------------------
Using 0m 0s
Classifier results ---------------------------------------------------
Query acc: 22.1% Gallery acc: 94.7% Total acc: 52.9%
Jump TSNE in test
==========Test with latent_z: new_z =========
Extracted features for query set, obtained torch.Size([2709, 192]) matrix
Extracted features for gallery set, obtained torch.Size([2000, 192]) matrix
Extracting features complete in 0m 4s
Distance computing in 0m 0s
Results ---------------------------------------------------
top1:10.0% top5:26.9% top10:38.3% top20:51.7% mAP:13.3%
-----------------------------------------------------------
Using 0m 0s
Classifier results ---------------------------------------------------
Query acc: 21.8% Gallery acc: 94.9% Total acc: 52.8%
Epoch:61 Time:8.1 Data:0.0 Loss:4.5319 Cls Loss:3.1840 Pair Loss:0.1703 Circle Loss:1.1777 KL Loss:327.8462 Recon Loss:0.1835 Acc:0.9254 
Epoch:62 Time:7.4 Data:0.0 Loss:4.4812 Cls Loss:3.1691 Pair Loss:0.1707 Circle Loss:1.1414 KL Loss:326.1831 Recon Loss:0.1834 Acc:0.9249 
Epoch:63 Time:7.1 Data:0.0 Loss:4.4699 Cls Loss:3.1736 Pair Loss:0.1686 Circle Loss:1.1277 KL Loss:326.8141 Recon Loss:0.1834 Acc:0.9287 
Epoch:64 Time:6.0 Data:0.0 Loss:4.4593 Cls Loss:3.1573 Pair Loss:0.1700 Circle Loss:1.1320 KL Loss:326.2252 Recon Loss:0.1834 Acc:0.9272 
Epoch:65 Time:6.0 Data:0.0 Loss:4.4636 Cls Loss:3.1594 Pair Loss:0.1692 Circle Loss:1.1350 KL Loss:325.5668 Recon Loss:0.1834 Acc:0.9277 
=> Test at epoch 65
==========Test with latent_z: z_c =========
Extracted features for query set, obtained torch.Size([2709, 128]) matrix
Extracted features for gallery set, obtained torch.Size([2000, 128]) matrix
Extracting features complete in 0m 5s
Distance computing in 0m 0s
Results ---------------------------------------------------
top1:20.5% top5:43.2% top10:55.6% top20:67.6% mAP:25.6%
-----------------------------------------------------------
Using 0m 0s
Classifier results ---------------------------------------------------
Query acc: 23.1% Gallery acc: 96.0% Total acc: 54.1%
Jump TSNE in test
==========Test with latent_z: new_z =========
Extracted features for query set, obtained torch.Size([2709, 192]) matrix
Extracted features for gallery set, obtained torch.Size([2000, 192]) matrix
Extracting features complete in 0m 4s
Distance computing in 0m 0s
Results ---------------------------------------------------
top1:10.0% top5:26.0% top10:38.6% top20:51.8% mAP:13.0%
-----------------------------------------------------------
Using 0m 0s
Classifier results ---------------------------------------------------
Query acc: 23.1% Gallery acc: 95.9% Total acc: 54.0%
Epoch:66 Time:8.9 Data:0.0 Loss:4.4433 Cls Loss:3.1545 Pair Loss:0.1604 Circle Loss:1.1284 KL Loss:325.4386 Recon Loss:0.1834 Acc:0.9327 
Epoch:67 Time:8.1 Data:0.0 Loss:4.4381 Cls Loss:3.1443 Pair Loss:0.1648 Circle Loss:1.1290 KL Loss:325.2803 Recon Loss:0.1833 Acc:0.9312 
Epoch:68 Time:7.5 Data:0.0 Loss:4.4285 Cls Loss:3.1389 Pair Loss:0.1633 Circle Loss:1.1264 KL Loss:325.4131 Recon Loss:0.1834 Acc:0.9294 
Epoch:69 Time:5.8 Data:0.0 Loss:4.4224 Cls Loss:3.1355 Pair Loss:0.1645 Circle Loss:1.1224 KL Loss:325.0205 Recon Loss:0.1834 Acc:0.9325 
Epoch:70 Time:6.2 Data:0.0 Loss:4.4154 Cls Loss:3.1241 Pair Loss:0.1621 Circle Loss:1.1292 KL Loss:324.9591 Recon Loss:0.1834 Acc:0.9287 
=> Test at epoch 70
==========Test with latent_z: z_c =========
Extracted features for query set, obtained torch.Size([2709, 128]) matrix
Extracted features for gallery set, obtained torch.Size([2000, 128]) matrix
Extracting features complete in 0m 4s
Distance computing in 0m 0s
Results ---------------------------------------------------
top1:19.4% top5:42.8% top10:55.5% top20:67.2% mAP:25.2%
-----------------------------------------------------------
Using 0m 0s
Classifier results ---------------------------------------------------
Query acc: 22.5% Gallery acc: 95.4% Total acc: 53.5%
Jump TSNE in test
==========Test with latent_z: new_z =========
Extracted features for query set, obtained torch.Size([2709, 192]) matrix
Extracted features for gallery set, obtained torch.Size([2000, 192]) matrix
Extracting features complete in 0m 3s
Distance computing in 0m 0s
Results ---------------------------------------------------
top1:10.5% top5:26.6% top10:37.4% top20:50.5% mAP:13.0%
-----------------------------------------------------------
Using 0m 0s
Classifier results ---------------------------------------------------
Query acc: 22.5% Gallery acc: 95.6% Total acc: 53.5%
Epoch:71 Time:7.8 Data:0.0 Loss:4.4104 Cls Loss:3.1259 Pair Loss:0.1614 Circle Loss:1.1231 KL Loss:324.3782 Recon Loss:0.1834 Acc:0.9332 
Epoch:72 Time:7.3 Data:0.0 Loss:4.4135 Cls Loss:3.1210 Pair Loss:0.1676 Circle Loss:1.1248 KL Loss:324.6321 Recon Loss:0.1834 Acc:0.9330 
Epoch:73 Time:7.5 Data:0.0 Loss:4.4052 Cls Loss:3.1101 Pair Loss:0.1645 Circle Loss:1.1306 KL Loss:323.4876 Recon Loss:0.1835 Acc:0.9297 
Epoch:74 Time:5.7 Data:0.0 Loss:4.3971 Cls Loss:3.1085 Pair Loss:0.1638 Circle Loss:1.1248 KL Loss:324.1246 Recon Loss:0.1834 Acc:0.9315 
Epoch:75 Time:6.2 Data:0.0 Loss:4.3964 Cls Loss:3.1031 Pair Loss:0.1654 Circle Loss:1.1279 KL Loss:323.8222 Recon Loss:0.1834 Acc:0.9345 
=> Test at epoch 75
==========Test with latent_z: z_c =========
Extracted features for query set, obtained torch.Size([2709, 128]) matrix
Extracted features for gallery set, obtained torch.Size([2000, 128]) matrix
Extracting features complete in 0m 3s
Distance computing in 0m 0s
Results ---------------------------------------------------
top1:19.7% top5:42.3% top10:54.2% top20:67.1% mAP:25.0%
-----------------------------------------------------------
Using 0m 0s
Classifier results ---------------------------------------------------
Query acc: 22.8% Gallery acc: 95.3% Total acc: 53.6%
Jump TSNE in test
==========Test with latent_z: new_z =========
Extracted features for query set, obtained torch.Size([2709, 192]) matrix
Extracted features for gallery set, obtained torch.Size([2000, 192]) matrix
Extracting features complete in 0m 4s
Distance computing in 0m 0s
Results ---------------------------------------------------
top1:9.9% top5:26.4% top10:37.5% top20:50.0% mAP:12.8%
-----------------------------------------------------------
Using 0m 0s
Classifier results ---------------------------------------------------
Query acc: 23.2% Gallery acc: 96.3% Total acc: 54.2%
Epoch:76 Time:7.9 Data:0.0 Loss:4.3832 Cls Loss:3.0986 Pair Loss:0.1616 Circle Loss:1.1230 KL Loss:322.2723 Recon Loss:0.1834 Acc:0.9284 
Epoch:77 Time:7.5 Data:0.0 Loss:4.3735 Cls Loss:3.0861 Pair Loss:0.1613 Circle Loss:1.1261 KL Loss:322.5056 Recon Loss:0.1834 Acc:0.9327 
Epoch:78 Time:7.2 Data:0.0 Loss:4.3630 Cls Loss:3.0810 Pair Loss:0.1649 Circle Loss:1.1171 KL Loss:323.2157 Recon Loss:0.1835 Acc:0.9385 
Epoch:79 Time:6.8 Data:0.0 Loss:4.3734 Cls Loss:3.0766 Pair Loss:0.1715 Circle Loss:1.1254 KL Loss:322.3115 Recon Loss:0.1834 Acc:0.9309 
Epoch:80 Time:6.3 Data:0.0 Loss:4.3645 Cls Loss:3.0755 Pair Loss:0.1656 Circle Loss:1.1234 KL Loss:322.1114 Recon Loss:0.1835 Acc:0.9375 
=> Test at epoch 80
==========Test with latent_z: z_c =========
Extracted features for query set, obtained torch.Size([2709, 128]) matrix
Extracted features for gallery set, obtained torch.Size([2000, 128]) matrix
Extracting features complete in 0m 3s
Distance computing in 0m 0s
Results ---------------------------------------------------
top1:19.8% top5:41.7% top10:54.2% top20:68.0% mAP:25.2%
-----------------------------------------------------------
Using 0m 0s
Classifier results ---------------------------------------------------
Query acc: 23.4% Gallery acc: 95.9% Total acc: 54.2%
Jump TSNE in test
==========Test with latent_z: new_z =========
Extracted features for query set, obtained torch.Size([2709, 192]) matrix
Extracted features for gallery set, obtained torch.Size([2000, 192]) matrix
Extracting features complete in 0m 3s
Distance computing in 0m 0s
Results ---------------------------------------------------
top1:10.9% top5:28.2% top10:38.5% top20:51.1% mAP:13.7%
-----------------------------------------------------------
Using 0m 0s
Classifier results ---------------------------------------------------
Query acc: 23.1% Gallery acc: 96.0% Total acc: 54.1%
Epoch:81 Time:8.0 Data:0.0 Loss:4.3539 Cls Loss:3.0664 Pair Loss:0.1628 Circle Loss:1.1247 KL Loss:320.6863 Recon Loss:0.1834 Acc:0.9370 
Epoch:82 Time:8.0 Data:0.0 Loss:4.3468 Cls Loss:3.0590 Pair Loss:0.1633 Circle Loss:1.1244 KL Loss:321.3596 Recon Loss:0.1834 Acc:0.9347 
Epoch:83 Time:7.5 Data:0.0 Loss:4.3473 Cls Loss:3.0573 Pair Loss:0.1591 Circle Loss:1.1309 KL Loss:321.6922 Recon Loss:0.1834 Acc:0.9357 
Epoch:84 Time:6.5 Data:0.0 Loss:4.3446 Cls Loss:3.0523 Pair Loss:0.1669 Circle Loss:1.1254 KL Loss:321.7126 Recon Loss:0.1834 Acc:0.9289 
Epoch:85 Time:6.2 Data:0.0 Loss:4.3287 Cls Loss:3.0422 Pair Loss:0.1611 Circle Loss:1.1254 KL Loss:322.3253 Recon Loss:0.1834 Acc:0.9347 
=> Test at epoch 85
==========Test with latent_z: z_c =========
Extracted features for query set, obtained torch.Size([2709, 128]) matrix
Extracted features for gallery set, obtained torch.Size([2000, 128]) matrix
Extracting features complete in 0m 4s
Distance computing in 0m 0s
Results ---------------------------------------------------
top1:19.2% top5:43.0% top10:55.0% top20:67.6% mAP:24.9%
-----------------------------------------------------------
Using 0m 0s
Classifier results ---------------------------------------------------
Query acc: 23.1% Gallery acc: 95.7% Total acc: 53.9%
Jump TSNE in test
==========Test with latent_z: new_z =========
Extracted features for query set, obtained torch.Size([2709, 192]) matrix
Extracted features for gallery set, obtained torch.Size([2000, 192]) matrix
Extracting features complete in 0m 3s
Distance computing in 0m 0s
Results ---------------------------------------------------
top1:10.0% top5:26.9% top10:37.8% top20:49.8% mAP:13.0%
-----------------------------------------------------------
Using 0m 0s
Classifier results ---------------------------------------------------
Query acc: 22.7% Gallery acc: 96.2% Total acc: 53.9%
Epoch:86 Time:8.0 Data:0.0 Loss:4.3213 Cls Loss:3.0376 Pair Loss:0.1651 Circle Loss:1.1186 KL Loss:321.6389 Recon Loss:0.1834 Acc:0.9360 
Epoch:87 Time:7.0 Data:0.0 Loss:4.3256 Cls Loss:3.0354 Pair Loss:0.1694 Circle Loss:1.1208 KL Loss:321.9230 Recon Loss:0.1834 Acc:0.9385 
Epoch:88 Time:6.9 Data:0.0 Loss:4.3269 Cls Loss:3.0310 Pair Loss:0.1675 Circle Loss:1.1284 KL Loss:322.0371 Recon Loss:0.1834 Acc:0.9335 
Epoch:89 Time:6.3 Data:0.0 Loss:4.3076 Cls Loss:3.0186 Pair Loss:0.1630 Circle Loss:1.1260 KL Loss:323.5384 Recon Loss:0.1834 Acc:0.9388 
Epoch:90 Time:6.4 Data:0.0 Loss:4.3130 Cls Loss:3.0167 Pair Loss:0.1642 Circle Loss:1.1321 KL Loss:320.9579 Recon Loss:0.1834 Acc:0.9347 
=> Test at epoch 90
==========Test with latent_z: z_c =========
Extracted features for query set, obtained torch.Size([2709, 128]) matrix
Extracted features for gallery set, obtained torch.Size([2000, 128]) matrix
Extracting features complete in 0m 5s
Distance computing in 0m 0s
Results ---------------------------------------------------
top1:20.1% top5:42.7% top10:55.4% top20:69.2% mAP:25.3%
-----------------------------------------------------------
Using 0m 0s
Classifier results ---------------------------------------------------
Query acc: 23.3% Gallery acc: 95.6% Total acc: 54.0%
Jump TSNE in test
==========Test with latent_z: new_z =========
Extracted features for query set, obtained torch.Size([2709, 192]) matrix
Extracted features for gallery set, obtained torch.Size([2000, 192]) matrix
Extracting features complete in 0m 3s
Distance computing in 0m 0s
Results ---------------------------------------------------
top1:11.2% top5:28.0% top10:39.4% top20:51.5% mAP:14.0%
-----------------------------------------------------------
Using 0m 0s
Classifier results ---------------------------------------------------
Query acc: 23.7% Gallery acc: 96.6% Total acc: 54.6%
Epoch:91 Time:8.3 Data:0.0 Loss:4.2997 Cls Loss:3.0104 Pair Loss:0.1659 Circle Loss:1.1233 KL Loss:321.2460 Recon Loss:0.1834 Acc:0.9345 
Epoch:92 Time:6.7 Data:0.0 Loss:4.2970 Cls Loss:3.0056 Pair Loss:0.1654 Circle Loss:1.1260 KL Loss:321.5743 Recon Loss:0.1835 Acc:0.9357 
Epoch:93 Time:6.9 Data:0.0 Loss:4.2878 Cls Loss:3.0019 Pair Loss:0.1615 Circle Loss:1.1244 KL Loss:321.3679 Recon Loss:0.1835 Acc:0.9375 
Epoch:94 Time:6.4 Data:0.0 Loss:4.2849 Cls Loss:2.9955 Pair Loss:0.1610 Circle Loss:1.1284 KL Loss:322.1221 Recon Loss:0.1834 Acc:0.9327 
Epoch:95 Time:6.3 Data:0.0 Loss:4.2760 Cls Loss:2.9900 Pair Loss:0.1606 Circle Loss:1.1254 KL Loss:321.4292 Recon Loss:0.1834 Acc:0.9330 
=> Test at epoch 95
==========Test with latent_z: z_c =========
Extracted features for query set, obtained torch.Size([2709, 128]) matrix
Extracted features for gallery set, obtained torch.Size([2000, 128]) matrix
Extracting features complete in 0m 4s
Distance computing in 0m 0s
Results ---------------------------------------------------
top1:19.2% top5:43.3% top10:55.4% top20:68.1% mAP:25.0%
-----------------------------------------------------------
Using 0m 0s
Classifier results ---------------------------------------------------
Query acc: 23.6% Gallery acc: 96.5% Total acc: 54.5%
Jump TSNE in test
==========Test with latent_z: new_z =========
Extracted features for query set, obtained torch.Size([2709, 192]) matrix
Extracted features for gallery set, obtained torch.Size([2000, 192]) matrix
Extracting features complete in 0m 3s
Distance computing in 0m 0s
Results ---------------------------------------------------
top1:9.9% top5:27.0% top10:39.7% top20:51.4% mAP:13.0%
-----------------------------------------------------------
Using 0m 0s
Classifier results ---------------------------------------------------
Query acc: 23.0% Gallery acc: 96.2% Total acc: 54.1%
Epoch:96 Time:7.9 Data:0.0 Loss:4.2691 Cls Loss:2.9857 Pair Loss:0.1578 Circle Loss:1.1255 KL Loss:322.2044 Recon Loss:0.1834 Acc:0.9378 
Epoch:97 Time:6.7 Data:0.0 Loss:4.2772 Cls Loss:2.9866 Pair Loss:0.1649 Circle Loss:1.1257 KL Loss:322.0204 Recon Loss:0.1834 Acc:0.9367 
Epoch:98 Time:6.9 Data:0.0 Loss:4.2575 Cls Loss:2.9668 Pair Loss:0.1616 Circle Loss:1.1291 KL Loss:322.4523 Recon Loss:0.1833 Acc:0.9420 
Epoch:99 Time:7.1 Data:0.0 Loss:4.2564 Cls Loss:2.9665 Pair Loss:0.1611 Circle Loss:1.1287 KL Loss:322.8901 Recon Loss:0.1834 Acc:0.9362 
Epoch:100 Time:6.3 Data:0.0 Loss:4.2589 Cls Loss:2.9616 Pair Loss:0.1632 Circle Loss:1.1341 KL Loss:323.7274 Recon Loss:0.1834 Acc:0.9398 
=> Test at epoch 100
==========Test with latent_z: z_c =========
Extracted features for query set, obtained torch.Size([2709, 128]) matrix
Extracted features for gallery set, obtained torch.Size([2000, 128]) matrix
Extracting features complete in 0m 4s
Distance computing in 0m 0s
Results ---------------------------------------------------
top1:19.3% top5:43.5% top10:55.7% top20:68.8% mAP:25.5%
-----------------------------------------------------------
Using 0m 0s
Classifier results ---------------------------------------------------
Query acc: 23.7% Gallery acc: 96.3% Total acc: 54.5%
Jump TSNE in test
==========Test with latent_z: new_z =========
Extracted features for query set, obtained torch.Size([2709, 192]) matrix
Extracted features for gallery set, obtained torch.Size([2000, 192]) matrix
Extracting features complete in 0m 3s
Distance computing in 0m 0s
Results ---------------------------------------------------
top1:10.3% top5:26.9% top10:38.5% top20:51.2% mAP:13.1%
-----------------------------------------------------------
Using 0m 0s
Classifier results ---------------------------------------------------
Query acc: 23.1% Gallery acc: 95.9% Total acc: 54.0%
Epoch:101 Time:8.4 Data:0.0 Loss:4.2448 Cls Loss:2.9582 Pair Loss:0.1631 Circle Loss:1.1235 KL Loss:322.4652 Recon Loss:0.1835 Acc:0.9362 
Epoch:102 Time:7.3 Data:0.0 Loss:4.2383 Cls Loss:2.9484 Pair Loss:0.1604 Circle Loss:1.1295 KL Loss:322.9677 Recon Loss:0.1834 Acc:0.9367 
Epoch:103 Time:7.4 Data:0.0 Loss:4.2402 Cls Loss:2.9486 Pair Loss:0.1651 Circle Loss:1.1265 KL Loss:322.2733 Recon Loss:0.1835 Acc:0.9403 
Epoch:104 Time:6.2 Data:0.0 Loss:4.2318 Cls Loss:2.9376 Pair Loss:0.1632 Circle Loss:1.1311 KL Loss:320.6663 Recon Loss:0.1835 Acc:0.9395 
Epoch:105 Time:6.4 Data:0.0 Loss:4.2328 Cls Loss:2.9403 Pair Loss:0.1596 Circle Loss:1.1329 KL Loss:322.0387 Recon Loss:0.1834 Acc:0.9347 
=> Test at epoch 105
==========Test with latent_z: z_c =========
Extracted features for query set, obtained torch.Size([2709, 128]) matrix
Extracted features for gallery set, obtained torch.Size([2000, 128]) matrix
Extracting features complete in 0m 4s
Distance computing in 0m 0s
Results ---------------------------------------------------
top1:19.8% top5:43.7% top10:55.5% top20:67.4% mAP:25.5%
-----------------------------------------------------------
Using 0m 0s
Classifier results ---------------------------------------------------
Query acc: 23.8% Gallery acc: 96.3% Total acc: 54.6%
Jump TSNE in test
==========Test with latent_z: new_z =========
Extracted features for query set, obtained torch.Size([2709, 192]) matrix
Extracted features for gallery set, obtained torch.Size([2000, 192]) matrix
Extracting features complete in 0m 3s
Distance computing in 0m 0s
Results ---------------------------------------------------
top1:10.3% top5:27.4% top10:38.5% top20:52.0% mAP:13.4%
-----------------------------------------------------------
Using 0m 0s
Classifier results ---------------------------------------------------
Query acc: 23.4% Gallery acc: 96.6% Total acc: 54.5%
Epoch:106 Time:7.9 Data:0.0 Loss:4.2412 Cls Loss:2.9416 Pair Loss:0.1667 Circle Loss:1.1329 KL Loss:320.7916 Recon Loss:0.1833 Acc:0.9403 
Epoch:107 Time:7.3 Data:0.0 Loss:4.2170 Cls Loss:2.9290 Pair Loss:0.1640 Circle Loss:1.1240 KL Loss:321.2894 Recon Loss:0.1834 Acc:0.9400 
Epoch:108 Time:7.3 Data:0.0 Loss:4.2210 Cls Loss:2.9219 Pair Loss:0.1655 Circle Loss:1.1336 KL Loss:321.6828 Recon Loss:0.1834 Acc:0.9408 
Epoch:109 Time:6.6 Data:0.0 Loss:4.2087 Cls Loss:2.9202 Pair Loss:0.1603 Circle Loss:1.1283 KL Loss:321.3313 Recon Loss:0.1834 Acc:0.9408 
Epoch:110 Time:6.4 Data:0.0 Loss:4.2063 Cls Loss:2.9136 Pair Loss:0.1615 Circle Loss:1.1311 KL Loss:321.5829 Recon Loss:0.1834 Acc:0.9430 
=> Test at epoch 110
==========Test with latent_z: z_c =========
Extracted features for query set, obtained torch.Size([2709, 128]) matrix
Extracted features for gallery set, obtained torch.Size([2000, 128]) matrix
Extracting features complete in 0m 4s
Distance computing in 0m 0s
Results ---------------------------------------------------
top1:20.0% top5:43.6% top10:55.1% top20:67.8% mAP:25.6%
-----------------------------------------------------------
Using 0m 0s
Classifier results ---------------------------------------------------
Query acc: 23.7% Gallery acc: 96.1% Total acc: 54.4%
Jump TSNE in test
==========Test with latent_z: new_z =========
Extracted features for query set, obtained torch.Size([2709, 192]) matrix
Extracted features for gallery set, obtained torch.Size([2000, 192]) matrix
Extracting features complete in 0m 3s
Distance computing in 0m 0s
Results ---------------------------------------------------
top1:10.0% top5:27.4% top10:38.0% top20:50.6% mAP:13.1%
-----------------------------------------------------------
Using 0m 0s
Classifier results ---------------------------------------------------
Query acc: 23.6% Gallery acc: 96.5% Total acc: 54.5%
Epoch:111 Time:8.4 Data:0.0 Loss:4.1943 Cls Loss:2.9074 Pair Loss:0.1557 Circle Loss:1.1313 KL Loss:321.4443 Recon Loss:0.1835 Acc:0.9435 
Epoch:112 Time:7.2 Data:0.0 Loss:4.2002 Cls Loss:2.9032 Pair Loss:0.1673 Circle Loss:1.1298 KL Loss:321.5700 Recon Loss:0.1834 Acc:0.9395 
Epoch:113 Time:7.1 Data:0.0 Loss:4.1894 Cls Loss:2.8948 Pair Loss:0.1591 Circle Loss:1.1354 KL Loss:321.0095 Recon Loss:0.1834 Acc:0.9410 
Epoch:114 Time:6.4 Data:0.0 Loss:4.1781 Cls Loss:2.8852 Pair Loss:0.1619 Circle Loss:1.1310 KL Loss:320.8706 Recon Loss:0.1834 Acc:0.9388 
Epoch:115 Time:6.6 Data:0.0 Loss:4.1842 Cls Loss:2.8884 Pair Loss:0.1660 Circle Loss:1.1298 KL Loss:321.6690 Recon Loss:0.1834 Acc:0.9403 
=> Test at epoch 115
==========Test with latent_z: z_c =========
Extracted features for query set, obtained torch.Size([2709, 128]) matrix
Extracted features for gallery set, obtained torch.Size([2000, 128]) matrix
Extracting features complete in 0m 4s
Distance computing in 0m 0s
Results ---------------------------------------------------
top1:18.9% top5:42.9% top10:55.9% top20:68.2% mAP:25.2%
-----------------------------------------------------------
Using 0m 0s
Classifier results ---------------------------------------------------
Query acc: 23.7% Gallery acc: 96.7% Total acc: 54.7%
Jump TSNE in test
==========Test with latent_z: new_z =========
Extracted features for query set, obtained torch.Size([2709, 192]) matrix
Extracted features for gallery set, obtained torch.Size([2000, 192]) matrix
Extracting features complete in 0m 4s
Distance computing in 0m 0s
Results ---------------------------------------------------
top1:9.7% top5:26.4% top10:37.5% top20:50.3% mAP:12.7%
-----------------------------------------------------------
Using 0m 0s
Classifier results ---------------------------------------------------
Query acc: 23.8% Gallery acc: 96.3% Total acc: 54.6%
Epoch:116 Time:8.1 Data:0.0 Loss:4.1724 Cls Loss:2.8787 Pair Loss:0.1616 Circle Loss:1.1321 KL Loss:322.0610 Recon Loss:0.1834 Acc:0.9456 
Epoch:117 Time:7.1 Data:0.0 Loss:4.1736 Cls Loss:2.8750 Pair Loss:0.1629 Circle Loss:1.1357 KL Loss:321.6315 Recon Loss:0.1834 Acc:0.9385 
Epoch:118 Time:6.9 Data:0.0 Loss:4.1696 Cls Loss:2.8687 Pair Loss:0.1628 Circle Loss:1.1381 KL Loss:321.5352 Recon Loss:0.1835 Acc:0.9413 
Epoch:119 Time:7.3 Data:0.0 Loss:4.1602 Cls Loss:2.8696 Pair Loss:0.1604 Circle Loss:1.1302 KL Loss:322.9958 Recon Loss:0.1834 Acc:0.9383 
Epoch:120 Time:6.3 Data:0.0 Loss:4.1597 Cls Loss:2.8611 Pair Loss:0.1631 Circle Loss:1.1355 KL Loss:320.8386 Recon Loss:0.1834 Acc:0.9378 
=> Test at epoch 120
==========Test with latent_z: z_c =========
Extracted features for query set, obtained torch.Size([2709, 128]) matrix
Extracted features for gallery set, obtained torch.Size([2000, 128]) matrix
Extracting features complete in 0m 4s
Distance computing in 0m 0s
Results ---------------------------------------------------
top1:20.2% top5:44.1% top10:55.3% top20:68.0% mAP:25.8%
-----------------------------------------------------------
Using 0m 0s
Classifier results ---------------------------------------------------
Query acc: 23.6% Gallery acc: 96.8% Total acc: 54.7%
Jump TSNE in test
==========Test with latent_z: new_z =========
Extracted features for query set, obtained torch.Size([2709, 192]) matrix
Extracted features for gallery set, obtained torch.Size([2000, 192]) matrix
Extracting features complete in 0m 3s
Distance computing in 0m 0s
Results ---------------------------------------------------
top1:11.2% top5:27.8% top10:38.5% top20:50.8% mAP:13.7%
-----------------------------------------------------------
Using 0m 0s
Classifier results ---------------------------------------------------
Query acc: 22.7% Gallery acc: 96.6% Total acc: 54.1%
Keep checkpoint file: checkpoint_ep120.pth.tar
=> Best Rank-1 20.2%, mAP 25.8% achieved at epoch 120
Finished. Total elapsed time (h:m:s): 0:17:54. Training time (h:m:s): 0:14:08.
Shutting down background jobs, please wait a moment...
Done!
Waiting for the remaining 35 operations to synchronize with Neptune. Do not kill this process.
All 35 operations synced, thanks for waiting!
Explore the metadata in the Neptune app:
https://app.neptune.ai/Zhengwei-Lab/MayCVAE/e/MAY-350/metadata
