https://app.neptune.ai/Zhengwei-Lab/MayCVAE/e/MAY-329
=> merge config from ./configs/clipreid_cvae_kl.yaml
/home/zhengwei/Desktop/Zhengwei/Projects/CVAE/main.py:91: NeptuneUnsupportedType: You're attempting to log a type that is not directly supported by Neptune (<class 'list'>).
        Convert the value to a supported type, such as a string or float, or use stringify_unsupported(obj)
        for dictionaries or collections that contain unsupported values.
        For more, see https://docs.neptune.ai/help/value_of_unsupported_type
  run["parameters"] = param
=> Configurations:
-------------------------
AMP: True
AUG:
  RC_PROB: 0.5
  RE_PROB: 0.5
DATA:
  CUHK03_CLASSIC_SPLIT: False
  CUHK03_LABELED: False
  DATASET: market1k
  FORMAT_TAG: tensor
  HEIGHT: 256
  NUM_INSTANCES: 4
  NUM_WORKERS: 4
  ROOT: /home/zhengwei/Desktop/Zhengwei/Projects/datasets
  SPLIT_ID: 0
  TEST_BATCH: 512
  TRAIN_BATCH: 64
  TRAIN_FORMAT: novel
  WIDTH: 128
EVAL_MODE: False
GPU: 0
LOSS:
  CLA_LOSS: crossentropy
  CLA_M: 0.0
  CLA_S: 16.0
  PAIR_LOSS: triplet
  PAIR_M: 0.3
  PAIR_S: 16.0
  RECON_LOSS: mse
  USE_NCE: False
MODEL:
  CONDITIONAL: False
  FEATURE_DIM: 1280
  FEAT_FUSION: True
  FLOW_TYPE: 
  GAUSSIAN: MultivariateNormal
  HIDDEN_DIM: 256
  LATENT_SIZE: 64
  NAME: CVAE
  ONLY_CVAE_KL: False
  ONLY_X_INPUT: False
  PRETRAIN: CLIPreidFinetune
  RES4_STRIDE: 1
  RESUME: /home/zhengwei/Desktop/Zhengwei/Projects/CVAE/outputs/market1k/clipreid_simplevae_tune/novel/2024-07-04/Tuned_SimpleVAE+2E_128+64z_1e3+3_60+120_KLtotalZ_noCLS
  TRAIN_STAGE: reidstage
  USE_CENTROID: False
  USE_TWO_ENCODER: True
  VAE_TYPE: SinpleVAE
  ZC_DIM: 128
  ZS_DIM: 64
OUTPUT: ./outputs/market1k/clipreid_simplevae_tune/novel/2024-07-04/2ndstage_SimpleVAE+2E_128+64z_1e3+3_60+120_KLtotalZ_s2+CLS
SAVED_NAME: 2ndstage_SimpleVAE+2E_128+64z_1e3+3_60+120_KLtotalZ_s2+CLS
SEED: 0
TAG: clipreid_simplevae_tune
TEST:
  DISTANCE: cosine
  EVAL_STEP: 5
  START_EVAL: -1
TRAIN:
  AMP: False
  LR_SCHEDULER:
    DECAY_RATE: 0.1
    NAME: MultiStepLR
    STEPSIZE: [60]
  MAX_EPOCH: 120
  OPTIMIZER:
    LR: 0.001
    NAME: adam
    SGDLR: 0.01
    SGD_MOMENTUM: 0.9
    SGD_WEIGHT_DECAY: 0.0005
    WEIGHT_DECAY: 0.0001
  START_EPOCH: 0
----------------------
Initializing dataset market1k
Warning: string series 'monitoring/c54f588d/stdout' value was longer than 1000 characters and was truncated. This warning is printed only once per series.
=> Market-Sketch-1K tensor loaded
Dataset statistics:
  ------------------------------
  subset   | # ids | # images
  ------------------------------
  train    |   996 |     3992
  query    |   996 |     2709
  gallery  |   996 |     2000
  ------------------------------
  total    |  1992 |     8701
  ------------------------------
Initializing SinpleVAE model with 2 encoders
Model size: 11.86669M
[INFO] Register count_relu() for <class 'torch.nn.modules.activation.LeakyReLU'>.
[INFO] Register count_linear() for <class 'torch.nn.modules.linear.Linear'>.
[INFO] Register count_normalization() for <class 'torch.nn.modules.batchnorm.BatchNorm1d'>.
[INFO] Register zero_ops() for <class 'torch.nn.modules.activation.ReLU'>.
[INFO] Register zero_ops() for <class 'torch.nn.modules.dropout.Dropout'>.
[INFO] Register zero_ops() for <class 'torch.nn.modules.container.Sequential'>.
FLOPs: 0.75465G
Params: 11.78419M
Classifier size: 0.12749M
=> Start Training Classifier Only
Loading checkpoint from '/home/zhengwei/Desktop/Zhengwei/Projects/CVAE/outputs/market1k/clipreid_simplevae_tune/novel/2024-07-04/Tuned_SimpleVAE+2E_128+64z_1e3+3_60+120_KLtotalZ_noCLS.best_model.pth.tar'
Ignores parameter:  i2t_projector.weight
Ignores parameter:  i2t_projector.bias
orginal best rank1 = 0.10668143226282761
=> Start evaluation on Novel data without finetuning
=> Test pretarined feature form VLP model
Normalizing features
Normalizing features
Extracted features for query set, obtained torch.Size([2709, 1280]) matrix
Extracted features for gallery set, obtained torch.Size([2000, 1280]) matrix
Extracting features complete in 0m 3s
Distance computing in 0m 0s
Computing CMC and mAP
Results ---------------------------------------------------
top1:35.2% top5:60.5% top10:71.2% top20:80.7% mAP:39.8%
-----------------------------------------------------------
Using 0m 0s
==========Test with latent_z: new_z =========
Extracted features for query set, obtained torch.Size([2709, 192]) matrix
Extracted features for gallery set, obtained torch.Size([2000, 192]) matrix
Extracting features complete in 0m 3s
Distance computing in 0m 0s
Results ---------------------------------------------------
top1:10.0% top5:27.4% top10:37.3% top20:49.9% mAP:13.1%
-----------------------------------------------------------
Using 0m 0s
Classifier results ---------------------------------------------------
Query acc: 0.2% Gallery acc: 0.1% Total acc: 0.2%
==========Test with latent_z: z_c =========
Extracted features for query set, obtained torch.Size([2709, 128]) matrix
Extracted features for gallery set, obtained torch.Size([2000, 128]) matrix
Extracting features complete in 0m 4s
Distance computing in 0m 0s
Results ---------------------------------------------------
top1:9.4% top5:26.3% top10:37.5% top20:49.9% mAP:12.8%
-----------------------------------------------------------
Using 0m 0s
Classifier results ---------------------------------------------------
Query acc: 0.1% Gallery acc: 0.2% Total acc: 0.1%
Jump TSNE in test
=> Start training
Epoch:1 Time:3.1 Data:0.0 Loss:8.1991 Cls Loss:8.1991 Pair Loss:0.3385 KL Loss:341.7356 Recon Loss:0.1834 Acc:0.0010 
Epoch:2 Time:3.9 Data:0.0 Loss:6.5169 Cls Loss:6.5169 Pair Loss:0.3368 KL Loss:342.0716 Recon Loss:0.1834 Acc:0.0164 
Epoch:3 Time:3.3 Data:0.0 Loss:5.7796 Cls Loss:5.7796 Pair Loss:0.3360 KL Loss:341.2066 Recon Loss:0.1834 Acc:0.0529 
Epoch:4 Time:3.4 Data:0.0 Loss:5.2190 Cls Loss:5.2190 Pair Loss:0.3340 KL Loss:340.2035 Recon Loss:0.1834 Acc:0.1212 
Epoch:5 Time:3.8 Data:0.0 Loss:4.7480 Cls Loss:4.7480 Pair Loss:0.3344 KL Loss:339.9716 Recon Loss:0.1834 Acc:0.1852 
=> Test at epoch 5
==========Test with latent_z: z_c =========
Extracted features for query set, obtained torch.Size([2709, 128]) matrix
Extracted features for gallery set, obtained torch.Size([2000, 128]) matrix
Extracting features complete in 0m 4s
Distance computing in 0m 0s
Results ---------------------------------------------------
top1:10.2% top5:27.0% top10:38.8% top20:51.2% mAP:13.3%
-----------------------------------------------------------
Using 0m 0s
Classifier results ---------------------------------------------------
Query acc: 13.5% Gallery acc: 68.0% Total acc: 36.7%
Jump TSNE in test
==========Test with latent_z: new_z =========
Extracted features for query set, obtained torch.Size([2709, 192]) matrix
Extracted features for gallery set, obtained torch.Size([2000, 192]) matrix
Extracting features complete in 0m 3s
Distance computing in 0m 0s
Results ---------------------------------------------------
top1:9.2% top5:25.9% top10:36.7% top20:49.8% mAP:12.6%
-----------------------------------------------------------
Using 0m 0s
Classifier results ---------------------------------------------------
Query acc: 13.9% Gallery acc: 67.3% Total acc: 36.6%
Epoch:6 Time:4.2 Data:0.0 Loss:4.3518 Cls Loss:4.3518 Pair Loss:0.3430 KL Loss:341.7244 Recon Loss:0.1834 Acc:0.2686 
Epoch:7 Time:4.1 Data:0.0 Loss:3.9949 Cls Loss:3.9949 Pair Loss:0.3348 KL Loss:339.6514 Recon Loss:0.1834 Acc:0.3790 
Epoch:8 Time:3.7 Data:0.0 Loss:3.6696 Cls Loss:3.6696 Pair Loss:0.3371 KL Loss:339.9968 Recon Loss:0.1834 Acc:0.4619 
Epoch:9 Time:4.4 Data:0.0 Loss:3.3775 Cls Loss:3.3775 Pair Loss:0.3378 KL Loss:339.2609 Recon Loss:0.1834 Acc:0.5280 
Epoch:10 Time:5.3 Data:0.0 Loss:3.1204 Cls Loss:3.1204 Pair Loss:0.3358 KL Loss:340.2005 Recon Loss:0.1834 Acc:0.5955 
=> Test at epoch 10
==========Test with latent_z: z_c =========
Extracted features for query set, obtained torch.Size([2709, 128]) matrix
Extracted features for gallery set, obtained torch.Size([2000, 128]) matrix
Extracting features complete in 0m 5s
Distance computing in 0m 0s
Results ---------------------------------------------------
top1:9.7% top5:26.3% top10:36.7% top20:49.7% mAP:12.7%
-----------------------------------------------------------
Using 0m 0s
Classifier results ---------------------------------------------------
Query acc: 18.2% Gallery acc: 90.1% Total acc: 48.7%
Jump TSNE in test
==========Test with latent_z: new_z =========
Extracted features for query set, obtained torch.Size([2709, 192]) matrix
Extracted features for gallery set, obtained torch.Size([2000, 192]) matrix
Extracting features complete in 0m 3s
Distance computing in 0m 0s
Results ---------------------------------------------------
top1:10.5% top5:27.6% top10:38.9% top20:50.8% mAP:13.3%
-----------------------------------------------------------
Using 0m 0s
Classifier results ---------------------------------------------------
Query acc: 19.8% Gallery acc: 89.9% Total acc: 49.6%
Epoch:11 Time:4.5 Data:0.0 Loss:2.8802 Cls Loss:2.8802 Pair Loss:0.3360 KL Loss:338.2516 Recon Loss:0.1834 Acc:0.6442 
Epoch:12 Time:3.9 Data:0.0 Loss:2.6657 Cls Loss:2.6657 Pair Loss:0.3359 KL Loss:340.3342 Recon Loss:0.1835 Acc:0.6855 
Epoch:13 Time:4.1 Data:0.0 Loss:2.4884 Cls Loss:2.4884 Pair Loss:0.3348 KL Loss:338.6549 Recon Loss:0.1834 Acc:0.7293 
Epoch:14 Time:3.5 Data:0.0 Loss:2.3000 Cls Loss:2.3000 Pair Loss:0.3404 KL Loss:339.8520 Recon Loss:0.1834 Acc:0.7571 
Epoch:15 Time:5.0 Data:0.0 Loss:2.1449 Cls Loss:2.1449 Pair Loss:0.3371 KL Loss:339.0186 Recon Loss:0.1835 Acc:0.7883 
=> Test at epoch 15
==========Test with latent_z: z_c =========
Extracted features for query set, obtained torch.Size([2709, 128]) matrix
Extracted features for gallery set, obtained torch.Size([2000, 128]) matrix
Extracting features complete in 0m 4s
Distance computing in 0m 0s
Results ---------------------------------------------------
top1:10.6% top5:27.6% top10:38.8% top20:50.7% mAP:13.2%
-----------------------------------------------------------
Using 0m 0s
Classifier results ---------------------------------------------------
Query acc: 21.3% Gallery acc: 96.1% Total acc: 53.0%
Jump TSNE in test
==========Test with latent_z: new_z =========
Extracted features for query set, obtained torch.Size([2709, 192]) matrix
Extracted features for gallery set, obtained torch.Size([2000, 192]) matrix
Extracting features complete in 0m 4s
Distance computing in 0m 0s
Results ---------------------------------------------------
top1:11.0% top5:28.0% top10:37.7% top20:51.3% mAP:13.7%
-----------------------------------------------------------
Using 0m 0s
Classifier results ---------------------------------------------------
Query acc: 20.8% Gallery acc: 95.7% Total acc: 52.6%
Epoch:16 Time:6.3 Data:0.0 Loss:1.9958 Cls Loss:1.9958 Pair Loss:0.3383 KL Loss:337.6333 Recon Loss:0.1834 Acc:0.8112 
Epoch:17 Time:3.7 Data:0.0 Loss:1.8717 Cls Loss:1.8717 Pair Loss:0.3390 KL Loss:337.7174 Recon Loss:0.1834 Acc:0.8271 
Epoch:18 Time:3.9 Data:0.0 Loss:1.7596 Cls Loss:1.7596 Pair Loss:0.3338 KL Loss:337.0509 Recon Loss:0.1834 Acc:0.8445 
Epoch:19 Time:3.1 Data:0.0 Loss:1.6405 Cls Loss:1.6405 Pair Loss:0.3352 KL Loss:337.4331 Recon Loss:0.1834 Acc:0.8616 
Epoch:20 Time:4.3 Data:0.0 Loss:1.5347 Cls Loss:1.5347 Pair Loss:0.3382 KL Loss:337.1727 Recon Loss:0.1834 Acc:0.8763 
=> Test at epoch 20
==========Test with latent_z: z_c =========
Extracted features for query set, obtained torch.Size([2709, 128]) matrix
Extracted features for gallery set, obtained torch.Size([2000, 128]) matrix
Extracting features complete in 0m 4s
Distance computing in 0m 0s
Results ---------------------------------------------------
top1:9.9% top5:27.6% top10:38.1% top20:50.7% mAP:13.1%
-----------------------------------------------------------
Using 0m 0s
Classifier results ---------------------------------------------------
Query acc: 21.7% Gallery acc: 97.2% Total acc: 53.7%
Jump TSNE in test
==========Test with latent_z: new_z =========
Extracted features for query set, obtained torch.Size([2709, 192]) matrix
Extracted features for gallery set, obtained torch.Size([2000, 192]) matrix
Extracting features complete in 0m 4s
Distance computing in 0m 0s
Results ---------------------------------------------------
top1:10.7% top5:27.3% top10:38.7% top20:50.8% mAP:13.4%
-----------------------------------------------------------
Using 0m 0s
Classifier results ---------------------------------------------------
Query acc: 21.9% Gallery acc: 98.1% Total acc: 54.2%
Epoch:21 Time:5.7 Data:0.0 Loss:1.4388 Cls Loss:1.4388 Pair Loss:0.3357 KL Loss:337.9325 Recon Loss:0.1834 Acc:0.8879 
Epoch:22 Time:3.1 Data:0.0 Loss:1.3535 Cls Loss:1.3535 Pair Loss:0.3364 KL Loss:336.2022 Recon Loss:0.1834 Acc:0.9010 
Epoch:23 Time:4.0 Data:0.0 Loss:1.2836 Cls Loss:1.2836 Pair Loss:0.3357 KL Loss:336.3371 Recon Loss:0.1834 Acc:0.9032 
Epoch:24 Time:3.5 Data:0.0 Loss:1.2080 Cls Loss:1.2080 Pair Loss:0.3350 KL Loss:336.7797 Recon Loss:0.1834 Acc:0.9166 
Epoch:25 Time:5.4 Data:0.0 Loss:1.1414 Cls Loss:1.1414 Pair Loss:0.3362 KL Loss:334.9349 Recon Loss:0.1834 Acc:0.9254 
=> Test at epoch 25
==========Test with latent_z: z_c =========
Extracted features for query set, obtained torch.Size([2709, 128]) matrix
Extracted features for gallery set, obtained torch.Size([2000, 128]) matrix
Extracting features complete in 0m 5s
Distance computing in 0m 0s
Results ---------------------------------------------------
top1:9.8% top5:27.1% top10:37.4% top20:50.7% mAP:13.0%
-----------------------------------------------------------
Using 0m 0s
Classifier results ---------------------------------------------------
Query acc: 21.9% Gallery acc: 98.1% Total acc: 54.2%
Jump TSNE in test
==========Test with latent_z: new_z =========
Extracted features for query set, obtained torch.Size([2709, 192]) matrix
Extracted features for gallery set, obtained torch.Size([2000, 192]) matrix
Extracting features complete in 0m 4s
Distance computing in 0m 0s
Results ---------------------------------------------------
top1:10.6% top5:27.5% top10:38.1% top20:49.9% mAP:13.4%
-----------------------------------------------------------
Using 0m 0s
Classifier results ---------------------------------------------------
Query acc: 22.8% Gallery acc: 98.2% Total acc: 54.8%
Epoch:26 Time:5.6 Data:0.0 Loss:1.0779 Cls Loss:1.0779 Pair Loss:0.3373 KL Loss:336.1951 Recon Loss:0.1835 Acc:0.9342 
Epoch:27 Time:3.6 Data:0.0 Loss:1.0305 Cls Loss:1.0305 Pair Loss:0.3355 KL Loss:334.6036 Recon Loss:0.1834 Acc:0.9330 
Epoch:28 Time:4.0 Data:0.0 Loss:0.9795 Cls Loss:0.9795 Pair Loss:0.3377 KL Loss:335.3758 Recon Loss:0.1834 Acc:0.9372 
Epoch:29 Time:3.7 Data:0.0 Loss:0.9244 Cls Loss:0.9244 Pair Loss:0.3361 KL Loss:334.2492 Recon Loss:0.1833 Acc:0.9441 
Epoch:30 Time:4.9 Data:0.0 Loss:0.8917 Cls Loss:0.8917 Pair Loss:0.3389 KL Loss:335.4926 Recon Loss:0.1834 Acc:0.9468 
=> Test at epoch 30
==========Test with latent_z: z_c =========
Extracted features for query set, obtained torch.Size([2709, 128]) matrix
Extracted features for gallery set, obtained torch.Size([2000, 128]) matrix
Extracting features complete in 0m 5s
Distance computing in 0m 0s
Results ---------------------------------------------------
top1:10.3% top5:26.0% top10:36.9% top20:49.7% mAP:13.0%
-----------------------------------------------------------
Using 0m 0s
Classifier results ---------------------------------------------------
Query acc: 22.4% Gallery acc: 98.9% Total acc: 54.9%
Jump TSNE in test
==========Test with latent_z: new_z =========
Extracted features for query set, obtained torch.Size([2709, 192]) matrix
Extracted features for gallery set, obtained torch.Size([2000, 192]) matrix
Extracting features complete in 0m 4s
Distance computing in 0m 0s
Results ---------------------------------------------------
top1:10.2% top5:27.8% top10:39.1% top20:52.0% mAP:13.1%
-----------------------------------------------------------
Using 0m 0s
Classifier results ---------------------------------------------------
Query acc: 22.1% Gallery acc: 98.9% Total acc: 54.7%
Epoch:31 Time:6.0 Data:0.0 Loss:0.8471 Cls Loss:0.8471 Pair Loss:0.3401 KL Loss:334.1004 Recon Loss:0.1835 Acc:0.9516 
Epoch:32 Time:4.2 Data:0.0 Loss:0.7997 Cls Loss:0.7997 Pair Loss:0.3372 KL Loss:335.0923 Recon Loss:0.1834 Acc:0.9546 
Epoch:33 Time:4.2 Data:0.0 Loss:0.7687 Cls Loss:0.7687 Pair Loss:0.3393 KL Loss:334.5504 Recon Loss:0.1834 Acc:0.9622 
Epoch:34 Time:3.6 Data:0.0 Loss:0.7281 Cls Loss:0.7281 Pair Loss:0.3358 KL Loss:332.7988 Recon Loss:0.1834 Acc:0.9624 
Epoch:35 Time:3.6 Data:0.0 Loss:0.7099 Cls Loss:0.7099 Pair Loss:0.3380 KL Loss:334.0799 Recon Loss:0.1834 Acc:0.9640 
=> Test at epoch 35
==========Test with latent_z: z_c =========
Extracted features for query set, obtained torch.Size([2709, 128]) matrix
Extracted features for gallery set, obtained torch.Size([2000, 128]) matrix
Extracting features complete in 0m 4s
Distance computing in 0m 0s
Results ---------------------------------------------------
top1:10.4% top5:27.7% top10:37.8% top20:50.1% mAP:13.4%
-----------------------------------------------------------
Using 0m 0s
Classifier results ---------------------------------------------------
Query acc: 22.5% Gallery acc: 98.8% Total acc: 54.9%
Jump TSNE in test
==========Test with latent_z: new_z =========
Extracted features for query set, obtained torch.Size([2709, 192]) matrix
Extracted features for gallery set, obtained torch.Size([2000, 192]) matrix
Extracting features complete in 0m 4s
Distance computing in 0m 0s
Results ---------------------------------------------------
top1:10.8% top5:27.9% top10:38.8% top20:51.3% mAP:13.5%
-----------------------------------------------------------
Using 0m 0s
Classifier results ---------------------------------------------------
Query acc: 23.0% Gallery acc: 99.1% Total acc: 55.3%
Epoch:36 Time:6.2 Data:0.0 Loss:0.6832 Cls Loss:0.6832 Pair Loss:0.3348 KL Loss:332.9564 Recon Loss:0.1835 Acc:0.9635 
Epoch:37 Time:3.7 Data:0.0 Loss:0.6449 Cls Loss:0.6449 Pair Loss:0.3408 KL Loss:333.6740 Recon Loss:0.1834 Acc:0.9662 
Epoch:38 Time:4.2 Data:0.0 Loss:0.6337 Cls Loss:0.6337 Pair Loss:0.3402 KL Loss:333.8196 Recon Loss:0.1835 Acc:0.9662 
Epoch:39 Time:3.7 Data:0.0 Loss:0.6015 Cls Loss:0.6015 Pair Loss:0.3350 KL Loss:332.7907 Recon Loss:0.1834 Acc:0.9738 
Epoch:40 Time:5.4 Data:0.0 Loss:0.5748 Cls Loss:0.5748 Pair Loss:0.3375 KL Loss:332.2913 Recon Loss:0.1834 Acc:0.9667 
=> Test at epoch 40
==========Test with latent_z: z_c =========
Extracted features for query set, obtained torch.Size([2709, 128]) matrix
Extracted features for gallery set, obtained torch.Size([2000, 128]) matrix
Extracting features complete in 0m 4s
Distance computing in 0m 0s
Results ---------------------------------------------------
top1:9.0% top5:26.5% top10:37.5% top20:50.3% mAP:12.9%
-----------------------------------------------------------
Using 0m 0s
Classifier results ---------------------------------------------------
Query acc: 22.6% Gallery acc: 99.5% Total acc: 55.2%
Jump TSNE in test
==========Test with latent_z: new_z =========
Extracted features for query set, obtained torch.Size([2709, 192]) matrix
Extracted features for gallery set, obtained torch.Size([2000, 192]) matrix
Extracting features complete in 0m 4s
Distance computing in 0m 0s
Results ---------------------------------------------------
top1:11.1% top5:27.2% top10:38.9% top20:51.5% mAP:13.5%
-----------------------------------------------------------
Using 0m 0s
Classifier results ---------------------------------------------------
Query acc: 22.0% Gallery acc: 99.6% Total acc: 55.0%
Epoch:41 Time:5.0 Data:0.0 Loss:0.5593 Cls Loss:0.5593 Pair Loss:0.3388 KL Loss:332.0631 Recon Loss:0.1834 Acc:0.9733 
Epoch:42 Time:3.4 Data:0.0 Loss:0.5418 Cls Loss:0.5418 Pair Loss:0.3356 KL Loss:330.6874 Recon Loss:0.1833 Acc:0.9743 
Epoch:43 Time:4.1 Data:0.0 Loss:0.5155 Cls Loss:0.5155 Pair Loss:0.3348 KL Loss:331.2707 Recon Loss:0.1834 Acc:0.9773 
Epoch:44 Time:4.3 Data:0.0 Loss:0.5062 Cls Loss:0.5062 Pair Loss:0.3400 KL Loss:331.6130 Recon Loss:0.1835 Acc:0.9751 
Epoch:45 Time:6.0 Data:0.0 Loss:0.4837 Cls Loss:0.4837 Pair Loss:0.3361 KL Loss:331.1649 Recon Loss:0.1834 Acc:0.9783 
=> Test at epoch 45
==========Test with latent_z: z_c =========
Extracted features for query set, obtained torch.Size([2709, 128]) matrix
Extracted features for gallery set, obtained torch.Size([2000, 128]) matrix
Extracting features complete in 0m 4s
Distance computing in 0m 0s
Results ---------------------------------------------------
top1:10.3% top5:27.6% top10:38.2% top20:50.8% mAP:13.3%
-----------------------------------------------------------
Using 0m 0s
Classifier results ---------------------------------------------------
Query acc: 22.6% Gallery acc: 99.7% Total acc: 55.3%
Jump TSNE in test
==========Test with latent_z: new_z =========
Extracted features for query set, obtained torch.Size([2709, 192]) matrix
Extracted features for gallery set, obtained torch.Size([2000, 192]) matrix
Extracting features complete in 0m 4s
Distance computing in 0m 0s
Results ---------------------------------------------------
top1:10.0% top5:26.5% top10:37.8% top20:50.4% mAP:12.7%
-----------------------------------------------------------
Using 0m 0s
Classifier results ---------------------------------------------------
Query acc: 22.5% Gallery acc: 99.3% Total acc: 55.1%
Epoch:46 Time:4.6 Data:0.0 Loss:0.4652 Cls Loss:0.4652 Pair Loss:0.3363 KL Loss:330.8570 Recon Loss:0.1834 Acc:0.9808 
Epoch:47 Time:3.9 Data:0.0 Loss:0.4488 Cls Loss:0.4488 Pair Loss:0.3369 KL Loss:330.3263 Recon Loss:0.1834 Acc:0.9801 
Epoch:48 Time:4.1 Data:0.0 Loss:0.4348 Cls Loss:0.4348 Pair Loss:0.3362 KL Loss:329.9734 Recon Loss:0.1834 Acc:0.9859 
Epoch:49 Time:4.2 Data:0.0 Loss:0.4258 Cls Loss:0.4258 Pair Loss:0.3386 KL Loss:330.3963 Recon Loss:0.1834 Acc:0.9839 
Epoch:50 Time:6.1 Data:0.0 Loss:0.4064 Cls Loss:0.4064 Pair Loss:0.3325 KL Loss:328.7074 Recon Loss:0.1834 Acc:0.9869 
=> Test at epoch 50
==========Test with latent_z: z_c =========
Extracted features for query set, obtained torch.Size([2709, 128]) matrix
Extracted features for gallery set, obtained torch.Size([2000, 128]) matrix
Extracting features complete in 0m 4s
Distance computing in 0m 0s
Results ---------------------------------------------------
top1:10.0% top5:27.3% top10:38.2% top20:51.3% mAP:13.0%
-----------------------------------------------------------
Using 0m 0s
Classifier results ---------------------------------------------------
Query acc: 22.8% Gallery acc: 99.8% Total acc: 55.5%
Jump TSNE in test
==========Test with latent_z: new_z =========
Extracted features for query set, obtained torch.Size([2709, 192]) matrix
Extracted features for gallery set, obtained torch.Size([2000, 192]) matrix
Extracting features complete in 0m 4s
Distance computing in 0m 0s
Results ---------------------------------------------------
top1:11.1% top5:28.6% top10:39.6% top20:51.9% mAP:13.8%
-----------------------------------------------------------
Using 0m 0s
Classifier results ---------------------------------------------------
Query acc: 22.7% Gallery acc: 99.8% Total acc: 55.4%
Epoch:51 Time:5.1 Data:0.0 Loss:0.4004 Cls Loss:0.4004 Pair Loss:0.3358 KL Loss:328.3440 Recon Loss:0.1834 Acc:0.9839 
Epoch:52 Time:3.3 Data:0.0 Loss:0.3891 Cls Loss:0.3891 Pair Loss:0.3360 KL Loss:329.3441 Recon Loss:0.1834 Acc:0.9887 
Epoch:53 Time:4.1 Data:0.0 Loss:0.3757 Cls Loss:0.3757 Pair Loss:0.3381 KL Loss:330.6839 Recon Loss:0.1834 Acc:0.9866 
Epoch:54 Time:3.6 Data:0.0 Loss:0.3621 Cls Loss:0.3621 Pair Loss:0.3407 KL Loss:328.8020 Recon Loss:0.1834 Acc:0.9866 
Epoch:55 Time:5.2 Data:0.0 Loss:0.3582 Cls Loss:0.3582 Pair Loss:0.3358 KL Loss:328.9332 Recon Loss:0.1835 Acc:0.9889 
=> Test at epoch 55
==========Test with latent_z: z_c =========
Extracted features for query set, obtained torch.Size([2709, 128]) matrix
Extracted features for gallery set, obtained torch.Size([2000, 128]) matrix
Extracting features complete in 0m 4s
Distance computing in 0m 0s
Results ---------------------------------------------------
top1:9.8% top5:26.8% top10:37.1% top20:49.6% mAP:13.0%
-----------------------------------------------------------
Using 0m 0s
Classifier results ---------------------------------------------------
Query acc: 23.1% Gallery acc: 99.7% Total acc: 55.6%
Jump TSNE in test
==========Test with latent_z: new_z =========
Extracted features for query set, obtained torch.Size([2709, 192]) matrix
Extracted features for gallery set, obtained torch.Size([2000, 192]) matrix
Extracting features complete in 0m 4s
Distance computing in 0m 0s
Results ---------------------------------------------------
top1:11.2% top5:28.9% top10:39.4% top20:50.5% mAP:14.0%
-----------------------------------------------------------
Using 0m 0s
Classifier results ---------------------------------------------------
Query acc: 23.5% Gallery acc: 99.8% Total acc: 55.9%
Epoch:56 Time:5.3 Data:0.0 Loss:0.3515 Cls Loss:0.3515 Pair Loss:0.3365 KL Loss:328.0912 Recon Loss:0.1834 Acc:0.9887 
Epoch:57 Time:3.5 Data:0.0 Loss:0.3361 Cls Loss:0.3361 Pair Loss:0.3360 KL Loss:327.7667 Recon Loss:0.1835 Acc:0.9879 
Epoch:58 Time:3.9 Data:0.0 Loss:0.3284 Cls Loss:0.3284 Pair Loss:0.3406 KL Loss:328.1372 Recon Loss:0.1834 Acc:0.9897 
Epoch:59 Time:3.4 Data:0.0 Loss:0.3255 Cls Loss:0.3255 Pair Loss:0.3381 KL Loss:328.0043 Recon Loss:0.1835 Acc:0.9887 
Epoch:60 Time:4.2 Data:0.0 Loss:0.3204 Cls Loss:0.3204 Pair Loss:0.3395 KL Loss:327.1654 Recon Loss:0.1835 Acc:0.9894 
=> Test at epoch 60
==========Test with latent_z: z_c =========
Extracted features for query set, obtained torch.Size([2709, 128]) matrix
Extracted features for gallery set, obtained torch.Size([2000, 128]) matrix
Extracting features complete in 0m 5s
Distance computing in 0m 0s
Results ---------------------------------------------------
top1:9.7% top5:25.4% top10:35.9% top20:48.3% mAP:12.7%
-----------------------------------------------------------
Using 0m 0s
Classifier results ---------------------------------------------------
Query acc: 23.0% Gallery acc: 99.9% Total acc: 55.6%
Jump TSNE in test
==========Test with latent_z: new_z =========
Extracted features for query set, obtained torch.Size([2709, 192]) matrix
Extracted features for gallery set, obtained torch.Size([2000, 192]) matrix
Extracting features complete in 0m 4s
Distance computing in 0m 0s
Results ---------------------------------------------------
top1:10.0% top5:26.9% top10:38.3% top20:51.7% mAP:13.3%
-----------------------------------------------------------
Using 0m 0s
Classifier results ---------------------------------------------------
Query acc: 23.5% Gallery acc: 99.8% Total acc: 55.9%
Epoch:61 Time:6.4 Data:0.0 Loss:0.2538 Cls Loss:0.2538 Pair Loss:0.3395 KL Loss:327.8462 Recon Loss:0.1835 Acc:0.9957 
Epoch:62 Time:3.9 Data:0.0 Loss:0.2515 Cls Loss:0.2515 Pair Loss:0.3372 KL Loss:326.1831 Recon Loss:0.1834 Acc:0.9957 
Epoch:63 Time:4.2 Data:0.0 Loss:0.2522 Cls Loss:0.2522 Pair Loss:0.3397 KL Loss:326.8141 Recon Loss:0.1834 Acc:0.9962 
Epoch:64 Time:3.5 Data:0.0 Loss:0.2466 Cls Loss:0.2466 Pair Loss:0.3383 KL Loss:326.2252 Recon Loss:0.1834 Acc:0.9967 
Epoch:65 Time:4.2 Data:0.0 Loss:0.2472 Cls Loss:0.2472 Pair Loss:0.3383 KL Loss:325.5668 Recon Loss:0.1834 Acc:0.9967 
=> Test at epoch 65
==========Test with latent_z: z_c =========
Extracted features for query set, obtained torch.Size([2709, 128]) matrix
Extracted features for gallery set, obtained torch.Size([2000, 128]) matrix
Extracting features complete in 0m 5s
Distance computing in 0m 0s
Results ---------------------------------------------------
top1:10.5% top5:27.8% top10:38.2% top20:50.6% mAP:13.4%
-----------------------------------------------------------
Using 0m 0s
Classifier results ---------------------------------------------------
Query acc: 23.5% Gallery acc: 99.8% Total acc: 55.9%
Jump TSNE in test
==========Test with latent_z: new_z =========
Extracted features for query set, obtained torch.Size([2709, 192]) matrix
Extracted features for gallery set, obtained torch.Size([2000, 192]) matrix
Extracting features complete in 0m 3s
Distance computing in 0m 0s
Results ---------------------------------------------------
top1:10.0% top5:26.0% top10:38.6% top20:51.8% mAP:13.0%
-----------------------------------------------------------
Using 0m 0s
Classifier results ---------------------------------------------------
Query acc: 23.7% Gallery acc: 99.9% Total acc: 56.1%
Epoch:66 Time:6.0 Data:0.0 Loss:0.2501 Cls Loss:0.2501 Pair Loss:0.3390 KL Loss:325.4386 Recon Loss:0.1834 Acc:0.9955 
Epoch:67 Time:3.9 Data:0.0 Loss:0.2437 Cls Loss:0.2437 Pair Loss:0.3381 KL Loss:325.2803 Recon Loss:0.1833 Acc:0.9972 
Epoch:68 Time:3.8 Data:0.0 Loss:0.2478 Cls Loss:0.2478 Pair Loss:0.3361 KL Loss:325.4131 Recon Loss:0.1834 Acc:0.9972 
Epoch:69 Time:3.5 Data:0.0 Loss:0.2449 Cls Loss:0.2449 Pair Loss:0.3363 KL Loss:325.0205 Recon Loss:0.1834 Acc:0.9957 
Epoch:70 Time:4.7 Data:0.0 Loss:0.2481 Cls Loss:0.2481 Pair Loss:0.3347 KL Loss:324.9591 Recon Loss:0.1834 Acc:0.9950 
=> Test at epoch 70
==========Test with latent_z: z_c =========
Extracted features for query set, obtained torch.Size([2709, 128]) matrix
Extracted features for gallery set, obtained torch.Size([2000, 128]) matrix
Extracting features complete in 0m 5s
Distance computing in 0m 0s
Results ---------------------------------------------------
top1:9.5% top5:25.4% top10:36.4% top20:49.1% mAP:12.6%
-----------------------------------------------------------
Using 0m 0s
Classifier results ---------------------------------------------------
Query acc: 23.0% Gallery acc: 99.8% Total acc: 55.6%
Jump TSNE in test
==========Test with latent_z: new_z =========
Extracted features for query set, obtained torch.Size([2709, 192]) matrix
Extracted features for gallery set, obtained torch.Size([2000, 192]) matrix
Extracting features complete in 0m 4s
Distance computing in 0m 0s
Results ---------------------------------------------------
top1:10.5% top5:26.6% top10:37.4% top20:50.5% mAP:13.0%
-----------------------------------------------------------
Using 0m 0s
Classifier results ---------------------------------------------------
Query acc: 23.4% Gallery acc: 99.8% Total acc: 55.8%
Epoch:71 Time:5.8 Data:0.0 Loss:0.2464 Cls Loss:0.2464 Pair Loss:0.3372 KL Loss:324.3782 Recon Loss:0.1834 Acc:0.9960 
Epoch:72 Time:3.4 Data:0.0 Loss:0.2493 Cls Loss:0.2493 Pair Loss:0.3405 KL Loss:324.6321 Recon Loss:0.1834 Acc:0.9965 
Epoch:73 Time:3.8 Data:0.0 Loss:0.2417 Cls Loss:0.2417 Pair Loss:0.3345 KL Loss:323.4876 Recon Loss:0.1835 Acc:0.9970 
Epoch:74 Time:3.6 Data:0.0 Loss:0.2427 Cls Loss:0.2427 Pair Loss:0.3403 KL Loss:324.1246 Recon Loss:0.1834 Acc:0.9967 
Epoch:75 Time:4.3 Data:0.0 Loss:0.2369 Cls Loss:0.2369 Pair Loss:0.3385 KL Loss:323.8222 Recon Loss:0.1834 Acc:0.9980 
=> Test at epoch 75
==========Test with latent_z: z_c =========
Extracted features for query set, obtained torch.Size([2709, 128]) matrix
Extracted features for gallery set, obtained torch.Size([2000, 128]) matrix
Extracting features complete in 0m 4s
Distance computing in 0m 0s
Results ---------------------------------------------------
top1:10.6% top5:26.9% top10:37.3% top20:50.0% mAP:13.1%
-----------------------------------------------------------
Using 0m 0s
Classifier results ---------------------------------------------------
Query acc: 24.3% Gallery acc: 99.9% Total acc: 56.4%
Jump TSNE in test
==========Test with latent_z: new_z =========
Extracted features for query set, obtained torch.Size([2709, 192]) matrix
Extracted features for gallery set, obtained torch.Size([2000, 192]) matrix
Extracting features complete in 0m 3s
Distance computing in 0m 0s
Results ---------------------------------------------------
top1:9.9% top5:26.4% top10:37.5% top20:50.0% mAP:12.8%
-----------------------------------------------------------
Using 0m 0s
Classifier results ---------------------------------------------------
Query acc: 24.0% Gallery acc: 100.0% Total acc: 56.3%
Epoch:76 Time:5.2 Data:0.0 Loss:0.2444 Cls Loss:0.2444 Pair Loss:0.3352 KL Loss:322.2723 Recon Loss:0.1834 Acc:0.9957 
Epoch:77 Time:3.4 Data:0.0 Loss:0.2400 Cls Loss:0.2400 Pair Loss:0.3348 KL Loss:322.5056 Recon Loss:0.1834 Acc:0.9972 
Epoch:78 Time:4.0 Data:0.0 Loss:0.2372 Cls Loss:0.2372 Pair Loss:0.3377 KL Loss:323.2157 Recon Loss:0.1835 Acc:0.9957 
Epoch:79 Time:3.7 Data:0.0 Loss:0.2370 Cls Loss:0.2370 Pair Loss:0.3410 KL Loss:322.3115 Recon Loss:0.1834 Acc:0.9967 
Epoch:80 Time:4.9 Data:0.0 Loss:0.2409 Cls Loss:0.2409 Pair Loss:0.3347 KL Loss:322.1114 Recon Loss:0.1835 Acc:0.9952 
=> Test at epoch 80
==========Test with latent_z: z_c =========
Extracted features for query set, obtained torch.Size([2709, 128]) matrix
Extracted features for gallery set, obtained torch.Size([2000, 128]) matrix
Extracting features complete in 0m 4s
Distance computing in 0m 0s
Results ---------------------------------------------------
top1:9.9% top5:27.1% top10:37.8% top20:49.7% mAP:13.0%
-----------------------------------------------------------
Using 0m 0s
Classifier results ---------------------------------------------------
Query acc: 22.3% Gallery acc: 100.0% Total acc: 55.3%
Jump TSNE in test
==========Test with latent_z: new_z =========
Extracted features for query set, obtained torch.Size([2709, 192]) matrix
Extracted features for gallery set, obtained torch.Size([2000, 192]) matrix
Extracting features complete in 0m 4s
Distance computing in 0m 0s
Results ---------------------------------------------------
top1:10.9% top5:28.2% top10:38.5% top20:51.1% mAP:13.7%
-----------------------------------------------------------
Using 0m 0s
Classifier results ---------------------------------------------------
Query acc: 23.1% Gallery acc: 99.9% Total acc: 55.7%
Epoch:81 Time:4.1 Data:0.0 Loss:0.2391 Cls Loss:0.2391 Pair Loss:0.3337 KL Loss:320.6863 Recon Loss:0.1834 Acc:0.9962 
Epoch:82 Time:3.6 Data:0.0 Loss:0.2298 Cls Loss:0.2298 Pair Loss:0.3327 KL Loss:321.3596 Recon Loss:0.1834 Acc:0.9967 
Epoch:83 Time:4.2 Data:0.0 Loss:0.2358 Cls Loss:0.2358 Pair Loss:0.3338 KL Loss:321.6922 Recon Loss:0.1834 Acc:0.9950 
Epoch:84 Time:3.8 Data:0.0 Loss:0.2430 Cls Loss:0.2430 Pair Loss:0.3406 KL Loss:321.7126 Recon Loss:0.1834 Acc:0.9970 
Epoch:85 Time:4.6 Data:0.0 Loss:0.2382 Cls Loss:0.2382 Pair Loss:0.3368 KL Loss:322.3253 Recon Loss:0.1834 Acc:0.9970 
=> Test at epoch 85
==========Test with latent_z: z_c =========
Extracted features for query set, obtained torch.Size([2709, 128]) matrix
Extracted features for gallery set, obtained torch.Size([2000, 128]) matrix
Extracting features complete in 0m 5s
Distance computing in 0m 0s
Results ---------------------------------------------------
top1:8.8% top5:25.9% top10:36.6% top20:50.0% mAP:12.4%
-----------------------------------------------------------
Using 0m 0s
Classifier results ---------------------------------------------------
Query acc: 22.8% Gallery acc: 99.9% Total acc: 55.6%
Jump TSNE in test
==========Test with latent_z: new_z =========
Extracted features for query set, obtained torch.Size([2709, 192]) matrix
Extracted features for gallery set, obtained torch.Size([2000, 192]) matrix
Extracting features complete in 0m 4s
Distance computing in 0m 0s
Results ---------------------------------------------------
top1:10.0% top5:26.9% top10:37.8% top20:49.8% mAP:13.0%
-----------------------------------------------------------
Using 0m 0s
Classifier results ---------------------------------------------------
Query acc: 23.4% Gallery acc: 100.0% Total acc: 55.9%
Epoch:86 Time:6.4 Data:0.0 Loss:0.2377 Cls Loss:0.2377 Pair Loss:0.3357 KL Loss:321.6389 Recon Loss:0.1834 Acc:0.9965 
Epoch:87 Time:3.9 Data:0.0 Loss:0.2341 Cls Loss:0.2341 Pair Loss:0.3404 KL Loss:321.9230 Recon Loss:0.1834 Acc:0.9970 
Epoch:88 Time:3.9 Data:0.0 Loss:0.2337 Cls Loss:0.2337 Pair Loss:0.3389 KL Loss:322.0371 Recon Loss:0.1834 Acc:0.9972 
Epoch:89 Time:3.5 Data:0.0 Loss:0.2337 Cls Loss:0.2337 Pair Loss:0.3395 KL Loss:323.5384 Recon Loss:0.1834 Acc:0.9975 
Epoch:90 Time:4.2 Data:0.0 Loss:0.2359 Cls Loss:0.2359 Pair Loss:0.3358 KL Loss:320.9579 Recon Loss:0.1834 Acc:0.9967 
=> Test at epoch 90
==========Test with latent_z: z_c =========
Extracted features for query set, obtained torch.Size([2709, 128]) matrix
Extracted features for gallery set, obtained torch.Size([2000, 128]) matrix
Extracting features complete in 0m 5s
Distance computing in 0m 0s
Results ---------------------------------------------------
top1:10.2% top5:27.3% top10:37.9% top20:51.2% mAP:13.2%
-----------------------------------------------------------
Using 0m 0s
Classifier results ---------------------------------------------------
Query acc: 23.0% Gallery acc: 100.0% Total acc: 55.7%
Jump TSNE in test
==========Test with latent_z: new_z =========
Extracted features for query set, obtained torch.Size([2709, 192]) matrix
Extracted features for gallery set, obtained torch.Size([2000, 192]) matrix
Extracting features complete in 0m 4s
Distance computing in 0m 0s
Results ---------------------------------------------------
top1:11.2% top5:28.0% top10:39.4% top20:51.5% mAP:14.0%
-----------------------------------------------------------
Using 0m 0s
Classifier results ---------------------------------------------------
Query acc: 22.9% Gallery acc: 99.9% Total acc: 55.6%
Epoch:91 Time:6.3 Data:0.0 Loss:0.2306 Cls Loss:0.2306 Pair Loss:0.3372 KL Loss:321.2460 Recon Loss:0.1834 Acc:0.9972 
Epoch:92 Time:3.8 Data:0.0 Loss:0.2293 Cls Loss:0.2293 Pair Loss:0.3362 KL Loss:321.5743 Recon Loss:0.1835 Acc:0.9970 
Epoch:93 Time:4.0 Data:0.0 Loss:0.2338 Cls Loss:0.2338 Pair Loss:0.3322 KL Loss:321.3679 Recon Loss:0.1835 Acc:0.9967 
Epoch:94 Time:3.7 Data:0.0 Loss:0.2328 Cls Loss:0.2328 Pair Loss:0.3356 KL Loss:322.1221 Recon Loss:0.1834 Acc:0.9970 
Epoch:95 Time:4.1 Data:0.0 Loss:0.2327 Cls Loss:0.2327 Pair Loss:0.3387 KL Loss:321.4292 Recon Loss:0.1834 Acc:0.9970 
=> Test at epoch 95
==========Test with latent_z: z_c =========
Extracted features for query set, obtained torch.Size([2709, 128]) matrix
Extracted features for gallery set, obtained torch.Size([2000, 128]) matrix
Extracting features complete in 0m 4s
Distance computing in 0m 0s
Results ---------------------------------------------------
top1:10.1% top5:26.0% top10:37.7% top20:51.4% mAP:12.8%
-----------------------------------------------------------
Using 0m 0s
Classifier results ---------------------------------------------------
Query acc: 23.0% Gallery acc: 99.9% Total acc: 55.7%
Jump TSNE in test
==========Test with latent_z: new_z =========
Extracted features for query set, obtained torch.Size([2709, 192]) matrix
Extracted features for gallery set, obtained torch.Size([2000, 192]) matrix
Extracting features complete in 0m 4s
Distance computing in 0m 0s
Results ---------------------------------------------------
top1:9.9% top5:27.0% top10:39.7% top20:51.4% mAP:13.0%
-----------------------------------------------------------
Using 0m 0s
Classifier results ---------------------------------------------------
Query acc: 23.6% Gallery acc: 99.9% Total acc: 56.0%
Epoch:96 Time:5.6 Data:0.0 Loss:0.2304 Cls Loss:0.2304 Pair Loss:0.3334 KL Loss:322.2044 Recon Loss:0.1834 Acc:0.9967 
Epoch:97 Time:4.0 Data:0.0 Loss:0.2295 Cls Loss:0.2295 Pair Loss:0.3377 KL Loss:322.0204 Recon Loss:0.1834 Acc:0.9967 
Epoch:98 Time:4.1 Data:0.0 Loss:0.2242 Cls Loss:0.2242 Pair Loss:0.3370 KL Loss:322.4523 Recon Loss:0.1833 Acc:0.9965 
Epoch:99 Time:3.7 Data:0.0 Loss:0.2284 Cls Loss:0.2284 Pair Loss:0.3364 KL Loss:322.8901 Recon Loss:0.1834 Acc:0.9960 
Epoch:100 Time:4.3 Data:0.0 Loss:0.2221 Cls Loss:0.2221 Pair Loss:0.3386 KL Loss:323.7274 Recon Loss:0.1834 Acc:0.9975 
=> Test at epoch 100
==========Test with latent_z: z_c =========
Extracted features for query set, obtained torch.Size([2709, 128]) matrix
Extracted features for gallery set, obtained torch.Size([2000, 128]) matrix
Extracting features complete in 0m 4s
Distance computing in 0m 0s
Results ---------------------------------------------------
top1:9.6% top5:26.2% top10:37.2% top20:49.8% mAP:12.7%
-----------------------------------------------------------
Using 0m 0s
Classifier results ---------------------------------------------------
Query acc: 23.3% Gallery acc: 99.9% Total acc: 55.8%
Jump TSNE in test
==========Test with latent_z: new_z =========
Extracted features for query set, obtained torch.Size([2709, 192]) matrix
Extracted features for gallery set, obtained torch.Size([2000, 192]) matrix
Extracting features complete in 0m 4s
Distance computing in 0m 0s
Results ---------------------------------------------------
top1:10.3% top5:26.9% top10:38.5% top20:51.2% mAP:13.1%
-----------------------------------------------------------
Using 0m 0s
Classifier results ---------------------------------------------------
Query acc: 23.3% Gallery acc: 100.0% Total acc: 55.9%
Epoch:101 Time:5.5 Data:0.0 Loss:0.2267 Cls Loss:0.2267 Pair Loss:0.3359 KL Loss:322.4652 Recon Loss:0.1835 Acc:0.9977 
Epoch:102 Time:3.6 Data:0.0 Loss:0.2291 Cls Loss:0.2291 Pair Loss:0.3389 KL Loss:322.9677 Recon Loss:0.1834 Acc:0.9977 
Epoch:103 Time:4.1 Data:0.0 Loss:0.2262 Cls Loss:0.2262 Pair Loss:0.3361 KL Loss:322.2733 Recon Loss:0.1835 Acc:0.9970 
Epoch:104 Time:3.6 Data:0.0 Loss:0.2245 Cls Loss:0.2245 Pair Loss:0.3356 KL Loss:320.6663 Recon Loss:0.1835 Acc:0.9975 
Epoch:105 Time:5.6 Data:0.0 Loss:0.2213 Cls Loss:0.2213 Pair Loss:0.3365 KL Loss:322.0387 Recon Loss:0.1834 Acc:0.9977 
=> Test at epoch 105
==========Test with latent_z: z_c =========
Extracted features for query set, obtained torch.Size([2709, 128]) matrix
Extracted features for gallery set, obtained torch.Size([2000, 128]) matrix
Extracting features complete in 0m 4s
Distance computing in 0m 0s
Results ---------------------------------------------------
top1:10.2% top5:28.5% top10:39.5% top20:51.5% mAP:13.4%
-----------------------------------------------------------
Using 0m 0s
Classifier results ---------------------------------------------------
Query acc: 23.2% Gallery acc: 100.0% Total acc: 55.8%
Jump TSNE in test
==========Test with latent_z: new_z =========
Extracted features for query set, obtained torch.Size([2709, 192]) matrix
Extracted features for gallery set, obtained torch.Size([2000, 192]) matrix
Extracting features complete in 0m 4s
Distance computing in 0m 0s
Results ---------------------------------------------------
top1:10.3% top5:27.4% top10:38.5% top20:52.0% mAP:13.4%
-----------------------------------------------------------
Using 0m 0s
Classifier results ---------------------------------------------------
Query acc: 23.2% Gallery acc: 99.9% Total acc: 55.8%
Epoch:106 Time:3.9 Data:0.0 Loss:0.2252 Cls Loss:0.2252 Pair Loss:0.3358 KL Loss:320.7916 Recon Loss:0.1833 Acc:0.9970 
Epoch:107 Time:4.1 Data:0.0 Loss:0.2242 Cls Loss:0.2242 Pair Loss:0.3347 KL Loss:321.2894 Recon Loss:0.1834 Acc:0.9962 
Epoch:108 Time:4.2 Data:0.0 Loss:0.2223 Cls Loss:0.2223 Pair Loss:0.3356 KL Loss:321.6828 Recon Loss:0.1834 Acc:0.9965 
Epoch:109 Time:3.6 Data:0.0 Loss:0.2198 Cls Loss:0.2198 Pair Loss:0.3362 KL Loss:321.3313 Recon Loss:0.1834 Acc:0.9970 
Epoch:110 Time:4.9 Data:0.0 Loss:0.2204 Cls Loss:0.2204 Pair Loss:0.3331 KL Loss:321.5829 Recon Loss:0.1834 Acc:0.9982 
=> Test at epoch 110
==========Test with latent_z: z_c =========
Extracted features for query set, obtained torch.Size([2709, 128]) matrix
Extracted features for gallery set, obtained torch.Size([2000, 128]) matrix
Extracting features complete in 0m 4s
Distance computing in 0m 0s
Results ---------------------------------------------------
top1:10.3% top5:27.3% top10:37.6% top20:50.7% mAP:13.1%
-----------------------------------------------------------
Using 0m 0s
Classifier results ---------------------------------------------------
Query acc: 23.3% Gallery acc: 99.8% Total acc: 55.8%
Jump TSNE in test
==========Test with latent_z: new_z =========
Extracted features for query set, obtained torch.Size([2709, 192]) matrix
Extracted features for gallery set, obtained torch.Size([2000, 192]) matrix
Extracting features complete in 0m 3s
Distance computing in 0m 0s
Results ---------------------------------------------------
top1:10.0% top5:27.4% top10:38.0% top20:50.6% mAP:13.1%
-----------------------------------------------------------
Using 0m 0s
Classifier results ---------------------------------------------------
Query acc: 23.5% Gallery acc: 100.0% Total acc: 56.0%
Epoch:111 Time:5.9 Data:0.0 Loss:0.2201 Cls Loss:0.2201 Pair Loss:0.3328 KL Loss:321.4443 Recon Loss:0.1835 Acc:0.9960 
Epoch:112 Time:4.0 Data:0.0 Loss:0.2214 Cls Loss:0.2214 Pair Loss:0.3392 KL Loss:321.5700 Recon Loss:0.1834 Acc:0.9980 
Epoch:113 Time:4.2 Data:0.0 Loss:0.2183 Cls Loss:0.2183 Pair Loss:0.3345 KL Loss:321.0095 Recon Loss:0.1834 Acc:0.9980 
Epoch:114 Time:3.4 Data:0.0 Loss:0.2170 Cls Loss:0.2170 Pair Loss:0.3358 KL Loss:320.8706 Recon Loss:0.1834 Acc:0.9977 
Epoch:115 Time:4.1 Data:0.0 Loss:0.2167 Cls Loss:0.2167 Pair Loss:0.3363 KL Loss:321.6690 Recon Loss:0.1834 Acc:0.9982 
=> Test at epoch 115
==========Test with latent_z: z_c =========
Extracted features for query set, obtained torch.Size([2709, 128]) matrix
Extracted features for gallery set, obtained torch.Size([2000, 128]) matrix
Extracting features complete in 0m 4s
Distance computing in 0m 0s
Results ---------------------------------------------------
top1:10.4% top5:27.0% top10:38.2% top20:50.8% mAP:13.2%
-----------------------------------------------------------
Using 0m 0s
Classifier results ---------------------------------------------------
Query acc: 24.0% Gallery acc: 100.0% Total acc: 56.2%
Jump TSNE in test
==========Test with latent_z: new_z =========
Extracted features for query set, obtained torch.Size([2709, 192]) matrix
Extracted features for gallery set, obtained torch.Size([2000, 192]) matrix
Extracting features complete in 0m 4s
Distance computing in 0m 0s
Results ---------------------------------------------------
top1:9.7% top5:26.4% top10:37.5% top20:50.3% mAP:12.7%
-----------------------------------------------------------
Using 0m 0s
Classifier results ---------------------------------------------------
Query acc: 23.8% Gallery acc: 99.9% Total acc: 56.1%
Epoch:116 Time:6.3 Data:0.0 Loss:0.2148 Cls Loss:0.2148 Pair Loss:0.3363 KL Loss:322.0610 Recon Loss:0.1834 Acc:0.9980 
Epoch:117 Time:4.1 Data:0.0 Loss:0.2163 Cls Loss:0.2163 Pair Loss:0.3356 KL Loss:321.6315 Recon Loss:0.1834 Acc:0.9957 
Epoch:118 Time:4.0 Data:0.0 Loss:0.2173 Cls Loss:0.2173 Pair Loss:0.3397 KL Loss:321.5352 Recon Loss:0.1835 Acc:0.9985 
Epoch:119 Time:3.5 Data:0.0 Loss:0.2173 Cls Loss:0.2173 Pair Loss:0.3363 KL Loss:322.9958 Recon Loss:0.1834 Acc:0.9985 
Epoch:120 Time:3.4 Data:0.0 Loss:0.2207 Cls Loss:0.2207 Pair Loss:0.3358 KL Loss:320.8386 Recon Loss:0.1834 Acc:0.9962 
=> Test at epoch 120
==========Test with latent_z: z_c =========
Extracted features for query set, obtained torch.Size([2709, 128]) matrix
Extracted features for gallery set, obtained torch.Size([2000, 128]) matrix
Extracting features complete in 0m 4s
Distance computing in 0m 0s
Results ---------------------------------------------------
top1:10.7% top5:26.7% top10:38.6% top20:50.7% mAP:13.3%
-----------------------------------------------------------
Using 0m 0s
Classifier results ---------------------------------------------------
Query acc: 23.4% Gallery acc: 99.8% Total acc: 55.8%
Jump TSNE in test
==========Test with latent_z: new_z =========
Extracted features for query set, obtained torch.Size([2709, 192]) matrix
Extracted features for gallery set, obtained torch.Size([2000, 192]) matrix
Extracting features complete in 0m 4s
Distance computing in 0m 0s
Results ---------------------------------------------------
top1:11.2% top5:27.8% top10:38.5% top20:50.8% mAP:13.7%
-----------------------------------------------------------
Using 0m 0s
Classifier results ---------------------------------------------------
Query acc: 24.0% Gallery acc: 100.0% Total acc: 56.3%
Keep checkpoint file: checkpoint_ep120.pth.tar
=> Best Rank-1 10.6%, mAP 13.1% achieved at epoch 75
Finished. Total elapsed time (h:m:s): 0:12:33. Training time (h:m:s): 0:08:48.
Shutting down background jobs, please wait a moment...
Done!
Waiting for the remaining 35 operations to synchronize with Neptune. Do not kill this process.
All 35 operations synced, thanks for waiting!
Explore the metadata in the Neptune app:
https://app.neptune.ai/Zhengwei-Lab/MayCVAE/e/MAY-329/metadata
