https://app.neptune.ai/Zhengwei-Lab/MayCVAE/e/MAY-345
=> merge config from ./configs/clipreid_cvae_kl.yaml
/home/zhengwei/Desktop/Zhengwei/Projects/CVAE/main.py:91: NeptuneUnsupportedType: You're attempting to log a type that is not directly supported by Neptune (<class 'list'>).
        Convert the value to a supported type, such as a string or float, or use stringify_unsupported(obj)
        for dictionaries or collections that contain unsupported values.
        For more, see https://docs.neptune.ai/help/value_of_unsupported_type
  run["parameters"] = param
=> Configurations:
-------------------------
AMP: True
AUG:
  RC_PROB: 0.5
  RE_PROB: 0.5
DATA:
  CUHK03_CLASSIC_SPLIT: False
  CUHK03_LABELED: False
  DATASET: market1k
  FORMAT_TAG: tensor
  HEIGHT: 256
  NUM_INSTANCES: 4
  NUM_WORKERS: 4
  ROOT: /home/zhengwei/Desktop/Zhengwei/Projects/datasets
  SPLIT_ID: 0
  TEST_BATCH: 512
  TRAIN_BATCH: 64
  TRAIN_FORMAT: novel
  WIDTH: 128
EVAL_MODE: False
GPU: 0
LOSS:
  CLA_LOSS: crossentropy
  CLA_M: 0.0
  CLA_S: 16.0
  PAIR_LOSS: triplet
  PAIR_M: 0.3
  PAIR_S: 16.0
  RECON_LOSS: mse
  USE_NCE: True
MODEL:
  CONDITIONAL: False
  FEATURE_DIM: 1280
  FEAT_FUSION: True
  FLOW_TYPE: 
  GAUSSIAN: MultivariateNormal
  HIDDEN_DIM: 256
  LATENT_SIZE: 64
  NAME: CVAE
  ONLY_CVAE_KL: False
  ONLY_X_INPUT: False
  PRETRAIN: CLIPreidFinetune
  RES4_STRIDE: 1
  RESUME: /home/zhengwei/Desktop/Zhengwei/Projects/CVAE/outputs/market1k/clipreid_simplevae_tune/novel/2024-07-04/Tuned_SimpleVAE+2E_128+64z_1e3+3_60+120_KLtotalZ_noCLS
  TRAIN_STAGE: reidstage
  USE_CENTROID: False
  USE_TWO_ENCODER: True
  VAE_TYPE: SinpleVAE
  ZC_DIM: 128
  ZS_DIM: 64
OUTPUT: ./outputs/market1k/clipreid_simplevae_tune/novel/2024-07-05/2ndstage_SimpleVAE+2E_128+64z_1e3+3_60+120_KLtotalZ_s2+ceText
SAVED_NAME: 2ndstage_SimpleVAE+2E_128+64z_1e3+3_60+120_KLtotalZ_s2+ceText
SEED: 0
TAG: clipreid_simplevae_tune
TEST:
  DISTANCE: cosine
  EVAL_STEP: 5
  START_EVAL: -1
TRAIN:
  AMP: False
  LR_SCHEDULER:
    DECAY_RATE: 0.1
    NAME: MultiStepLR
    STEPSIZE: [60]
  MAX_EPOCH: 120
  OPTIMIZER:
    LR: 0.001
    NAME: adam
    SGDLR: 0.01
    SGD_MOMENTUM: 0.9
    SGD_WEIGHT_DECAY: 0.0005
    WEIGHT_DECAY: 0.0001
  START_EPOCH: 0
----------------------
Initializing dataset market1k
Warning: string series 'monitoring/10d8a32e/stdout' value was longer than 1000 characters and was truncated. This warning is printed only once per series.
=> Market-Sketch-1K tensor loaded
Dataset statistics:
  ------------------------------
  subset   | # ids | # images
  ------------------------------
  train    |   996 |     3992
  query    |   996 |     2709
  gallery  |   996 |     2000
  ------------------------------
  total    |  1992 |     8701
  ------------------------------
Initializing SinpleVAE model with 2 encoders
Model size: 11.88307M
[INFO] Register count_relu() for <class 'torch.nn.modules.activation.LeakyReLU'>.
[INFO] Register count_linear() for <class 'torch.nn.modules.linear.Linear'>.
[INFO] Register count_normalization() for <class 'torch.nn.modules.batchnorm.BatchNorm1d'>.
[INFO] Register zero_ops() for <class 'torch.nn.modules.activation.ReLU'>.
[INFO] Register zero_ops() for <class 'torch.nn.modules.dropout.Dropout'>.
[INFO] Register zero_ops() for <class 'torch.nn.modules.container.Sequential'>.
FLOPs: 0.75465G
Params: 11.78419M
Classifier size: 0.12749M
i2t_projector.weight is tuneable
i2t_projector.bias is tuneable
reid_projector.weight is tuneable
=> Start Training Classifier Only
Loading checkpoint from '/home/zhengwei/Desktop/Zhengwei/Projects/CVAE/outputs/market1k/clipreid_simplevae_tune/novel/2024-07-04/Tuned_SimpleVAE+2E_128+64z_1e3+3_60+120_KLtotalZ_noCLS.best_model.pth.tar'
Ignores parameter:  i2t_projector.weight
Ignores parameter:  i2t_projector.bias
orginal best rank1 = 0.10668143226282761
=> Start evaluation on Novel data without finetuning
=> Test pretarined feature form VLP model
Normalizing features
Normalizing features
Extracted features for query set, obtained torch.Size([2709, 1280]) matrix
Extracted features for gallery set, obtained torch.Size([2000, 1280]) matrix
Extracting features complete in 0m 3s
Distance computing in 0m 0s
Computing CMC and mAP
Results ---------------------------------------------------
top1:35.2% top5:60.5% top10:71.2% top20:80.7% mAP:39.8%
-----------------------------------------------------------
Using 0m 0s
==========Test with latent_z: new_z =========
==========Test with NCE LOSS=========
Extracted features for query set, obtained torch.Size([2709, 192]) matrix
Extracted features for gallery set, obtained torch.Size([2000, 192]) matrix
Extracting features complete in 0m 4s
Distance computing in 0m 0s
Results ---------------------------------------------------
top1:10.0% top5:27.4% top10:37.3% top20:49.9% mAP:13.1%
-----------------------------------------------------------
Using 0m 0s
Classifier results ---------------------------------------------------
Query acc: 0.1% Gallery acc: 0.0% Total acc: 0.1%
==========Test with latent_z: z_c =========
==========Test with NCE LOSS=========
Extracted features for query set, obtained torch.Size([2709, 128]) matrix
Extracted features for gallery set, obtained torch.Size([2000, 128]) matrix
Extracting features complete in 0m 4s
Distance computing in 0m 0s
Results ---------------------------------------------------
top1:8.3% top5:22.7% top10:33.0% top20:44.9% mAP:10.8%
-----------------------------------------------------------
Using 0m 0s
Classifier results ---------------------------------------------------
Query acc: 0.0% Gallery acc: 0.0% Total acc: 0.0%
Jump TSNE in test
=> Start training
/home/zhengwei/Desktop/Zhengwei/Projects/CVAE/losses/center_loss.py:40: UserWarning: This overload of addmm_ is deprecated:
	addmm_(Number beta, Number alpha, Tensor mat1, Tensor mat2)
Consider using one of the following signatures instead:
	addmm_(Tensor mat1, Tensor mat2, *, Number beta, Number alpha) (Triggered internally at /opt/conda/conda-bld/pytorch_1670525539683/work/torch/csrc/utils/python_arg_parser.cpp:1420.)
  distmat.addmm_(1, -2, x, self.centers.t())
Epoch:1 Time:3.9 Data:0.0 Loss:11.5965 Cls Loss:11.5965 Pair Loss:0.3599 Center Loss:293.8341 KL Loss:341.7356 Recon Loss:0.1834 Acc:0.0217 Acc NCE:0.0217
Epoch:2 Time:4.3 Data:0.0 Loss:5.4663 Cls Loss:5.4663 Pair Loss:0.3589 Center Loss:294.6213 KL Loss:342.0716 Recon Loss:0.1834 Acc:0.1505 Acc NCE:0.1505
Epoch:3 Time:4.0 Data:0.0 Loss:3.5949 Cls Loss:3.5949 Pair Loss:0.3586 Center Loss:293.9522 KL Loss:341.2066 Recon Loss:0.1834 Acc:0.2928 Acc NCE:0.2928
Epoch:4 Time:4.0 Data:0.0 Loss:2.7478 Cls Loss:2.7478 Pair Loss:0.3573 Center Loss:293.6196 KL Loss:340.2035 Recon Loss:0.1834 Acc:0.3856 Acc NCE:0.3856
Epoch:5 Time:4.8 Data:0.0 Loss:2.1500 Cls Loss:2.1500 Pair Loss:0.3571 Center Loss:293.3378 KL Loss:339.9716 Recon Loss:0.1834 Acc:0.4861 Acc NCE:0.4861
=> Test at epoch 5
==========Test with latent_z: z_c =========
==========Test with NCE LOSS=========
Extracted features for query set, obtained torch.Size([2709, 128]) matrix
Extracted features for gallery set, obtained torch.Size([2000, 128]) matrix
Extracting features complete in 0m 3s
Distance computing in 0m 0s
Results ---------------------------------------------------
top1:8.2% top5:24.5% top10:33.6% top20:45.3% mAP:11.2%
-----------------------------------------------------------
Using 0m 0s
Classifier results ---------------------------------------------------
Query acc: 13.1% Gallery acc: 63.7% Total acc: 33.4%
Jump TSNE in test
==========Test with latent_z: new_z =========
==========Test with NCE LOSS=========
Extracted features for query set, obtained torch.Size([2709, 192]) matrix
Extracted features for gallery set, obtained torch.Size([2000, 192]) matrix
Extracting features complete in 0m 4s
Distance computing in 0m 0s
Results ---------------------------------------------------
top1:9.2% top5:25.9% top10:36.7% top20:49.8% mAP:12.6%
-----------------------------------------------------------
Using 0m 0s
Classifier results ---------------------------------------------------
Query acc: 12.3% Gallery acc: 64.1% Total acc: 33.0%
Epoch:6 Time:4.9 Data:0.0 Loss:1.8905 Cls Loss:1.8905 Pair Loss:0.3638 Center Loss:294.6302 KL Loss:341.7244 Recon Loss:0.1834 Acc:0.5391 Acc NCE:0.5391
Epoch:7 Time:4.3 Data:0.0 Loss:1.5145 Cls Loss:1.5145 Pair Loss:0.3581 Center Loss:293.6895 KL Loss:339.6514 Recon Loss:0.1834 Acc:0.6106 Acc NCE:0.6106
Epoch:8 Time:4.0 Data:0.0 Loss:1.3761 Cls Loss:1.3761 Pair Loss:0.3582 Center Loss:294.3341 KL Loss:339.9968 Recon Loss:0.1834 Acc:0.6333 Acc NCE:0.6333
Epoch:9 Time:4.2 Data:0.0 Loss:1.2369 Cls Loss:1.2369 Pair Loss:0.3595 Center Loss:293.6977 KL Loss:339.2609 Recon Loss:0.1834 Acc:0.6681 Acc NCE:0.6681
Epoch:10 Time:4.3 Data:0.0 Loss:1.0904 Cls Loss:1.0904 Pair Loss:0.3569 Center Loss:294.4853 KL Loss:340.2005 Recon Loss:0.1834 Acc:0.7009 Acc NCE:0.7009
=> Test at epoch 10
==========Test with latent_z: z_c =========
==========Test with NCE LOSS=========
Extracted features for query set, obtained torch.Size([2709, 128]) matrix
Extracted features for gallery set, obtained torch.Size([2000, 128]) matrix
Extracting features complete in 0m 4s
Distance computing in 0m 0s
Results ---------------------------------------------------
top1:8.0% top5:22.1% top10:32.2% top20:44.8% mAP:10.8%
-----------------------------------------------------------
Using 0m 0s
Classifier results ---------------------------------------------------
Query acc: 15.3% Gallery acc: 81.0% Total acc: 41.6%
Jump TSNE in test
==========Test with latent_z: new_z =========
==========Test with NCE LOSS=========
Extracted features for query set, obtained torch.Size([2709, 192]) matrix
Extracted features for gallery set, obtained torch.Size([2000, 192]) matrix
Extracting features complete in 0m 3s
Distance computing in 0m 0s
Results ---------------------------------------------------
top1:10.5% top5:27.6% top10:38.9% top20:50.8% mAP:13.3%
-----------------------------------------------------------
Using 0m 0s
Classifier results ---------------------------------------------------
Query acc: 16.3% Gallery acc: 79.9% Total acc: 41.7%
Epoch:11 Time:4.7 Data:0.0 Loss:0.9945 Cls Loss:0.9945 Pair Loss:0.3584 Center Loss:293.1536 KL Loss:338.2516 Recon Loss:0.1834 Acc:0.7261 Acc NCE:0.7261
Epoch:12 Time:4.2 Data:0.0 Loss:0.9138 Cls Loss:0.9138 Pair Loss:0.3580 Center Loss:295.5335 KL Loss:340.3342 Recon Loss:0.1835 Acc:0.7389 Acc NCE:0.7389
Epoch:13 Time:3.9 Data:0.0 Loss:0.8114 Cls Loss:0.8114 Pair Loss:0.3564 Center Loss:293.7254 KL Loss:338.6549 Recon Loss:0.1834 Acc:0.7626 Acc NCE:0.7626
Epoch:14 Time:4.8 Data:0.0 Loss:0.8160 Cls Loss:0.8160 Pair Loss:0.3617 Center Loss:295.4617 KL Loss:339.8520 Recon Loss:0.1834 Acc:0.7757 Acc NCE:0.7757
Epoch:15 Time:5.6 Data:0.0 Loss:0.7332 Cls Loss:0.7332 Pair Loss:0.3604 Center Loss:294.9124 KL Loss:339.0186 Recon Loss:0.1835 Acc:0.7840 Acc NCE:0.7840
=> Test at epoch 15
==========Test with latent_z: z_c =========
==========Test with NCE LOSS=========
Extracted features for query set, obtained torch.Size([2709, 128]) matrix
Extracted features for gallery set, obtained torch.Size([2000, 128]) matrix
Extracting features complete in 0m 4s
Distance computing in 0m 0s
Results ---------------------------------------------------
top1:8.6% top5:23.1% top10:33.4% top20:46.0% mAP:11.2%
-----------------------------------------------------------
Using 0m 0s
Classifier results ---------------------------------------------------
Query acc: 15.9% Gallery acc: 88.0% Total acc: 44.8%
Jump TSNE in test
==========Test with latent_z: new_z =========
==========Test with NCE LOSS=========
Extracted features for query set, obtained torch.Size([2709, 192]) matrix
Extracted features for gallery set, obtained torch.Size([2000, 192]) matrix
Extracting features complete in 0m 4s
Distance computing in 0m 0s
Results ---------------------------------------------------
top1:11.0% top5:28.0% top10:37.7% top20:51.3% mAP:13.7%
-----------------------------------------------------------
Using 0m 0s
Classifier results ---------------------------------------------------
Query acc: 16.7% Gallery acc: 88.4% Total acc: 45.4%
Epoch:16 Time:5.9 Data:0.0 Loss:0.6720 Cls Loss:0.6720 Pair Loss:0.3589 Center Loss:293.8182 KL Loss:337.6333 Recon Loss:0.1834 Acc:0.8072 Acc NCE:0.8072
Epoch:17 Time:4.6 Data:0.0 Loss:0.6822 Cls Loss:0.6822 Pair Loss:0.3620 Center Loss:294.0970 KL Loss:337.7174 Recon Loss:0.1834 Acc:0.8007 Acc NCE:0.8007
Epoch:18 Time:5.1 Data:0.0 Loss:0.6561 Cls Loss:0.6561 Pair Loss:0.3536 Center Loss:294.1041 KL Loss:337.0509 Recon Loss:0.1834 Acc:0.8007 Acc NCE:0.8007
Epoch:19 Time:5.5 Data:0.0 Loss:0.5698 Cls Loss:0.5698 Pair Loss:0.3575 Center Loss:294.3085 KL Loss:337.4331 Recon Loss:0.1834 Acc:0.8299 Acc NCE:0.8299
Epoch:20 Time:8.7 Data:0.0 Loss:0.5752 Cls Loss:0.5752 Pair Loss:0.3613 Center Loss:294.2476 KL Loss:337.1727 Recon Loss:0.1834 Acc:0.8372 Acc NCE:0.8372
=> Test at epoch 20
==========Test with latent_z: z_c =========
==========Test with NCE LOSS=========
Extracted features for query set, obtained torch.Size([2709, 128]) matrix
Extracted features for gallery set, obtained torch.Size([2000, 128]) matrix
Extracting features complete in 0m 4s
Distance computing in 0m 0s
Results ---------------------------------------------------
top1:8.7% top5:23.4% top10:33.0% top20:45.3% mAP:11.3%
-----------------------------------------------------------
Using 0m 0s
Classifier results ---------------------------------------------------
Query acc: 15.7% Gallery acc: 89.8% Total acc: 45.4%
Jump TSNE in test
==========Test with latent_z: new_z =========
==========Test with NCE LOSS=========
Extracted features for query set, obtained torch.Size([2709, 192]) matrix
Extracted features for gallery set, obtained torch.Size([2000, 192]) matrix
Extracting features complete in 0m 5s
Distance computing in 0m 0s
Results ---------------------------------------------------
top1:10.7% top5:27.3% top10:38.7% top20:50.8% mAP:13.4%
-----------------------------------------------------------
Using 0m 0s
Classifier results ---------------------------------------------------
Query acc: 17.3% Gallery acc: 90.3% Total acc: 46.5%
Epoch:21 Time:10.7 Data:0.0 Loss:0.5478 Cls Loss:0.5478 Pair Loss:0.3608 Center Loss:294.9477 KL Loss:337.9325 Recon Loss:0.1834 Acc:0.8364 Acc NCE:0.8364
Epoch:22 Time:8.6 Data:0.0 Loss:0.5318 Cls Loss:0.5318 Pair Loss:0.3588 Center Loss:293.6856 KL Loss:336.2022 Recon Loss:0.1834 Acc:0.8374 Acc NCE:0.8374
Epoch:23 Time:9.4 Data:0.0 Loss:0.5073 Cls Loss:0.5073 Pair Loss:0.3582 Center Loss:294.1121 KL Loss:336.3371 Recon Loss:0.1834 Acc:0.8475 Acc NCE:0.8475
Epoch:24 Time:8.2 Data:0.0 Loss:0.4924 Cls Loss:0.4924 Pair Loss:0.3582 Center Loss:295.0893 KL Loss:336.7797 Recon Loss:0.1834 Acc:0.8558 Acc NCE:0.8558
Epoch:25 Time:8.3 Data:0.0 Loss:0.4705 Cls Loss:0.4705 Pair Loss:0.3596 Center Loss:293.7101 KL Loss:334.9349 Recon Loss:0.1834 Acc:0.8599 Acc NCE:0.8599
=> Test at epoch 25
==========Test with latent_z: z_c =========
==========Test with NCE LOSS=========
Extracted features for query set, obtained torch.Size([2709, 128]) matrix
Extracted features for gallery set, obtained torch.Size([2000, 128]) matrix
Extracting features complete in 0m 5s
Distance computing in 0m 0s
Results ---------------------------------------------------
top1:8.9% top5:24.0% top10:33.2% top20:46.2% mAP:11.3%
-----------------------------------------------------------
Using 0m 1s
Classifier results ---------------------------------------------------
Query acc: 16.0% Gallery acc: 92.4% Total acc: 46.6%
Jump TSNE in test
==========Test with latent_z: new_z =========
==========Test with NCE LOSS=========
Extracted features for query set, obtained torch.Size([2709, 192]) matrix
Extracted features for gallery set, obtained torch.Size([2000, 192]) matrix
Extracting features complete in 0m 4s
Distance computing in 0m 0s
Results ---------------------------------------------------
top1:10.6% top5:27.5% top10:38.1% top20:49.9% mAP:13.4%
-----------------------------------------------------------
Using 0m 0s
Classifier results ---------------------------------------------------
Query acc: 16.6% Gallery acc: 91.8% Total acc: 46.7%
Epoch:26 Time:9.0 Data:0.0 Loss:0.4556 Cls Loss:0.4556 Pair Loss:0.3590 Center Loss:294.6982 KL Loss:336.1951 Recon Loss:0.1835 Acc:0.8616 Acc NCE:0.8616
Epoch:27 Time:8.7 Data:0.0 Loss:0.4378 Cls Loss:0.4378 Pair Loss:0.3578 Center Loss:293.9338 KL Loss:334.6036 Recon Loss:0.1834 Acc:0.8679 Acc NCE:0.8679
Epoch:28 Time:8.6 Data:0.0 Loss:0.4252 Cls Loss:0.4252 Pair Loss:0.3584 Center Loss:294.5533 KL Loss:335.3758 Recon Loss:0.1834 Acc:0.8755 Acc NCE:0.8755
Epoch:29 Time:9.0 Data:0.0 Loss:0.4263 Cls Loss:0.4263 Pair Loss:0.3563 Center Loss:294.2360 KL Loss:334.2492 Recon Loss:0.1833 Acc:0.8821 Acc NCE:0.8821
Epoch:30 Time:8.0 Data:0.0 Loss:0.4103 Cls Loss:0.4103 Pair Loss:0.3603 Center Loss:294.9188 KL Loss:335.4926 Recon Loss:0.1834 Acc:0.8722 Acc NCE:0.8722
=> Test at epoch 30
==========Test with latent_z: z_c =========
==========Test with NCE LOSS=========
Extracted features for query set, obtained torch.Size([2709, 128]) matrix
Extracted features for gallery set, obtained torch.Size([2000, 128]) matrix
Extracting features complete in 0m 5s
Distance computing in 0m 0s
Results ---------------------------------------------------
top1:8.3% top5:23.3% top10:33.0% top20:44.8% mAP:10.8%
-----------------------------------------------------------
Using 0m 0s
Classifier results ---------------------------------------------------
Query acc: 17.7% Gallery acc: 93.5% Total acc: 48.0%
Jump TSNE in test
==========Test with latent_z: new_z =========
==========Test with NCE LOSS=========
Extracted features for query set, obtained torch.Size([2709, 192]) matrix
Extracted features for gallery set, obtained torch.Size([2000, 192]) matrix
Extracting features complete in 0m 4s
Distance computing in 0m 1s
Results ---------------------------------------------------
top1:10.2% top5:27.8% top10:39.1% top20:52.0% mAP:13.1%
-----------------------------------------------------------
Using 0m 0s
Classifier results ---------------------------------------------------
Query acc: 17.3% Gallery acc: 93.2% Total acc: 47.7%
Epoch:31 Time:10.6 Data:0.0 Loss:0.3607 Cls Loss:0.3607 Pair Loss:0.3622 Center Loss:293.9516 KL Loss:334.1004 Recon Loss:0.1835 Acc:0.8836 Acc NCE:0.8836
Epoch:32 Time:6.9 Data:0.0 Loss:0.4010 Cls Loss:0.4010 Pair Loss:0.3594 Center Loss:295.0739 KL Loss:335.0923 Recon Loss:0.1834 Acc:0.8868 Acc NCE:0.8868
Epoch:33 Time:8.7 Data:0.0 Loss:0.4102 Cls Loss:0.4102 Pair Loss:0.3610 Center Loss:295.1327 KL Loss:334.5504 Recon Loss:0.1834 Acc:0.8813 Acc NCE:0.8813
Epoch:34 Time:9.2 Data:0.0 Loss:0.3442 Cls Loss:0.3442 Pair Loss:0.3567 Center Loss:293.3090 KL Loss:332.7988 Recon Loss:0.1834 Acc:0.9037 Acc NCE:0.9037
Epoch:35 Time:8.8 Data:0.0 Loss:0.3492 Cls Loss:0.3492 Pair Loss:0.3600 Center Loss:294.7320 KL Loss:334.0799 Recon Loss:0.1834 Acc:0.8967 Acc NCE:0.8967
=> Test at epoch 35
==========Test with latent_z: z_c =========
==========Test with NCE LOSS=========
Extracted features for query set, obtained torch.Size([2709, 128]) matrix
Extracted features for gallery set, obtained torch.Size([2000, 128]) matrix
Extracting features complete in 0m 5s
Distance computing in 0m 0s
Results ---------------------------------------------------
top1:8.7% top5:23.8% top10:32.3% top20:45.0% mAP:11.5%
-----------------------------------------------------------
Using 0m 0s
Classifier results ---------------------------------------------------
Query acc: 16.0% Gallery acc: 93.7% Total acc: 47.1%
Jump TSNE in test
==========Test with latent_z: new_z =========
==========Test with NCE LOSS=========
Extracted features for query set, obtained torch.Size([2709, 192]) matrix
Extracted features for gallery set, obtained torch.Size([2000, 192]) matrix
Extracting features complete in 0m 5s
Distance computing in 0m 0s
Results ---------------------------------------------------
top1:10.8% top5:27.9% top10:38.8% top20:51.3% mAP:13.5%
-----------------------------------------------------------
Using 0m 0s
Classifier results ---------------------------------------------------
Query acc: 17.2% Gallery acc: 92.9% Total acc: 47.5%
Epoch:36 Time:10.6 Data:0.0 Loss:0.3606 Cls Loss:0.3606 Pair Loss:0.3575 Center Loss:293.8713 KL Loss:332.9564 Recon Loss:0.1835 Acc:0.8944 Acc NCE:0.8944
Epoch:37 Time:7.7 Data:0.0 Loss:0.3212 Cls Loss:0.3212 Pair Loss:0.3638 Center Loss:295.1494 KL Loss:333.6740 Recon Loss:0.1834 Acc:0.9070 Acc NCE:0.9070
Epoch:38 Time:7.4 Data:0.0 Loss:0.3456 Cls Loss:0.3456 Pair Loss:0.3629 Center Loss:294.8601 KL Loss:333.8196 Recon Loss:0.1835 Acc:0.8987 Acc NCE:0.8987
Epoch:39 Time:9.6 Data:0.0 Loss:0.2973 Cls Loss:0.2973 Pair Loss:0.3577 Center Loss:294.1864 KL Loss:332.7907 Recon Loss:0.1834 Acc:0.9075 Acc NCE:0.9075
Epoch:40 Time:10.2 Data:0.0 Loss:0.3465 Cls Loss:0.3465 Pair Loss:0.3594 Center Loss:294.6072 KL Loss:332.2913 Recon Loss:0.1834 Acc:0.9002 Acc NCE:0.9002
=> Test at epoch 40
==========Test with latent_z: z_c =========
==========Test with NCE LOSS=========
Extracted features for query set, obtained torch.Size([2709, 128]) matrix
Extracted features for gallery set, obtained torch.Size([2000, 128]) matrix
Extracting features complete in 0m 5s
Distance computing in 0m 0s
Results ---------------------------------------------------
top1:8.2% top5:22.1% top10:33.2% top20:45.2% mAP:10.9%
-----------------------------------------------------------
Using 0m 0s
Classifier results ---------------------------------------------------
Query acc: 16.9% Gallery acc: 93.6% Total acc: 47.6%
Jump TSNE in test
==========Test with latent_z: new_z =========
==========Test with NCE LOSS=========
Extracted features for query set, obtained torch.Size([2709, 192]) matrix
Extracted features for gallery set, obtained torch.Size([2000, 192]) matrix
Extracting features complete in 0m 5s
Distance computing in 0m 0s
Results ---------------------------------------------------
top1:11.1% top5:27.2% top10:38.9% top20:51.5% mAP:13.5%
-----------------------------------------------------------
Using 0m 0s
Classifier results ---------------------------------------------------
Query acc: 16.5% Gallery acc: 92.8% Total acc: 47.0%
Epoch:41 Time:9.3 Data:0.0 Loss:0.3275 Cls Loss:0.3275 Pair Loss:0.3608 Center Loss:294.3893 KL Loss:332.0631 Recon Loss:0.1834 Acc:0.9040 Acc NCE:0.9040
Epoch:42 Time:9.0 Data:0.0 Loss:0.3247 Cls Loss:0.3247 Pair Loss:0.3591 Center Loss:293.3885 KL Loss:330.6874 Recon Loss:0.1833 Acc:0.9068 Acc NCE:0.9068
Epoch:43 Time:8.9 Data:0.0 Loss:0.3236 Cls Loss:0.3236 Pair Loss:0.3583 Center Loss:294.4446 KL Loss:331.2707 Recon Loss:0.1834 Acc:0.9057 Acc NCE:0.9057
Epoch:44 Time:7.7 Data:0.0 Loss:0.3242 Cls Loss:0.3242 Pair Loss:0.3626 Center Loss:294.2244 KL Loss:331.6130 Recon Loss:0.1835 Acc:0.9075 Acc NCE:0.9075
Epoch:45 Time:9.1 Data:0.0 Loss:0.3061 Cls Loss:0.3061 Pair Loss:0.3577 Center Loss:294.4831 KL Loss:331.1649 Recon Loss:0.1834 Acc:0.9108 Acc NCE:0.9108
=> Test at epoch 45
==========Test with latent_z: z_c =========
==========Test with NCE LOSS=========
Extracted features for query set, obtained torch.Size([2709, 128]) matrix
Extracted features for gallery set, obtained torch.Size([2000, 128]) matrix
Extracting features complete in 0m 5s
Distance computing in 0m 0s
Results ---------------------------------------------------
top1:7.8% top5:24.1% top10:34.6% top20:47.5% mAP:11.1%
-----------------------------------------------------------
Using 0m 0s
Classifier results ---------------------------------------------------
Query acc: 18.2% Gallery acc: 93.6% Total acc: 48.4%
Jump TSNE in test
==========Test with latent_z: new_z =========
==========Test with NCE LOSS=========
Extracted features for query set, obtained torch.Size([2709, 192]) matrix
Extracted features for gallery set, obtained torch.Size([2000, 192]) matrix
Extracting features complete in 0m 5s
Distance computing in 0m 1s
Results ---------------------------------------------------
top1:10.0% top5:26.5% top10:37.8% top20:50.4% mAP:12.7%
-----------------------------------------------------------
Using 0m 0s
Classifier results ---------------------------------------------------
Query acc: 16.8% Gallery acc: 93.4% Total acc: 47.4%
Epoch:46 Time:9.3 Data:0.0 Loss:0.3043 Cls Loss:0.3043 Pair Loss:0.3592 Center Loss:294.2348 KL Loss:330.8570 Recon Loss:0.1834 Acc:0.9118 Acc NCE:0.9118
Epoch:47 Time:6.5 Data:0.0 Loss:0.2675 Cls Loss:0.2675 Pair Loss:0.3598 Center Loss:294.4865 KL Loss:330.3263 Recon Loss:0.1834 Acc:0.9176 Acc NCE:0.9176
Epoch:48 Time:8.6 Data:0.0 Loss:0.2331 Cls Loss:0.2331 Pair Loss:0.3569 Center Loss:294.4924 KL Loss:329.9734 Recon Loss:0.1834 Acc:0.9269 Acc NCE:0.9269
Epoch:49 Time:8.5 Data:0.0 Loss:0.2967 Cls Loss:0.2967 Pair Loss:0.3608 Center Loss:294.5715 KL Loss:330.3963 Recon Loss:0.1834 Acc:0.9191 Acc NCE:0.9191
Epoch:50 Time:9.1 Data:0.0 Loss:0.2860 Cls Loss:0.2860 Pair Loss:0.3529 Center Loss:293.1918 KL Loss:328.7074 Recon Loss:0.1834 Acc:0.9136 Acc NCE:0.9136
=> Test at epoch 50
==========Test with latent_z: z_c =========
==========Test with NCE LOSS=========
Extracted features for query set, obtained torch.Size([2709, 128]) matrix
Extracted features for gallery set, obtained torch.Size([2000, 128]) matrix
Extracting features complete in 0m 5s
Distance computing in 0m 0s
Results ---------------------------------------------------
top1:8.1% top5:23.0% top10:33.3% top20:45.2% mAP:10.8%
-----------------------------------------------------------
Using 0m 0s
Classifier results ---------------------------------------------------
Query acc: 17.4% Gallery acc: 95.6% Total acc: 48.7%
Jump TSNE in test
==========Test with latent_z: new_z =========
==========Test with NCE LOSS=========
Extracted features for query set, obtained torch.Size([2709, 192]) matrix
Extracted features for gallery set, obtained torch.Size([2000, 192]) matrix
Extracting features complete in 0m 5s
Distance computing in 0m 1s
Results ---------------------------------------------------
top1:11.1% top5:28.6% top10:39.6% top20:51.9% mAP:13.8%
-----------------------------------------------------------
Using 0m 1s
Classifier results ---------------------------------------------------
Query acc: 17.1% Gallery acc: 95.0% Total acc: 48.2%
Epoch:51 Time:9.7 Data:0.0 Loss:0.2592 Cls Loss:0.2592 Pair Loss:0.3586 Center Loss:293.5867 KL Loss:328.3440 Recon Loss:0.1834 Acc:0.9194 Acc NCE:0.9194
Epoch:52 Time:6.6 Data:0.0 Loss:0.2403 Cls Loss:0.2403 Pair Loss:0.3589 Center Loss:294.7932 KL Loss:329.3441 Recon Loss:0.1834 Acc:0.9262 Acc NCE:0.9262
Epoch:53 Time:6.9 Data:0.0 Loss:0.3028 Cls Loss:0.3028 Pair Loss:0.3605 Center Loss:295.5837 KL Loss:330.6839 Recon Loss:0.1834 Acc:0.9143 Acc NCE:0.9143
Epoch:54 Time:9.4 Data:0.0 Loss:0.2334 Cls Loss:0.2334 Pair Loss:0.3632 Center Loss:294.6339 KL Loss:328.8020 Recon Loss:0.1834 Acc:0.9287 Acc NCE:0.9287
Epoch:55 Time:8.3 Data:0.0 Loss:0.2389 Cls Loss:0.2389 Pair Loss:0.3573 Center Loss:295.2315 KL Loss:328.9332 Recon Loss:0.1835 Acc:0.9307 Acc NCE:0.9307
=> Test at epoch 55
==========Test with latent_z: z_c =========
==========Test with NCE LOSS=========
Extracted features for query set, obtained torch.Size([2709, 128]) matrix
Extracted features for gallery set, obtained torch.Size([2000, 128]) matrix
Extracting features complete in 0m 5s
Distance computing in 0m 0s
Results ---------------------------------------------------
top1:8.1% top5:22.3% top10:32.9% top20:44.6% mAP:10.7%
-----------------------------------------------------------
Using 0m 0s
Classifier results ---------------------------------------------------
Query acc: 18.4% Gallery acc: 94.7% Total acc: 48.9%
Jump TSNE in test
==========Test with latent_z: new_z =========
==========Test with NCE LOSS=========
Extracted features for query set, obtained torch.Size([2709, 192]) matrix
Extracted features for gallery set, obtained torch.Size([2000, 192]) matrix
Extracting features complete in 0m 5s
Distance computing in 0m 0s
Results ---------------------------------------------------
top1:11.2% top5:28.9% top10:39.4% top20:50.5% mAP:14.0%
-----------------------------------------------------------
Using 0m 1s
Classifier results ---------------------------------------------------
Query acc: 17.2% Gallery acc: 95.3% Total acc: 48.5%
Epoch:56 Time:10.6 Data:0.0 Loss:0.2401 Cls Loss:0.2401 Pair Loss:0.3583 Center Loss:294.1935 KL Loss:328.0912 Recon Loss:0.1834 Acc:0.9340 Acc NCE:0.9340
Epoch:57 Time:8.5 Data:0.0 Loss:0.2478 Cls Loss:0.2478 Pair Loss:0.3590 Center Loss:293.9966 KL Loss:327.7667 Recon Loss:0.1835 Acc:0.9272 Acc NCE:0.9272
Epoch:58 Time:8.1 Data:0.0 Loss:0.2544 Cls Loss:0.2544 Pair Loss:0.3643 Center Loss:294.6007 KL Loss:328.1372 Recon Loss:0.1834 Acc:0.9294 Acc NCE:0.9294
Epoch:59 Time:8.1 Data:0.0 Loss:0.2507 Cls Loss:0.2507 Pair Loss:0.3615 Center Loss:294.5138 KL Loss:328.0043 Recon Loss:0.1835 Acc:0.9254 Acc NCE:0.9254
Epoch:60 Time:8.6 Data:0.0 Loss:0.2264 Cls Loss:0.2264 Pair Loss:0.3638 Center Loss:294.5100 KL Loss:327.1654 Recon Loss:0.1835 Acc:0.9307 Acc NCE:0.9307
=> Test at epoch 60
==========Test with latent_z: z_c =========
==========Test with NCE LOSS=========
Extracted features for query set, obtained torch.Size([2709, 128]) matrix
Extracted features for gallery set, obtained torch.Size([2000, 128]) matrix
Extracting features complete in 0m 4s
Distance computing in 0m 0s
Results ---------------------------------------------------
top1:7.5% top5:21.7% top10:31.4% top20:42.5% mAP:10.4%
-----------------------------------------------------------
Using 0m 1s
Classifier results ---------------------------------------------------
Query acc: 17.6% Gallery acc: 95.3% Total acc: 48.7%
Jump TSNE in test
==========Test with latent_z: new_z =========
==========Test with NCE LOSS=========
Extracted features for query set, obtained torch.Size([2709, 192]) matrix
Extracted features for gallery set, obtained torch.Size([2000, 192]) matrix
Extracting features complete in 0m 5s
Distance computing in 0m 1s
Results ---------------------------------------------------
top1:10.0% top5:26.9% top10:38.3% top20:51.7% mAP:13.3%
-----------------------------------------------------------
Using 0m 0s
Classifier results ---------------------------------------------------
Query acc: 18.6% Gallery acc: 95.6% Total acc: 49.4%
Epoch:61 Time:10.6 Data:0.0 Loss:0.1458 Cls Loss:0.1458 Pair Loss:0.3618 Center Loss:295.1638 KL Loss:327.8462 Recon Loss:0.1835 Acc:0.9589 Acc NCE:0.9589
Epoch:62 Time:8.3 Data:0.0 Loss:0.0842 Cls Loss:0.0842 Pair Loss:0.3594 Center Loss:294.1599 KL Loss:326.1831 Recon Loss:0.1834 Acc:0.9705 Acc NCE:0.9705
Epoch:63 Time:8.8 Data:0.0 Loss:0.0674 Cls Loss:0.0674 Pair Loss:0.3605 Center Loss:294.3753 KL Loss:326.8141 Recon Loss:0.1834 Acc:0.9793 Acc NCE:0.9793
Epoch:64 Time:9.3 Data:0.0 Loss:0.0630 Cls Loss:0.0630 Pair Loss:0.3612 Center Loss:294.4962 KL Loss:326.2252 Recon Loss:0.1834 Acc:0.9786 Acc NCE:0.9786
Epoch:65 Time:9.1 Data:0.0 Loss:0.0461 Cls Loss:0.0461 Pair Loss:0.3612 Center Loss:294.2730 KL Loss:325.5668 Recon Loss:0.1834 Acc:0.9856 Acc NCE:0.9856
=> Test at epoch 65
==========Test with latent_z: z_c =========
==========Test with NCE LOSS=========
Extracted features for query set, obtained torch.Size([2709, 128]) matrix
Extracted features for gallery set, obtained torch.Size([2000, 128]) matrix
Extracting features complete in 0m 5s
Distance computing in 0m 0s
Results ---------------------------------------------------
top1:8.6% top5:23.3% top10:33.3% top20:45.7% mAP:11.2%
-----------------------------------------------------------
Using 0m 1s
Classifier results ---------------------------------------------------
Query acc: 19.2% Gallery acc: 99.2% Total acc: 51.2%
Jump TSNE in test
==========Test with latent_z: new_z =========
==========Test with NCE LOSS=========
Extracted features for query set, obtained torch.Size([2709, 192]) matrix
Extracted features for gallery set, obtained torch.Size([2000, 192]) matrix
Extracting features complete in 0m 4s
Distance computing in 0m 0s
Results ---------------------------------------------------
top1:10.0% top5:26.0% top10:38.6% top20:51.8% mAP:13.0%
-----------------------------------------------------------
Using 0m 0s
Classifier results ---------------------------------------------------
Query acc: 19.3% Gallery acc: 99.0% Total acc: 51.2%
Epoch:66 Time:10.8 Data:0.0 Loss:0.0530 Cls Loss:0.0530 Pair Loss:0.3614 Center Loss:294.0416 KL Loss:325.4386 Recon Loss:0.1834 Acc:0.9816 Acc NCE:0.9816
Epoch:67 Time:8.5 Data:0.0 Loss:0.0433 Cls Loss:0.0433 Pair Loss:0.3591 Center Loss:293.9894 KL Loss:325.2803 Recon Loss:0.1833 Acc:0.9866 Acc NCE:0.9866
Epoch:68 Time:8.9 Data:0.0 Loss:0.0454 Cls Loss:0.0454 Pair Loss:0.3590 Center Loss:294.4731 KL Loss:325.4131 Recon Loss:0.1834 Acc:0.9841 Acc NCE:0.9841
Epoch:69 Time:9.5 Data:0.0 Loss:0.0424 Cls Loss:0.0424 Pair Loss:0.3587 Center Loss:294.8735 KL Loss:325.0205 Recon Loss:0.1834 Acc:0.9821 Acc NCE:0.9821
Epoch:70 Time:7.9 Data:0.0 Loss:0.0421 Cls Loss:0.0421 Pair Loss:0.3574 Center Loss:293.5181 KL Loss:324.9591 Recon Loss:0.1834 Acc:0.9871 Acc NCE:0.9871
=> Test at epoch 70
==========Test with latent_z: z_c =========
==========Test with NCE LOSS=========
Extracted features for query set, obtained torch.Size([2709, 128]) matrix
Extracted features for gallery set, obtained torch.Size([2000, 128]) matrix
Extracting features complete in 0m 6s
Distance computing in 0m 0s
Results ---------------------------------------------------
top1:8.0% top5:21.7% top10:31.7% top20:44.1% mAP:10.6%
-----------------------------------------------------------
Using 0m 0s
Classifier results ---------------------------------------------------
Query acc: 19.1% Gallery acc: 99.0% Total acc: 51.1%
Jump TSNE in test
==========Test with latent_z: new_z =========
==========Test with NCE LOSS=========
Extracted features for query set, obtained torch.Size([2709, 192]) matrix
Extracted features for gallery set, obtained torch.Size([2000, 192]) matrix
Extracting features complete in 0m 5s
Distance computing in 0m 0s
Results ---------------------------------------------------
top1:10.5% top5:26.6% top10:37.4% top20:50.5% mAP:13.0%
-----------------------------------------------------------
Using 0m 0s
Classifier results ---------------------------------------------------
Query acc: 18.9% Gallery acc: 98.7% Total acc: 50.8%
Epoch:71 Time:8.9 Data:0.0 Loss:0.0340 Cls Loss:0.0340 Pair Loss:0.3599 Center Loss:294.2804 KL Loss:324.3782 Recon Loss:0.1834 Acc:0.9897 Acc NCE:0.9897
Epoch:72 Time:8.4 Data:0.0 Loss:0.0447 Cls Loss:0.0447 Pair Loss:0.3634 Center Loss:294.9550 KL Loss:324.6321 Recon Loss:0.1834 Acc:0.9869 Acc NCE:0.9869
Epoch:73 Time:7.7 Data:0.0 Loss:0.0359 Cls Loss:0.0359 Pair Loss:0.3567 Center Loss:294.0463 KL Loss:323.4876 Recon Loss:0.1835 Acc:0.9874 Acc NCE:0.9874
Epoch:74 Time:9.2 Data:0.0 Loss:0.0332 Cls Loss:0.0332 Pair Loss:0.3624 Center Loss:294.4689 KL Loss:324.1246 Recon Loss:0.1834 Acc:0.9879 Acc NCE:0.9879
Epoch:75 Time:9.9 Data:0.0 Loss:0.0367 Cls Loss:0.0367 Pair Loss:0.3613 Center Loss:294.7480 KL Loss:323.8222 Recon Loss:0.1834 Acc:0.9856 Acc NCE:0.9856
=> Test at epoch 75
==========Test with latent_z: z_c =========
==========Test with NCE LOSS=========
Extracted features for query set, obtained torch.Size([2709, 128]) matrix
Extracted features for gallery set, obtained torch.Size([2000, 128]) matrix
Extracting features complete in 0m 6s
Distance computing in 0m 0s
Results ---------------------------------------------------
top1:7.8% top5:22.8% top10:31.8% top20:44.3% mAP:10.9%
-----------------------------------------------------------
Using 0m 0s
Classifier results ---------------------------------------------------
Query acc: 19.4% Gallery acc: 99.3% Total acc: 51.3%
Jump TSNE in test
==========Test with latent_z: new_z =========
==========Test with NCE LOSS=========
Extracted features for query set, obtained torch.Size([2709, 192]) matrix
Extracted features for gallery set, obtained torch.Size([2000, 192]) matrix
Extracting features complete in 0m 5s
Distance computing in 0m 1s
Results ---------------------------------------------------
top1:9.9% top5:26.4% top10:37.5% top20:50.0% mAP:12.8%
-----------------------------------------------------------
Using 0m 0s
Classifier results ---------------------------------------------------
Query acc: 18.6% Gallery acc: 99.1% Total acc: 50.8%
Epoch:76 Time:9.6 Data:0.0 Loss:0.0382 Cls Loss:0.0382 Pair Loss:0.3574 Center Loss:293.4794 KL Loss:322.2723 Recon Loss:0.1834 Acc:0.9866 Acc NCE:0.9866
Epoch:77 Time:7.4 Data:0.0 Loss:0.0328 Cls Loss:0.0328 Pair Loss:0.3566 Center Loss:294.1544 KL Loss:322.5056 Recon Loss:0.1834 Acc:0.9869 Acc NCE:0.9869
Epoch:78 Time:9.1 Data:0.0 Loss:0.0346 Cls Loss:0.0346 Pair Loss:0.3590 Center Loss:294.1369 KL Loss:323.2157 Recon Loss:0.1835 Acc:0.9887 Acc NCE:0.9887
Epoch:79 Time:10.3 Data:0.0 Loss:0.0367 Cls Loss:0.0367 Pair Loss:0.3619 Center Loss:294.3790 KL Loss:322.3115 Recon Loss:0.1834 Acc:0.9871 Acc NCE:0.9871
Epoch:80 Time:9.8 Data:0.0 Loss:0.0360 Cls Loss:0.0360 Pair Loss:0.3597 Center Loss:294.6584 KL Loss:322.1114 Recon Loss:0.1835 Acc:0.9877 Acc NCE:0.9877
=> Test at epoch 80
==========Test with latent_z: z_c =========
==========Test with NCE LOSS=========
Extracted features for query set, obtained torch.Size([2709, 128]) matrix
Extracted features for gallery set, obtained torch.Size([2000, 128]) matrix
Extracting features complete in 0m 5s
Distance computing in 0m 0s
Results ---------------------------------------------------
top1:7.8% top5:22.1% top10:32.8% top20:45.1% mAP:10.7%
-----------------------------------------------------------
Using 0m 0s
Classifier results ---------------------------------------------------
Query acc: 19.1% Gallery acc: 99.3% Total acc: 51.2%
Jump TSNE in test
==========Test with latent_z: new_z =========
==========Test with NCE LOSS=========
Extracted features for query set, obtained torch.Size([2709, 192]) matrix
Extracted features for gallery set, obtained torch.Size([2000, 192]) matrix
Extracting features complete in 0m 5s
Distance computing in 0m 0s
Results ---------------------------------------------------
top1:10.9% top5:28.2% top10:38.5% top20:51.1% mAP:13.7%
-----------------------------------------------------------
Using 0m 0s
Classifier results ---------------------------------------------------
Query acc: 20.2% Gallery acc: 99.2% Total acc: 51.8%
Epoch:81 Time:8.6 Data:0.0 Loss:0.0318 Cls Loss:0.0318 Pair Loss:0.3561 Center Loss:292.9419 KL Loss:320.6863 Recon Loss:0.1834 Acc:0.9907 Acc NCE:0.9907
Epoch:82 Time:7.6 Data:0.0 Loss:0.0369 Cls Loss:0.0369 Pair Loss:0.3558 Center Loss:293.9952 KL Loss:321.3596 Recon Loss:0.1834 Acc:0.9871 Acc NCE:0.9871
Epoch:83 Time:10.1 Data:0.0 Loss:0.0378 Cls Loss:0.0378 Pair Loss:0.3562 Center Loss:293.9203 KL Loss:321.6922 Recon Loss:0.1834 Acc:0.9882 Acc NCE:0.9882
Epoch:84 Time:9.8 Data:0.0 Loss:0.0344 Cls Loss:0.0344 Pair Loss:0.3617 Center Loss:294.1396 KL Loss:321.7126 Recon Loss:0.1834 Acc:0.9889 Acc NCE:0.9889
Epoch:85 Time:9.9 Data:0.0 Loss:0.0318 Cls Loss:0.0318 Pair Loss:0.3611 Center Loss:294.7129 KL Loss:322.3253 Recon Loss:0.1834 Acc:0.9897 Acc NCE:0.9897
=> Test at epoch 85
==========Test with latent_z: z_c =========
==========Test with NCE LOSS=========
Extracted features for query set, obtained torch.Size([2709, 128]) matrix
Extracted features for gallery set, obtained torch.Size([2000, 128]) matrix
Extracting features complete in 0m 5s
Distance computing in 0m 0s
Results ---------------------------------------------------
top1:7.6% top5:22.2% top10:32.0% top20:43.3% mAP:10.6%
-----------------------------------------------------------
Using 0m 0s
Classifier results ---------------------------------------------------
Query acc: 19.0% Gallery acc: 99.3% Total acc: 51.1%
Jump TSNE in test
==========Test with latent_z: new_z =========
==========Test with NCE LOSS=========
Extracted features for query set, obtained torch.Size([2709, 192]) matrix
Extracted features for gallery set, obtained torch.Size([2000, 192]) matrix
Extracting features complete in 0m 5s
Distance computing in 0m 1s
Results ---------------------------------------------------
top1:10.0% top5:26.9% top10:37.8% top20:49.8% mAP:13.0%
-----------------------------------------------------------
Using 0m 0s
Classifier results ---------------------------------------------------
Query acc: 20.3% Gallery acc: 99.2% Total acc: 51.9%
Epoch:86 Time:7.3 Data:0.0 Loss:0.0286 Cls Loss:0.0286 Pair Loss:0.3581 Center Loss:293.9481 KL Loss:321.6389 Recon Loss:0.1834 Acc:0.9892 Acc NCE:0.9892
Epoch:87 Time:6.7 Data:0.0 Loss:0.0404 Cls Loss:0.0404 Pair Loss:0.3648 Center Loss:294.5523 KL Loss:321.9230 Recon Loss:0.1834 Acc:0.9871 Acc NCE:0.9871
Epoch:88 Time:9.0 Data:0.0 Loss:0.0252 Cls Loss:0.0252 Pair Loss:0.3608 Center Loss:294.3525 KL Loss:322.0371 Recon Loss:0.1834 Acc:0.9924 Acc NCE:0.9924
Epoch:89 Time:10.6 Data:0.0 Loss:0.0312 Cls Loss:0.0312 Pair Loss:0.3621 Center Loss:295.2496 KL Loss:323.5384 Recon Loss:0.1834 Acc:0.9909 Acc NCE:0.9909
Epoch:90 Time:10.1 Data:0.0 Loss:0.0298 Cls Loss:0.0298 Pair Loss:0.3589 Center Loss:293.7900 KL Loss:320.9579 Recon Loss:0.1834 Acc:0.9912 Acc NCE:0.9912
=> Test at epoch 90
==========Test with latent_z: z_c =========
==========Test with NCE LOSS=========
Extracted features for query set, obtained torch.Size([2709, 128]) matrix
Extracted features for gallery set, obtained torch.Size([2000, 128]) matrix
Extracting features complete in 0m 5s
Distance computing in 0m 1s
Results ---------------------------------------------------
top1:8.0% top5:23.2% top10:33.1% top20:45.7% mAP:11.0%
-----------------------------------------------------------
Using 0m 0s
Classifier results ---------------------------------------------------
Query acc: 19.3% Gallery acc: 99.5% Total acc: 51.4%
Jump TSNE in test
==========Test with latent_z: new_z =========
==========Test with NCE LOSS=========
Extracted features for query set, obtained torch.Size([2709, 192]) matrix
Extracted features for gallery set, obtained torch.Size([2000, 192]) matrix
Extracting features complete in 0m 5s
Distance computing in 0m 1s
Results ---------------------------------------------------
top1:11.2% top5:28.0% top10:39.4% top20:51.5% mAP:14.0%
-----------------------------------------------------------
Using 0m 0s
Classifier results ---------------------------------------------------
Query acc: 19.5% Gallery acc: 99.4% Total acc: 51.4%
Epoch:91 Time:9.9 Data:0.0 Loss:0.0327 Cls Loss:0.0327 Pair Loss:0.3578 Center Loss:293.3950 KL Loss:321.2460 Recon Loss:0.1834 Acc:0.9899 Acc NCE:0.9899
Epoch:92 Time:8.3 Data:0.0 Loss:0.0332 Cls Loss:0.0332 Pair Loss:0.3568 Center Loss:293.9994 KL Loss:321.5743 Recon Loss:0.1835 Acc:0.9887 Acc NCE:0.9887
Epoch:93 Time:8.8 Data:0.0 Loss:0.0311 Cls Loss:0.0311 Pair Loss:0.3528 Center Loss:293.7377 KL Loss:321.3679 Recon Loss:0.1835 Acc:0.9897 Acc NCE:0.9897
Epoch:94 Time:8.8 Data:0.0 Loss:0.0305 Cls Loss:0.0305 Pair Loss:0.3603 Center Loss:294.4780 KL Loss:322.1221 Recon Loss:0.1834 Acc:0.9909 Acc NCE:0.9909
Epoch:95 Time:9.2 Data:0.0 Loss:0.0302 Cls Loss:0.0302 Pair Loss:0.3627 Center Loss:293.3970 KL Loss:321.4292 Recon Loss:0.1834 Acc:0.9912 Acc NCE:0.9912
=> Test at epoch 95
==========Test with latent_z: z_c =========
==========Test with NCE LOSS=========
Extracted features for query set, obtained torch.Size([2709, 128]) matrix
Extracted features for gallery set, obtained torch.Size([2000, 128]) matrix
Extracting features complete in 0m 6s
Distance computing in 0m 1s
Results ---------------------------------------------------
top1:8.9% top5:23.9% top10:34.4% top20:46.3% mAP:11.1%
-----------------------------------------------------------
Using 0m 1s
Classifier results ---------------------------------------------------
Query acc: 18.8% Gallery acc: 99.5% Total acc: 51.1%
Jump TSNE in test
==========Test with latent_z: new_z =========
==========Test with NCE LOSS=========
Extracted features for query set, obtained torch.Size([2709, 192]) matrix
Extracted features for gallery set, obtained torch.Size([2000, 192]) matrix
Extracting features complete in 0m 4s
Distance computing in 0m 1s
Results ---------------------------------------------------
top1:9.9% top5:27.0% top10:39.7% top20:51.4% mAP:13.0%
-----------------------------------------------------------
Using 0m 1s
Classifier results ---------------------------------------------------
Query acc: 19.5% Gallery acc: 99.8% Total acc: 51.6%
Epoch:96 Time:8.7 Data:0.0 Loss:0.0259 Cls Loss:0.0259 Pair Loss:0.3571 Center Loss:294.8329 KL Loss:322.2044 Recon Loss:0.1834 Acc:0.9922 Acc NCE:0.9922
Epoch:97 Time:7.7 Data:0.0 Loss:0.0328 Cls Loss:0.0328 Pair Loss:0.3599 Center Loss:294.5404 KL Loss:322.0204 Recon Loss:0.1834 Acc:0.9877 Acc NCE:0.9877
Epoch:98 Time:9.6 Data:0.0 Loss:0.0247 Cls Loss:0.0247 Pair Loss:0.3580 Center Loss:294.7083 KL Loss:322.4523 Recon Loss:0.1833 Acc:0.9912 Acc NCE:0.9912
Epoch:99 Time:8.7 Data:0.0 Loss:0.0304 Cls Loss:0.0304 Pair Loss:0.3596 Center Loss:294.9945 KL Loss:322.8901 Recon Loss:0.1834 Acc:0.9914 Acc NCE:0.9914
Epoch:100 Time:9.0 Data:0.0 Loss:0.0292 Cls Loss:0.0292 Pair Loss:0.3607 Center Loss:295.5650 KL Loss:323.7274 Recon Loss:0.1834 Acc:0.9909 Acc NCE:0.9909
=> Test at epoch 100
==========Test with latent_z: z_c =========
==========Test with NCE LOSS=========
Extracted features for query set, obtained torch.Size([2709, 128]) matrix
Extracted features for gallery set, obtained torch.Size([2000, 128]) matrix
Extracting features complete in 0m 4s
Distance computing in 0m 0s
Results ---------------------------------------------------
top1:7.5% top5:23.3% top10:32.9% top20:45.3% mAP:10.5%
-----------------------------------------------------------
Using 0m 0s
Classifier results ---------------------------------------------------
Query acc: 19.8% Gallery acc: 99.4% Total acc: 51.7%
Jump TSNE in test
==========Test with latent_z: new_z =========
==========Test with NCE LOSS=========
Extracted features for query set, obtained torch.Size([2709, 192]) matrix
Extracted features for gallery set, obtained torch.Size([2000, 192]) matrix
Extracting features complete in 0m 5s
Distance computing in 0m 0s
Results ---------------------------------------------------
top1:10.3% top5:26.9% top10:38.5% top20:51.2% mAP:13.1%
-----------------------------------------------------------
Using 0m 0s
Classifier results ---------------------------------------------------
Query acc: 18.7% Gallery acc: 99.2% Total acc: 50.9%
Epoch:101 Time:10.1 Data:0.0 Loss:0.0256 Cls Loss:0.0256 Pair Loss:0.3572 Center Loss:294.8113 KL Loss:322.4652 Recon Loss:0.1835 Acc:0.9934 Acc NCE:0.9934
Epoch:102 Time:8.2 Data:0.0 Loss:0.0244 Cls Loss:0.0244 Pair Loss:0.3608 Center Loss:294.8768 KL Loss:322.9677 Recon Loss:0.1834 Acc:0.9922 Acc NCE:0.9922
Epoch:103 Time:8.6 Data:0.0 Loss:0.0331 Cls Loss:0.0331 Pair Loss:0.3574 Center Loss:294.6504 KL Loss:322.2733 Recon Loss:0.1835 Acc:0.9892 Acc NCE:0.9892
Epoch:104 Time:8.7 Data:0.0 Loss:0.0275 Cls Loss:0.0275 Pair Loss:0.3576 Center Loss:293.8200 KL Loss:320.6663 Recon Loss:0.1835 Acc:0.9889 Acc NCE:0.9889
Epoch:105 Time:8.9 Data:0.0 Loss:0.0268 Cls Loss:0.0268 Pair Loss:0.3581 Center Loss:294.0654 KL Loss:322.0387 Recon Loss:0.1834 Acc:0.9922 Acc NCE:0.9922
=> Test at epoch 105
==========Test with latent_z: z_c =========
==========Test with NCE LOSS=========
Extracted features for query set, obtained torch.Size([2709, 128]) matrix
Extracted features for gallery set, obtained torch.Size([2000, 128]) matrix
Extracting features complete in 0m 4s
Distance computing in 0m 0s
Results ---------------------------------------------------
top1:7.7% top5:23.6% top10:34.8% top20:46.2% mAP:11.0%
-----------------------------------------------------------
Using 0m 0s
Classifier results ---------------------------------------------------
Query acc: 20.6% Gallery acc: 99.2% Total acc: 52.0%
Jump TSNE in test
==========Test with latent_z: new_z =========
==========Test with NCE LOSS=========
Extracted features for query set, obtained torch.Size([2709, 192]) matrix
Extracted features for gallery set, obtained torch.Size([2000, 192]) matrix
Extracting features complete in 0m 5s
Distance computing in 0m 0s
Results ---------------------------------------------------
top1:10.3% top5:27.4% top10:38.5% top20:52.0% mAP:13.4%
-----------------------------------------------------------
Using 0m 0s
Classifier results ---------------------------------------------------
Query acc: 20.3% Gallery acc: 98.7% Total acc: 51.6%
Epoch:106 Time:10.6 Data:0.0 Loss:0.0279 Cls Loss:0.0279 Pair Loss:0.3588 Center Loss:293.8510 KL Loss:320.7916 Recon Loss:0.1833 Acc:0.9914 Acc NCE:0.9914
Epoch:107 Time:8.8 Data:0.0 Loss:0.0321 Cls Loss:0.0321 Pair Loss:0.3582 Center Loss:293.8829 KL Loss:321.2894 Recon Loss:0.1834 Acc:0.9887 Acc NCE:0.9887
Epoch:108 Time:8.1 Data:0.0 Loss:0.0295 Cls Loss:0.0295 Pair Loss:0.3575 Center Loss:294.5430 KL Loss:321.6828 Recon Loss:0.1834 Acc:0.9909 Acc NCE:0.9909
Epoch:109 Time:8.5 Data:0.0 Loss:0.0369 Cls Loss:0.0369 Pair Loss:0.3581 Center Loss:293.8502 KL Loss:321.3313 Recon Loss:0.1834 Acc:0.9871 Acc NCE:0.9871
Epoch:110 Time:8.6 Data:0.0 Loss:0.0255 Cls Loss:0.0255 Pair Loss:0.3571 Center Loss:293.7700 KL Loss:321.5829 Recon Loss:0.1834 Acc:0.9907 Acc NCE:0.9907
=> Test at epoch 110
==========Test with latent_z: z_c =========
==========Test with NCE LOSS=========
Extracted features for query set, obtained torch.Size([2709, 128]) matrix
Extracted features for gallery set, obtained torch.Size([2000, 128]) matrix
Extracting features complete in 0m 4s
Distance computing in 0m 0s
Results ---------------------------------------------------
top1:9.4% top5:24.0% top10:33.5% top20:45.2% mAP:11.4%
-----------------------------------------------------------
Using 0m 0s
Classifier results ---------------------------------------------------
Query acc: 18.8% Gallery acc: 99.2% Total acc: 51.0%
Jump TSNE in test
==========Test with latent_z: new_z =========
==========Test with NCE LOSS=========
Extracted features for query set, obtained torch.Size([2709, 192]) matrix
Extracted features for gallery set, obtained torch.Size([2000, 192]) matrix
Extracting features complete in 0m 5s
Distance computing in 0m 0s
Results ---------------------------------------------------
top1:10.0% top5:27.4% top10:38.0% top20:50.6% mAP:13.1%
-----------------------------------------------------------
Using 0m 0s
Classifier results ---------------------------------------------------
Query acc: 19.1% Gallery acc: 99.5% Total acc: 51.3%
Epoch:111 Time:11.1 Data:0.0 Loss:0.0333 Cls Loss:0.0333 Pair Loss:0.3557 Center Loss:293.5492 KL Loss:321.4443 Recon Loss:0.1835 Acc:0.9892 Acc NCE:0.9892
Epoch:112 Time:8.5 Data:0.0 Loss:0.0291 Cls Loss:0.0291 Pair Loss:0.3620 Center Loss:293.7289 KL Loss:321.5700 Recon Loss:0.1834 Acc:0.9902 Acc NCE:0.9902
Epoch:113 Time:9.0 Data:0.0 Loss:0.0296 Cls Loss:0.0296 Pair Loss:0.3565 Center Loss:293.5030 KL Loss:321.0095 Recon Loss:0.1834 Acc:0.9914 Acc NCE:0.9914
Epoch:114 Time:9.2 Data:0.0 Loss:0.0292 Cls Loss:0.0292 Pair Loss:0.3593 Center Loss:293.7793 KL Loss:320.8706 Recon Loss:0.1834 Acc:0.9907 Acc NCE:0.9907
Epoch:115 Time:8.0 Data:0.0 Loss:0.0241 Cls Loss:0.0241 Pair Loss:0.3575 Center Loss:293.7021 KL Loss:321.6690 Recon Loss:0.1834 Acc:0.9934 Acc NCE:0.9934
=> Test at epoch 115
==========Test with latent_z: z_c =========
==========Test with NCE LOSS=========
Extracted features for query set, obtained torch.Size([2709, 128]) matrix
Extracted features for gallery set, obtained torch.Size([2000, 128]) matrix
Extracting features complete in 0m 5s
Distance computing in 0m 0s
Results ---------------------------------------------------
top1:8.8% top5:23.3% top10:33.4% top20:45.6% mAP:11.3%
-----------------------------------------------------------
Using 0m 0s
Classifier results ---------------------------------------------------
Query acc: 19.2% Gallery acc: 99.2% Total acc: 51.2%
Jump TSNE in test
==========Test with latent_z: new_z =========
==========Test with NCE LOSS=========
Extracted features for query set, obtained torch.Size([2709, 192]) matrix
Extracted features for gallery set, obtained torch.Size([2000, 192]) matrix
Extracting features complete in 0m 5s
Distance computing in 0m 0s
Results ---------------------------------------------------
top1:9.7% top5:26.4% top10:37.5% top20:50.3% mAP:12.7%
-----------------------------------------------------------
Using 0m 0s
Classifier results ---------------------------------------------------
Query acc: 19.5% Gallery acc: 99.6% Total acc: 51.5%
Epoch:116 Time:9.5 Data:0.0 Loss:0.0239 Cls Loss:0.0239 Pair Loss:0.3588 Center Loss:294.8972 KL Loss:322.0610 Recon Loss:0.1834 Acc:0.9924 Acc NCE:0.9924
Epoch:117 Time:9.7 Data:0.0 Loss:0.0352 Cls Loss:0.0352 Pair Loss:0.3584 Center Loss:294.6149 KL Loss:321.6315 Recon Loss:0.1834 Acc:0.9892 Acc NCE:0.9892
Epoch:118 Time:7.7 Data:0.0 Loss:0.0289 Cls Loss:0.0289 Pair Loss:0.3633 Center Loss:294.3386 KL Loss:321.5352 Recon Loss:0.1835 Acc:0.9904 Acc NCE:0.9904
Epoch:119 Time:6.6 Data:0.0 Loss:0.0331 Cls Loss:0.0331 Pair Loss:0.3582 Center Loss:295.1165 KL Loss:322.9958 Recon Loss:0.1834 Acc:0.9889 Acc NCE:0.9889
Epoch:120 Time:6.3 Data:0.0 Loss:0.0266 Cls Loss:0.0266 Pair Loss:0.3566 Center Loss:293.3976 KL Loss:320.8386 Recon Loss:0.1834 Acc:0.9924 Acc NCE:0.9924
=> Test at epoch 120
==========Test with latent_z: z_c =========
==========Test with NCE LOSS=========
Extracted features for query set, obtained torch.Size([2709, 128]) matrix
Extracted features for gallery set, obtained torch.Size([2000, 128]) matrix
Extracting features complete in 0m 4s
Distance computing in 0m 0s
Results ---------------------------------------------------
top1:9.0% top5:23.2% top10:33.9% top20:46.2% mAP:11.4%
-----------------------------------------------------------
Using 0m 0s
Classifier results ---------------------------------------------------
Query acc: 18.7% Gallery acc: 99.5% Total acc: 51.0%
Jump TSNE in test
==========Test with latent_z: new_z =========
==========Test with NCE LOSS=========
Extracted features for query set, obtained torch.Size([2709, 192]) matrix
Extracted features for gallery set, obtained torch.Size([2000, 192]) matrix
Extracting features complete in 0m 4s
Distance computing in 0m 0s
Results ---------------------------------------------------
top1:11.2% top5:27.8% top10:38.5% top20:50.8% mAP:13.7%
-----------------------------------------------------------
Using 0m 0s
Classifier results ---------------------------------------------------
Query acc: 19.0% Gallery acc: 99.4% Total acc: 51.2%
Keep checkpoint file: checkpoint_ep120.pth.tar
=> Best Rank-1 9.4%, mAP 11.4% achieved at epoch 110
Finished. Total elapsed time (h:m:s): 0:21:18. Training time (h:m:s): 0:16:41.
Shutting down background jobs, please wait a moment...
Done!
Waiting for the remaining 35 operations to synchronize with Neptune. Do not kill this process.
All 35 operations synced, thanks for waiting!
Explore the metadata in the Neptune app:
https://app.neptune.ai/Zhengwei-Lab/MayCVAE/e/MAY-345/metadata
