https://app.neptune.ai/Zhengwei-Lab/NIPSTransferReID/e/NIPS-663
=> merge config from ./configs/clipreid_cvae_kl.yaml
Use centroid as domain embedding
/home/zhengwei/Desktop/Zhengwei/Projects/CVAE/main.py:95: NeptuneUnsupportedType: You're attempting to log a type that is not directly supported by Neptune (<class 'list'>).
        Convert the value to a supported type, such as a string or float, or use stringify_unsupported(obj)
        for dictionaries or collections that contain unsupported values.
        For more, see https://docs.neptune.ai/help/value_of_unsupported_type
  run["parameters"] = param
=> Configurations:
-------------------------
AMP: True
AUG:
  RC_PROB: 0.5
  RE_PROB: 0.5
DATA:
  CUHK03_CLASSIC_SPLIT: False
  CUHK03_LABELED: False
  DATASET: duke
  FORMAT_TAG: tensor
  HEIGHT: 256
  NUM_INSTANCES: 4
  NUM_WORKERS: 4
  ROOT: /home/zhengwei/Desktop/Zhengwei/Projects/datasets
  SPLIT_ID: 0
  TEST_BATCH: 512
  TRAIN_BATCH: 64
  TRAIN_FORMAT: base
  WIDTH: 128
EVAL_MODE: False
GPU: 0
LOSS:
  CLA_LOSS: crossentropylabelsmooth
  CLA_M: 0.0
  CLA_S: 16.0
  PAIR_LOSS: triplet
  PAIR_M: 0.3
  PAIR_S: 16.0
  RECON_LOSS: mse
MODEL:
  CONDITIONAL: False
  FEATURE_DIM: 1280
  FEAT_FUSION: True
  FLOW_TYPE: yuke_mlpflow
  GAUSSIAN: MultivariateNormal
  LATENT_SIZE: 64
  NAME: CVAE
  ONLY_CVAE_KL: False
  ONLY_X_INPUT: False
  PRETRAIN: CLIPreidNew
  RES4_STRIDE: 1
  RESUME: 
  TRAIN_STAGE: klstage
  USE_CENTROID: True
  VAE_TYPE: cvae
OUTPUT: ./outputs/duke/clipreid_cvae_decouple/2024-05-04/fp32_l4vae+LeakRelu+bn_64z_bpfusion_Lrecon+pari_1e3
SAVED_NAME: fp32_l4vae+LeakRelu+bn_64z_bpfusion_Lrecon+pari_1e3
SEED: 0
TAG: clipreid_cvae_decouple
TEST:
  DISTANCE: cosine
  EVAL_STEP: 5
  START_EVAL: -1
TRAIN:
  AMP: False
  LR_SCHEDULER:
    DECAY_RATE: 0.1
    NAME: MultiStepLR
    STEPSIZE: [20, 40]
  MAX_EPOCH: 60
  OPTIMIZER:
    LR: 0.001
    NAME: adam
    WEIGHT_DECAY: 0.0001
  START_EPOCH: 0
----------------------
Initializing dataset duke
Warning: string series 'monitoring/bb9eb82d/stdout' value was longer than 1000 characters and was truncated. This warning is printed only once per series.
Loading cluster results from '/home/zhengwei/Desktop/Zhengwei/Projects/datasets/DukeMTMC-reID/kmeans_results/CLIPreidNew/train_all_129k_euclidean.pt'
Clustering stastistics: [(0, 83), (1, 48), (2, 58), (3, 100), (4, 96), (5, 59), (6, 109), (7, 142), (8, 122), (9, 100), (10, 53), (11, 138), (12, 83), (13, 99), (14, 142), (15, 224), (16, 181), (17, 153), (18, 172), (19, 254), (20, 162), (21, 110), (22, 191), (23, 102), (24, 41), (25, 136), (26, 144), (27, 152), (28, 151), (29, 142), (30, 100), (31, 128), (32, 245), (33, 131), (34, 85), (35, 81), (36, 58), (37, 143), (38, 71), (39, 219), (40, 113), (41, 56), (42, 61), (43, 158), (44, 116), (45, 33), (46, 143), (47, 95), (48, 325), (49, 145), (50, 63), (51, 150), (52, 75), (53, 111), (54, 108), (55, 88), (56, 108), (57, 158), (58, 333), (59, 38), (60, 165), (61, 159), (62, 175), (63, 173), (64, 71), (65, 68), (66, 90), (67, 194), (68, 66), (69, 75), (70, 199), (71, 119), (72, 83), (73, 63), (74, 213), (75, 369), (76, 137), (77, 126), (78, 51), (79, 196), (80, 134), (81, 189), (82, 100), (83, 250), (84, 23), (85, 100), (86, 149), (87, 231), (88, 66), (89, 40), (90, 181), (91, 77), (92, 143), (93, 145), (94, 126), (95, 159), (96, 219), (97, 117), (98, 185), (99, 139), (100, 135), (101, 108), (102, 64), (103, 178), (104, 104), (105, 131), (106, 64), (107, 106), (108, 153), (109, 133), (110, 75), (111, 83), (112, 94), (113, 255), (114, 80), (115, 99), (116, 209), (117, 90), (118, 189), (119, 103), (120, 236), (121, 163), (122, 9), (123, 47), (124, 33), (125, 97), (126, 121), (127, 153), (128, 160)]
Loading cluster results from '/home/zhengwei/Desktop/Zhengwei/Projects/datasets/DukeMTMC-reID/kmeans_results/CLIPreidNew/query_129k_euclidean.pt'
Clustering stastistics: [(0, 7), (1, 22), (2, 26), (3, 6), (4, 35), (5, 24), (6, 10), (7, 12), (8, 9), (9, 8), (10, 22), (11, 7), (12, 22), (13, 6), (14, 33), (15, 16), (16, 43), (17, 11), (18, 9), (19, 17), (20, 9), (21, 28), (22, 26), (23, 12), (24, 10), (25, 9), (26, 8), (27, 15), (28, 15), (29, 40), (30, 3), (31, 9), (32, 11), (33, 9), (34, 33), (35, 12), (36, 19), (37, 13), (38, 10), (39, 26), (40, 29), (41, 9), (42, 14), (43, 12), (44, 17), (45, 10), (46, 12), (47, 12), (48, 31), (49, 28), (50, 21), (51, 9), (52, 17), (53, 18), (54, 13), (55, 7), (56, 13), (57, 31), (58, 17), (59, 55), (60, 26), (61, 6), (62, 18), (63, 15), (64, 26), (65, 28), (66, 23), (67, 35), (68, 20), (69, 27), (70, 22), (71, 19), (72, 7), (73, 13), (74, 13), (75, 27), (76, 12), (77, 18), (78, 23), (79, 11), (80, 19), (81, 21), (82, 14), (83, 15), (84, 6), (85, 19), (86, 24), (87, 4), (88, 21), (89, 12), (90, 12), (91, 27), (92, 27), (93, 8), (94, 20), (95, 25), (96, 18), (97, 17), (98, 8), (99, 22), (100, 4), (101, 13), (102, 25), (103, 16), (104, 19), (105, 26), (106, 9), (107, 14), (108, 21), (109, 12), (110, 15), (111, 19), (112, 22), (113, 37), (114, 7), (115, 23), (116, 4), (117, 30), (118, 20), (119, 29), (120, 17), (121, 9), (122, 6), (123, 8), (124, 13), (125, 16), (126, 8), (127, 5), (128, 16)]
Loading cluster results from '/home/zhengwei/Desktop/Zhengwei/Projects/datasets/DukeMTMC-reID/kmeans_results/CLIPreidNew/gallery_129k_euclidean.pt'
Clustering stastistics: [(0, 166), (1, 257), (2, 94), (3, 25), (4, 246), (5, 88), (6, 199), (7, 160), (8, 125), (9, 124), (10, 195), (11, 90), (12, 94), (13, 155), (14, 179), (15, 172), (16, 73), (17, 139), (18, 55), (19, 88), (20, 115), (21, 118), (22, 140), (23, 114), (24, 74), (25, 194), (26, 190), (27, 80), (28, 202), (29, 117), (30, 185), (31, 156), (32, 63), (33, 149), (34, 161), (35, 102), (36, 127), (37, 92), (38, 143), (39, 188), (40, 79), (41, 191), (42, 128), (43, 105), (44, 167), (45, 255), (46, 213), (47, 67), (48, 193), (49, 118), (50, 127), (51, 213), (52, 84), (53, 147), (54, 61), (55, 91), (56, 159), (57, 116), (58, 146), (59, 189), (60, 100), (61, 159), (62, 166), (63, 142), (64, 183), (65, 120), (66, 118), (67, 70), (68, 150), (69, 113), (70, 167), (71, 93), (72, 107), (73, 138), (74, 191), (75, 154), (76, 72), (77, 255), (78, 83), (79, 102), (80, 129), (81, 48), (82, 97), (83, 129), (84, 216), (85, 178), (86, 127), (87, 254), (88, 191), (89, 126), (90, 170), (91, 154), (92, 52), (93, 149), (94, 179), (95, 99), (96, 96), (97, 142), (98, 154), (99, 193), (100, 143), (101, 118), (102, 153), (103, 44), (104, 142), (105, 87), (106, 84), (107, 196), (108, 143), (109, 156), (110, 63), (111, 178), (112, 52), (113, 165), (114, 106), (115, 38), (116, 112), (117, 183), (118, 63), (119, 299), (120, 96), (121, 53), (122, 143), (123, 132), (124, 288), (125, 151), (126, 104), (127, 95), (128, 225)]
=> DukeMTMC-reID tensor loaded
Dataset statistics:
  ------------------------------
  subset   | # ids | # images
  ------------------------------
  train    |   702 |    16522
  query    |   702 |     2228
  gallery  |  1110 |    17661
  ------------------------------
  total    |  1404 |    36411
  ------------------------------
Initializing vae model: cvae
Model size: 1.89875M
Using MLPClassBlock with hiidem_dim_list: [64, 128, 256, 512]
Classifier size: 0.53555M
=> Start training
=> centroids.dtype: torch.float32
UZ fusion: tensor([ 0.0324, -0.1674, -0.2466,  0.0372,  0.0324,  0.0312, -0.1836,  0.0375,
         0.0772, -0.0866], device='cuda:0', grad_fn=<SliceBackward0>)
Epoch:1 Time:52.3 Data:0.0 Loss:0.5100 Cls Loss:6.5539 Pair Loss:0.0653 Recon Loss:0.4447 Acc:0.0005 
=> centroids.dtype: torch.float32
UZ fusion: tensor([ 0.0640, -0.0800,  0.1203,  0.1507,  0.1479,  0.1517, -0.0368, -0.1153,
         0.0781,  0.0204], device='cuda:0', grad_fn=<SliceBackward0>)
Epoch:2 Time:37.9 Data:0.0 Loss:0.4393 Cls Loss:6.5539 Pair Loss:0.0354 Recon Loss:0.4040 Acc:0.0006 
=> centroids.dtype: torch.float32
UZ fusion: tensor([ 0.0208, -0.0698,  0.2042,  0.1176,  0.0401, -0.1224, -0.0111,  0.1039,
        -0.0915, -0.0344], device='cuda:0', grad_fn=<SliceBackward0>)
Epoch:3 Time:38.9 Data:0.0 Loss:0.4198 Cls Loss:6.5540 Pair Loss:0.0251 Recon Loss:0.3947 Acc:0.0006 
=> centroids.dtype: torch.float32
UZ fusion: tensor([ 0.0490, -0.0167, -0.0867,  0.2086,  0.0168,  0.0691, -0.2772, -0.1641,
         0.0743, -0.1416], device='cuda:0', grad_fn=<SliceBackward0>)
Epoch:4 Time:39.1 Data:0.0 Loss:0.4091 Cls Loss:6.5539 Pair Loss:0.0202 Recon Loss:0.3889 Acc:0.0005 
=> centroids.dtype: torch.float32
UZ fusion: tensor([ 0.0633, -0.1629, -0.1432,  0.0487,  0.1607,  0.0361, -0.0960,  0.0243,
         0.2040, -0.0632], device='cuda:0', grad_fn=<SliceBackward0>)
Epoch:5 Time:39.0 Data:0.0 Loss:0.4036 Cls Loss:6.5539 Pair Loss:0.0190 Recon Loss:0.3847 Acc:0.0007 
=> Test at epoch 5
Extracted features for query set, obtained torch.Size([2228, 64]) matrix
Extracted features for gallery set, obtained torch.Size([17661, 64]) matrix
Extracting features complete in 0m 7s
Distance computing in 0m 0s
Computing CMC and mAP
Results ---------------------------------------------------
top1:75.5% top5:85.6% top10:89.1% top20:91.9% mAP:58.2%
-----------------------------------------------------------
Using 0m 2s
Extracted features for query set, obtained torch.Size([2228, 64]) matrix
Extracted features for gallery set, obtained torch.Size([17661, 64]) matrix
Extracting features complete in 0m 4s
Distance computing in 0m 0s
Computing CMC and mAP
Results ---------------------------------------------------
top1:57.8% top5:72.3% top10:77.4% top20:82.8% mAP:46.1%
-----------------------------------------------------------
Using 0m 2s
=> centroids.dtype: torch.float32
UZ fusion: tensor([-0.0480,  0.0574,  0.1336,  0.2068,  0.1110,  0.0885, -0.0050, -0.0152,
         0.0204,  0.0310], device='cuda:0', grad_fn=<SliceBackward0>)
Epoch:6 Time:44.3 Data:0.0 Loss:0.3982 Cls Loss:6.5539 Pair Loss:0.0157 Recon Loss:0.3825 Acc:0.0010 
=> centroids.dtype: torch.float32
UZ fusion: tensor([-0.0091,  0.1297,  0.3147, -0.0016, -0.2116, -0.0217, -0.0706, -0.0127,
         0.1681,  0.0550], device='cuda:0', grad_fn=<SliceBackward0>)
Epoch:7 Time:42.3 Data:0.0 Loss:0.3987 Cls Loss:6.5539 Pair Loss:0.0177 Recon Loss:0.3810 Acc:0.0012 
=> centroids.dtype: torch.float32
UZ fusion: tensor([ 0.0986,  0.1115, -0.0554,  0.2390, -0.0061,  0.1349, -0.0250,  0.1122,
        -0.0452,  0.0102], device='cuda:0', grad_fn=<SliceBackward0>)
Epoch:8 Time:43.6 Data:0.0 Loss:0.3955 Cls Loss:6.5539 Pair Loss:0.0153 Recon Loss:0.3802 Acc:0.0008 
=> centroids.dtype: torch.float32
UZ fusion: tensor([-0.1283,  0.1045, -0.0346,  0.0550, -0.0637,  0.0759, -0.0704,  0.1987,
        -0.0040, -0.1471], device='cuda:0', grad_fn=<SliceBackward0>)
Epoch:9 Time:42.7 Data:0.0 Loss:0.3957 Cls Loss:6.5539 Pair Loss:0.0161 Recon Loss:0.3796 Acc:0.0006 
=> centroids.dtype: torch.float32
UZ fusion: tensor([-0.0874,  0.0398,  0.1399,  0.1121, -0.1683, -0.0350, -0.1254,  0.0276,
         0.0898,  0.0602], device='cuda:0', grad_fn=<SliceBackward0>)
Epoch:10 Time:42.9 Data:0.0 Loss:0.3949 Cls Loss:6.5539 Pair Loss:0.0155 Recon Loss:0.3793 Acc:0.0003 
=> Test at epoch 10
Extracted features for query set, obtained torch.Size([2228, 64]) matrix
Extracted features for gallery set, obtained torch.Size([17661, 64]) matrix
Extracting features complete in 0m 7s
Distance computing in 0m 0s
Computing CMC and mAP
Results ---------------------------------------------------
top1:76.8% top5:87.1% top10:89.7% top20:92.2% mAP:59.1%
-----------------------------------------------------------
Using 0m 2s
Extracted features for query set, obtained torch.Size([2228, 64]) matrix
Extracted features for gallery set, obtained torch.Size([17661, 64]) matrix
Extracting features complete in 0m 4s
Distance computing in 0m 0s
Computing CMC and mAP
Results ---------------------------------------------------
top1:61.7% top5:76.7% top10:80.7% top20:85.2% mAP:49.0%
-----------------------------------------------------------
Using 0m 2s
=> centroids.dtype: torch.float32
UZ fusion: tensor([-0.1090,  0.0190,  0.1346, -0.0766,  0.2110, -0.1759,  0.1493,  0.0024,
         0.0932,  0.1138], device='cuda:0', grad_fn=<SliceBackward0>)
Epoch:11 Time:40.3 Data:0.0 Loss:0.3954 Cls Loss:6.5539 Pair Loss:0.0164 Recon Loss:0.3790 Acc:0.0003 
=> centroids.dtype: torch.float32
UZ fusion: tensor([-0.0098, -0.1018, -0.1887, -0.0545, -0.1802, -0.1335,  0.0171,  0.1083,
        -0.0098, -0.0592], device='cuda:0', grad_fn=<SliceBackward0>)
Epoch:12 Time:43.6 Data:0.0 Loss:0.3966 Cls Loss:6.5539 Pair Loss:0.0169 Recon Loss:0.3797 Acc:0.0005 
=> centroids.dtype: torch.float32
UZ fusion: tensor([-0.0608,  0.0848, -0.0581,  0.0364, -0.1772, -0.3025,  0.0273,  0.2849,
        -0.1398,  0.0094], device='cuda:0', grad_fn=<SliceBackward0>)
Epoch:13 Time:42.9 Data:0.0 Loss:0.3980 Cls Loss:6.5539 Pair Loss:0.0182 Recon Loss:0.3797 Acc:0.0007 
=> centroids.dtype: torch.float32
UZ fusion: tensor([-0.1675, -0.0877,  0.0050,  0.0249, -0.1879, -0.1520, -0.1388, -0.0343,
         0.1091, -0.0492], device='cuda:0', grad_fn=<SliceBackward0>)
Epoch:14 Time:44.3 Data:0.0 Loss:0.3979 Cls Loss:6.5539 Pair Loss:0.0180 Recon Loss:0.3800 Acc:0.0002 
=> centroids.dtype: torch.float32
UZ fusion: tensor([-0.0911, -0.0082,  0.1986, -0.0060,  0.1359, -0.0866,  0.0706, -0.1264,
        -0.0271, -0.0102], device='cuda:0', grad_fn=<SliceBackward0>)
Epoch:15 Time:42.3 Data:0.0 Loss:0.3970 Cls Loss:6.5539 Pair Loss:0.0175 Recon Loss:0.3795 Acc:0.0010 
=> Test at epoch 15
Extracted features for query set, obtained torch.Size([2228, 64]) matrix
Extracted features for gallery set, obtained torch.Size([17661, 64]) matrix
Extracting features complete in 0m 6s
Distance computing in 0m 0s
Computing CMC and mAP
Results ---------------------------------------------------
top1:77.3% top5:87.0% top10:90.7% top20:92.2% mAP:60.3%
-----------------------------------------------------------
Using 0m 2s
Extracted features for query set, obtained torch.Size([2228, 64]) matrix
Extracted features for gallery set, obtained torch.Size([17661, 64]) matrix
Extracting features complete in 0m 4s
Distance computing in 0m 0s
Computing CMC and mAP
Results ---------------------------------------------------
top1:63.7% top5:77.2% top10:81.6% top20:86.0% mAP:50.9%
-----------------------------------------------------------
Using 0m 2s
=> centroids.dtype: torch.float32
UZ fusion: tensor([ 0.0473, -0.2738, -0.2558, -0.0325, -0.0648,  0.0356,  0.2205, -0.0023,
         0.0011,  0.0367], device='cuda:0', grad_fn=<SliceBackward0>)
Epoch:16 Time:39.3 Data:0.0 Loss:0.3971 Cls Loss:6.5539 Pair Loss:0.0175 Recon Loss:0.3796 Acc:0.0016 
=> centroids.dtype: torch.float32
UZ fusion: tensor([-0.0771,  0.1302,  0.0909, -0.0119,  0.0918,  0.0024, -0.1619,  0.1785,
        -0.0065, -0.0236], device='cuda:0', grad_fn=<SliceBackward0>)
Epoch:17 Time:43.1 Data:0.0 Loss:0.3971 Cls Loss:6.5539 Pair Loss:0.0181 Recon Loss:0.3790 Acc:0.0003 
=> centroids.dtype: torch.float32
UZ fusion: tensor([ 0.2651,  0.1096,  0.0202, -0.0334,  0.2031,  0.1405,  0.0325, -0.1007,
        -0.2203, -0.1130], device='cuda:0', grad_fn=<SliceBackward0>)
Epoch:18 Time:42.4 Data:0.0 Loss:0.3983 Cls Loss:6.5539 Pair Loss:0.0187 Recon Loss:0.3796 Acc:0.0006 
=> centroids.dtype: torch.float32
UZ fusion: tensor([ 0.1790, -0.2717,  0.1219,  0.0734,  0.0204,  0.4183,  0.0553,  0.2749,
         0.2796, -0.0540], device='cuda:0', grad_fn=<SliceBackward0>)
Epoch:19 Time:42.9 Data:0.0 Loss:0.3994 Cls Loss:6.5539 Pair Loss:0.0195 Recon Loss:0.3798 Acc:0.0005 
=> centroids.dtype: torch.float32
UZ fusion: tensor([ 0.1232,  0.1768,  0.0426, -0.1169, -0.1748,  0.1876,  0.1272, -0.1334,
        -0.0707, -0.0028], device='cuda:0', grad_fn=<SliceBackward0>)
Epoch:20 Time:42.7 Data:0.0 Loss:0.3948 Cls Loss:6.5539 Pair Loss:0.0157 Recon Loss:0.3792 Acc:0.0007 
=> Test at epoch 20
Extracted features for query set, obtained torch.Size([2228, 64]) matrix
Extracted features for gallery set, obtained torch.Size([17661, 64]) matrix
Extracting features complete in 0m 7s
Distance computing in 0m 0s
Computing CMC and mAP
Results ---------------------------------------------------
top1:78.6% top5:87.4% top10:90.4% top20:92.7% mAP:60.9%
-----------------------------------------------------------
Using 0m 3s
Extracted features for query set, obtained torch.Size([2228, 64]) matrix
Extracted features for gallery set, obtained torch.Size([17661, 64]) matrix
Extracting features complete in 0m 4s
Distance computing in 0m 0s
Computing CMC and mAP
Results ---------------------------------------------------
top1:63.3% top5:76.7% top10:81.5% top20:86.0% mAP:50.5%
-----------------------------------------------------------
Using 0m 2s
=> centroids.dtype: torch.float32
UZ fusion: tensor([ 0.1017,  0.1520, -0.1897,  0.0049, -0.0562, -0.0495, -0.0640,  0.0615,
        -0.1443,  0.2420], device='cuda:0', grad_fn=<SliceBackward0>)
Epoch:21 Time:39.3 Data:0.0 Loss:0.3834 Cls Loss:6.5539 Pair Loss:0.0108 Recon Loss:0.3726 Acc:0.0002 
=> centroids.dtype: torch.float32
UZ fusion: tensor([ 0.0239, -0.0441, -0.3220, -0.1829, -0.1193, -0.0119,  0.1261,  0.0575,
        -0.0627,  0.0992], device='cuda:0', grad_fn=<SliceBackward0>)
Epoch:22 Time:43.9 Data:0.0 Loss:0.3782 Cls Loss:6.5539 Pair Loss:0.0080 Recon Loss:0.3702 Acc:0.0006 
=> centroids.dtype: torch.float32
UZ fusion: tensor([-0.0287,  0.2214,  0.1368, -0.0834,  0.1239,  0.1679,  0.0408,  0.0405,
         0.1706, -0.0844], device='cuda:0', grad_fn=<SliceBackward0>)
Epoch:23 Time:43.8 Data:0.0 Loss:0.3747 Cls Loss:6.5539 Pair Loss:0.0061 Recon Loss:0.3687 Acc:0.0005 
=> centroids.dtype: torch.float32
UZ fusion: tensor([-0.1959,  0.2249,  0.0738,  0.0771,  0.0420, -0.0198, -0.0934,  0.1499,
         0.1132,  0.1553], device='cuda:0', grad_fn=<SliceBackward0>)
Epoch:24 Time:43.6 Data:0.0 Loss:0.3738 Cls Loss:6.5539 Pair Loss:0.0059 Recon Loss:0.3679 Acc:0.0005 
=> centroids.dtype: torch.float32
UZ fusion: tensor([-0.1530,  0.1668,  0.0378,  0.0891,  0.0729, -0.0496, -0.2169,  0.1001,
         0.0301,  0.0946], device='cuda:0', grad_fn=<SliceBackward0>)
Epoch:25 Time:43.1 Data:0.0 Loss:0.3727 Cls Loss:6.5539 Pair Loss:0.0055 Recon Loss:0.3671 Acc:0.0006 
=> Test at epoch 25
Extracted features for query set, obtained torch.Size([2228, 64]) matrix
Extracted features for gallery set, obtained torch.Size([17661, 64]) matrix
Extracting features complete in 0m 7s
Distance computing in 0m 0s
Computing CMC and mAP
Results ---------------------------------------------------
top1:80.1% top5:89.7% top10:91.9% top20:94.1% mAP:65.1%
-----------------------------------------------------------
Using 0m 2s
Extracted features for query set, obtained torch.Size([2228, 64]) matrix
Extracted features for gallery set, obtained torch.Size([17661, 64]) matrix
Extracting features complete in 0m 4s
Distance computing in 0m 0s
Computing CMC and mAP
Results ---------------------------------------------------
top1:71.0% top5:83.7% top10:87.0% top20:90.4% mAP:58.7%
-----------------------------------------------------------
Using 0m 2s
=> centroids.dtype: torch.float32
UZ fusion: tensor([ 0.1461, -0.1965, -0.1699, -0.1110,  0.0237,  0.1240,  0.0578,  0.0708,
        -0.0582,  0.0629], device='cuda:0', grad_fn=<SliceBackward0>)
Epoch:26 Time:39.2 Data:0.0 Loss:0.3722 Cls Loss:6.5539 Pair Loss:0.0057 Recon Loss:0.3666 Acc:0.0003 
=> centroids.dtype: torch.float32
UZ fusion: tensor([-0.0493, -0.1166, -0.0631, -0.0452, -0.2034, -0.2618,  0.0251,  0.1140,
        -0.1310, -0.0009], device='cuda:0', grad_fn=<SliceBackward0>)
Epoch:27 Time:44.1 Data:0.0 Loss:0.3708 Cls Loss:6.5539 Pair Loss:0.0044 Recon Loss:0.3664 Acc:0.0005 
=> centroids.dtype: torch.float32
UZ fusion: tensor([-0.2366,  0.2402, -0.2599, -0.0087, -0.0092,  0.0406,  0.2131,  0.0475,
        -0.2488, -0.0415], device='cuda:0', grad_fn=<SliceBackward0>)
Epoch:28 Time:43.9 Data:0.0 Loss:0.3697 Cls Loss:6.5539 Pair Loss:0.0041 Recon Loss:0.3656 Acc:0.0009 
=> centroids.dtype: torch.float32
UZ fusion: tensor([ 0.2724,  0.0470,  0.0048, -0.1713,  0.0128,  0.4090,  0.0617,  0.1061,
         0.0701,  0.0478], device='cuda:0', grad_fn=<SliceBackward0>)
Epoch:29 Time:43.0 Data:0.0 Loss:0.3698 Cls Loss:6.5539 Pair Loss:0.0045 Recon Loss:0.3654 Acc:0.0002 
=> centroids.dtype: torch.float32
UZ fusion: tensor([ 0.1276, -0.0878, -0.0514, -0.0600,  0.1474,  0.0875,  0.0790, -0.2213,
         0.0813, -0.1456], device='cuda:0', grad_fn=<SliceBackward0>)
Epoch:30 Time:43.3 Data:0.0 Loss:0.3685 Cls Loss:6.5539 Pair Loss:0.0039 Recon Loss:0.3645 Acc:0.0004 
=> Test at epoch 30
Extracted features for query set, obtained torch.Size([2228, 64]) matrix
Extracted features for gallery set, obtained torch.Size([17661, 64]) matrix
Extracting features complete in 0m 7s
Distance computing in 0m 0s
Computing CMC and mAP
Results ---------------------------------------------------
top1:80.7% top5:89.7% top10:92.5% top20:94.3% mAP:65.9%
-----------------------------------------------------------
Using 0m 2s
Extracted features for query set, obtained torch.Size([2228, 64]) matrix
Extracted features for gallery set, obtained torch.Size([17661, 64]) matrix
Extracting features complete in 0m 4s
Distance computing in 0m 0s
Computing CMC and mAP
Results ---------------------------------------------------
top1:73.4% top5:84.6% top10:88.4% top20:91.1% mAP:60.3%
-----------------------------------------------------------
Using 0m 2s
=> centroids.dtype: torch.float32
UZ fusion: tensor([-0.0995,  0.1261,  0.0651,  0.1801, -0.1981, -0.2033,  0.0441, -0.2327,
        -0.0963, -0.0385], device='cuda:0', grad_fn=<SliceBackward0>)
Epoch:31 Time:39.1 Data:0.0 Loss:0.3682 Cls Loss:6.5539 Pair Loss:0.0037 Recon Loss:0.3645 Acc:0.0002 
=> centroids.dtype: torch.float32
UZ fusion: tensor([-0.0088, -0.1797,  0.1647,  0.0288,  0.1239, -0.1670, -0.0978, -0.0795,
         0.1956,  0.0506], device='cuda:0', grad_fn=<SliceBackward0>)
Epoch:32 Time:44.8 Data:0.0 Loss:0.3670 Cls Loss:6.5539 Pair Loss:0.0031 Recon Loss:0.3640 Acc:0.0003 
=> centroids.dtype: torch.float32
UZ fusion: tensor([-0.0457,  0.0541, -0.0795,  0.0093,  0.0688,  0.0581,  0.0752, -0.0546,
         0.0581,  0.0260], device='cuda:0', grad_fn=<SliceBackward0>)
Epoch:33 Time:44.0 Data:0.0 Loss:0.3674 Cls Loss:6.5539 Pair Loss:0.0036 Recon Loss:0.3638 Acc:0.0008 
=> centroids.dtype: torch.float32
UZ fusion: tensor([ 0.0067, -0.0517, -0.0093, -0.1099,  0.0068,  0.0012,  0.0603,  0.0324,
         0.0575, -0.0650], device='cuda:0', grad_fn=<SliceBackward0>)
Epoch:34 Time:44.3 Data:0.0 Loss:0.3666 Cls Loss:6.5539 Pair Loss:0.0033 Recon Loss:0.3634 Acc:0.0001 
=> centroids.dtype: torch.float32
UZ fusion: tensor([ 0.0519, -0.2782, -0.0422, -0.0098,  0.1196, -0.1126,  0.0684, -0.1578,
         0.1902,  0.0055], device='cuda:0', grad_fn=<SliceBackward0>)
Epoch:35 Time:43.0 Data:0.0 Loss:0.3663 Cls Loss:6.5539 Pair Loss:0.0030 Recon Loss:0.3632 Acc:0.0002 
=> Test at epoch 35
Extracted features for query set, obtained torch.Size([2228, 64]) matrix
Extracted features for gallery set, obtained torch.Size([17661, 64]) matrix
Extracting features complete in 0m 7s
Distance computing in 0m 0s
Computing CMC and mAP
Results ---------------------------------------------------
top1:81.5% top5:90.2% top10:92.6% top20:94.7% mAP:66.5%
-----------------------------------------------------------
Using 0m 2s
Extracted features for query set, obtained torch.Size([2228, 64]) matrix
Extracted features for gallery set, obtained torch.Size([17661, 64]) matrix
Extracting features complete in 0m 4s
Distance computing in 0m 0s
Computing CMC and mAP
Results ---------------------------------------------------
top1:73.6% top5:85.0% top10:88.3% top20:91.1% mAP:60.7%
-----------------------------------------------------------
Using 0m 2s
=> centroids.dtype: torch.float32
UZ fusion: tensor([-0.0361,  0.0945,  0.0672,  0.2722, -0.2440,  0.0713,  0.0419,  0.0379,
         0.0276, -0.0607], device='cuda:0', grad_fn=<SliceBackward0>)
Epoch:36 Time:38.2 Data:0.0 Loss:0.3667 Cls Loss:6.5539 Pair Loss:0.0037 Recon Loss:0.3630 Acc:0.0005 
=> centroids.dtype: torch.float32
UZ fusion: tensor([-0.0263,  0.0040, -0.0316,  0.0409,  0.0508,  0.1037, -0.3653, -0.0339,
        -0.0218,  0.0791], device='cuda:0', grad_fn=<SliceBackward0>)
Epoch:37 Time:43.5 Data:0.0 Loss:0.3656 Cls Loss:6.5539 Pair Loss:0.0030 Recon Loss:0.3626 Acc:0.0005 
=> centroids.dtype: torch.float32
UZ fusion: tensor([ 0.0604, -0.0081, -0.2272,  0.1054,  0.0550, -0.0254,  0.0624, -0.1434,
        -0.0493, -0.0814], device='cuda:0', grad_fn=<SliceBackward0>)
Epoch:38 Time:44.7 Data:0.0 Loss:0.3656 Cls Loss:6.5539 Pair Loss:0.0033 Recon Loss:0.3624 Acc:0.0009 
=> centroids.dtype: torch.float32
UZ fusion: tensor([ 0.0634, -0.0943, -0.0497,  0.1212, -0.0743, -0.0499, -0.0295,  0.1449,
         0.0457, -0.0079], device='cuda:0', grad_fn=<SliceBackward0>)
Epoch:39 Time:43.6 Data:0.0 Loss:0.3651 Cls Loss:6.5539 Pair Loss:0.0030 Recon Loss:0.3621 Acc:0.0005 
=> centroids.dtype: torch.float32
UZ fusion: tensor([ 0.0311, -0.0881, -0.1049,  0.0100,  0.1121,  0.0731,  0.0542,  0.1579,
         0.0042, -0.0135], device='cuda:0', grad_fn=<SliceBackward0>)
Epoch:40 Time:42.3 Data:0.0 Loss:0.3648 Cls Loss:6.5539 Pair Loss:0.0030 Recon Loss:0.3619 Acc:0.0012 
=> Test at epoch 40
Extracted features for query set, obtained torch.Size([2228, 64]) matrix
Extracted features for gallery set, obtained torch.Size([17661, 64]) matrix
Extracting features complete in 0m 6s
Distance computing in 0m 0s
Computing CMC and mAP
Results ---------------------------------------------------
top1:81.8% top5:90.6% top10:92.8% top20:94.6% mAP:66.8%
-----------------------------------------------------------
Using 0m 2s
Extracted features for query set, obtained torch.Size([2228, 64]) matrix
Extracted features for gallery set, obtained torch.Size([17661, 64]) matrix
Extracting features complete in 0m 4s
Distance computing in 0m 0s
Computing CMC and mAP
Results ---------------------------------------------------
top1:74.7% top5:86.5% top10:89.6% top20:92.2% mAP:61.8%
-----------------------------------------------------------
Using 0m 2s
=> centroids.dtype: torch.float32
UZ fusion: tensor([ 0.1051,  0.0826,  0.1987,  0.1226,  0.0162,  0.0119,  0.0035,  0.0272,
         0.1672, -0.0499], device='cuda:0', grad_fn=<SliceBackward0>)
Epoch:41 Time:39.2 Data:0.0 Loss:0.3637 Cls Loss:6.5539 Pair Loss:0.0027 Recon Loss:0.3610 Acc:0.0006 
=> centroids.dtype: torch.float32
UZ fusion: tensor([ 0.0789, -0.1195, -0.1028,  0.0498,  0.0575,  0.0878, -0.0875,  0.0432,
        -0.0153,  0.0957], device='cuda:0', grad_fn=<SliceBackward0>)
Epoch:42 Time:43.2 Data:0.0 Loss:0.3626 Cls Loss:6.5539 Pair Loss:0.0021 Recon Loss:0.3606 Acc:0.0005 
=> centroids.dtype: torch.float32
UZ fusion: tensor([ 0.0969, -0.0553, -0.0934, -0.0200,  0.1012,  0.0639,  0.0459, -0.1575,
         0.0472, -0.0829], device='cuda:0', grad_fn=<SliceBackward0>)
Epoch:43 Time:44.9 Data:0.0 Loss:0.3629 Cls Loss:6.5539 Pair Loss:0.0025 Recon Loss:0.3605 Acc:0.0005 
=> centroids.dtype: torch.float32
UZ fusion: tensor([ 0.0595, -0.1877,  0.0126,  0.0132, -0.0532,  0.0876,  0.0431, -0.0366,
        -0.0150,  0.1540], device='cuda:0', grad_fn=<SliceBackward0>)
Epoch:44 Time:44.6 Data:0.0 Loss:0.3631 Cls Loss:6.5539 Pair Loss:0.0026 Recon Loss:0.3605 Acc:0.0006 
=> centroids.dtype: torch.float32
UZ fusion: tensor([-0.0224,  0.0829,  0.0270,  0.1499, -0.2099, -0.0313, -0.0537,  0.0402,
        -0.1356, -0.0668], device='cuda:0', grad_fn=<SliceBackward0>)
Epoch:45 Time:42.8 Data:0.0 Loss:0.3626 Cls Loss:6.5539 Pair Loss:0.0025 Recon Loss:0.3601 Acc:0.0005 
=> Test at epoch 45
Extracted features for query set, obtained torch.Size([2228, 64]) matrix
Extracted features for gallery set, obtained torch.Size([17661, 64]) matrix
Extracting features complete in 0m 7s
Distance computing in 0m 0s
Computing CMC and mAP
Results ---------------------------------------------------
top1:81.8% top5:90.8% top10:92.8% top20:94.7% mAP:67.3%
-----------------------------------------------------------
Using 0m 2s
Extracted features for query set, obtained torch.Size([2228, 64]) matrix
Extracted features for gallery set, obtained torch.Size([17661, 64]) matrix
Extracting features complete in 0m 4s
Distance computing in 0m 0s
Computing CMC and mAP
Results ---------------------------------------------------
top1:75.7% top5:86.0% top10:89.0% top20:92.2% mAP:62.2%
-----------------------------------------------------------
Using 0m 2s
=> centroids.dtype: torch.float32
UZ fusion: tensor([ 0.1653, -0.1425,  0.0515, -0.0197,  0.0838,  0.1223, -0.0593, -0.0254,
         0.0023,  0.0982], device='cuda:0', grad_fn=<SliceBackward0>)
Epoch:46 Time:39.9 Data:0.0 Loss:0.3630 Cls Loss:6.5539 Pair Loss:0.0026 Recon Loss:0.3603 Acc:0.0003 
=> centroids.dtype: torch.float32
UZ fusion: tensor([ 0.0341,  0.0137,  0.0520,  0.0385,  0.1123, -0.0799, -0.1539,  0.1804,
         0.1015,  0.0434], device='cuda:0', grad_fn=<SliceBackward0>)
Epoch:47 Time:43.8 Data:0.0 Loss:0.3623 Cls Loss:6.5539 Pair Loss:0.0017 Recon Loss:0.3605 Acc:0.0004 
=> centroids.dtype: torch.float32
UZ fusion: tensor([ 0.0083,  0.1062, -0.0115,  0.2144, -0.0093, -0.0969, -0.1785,  0.0568,
        -0.0353,  0.0116], device='cuda:0', grad_fn=<SliceBackward0>)
Epoch:48 Time:43.7 Data:0.0 Loss:0.3627 Cls Loss:6.5539 Pair Loss:0.0025 Recon Loss:0.3602 Acc:0.0002 
=> centroids.dtype: torch.float32
UZ fusion: tensor([ 0.0763, -0.0007,  0.1399, -0.0738, -0.1302,  0.0168,  0.1122, -0.0738,
         0.0287, -0.0904], device='cuda:0', grad_fn=<SliceBackward0>)
Epoch:49 Time:43.5 Data:0.0 Loss:0.3621 Cls Loss:6.5539 Pair Loss:0.0020 Recon Loss:0.3601 Acc:0.0006 
=> centroids.dtype: torch.float32
UZ fusion: tensor([-0.0070,  0.1360,  0.1605, -0.0249,  0.0807,  0.1908,  0.0854, -0.0296,
         0.1196,  0.0890], device='cuda:0', grad_fn=<SliceBackward0>)
Epoch:50 Time:43.9 Data:0.0 Loss:0.3619 Cls Loss:6.5539 Pair Loss:0.0021 Recon Loss:0.3598 Acc:0.0003 
=> Test at epoch 50
Extracted features for query set, obtained torch.Size([2228, 64]) matrix
Extracted features for gallery set, obtained torch.Size([17661, 64]) matrix
Extracting features complete in 0m 7s
Distance computing in 0m 0s
Computing CMC and mAP
Results ---------------------------------------------------
top1:82.3% top5:90.8% top10:93.0% top20:94.7% mAP:67.7%
-----------------------------------------------------------
Using 0m 2s
Extracted features for query set, obtained torch.Size([2228, 64]) matrix
Extracted features for gallery set, obtained torch.Size([17661, 64]) matrix
Extracting features complete in 0m 4s
Distance computing in 0m 0s
Computing CMC and mAP
Results ---------------------------------------------------
top1:76.8% top5:86.4% top10:89.6% top20:92.3% mAP:63.0%
-----------------------------------------------------------
Using 0m 2s
=> centroids.dtype: torch.float32
UZ fusion: tensor([-0.1609, -0.0526,  0.0736,  0.0828,  0.0316,  0.0452,  0.1840,  0.0109,
        -0.0428, -0.0440], device='cuda:0', grad_fn=<SliceBackward0>)
Epoch:51 Time:40.7 Data:0.0 Loss:0.3615 Cls Loss:6.5539 Pair Loss:0.0016 Recon Loss:0.3599 Acc:0.0004 
=> centroids.dtype: torch.float32
UZ fusion: tensor([ 0.0399,  0.1145,  0.1275, -0.0559, -0.1783, -0.1608,  0.1139, -0.0165,
         0.0129, -0.0602], device='cuda:0', grad_fn=<SliceBackward0>)
Epoch:52 Time:41.9 Data:0.0 Loss:0.3614 Cls Loss:6.5539 Pair Loss:0.0019 Recon Loss:0.3595 Acc:0.0003 
=> centroids.dtype: torch.float32
UZ fusion: tensor([ 0.0611,  0.1520,  0.3165, -0.0203,  0.0109,  0.0059,  0.0090,  0.0284,
         0.1345,  0.0462], device='cuda:0', grad_fn=<SliceBackward0>)
Epoch:53 Time:43.3 Data:0.0 Loss:0.3615 Cls Loss:6.5539 Pair Loss:0.0019 Recon Loss:0.3596 Acc:0.0001 
=> centroids.dtype: torch.float32
UZ fusion: tensor([ 0.1277, -0.1728, -0.2179,  0.0871, -0.0526, -0.0161, -0.0205,  0.0902,
         0.0912, -0.0663], device='cuda:0', grad_fn=<SliceBackward0>)
Epoch:54 Time:43.1 Data:0.0 Loss:0.3611 Cls Loss:6.5539 Pair Loss:0.0016 Recon Loss:0.3595 Acc:0.0012 
=> centroids.dtype: torch.float32
UZ fusion: tensor([-0.0252,  0.2237,  0.0628, -0.0286,  0.0386, -0.0521, -0.1290,  0.1866,
         0.0534, -0.0220], device='cuda:0', grad_fn=<SliceBackward0>)
Epoch:55 Time:42.6 Data:0.0 Loss:0.3616 Cls Loss:6.5539 Pair Loss:0.0024 Recon Loss:0.3592 Acc:0.0005 
=> Test at epoch 55
Extracted features for query set, obtained torch.Size([2228, 64]) matrix
Extracted features for gallery set, obtained torch.Size([17661, 64]) matrix
Extracting features complete in 0m 6s
Distance computing in 0m 0s
Computing CMC and mAP
Results ---------------------------------------------------
top1:82.2% top5:90.7% top10:93.1% top20:94.9% mAP:67.8%
-----------------------------------------------------------
Using 0m 2s
Extracted features for query set, obtained torch.Size([2228, 64]) matrix
Extracted features for gallery set, obtained torch.Size([17661, 64]) matrix
Extracting features complete in 0m 4s
Distance computing in 0m 0s
Computing CMC and mAP
Results ---------------------------------------------------
top1:76.4% top5:86.7% top10:89.4% top20:92.4% mAP:62.9%
-----------------------------------------------------------
Using 0m 2s
=> centroids.dtype: torch.float32
UZ fusion: tensor([-0.1678,  0.0006, -0.0738,  0.0195, -0.1289,  0.1626,  0.1593, -0.0338,
        -0.0311, -0.1216], device='cuda:0', grad_fn=<SliceBackward0>)
Epoch:56 Time:40.3 Data:0.0 Loss:0.3618 Cls Loss:6.5539 Pair Loss:0.0021 Recon Loss:0.3597 Acc:0.0004 
=> centroids.dtype: torch.float32
UZ fusion: tensor([-0.0316, -0.0922, -0.0919, -0.0294, -0.1163, -0.2869,  0.0355,  0.0723,
        -0.0780, -0.0492], device='cuda:0', grad_fn=<SliceBackward0>)
Epoch:57 Time:43.9 Data:0.0 Loss:0.3617 Cls Loss:6.5539 Pair Loss:0.0020 Recon Loss:0.3597 Acc:0.0005 
=> centroids.dtype: torch.float32
UZ fusion: tensor([ 0.0298,  0.0592, -0.0305, -0.0337,  0.0227,  0.0621,  0.0745, -0.0740,
         0.0637,  0.0001], device='cuda:0', grad_fn=<SliceBackward0>)
Epoch:58 Time:43.2 Data:0.0 Loss:0.3616 Cls Loss:6.5539 Pair Loss:0.0024 Recon Loss:0.3592 Acc:0.0003 
=> centroids.dtype: torch.float32
UZ fusion: tensor([ 0.0087, -0.0172, -0.0035,  0.0269, -0.1063, -0.0447, -0.1126,  0.0851,
        -0.0278,  0.0208], device='cuda:0', grad_fn=<SliceBackward0>)
Epoch:59 Time:43.2 Data:0.0 Loss:0.3618 Cls Loss:6.5539 Pair Loss:0.0020 Recon Loss:0.3597 Acc:0.0005 
=> centroids.dtype: torch.float32
UZ fusion: tensor([ 0.0458,  0.1693, -0.0375, -0.0603,  0.0054,  0.1259,  0.0728,  0.0452,
         0.0905,  0.0217], device='cuda:0', grad_fn=<SliceBackward0>)
Epoch:60 Time:43.7 Data:0.0 Loss:0.3613 Cls Loss:6.5539 Pair Loss:0.0022 Recon Loss:0.3592 Acc:0.0007 
=> Test at epoch 60
Extracted features for query set, obtained torch.Size([2228, 64]) matrix
Extracted features for gallery set, obtained torch.Size([17661, 64]) matrix
Extracting features complete in 0m 7s
Distance computing in 0m 0s
Computing CMC and mAP
Results ---------------------------------------------------
top1:82.1% top5:90.6% top10:93.1% top20:94.7% mAP:67.8%
-----------------------------------------------------------
Using 0m 2s
Extracted features for query set, obtained torch.Size([2228, 64]) matrix
Extracted features for gallery set, obtained torch.Size([17661, 64]) matrix
Extracting features complete in 0m 4s
Distance computing in 0m 0s
Computing CMC and mAP
Results ---------------------------------------------------
top1:75.9% top5:86.0% top10:89.6% top20:92.1% mAP:62.8%
-----------------------------------------------------------
Using 0m 2s
=> Best Rank-1 76.8% achieved at epoch 50
Finished. Total elapsed time (h:m:s): 0:46:05. Training time (h:m:s): 0:42:45.
Shutting down background jobs, please wait a moment...
Done!
Waiting for the remaining 32 operations to synchronize with Neptune. Do not kill this process.
All 32 operations synced, thanks for waiting!
Explore the metadata in the Neptune app:
https://app.neptune.ai/Zhengwei-Lab/NIPSTransferReID/e/NIPS-663/metadata
