=> merge config from ./configs/base_msmt17/clipreid_cvae_kl.yaml
=> Configurations:
-------------------------
AMP: True
AUG:
  RC_PROB: 0.5
  RE_PROB: 0.5
DATA:
  CUHK03_CLASSIC_SPLIT: False
  CUHK03_LABELED: False
  DATASET: msmt17
  FORMAT_TAG: tensor
  HEIGHT: 256
  NUM_INSTANCES: 4
  NUM_WORKERS: 4
  ROOT: /home/zhengwei/my_data/datasets
  SPLIT_ID: 0
  TEST_BATCH: 512
  TRAIN_BATCH: 64
  TRAIN_FORMAT: base
  WIDTH: 128
EVAL_MODE: False
GPU: 2
LOSS:
  CLA_LOSS: crossentropy
  CLA_M: 0.0
  CLA_S: 16.0
  PAIR_LOSS: triplet
  PAIR_M: 0.3
  PAIR_S: 16.0
  RECON_LOSS: mse
  USE_NCE: False
MODEL:
  CONDITIONAL: False
  FEATURE_DIM: 1280
  FEAT_FUSION: False
  FLOW_TYPE: 
  GAUSSIAN: MultivariateNormal
  HIDDEN_DIM: 256
  LATENT_SIZE: 64
  NAME: CVAE
  ONLY_CVAE_KL: False
  ONLY_X_INPUT: False
  PRETRAIN: CLIPreID_Tune_MSMT17
  PROJECTION_TYPE: None
  RES4_STRIDE: 1
  RESUME: /data/zhengwei/CVAE/outputs/msmt17/clipreid_simplevae_base/2024-08-31/baseMSMT17_SimpleVAE_128+64z_1e3_60+120_KLtotalZ_noCLS
  STYLE_NUM: 0
  TRAIN_STAGE: CLSstage
  USE_CENTROID: False
  USE_TWO_ENCODER: False
  VAE_TYPE: SinpleVAE
  ZC_DIM: 128
  ZS_DIM: 64
OUTPUT: /data/zhengwei/CVAE/outputs/msmt17/clipreid_simplevae_base/2024-08-31/baseMSMT17_SimpleVAE_128+64z_1e3_60+120_KLtotalZ_noCLS/2nd_stage/2024-08-31/baseMSMT17_SimpleVAE_128+64z_1e3_60+120_KLtotalZ_L1280_CLS+ce
SAVED_NAME: baseMSMT17_SimpleVAE_128+64z_1e3_60+120_KLtotalZ_L1280_CLS+ce
SEED: 0
TAG: clipreid_simplevae_base
TEST:
  DISTANCE: cosine
  EVAL_STEP: 5
  START_EVAL: -1
TRAIN:
  AMP: False
  LR_SCHEDULER:
    DECAY_RATE: 0.1
    NAME: MultiStepLR
    STEPSIZE: [60]
  MAX_EPOCH: 120
  OPTIMIZER:
    LR: 0.001
    NAME: adam
    SGDLR: 0.01
    SGD_MOMENTUM: 0.9
    SGD_WEIGHT_DECAY: 0.0005
    WEIGHT_DECAY: 0.0001
  START_EPOCH: 0
----------------------
Initializing dataset msmt17
{1, 2, 3, 4, 5, 6, 7, 8, 9, 10, 11, 12, 13, 14, 15} cam_container
{1, 2, 3, 4, 5, 6, 7, 8, 9, 10, 11, 12, 13, 14, 15} cam_container
{1, 2, 3, 4, 5, 6, 7, 8, 9, 10, 11, 12, 13, 14, 15} cam_container
{1, 2, 3, 4, 5, 6, 7, 8, 9, 10, 11, 12, 13, 14, 15} cam_container
=> MSMT17 loaded
Dataset statistics:
  ----------------------------------------
  subset   | # ids | # images | # cameras
  ----------------------------------------
  train    |  1041 |    32621 |        15
  query    |  3060 |    11659 |        15
  gallery  |  3060 |    82161 |        15
  ----------------------------------------
Initializing SinpleVAE model
============Warning! No projection layer is used in Training!=================
============Warning! Using Defalt Linear 1280 to intialize!=================
Model size: 11.88307M
Initialized classifier with feature_dim: 1280, num_classes: 1041
Classifier size: 1.33248M
i2t_projector.weight is tuneable
i2t_projector.bias is tuneable
=> Start Training second stage model
Loading checkpoint from '/data/zhengwei/CVAE/outputs/msmt17/clipreid_simplevae_base/2024-08-31/baseMSMT17_SimpleVAE_128+64z_1e3_60+120_KLtotalZ_noCLS/checkpoint_ep120.pth.tar'
Loading all parameter:  encoder.0.weight
Loading all parameter:  encoder.0.bias
Loading all parameter:  encoder.1.weight
Loading all parameter:  encoder.1.bias
Loading all parameter:  encoder.1.running_mean
Loading all parameter:  encoder.1.running_var
Loading all parameter:  encoder.1.num_batches_tracked
Loading all parameter:  fc_mu.0.weight
Loading all parameter:  fc_mu.0.bias
Loading all parameter:  fc_logvar.0.weight
Loading all parameter:  fc_logvar.0.bias
Loading all parameter:  decoder.0.weight
Loading all parameter:  decoder.0.bias
Loading all parameter:  decoder.1.weight
Loading all parameter:  decoder.1.bias
Loading all parameter:  decoder.1.running_mean
Loading all parameter:  decoder.1.running_var
Loading all parameter:  decoder.1.num_batches_tracked
Loading all parameter:  decoder.3.weight
Loading all parameter:  decoder.3.bias
Loading all parameter:  u_embedding.gate.0.weight
Loading all parameter:  u_embedding.gate.0.bias
Loading all parameter:  u_embedding.adapters.0.weight
Loading all parameter:  u_embedding.adapters.0.bias
Loading all parameter:  u_embedding.adapters.1.weight
Loading all parameter:  u_embedding.adapters.1.bias
Loading all parameter:  u_embedding.adapters.2.weight
Loading all parameter:  u_embedding.adapters.2.bias
Loading all parameter:  u_embedding.adapters.3.weight
Loading all parameter:  u_embedding.adapters.3.bias
Loading all parameter:  u_embedding.adapters.4.weight
Loading all parameter:  u_embedding.adapters.4.bias
Loading all parameter:  u_embedding.adapters.5.weight
Loading all parameter:  u_embedding.adapters.5.bias
Loading all parameter:  u_embedding.adapters.6.weight
Loading all parameter:  u_embedding.adapters.6.bias
Loading all parameter:  u_embedding.adapters.7.weight
Loading all parameter:  u_embedding.adapters.7.bias
Loading all parameter:  u_embedding.adapters.8.weight
Loading all parameter:  u_embedding.adapters.8.bias
Loading all parameter:  u_embedding.adapters.9.weight
Loading all parameter:  u_embedding.adapters.9.bias
Loading all parameter:  u_embedding.adapters.10.weight
Loading all parameter:  u_embedding.adapters.10.bias
Loading all parameter:  u_embedding.adapters.11.weight
Loading all parameter:  u_embedding.adapters.11.bias
Loading all parameter:  u_embedding.adapters.12.weight
Loading all parameter:  u_embedding.adapters.12.bias
Loading all parameter:  u_embedding.adapters.13.weight
Loading all parameter:  u_embedding.adapters.13.bias
Loading all parameter:  u_embedding.adapters.14.weight
Loading all parameter:  u_embedding.adapters.14.bias
Loading all parameter:  u_embedding.adapters.15.weight
Loading all parameter:  u_embedding.adapters.15.bias
Loading all parameter:  u_embedding.adapters.16.weight
Loading all parameter:  u_embedding.adapters.16.bias
Loading all parameter:  u_embedding.adapters.17.weight
Loading all parameter:  u_embedding.adapters.17.bias
Loading all parameter:  u_embedding.adapters.18.weight
Loading all parameter:  u_embedding.adapters.18.bias
Loading all parameter:  u_embedding.adapters.19.weight
Loading all parameter:  u_embedding.adapters.19.bias
Loading all parameter:  u_embedding.adapters.20.weight
Loading all parameter:  u_embedding.adapters.20.bias
Loading all parameter:  u_embedding.adapters.21.weight
Loading all parameter:  u_embedding.adapters.21.bias
Loading all parameter:  u_embedding.adapters.22.weight
Loading all parameter:  u_embedding.adapters.22.bias
Loading all parameter:  u_embedding.adapters.23.weight
Loading all parameter:  u_embedding.adapters.23.bias
Loading all parameter:  u_embedding.adapters.24.weight
Loading all parameter:  u_embedding.adapters.24.bias
Loading all parameter:  u_embedding.adapters.25.weight
Loading all parameter:  u_embedding.adapters.25.bias
Loading all parameter:  u_embedding.adapters.26.weight
Loading all parameter:  u_embedding.adapters.26.bias
Loading all parameter:  u_embedding.adapters.27.weight
Loading all parameter:  u_embedding.adapters.27.bias
Loading all parameter:  u_embedding.adapters.28.weight
Loading all parameter:  u_embedding.adapters.28.bias
Loading all parameter:  u_embedding.adapters.29.weight
Loading all parameter:  u_embedding.adapters.29.bias
Loading all parameter:  u_embedding.adapters.30.weight
Loading all parameter:  u_embedding.adapters.30.bias
Loading all parameter:  u_embedding.adapters.31.weight
Loading all parameter:  u_embedding.adapters.31.bias
Loading all parameter:  u_embedding.adapters.32.weight
Loading all parameter:  u_embedding.adapters.32.bias
Loading all parameter:  u_embedding.adapters.33.weight
Loading all parameter:  u_embedding.adapters.33.bias
Loading all parameter:  u_embedding.adapters.34.weight
Loading all parameter:  u_embedding.adapters.34.bias
Loading all parameter:  u_embedding.adapters.35.weight
Loading all parameter:  u_embedding.adapters.35.bias
Loading all parameter:  u_embedding.adapters.36.weight
Loading all parameter:  u_embedding.adapters.36.bias
Loading all parameter:  u_embedding.adapters.37.weight
Loading all parameter:  u_embedding.adapters.37.bias
Loading all parameter:  u_embedding.adapters.38.weight
Loading all parameter:  u_embedding.adapters.38.bias
Loading all parameter:  u_embedding.adapters.39.weight
Loading all parameter:  u_embedding.adapters.39.bias
Loading all parameter:  u_embedding.adapters.40.weight
Loading all parameter:  u_embedding.adapters.40.bias
Loading all parameter:  u_embedding.adapters.41.weight
Loading all parameter:  u_embedding.adapters.41.bias
Loading all parameter:  u_embedding.adapters.42.weight
Loading all parameter:  u_embedding.adapters.42.bias
Loading all parameter:  u_embedding.adapters.43.weight
Loading all parameter:  u_embedding.adapters.43.bias
Loading all parameter:  u_embedding.adapters.44.weight
Loading all parameter:  u_embedding.adapters.44.bias
Loading all parameter:  u_embedding.adapters.45.weight
Loading all parameter:  u_embedding.adapters.45.bias
Loading all parameter:  u_embedding.adapters.46.weight
Loading all parameter:  u_embedding.adapters.46.bias
Loading all parameter:  u_embedding.adapters.47.weight
Loading all parameter:  u_embedding.adapters.47.bias
Loading all parameter:  u_embedding.adapters.48.weight
Loading all parameter:  u_embedding.adapters.48.bias
Loading all parameter:  u_embedding.adapters.49.weight
Loading all parameter:  u_embedding.adapters.49.bias
Loading all parameter:  u_embedding.adapters.50.weight
Loading all parameter:  u_embedding.adapters.50.bias
Loading all parameter:  u_embedding.adapters.51.weight
Loading all parameter:  u_embedding.adapters.51.bias
Loading all parameter:  u_embedding.adapters.52.weight
Loading all parameter:  u_embedding.adapters.52.bias
Loading all parameter:  u_embedding.adapters.53.weight
Loading all parameter:  u_embedding.adapters.53.bias
Loading all parameter:  u_embedding.adapters.54.weight
Loading all parameter:  u_embedding.adapters.54.bias
Loading all parameter:  u_embedding.adapters.55.weight
Loading all parameter:  u_embedding.adapters.55.bias
Loading all parameter:  u_embedding.adapters.56.weight
Loading all parameter:  u_embedding.adapters.56.bias
Loading all parameter:  u_embedding.adapters.57.weight
Loading all parameter:  u_embedding.adapters.57.bias
Loading all parameter:  u_embedding.adapters.58.weight
Loading all parameter:  u_embedding.adapters.58.bias
Loading all parameter:  u_embedding.adapters.59.weight
Loading all parameter:  u_embedding.adapters.59.bias
Loading all parameter:  u_embedding.adapters.60.weight
Loading all parameter:  u_embedding.adapters.60.bias
Loading all parameter:  u_embedding.adapters.61.weight
Loading all parameter:  u_embedding.adapters.61.bias
Loading all parameter:  u_embedding.adapters.62.weight
Loading all parameter:  u_embedding.adapters.62.bias
Loading all parameter:  u_embedding.adapters.63.weight
Loading all parameter:  u_embedding.adapters.63.bias
Loading all parameter:  u_embedding.adapters.64.weight
Loading all parameter:  u_embedding.adapters.64.bias
Loading all parameter:  u_embedding.adapters.65.weight
Loading all parameter:  u_embedding.adapters.65.bias
Loading all parameter:  u_embedding.adapters.66.weight
Loading all parameter:  u_embedding.adapters.66.bias
Loading all parameter:  u_embedding.adapters.67.weight
Loading all parameter:  u_embedding.adapters.67.bias
Loading all parameter:  u_embedding.adapters.68.weight
Loading all parameter:  u_embedding.adapters.68.bias
Loading all parameter:  u_embedding.adapters.69.weight
Loading all parameter:  u_embedding.adapters.69.bias
Loading all parameter:  u_embedding.adapters.70.weight
Loading all parameter:  u_embedding.adapters.70.bias
Loading all parameter:  u_embedding.adapters.71.weight
Loading all parameter:  u_embedding.adapters.71.bias
Loading all parameter:  u_embedding.adapters.72.weight
Loading all parameter:  u_embedding.adapters.72.bias
Loading all parameter:  u_embedding.adapters.73.weight
Loading all parameter:  u_embedding.adapters.73.bias
Loading all parameter:  u_embedding.adapters.74.weight
Loading all parameter:  u_embedding.adapters.74.bias
Loading all parameter:  u_embedding.adapters.75.weight
Loading all parameter:  u_embedding.adapters.75.bias
Loading all parameter:  u_embedding.adapters.76.weight
Loading all parameter:  u_embedding.adapters.76.bias
Loading all parameter:  u_embedding.adapters.77.weight
Loading all parameter:  u_embedding.adapters.77.bias
Loading all parameter:  u_embedding.adapters.78.weight
Loading all parameter:  u_embedding.adapters.78.bias
Loading all parameter:  u_embedding.adapters.79.weight
Loading all parameter:  u_embedding.adapters.79.bias
Loading all parameter:  u_embedding.adapters.80.weight
Loading all parameter:  u_embedding.adapters.80.bias
Loading all parameter:  u_embedding.adapters.81.weight
Loading all parameter:  u_embedding.adapters.81.bias
Loading all parameter:  u_embedding.adapters.82.weight
Loading all parameter:  u_embedding.adapters.82.bias
Loading all parameter:  u_embedding.adapters.83.weight
Loading all parameter:  u_embedding.adapters.83.bias
Loading all parameter:  u_embedding.adapters.84.weight
Loading all parameter:  u_embedding.adapters.84.bias
Loading all parameter:  u_embedding.adapters.85.weight
Loading all parameter:  u_embedding.adapters.85.bias
Loading all parameter:  u_embedding.adapters.86.weight
Loading all parameter:  u_embedding.adapters.86.bias
Loading all parameter:  u_embedding.adapters.87.weight
Loading all parameter:  u_embedding.adapters.87.bias
Loading all parameter:  u_embedding.adapters.88.weight
Loading all parameter:  u_embedding.adapters.88.bias
Loading all parameter:  u_embedding.adapters.89.weight
Loading all parameter:  u_embedding.adapters.89.bias
Loading all parameter:  u_embedding.adapters.90.weight
Loading all parameter:  u_embedding.adapters.90.bias
Loading all parameter:  u_embedding.adapters.91.weight
Loading all parameter:  u_embedding.adapters.91.bias
Loading all parameter:  u_embedding.adapters.92.weight
Loading all parameter:  u_embedding.adapters.92.bias
Loading all parameter:  u_embedding.adapters.93.weight
Loading all parameter:  u_embedding.adapters.93.bias
Loading all parameter:  u_embedding.adapters.94.weight
Loading all parameter:  u_embedding.adapters.94.bias
Loading all parameter:  u_embedding.adapters.95.weight
Loading all parameter:  u_embedding.adapters.95.bias
Loading all parameter:  u_embedding.adapters.96.weight
Loading all parameter:  u_embedding.adapters.96.bias
Loading all parameter:  u_embedding.adapters.97.weight
Loading all parameter:  u_embedding.adapters.97.bias
Loading all parameter:  u_embedding.adapters.98.weight
Loading all parameter:  u_embedding.adapters.98.bias
Loading all parameter:  u_embedding.adapters.99.weight
Loading all parameter:  u_embedding.adapters.99.bias
Loading all parameter:  u_embedding.adapters.100.weight
Loading all parameter:  u_embedding.adapters.100.bias
Loading all parameter:  u_embedding.adapters.101.weight
Loading all parameter:  u_embedding.adapters.101.bias
Loading all parameter:  u_embedding.adapters.102.weight
Loading all parameter:  u_embedding.adapters.102.bias
Loading all parameter:  u_embedding.adapters.103.weight
Loading all parameter:  u_embedding.adapters.103.bias
Loading all parameter:  u_embedding.adapters.104.weight
Loading all parameter:  u_embedding.adapters.104.bias
Loading all parameter:  u_embedding.adapters.105.weight
Loading all parameter:  u_embedding.adapters.105.bias
Loading all parameter:  u_embedding.adapters.106.weight
Loading all parameter:  u_embedding.adapters.106.bias
Loading all parameter:  u_embedding.adapters.107.weight
Loading all parameter:  u_embedding.adapters.107.bias
Loading all parameter:  u_embedding.adapters.108.weight
Loading all parameter:  u_embedding.adapters.108.bias
Loading all parameter:  u_embedding.adapters.109.weight
Loading all parameter:  u_embedding.adapters.109.bias
Loading all parameter:  u_embedding.adapters.110.weight
Loading all parameter:  u_embedding.adapters.110.bias
Loading all parameter:  u_embedding.adapters.111.weight
Loading all parameter:  u_embedding.adapters.111.bias
Loading all parameter:  u_embedding.adapters.112.weight
Loading all parameter:  u_embedding.adapters.112.bias
Loading all parameter:  u_embedding.adapters.113.weight
Loading all parameter:  u_embedding.adapters.113.bias
Loading all parameter:  u_embedding.adapters.114.weight
Loading all parameter:  u_embedding.adapters.114.bias
Loading all parameter:  u_embedding.adapters.115.weight
Loading all parameter:  u_embedding.adapters.115.bias
Loading all parameter:  u_embedding.adapters.116.weight
Loading all parameter:  u_embedding.adapters.116.bias
Loading all parameter:  u_embedding.adapters.117.weight
Loading all parameter:  u_embedding.adapters.117.bias
Loading all parameter:  u_embedding.adapters.118.weight
Loading all parameter:  u_embedding.adapters.118.bias
Loading all parameter:  u_embedding.adapters.119.weight
Loading all parameter:  u_embedding.adapters.119.bias
Loading all parameter:  u_embedding.adapters.120.weight
Loading all parameter:  u_embedding.adapters.120.bias
Loading all parameter:  u_embedding.adapters.121.weight
Loading all parameter:  u_embedding.adapters.121.bias
Loading all parameter:  u_embedding.adapters.122.weight
Loading all parameter:  u_embedding.adapters.122.bias
Loading all parameter:  u_embedding.adapters.123.weight
Loading all parameter:  u_embedding.adapters.123.bias
Loading all parameter:  u_embedding.adapters.124.weight
Loading all parameter:  u_embedding.adapters.124.bias
Loading all parameter:  u_embedding.adapters.125.weight
Loading all parameter:  u_embedding.adapters.125.bias
Loading all parameter:  u_embedding.adapters.126.weight
Loading all parameter:  u_embedding.adapters.126.bias
Loading all parameter:  u_embedding.adapters.127.weight
Loading all parameter:  u_embedding.adapters.127.bias
Loading all parameter:  zs_embedding.0.weight
Loading all parameter:  zs_embedding.0.bias
Loading all parameter:  reid_projector.weight
Loading parameter:  reid_projector.weight
Loading all parameter:  i2t_projector.weight
Loading all parameter:  i2t_projector.bias
orginal best rank1 = 0.7652457329101982
=> Start evaluation only 
=> Test pretarined feature form VLP model
Normalizing features
Normalizing features
Extracted features for query set, obtained torch.Size([11659, 1280]) matrix
Extracted features for gallery set, obtained torch.Size([82161, 1280]) matrix
Extracting features complete in 0m 9s
Distance computing in 0m 6s
Computing CMC and mAP
Positive values in distance matrix: 0
Negative values in distance matrix: 957915099
Adjusted 0 distances
Results ---------------------------------------------------
top1:88.5% top5:94.3% top10:95.6% top20:96.8% mAP:73.1%
-----------------------------------------------------------
Using 0m 48s
==========Test with latent_z: new_z =========
Extracted features for query set, obtained torch.Size([11659, 1280]) matrix
Extracted features for gallery set, obtained torch.Size([82161, 1280]) matrix
Extracting features complete in 0m 10s
Distance computing in 0m 10s
Positive values in distance matrix: 0
Negative values in distance matrix: 957915099
Adjusted 0 distances
Results ---------------------------------------------------
top1:76.5% top5:87.1% top10:90.2% top20:92.8% mAP:53.1%
-----------------------------------------------------------
Classification accuracy before cls-ranking: 58.3%
query accuracy after cls-ranking: 0.1%
gallery accuracy after cls-ranking: 0.0%
Classification accuracy after cls-ranking: 58.3%
query accuracy after cls-ranking: 0.1%
gallery accuracy after cls-ranking: 0.0%
Using 1m 21s
Classifier results ---------------------------------------------------
Query acc: 0.1% Gallery acc: 0.0% Total acc: 0.0%
==========Test with latent_z: z_c =========
Extracted features for query set, obtained torch.Size([11659, 128]) matrix
Extracted features for gallery set, obtained torch.Size([82161, 128]) matrix
Extracting features complete in 0m 13s
Distance computing in 0m 3s
Positive values in distance matrix: 14380197
Negative values in distance matrix: 943534901
Adjusted 0 distances
Results ---------------------------------------------------
top1:75.6% top5:86.5% top10:89.8% top20:92.3% mAP:52.3%
-----------------------------------------------------------
Classification accuracy before cls-ranking: 58.6%
query accuracy after cls-ranking: 0.1%
gallery accuracy after cls-ranking: 0.0%
Classification accuracy after cls-ranking: 58.6%
query accuracy after cls-ranking: 0.1%
gallery accuracy after cls-ranking: 0.0%
Using 1m 10s
Classifier results ---------------------------------------------------
Query acc: 0.1% Gallery acc: 0.0% Total acc: 0.0%
=> Start training
Epoch:1 Time:14.4 Data:0.0 Loss:4.6093 Cls Loss:4.6093 Pair Loss:0.1606 Center Loss:1445.6356 KL Loss:88.7361 Recon Loss:0.1337 Acc:0.3143 
=> Current learning rate: 0.000200
Epoch:2 Time:14.0 Data:0.0 Loss:1.1124 Cls Loss:1.1124 Pair Loss:0.1601 Center Loss:1445.6276 KL Loss:86.6036 Recon Loss:0.1337 Acc:0.7931 
=> Current learning rate: 0.000400
Epoch:3 Time:15.2 Data:0.0 Loss:0.2922 Cls Loss:0.2922 Pair Loss:0.1594 Center Loss:1445.6496 KL Loss:84.4706 Recon Loss:0.1337 Acc:0.9360 
=> Current learning rate: 0.000600
Epoch:4 Time:17.2 Data:0.0 Loss:0.1499 Cls Loss:0.1499 Pair Loss:0.1604 Center Loss:1445.6368 KL Loss:82.3510 Recon Loss:0.1337 Acc:0.9660 
=> Current learning rate: 0.000800
Epoch:5 Time:20.8 Data:0.0 Loss:0.2175 Cls Loss:0.2175 Pair Loss:0.1597 Center Loss:1445.6342 KL Loss:80.2099 Recon Loss:0.1337 Acc:0.9444 
=> Test at epoch 5
==========Test with latent_z: z_c =========
Extracted features for query set, obtained torch.Size([11659, 128]) matrix
Extracted features for gallery set, obtained torch.Size([82161, 128]) matrix
Extracting features complete in 0m 12s
Distance computing in 0m 3s
Positive values in distance matrix: 14380197
Negative values in distance matrix: 943534901
Adjusted 0 distances
Results ---------------------------------------------------
top1:75.6% top5:86.5% top10:89.8% top20:92.3% mAP:52.3%
-----------------------------------------------------------
Classification accuracy before cls-ranking: 56.4%
query accuracy after cls-ranking: 0.1%
gallery accuracy after cls-ranking: 0.1%
Classification accuracy after cls-ranking: 56.4%
query accuracy after cls-ranking: 0.1%
gallery accuracy after cls-ranking: 0.1%
Using 1m 32s
Classifier results ---------------------------------------------------
Query acc: 0.1% Gallery acc: 0.0% Total acc: 0.0%
==========Test with latent_z: new_z =========
Extracted features for query set, obtained torch.Size([11659, 1280]) matrix
Extracted features for gallery set, obtained torch.Size([82161, 1280]) matrix
Extracting features complete in 0m 20s
Distance computing in 0m 15s
Positive values in distance matrix: 0
Negative values in distance matrix: 957915099
Adjusted 0 distances
Results ---------------------------------------------------
top1:76.5% top5:87.1% top10:90.2% top20:92.8% mAP:53.1%
-----------------------------------------------------------
Classification accuracy before cls-ranking: 55.9%
query accuracy after cls-ranking: 0.1%
gallery accuracy after cls-ranking: 0.1%
Classification accuracy after cls-ranking: 55.9%
query accuracy after cls-ranking: 0.1%
gallery accuracy after cls-ranking: 0.1%
Using 1m 13s
Classifier results ---------------------------------------------------
Query acc: 0.1% Gallery acc: 0.0% Total acc: 0.0%
=> Current learning rate: 0.001000
Epoch:6 Time:22.0 Data:0.0 Loss:0.0750 Cls Loss:0.0750 Pair Loss:0.1599 Center Loss:1445.6305 KL Loss:78.0780 Recon Loss:0.1337 Acc:0.9821 
=> Current learning rate: 0.001000
Epoch:7 Time:21.8 Data:0.0 Loss:0.0362 Cls Loss:0.0362 Pair Loss:0.1604 Center Loss:1445.6414 KL Loss:75.9462 Recon Loss:0.1337 Acc:0.9931 
=> Current learning rate: 0.001000
Epoch:8 Time:19.5 Data:0.0 Loss:0.0628 Cls Loss:0.0628 Pair Loss:0.1600 Center Loss:1445.6263 KL Loss:73.8078 Recon Loss:0.1337 Acc:0.9874 
=> Current learning rate: 0.001000
Epoch:9 Time:19.9 Data:0.0 Loss:0.1573 Cls Loss:0.1573 Pair Loss:0.1611 Center Loss:1445.6220 KL Loss:71.6829 Recon Loss:0.1337 Acc:0.9590 
=> Current learning rate: 0.001000
Epoch:10 Time:20.8 Data:0.0 Loss:0.0494 Cls Loss:0.0494 Pair Loss:0.1604 Center Loss:1445.6188 KL Loss:69.9537 Recon Loss:0.1337 Acc:0.9896 
=> Test at epoch 10
==========Test with latent_z: z_c =========
Extracted features for query set, obtained torch.Size([11659, 128]) matrix
Extracted features for gallery set, obtained torch.Size([82161, 128]) matrix
Extracting features complete in 0m 10s
Distance computing in 0m 3s
Positive values in distance matrix: 14380197
Negative values in distance matrix: 943534901
Adjusted 0 distances
Results ---------------------------------------------------
top1:75.6% top5:86.5% top10:89.8% top20:92.3% mAP:52.3%
-----------------------------------------------------------
Classification accuracy before cls-ranking: 54.2%
query accuracy after cls-ranking: 0.1%
gallery accuracy after cls-ranking: 0.1%
Classification accuracy after cls-ranking: 54.2%
query accuracy after cls-ranking: 0.1%
gallery accuracy after cls-ranking: 0.1%
Using 1m 28s
Classifier results ---------------------------------------------------
Query acc: 0.1% Gallery acc: 0.1% Total acc: 0.1%
==========Test with latent_z: new_z =========
Extracted features for query set, obtained torch.Size([11659, 1280]) matrix
Extracted features for gallery set, obtained torch.Size([82161, 1280]) matrix
Extracting features complete in 0m 13s
Distance computing in 0m 13s
Positive values in distance matrix: 0
Negative values in distance matrix: 957915099
Adjusted 0 distances
Results ---------------------------------------------------
top1:76.5% top5:87.1% top10:90.2% top20:92.8% mAP:53.1%
-----------------------------------------------------------
Classification accuracy before cls-ranking: 54.3%
query accuracy after cls-ranking: 0.1%
gallery accuracy after cls-ranking: 0.1%
Classification accuracy after cls-ranking: 54.3%
query accuracy after cls-ranking: 0.1%
gallery accuracy after cls-ranking: 0.1%
Using 1m 10s
Classifier results ---------------------------------------------------
Query acc: 0.1% Gallery acc: 0.1% Total acc: 0.1%
=> Current learning rate: 0.001000
Epoch:11 Time:18.4 Data:0.0 Loss:0.0493 Cls Loss:0.0493 Pair Loss:0.1596 Center Loss:1445.6185 KL Loss:69.7973 Recon Loss:0.1337 Acc:0.9905 
=> Current learning rate: 0.001000
Epoch:12 Time:19.1 Data:0.0 Loss:0.1087 Cls Loss:0.1087 Pair Loss:0.1602 Center Loss:1445.6160 KL Loss:69.8016 Recon Loss:0.1337 Acc:0.9720 
=> Current learning rate: 0.001000
Epoch:13 Time:19.0 Data:0.0 Loss:0.0633 Cls Loss:0.0633 Pair Loss:0.1608 Center Loss:1445.6209 KL Loss:69.7979 Recon Loss:0.1337 Acc:0.9846 
=> Current learning rate: 0.001000
Epoch:14 Time:22.0 Data:0.0 Loss:0.0329 Cls Loss:0.0329 Pair Loss:0.1597 Center Loss:1445.5703 KL Loss:69.8059 Recon Loss:0.1337 Acc:0.9944 
=> Current learning rate: 0.001000
Epoch:15 Time:24.6 Data:0.0 Loss:0.0949 Cls Loss:0.0949 Pair Loss:0.1597 Center Loss:1445.6654 KL Loss:69.7974 Recon Loss:0.1337 Acc:0.9759 
=> Test at epoch 15
==========Test with latent_z: z_c =========
Extracted features for query set, obtained torch.Size([11659, 128]) matrix
Extracted features for gallery set, obtained torch.Size([82161, 128]) matrix
Extracting features complete in 0m 15s
Distance computing in 0m 2s
Positive values in distance matrix: 14380197
Negative values in distance matrix: 943534901
Adjusted 0 distances
Results ---------------------------------------------------
top1:75.6% top5:86.5% top10:89.8% top20:92.3% mAP:52.3%
-----------------------------------------------------------
Classification accuracy before cls-ranking: 54.0%
query accuracy after cls-ranking: 0.1%
gallery accuracy after cls-ranking: 0.0%
Classification accuracy after cls-ranking: 54.0%
query accuracy after cls-ranking: 0.1%
gallery accuracy after cls-ranking: 0.0%
Using 1m 6s
Classifier results ---------------------------------------------------
Query acc: 0.1% Gallery acc: 0.0% Total acc: 0.0%
==========Test with latent_z: new_z =========
Extracted features for query set, obtained torch.Size([11659, 1280]) matrix
Extracted features for gallery set, obtained torch.Size([82161, 1280]) matrix
Extracting features complete in 0m 23s
Distance computing in 0m 17s
Positive values in distance matrix: 0
Negative values in distance matrix: 957915099
Adjusted 0 distances
Results ---------------------------------------------------
top1:76.5% top5:87.1% top10:90.2% top20:92.8% mAP:53.1%
-----------------------------------------------------------
Classification accuracy before cls-ranking: 54.2%
query accuracy after cls-ranking: 0.1%
gallery accuracy after cls-ranking: 0.0%
Classification accuracy after cls-ranking: 54.2%
query accuracy after cls-ranking: 0.1%
gallery accuracy after cls-ranking: 0.0%
Using 1m 9s
Classifier results ---------------------------------------------------
Query acc: 0.1% Gallery acc: 0.0% Total acc: 0.0%
=> Current learning rate: 0.001000
Epoch:16 Time:17.4 Data:0.0 Loss:0.0841 Cls Loss:0.0841 Pair Loss:0.1600 Center Loss:1445.6617 KL Loss:69.7887 Recon Loss:0.1337 Acc:0.9795 
=> Current learning rate: 0.001000
Epoch:17 Time:21.3 Data:0.0 Loss:0.0297 Cls Loss:0.0297 Pair Loss:0.1599 Center Loss:1445.6121 KL Loss:69.8003 Recon Loss:0.1337 Acc:0.9955 
=> Current learning rate: 0.001000
Epoch:18 Time:21.7 Data:0.0 Loss:0.0800 Cls Loss:0.0800 Pair Loss:0.1602 Center Loss:1445.6180 KL Loss:69.8055 Recon Loss:0.1337 Acc:0.9801 
=> Current learning rate: 0.001000
Epoch:19 Time:24.1 Data:0.0 Loss:0.0854 Cls Loss:0.0854 Pair Loss:0.1609 Center Loss:1445.6413 KL Loss:69.7999 Recon Loss:0.1337 Acc:0.9777 
=> Current learning rate: 0.001000
Epoch:20 Time:20.9 Data:0.0 Loss:0.0311 Cls Loss:0.0311 Pair Loss:0.1594 Center Loss:1445.6800 KL Loss:69.7995 Recon Loss:0.1337 Acc:0.9940 
=> Test at epoch 20
==========Test with latent_z: z_c =========
Extracted features for query set, obtained torch.Size([11659, 128]) matrix
Extracted features for gallery set, obtained torch.Size([82161, 128]) matrix
Extracting features complete in 0m 17s
Distance computing in 0m 4s
Positive values in distance matrix: 14380197
Negative values in distance matrix: 943534901
Adjusted 0 distances
Results ---------------------------------------------------
top1:75.6% top5:86.5% top10:89.8% top20:92.3% mAP:52.3%
-----------------------------------------------------------
Classification accuracy before cls-ranking: 54.9%
query accuracy after cls-ranking: 0.0%
gallery accuracy after cls-ranking: 0.1%
Classification accuracy after cls-ranking: 54.9%
query accuracy after cls-ranking: 0.0%
gallery accuracy after cls-ranking: 0.1%
Using 1m 6s
Classifier results ---------------------------------------------------
Query acc: 0.0% Gallery acc: 0.0% Total acc: 0.0%
==========Test with latent_z: new_z =========
Extracted features for query set, obtained torch.Size([11659, 1280]) matrix
Extracted features for gallery set, obtained torch.Size([82161, 1280]) matrix
Extracting features complete in 0m 19s
Distance computing in 0m 18s
Positive values in distance matrix: 0
Negative values in distance matrix: 957915099
Adjusted 0 distances
Results ---------------------------------------------------
top1:76.5% top5:87.1% top10:90.2% top20:92.8% mAP:53.1%
-----------------------------------------------------------
Classification accuracy before cls-ranking: 54.9%
query accuracy after cls-ranking: 0.0%
gallery accuracy after cls-ranking: 0.1%
Classification accuracy after cls-ranking: 54.9%
query accuracy after cls-ranking: 0.0%
gallery accuracy after cls-ranking: 0.1%
Using 1m 5s
Classifier results ---------------------------------------------------
Query acc: 0.0% Gallery acc: 0.0% Total acc: 0.0%
=> Current learning rate: 0.001000
Epoch:21 Time:17.1 Data:0.0 Loss:0.0766 Cls Loss:0.0766 Pair Loss:0.1593 Center Loss:1445.6211 KL Loss:69.7988 Recon Loss:0.1337 Acc:0.9816 
=> Current learning rate: 0.001000
Epoch:22 Time:21.1 Data:0.0 Loss:0.1015 Cls Loss:0.1015 Pair Loss:0.1595 Center Loss:1445.6344 KL Loss:69.7993 Recon Loss:0.1337 Acc:0.9732 
=> Current learning rate: 0.001000
Epoch:23 Time:24.2 Data:0.0 Loss:0.0295 Cls Loss:0.0295 Pair Loss:0.1599 Center Loss:1445.6357 KL Loss:69.7922 Recon Loss:0.1337 Acc:0.9946 
=> Current learning rate: 0.001000
Epoch:24 Time:22.4 Data:0.0 Loss:0.0412 Cls Loss:0.0412 Pair Loss:0.1612 Center Loss:1445.6381 KL Loss:69.7960 Recon Loss:0.1337 Acc:0.9926 
=> Current learning rate: 0.001000
Epoch:25 Time:19.9 Data:0.0 Loss:0.1073 Cls Loss:0.1073 Pair Loss:0.1608 Center Loss:1445.6240 KL Loss:69.8058 Recon Loss:0.1337 Acc:0.9718 
=> Test at epoch 25
==========Test with latent_z: z_c =========
Extracted features for query set, obtained torch.Size([11659, 128]) matrix
Extracted features for gallery set, obtained torch.Size([82161, 128]) matrix
Extracting features complete in 0m 15s
Distance computing in 0m 3s
Positive values in distance matrix: 14380197
Negative values in distance matrix: 943534901
Adjusted 0 distances
Results ---------------------------------------------------
top1:75.6% top5:86.5% top10:89.8% top20:92.3% mAP:52.3%
-----------------------------------------------------------
Classification accuracy before cls-ranking: 54.3%
query accuracy after cls-ranking: 0.1%
gallery accuracy after cls-ranking: 0.1%
Classification accuracy after cls-ranking: 54.3%
query accuracy after cls-ranking: 0.1%
gallery accuracy after cls-ranking: 0.1%
Using 1m 11s
Classifier results ---------------------------------------------------
Query acc: 0.1% Gallery acc: 0.0% Total acc: 0.0%
==========Test with latent_z: new_z =========
Extracted features for query set, obtained torch.Size([11659, 1280]) matrix
Extracted features for gallery set, obtained torch.Size([82161, 1280]) matrix
Extracting features complete in 0m 15s
Distance computing in 0m 16s
Positive values in distance matrix: 0
Negative values in distance matrix: 957915099
Adjusted 0 distances
Results ---------------------------------------------------
top1:76.5% top5:87.1% top10:90.2% top20:92.8% mAP:53.1%
-----------------------------------------------------------
Classification accuracy before cls-ranking: 54.1%
query accuracy after cls-ranking: 0.1%
gallery accuracy after cls-ranking: 0.1%
Classification accuracy after cls-ranking: 54.1%
query accuracy after cls-ranking: 0.1%
gallery accuracy after cls-ranking: 0.1%
Using 1m 6s
Classifier results ---------------------------------------------------
Query acc: 0.1% Gallery acc: 0.0% Total acc: 0.0%
=> Current learning rate: 0.001000
Epoch:26 Time:19.0 Data:0.0 Loss:0.0485 Cls Loss:0.0485 Pair Loss:0.1612 Center Loss:1445.5994 KL Loss:69.7962 Recon Loss:0.1337 Acc:0.9883 
=> Current learning rate: 0.001000
Epoch:27 Time:21.8 Data:0.0 Loss:0.0334 Cls Loss:0.0334 Pair Loss:0.1608 Center Loss:1445.6544 KL Loss:69.8058 Recon Loss:0.1337 Acc:0.9945 
=> Current learning rate: 0.001000
Epoch:28 Time:19.4 Data:0.0 Loss:0.0804 Cls Loss:0.0804 Pair Loss:0.1604 Center Loss:1445.6399 KL Loss:69.8000 Recon Loss:0.1337 Acc:0.9823 
=> Current learning rate: 0.001000
Epoch:29 Time:18.0 Data:0.0 Loss:0.0498 Cls Loss:0.0498 Pair Loss:0.1605 Center Loss:1445.5939 KL Loss:69.7929 Recon Loss:0.1337 Acc:0.9890 
=> Current learning rate: 0.001000
Epoch:30 Time:21.8 Data:0.0 Loss:0.0506 Cls Loss:0.0506 Pair Loss:0.1597 Center Loss:1445.6013 KL Loss:69.8106 Recon Loss:0.1337 Acc:0.9895 
=> Test at epoch 30
==========Test with latent_z: z_c =========
Extracted features for query set, obtained torch.Size([11659, 128]) matrix
Extracted features for gallery set, obtained torch.Size([82161, 128]) matrix
Extracting features complete in 0m 14s
Distance computing in 0m 4s
Positive values in distance matrix: 14380197
Negative values in distance matrix: 943534901
Adjusted 0 distances
Results ---------------------------------------------------
top1:75.6% top5:86.5% top10:89.8% top20:92.3% mAP:52.3%
-----------------------------------------------------------
Classification accuracy before cls-ranking: 55.1%
query accuracy after cls-ranking: 0.1%
gallery accuracy after cls-ranking: 0.1%
Classification accuracy after cls-ranking: 55.1%
query accuracy after cls-ranking: 0.1%
gallery accuracy after cls-ranking: 0.1%
Using 1m 9s
Classifier results ---------------------------------------------------
Query acc: 0.1% Gallery acc: 0.0% Total acc: 0.0%
==========Test with latent_z: new_z =========
Extracted features for query set, obtained torch.Size([11659, 1280]) matrix
Extracted features for gallery set, obtained torch.Size([82161, 1280]) matrix
Extracting features complete in 0m 14s
Distance computing in 0m 15s
Positive values in distance matrix: 0
Negative values in distance matrix: 957915099
Adjusted 0 distances
Results ---------------------------------------------------
top1:76.5% top5:87.1% top10:90.2% top20:92.8% mAP:53.1%
-----------------------------------------------------------
Classification accuracy before cls-ranking: 55.1%
query accuracy after cls-ranking: 0.1%
gallery accuracy after cls-ranking: 0.1%
Classification accuracy after cls-ranking: 55.1%
query accuracy after cls-ranking: 0.1%
gallery accuracy after cls-ranking: 0.1%
Using 1m 5s
Classifier results ---------------------------------------------------
Query acc: 0.1% Gallery acc: 0.0% Total acc: 0.0%
=> Current learning rate: 0.001000
Epoch:31 Time:18.1 Data:0.0 Loss:0.0703 Cls Loss:0.0703 Pair Loss:0.1606 Center Loss:1445.5677 KL Loss:69.8006 Recon Loss:0.1337 Acc:0.9840 
=> Current learning rate: 0.001000
Epoch:32 Time:14.8 Data:0.0 Loss:0.0550 Cls Loss:0.0550 Pair Loss:0.1603 Center Loss:1445.6272 KL Loss:69.7972 Recon Loss:0.1337 Acc:0.9897 
=> Current learning rate: 0.001000
Epoch:33 Time:19.5 Data:0.0 Loss:0.0508 Cls Loss:0.0508 Pair Loss:0.1603 Center Loss:1445.6328 KL Loss:69.8083 Recon Loss:0.1337 Acc:0.9887 
=> Current learning rate: 0.001000
Epoch:34 Time:19.9 Data:0.0 Loss:0.0564 Cls Loss:0.0564 Pair Loss:0.1591 Center Loss:1445.6313 KL Loss:69.8000 Recon Loss:0.1337 Acc:0.9882 
=> Current learning rate: 0.001000
Epoch:35 Time:22.0 Data:0.0 Loss:0.0619 Cls Loss:0.0619 Pair Loss:0.1606 Center Loss:1445.5934 KL Loss:69.7924 Recon Loss:0.1337 Acc:0.9863 
=> Test at epoch 35
==========Test with latent_z: z_c =========
Extracted features for query set, obtained torch.Size([11659, 128]) matrix
Extracted features for gallery set, obtained torch.Size([82161, 128]) matrix
Extracting features complete in 0m 15s
Distance computing in 0m 5s
Positive values in distance matrix: 14380197
Negative values in distance matrix: 943534901
Adjusted 0 distances
Results ---------------------------------------------------
top1:75.6% top5:86.5% top10:89.8% top20:92.3% mAP:52.3%
-----------------------------------------------------------
Classification accuracy before cls-ranking: 54.6%
query accuracy after cls-ranking: 0.0%
gallery accuracy after cls-ranking: 0.0%
Classification accuracy after cls-ranking: 54.6%
query accuracy after cls-ranking: 0.0%
gallery accuracy after cls-ranking: 0.0%
Using 1m 13s
Classifier results ---------------------------------------------------
Query acc: 0.0% Gallery acc: 0.0% Total acc: 0.0%
==========Test with latent_z: new_z =========
Extracted features for query set, obtained torch.Size([11659, 1280]) matrix
Extracted features for gallery set, obtained torch.Size([82161, 1280]) matrix
Extracting features complete in 0m 17s
Distance computing in 0m 12s
Positive values in distance matrix: 0
Negative values in distance matrix: 957915099
Adjusted 0 distances
Results ---------------------------------------------------
top1:76.5% top5:87.1% top10:90.2% top20:92.8% mAP:53.1%
-----------------------------------------------------------
Classification accuracy before cls-ranking: 54.7%
query accuracy after cls-ranking: 0.0%
gallery accuracy after cls-ranking: 0.0%
Classification accuracy after cls-ranking: 54.7%
query accuracy after cls-ranking: 0.0%
gallery accuracy after cls-ranking: 0.0%
Using 1m 5s
Classifier results ---------------------------------------------------
Query acc: 0.0% Gallery acc: 0.0% Total acc: 0.0%
=> Current learning rate: 0.001000
Epoch:36 Time:17.2 Data:0.0 Loss:0.0618 Cls Loss:0.0618 Pair Loss:0.1604 Center Loss:1445.6377 KL Loss:69.7847 Recon Loss:0.1337 Acc:0.9857 
=> Current learning rate: 0.001000
Epoch:37 Time:15.2 Data:0.0 Loss:0.0524 Cls Loss:0.0524 Pair Loss:0.1607 Center Loss:1445.6522 KL Loss:69.8093 Recon Loss:0.1337 Acc:0.9888 
=> Current learning rate: 0.001000
Epoch:38 Time:16.2 Data:0.0 Loss:0.0464 Cls Loss:0.0464 Pair Loss:0.1607 Center Loss:1445.6489 KL Loss:69.8026 Recon Loss:0.1337 Acc:0.9908 
=> Current learning rate: 0.001000
Epoch:39 Time:19.8 Data:0.0 Loss:0.0681 Cls Loss:0.0681 Pair Loss:0.1605 Center Loss:1445.6178 KL Loss:69.8071 Recon Loss:0.1337 Acc:0.9855 
=> Current learning rate: 0.001000
Epoch:40 Time:20.0 Data:0.0 Loss:0.0454 Cls Loss:0.0454 Pair Loss:0.1599 Center Loss:1445.6441 KL Loss:69.7990 Recon Loss:0.1337 Acc:0.9910 
=> Test at epoch 40
==========Test with latent_z: z_c =========
Extracted features for query set, obtained torch.Size([11659, 128]) matrix
Extracted features for gallery set, obtained torch.Size([82161, 128]) matrix
Extracting features complete in 0m 16s
Distance computing in 0m 6s
Positive values in distance matrix: 14380197
Negative values in distance matrix: 943534901
Adjusted 0 distances
Results ---------------------------------------------------
top1:75.6% top5:86.5% top10:89.8% top20:92.3% mAP:52.3%
-----------------------------------------------------------
Classification accuracy before cls-ranking: 54.1%
query accuracy after cls-ranking: 0.0%
gallery accuracy after cls-ranking: 0.0%
Classification accuracy after cls-ranking: 54.1%
query accuracy after cls-ranking: 0.0%
gallery accuracy after cls-ranking: 0.0%
Using 1m 14s
Classifier results ---------------------------------------------------
Query acc: 0.0% Gallery acc: 0.0% Total acc: 0.0%
==========Test with latent_z: new_z =========
Extracted features for query set, obtained torch.Size([11659, 1280]) matrix
Extracted features for gallery set, obtained torch.Size([82161, 1280]) matrix
Extracting features complete in 0m 18s
Distance computing in 0m 13s
Positive values in distance matrix: 0
Negative values in distance matrix: 957915099
Adjusted 0 distances
Results ---------------------------------------------------
top1:76.5% top5:87.1% top10:90.2% top20:92.8% mAP:53.1%
-----------------------------------------------------------
Classification accuracy before cls-ranking: 53.8%
query accuracy after cls-ranking: 0.0%
gallery accuracy after cls-ranking: 0.0%
Classification accuracy after cls-ranking: 53.8%
query accuracy after cls-ranking: 0.0%
gallery accuracy after cls-ranking: 0.0%
Using 1m 6s
Classifier results ---------------------------------------------------
Query acc: 0.0% Gallery acc: 0.0% Total acc: 0.0%
=> Current learning rate: 0.001000
Epoch:41 Time:14.7 Data:0.0 Loss:0.0395 Cls Loss:0.0395 Pair Loss:0.1593 Center Loss:1445.5994 KL Loss:69.8032 Recon Loss:0.1337 Acc:0.9924 
=> Current learning rate: 0.001000
Epoch:42 Time:15.6 Data:0.0 Loss:0.0558 Cls Loss:0.0558 Pair Loss:0.1600 Center Loss:1445.6513 KL Loss:69.8078 Recon Loss:0.1337 Acc:0.9884 
=> Current learning rate: 0.001000
Epoch:43 Time:16.1 Data:0.0 Loss:0.0620 Cls Loss:0.0620 Pair Loss:0.1612 Center Loss:1445.6219 KL Loss:69.7973 Recon Loss:0.1337 Acc:0.9847 
=> Current learning rate: 0.001000
Epoch:44 Time:18.5 Data:0.0 Loss:0.0438 Cls Loss:0.0438 Pair Loss:0.1608 Center Loss:1445.6167 KL Loss:69.8053 Recon Loss:0.1337 Acc:0.9908 
=> Current learning rate: 0.001000
Epoch:45 Time:20.7 Data:0.0 Loss:0.0458 Cls Loss:0.0458 Pair Loss:0.1606 Center Loss:1445.5962 KL Loss:69.7994 Recon Loss:0.1337 Acc:0.9909 
=> Test at epoch 45
==========Test with latent_z: z_c =========
Extracted features for query set, obtained torch.Size([11659, 128]) matrix
Extracted features for gallery set, obtained torch.Size([82161, 128]) matrix
Extracting features complete in 0m 16s
Distance computing in 0m 5s
Positive values in distance matrix: 14380197
Negative values in distance matrix: 943534901
Adjusted 0 distances
Results ---------------------------------------------------
top1:75.6% top5:86.5% top10:89.8% top20:92.3% mAP:52.3%
-----------------------------------------------------------
Classification accuracy before cls-ranking: 55.1%
query accuracy after cls-ranking: 0.0%
gallery accuracy after cls-ranking: 0.0%
Classification accuracy after cls-ranking: 55.1%
query accuracy after cls-ranking: 0.0%
gallery accuracy after cls-ranking: 0.0%
Using 1m 17s
Classifier results ---------------------------------------------------
Query acc: 0.0% Gallery acc: 0.0% Total acc: 0.0%
==========Test with latent_z: new_z =========
Extracted features for query set, obtained torch.Size([11659, 1280]) matrix
Extracted features for gallery set, obtained torch.Size([82161, 1280]) matrix
Extracting features complete in 0m 17s
Distance computing in 0m 12s
Positive values in distance matrix: 0
Negative values in distance matrix: 957915099
Adjusted 0 distances
Results ---------------------------------------------------
top1:76.5% top5:87.1% top10:90.2% top20:92.8% mAP:53.1%
-----------------------------------------------------------
Classification accuracy before cls-ranking: 55.0%
query accuracy after cls-ranking: 0.0%
gallery accuracy after cls-ranking: 0.0%
Classification accuracy after cls-ranking: 55.0%
query accuracy after cls-ranking: 0.0%
gallery accuracy after cls-ranking: 0.0%
Using 1m 4s
Classifier results ---------------------------------------------------
Query acc: 0.0% Gallery acc: 0.0% Total acc: 0.0%
=> Current learning rate: 0.001000
Epoch:46 Time:15.4 Data:0.0 Loss:0.0479 Cls Loss:0.0479 Pair Loss:0.1606 Center Loss:1445.6125 KL Loss:69.7966 Recon Loss:0.1337 Acc:0.9914 
=> Current learning rate: 0.001000
Epoch:47 Time:13.9 Data:0.0 Loss:0.0436 Cls Loss:0.0436 Pair Loss:0.1595 Center Loss:1445.6500 KL Loss:69.8038 Recon Loss:0.1337 Acc:0.9915 
=> Current learning rate: 0.001000
Epoch:48 Time:15.3 Data:0.0 Loss:0.0441 Cls Loss:0.0441 Pair Loss:0.1601 Center Loss:1445.6266 KL Loss:69.8111 Recon Loss:0.1337 Acc:0.9922 
=> Current learning rate: 0.001000
Epoch:49 Time:13.8 Data:0.0 Loss:0.0514 Cls Loss:0.0514 Pair Loss:0.1607 Center Loss:1445.6121 KL Loss:69.7999 Recon Loss:0.1337 Acc:0.9897 
=> Current learning rate: 0.001000
Epoch:50 Time:20.4 Data:0.0 Loss:0.0480 Cls Loss:0.0480 Pair Loss:0.1605 Center Loss:1445.6079 KL Loss:69.7972 Recon Loss:0.1337 Acc:0.9904 
=> Test at epoch 50
==========Test with latent_z: z_c =========
Extracted features for query set, obtained torch.Size([11659, 128]) matrix
Extracted features for gallery set, obtained torch.Size([82161, 128]) matrix
Extracting features complete in 0m 14s
Distance computing in 0m 3s
Positive values in distance matrix: 14380197
Negative values in distance matrix: 943534901
Adjusted 0 distances
Results ---------------------------------------------------
top1:75.6% top5:86.5% top10:89.8% top20:92.3% mAP:52.3%
-----------------------------------------------------------
Classification accuracy before cls-ranking: 55.1%
query accuracy after cls-ranking: 0.1%
gallery accuracy after cls-ranking: 0.1%
Classification accuracy after cls-ranking: 55.1%
query accuracy after cls-ranking: 0.1%
gallery accuracy after cls-ranking: 0.1%
Using 1m 17s
Classifier results ---------------------------------------------------
Query acc: 0.1% Gallery acc: 0.0% Total acc: 0.0%
==========Test with latent_z: new_z =========
Extracted features for query set, obtained torch.Size([11659, 1280]) matrix
Extracted features for gallery set, obtained torch.Size([82161, 1280]) matrix
Extracting features complete in 0m 17s
Distance computing in 0m 13s
Positive values in distance matrix: 0
Negative values in distance matrix: 957915099
Adjusted 0 distances
Results ---------------------------------------------------
top1:76.5% top5:87.1% top10:90.2% top20:92.8% mAP:53.1%
-----------------------------------------------------------
Classification accuracy before cls-ranking: 54.6%
query accuracy after cls-ranking: 0.1%
gallery accuracy after cls-ranking: 0.1%
Classification accuracy after cls-ranking: 54.6%
query accuracy after cls-ranking: 0.1%
gallery accuracy after cls-ranking: 0.1%
Using 1m 5s
Classifier results ---------------------------------------------------
Query acc: 0.1% Gallery acc: 0.0% Total acc: 0.0%
=> Current learning rate: 0.001000
Epoch:51 Time:19.0 Data:0.0 Loss:0.0390 Cls Loss:0.0390 Pair Loss:0.1604 Center Loss:1445.5997 KL Loss:69.8044 Recon Loss:0.1337 Acc:0.9931 
=> Current learning rate: 0.001000
Epoch:52 Time:14.0 Data:0.0 Loss:0.0451 Cls Loss:0.0451 Pair Loss:0.1600 Center Loss:1445.5808 KL Loss:69.8039 Recon Loss:0.1337 Acc:0.9917 
=> Current learning rate: 0.001000
Epoch:53 Time:14.0 Data:0.0 Loss:0.0569 Cls Loss:0.0569 Pair Loss:0.1605 Center Loss:1445.5972 KL Loss:69.7953 Recon Loss:0.1337 Acc:0.9882 
=> Current learning rate: 0.001000
Epoch:54 Time:15.3 Data:0.0 Loss:0.0325 Cls Loss:0.0325 Pair Loss:0.1598 Center Loss:1445.5852 KL Loss:69.8089 Recon Loss:0.1337 Acc:0.9943 
=> Current learning rate: 0.001000
Epoch:55 Time:15.1 Data:0.0 Loss:0.0386 Cls Loss:0.0386 Pair Loss:0.1592 Center Loss:1445.6515 KL Loss:69.8081 Recon Loss:0.1337 Acc:0.9932 
=> Test at epoch 55
==========Test with latent_z: z_c =========
Extracted features for query set, obtained torch.Size([11659, 128]) matrix
Extracted features for gallery set, obtained torch.Size([82161, 128]) matrix
Extracting features complete in 0m 13s
Distance computing in 0m 4s
Positive values in distance matrix: 14380197
Negative values in distance matrix: 943534901
Adjusted 0 distances
Results ---------------------------------------------------
top1:75.6% top5:86.5% top10:89.8% top20:92.3% mAP:52.3%
-----------------------------------------------------------
Classification accuracy before cls-ranking: 55.4%
query accuracy after cls-ranking: 0.1%
gallery accuracy after cls-ranking: 0.1%
Classification accuracy after cls-ranking: 55.4%
query accuracy after cls-ranking: 0.1%
gallery accuracy after cls-ranking: 0.1%
Using 1m 14s
Classifier results ---------------------------------------------------
Query acc: 0.1% Gallery acc: 0.0% Total acc: 0.0%
==========Test with latent_z: new_z =========
Extracted features for query set, obtained torch.Size([11659, 1280]) matrix
Extracted features for gallery set, obtained torch.Size([82161, 1280]) matrix
Extracting features complete in 0m 20s
Distance computing in 0m 14s
Positive values in distance matrix: 0
Negative values in distance matrix: 957915099
Adjusted 0 distances
Results ---------------------------------------------------
top1:76.5% top5:87.1% top10:90.2% top20:92.8% mAP:53.1%
-----------------------------------------------------------
Classification accuracy before cls-ranking: 55.0%
query accuracy after cls-ranking: 0.1%
gallery accuracy after cls-ranking: 0.1%
Classification accuracy after cls-ranking: 55.0%
query accuracy after cls-ranking: 0.1%
gallery accuracy after cls-ranking: 0.1%
Using 1m 6s
Classifier results ---------------------------------------------------
Query acc: 0.1% Gallery acc: 0.0% Total acc: 0.0%
=> Current learning rate: 0.001000
Epoch:56 Time:20.3 Data:0.0 Loss:0.0515 Cls Loss:0.0515 Pair Loss:0.1596 Center Loss:1445.5816 KL Loss:69.8087 Recon Loss:0.1337 Acc:0.9893 
=> Current learning rate: 0.001000
Epoch:57 Time:17.9 Data:0.0 Loss:0.0370 Cls Loss:0.0370 Pair Loss:0.1601 Center Loss:1445.5960 KL Loss:69.7958 Recon Loss:0.1337 Acc:0.9929 
=> Current learning rate: 0.001000
Epoch:58 Time:14.2 Data:0.0 Loss:0.0328 Cls Loss:0.0328 Pair Loss:0.1596 Center Loss:1445.6088 KL Loss:69.8013 Recon Loss:0.1337 Acc:0.9949 
=> Current learning rate: 0.001000
Epoch:59 Time:14.3 Data:0.0 Loss:0.0496 Cls Loss:0.0496 Pair Loss:0.1593 Center Loss:1445.5961 KL Loss:69.8070 Recon Loss:0.1337 Acc:0.9906 
=> Current learning rate: 0.001000
Epoch:60 Time:16.3 Data:0.0 Loss:0.0396 Cls Loss:0.0396 Pair Loss:0.1595 Center Loss:1445.6841 KL Loss:69.8115 Recon Loss:0.1337 Acc:0.9929 
=> Test at epoch 60
==========Test with latent_z: z_c =========
Extracted features for query set, obtained torch.Size([11659, 128]) matrix
Extracted features for gallery set, obtained torch.Size([82161, 128]) matrix
Extracting features complete in 0m 10s
Distance computing in 0m 3s
Positive values in distance matrix: 14380197
Negative values in distance matrix: 943534901
Adjusted 0 distances
Results ---------------------------------------------------
top1:75.6% top5:86.5% top10:89.8% top20:92.3% mAP:52.3%
-----------------------------------------------------------
Classification accuracy before cls-ranking: 55.9%
query accuracy after cls-ranking: 0.0%
gallery accuracy after cls-ranking: 0.0%
Classification accuracy after cls-ranking: 55.9%
query accuracy after cls-ranking: 0.0%
gallery accuracy after cls-ranking: 0.0%
Using 1m 14s
Classifier results ---------------------------------------------------
Query acc: 0.0% Gallery acc: 0.0% Total acc: 0.0%
==========Test with latent_z: new_z =========
Extracted features for query set, obtained torch.Size([11659, 1280]) matrix
Extracted features for gallery set, obtained torch.Size([82161, 1280]) matrix
Extracting features complete in 0m 19s
Distance computing in 0m 20s
Positive values in distance matrix: 0
Negative values in distance matrix: 957915099
Adjusted 0 distances
Results ---------------------------------------------------
top1:76.5% top5:87.1% top10:90.2% top20:92.8% mAP:53.1%
-----------------------------------------------------------
Classification accuracy before cls-ranking: 55.8%
query accuracy after cls-ranking: 0.0%
gallery accuracy after cls-ranking: 0.0%
Classification accuracy after cls-ranking: 55.8%
query accuracy after cls-ranking: 0.0%
gallery accuracy after cls-ranking: 0.0%
Using 1m 8s
Classifier results ---------------------------------------------------
Query acc: 0.0% Gallery acc: 0.0% Total acc: 0.0%
=> Current learning rate: 0.001000
Epoch:61 Time:17.1 Data:0.0 Loss:0.0179 Cls Loss:0.0179 Pair Loss:0.1601 Center Loss:1445.6810 KL Loss:69.8030 Recon Loss:0.1337 Acc:0.9979 
=> Current learning rate: 0.000100
Epoch:62 Time:18.8 Data:0.0 Loss:0.0108 Cls Loss:0.0108 Pair Loss:0.1598 Center Loss:1445.7050 KL Loss:69.8017 Recon Loss:0.1337 Acc:0.9995 
=> Current learning rate: 0.000100
Epoch:63 Time:20.7 Data:0.0 Loss:0.0107 Cls Loss:0.0107 Pair Loss:0.1600 Center Loss:1445.6265 KL Loss:69.8140 Recon Loss:0.1337 Acc:0.9995 
=> Current learning rate: 0.000100
Epoch:64 Time:13.9 Data:0.0 Loss:0.0115 Cls Loss:0.0115 Pair Loss:0.1607 Center Loss:1445.6773 KL Loss:69.8068 Recon Loss:0.1337 Acc:0.9994 
=> Current learning rate: 0.000100
Epoch:65 Time:16.0 Data:0.0 Loss:0.0125 Cls Loss:0.0125 Pair Loss:0.1606 Center Loss:1445.6249 KL Loss:69.7955 Recon Loss:0.1337 Acc:0.9994 
=> Test at epoch 65
==========Test with latent_z: z_c =========
Extracted features for query set, obtained torch.Size([11659, 128]) matrix
Extracted features for gallery set, obtained torch.Size([82161, 128]) matrix
Extracting features complete in 0m 11s
Distance computing in 0m 2s
Positive values in distance matrix: 14380197
Negative values in distance matrix: 943534901
Adjusted 0 distances
Results ---------------------------------------------------
top1:75.6% top5:86.5% top10:89.8% top20:92.3% mAP:52.3%
-----------------------------------------------------------
Classification accuracy before cls-ranking: 54.9%
query accuracy after cls-ranking: 0.0%
gallery accuracy after cls-ranking: 0.0%
Classification accuracy after cls-ranking: 54.9%
query accuracy after cls-ranking: 0.0%
gallery accuracy after cls-ranking: 0.0%
Using 1m 12s
Classifier results ---------------------------------------------------
Query acc: 0.0% Gallery acc: 0.0% Total acc: 0.0%
==========Test with latent_z: new_z =========
Extracted features for query set, obtained torch.Size([11659, 1280]) matrix
Extracted features for gallery set, obtained torch.Size([82161, 1280]) matrix
Extracting features complete in 0m 19s
Distance computing in 0m 20s
Positive values in distance matrix: 0
Negative values in distance matrix: 957915099
Adjusted 0 distances
Results ---------------------------------------------------
top1:76.5% top5:87.1% top10:90.2% top20:92.8% mAP:53.1%
-----------------------------------------------------------
Classification accuracy before cls-ranking: 54.7%
query accuracy after cls-ranking: 0.0%
gallery accuracy after cls-ranking: 0.0%
Classification accuracy after cls-ranking: 54.7%
query accuracy after cls-ranking: 0.0%
gallery accuracy after cls-ranking: 0.0%
Using 1m 11s
Classifier results ---------------------------------------------------
Query acc: 0.0% Gallery acc: 0.0% Total acc: 0.0%
=> Current learning rate: 0.000100
Epoch:66 Time:13.8 Data:0.0 Loss:0.0138 Cls Loss:0.0138 Pair Loss:0.1596 Center Loss:1445.6414 KL Loss:69.8005 Recon Loss:0.1337 Acc:0.9994 
=> Current learning rate: 0.000100
Epoch:67 Time:14.2 Data:0.0 Loss:0.0149 Cls Loss:0.0149 Pair Loss:0.1603 Center Loss:1445.6024 KL Loss:69.8039 Recon Loss:0.1337 Acc:0.9994 
=> Current learning rate: 0.000100
Epoch:68 Time:17.1 Data:0.0 Loss:0.0159 Cls Loss:0.0159 Pair Loss:0.1592 Center Loss:1445.5887 KL Loss:69.7988 Recon Loss:0.1337 Acc:0.9994 
=> Current learning rate: 0.000100
Epoch:69 Time:20.9 Data:0.0 Loss:0.0166 Cls Loss:0.0166 Pair Loss:0.1598 Center Loss:1445.6326 KL Loss:69.7993 Recon Loss:0.1337 Acc:0.9996 
=> Current learning rate: 0.000100
Epoch:70 Time:18.9 Data:0.0 Loss:0.0173 Cls Loss:0.0173 Pair Loss:0.1613 Center Loss:1445.6518 KL Loss:69.7979 Recon Loss:0.1337 Acc:0.9994 
=> Test at epoch 70
==========Test with latent_z: z_c =========
Extracted features for query set, obtained torch.Size([11659, 128]) matrix
Extracted features for gallery set, obtained torch.Size([82161, 128]) matrix
Extracting features complete in 0m 11s
Distance computing in 0m 2s
Positive values in distance matrix: 14380197
Negative values in distance matrix: 943534901
Adjusted 0 distances
Results ---------------------------------------------------
top1:75.6% top5:86.5% top10:89.8% top20:92.3% mAP:52.3%
-----------------------------------------------------------
Classification accuracy before cls-ranking: 55.2%
query accuracy after cls-ranking: 0.0%
gallery accuracy after cls-ranking: 0.0%
Classification accuracy after cls-ranking: 55.2%
query accuracy after cls-ranking: 0.0%
gallery accuracy after cls-ranking: 0.0%
Using 1m 4s
Classifier results ---------------------------------------------------
Query acc: 0.0% Gallery acc: 0.0% Total acc: 0.0%
==========Test with latent_z: new_z =========
Extracted features for query set, obtained torch.Size([11659, 1280]) matrix
Extracted features for gallery set, obtained torch.Size([82161, 1280]) matrix
Extracting features complete in 0m 18s
Distance computing in 0m 20s
Positive values in distance matrix: 0
Negative values in distance matrix: 957915099
Adjusted 0 distances
Results ---------------------------------------------------
top1:76.5% top5:87.1% top10:90.2% top20:92.8% mAP:53.1%
-----------------------------------------------------------
Classification accuracy before cls-ranking: 55.1%
query accuracy after cls-ranking: 0.0%
gallery accuracy after cls-ranking: 0.0%
Classification accuracy after cls-ranking: 55.1%
query accuracy after cls-ranking: 0.0%
gallery accuracy after cls-ranking: 0.0%
Using 1m 16s
Classifier results ---------------------------------------------------
Query acc: 0.0% Gallery acc: 0.0% Total acc: 0.0%
=> Current learning rate: 0.000100
Epoch:71 Time:14.7 Data:0.0 Loss:0.0175 Cls Loss:0.0175 Pair Loss:0.1596 Center Loss:1445.6079 KL Loss:69.8070 Recon Loss:0.1337 Acc:0.9995 
=> Current learning rate: 0.000100
Epoch:72 Time:14.1 Data:0.0 Loss:0.0178 Cls Loss:0.0178 Pair Loss:0.1597 Center Loss:1445.6239 KL Loss:69.8064 Recon Loss:0.1337 Acc:0.9995 
=> Current learning rate: 0.000100
Epoch:73 Time:14.3 Data:0.0 Loss:0.0182 Cls Loss:0.0182 Pair Loss:0.1593 Center Loss:1445.6678 KL Loss:69.8055 Recon Loss:0.1337 Acc:0.9994 
=> Current learning rate: 0.000100
Epoch:74 Time:17.1 Data:0.0 Loss:0.0182 Cls Loss:0.0182 Pair Loss:0.1604 Center Loss:1445.6629 KL Loss:69.8017 Recon Loss:0.1337 Acc:0.9994 
=> Current learning rate: 0.000100
Epoch:75 Time:20.0 Data:0.0 Loss:0.0184 Cls Loss:0.0184 Pair Loss:0.1608 Center Loss:1445.6429 KL Loss:69.8053 Recon Loss:0.1337 Acc:0.9995 
=> Test at epoch 75
==========Test with latent_z: z_c =========
Extracted features for query set, obtained torch.Size([11659, 128]) matrix
Extracted features for gallery set, obtained torch.Size([82161, 128]) matrix
Extracting features complete in 0m 14s
Distance computing in 0m 3s
Positive values in distance matrix: 14380197
Negative values in distance matrix: 943534901
Adjusted 0 distances
Results ---------------------------------------------------
top1:75.6% top5:86.5% top10:89.8% top20:92.3% mAP:52.3%
-----------------------------------------------------------
Classification accuracy before cls-ranking: 55.3%
query accuracy after cls-ranking: 0.0%
gallery accuracy after cls-ranking: 0.0%
Classification accuracy after cls-ranking: 55.3%
query accuracy after cls-ranking: 0.0%
gallery accuracy after cls-ranking: 0.0%
Using 1m 10s
Classifier results ---------------------------------------------------
Query acc: 0.0% Gallery acc: 0.0% Total acc: 0.0%
==========Test with latent_z: new_z =========
Extracted features for query set, obtained torch.Size([11659, 1280]) matrix
Extracted features for gallery set, obtained torch.Size([82161, 1280]) matrix
Extracting features complete in 0m 12s
Distance computing in 0m 13s
Positive values in distance matrix: 0
Negative values in distance matrix: 957915099
Adjusted 0 distances
Results ---------------------------------------------------
top1:76.5% top5:87.1% top10:90.2% top20:92.8% mAP:53.1%
-----------------------------------------------------------
Classification accuracy before cls-ranking: 55.1%
query accuracy after cls-ranking: 0.0%
gallery accuracy after cls-ranking: 0.0%
Classification accuracy after cls-ranking: 55.1%
query accuracy after cls-ranking: 0.0%
gallery accuracy after cls-ranking: 0.0%
Using 1m 18s
Classifier results ---------------------------------------------------
Query acc: 0.0% Gallery acc: 0.0% Total acc: 0.0%
=> Current learning rate: 0.000100
Epoch:76 Time:18.0 Data:0.0 Loss:0.0185 Cls Loss:0.0185 Pair Loss:0.1593 Center Loss:1445.6466 KL Loss:69.8041 Recon Loss:0.1337 Acc:0.9994 
=> Current learning rate: 0.000100
Epoch:77 Time:15.6 Data:0.0 Loss:0.0185 Cls Loss:0.0185 Pair Loss:0.1600 Center Loss:1445.5960 KL Loss:69.8039 Recon Loss:0.1337 Acc:0.9995 
=> Current learning rate: 0.000100
Epoch:78 Time:14.1 Data:0.0 Loss:0.0186 Cls Loss:0.0186 Pair Loss:0.1599 Center Loss:1445.6130 KL Loss:69.7985 Recon Loss:0.1337 Acc:0.9994 
=> Current learning rate: 0.000100
Epoch:79 Time:14.2 Data:0.0 Loss:0.0186 Cls Loss:0.0186 Pair Loss:0.1598 Center Loss:1445.6592 KL Loss:69.8085 Recon Loss:0.1337 Acc:0.9995 
=> Current learning rate: 0.000100
Epoch:80 Time:15.1 Data:0.0 Loss:0.0188 Cls Loss:0.0188 Pair Loss:0.1604 Center Loss:1445.6392 KL Loss:69.8092 Recon Loss:0.1337 Acc:0.9994 
=> Test at epoch 80
==========Test with latent_z: z_c =========
Extracted features for query set, obtained torch.Size([11659, 128]) matrix
Extracted features for gallery set, obtained torch.Size([82161, 128]) matrix
Extracting features complete in 0m 17s
Distance computing in 0m 5s
Positive values in distance matrix: 14380197
Negative values in distance matrix: 943534901
Adjusted 0 distances
Results ---------------------------------------------------
top1:75.6% top5:86.5% top10:89.8% top20:92.3% mAP:52.3%
-----------------------------------------------------------
Classification accuracy before cls-ranking: 55.4%
query accuracy after cls-ranking: 0.0%
gallery accuracy after cls-ranking: 0.0%
Classification accuracy after cls-ranking: 55.4%
query accuracy after cls-ranking: 0.0%
gallery accuracy after cls-ranking: 0.0%
Using 1m 6s
Classifier results ---------------------------------------------------
Query acc: 0.0% Gallery acc: 0.0% Total acc: 0.0%
==========Test with latent_z: new_z =========
Extracted features for query set, obtained torch.Size([11659, 1280]) matrix
Extracted features for gallery set, obtained torch.Size([82161, 1280]) matrix
Extracting features complete in 0m 10s
Distance computing in 0m 11s
Positive values in distance matrix: 0
Negative values in distance matrix: 957915099
Adjusted 0 distances
Results ---------------------------------------------------
top1:76.5% top5:87.1% top10:90.2% top20:92.8% mAP:53.1%
-----------------------------------------------------------
Classification accuracy before cls-ranking: 55.1%
query accuracy after cls-ranking: 0.0%
gallery accuracy after cls-ranking: 0.0%
Classification accuracy after cls-ranking: 55.1%
query accuracy after cls-ranking: 0.0%
gallery accuracy after cls-ranking: 0.0%
Using 1m 18s
Classifier results ---------------------------------------------------
Query acc: 0.0% Gallery acc: 0.0% Total acc: 0.0%
=> Current learning rate: 0.000100
Epoch:81 Time:22.1 Data:0.0 Loss:0.0187 Cls Loss:0.0187 Pair Loss:0.1615 Center Loss:1445.6095 KL Loss:69.8056 Recon Loss:0.1337 Acc:0.9994 
=> Current learning rate: 0.000100
Epoch:82 Time:17.6 Data:0.0 Loss:0.0189 Cls Loss:0.0189 Pair Loss:0.1600 Center Loss:1445.6111 KL Loss:69.8089 Recon Loss:0.1337 Acc:0.9994 
=> Current learning rate: 0.000100
Epoch:83 Time:14.4 Data:0.0 Loss:0.0187 Cls Loss:0.0187 Pair Loss:0.1612 Center Loss:1445.6518 KL Loss:69.7961 Recon Loss:0.1337 Acc:0.9995 
=> Current learning rate: 0.000100
Epoch:84 Time:14.3 Data:0.0 Loss:0.0188 Cls Loss:0.0188 Pair Loss:0.1606 Center Loss:1445.6061 KL Loss:69.8046 Recon Loss:0.1337 Acc:0.9994 
=> Current learning rate: 0.000100
Epoch:85 Time:14.0 Data:0.0 Loss:0.0189 Cls Loss:0.0189 Pair Loss:0.1593 Center Loss:1445.6540 KL Loss:69.8059 Recon Loss:0.1337 Acc:0.9994 
=> Test at epoch 85
==========Test with latent_z: z_c =========
Extracted features for query set, obtained torch.Size([11659, 128]) matrix
Extracted features for gallery set, obtained torch.Size([82161, 128]) matrix
Extracting features complete in 0m 15s
Distance computing in 0m 4s
Positive values in distance matrix: 14380197
Negative values in distance matrix: 943534901
Adjusted 0 distances
Results ---------------------------------------------------
top1:75.6% top5:86.5% top10:89.8% top20:92.3% mAP:52.3%
-----------------------------------------------------------
Classification accuracy before cls-ranking: 55.2%
query accuracy after cls-ranking: 0.0%
gallery accuracy after cls-ranking: 0.0%
Classification accuracy after cls-ranking: 55.2%
query accuracy after cls-ranking: 0.0%
gallery accuracy after cls-ranking: 0.0%
Using 1m 5s
Classifier results ---------------------------------------------------
Query acc: 0.0% Gallery acc: 0.0% Total acc: 0.0%
==========Test with latent_z: new_z =========
Extracted features for query set, obtained torch.Size([11659, 1280]) matrix
Extracted features for gallery set, obtained torch.Size([82161, 1280]) matrix
Extracting features complete in 0m 11s
Distance computing in 0m 10s
Positive values in distance matrix: 0
Negative values in distance matrix: 957915099
Adjusted 0 distances
Results ---------------------------------------------------
top1:76.5% top5:87.1% top10:90.2% top20:92.8% mAP:53.1%
-----------------------------------------------------------
Classification accuracy before cls-ranking: 55.1%
query accuracy after cls-ranking: 0.0%
gallery accuracy after cls-ranking: 0.0%
Classification accuracy after cls-ranking: 55.1%
query accuracy after cls-ranking: 0.0%
gallery accuracy after cls-ranking: 0.0%
Using 1m 14s
Classifier results ---------------------------------------------------
Query acc: 0.0% Gallery acc: 0.0% Total acc: 0.0%
=> Current learning rate: 0.000100
Epoch:86 Time:23.9 Data:0.0 Loss:0.0188 Cls Loss:0.0188 Pair Loss:0.1608 Center Loss:1445.6550 KL Loss:69.8002 Recon Loss:0.1337 Acc:0.9996 
=> Current learning rate: 0.000100
Epoch:87 Time:20.9 Data:0.0 Loss:0.0188 Cls Loss:0.0188 Pair Loss:0.1605 Center Loss:1445.6511 KL Loss:69.7977 Recon Loss:0.1337 Acc:0.9995 
=> Current learning rate: 0.000100
Epoch:88 Time:17.6 Data:0.0 Loss:0.0189 Cls Loss:0.0189 Pair Loss:0.1608 Center Loss:1445.6162 KL Loss:69.8034 Recon Loss:0.1337 Acc:0.9994 
=> Current learning rate: 0.000100
Epoch:89 Time:14.1 Data:0.0 Loss:0.0188 Cls Loss:0.0188 Pair Loss:0.1603 Center Loss:1445.6079 KL Loss:69.8041 Recon Loss:0.1337 Acc:0.9994 
=> Current learning rate: 0.000100
Epoch:90 Time:14.1 Data:0.0 Loss:0.0188 Cls Loss:0.0188 Pair Loss:0.1607 Center Loss:1445.6567 KL Loss:69.7954 Recon Loss:0.1337 Acc:0.9995 
=> Test at epoch 90
==========Test with latent_z: z_c =========
Extracted features for query set, obtained torch.Size([11659, 128]) matrix
Extracted features for gallery set, obtained torch.Size([82161, 128]) matrix
Extracting features complete in 0m 11s
Distance computing in 0m 4s
Positive values in distance matrix: 14380197
Negative values in distance matrix: 943534901
Adjusted 0 distances
Results ---------------------------------------------------
top1:75.6% top5:86.5% top10:89.8% top20:92.3% mAP:52.3%
-----------------------------------------------------------
Classification accuracy before cls-ranking: 55.4%
query accuracy after cls-ranking: 0.0%
gallery accuracy after cls-ranking: 0.0%
Classification accuracy after cls-ranking: 55.4%
query accuracy after cls-ranking: 0.0%
gallery accuracy after cls-ranking: 0.0%
Using 1m 4s
Classifier results ---------------------------------------------------
Query acc: 0.0% Gallery acc: 0.0% Total acc: 0.0%
==========Test with latent_z: new_z =========
Extracted features for query set, obtained torch.Size([11659, 1280]) matrix
Extracted features for gallery set, obtained torch.Size([82161, 1280]) matrix
Extracting features complete in 0m 10s
Distance computing in 0m 10s
Positive values in distance matrix: 0
Negative values in distance matrix: 957915099
Adjusted 0 distances
Results ---------------------------------------------------
top1:76.5% top5:87.1% top10:90.2% top20:92.8% mAP:53.1%
-----------------------------------------------------------
Classification accuracy before cls-ranking: 55.0%
query accuracy after cls-ranking: 0.0%
gallery accuracy after cls-ranking: 0.0%
Classification accuracy after cls-ranking: 55.0%
query accuracy after cls-ranking: 0.0%
gallery accuracy after cls-ranking: 0.0%
Using 1m 15s
Classifier results ---------------------------------------------------
Query acc: 0.0% Gallery acc: 0.0% Total acc: 0.0%
=> Current learning rate: 0.000100
Epoch:91 Time:22.8 Data:0.0 Loss:0.0190 Cls Loss:0.0190 Pair Loss:0.1611 Center Loss:1445.6198 KL Loss:69.8023 Recon Loss:0.1337 Acc:0.9994 
=> Current learning rate: 0.000100
Epoch:92 Time:20.8 Data:0.0 Loss:0.0190 Cls Loss:0.0190 Pair Loss:0.1611 Center Loss:1445.6029 KL Loss:69.7913 Recon Loss:0.1337 Acc:0.9995 
=> Current learning rate: 0.000100
Epoch:93 Time:21.2 Data:0.0 Loss:0.0190 Cls Loss:0.0190 Pair Loss:0.1605 Center Loss:1445.6275 KL Loss:69.8007 Recon Loss:0.1337 Acc:0.9994 
=> Current learning rate: 0.000100
Epoch:94 Time:17.1 Data:0.0 Loss:0.0190 Cls Loss:0.0190 Pair Loss:0.1598 Center Loss:1445.6799 KL Loss:69.8031 Recon Loss:0.1337 Acc:0.9995 
=> Current learning rate: 0.000100
Epoch:95 Time:14.0 Data:0.0 Loss:0.0190 Cls Loss:0.0190 Pair Loss:0.1601 Center Loss:1445.6151 KL Loss:69.7953 Recon Loss:0.1337 Acc:0.9994 
=> Test at epoch 95
==========Test with latent_z: z_c =========
Extracted features for query set, obtained torch.Size([11659, 128]) matrix
Extracted features for gallery set, obtained torch.Size([82161, 128]) matrix
Extracting features complete in 0m 11s
Distance computing in 0m 2s
Positive values in distance matrix: 14380197
Negative values in distance matrix: 943534901
Adjusted 0 distances
Results ---------------------------------------------------
top1:75.6% top5:86.5% top10:89.8% top20:92.3% mAP:52.3%
-----------------------------------------------------------
Classification accuracy before cls-ranking: 54.8%
query accuracy after cls-ranking: 0.0%
gallery accuracy after cls-ranking: 0.0%
Classification accuracy after cls-ranking: 54.8%
query accuracy after cls-ranking: 0.0%
gallery accuracy after cls-ranking: 0.0%
Using 1m 6s
Classifier results ---------------------------------------------------
Query acc: 0.0% Gallery acc: 0.0% Total acc: 0.0%
==========Test with latent_z: new_z =========
Extracted features for query set, obtained torch.Size([11659, 1280]) matrix
Extracted features for gallery set, obtained torch.Size([82161, 1280]) matrix
Extracting features complete in 0m 11s
Distance computing in 0m 10s
Positive values in distance matrix: 0
Negative values in distance matrix: 957915099
Adjusted 0 distances
Results ---------------------------------------------------
top1:76.5% top5:87.1% top10:90.2% top20:92.8% mAP:53.1%
-----------------------------------------------------------
Classification accuracy before cls-ranking: 54.8%
query accuracy after cls-ranking: 0.0%
gallery accuracy after cls-ranking: 0.0%
Classification accuracy after cls-ranking: 54.8%
query accuracy after cls-ranking: 0.0%
gallery accuracy after cls-ranking: 0.0%
Using 1m 9s
Classifier results ---------------------------------------------------
Query acc: 0.0% Gallery acc: 0.0% Total acc: 0.0%
=> Current learning rate: 0.000100
Epoch:96 Time:20.5 Data:0.0 Loss:0.0190 Cls Loss:0.0190 Pair Loss:0.1597 Center Loss:1445.6699 KL Loss:69.7955 Recon Loss:0.1337 Acc:0.9995 
=> Current learning rate: 0.000100
Epoch:97 Time:22.8 Data:0.0 Loss:0.0191 Cls Loss:0.0191 Pair Loss:0.1614 Center Loss:1445.6101 KL Loss:69.8021 Recon Loss:0.1337 Acc:0.9994 
=> Current learning rate: 0.000100
Epoch:98 Time:21.3 Data:0.0 Loss:0.0191 Cls Loss:0.0191 Pair Loss:0.1601 Center Loss:1445.6186 KL Loss:69.8081 Recon Loss:0.1337 Acc:0.9994 
=> Current learning rate: 0.000100
Epoch:99 Time:19.9 Data:0.0 Loss:0.0191 Cls Loss:0.0191 Pair Loss:0.1599 Center Loss:1445.6353 KL Loss:69.8124 Recon Loss:0.1337 Acc:0.9994 
=> Current learning rate: 0.000100
Epoch:100 Time:18.7 Data:0.0 Loss:0.0191 Cls Loss:0.0191 Pair Loss:0.1605 Center Loss:1445.6657 KL Loss:69.8075 Recon Loss:0.1337 Acc:0.9994 
=> Test at epoch 100
==========Test with latent_z: z_c =========
Extracted features for query set, obtained torch.Size([11659, 128]) matrix
Extracted features for gallery set, obtained torch.Size([82161, 128]) matrix
Extracting features complete in 0m 15s
Distance computing in 0m 4s
Positive values in distance matrix: 14380197
Negative values in distance matrix: 943534901
Adjusted 0 distances
Results ---------------------------------------------------
top1:75.6% top5:86.5% top10:89.8% top20:92.3% mAP:52.3%
-----------------------------------------------------------
Classification accuracy before cls-ranking: 55.1%
query accuracy after cls-ranking: 0.0%
gallery accuracy after cls-ranking: 0.0%
Classification accuracy after cls-ranking: 55.1%
query accuracy after cls-ranking: 0.0%
gallery accuracy after cls-ranking: 0.0%
Using 1m 6s
Classifier results ---------------------------------------------------
Query acc: 0.0% Gallery acc: 0.0% Total acc: 0.0%
==========Test with latent_z: new_z =========
Extracted features for query set, obtained torch.Size([11659, 1280]) matrix
Extracted features for gallery set, obtained torch.Size([82161, 1280]) matrix
Extracting features complete in 0m 11s
Distance computing in 0m 10s
Positive values in distance matrix: 0
Negative values in distance matrix: 957915099
Adjusted 0 distances
Results ---------------------------------------------------
top1:76.5% top5:87.1% top10:90.2% top20:92.8% mAP:53.1%
-----------------------------------------------------------
Classification accuracy before cls-ranking: 54.9%
query accuracy after cls-ranking: 0.0%
gallery accuracy after cls-ranking: 0.0%
Classification accuracy after cls-ranking: 54.9%
query accuracy after cls-ranking: 0.0%
gallery accuracy after cls-ranking: 0.0%
Using 1m 9s
Classifier results ---------------------------------------------------
Query acc: 0.0% Gallery acc: 0.0% Total acc: 0.0%
=> Current learning rate: 0.000100
Epoch:101 Time:22.4 Data:0.0 Loss:0.0191 Cls Loss:0.0191 Pair Loss:0.1600 Center Loss:1445.6826 KL Loss:69.8087 Recon Loss:0.1337 Acc:0.9994 
=> Current learning rate: 0.000100
Epoch:102 Time:19.4 Data:0.0 Loss:0.0191 Cls Loss:0.0191 Pair Loss:0.1599 Center Loss:1445.6575 KL Loss:69.8086 Recon Loss:0.1337 Acc:0.9994 
=> Current learning rate: 0.000100
Epoch:103 Time:22.0 Data:0.0 Loss:0.0192 Cls Loss:0.0192 Pair Loss:0.1601 Center Loss:1445.6628 KL Loss:69.8049 Recon Loss:0.1337 Acc:0.9995 
=> Current learning rate: 0.000100
Epoch:104 Time:21.4 Data:0.0 Loss:0.0191 Cls Loss:0.0191 Pair Loss:0.1601 Center Loss:1445.6382 KL Loss:69.7976 Recon Loss:0.1337 Acc:0.9994 
=> Current learning rate: 0.000100
Epoch:105 Time:17.9 Data:0.0 Loss:0.0191 Cls Loss:0.0191 Pair Loss:0.1589 Center Loss:1445.6765 KL Loss:69.8071 Recon Loss:0.1337 Acc:0.9994 
=> Test at epoch 105
==========Test with latent_z: z_c =========
Extracted features for query set, obtained torch.Size([11659, 128]) matrix
Extracted features for gallery set, obtained torch.Size([82161, 128]) matrix
Extracting features complete in 0m 19s
Distance computing in 0m 3s
Positive values in distance matrix: 14380197
Negative values in distance matrix: 943534901
Adjusted 0 distances
Results ---------------------------------------------------
top1:75.6% top5:86.5% top10:89.8% top20:92.3% mAP:52.3%
-----------------------------------------------------------
Classification accuracy before cls-ranking: 55.2%
query accuracy after cls-ranking: 0.0%
gallery accuracy after cls-ranking: 0.0%
Classification accuracy after cls-ranking: 55.2%
query accuracy after cls-ranking: 0.0%
gallery accuracy after cls-ranking: 0.0%
Using 1m 8s
Classifier results ---------------------------------------------------
Query acc: 0.0% Gallery acc: 0.0% Total acc: 0.0%
==========Test with latent_z: new_z =========
Extracted features for query set, obtained torch.Size([11659, 1280]) matrix
Extracted features for gallery set, obtained torch.Size([82161, 1280]) matrix
Extracting features complete in 0m 16s
Distance computing in 0m 12s
Positive values in distance matrix: 0
Negative values in distance matrix: 957915099
Adjusted 0 distances
Results ---------------------------------------------------
top1:76.5% top5:87.1% top10:90.2% top20:92.8% mAP:53.1%
-----------------------------------------------------------
Classification accuracy before cls-ranking: 54.9%
query accuracy after cls-ranking: 0.0%
gallery accuracy after cls-ranking: 0.0%
Classification accuracy after cls-ranking: 54.9%
query accuracy after cls-ranking: 0.0%
gallery accuracy after cls-ranking: 0.0%
Using 1m 13s
Classifier results ---------------------------------------------------
Query acc: 0.0% Gallery acc: 0.0% Total acc: 0.0%
=> Current learning rate: 0.000100
Epoch:106 Time:20.1 Data:0.0 Loss:0.0191 Cls Loss:0.0191 Pair Loss:0.1605 Center Loss:1445.6334 KL Loss:69.8064 Recon Loss:0.1337 Acc:0.9994 
=> Current learning rate: 0.000100
Epoch:107 Time:20.2 Data:0.0 Loss:0.0192 Cls Loss:0.0192 Pair Loss:0.1597 Center Loss:1445.6006 KL Loss:69.8019 Recon Loss:0.1337 Acc:0.9996 
=> Current learning rate: 0.000100
Epoch:108 Time:21.2 Data:0.0 Loss:0.0191 Cls Loss:0.0191 Pair Loss:0.1598 Center Loss:1445.6111 KL Loss:69.8051 Recon Loss:0.1337 Acc:0.9994 
=> Current learning rate: 0.000100
Epoch:109 Time:21.9 Data:0.0 Loss:0.0192 Cls Loss:0.0192 Pair Loss:0.1606 Center Loss:1445.5964 KL Loss:69.7990 Recon Loss:0.1337 Acc:0.9994 
=> Current learning rate: 0.000100
Epoch:110 Time:23.4 Data:0.0 Loss:0.0192 Cls Loss:0.0192 Pair Loss:0.1604 Center Loss:1445.6546 KL Loss:69.8021 Recon Loss:0.1337 Acc:0.9994 
=> Test at epoch 110
==========Test with latent_z: z_c =========
Extracted features for query set, obtained torch.Size([11659, 128]) matrix
Extracted features for gallery set, obtained torch.Size([82161, 128]) matrix
Extracting features complete in 0m 11s
Distance computing in 0m 3s
Positive values in distance matrix: 14380197
Negative values in distance matrix: 943534901
Adjusted 0 distances
Results ---------------------------------------------------
top1:75.6% top5:86.5% top10:89.8% top20:92.3% mAP:52.3%
-----------------------------------------------------------
Classification accuracy before cls-ranking: 55.6%
query accuracy after cls-ranking: 0.0%
gallery accuracy after cls-ranking: 0.0%
Classification accuracy after cls-ranking: 55.6%
query accuracy after cls-ranking: 0.0%
gallery accuracy after cls-ranking: 0.0%
Using 1m 11s
Classifier results ---------------------------------------------------
Query acc: 0.0% Gallery acc: 0.0% Total acc: 0.0%
==========Test with latent_z: new_z =========
Extracted features for query set, obtained torch.Size([11659, 1280]) matrix
Extracted features for gallery set, obtained torch.Size([82161, 1280]) matrix
Extracting features complete in 0m 17s
Distance computing in 0m 15s
Positive values in distance matrix: 0
Negative values in distance matrix: 957915099
Adjusted 0 distances
Results ---------------------------------------------------
top1:76.5% top5:87.1% top10:90.2% top20:92.8% mAP:53.1%
-----------------------------------------------------------
Classification accuracy before cls-ranking: 55.2%
query accuracy after cls-ranking: 0.0%
gallery accuracy after cls-ranking: 0.0%
Classification accuracy after cls-ranking: 55.2%
query accuracy after cls-ranking: 0.0%
gallery accuracy after cls-ranking: 0.0%
Using 1m 6s
Classifier results ---------------------------------------------------
Query acc: 0.0% Gallery acc: 0.0% Total acc: 0.0%
=> Current learning rate: 0.000100
Epoch:111 Time:19.2 Data:0.0 Loss:0.0191 Cls Loss:0.0191 Pair Loss:0.1606 Center Loss:1445.5613 KL Loss:69.8076 Recon Loss:0.1337 Acc:0.9995 
=> Current learning rate: 0.000100
Epoch:112 Time:21.1 Data:0.0 Loss:0.0193 Cls Loss:0.0193 Pair Loss:0.1604 Center Loss:1445.6311 KL Loss:69.8077 Recon Loss:0.1337 Acc:0.9994 
=> Current learning rate: 0.000100
Epoch:113 Time:20.9 Data:0.0 Loss:0.0192 Cls Loss:0.0192 Pair Loss:0.1609 Center Loss:1445.6535 KL Loss:69.7998 Recon Loss:0.1337 Acc:0.9995 
=> Current learning rate: 0.000100
Epoch:114 Time:20.4 Data:0.0 Loss:0.0192 Cls Loss:0.0192 Pair Loss:0.1607 Center Loss:1445.5726 KL Loss:69.7943 Recon Loss:0.1337 Acc:0.9994 
=> Current learning rate: 0.000100
Epoch:115 Time:20.1 Data:0.0 Loss:0.0193 Cls Loss:0.0193 Pair Loss:0.1600 Center Loss:1445.6117 KL Loss:69.7886 Recon Loss:0.1337 Acc:0.9993 
=> Test at epoch 115
==========Test with latent_z: z_c =========
Extracted features for query set, obtained torch.Size([11659, 128]) matrix
Extracted features for gallery set, obtained torch.Size([82161, 128]) matrix
Extracting features complete in 0m 24s
Distance computing in 0m 5s
Positive values in distance matrix: 14380197
Negative values in distance matrix: 943534901
Adjusted 0 distances
Results ---------------------------------------------------
top1:75.6% top5:86.5% top10:89.8% top20:92.3% mAP:52.3%
-----------------------------------------------------------
Classification accuracy before cls-ranking: 55.2%
query accuracy after cls-ranking: 0.0%
gallery accuracy after cls-ranking: 0.0%
Classification accuracy after cls-ranking: 55.2%
query accuracy after cls-ranking: 0.0%
gallery accuracy after cls-ranking: 0.0%
Using 1m 7s
Classifier results ---------------------------------------------------
Query acc: 0.0% Gallery acc: 0.0% Total acc: 0.0%
==========Test with latent_z: new_z =========
Extracted features for query set, obtained torch.Size([11659, 1280]) matrix
Extracted features for gallery set, obtained torch.Size([82161, 1280]) matrix
Extracting features complete in 0m 12s
Distance computing in 0m 14s
Positive values in distance matrix: 0
Negative values in distance matrix: 957915099
Adjusted 0 distances
Results ---------------------------------------------------
top1:76.5% top5:87.1% top10:90.2% top20:92.8% mAP:53.1%
-----------------------------------------------------------
Classification accuracy before cls-ranking: 54.9%
query accuracy after cls-ranking: 0.0%
gallery accuracy after cls-ranking: 0.0%
Classification accuracy after cls-ranking: 54.9%
query accuracy after cls-ranking: 0.0%
gallery accuracy after cls-ranking: 0.0%
Using 1m 4s
Classifier results ---------------------------------------------------
Query acc: 0.0% Gallery acc: 0.0% Total acc: 0.0%
=> Current learning rate: 0.000100
Epoch:116 Time:14.7 Data:0.0 Loss:0.0192 Cls Loss:0.0192 Pair Loss:0.1607 Center Loss:1445.6597 KL Loss:69.8055 Recon Loss:0.1337 Acc:0.9994 
=> Current learning rate: 0.000100
Epoch:117 Time:19.8 Data:0.0 Loss:0.0193 Cls Loss:0.0193 Pair Loss:0.1604 Center Loss:1445.6532 KL Loss:69.8084 Recon Loss:0.1337 Acc:0.9994 
=> Current learning rate: 0.000100
Epoch:118 Time:19.2 Data:0.0 Loss:0.0193 Cls Loss:0.0193 Pair Loss:0.1600 Center Loss:1445.5846 KL Loss:69.7957 Recon Loss:0.1337 Acc:0.9994 
=> Current learning rate: 0.000100
Epoch:119 Time:17.8 Data:0.0 Loss:0.0192 Cls Loss:0.0192 Pair Loss:0.1594 Center Loss:1445.6160 KL Loss:69.8011 Recon Loss:0.1337 Acc:0.9993 
=> Current learning rate: 0.000100
/home/zhengwei/yzwT2V/lib/python3.9/site-packages/numpy/lib/function_base.py:2897: RuntimeWarning: invalid value encountered in divide
  c /= stddev[:, None]
/home/zhengwei/yzwT2V/lib/python3.9/site-packages/numpy/lib/function_base.py:2898: RuntimeWarning: invalid value encountered in divide
  c /= stddev[None, :]
Epoch:120 Time:54.1 Data:0.0 Loss:0.0192 Cls Loss:0.0192 Pair Loss:0.1602 Center Loss:1445.6038 KL Loss:69.8032 Recon Loss:0.1337 Acc:0.9994 
=> Test at epoch 120
==========Test with latent_z: z_c =========
Extracted features for query set, obtained torch.Size([11659, 128]) matrix
Extracted features for gallery set, obtained torch.Size([82161, 128]) matrix
Extracting features complete in 0m 10s
Distance computing in 0m 2s
Positive values in distance matrix: 14380197
Negative values in distance matrix: 943534901
Adjusted 0 distances
Results ---------------------------------------------------
top1:75.6% top5:86.5% top10:89.8% top20:92.3% mAP:52.3%
-----------------------------------------------------------
Classification accuracy before cls-ranking: 55.3%
query accuracy after cls-ranking: 0.0%
gallery accuracy after cls-ranking: 0.0%
Classification accuracy after cls-ranking: 55.3%
query accuracy after cls-ranking: 0.0%
gallery accuracy after cls-ranking: 0.0%
Using 1m 4s
Classifier results ---------------------------------------------------
Query acc: 0.0% Gallery acc: 0.0% Total acc: 0.0%
==========Test with latent_z: new_z =========
Extracted features for query set, obtained torch.Size([11659, 1280]) matrix
Extracted features for gallery set, obtained torch.Size([82161, 1280]) matrix
Extracting features complete in 0m 11s
Distance computing in 0m 10s
Positive values in distance matrix: 0
Negative values in distance matrix: 957915099
Adjusted 0 distances
Results ---------------------------------------------------
top1:76.5% top5:87.1% top10:90.2% top20:92.8% mAP:53.1%
-----------------------------------------------------------
Classification accuracy before cls-ranking: 54.8%
query accuracy after cls-ranking: 0.0%
gallery accuracy after cls-ranking: 0.0%
Classification accuracy after cls-ranking: 54.8%
query accuracy after cls-ranking: 0.0%
gallery accuracy after cls-ranking: 0.0%
Using 1m 3s
Classifier results ---------------------------------------------------
Query acc: 0.0% Gallery acc: 0.0% Total acc: 0.0%
Keep checkpoint file: checkpoint_ep120.pth.tar
=> Current learning rate: 0.000100
=> Best Rank-1 76.5%, mAP 53.1% achieved at epoch 10
=> Best Acc: Query 0.1%, Gallery 0.1%, Total 0.1%
Finished. Total elapsed time (h:m:s): 2:01:26. Training time (h:m:s): 0:38:12.
