=> merge config from ./configs/base_msmt17/clipreid_cvae_kl.yaml
=> Configurations:
-------------------------
AMP: True
AUG:
  RC_PROB: 0.5
  RE_PROB: 0.5
DATA:
  CUHK03_CLASSIC_SPLIT: False
  CUHK03_LABELED: False
  DATASET: msmt17
  FORMAT_TAG: tensor
  HEIGHT: 256
  NUM_INSTANCES: 4
  NUM_WORKERS: 4
  ROOT: /home/zhengwei/my_data/datasets
  SPLIT_ID: 0
  TEST_BATCH: 512
  TRAIN_BATCH: 64
  TRAIN_FORMAT: base
  WIDTH: 128
EVAL_MODE: False
GPU: 3
LOSS:
  CLA_LOSS: crossentropy
  CLA_M: 0.0
  CLA_S: 16.0
  PAIR_LOSS: triplet
  PAIR_M: 0.3
  PAIR_S: 16.0
  RECON_LOSS: mse
  USE_NCE: False
MODEL:
  CONDITIONAL: False
  FEATURE_DIM: 1280
  FEAT_FUSION: False
  FLOW_TYPE: 
  GAUSSIAN: MultivariateNormal
  HIDDEN_DIM: 256
  LATENT_SIZE: 64
  NAME: CVAE
  ONLY_CVAE_KL: False
  ONLY_X_INPUT: False
  PRETRAIN: CLIPreID_Tune_MSMT17
  PROJECTION_TYPE: None
  RES4_STRIDE: 1
  RESUME: /data/zhengwei/CVAE/outputs/msmt17/clipreid_simplevae_base/2024-08-31/baseMSMT17_SimpleVAE_128+64z_1e3_60+120_KLtotalZ_noCLS
  STYLE_NUM: 0
  TRAIN_STAGE: reid+cls_stage
  USE_CENTROID: False
  USE_TWO_ENCODER: False
  VAE_TYPE: SinpleVAE
  ZC_DIM: 128
  ZS_DIM: 64
OUTPUT: /data/zhengwei/CVAE/outputs/msmt17/clipreid_simplevae_base/2024-08-31/baseMSMT17_SimpleVAE_128+64z_1e3_60+120_KLtotalZ_noCLS/2nd_stage/2024-09-02/baseMSMT17_SimpleVAE_128+64z_1e3_60+120_KLtotalZ_L1280+distCLS_Trip+Center+Ce
SAVED_NAME: baseMSMT17_SimpleVAE_128+64z_1e3_60+120_KLtotalZ_L1280+distCLS_Trip+Center+Ce
SEED: 0
TAG: clipreid_simplevae_base
TEST:
  DISTANCE: cosine
  EVAL_STEP: 5
  START_EVAL: -1
TRAIN:
  AMP: False
  LR_SCHEDULER:
    DECAY_RATE: 0.1
    NAME: MultiStepLR
    STEPSIZE: [60]
  MAX_EPOCH: 120
  OPTIMIZER:
    LR: 0.001
    NAME: adam
    SGDLR: 0.01
    SGD_MOMENTUM: 0.9
    SGD_WEIGHT_DECAY: 0.0005
    WEIGHT_DECAY: 0.0001
  START_EPOCH: 0
----------------------
Initializing dataset msmt17
{1, 2, 3, 4, 5, 6, 7, 8, 9, 10, 11, 12, 13, 14, 15} cam_container
{1, 2, 3, 4, 5, 6, 7, 8, 9, 10, 11, 12, 13, 14, 15} cam_container
{1, 2, 3, 4, 5, 6, 7, 8, 9, 10, 11, 12, 13, 14, 15} cam_container
{1, 2, 3, 4, 5, 6, 7, 8, 9, 10, 11, 12, 13, 14, 15} cam_container
=> MSMT17 loaded
Dataset statistics:
  ----------------------------------------
  subset   | # ids | # images | # cameras
  ----------------------------------------
  train    |  1041 |    32621 |        15
  query    |  3060 |    11659 |        15
  gallery  |  3060 |    82161 |        15
  ----------------------------------------
Initializing SinpleVAE model
============Warning! No projection layer is used in Training!=================
============Warning! Using Defalt Linear 1280 to intialize!=================
Model size: 13.27571M
Initialized classifier with feature_dim: 1280, num_classes: 1041
Classifier size: 1.33352M
reid_projector.weight is tuneable
i2t_projector.weight is tuneable
i2t_projector.bias is tuneable
=> Start Training second stage model
Loading checkpoint from '/data/zhengwei/CVAE/outputs/msmt17/clipreid_simplevae_base/2024-08-31/baseMSMT17_SimpleVAE_128+64z_1e3_60+120_KLtotalZ_noCLS/checkpoint_ep120.pth.tar'
Loading all parameter:  encoder.0.weight
Loading all parameter:  encoder.0.bias
Loading all parameter:  encoder.1.weight
Loading all parameter:  encoder.1.bias
Loading all parameter:  encoder.1.running_mean
Loading all parameter:  encoder.1.running_var
Loading all parameter:  encoder.1.num_batches_tracked
Loading all parameter:  fc_mu.0.weight
Loading all parameter:  fc_mu.0.bias
Loading all parameter:  fc_logvar.0.weight
Loading all parameter:  fc_logvar.0.bias
Loading all parameter:  decoder.0.weight
Loading all parameter:  decoder.0.bias
Loading all parameter:  decoder.1.weight
Loading all parameter:  decoder.1.bias
Loading all parameter:  decoder.1.running_mean
Loading all parameter:  decoder.1.running_var
Loading all parameter:  decoder.1.num_batches_tracked
Loading all parameter:  decoder.3.weight
Loading all parameter:  decoder.3.bias
Loading all parameter:  u_embedding.gate.0.weight
Loading all parameter:  u_embedding.gate.0.bias
Loading all parameter:  u_embedding.adapters.0.weight
Loading all parameter:  u_embedding.adapters.0.bias
Loading all parameter:  u_embedding.adapters.1.weight
Loading all parameter:  u_embedding.adapters.1.bias
Loading all parameter:  u_embedding.adapters.2.weight
Loading all parameter:  u_embedding.adapters.2.bias
Loading all parameter:  u_embedding.adapters.3.weight
Loading all parameter:  u_embedding.adapters.3.bias
Loading all parameter:  u_embedding.adapters.4.weight
Loading all parameter:  u_embedding.adapters.4.bias
Loading all parameter:  u_embedding.adapters.5.weight
Loading all parameter:  u_embedding.adapters.5.bias
Loading all parameter:  u_embedding.adapters.6.weight
Loading all parameter:  u_embedding.adapters.6.bias
Loading all parameter:  u_embedding.adapters.7.weight
Loading all parameter:  u_embedding.adapters.7.bias
Loading all parameter:  u_embedding.adapters.8.weight
Loading all parameter:  u_embedding.adapters.8.bias
Loading all parameter:  u_embedding.adapters.9.weight
Loading all parameter:  u_embedding.adapters.9.bias
Loading all parameter:  u_embedding.adapters.10.weight
Loading all parameter:  u_embedding.adapters.10.bias
Loading all parameter:  u_embedding.adapters.11.weight
Loading all parameter:  u_embedding.adapters.11.bias
Loading all parameter:  u_embedding.adapters.12.weight
Loading all parameter:  u_embedding.adapters.12.bias
Loading all parameter:  u_embedding.adapters.13.weight
Loading all parameter:  u_embedding.adapters.13.bias
Loading all parameter:  u_embedding.adapters.14.weight
Loading all parameter:  u_embedding.adapters.14.bias
Loading all parameter:  u_embedding.adapters.15.weight
Loading all parameter:  u_embedding.adapters.15.bias
Loading all parameter:  u_embedding.adapters.16.weight
Loading all parameter:  u_embedding.adapters.16.bias
Loading all parameter:  u_embedding.adapters.17.weight
Loading all parameter:  u_embedding.adapters.17.bias
Loading all parameter:  u_embedding.adapters.18.weight
Loading all parameter:  u_embedding.adapters.18.bias
Loading all parameter:  u_embedding.adapters.19.weight
Loading all parameter:  u_embedding.adapters.19.bias
Loading all parameter:  u_embedding.adapters.20.weight
Loading all parameter:  u_embedding.adapters.20.bias
Loading all parameter:  u_embedding.adapters.21.weight
Loading all parameter:  u_embedding.adapters.21.bias
Loading all parameter:  u_embedding.adapters.22.weight
Loading all parameter:  u_embedding.adapters.22.bias
Loading all parameter:  u_embedding.adapters.23.weight
Loading all parameter:  u_embedding.adapters.23.bias
Loading all parameter:  u_embedding.adapters.24.weight
Loading all parameter:  u_embedding.adapters.24.bias
Loading all parameter:  u_embedding.adapters.25.weight
Loading all parameter:  u_embedding.adapters.25.bias
Loading all parameter:  u_embedding.adapters.26.weight
Loading all parameter:  u_embedding.adapters.26.bias
Loading all parameter:  u_embedding.adapters.27.weight
Loading all parameter:  u_embedding.adapters.27.bias
Loading all parameter:  u_embedding.adapters.28.weight
Loading all parameter:  u_embedding.adapters.28.bias
Loading all parameter:  u_embedding.adapters.29.weight
Loading all parameter:  u_embedding.adapters.29.bias
Loading all parameter:  u_embedding.adapters.30.weight
Loading all parameter:  u_embedding.adapters.30.bias
Loading all parameter:  u_embedding.adapters.31.weight
Loading all parameter:  u_embedding.adapters.31.bias
Loading all parameter:  u_embedding.adapters.32.weight
Loading all parameter:  u_embedding.adapters.32.bias
Loading all parameter:  u_embedding.adapters.33.weight
Loading all parameter:  u_embedding.adapters.33.bias
Loading all parameter:  u_embedding.adapters.34.weight
Loading all parameter:  u_embedding.adapters.34.bias
Loading all parameter:  u_embedding.adapters.35.weight
Loading all parameter:  u_embedding.adapters.35.bias
Loading all parameter:  u_embedding.adapters.36.weight
Loading all parameter:  u_embedding.adapters.36.bias
Loading all parameter:  u_embedding.adapters.37.weight
Loading all parameter:  u_embedding.adapters.37.bias
Loading all parameter:  u_embedding.adapters.38.weight
Loading all parameter:  u_embedding.adapters.38.bias
Loading all parameter:  u_embedding.adapters.39.weight
Loading all parameter:  u_embedding.adapters.39.bias
Loading all parameter:  u_embedding.adapters.40.weight
Loading all parameter:  u_embedding.adapters.40.bias
Loading all parameter:  u_embedding.adapters.41.weight
Loading all parameter:  u_embedding.adapters.41.bias
Loading all parameter:  u_embedding.adapters.42.weight
Loading all parameter:  u_embedding.adapters.42.bias
Loading all parameter:  u_embedding.adapters.43.weight
Loading all parameter:  u_embedding.adapters.43.bias
Loading all parameter:  u_embedding.adapters.44.weight
Loading all parameter:  u_embedding.adapters.44.bias
Loading all parameter:  u_embedding.adapters.45.weight
Loading all parameter:  u_embedding.adapters.45.bias
Loading all parameter:  u_embedding.adapters.46.weight
Loading all parameter:  u_embedding.adapters.46.bias
Loading all parameter:  u_embedding.adapters.47.weight
Loading all parameter:  u_embedding.adapters.47.bias
Loading all parameter:  u_embedding.adapters.48.weight
Loading all parameter:  u_embedding.adapters.48.bias
Loading all parameter:  u_embedding.adapters.49.weight
Loading all parameter:  u_embedding.adapters.49.bias
Loading all parameter:  u_embedding.adapters.50.weight
Loading all parameter:  u_embedding.adapters.50.bias
Loading all parameter:  u_embedding.adapters.51.weight
Loading all parameter:  u_embedding.adapters.51.bias
Loading all parameter:  u_embedding.adapters.52.weight
Loading all parameter:  u_embedding.adapters.52.bias
Loading all parameter:  u_embedding.adapters.53.weight
Loading all parameter:  u_embedding.adapters.53.bias
Loading all parameter:  u_embedding.adapters.54.weight
Loading all parameter:  u_embedding.adapters.54.bias
Loading all parameter:  u_embedding.adapters.55.weight
Loading all parameter:  u_embedding.adapters.55.bias
Loading all parameter:  u_embedding.adapters.56.weight
Loading all parameter:  u_embedding.adapters.56.bias
Loading all parameter:  u_embedding.adapters.57.weight
Loading all parameter:  u_embedding.adapters.57.bias
Loading all parameter:  u_embedding.adapters.58.weight
Loading all parameter:  u_embedding.adapters.58.bias
Loading all parameter:  u_embedding.adapters.59.weight
Loading all parameter:  u_embedding.adapters.59.bias
Loading all parameter:  u_embedding.adapters.60.weight
Loading all parameter:  u_embedding.adapters.60.bias
Loading all parameter:  u_embedding.adapters.61.weight
Loading all parameter:  u_embedding.adapters.61.bias
Loading all parameter:  u_embedding.adapters.62.weight
Loading all parameter:  u_embedding.adapters.62.bias
Loading all parameter:  u_embedding.adapters.63.weight
Loading all parameter:  u_embedding.adapters.63.bias
Loading all parameter:  u_embedding.adapters.64.weight
Loading all parameter:  u_embedding.adapters.64.bias
Loading all parameter:  u_embedding.adapters.65.weight
Loading all parameter:  u_embedding.adapters.65.bias
Loading all parameter:  u_embedding.adapters.66.weight
Loading all parameter:  u_embedding.adapters.66.bias
Loading all parameter:  u_embedding.adapters.67.weight
Loading all parameter:  u_embedding.adapters.67.bias
Loading all parameter:  u_embedding.adapters.68.weight
Loading all parameter:  u_embedding.adapters.68.bias
Loading all parameter:  u_embedding.adapters.69.weight
Loading all parameter:  u_embedding.adapters.69.bias
Loading all parameter:  u_embedding.adapters.70.weight
Loading all parameter:  u_embedding.adapters.70.bias
Loading all parameter:  u_embedding.adapters.71.weight
Loading all parameter:  u_embedding.adapters.71.bias
Loading all parameter:  u_embedding.adapters.72.weight
Loading all parameter:  u_embedding.adapters.72.bias
Loading all parameter:  u_embedding.adapters.73.weight
Loading all parameter:  u_embedding.adapters.73.bias
Loading all parameter:  u_embedding.adapters.74.weight
Loading all parameter:  u_embedding.adapters.74.bias
Loading all parameter:  u_embedding.adapters.75.weight
Loading all parameter:  u_embedding.adapters.75.bias
Loading all parameter:  u_embedding.adapters.76.weight
Loading all parameter:  u_embedding.adapters.76.bias
Loading all parameter:  u_embedding.adapters.77.weight
Loading all parameter:  u_embedding.adapters.77.bias
Loading all parameter:  u_embedding.adapters.78.weight
Loading all parameter:  u_embedding.adapters.78.bias
Loading all parameter:  u_embedding.adapters.79.weight
Loading all parameter:  u_embedding.adapters.79.bias
Loading all parameter:  u_embedding.adapters.80.weight
Loading all parameter:  u_embedding.adapters.80.bias
Loading all parameter:  u_embedding.adapters.81.weight
Loading all parameter:  u_embedding.adapters.81.bias
Loading all parameter:  u_embedding.adapters.82.weight
Loading all parameter:  u_embedding.adapters.82.bias
Loading all parameter:  u_embedding.adapters.83.weight
Loading all parameter:  u_embedding.adapters.83.bias
Loading all parameter:  u_embedding.adapters.84.weight
Loading all parameter:  u_embedding.adapters.84.bias
Loading all parameter:  u_embedding.adapters.85.weight
Loading all parameter:  u_embedding.adapters.85.bias
Loading all parameter:  u_embedding.adapters.86.weight
Loading all parameter:  u_embedding.adapters.86.bias
Loading all parameter:  u_embedding.adapters.87.weight
Loading all parameter:  u_embedding.adapters.87.bias
Loading all parameter:  u_embedding.adapters.88.weight
Loading all parameter:  u_embedding.adapters.88.bias
Loading all parameter:  u_embedding.adapters.89.weight
Loading all parameter:  u_embedding.adapters.89.bias
Loading all parameter:  u_embedding.adapters.90.weight
Loading all parameter:  u_embedding.adapters.90.bias
Loading all parameter:  u_embedding.adapters.91.weight
Loading all parameter:  u_embedding.adapters.91.bias
Loading all parameter:  u_embedding.adapters.92.weight
Loading all parameter:  u_embedding.adapters.92.bias
Loading all parameter:  u_embedding.adapters.93.weight
Loading all parameter:  u_embedding.adapters.93.bias
Loading all parameter:  u_embedding.adapters.94.weight
Loading all parameter:  u_embedding.adapters.94.bias
Loading all parameter:  u_embedding.adapters.95.weight
Loading all parameter:  u_embedding.adapters.95.bias
Loading all parameter:  u_embedding.adapters.96.weight
Loading all parameter:  u_embedding.adapters.96.bias
Loading all parameter:  u_embedding.adapters.97.weight
Loading all parameter:  u_embedding.adapters.97.bias
Loading all parameter:  u_embedding.adapters.98.weight
Loading all parameter:  u_embedding.adapters.98.bias
Loading all parameter:  u_embedding.adapters.99.weight
Loading all parameter:  u_embedding.adapters.99.bias
Loading all parameter:  u_embedding.adapters.100.weight
Loading all parameter:  u_embedding.adapters.100.bias
Loading all parameter:  u_embedding.adapters.101.weight
Loading all parameter:  u_embedding.adapters.101.bias
Loading all parameter:  u_embedding.adapters.102.weight
Loading all parameter:  u_embedding.adapters.102.bias
Loading all parameter:  u_embedding.adapters.103.weight
Loading all parameter:  u_embedding.adapters.103.bias
Loading all parameter:  u_embedding.adapters.104.weight
Loading all parameter:  u_embedding.adapters.104.bias
Loading all parameter:  u_embedding.adapters.105.weight
Loading all parameter:  u_embedding.adapters.105.bias
Loading all parameter:  u_embedding.adapters.106.weight
Loading all parameter:  u_embedding.adapters.106.bias
Loading all parameter:  u_embedding.adapters.107.weight
Loading all parameter:  u_embedding.adapters.107.bias
Loading all parameter:  u_embedding.adapters.108.weight
Loading all parameter:  u_embedding.adapters.108.bias
Loading all parameter:  u_embedding.adapters.109.weight
Loading all parameter:  u_embedding.adapters.109.bias
Loading all parameter:  u_embedding.adapters.110.weight
Loading all parameter:  u_embedding.adapters.110.bias
Loading all parameter:  u_embedding.adapters.111.weight
Loading all parameter:  u_embedding.adapters.111.bias
Loading all parameter:  u_embedding.adapters.112.weight
Loading all parameter:  u_embedding.adapters.112.bias
Loading all parameter:  u_embedding.adapters.113.weight
Loading all parameter:  u_embedding.adapters.113.bias
Loading all parameter:  u_embedding.adapters.114.weight
Loading all parameter:  u_embedding.adapters.114.bias
Loading all parameter:  u_embedding.adapters.115.weight
Loading all parameter:  u_embedding.adapters.115.bias
Loading all parameter:  u_embedding.adapters.116.weight
Loading all parameter:  u_embedding.adapters.116.bias
Loading all parameter:  u_embedding.adapters.117.weight
Loading all parameter:  u_embedding.adapters.117.bias
Loading all parameter:  u_embedding.adapters.118.weight
Loading all parameter:  u_embedding.adapters.118.bias
Loading all parameter:  u_embedding.adapters.119.weight
Loading all parameter:  u_embedding.adapters.119.bias
Loading all parameter:  u_embedding.adapters.120.weight
Loading all parameter:  u_embedding.adapters.120.bias
Loading all parameter:  u_embedding.adapters.121.weight
Loading all parameter:  u_embedding.adapters.121.bias
Loading all parameter:  u_embedding.adapters.122.weight
Loading all parameter:  u_embedding.adapters.122.bias
Loading all parameter:  u_embedding.adapters.123.weight
Loading all parameter:  u_embedding.adapters.123.bias
Loading all parameter:  u_embedding.adapters.124.weight
Loading all parameter:  u_embedding.adapters.124.bias
Loading all parameter:  u_embedding.adapters.125.weight
Loading all parameter:  u_embedding.adapters.125.bias
Loading all parameter:  u_embedding.adapters.126.weight
Loading all parameter:  u_embedding.adapters.126.bias
Loading all parameter:  u_embedding.adapters.127.weight
Loading all parameter:  u_embedding.adapters.127.bias
Loading all parameter:  zs_embedding.0.weight
Loading all parameter:  zs_embedding.0.bias
Loading all parameter:  reid_projector.weight
Ignores parameter:  reid_projector.weight
Loading all parameter:  i2t_projector.weight
Ignores parameter:  i2t_projector.weight
Loading all parameter:  i2t_projector.bias
Ignores parameter:  i2t_projector.bias
orginal best rank1 = 0.7652457329101982
=> Start evaluation only 
==========Test with latent_z: z_c =========
Extracted features for query set, obtained torch.Size([11659, 1280]) matrix
Extracted features for gallery set, obtained torch.Size([82161, 1280]) matrix
Extracting features complete in 0m 20s
Distance computing in 0m 26s
Positive values in distance matrix: 17361938
Negative values in distance matrix: 940553161
Adjusted 0 distances
Results ---------------------------------------------------
top1:75.6% top5:86.4% top10:89.8% top20:92.3% mAP:52.2%
-----------------------------------------------------------
Classification accuracy before cls-ranking: 61.1%
query accuracy after cls-ranking: 0.0%
gallery accuracy after cls-ranking: 0.0%
Classification accuracy after cls-ranking: 61.1%
query accuracy after cls-ranking: 0.0%
gallery accuracy after cls-ranking: 0.0%
Using 1m 24s
Classifier results ---------------------------------------------------
Query acc: 0.0% Gallery acc: 0.0% Total acc: 0.0%
=> Start training
Epoch:1 Time:79.5 Data:0.0 Loss:787.7978 Cls Loss:787.7978 Pair Loss:0.0257 Center Loss:782.8010 KL Loss:88.7361 Recon Loss:0.1337 Acc:0.4098 
=> Current learning rate: 0.000200
Epoch:2 Time:97.5 Data:0.0 Loss:276.3661 Cls Loss:276.3661 Pair Loss:0.0184 Center Loss:273.5820 KL Loss:86.6036 Recon Loss:0.1337 Acc:0.8394 
=> Current learning rate: 0.000400
Epoch:3 Time:92.5 Data:0.0 Loss:124.7560 Cls Loss:124.7560 Pair Loss:0.0179 Center Loss:122.8591 KL Loss:84.4706 Recon Loss:0.1337 Acc:0.9749 
=> Current learning rate: 0.000600
Epoch:4 Time:115.3 Data:0.0 Loss:63.7014 Cls Loss:63.7014 Pair Loss:0.0191 Center Loss:62.1065 KL Loss:82.3510 Recon Loss:0.1337 Acc:0.9847 
=> Current learning rate: 0.000800
Epoch:5 Time:96.0 Data:0.0 Loss:35.5428 Cls Loss:35.5428 Pair Loss:0.0192 Center Loss:34.1727 KL Loss:80.2099 Recon Loss:0.1337 Acc:0.9827 
=> Test at epoch 5
==========Test with latent_z: z_c =========
Extracted features for query set, obtained torch.Size([11659, 1280]) matrix
Extracted features for gallery set, obtained torch.Size([82161, 1280]) matrix
Extracting features complete in 0m 31s
Distance computing in 0m 48s
Positive values in distance matrix: 291744696
Negative values in distance matrix: 666170402
Adjusted 0 distances
Results ---------------------------------------------------
top1:79.9% top5:89.1% top10:91.7% top20:93.8% mAP:59.0%
-----------------------------------------------------------
Classification accuracy before cls-ranking: 59.8%
query accuracy after cls-ranking: 0.0%
gallery accuracy after cls-ranking: 0.0%
Classification accuracy after cls-ranking: 59.8%
query accuracy after cls-ranking: 0.0%
gallery accuracy after cls-ranking: 0.0%
Using 3m 3s
Classifier results ---------------------------------------------------
Query acc: 0.0% Gallery acc: 0.0% Total acc: 0.0%
=> Current learning rate: 0.001000
Epoch:6 Time:120.1 Data:0.0 Loss:21.1546 Cls Loss:21.1546 Pair Loss:0.0192 Center Loss:20.0269 KL Loss:78.0780 Recon Loss:0.1337 Acc:0.9842 
=> Current learning rate: 0.001000
Epoch:7 Time:100.2 Data:0.0 Loss:13.3424 Cls Loss:13.3424 Pair Loss:0.0191 Center Loss:12.3944 KL Loss:75.9462 Recon Loss:0.1337 Acc:0.9861 
=> Current learning rate: 0.001000
Epoch:8 Time:127.5 Data:0.0 Loss:8.9045 Cls Loss:8.9045 Pair Loss:0.0194 Center Loss:8.0897 KL Loss:73.8078 Recon Loss:0.1337 Acc:0.9874 
=> Current learning rate: 0.001000
Epoch:9 Time:143.1 Data:0.0 Loss:6.2514 Cls Loss:6.2514 Pair Loss:0.0209 Center Loss:5.5400 KL Loss:71.6829 Recon Loss:0.1337 Acc:0.9880 
=> Current learning rate: 0.001000
Epoch:10 Time:132.2 Data:0.0 Loss:4.5930 Cls Loss:4.5930 Pair Loss:0.0213 Center Loss:3.9661 KL Loss:69.9537 Recon Loss:0.1337 Acc:0.9880 
=> Test at epoch 10
==========Test with latent_z: z_c =========
Extracted features for query set, obtained torch.Size([11659, 1280]) matrix
Extracted features for gallery set, obtained torch.Size([82161, 1280]) matrix
Extracting features complete in 0m 24s
Distance computing in 0m 40s
Positive values in distance matrix: 226830953
Negative values in distance matrix: 731084145
Adjusted 0 distances
Results ---------------------------------------------------
top1:79.9% top5:89.3% top10:91.8% top20:93.8% mAP:59.0%
-----------------------------------------------------------
Classification accuracy before cls-ranking: 59.2%
query accuracy after cls-ranking: 0.0%
gallery accuracy after cls-ranking: 0.0%
Classification accuracy after cls-ranking: 59.2%
query accuracy after cls-ranking: 0.0%
gallery accuracy after cls-ranking: 0.0%
Using 1m 46s
Classifier results ---------------------------------------------------
Query acc: 0.0% Gallery acc: 0.0% Total acc: 0.0%
=> Current learning rate: 0.001000
Epoch:11 Time:130.1 Data:0.0 Loss:3.5086 Cls Loss:3.5086 Pair Loss:0.0213 Center Loss:2.9522 KL Loss:69.7973 Recon Loss:0.1337 Acc:0.9880 
=> Current learning rate: 0.001000
Epoch:12 Time:153.6 Data:0.0 Loss:2.7875 Cls Loss:2.7875 Pair Loss:0.0225 Center Loss:2.2851 KL Loss:69.8016 Recon Loss:0.1337 Acc:0.9886 
=> Current learning rate: 0.001000
Epoch:13 Time:131.5 Data:0.0 Loss:2.2748 Cls Loss:2.2748 Pair Loss:0.0239 Center Loss:1.8188 KL Loss:69.7979 Recon Loss:0.1337 Acc:0.9885 
=> Current learning rate: 0.001000
Epoch:14 Time:98.6 Data:0.0 Loss:1.9089 Cls Loss:1.9089 Pair Loss:0.0240 Center Loss:1.4948 KL Loss:69.8059 Recon Loss:0.1337 Acc:0.9887 
=> Current learning rate: 0.001000
Epoch:15 Time:92.0 Data:0.0 Loss:1.6406 Cls Loss:1.6406 Pair Loss:0.0245 Center Loss:1.2596 KL Loss:69.7974 Recon Loss:0.1337 Acc:0.9893 
=> Test at epoch 15
==========Test with latent_z: z_c =========
Extracted features for query set, obtained torch.Size([11659, 1280]) matrix
Extracted features for gallery set, obtained torch.Size([82161, 1280]) matrix
Extracting features complete in 0m 21s
Distance computing in 0m 43s
Positive values in distance matrix: 146916096
Negative values in distance matrix: 810999002
Adjusted 0 distances
Results ---------------------------------------------------
top1:79.8% top5:89.1% top10:91.8% top20:93.8% mAP:58.5%
-----------------------------------------------------------
Classification accuracy before cls-ranking: 58.6%
query accuracy after cls-ranking: 0.0%
gallery accuracy after cls-ranking: 0.0%
Classification accuracy after cls-ranking: 58.6%
query accuracy after cls-ranking: 0.0%
gallery accuracy after cls-ranking: 0.0%
Using 3m 35s
Classifier results ---------------------------------------------------
Query acc: 0.0% Gallery acc: 0.0% Total acc: 0.0%
=> Current learning rate: 0.001000
Epoch:16 Time:102.8 Data:0.0 Loss:1.4414 Cls Loss:1.4414 Pair Loss:0.0265 Center Loss:1.0862 KL Loss:69.7887 Recon Loss:0.1337 Acc:0.9895 
=> Current learning rate: 0.001000
Epoch:17 Time:99.8 Data:0.0 Loss:1.2803 Cls Loss:1.2803 Pair Loss:0.0260 Center Loss:0.9503 KL Loss:69.8003 Recon Loss:0.1337 Acc:0.9887 
=> Current learning rate: 0.001000
Epoch:18 Time:133.9 Data:0.0 Loss:1.1565 Cls Loss:1.1565 Pair Loss:0.0281 Center Loss:0.8434 KL Loss:69.8055 Recon Loss:0.1337 Acc:0.9885 
=> Current learning rate: 0.001000
Epoch:19 Time:143.8 Data:0.0 Loss:1.0526 Cls Loss:1.0526 Pair Loss:0.0284 Center Loss:0.7596 KL Loss:69.7999 Recon Loss:0.1337 Acc:0.9897 
=> Current learning rate: 0.001000
Epoch:20 Time:127.0 Data:0.0 Loss:0.9794 Cls Loss:0.9794 Pair Loss:0.0278 Center Loss:0.6996 KL Loss:69.7995 Recon Loss:0.1337 Acc:0.9887 
=> Test at epoch 20
==========Test with latent_z: z_c =========
Extracted features for query set, obtained torch.Size([11659, 1280]) matrix
Extracted features for gallery set, obtained torch.Size([82161, 1280]) matrix
Extracting features complete in 0m 29s
Distance computing in 0m 32s
Positive values in distance matrix: 106137532
Negative values in distance matrix: 851777566
Adjusted 0 distances
Results ---------------------------------------------------
top1:79.9% top5:89.3% top10:91.8% top20:93.9% mAP:58.4%
-----------------------------------------------------------
Classification accuracy before cls-ranking: 58.0%
query accuracy after cls-ranking: 0.1%
gallery accuracy after cls-ranking: 0.0%
Classification accuracy after cls-ranking: 58.0%
query accuracy after cls-ranking: 0.1%
gallery accuracy after cls-ranking: 0.0%
Using 1m 57s
Classifier results ---------------------------------------------------
Query acc: 0.1% Gallery acc: 0.0% Total acc: 0.0%
=> Current learning rate: 0.001000
Epoch:21 Time:132.8 Data:0.0 Loss:0.9021 Cls Loss:0.9021 Pair Loss:0.0275 Center Loss:0.6409 KL Loss:69.7988 Recon Loss:0.1337 Acc:0.9897 
=> Current learning rate: 0.001000
Epoch:22 Time:144.4 Data:0.0 Loss:0.8454 Cls Loss:0.8454 Pair Loss:0.0289 Center Loss:0.5945 KL Loss:69.7993 Recon Loss:0.1337 Acc:0.9901 
=> Current learning rate: 0.001000
Epoch:23 Time:101.7 Data:0.0 Loss:0.8000 Cls Loss:0.8000 Pair Loss:0.0294 Center Loss:0.5575 KL Loss:69.7922 Recon Loss:0.1337 Acc:0.9892 
=> Current learning rate: 0.001000
Epoch:24 Time:89.3 Data:0.0 Loss:0.7454 Cls Loss:0.7454 Pair Loss:0.0303 Center Loss:0.5203 KL Loss:69.7960 Recon Loss:0.1337 Acc:0.9906 
=> Current learning rate: 0.001000
Epoch:25 Time:88.1 Data:0.0 Loss:0.7199 Cls Loss:0.7199 Pair Loss:0.0303 Center Loss:0.4959 KL Loss:69.8058 Recon Loss:0.1337 Acc:0.9897 
=> Test at epoch 25
==========Test with latent_z: z_c =========
Extracted features for query set, obtained torch.Size([11659, 1280]) matrix
Extracted features for gallery set, obtained torch.Size([82161, 1280]) matrix
Extracting features complete in 0m 22s
Distance computing in 0m 56s
Positive values in distance matrix: 63144835
Negative values in distance matrix: 894770264
Adjusted 0 distances
Results ---------------------------------------------------
top1:80.1% top5:89.4% top10:92.0% top20:94.0% mAP:58.9%
-----------------------------------------------------------
Classification accuracy before cls-ranking: 58.2%
query accuracy after cls-ranking: 0.0%
gallery accuracy after cls-ranking: 0.0%
Classification accuracy after cls-ranking: 58.2%
query accuracy after cls-ranking: 0.0%
gallery accuracy after cls-ranking: 0.0%
Using 3m 42s
Classifier results ---------------------------------------------------
Query acc: 0.0% Gallery acc: 0.0% Total acc: 0.0%
=> Current learning rate: 0.001000
Epoch:26 Time:89.5 Data:0.0 Loss:0.6935 Cls Loss:0.6935 Pair Loss:0.0311 Center Loss:0.4759 KL Loss:69.7962 Recon Loss:0.1337 Acc:0.9899 
=> Current learning rate: 0.001000
Epoch:27 Time:109.5 Data:0.0 Loss:0.6701 Cls Loss:0.6701 Pair Loss:0.0310 Center Loss:0.4578 KL Loss:69.8058 Recon Loss:0.1337 Acc:0.9887 
=> Current learning rate: 0.001000
Epoch:28 Time:153.7 Data:0.0 Loss:0.6435 Cls Loss:0.6435 Pair Loss:0.0305 Center Loss:0.4386 KL Loss:69.8000 Recon Loss:0.1337 Acc:0.9883 
=> Current learning rate: 0.001000
Epoch:29 Time:148.7 Data:0.0 Loss:0.6214 Cls Loss:0.6214 Pair Loss:0.0297 Center Loss:0.4230 KL Loss:69.7929 Recon Loss:0.1337 Acc:0.9897 
=> Current learning rate: 0.001000
Epoch:30 Time:94.0 Data:0.0 Loss:0.5935 Cls Loss:0.5935 Pair Loss:0.0290 Center Loss:0.4061 KL Loss:69.8106 Recon Loss:0.1337 Acc:0.9901 
=> Test at epoch 30
==========Test with latent_z: z_c =========
Extracted features for query set, obtained torch.Size([11659, 1280]) matrix
Extracted features for gallery set, obtained torch.Size([82161, 1280]) matrix
Extracting features complete in 0m 17s
Distance computing in 0m 27s
Positive values in distance matrix: 34933250
Negative values in distance matrix: 922981848
Adjusted 0 distances
Results ---------------------------------------------------
top1:80.6% top5:89.6% top10:91.9% top20:93.8% mAP:59.3%
-----------------------------------------------------------
Classification accuracy before cls-ranking: 58.5%
query accuracy after cls-ranking: 0.0%
gallery accuracy after cls-ranking: 0.0%
Classification accuracy after cls-ranking: 58.5%
query accuracy after cls-ranking: 0.0%
gallery accuracy after cls-ranking: 0.0%
Using 2m 44s
Classifier results ---------------------------------------------------
Query acc: 0.0% Gallery acc: 0.0% Total acc: 0.0%
=> Current learning rate: 0.001000
Epoch:31 Time:144.2 Data:0.0 Loss:0.5816 Cls Loss:0.5816 Pair Loss:0.0297 Center Loss:0.3947 KL Loss:69.8006 Recon Loss:0.1337 Acc:0.9895 
=> Current learning rate: 0.001000
Epoch:32 Time:116.9 Data:0.0 Loss:0.5801 Cls Loss:0.5801 Pair Loss:0.0288 Center Loss:0.3917 KL Loss:69.7972 Recon Loss:0.1337 Acc:0.9881 
=> Current learning rate: 0.001000
Epoch:33 Time:94.9 Data:0.0 Loss:0.5456 Cls Loss:0.5456 Pair Loss:0.0287 Center Loss:0.3715 KL Loss:69.8083 Recon Loss:0.1337 Acc:0.9905 
=> Current learning rate: 0.001000
Epoch:34 Time:93.2 Data:0.0 Loss:0.5317 Cls Loss:0.5317 Pair Loss:0.0273 Center Loss:0.3607 KL Loss:69.8000 Recon Loss:0.1337 Acc:0.9885 
=> Current learning rate: 0.001000
Epoch:35 Time:131.6 Data:0.0 Loss:0.5338 Cls Loss:0.5338 Pair Loss:0.0276 Center Loss:0.3610 KL Loss:69.7924 Recon Loss:0.1337 Acc:0.9887 
=> Test at epoch 35
==========Test with latent_z: z_c =========
Extracted features for query set, obtained torch.Size([11659, 1280]) matrix
Extracted features for gallery set, obtained torch.Size([82161, 1280]) matrix
Extracting features complete in 0m 27s
Distance computing in 0m 49s
Positive values in distance matrix: 24637423
Negative values in distance matrix: 933277676
Adjusted 0 distances
Results ---------------------------------------------------
top1:80.8% top5:89.7% top10:92.1% top20:94.1% mAP:59.8%
-----------------------------------------------------------
Classification accuracy before cls-ranking: 58.6%
query accuracy after cls-ranking: 0.0%
gallery accuracy after cls-ranking: 0.0%
Classification accuracy after cls-ranking: 58.6%
query accuracy after cls-ranking: 0.0%
gallery accuracy after cls-ranking: 0.0%
Using 2m 44s
Classifier results ---------------------------------------------------
Query acc: 0.0% Gallery acc: 0.0% Total acc: 0.0%
=> Current learning rate: 0.001000
Epoch:36 Time:111.3 Data:0.0 Loss:0.5084 Cls Loss:0.5084 Pair Loss:0.0273 Center Loss:0.3448 KL Loss:69.7847 Recon Loss:0.1337 Acc:0.9889 
=> Current learning rate: 0.001000
Epoch:37 Time:143.5 Data:0.0 Loss:0.4993 Cls Loss:0.4993 Pair Loss:0.0258 Center Loss:0.3406 KL Loss:69.8093 Recon Loss:0.1337 Acc:0.9891 
=> Current learning rate: 0.001000
Epoch:38 Time:155.2 Data:0.0 Loss:0.4911 Cls Loss:0.4911 Pair Loss:0.0261 Center Loss:0.3338 KL Loss:69.8026 Recon Loss:0.1337 Acc:0.9896 
=> Current learning rate: 0.001000
Epoch:39 Time:107.8 Data:0.0 Loss:0.4716 Cls Loss:0.4716 Pair Loss:0.0255 Center Loss:0.3228 KL Loss:69.8071 Recon Loss:0.1337 Acc:0.9913 
=> Current learning rate: 0.001000
Epoch:40 Time:87.1 Data:0.0 Loss:0.4687 Cls Loss:0.4687 Pair Loss:0.0247 Center Loss:0.3194 KL Loss:69.7990 Recon Loss:0.1337 Acc:0.9889 
=> Test at epoch 40
==========Test with latent_z: z_c =========
Extracted features for query set, obtained torch.Size([11659, 1280]) matrix
Extracted features for gallery set, obtained torch.Size([82161, 1280]) matrix
Extracting features complete in 0m 20s
Distance computing in 0m 25s
Positive values in distance matrix: 11228009
Negative values in distance matrix: 946687090
Adjusted 0 distances
Results ---------------------------------------------------
top1:80.7% top5:89.8% top10:92.2% top20:94.2% mAP:60.1%
-----------------------------------------------------------
Classification accuracy before cls-ranking: 56.9%
query accuracy after cls-ranking: 0.0%
gallery accuracy after cls-ranking: 0.0%
Classification accuracy after cls-ranking: 56.9%
query accuracy after cls-ranking: 0.0%
gallery accuracy after cls-ranking: 0.0%
Using 4m 3s
Classifier results ---------------------------------------------------
Query acc: 0.0% Gallery acc: 0.0% Total acc: 0.0%
=> Current learning rate: 0.001000
Epoch:41 Time:103.4 Data:0.0 Loss:0.4474 Cls Loss:0.4474 Pair Loss:0.0232 Center Loss:0.3084 KL Loss:69.8032 Recon Loss:0.1337 Acc:0.9914 
=> Current learning rate: 0.001000
Epoch:42 Time:92.9 Data:0.0 Loss:0.4481 Cls Loss:0.4481 Pair Loss:0.0230 Center Loss:0.3062 KL Loss:69.8078 Recon Loss:0.1337 Acc:0.9893 
=> Current learning rate: 0.001000
Epoch:43 Time:91.3 Data:0.0 Loss:0.4482 Cls Loss:0.4482 Pair Loss:0.0231 Center Loss:0.3056 KL Loss:69.7973 Recon Loss:0.1337 Acc:0.9899 
=> Current learning rate: 0.001000
Epoch:44 Time:77.2 Data:0.0 Loss:0.4207 Cls Loss:0.4207 Pair Loss:0.0226 Center Loss:0.2900 KL Loss:69.8053 Recon Loss:0.1337 Acc:0.9904 
=> Current learning rate: 0.001000
Epoch:45 Time:76.6 Data:0.0 Loss:0.4212 Cls Loss:0.4212 Pair Loss:0.0221 Center Loss:0.2916 KL Loss:69.7994 Recon Loss:0.1337 Acc:0.9919 
=> Test at epoch 45
==========Test with latent_z: z_c =========
Extracted features for query set, obtained torch.Size([11659, 1280]) matrix
Extracted features for gallery set, obtained torch.Size([82161, 1280]) matrix
Extracting features complete in 0m 16s
Distance computing in 0m 31s
Positive values in distance matrix: 19350867
Negative values in distance matrix: 938564231
Adjusted 0 distances
Results ---------------------------------------------------
top1:80.8% top5:89.9% top10:92.2% top20:94.2% mAP:60.3%
-----------------------------------------------------------
Classification accuracy before cls-ranking: 57.5%
query accuracy after cls-ranking: 0.0%
gallery accuracy after cls-ranking: 0.0%
Classification accuracy after cls-ranking: 57.5%
query accuracy after cls-ranking: 0.0%
gallery accuracy after cls-ranking: 0.0%
Using 1m 25s
Classifier results ---------------------------------------------------
Query acc: 0.0% Gallery acc: 0.0% Total acc: 0.0%
=> Current learning rate: 0.001000
Epoch:46 Time:81.8 Data:0.0 Loss:0.4335 Cls Loss:0.4335 Pair Loss:0.0212 Center Loss:0.2950 KL Loss:69.7966 Recon Loss:0.1337 Acc:0.9890 
=> Current learning rate: 0.001000
Epoch:47 Time:84.8 Data:0.0 Loss:0.4004 Cls Loss:0.4004 Pair Loss:0.0196 Center Loss:0.2787 KL Loss:69.8038 Recon Loss:0.1337 Acc:0.9916 
=> Current learning rate: 0.001000
Epoch:48 Time:79.7 Data:0.0 Loss:0.3928 Cls Loss:0.3928 Pair Loss:0.0200 Center Loss:0.2714 KL Loss:69.8111 Recon Loss:0.1337 Acc:0.9915 
=> Current learning rate: 0.001000
Epoch:49 Time:74.2 Data:0.0 Loss:0.3988 Cls Loss:0.3988 Pair Loss:0.0193 Center Loss:0.2738 KL Loss:69.7999 Recon Loss:0.1337 Acc:0.9904 
=> Current learning rate: 0.001000
Epoch:50 Time:80.2 Data:0.0 Loss:0.3863 Cls Loss:0.3863 Pair Loss:0.0192 Center Loss:0.2676 KL Loss:69.7972 Recon Loss:0.1337 Acc:0.9920 
=> Test at epoch 50
==========Test with latent_z: z_c =========
Extracted features for query set, obtained torch.Size([11659, 1280]) matrix
Extracted features for gallery set, obtained torch.Size([82161, 1280]) matrix
Extracting features complete in 0m 21s
Distance computing in 0m 30s
Positive values in distance matrix: 28706363
Negative values in distance matrix: 929208736
Adjusted 0 distances
Results ---------------------------------------------------
top1:81.1% top5:90.0% top10:92.3% top20:94.1% mAP:60.4%
-----------------------------------------------------------
Classification accuracy before cls-ranking: 57.6%
query accuracy after cls-ranking: 0.0%
gallery accuracy after cls-ranking: 0.0%
Classification accuracy after cls-ranking: 57.6%
query accuracy after cls-ranking: 0.0%
gallery accuracy after cls-ranking: 0.0%
Using 1m 27s
Classifier results ---------------------------------------------------
Query acc: 0.0% Gallery acc: 0.0% Total acc: 0.0%
=> Current learning rate: 0.001000
Epoch:51 Time:82.5 Data:0.0 Loss:0.3723 Cls Loss:0.3723 Pair Loss:0.0192 Center Loss:0.2589 KL Loss:69.8044 Recon Loss:0.1337 Acc:0.9924 
=> Current learning rate: 0.001000
Epoch:52 Time:82.9 Data:0.0 Loss:0.3684 Cls Loss:0.3684 Pair Loss:0.0183 Center Loss:0.2565 KL Loss:69.8039 Recon Loss:0.1337 Acc:0.9909 
=> Current learning rate: 0.001000
Epoch:53 Time:75.8 Data:0.0 Loss:0.3866 Cls Loss:0.3866 Pair Loss:0.0186 Center Loss:0.2628 KL Loss:69.7953 Recon Loss:0.1337 Acc:0.9892 
=> Current learning rate: 0.001000
Epoch:54 Time:75.1 Data:0.0 Loss:0.3593 Cls Loss:0.3593 Pair Loss:0.0164 Center Loss:0.2503 KL Loss:69.8089 Recon Loss:0.1337 Acc:0.9915 
=> Current learning rate: 0.001000
Epoch:55 Time:75.7 Data:0.0 Loss:0.3574 Cls Loss:0.3574 Pair Loss:0.0165 Center Loss:0.2473 KL Loss:69.8081 Recon Loss:0.1337 Acc:0.9908 
=> Test at epoch 55
==========Test with latent_z: z_c =========
Extracted features for query set, obtained torch.Size([11659, 1280]) matrix
Extracted features for gallery set, obtained torch.Size([82161, 1280]) matrix
Extracting features complete in 0m 18s
Distance computing in 0m 30s
Positive values in distance matrix: 15350636
Negative values in distance matrix: 942564463
Adjusted 0 distances
Results ---------------------------------------------------
top1:81.2% top5:90.1% top10:92.4% top20:94.3% mAP:60.5%
-----------------------------------------------------------
Classification accuracy before cls-ranking: 57.4%
query accuracy after cls-ranking: 0.0%
gallery accuracy after cls-ranking: 0.0%
Classification accuracy after cls-ranking: 57.4%
query accuracy after cls-ranking: 0.0%
gallery accuracy after cls-ranking: 0.0%
Using 1m 25s
Classifier results ---------------------------------------------------
Query acc: 0.0% Gallery acc: 0.0% Total acc: 0.0%
=> Current learning rate: 0.001000
Epoch:56 Time:83.0 Data:0.0 Loss:0.3399 Cls Loss:0.3399 Pair Loss:0.0162 Center Loss:0.2401 KL Loss:69.8087 Recon Loss:0.1337 Acc:0.9928 
=> Current learning rate: 0.001000
Epoch:57 Time:85.9 Data:0.0 Loss:0.3545 Cls Loss:0.3545 Pair Loss:0.0165 Center Loss:0.2437 KL Loss:69.7958 Recon Loss:0.1337 Acc:0.9919 
=> Current learning rate: 0.001000
Epoch:58 Time:74.7 Data:0.0 Loss:0.3483 Cls Loss:0.3483 Pair Loss:0.0151 Center Loss:0.2420 KL Loss:69.8013 Recon Loss:0.1337 Acc:0.9916 
=> Current learning rate: 0.001000
Epoch:59 Time:74.6 Data:0.0 Loss:0.3196 Cls Loss:0.3196 Pair Loss:0.0155 Center Loss:0.2262 KL Loss:69.8070 Recon Loss:0.1337 Acc:0.9932 
=> Current learning rate: 0.001000
Epoch:60 Time:78.4 Data:0.0 Loss:0.3290 Cls Loss:0.3290 Pair Loss:0.0147 Center Loss:0.2292 KL Loss:69.8115 Recon Loss:0.1337 Acc:0.9931 
=> Test at epoch 60
==========Test with latent_z: z_c =========
Extracted features for query set, obtained torch.Size([11659, 1280]) matrix
Extracted features for gallery set, obtained torch.Size([82161, 1280]) matrix
Extracting features complete in 0m 18s
Distance computing in 0m 33s
Positive values in distance matrix: 45980197
Negative values in distance matrix: 911934901
Adjusted 0 distances
Results ---------------------------------------------------
top1:81.1% top5:89.9% top10:92.2% top20:94.3% mAP:60.4%
-----------------------------------------------------------
Classification accuracy before cls-ranking: 57.1%
query accuracy after cls-ranking: 0.0%
gallery accuracy after cls-ranking: 0.0%
Classification accuracy after cls-ranking: 57.1%
query accuracy after cls-ranking: 0.0%
gallery accuracy after cls-ranking: 0.0%
Using 1m 23s
Classifier results ---------------------------------------------------
Query acc: 0.0% Gallery acc: 0.0% Total acc: 0.0%
=> Current learning rate: 0.001000
Epoch:61 Time:83.8 Data:0.0 Loss:0.1296 Cls Loss:0.1296 Pair Loss:0.0120 Center Loss:0.0920 KL Loss:69.8030 Recon Loss:0.1337 Acc:0.9989 
=> Current learning rate: 0.000100
Epoch:62 Time:83.4 Data:0.0 Loss:0.1102 Cls Loss:0.1102 Pair Loss:0.0120 Center Loss:0.0803 KL Loss:69.8017 Recon Loss:0.1337 Acc:0.9994 
=> Current learning rate: 0.000100
Epoch:63 Time:76.9 Data:0.0 Loss:0.1062 Cls Loss:0.1062 Pair Loss:0.0120 Center Loss:0.0781 KL Loss:69.8140 Recon Loss:0.1337 Acc:0.9994 
=> Current learning rate: 0.000100
Epoch:64 Time:75.4 Data:0.0 Loss:0.1047 Cls Loss:0.1047 Pair Loss:0.0127 Center Loss:0.0768 KL Loss:69.8068 Recon Loss:0.1337 Acc:0.9994 
=> Current learning rate: 0.000100
Epoch:65 Time:78.3 Data:0.0 Loss:0.1027 Cls Loss:0.1027 Pair Loss:0.0127 Center Loss:0.0754 KL Loss:69.7955 Recon Loss:0.1337 Acc:0.9994 
=> Test at epoch 65
==========Test with latent_z: z_c =========
Extracted features for query set, obtained torch.Size([11659, 1280]) matrix
Extracted features for gallery set, obtained torch.Size([82161, 1280]) matrix
Extracting features complete in 0m 16s
Distance computing in 0m 36s
Positive values in distance matrix: 29725812
Negative values in distance matrix: 928189286
Adjusted 0 distances
Results ---------------------------------------------------
top1:81.6% top5:90.2% top10:92.5% top20:94.4% mAP:61.3%
-----------------------------------------------------------
Classification accuracy before cls-ranking: 56.3%
query accuracy after cls-ranking: 0.0%
gallery accuracy after cls-ranking: 0.0%
Classification accuracy after cls-ranking: 56.3%
query accuracy after cls-ranking: 0.0%
gallery accuracy after cls-ranking: 0.0%
Using 1m 22s
Classifier results ---------------------------------------------------
Query acc: 0.0% Gallery acc: 0.0% Total acc: 0.0%
=> Current learning rate: 0.000100
Epoch:66 Time:78.8 Data:0.0 Loss:0.1009 Cls Loss:0.1009 Pair Loss:0.0126 Center Loss:0.0742 KL Loss:69.8005 Recon Loss:0.1337 Acc:0.9992 
=> Current learning rate: 0.000100
Epoch:67 Time:84.5 Data:0.0 Loss:0.0998 Cls Loss:0.0998 Pair Loss:0.0129 Center Loss:0.0732 KL Loss:69.8039 Recon Loss:0.1337 Acc:0.9994 
=> Current learning rate: 0.000100
Epoch:68 Time:70.9 Data:0.0 Loss:0.0983 Cls Loss:0.0983 Pair Loss:0.0125 Center Loss:0.0722 KL Loss:69.7988 Recon Loss:0.1337 Acc:0.9995 
=> Current learning rate: 0.000100
Epoch:69 Time:69.6 Data:0.0 Loss:0.0966 Cls Loss:0.0966 Pair Loss:0.0126 Center Loss:0.0710 KL Loss:69.7993 Recon Loss:0.1337 Acc:0.9996 
=> Current learning rate: 0.000100
Epoch:70 Time:83.3 Data:0.0 Loss:0.0981 Cls Loss:0.0981 Pair Loss:0.0141 Center Loss:0.0705 KL Loss:69.7979 Recon Loss:0.1337 Acc:0.9994 
=> Test at epoch 70
==========Test with latent_z: z_c =========
Extracted features for query set, obtained torch.Size([11659, 1280]) matrix
Extracted features for gallery set, obtained torch.Size([82161, 1280]) matrix
Extracting features complete in 0m 17s
Distance computing in 0m 27s
Positive values in distance matrix: 25565634
Negative values in distance matrix: 932349465
Adjusted 0 distances
Results ---------------------------------------------------
top1:81.5% top5:90.3% top10:92.5% top20:94.4% mAP:61.2%
-----------------------------------------------------------
Classification accuracy before cls-ranking: 56.4%
query accuracy after cls-ranking: 0.0%
gallery accuracy after cls-ranking: 0.0%
Classification accuracy after cls-ranking: 56.4%
query accuracy after cls-ranking: 0.0%
gallery accuracy after cls-ranking: 0.0%
Using 1m 25s
Classifier results ---------------------------------------------------
Query acc: 0.0% Gallery acc: 0.0% Total acc: 0.0%
=> Current learning rate: 0.000100
Epoch:71 Time:85.5 Data:0.0 Loss:0.0953 Cls Loss:0.0953 Pair Loss:0.0127 Center Loss:0.0692 KL Loss:69.8070 Recon Loss:0.1337 Acc:0.9995 
=> Current learning rate: 0.000100
Epoch:72 Time:82.8 Data:0.0 Loss:0.0953 Cls Loss:0.0953 Pair Loss:0.0131 Center Loss:0.0684 KL Loss:69.8064 Recon Loss:0.1337 Acc:0.9995 
=> Current learning rate: 0.000100
Epoch:73 Time:74.4 Data:0.0 Loss:0.0953 Cls Loss:0.0953 Pair Loss:0.0135 Center Loss:0.0676 KL Loss:69.8055 Recon Loss:0.1337 Acc:0.9994 
=> Current learning rate: 0.000100
Epoch:74 Time:70.8 Data:0.0 Loss:0.0947 Cls Loss:0.0947 Pair Loss:0.0131 Center Loss:0.0670 KL Loss:69.8017 Recon Loss:0.1337 Acc:0.9995 
=> Current learning rate: 0.000100
Epoch:75 Time:83.8 Data:0.0 Loss:0.0948 Cls Loss:0.0948 Pair Loss:0.0134 Center Loss:0.0662 KL Loss:69.8053 Recon Loss:0.1337 Acc:0.9993 
=> Test at epoch 75
==========Test with latent_z: z_c =========
Extracted features for query set, obtained torch.Size([11659, 1280]) matrix
Extracted features for gallery set, obtained torch.Size([82161, 1280]) matrix
Extracting features complete in 0m 22s
Distance computing in 0m 31s
Positive values in distance matrix: 22477335
Negative values in distance matrix: 935437764
Adjusted 0 distances
Results ---------------------------------------------------
top1:81.6% top5:90.3% top10:92.5% top20:94.4% mAP:61.2%
-----------------------------------------------------------
Classification accuracy before cls-ranking: 56.2%
query accuracy after cls-ranking: 0.0%
gallery accuracy after cls-ranking: 0.0%
Classification accuracy after cls-ranking: 56.2%
query accuracy after cls-ranking: 0.0%
gallery accuracy after cls-ranking: 0.0%
Using 1m 22s
Classifier results ---------------------------------------------------
Query acc: 0.0% Gallery acc: 0.0% Total acc: 0.0%
=> Current learning rate: 0.000100
Epoch:76 Time:84.5 Data:0.0 Loss:0.0933 Cls Loss:0.0933 Pair Loss:0.0126 Center Loss:0.0651 KL Loss:69.8041 Recon Loss:0.1337 Acc:0.9994 
=> Current learning rate: 0.000100
Epoch:77 Time:82.1 Data:0.0 Loss:0.0938 Cls Loss:0.0938 Pair Loss:0.0135 Center Loss:0.0646 KL Loss:69.8039 Recon Loss:0.1337 Acc:0.9994 
=> Current learning rate: 0.000100
Epoch:78 Time:75.3 Data:0.0 Loss:0.0926 Cls Loss:0.0926 Pair Loss:0.0129 Center Loss:0.0638 KL Loss:69.7985 Recon Loss:0.1337 Acc:0.9995 
=> Current learning rate: 0.000100
Epoch:79 Time:80.6 Data:0.0 Loss:0.0931 Cls Loss:0.0931 Pair Loss:0.0132 Center Loss:0.0632 KL Loss:69.8085 Recon Loss:0.1337 Acc:0.9993 
=> Current learning rate: 0.000100
Epoch:80 Time:85.1 Data:0.0 Loss:0.0924 Cls Loss:0.0924 Pair Loss:0.0132 Center Loss:0.0626 KL Loss:69.8092 Recon Loss:0.1337 Acc:0.9994 
=> Test at epoch 80
==========Test with latent_z: z_c =========
Extracted features for query set, obtained torch.Size([11659, 1280]) matrix
Extracted features for gallery set, obtained torch.Size([82161, 1280]) matrix
Extracting features complete in 0m 16s
Distance computing in 0m 28s
Positive values in distance matrix: 30400571
Negative values in distance matrix: 927514528
Adjusted 0 distances
Results ---------------------------------------------------
top1:81.5% top5:90.3% top10:92.6% top20:94.4% mAP:61.2%
-----------------------------------------------------------
Classification accuracy before cls-ranking: 56.1%
query accuracy after cls-ranking: 0.0%
gallery accuracy after cls-ranking: 0.0%
Classification accuracy after cls-ranking: 56.1%
query accuracy after cls-ranking: 0.0%
gallery accuracy after cls-ranking: 0.0%
Using 1m 25s
Classifier results ---------------------------------------------------
Query acc: 0.0% Gallery acc: 0.0% Total acc: 0.0%
=> Current learning rate: 0.000100
Epoch:81 Time:81.6 Data:0.0 Loss:0.0932 Cls Loss:0.0932 Pair Loss:0.0139 Center Loss:0.0619 KL Loss:69.8056 Recon Loss:0.1337 Acc:0.9993 
=> Current learning rate: 0.000100
Epoch:82 Time:81.5 Data:0.0 Loss:0.0925 Cls Loss:0.0925 Pair Loss:0.0135 Center Loss:0.0614 KL Loss:69.8089 Recon Loss:0.1337 Acc:0.9993 
=> Current learning rate: 0.000100
Epoch:83 Time:74.5 Data:0.0 Loss:0.0918 Cls Loss:0.0918 Pair Loss:0.0138 Center Loss:0.0608 KL Loss:69.7961 Recon Loss:0.1337 Acc:0.9994 
=> Current learning rate: 0.000100
Epoch:84 Time:82.2 Data:0.0 Loss:0.0913 Cls Loss:0.0913 Pair Loss:0.0136 Center Loss:0.0601 KL Loss:69.8046 Recon Loss:0.1337 Acc:0.9995 
=> Current learning rate: 0.000100
Epoch:85 Time:80.5 Data:0.0 Loss:0.0912 Cls Loss:0.0912 Pair Loss:0.0131 Center Loss:0.0594 KL Loss:69.8059 Recon Loss:0.1337 Acc:0.9994 
=> Test at epoch 85
==========Test with latent_z: z_c =========
Extracted features for query set, obtained torch.Size([11659, 1280]) matrix
Extracted features for gallery set, obtained torch.Size([82161, 1280]) matrix
Extracting features complete in 0m 16s
Distance computing in 0m 24s
Positive values in distance matrix: 34783745
Negative values in distance matrix: 923131354
Adjusted 0 distances
Results ---------------------------------------------------
top1:81.7% top5:90.2% top10:92.5% top20:94.3% mAP:61.2%
-----------------------------------------------------------
Classification accuracy before cls-ranking: 55.8%
query accuracy after cls-ranking: 0.0%
gallery accuracy after cls-ranking: 0.0%
Classification accuracy after cls-ranking: 55.8%
query accuracy after cls-ranking: 0.0%
gallery accuracy after cls-ranking: 0.0%
Using 1m 25s
Classifier results ---------------------------------------------------
Query acc: 0.0% Gallery acc: 0.0% Total acc: 0.0%
=> Current learning rate: 0.000100
Epoch:86 Time:84.8 Data:0.0 Loss:0.0901 Cls Loss:0.0901 Pair Loss:0.0130 Center Loss:0.0588 KL Loss:69.8002 Recon Loss:0.1337 Acc:0.9995 
=> Current learning rate: 0.000100
Epoch:87 Time:78.4 Data:0.0 Loss:0.0905 Cls Loss:0.0905 Pair Loss:0.0136 Center Loss:0.0584 KL Loss:69.7977 Recon Loss:0.1337 Acc:0.9993 
=> Current learning rate: 0.000100
Epoch:88 Time:76.3 Data:0.0 Loss:0.0901 Cls Loss:0.0901 Pair Loss:0.0133 Center Loss:0.0579 KL Loss:69.8034 Recon Loss:0.1337 Acc:0.9994 
=> Current learning rate: 0.000100
Epoch:89 Time:85.4 Data:0.0 Loss:0.0898 Cls Loss:0.0898 Pair Loss:0.0130 Center Loss:0.0573 KL Loss:69.8041 Recon Loss:0.1337 Acc:0.9994 
=> Current learning rate: 0.000100
Epoch:90 Time:86.0 Data:0.0 Loss:0.0908 Cls Loss:0.0908 Pair Loss:0.0141 Center Loss:0.0570 KL Loss:69.7954 Recon Loss:0.1337 Acc:0.9995 
=> Test at epoch 90
==========Test with latent_z: z_c =========
Extracted features for query set, obtained torch.Size([11659, 1280]) matrix
Extracted features for gallery set, obtained torch.Size([82161, 1280]) matrix
Extracting features complete in 0m 14s
Distance computing in 0m 27s
Positive values in distance matrix: 19088169
Negative values in distance matrix: 938826930
Adjusted 0 distances
Results ---------------------------------------------------
top1:81.6% top5:90.2% top10:92.5% top20:94.4% mAP:61.1%
-----------------------------------------------------------
Classification accuracy before cls-ranking: 57.0%
query accuracy after cls-ranking: 0.0%
gallery accuracy after cls-ranking: 0.0%
Classification accuracy after cls-ranking: 57.0%
query accuracy after cls-ranking: 0.0%
gallery accuracy after cls-ranking: 0.0%
Using 1m 27s
Classifier results ---------------------------------------------------
Query acc: 0.0% Gallery acc: 0.0% Total acc: 0.0%
=> Current learning rate: 0.000100
Epoch:91 Time:83.5 Data:0.0 Loss:0.0899 Cls Loss:0.0899 Pair Loss:0.0134 Center Loss:0.0564 KL Loss:69.8023 Recon Loss:0.1337 Acc:0.9993 
=> Current learning rate: 0.000100
Epoch:92 Time:73.7 Data:0.0 Loss:0.0907 Cls Loss:0.0907 Pair Loss:0.0150 Center Loss:0.0560 KL Loss:69.7913 Recon Loss:0.1337 Acc:0.9995 
=> Current learning rate: 0.000100
Epoch:93 Time:72.0 Data:0.0 Loss:0.0892 Cls Loss:0.0892 Pair Loss:0.0133 Center Loss:0.0554 KL Loss:69.8007 Recon Loss:0.1337 Acc:0.9993 
=> Current learning rate: 0.000100
Epoch:94 Time:82.0 Data:0.0 Loss:0.0880 Cls Loss:0.0880 Pair Loss:0.0128 Center Loss:0.0548 KL Loss:69.8031 Recon Loss:0.1337 Acc:0.9994 
=> Current learning rate: 0.000100
Epoch:95 Time:77.6 Data:0.0 Loss:0.0885 Cls Loss:0.0885 Pair Loss:0.0131 Center Loss:0.0544 KL Loss:69.7953 Recon Loss:0.1337 Acc:0.9995 
=> Test at epoch 95
==========Test with latent_z: z_c =========
Extracted features for query set, obtained torch.Size([11659, 1280]) matrix
Extracted features for gallery set, obtained torch.Size([82161, 1280]) matrix
Extracting features complete in 0m 12s
Distance computing in 0m 21s
Positive values in distance matrix: 19256586
Negative values in distance matrix: 938658512
Adjusted 0 distances
Results ---------------------------------------------------
top1:81.7% top5:90.1% top10:92.5% top20:94.3% mAP:61.1%
-----------------------------------------------------------
Classification accuracy before cls-ranking: 56.1%
query accuracy after cls-ranking: 0.0%
gallery accuracy after cls-ranking: 0.0%
Classification accuracy after cls-ranking: 56.1%
query accuracy after cls-ranking: 0.0%
gallery accuracy after cls-ranking: 0.0%
Using 1m 21s
Classifier results ---------------------------------------------------
Query acc: 0.0% Gallery acc: 0.0% Total acc: 0.0%
=> Current learning rate: 0.000100
Epoch:96 Time:86.1 Data:0.0 Loss:0.0885 Cls Loss:0.0885 Pair Loss:0.0134 Center Loss:0.0540 KL Loss:69.7955 Recon Loss:0.1337 Acc:0.9994 
=> Current learning rate: 0.000100
Epoch:97 Time:82.3 Data:0.0 Loss:0.0884 Cls Loss:0.0884 Pair Loss:0.0138 Center Loss:0.0535 KL Loss:69.8021 Recon Loss:0.1337 Acc:0.9993 
=> Current learning rate: 0.000100
Epoch:98 Time:69.8 Data:0.0 Loss:0.0876 Cls Loss:0.0876 Pair Loss:0.0130 Center Loss:0.0532 KL Loss:69.8081 Recon Loss:0.1337 Acc:0.9995 
=> Current learning rate: 0.000100
Epoch:99 Time:74.9 Data:0.0 Loss:0.0889 Cls Loss:0.0889 Pair Loss:0.0138 Center Loss:0.0531 KL Loss:69.8124 Recon Loss:0.1337 Acc:0.9994 
=> Current learning rate: 0.000100
Epoch:100 Time:81.5 Data:0.0 Loss:0.0883 Cls Loss:0.0883 Pair Loss:0.0135 Center Loss:0.0524 KL Loss:69.8075 Recon Loss:0.1337 Acc:0.9994 
=> Test at epoch 100
==========Test with latent_z: z_c =========
Extracted features for query set, obtained torch.Size([11659, 1280]) matrix
Extracted features for gallery set, obtained torch.Size([82161, 1280]) matrix
Extracting features complete in 0m 14s
Distance computing in 0m 29s
Positive values in distance matrix: 14685609
Negative values in distance matrix: 943229488
Adjusted 0 distances
Results ---------------------------------------------------
top1:81.6% top5:90.2% top10:92.6% top20:94.3% mAP:61.2%
-----------------------------------------------------------
Classification accuracy before cls-ranking: 55.9%
query accuracy after cls-ranking: 0.0%
gallery accuracy after cls-ranking: 0.0%
Classification accuracy after cls-ranking: 55.9%
query accuracy after cls-ranking: 0.0%
gallery accuracy after cls-ranking: 0.0%
Using 1m 23s
Classifier results ---------------------------------------------------
Query acc: 0.0% Gallery acc: 0.0% Total acc: 0.0%
=> Current learning rate: 0.000100
Epoch:101 Time:84.0 Data:0.0 Loss:0.0870 Cls Loss:0.0870 Pair Loss:0.0130 Center Loss:0.0518 KL Loss:69.8087 Recon Loss:0.1337 Acc:0.9993 
=> Current learning rate: 0.000100
Epoch:102 Time:78.3 Data:0.0 Loss:0.0865 Cls Loss:0.0865 Pair Loss:0.0130 Center Loss:0.0514 KL Loss:69.8086 Recon Loss:0.1337 Acc:0.9993 
=> Current learning rate: 0.000100
Epoch:103 Time:75.0 Data:0.0 Loss:0.0872 Cls Loss:0.0872 Pair Loss:0.0137 Center Loss:0.0511 KL Loss:69.8049 Recon Loss:0.1337 Acc:0.9994 
=> Current learning rate: 0.000100
Epoch:104 Time:87.2 Data:0.0 Loss:0.0873 Cls Loss:0.0873 Pair Loss:0.0130 Center Loss:0.0509 KL Loss:69.7976 Recon Loss:0.1337 Acc:0.9994 
=> Current learning rate: 0.000100
Epoch:105 Time:79.5 Data:0.0 Loss:0.0854 Cls Loss:0.0854 Pair Loss:0.0122 Center Loss:0.0503 KL Loss:69.8071 Recon Loss:0.1337 Acc:0.9994 
=> Test at epoch 105
==========Test with latent_z: z_c =========
Extracted features for query set, obtained torch.Size([11659, 1280]) matrix
Extracted features for gallery set, obtained torch.Size([82161, 1280]) matrix
Extracting features complete in 0m 13s
Distance computing in 0m 25s
Positive values in distance matrix: 21868441
Negative values in distance matrix: 936046658
Adjusted 0 distances
Results ---------------------------------------------------
top1:81.6% top5:90.0% top10:92.5% top20:94.3% mAP:61.1%
-----------------------------------------------------------
Classification accuracy before cls-ranking: 56.1%
query accuracy after cls-ranking: 0.0%
gallery accuracy after cls-ranking: 0.0%
Classification accuracy after cls-ranking: 56.1%
query accuracy after cls-ranking: 0.0%
gallery accuracy after cls-ranking: 0.0%
Using 1m 34s
Classifier results ---------------------------------------------------
Query acc: 0.0% Gallery acc: 0.0% Total acc: 0.0%
=> Current learning rate: 0.000100
Epoch:106 Time:79.0 Data:0.0 Loss:0.0856 Cls Loss:0.0856 Pair Loss:0.0133 Center Loss:0.0498 KL Loss:69.8064 Recon Loss:0.1337 Acc:0.9995 
=> Current learning rate: 0.000100
Epoch:107 Time:72.6 Data:0.0 Loss:0.0868 Cls Loss:0.0868 Pair Loss:0.0142 Center Loss:0.0496 KL Loss:69.8019 Recon Loss:0.1337 Acc:0.9995 
=> Current learning rate: 0.000100
Epoch:108 Time:73.6 Data:0.0 Loss:0.0864 Cls Loss:0.0864 Pair Loss:0.0133 Center Loss:0.0494 KL Loss:69.8051 Recon Loss:0.1337 Acc:0.9993 
=> Current learning rate: 0.000100
Epoch:109 Time:72.9 Data:0.0 Loss:0.0856 Cls Loss:0.0856 Pair Loss:0.0129 Center Loss:0.0490 KL Loss:69.7990 Recon Loss:0.1337 Acc:0.9994 
=> Current learning rate: 0.000100
Epoch:110 Time:72.5 Data:0.0 Loss:0.0866 Cls Loss:0.0866 Pair Loss:0.0137 Center Loss:0.0488 KL Loss:69.8021 Recon Loss:0.1337 Acc:0.9992 
=> Test at epoch 110
==========Test with latent_z: z_c =========
Extracted features for query set, obtained torch.Size([11659, 1280]) matrix
Extracted features for gallery set, obtained torch.Size([82161, 1280]) matrix
Extracting features complete in 0m 11s
Distance computing in 0m 13s
Positive values in distance matrix: 32265200
Negative values in distance matrix: 925649899
Adjusted 0 distances
Results ---------------------------------------------------
top1:81.4% top5:90.1% top10:92.6% top20:94.4% mAP:61.1%
-----------------------------------------------------------
Classification accuracy before cls-ranking: 56.2%
query accuracy after cls-ranking: 0.0%
gallery accuracy after cls-ranking: 0.0%
Classification accuracy after cls-ranking: 56.2%
query accuracy after cls-ranking: 0.0%
gallery accuracy after cls-ranking: 0.0%
Using 1m 13s
Classifier results ---------------------------------------------------
Query acc: 0.0% Gallery acc: 0.0% Total acc: 0.0%
=> Current learning rate: 0.000100
Epoch:111 Time:69.6 Data:0.0 Loss:0.0851 Cls Loss:0.0851 Pair Loss:0.0136 Center Loss:0.0481 KL Loss:69.8076 Recon Loss:0.1337 Acc:0.9994 
=> Current learning rate: 0.000100
