=> merge config from ./configs/sketchy_categray/clipreid_cvae_kl_novel.yaml
=> Configurations:
-------------------------
AMP: True
AUG:
  RC_PROB: 0.5
  RE_PROB: 0.5
DATA:
  CUHK03_CLASSIC_SPLIT: False
  CUHK03_LABELED: False
  DATASET: sketchy
  FORMAT_TAG: tensor
  HEIGHT: 256
  NUM_INSTANCES: 4
  NUM_WORKERS: 4
  ROOT: /home/zhengwei/my_data/datasets
  SPLIT_ID: 0
  TEST_BATCH: 512
  TRAIN_BATCH: 64
  TRAIN_FORMAT: novel
  WIDTH: 128
EVAL_MODE: False
FEWSHOT:
  ENABLE: True
  EPISODE: 100
  KSHOT: 1
  NWAY: 5
GPU: 1
LOSS:
  CLA_LOSS: crossentropy
  CLA_M: 0.0
  CLA_S: 16.0
  PAIR_LOSS: triplet
  PAIR_M: 0.3
  PAIR_S: 16.0
  RECON_LOSS: mse
  USE_NCE: False
MODEL:
  CONDITIONAL: False
  FEATURE_DIM: 1280
  FEAT_FUSION: False
  FLOW_TYPE: 
  GAUSSIAN: MultivariateNormal
  HIDDEN_DIM: 256
  LATENT_SIZE: 64
  NAME: CVAE
  ONLY_CVAE_KL: False
  ONLY_X_INPUT: False
  PRETRAIN: CLIPreID_Novel_Sketchy
  PROJECTION_TYPE: None
  RES4_STRIDE: 1
  RESUME: /data/zhengwei/CVAE/outputs/sketchy/clipreid_simplevae_base/2024-09-17/baseSketchy_SimpleVAE_128+64z_1e3_60+120_KLtotalZ_noCLS/2nd_stage/2024-09-17/baseSketchy_SimpleVAE_128+64z_1e3_60+120_KLtotalZ_L1280+bnTuneVersion+CLS_Trip+Center+Ce
  STYLE_NUM: 0
  TRAIN_STAGE: klNocls_stage
  USE_CENTROID: False
  USE_TWO_ENCODER: False
  VAE_TYPE: SinpleVAE
  ZC_DIM: 128
  ZS_DIM: 64
OUTPUT: /data/zhengwei/CVAE/outputs/sketchy/clipreid_simplevae_base/novel/2024-09-18/novelSketchy_SimpleVAE_128+64z_1e3_60+120_KLtotalZ_all5w1s_noCLS_forLinear
SAVED_NAME: novelSketchy_SimpleVAE_128+64z_1e3_60+120_KLtotalZ_all5w1s_noCLS_forLinear
SEED: 0
TAG: clipreid_simplevae_base
TEST:
  DISTANCE: cosine
  EVAL_STEP: 5
  START_EVAL: -1
TRAIN:
  AMP: False
  LR_SCHEDULER:
    DECAY_RATE: 0.1
    NAME: MultiStepLR
    STEPSIZE: [30]
  MAX_EPOCH: 60
  OPTIMIZER:
    LR: 0.001
    NAME: adam
    SGDLR: 0.01
    SGD_MOMENTUM: 0.9
    SGD_WEIGHT_DECAY: 0.0005
    WEIGHT_DECAY: 0.0001
  START_EPOCH: 0
----------------------
Initializing dataset sketchy
=> Sketchy dataset loaded
Dataset statistics:
  ----------------------------------------
  subset   | # ids | # images | # cameras
  ----------------------------------------
  train    |    61 |      122 |         1
  query    |    61 |    36636 |         1
  gallery  |    61 |    34245 |         1
  val      |    61 |    70881 |         1
  ----------------------------------------
Initializing SinpleVAE model
============Warning! No projection layer is used in Training!=================
============Warning! Using Defalt Linear 1280 to intialize!=================
Model size: 13.27827M
Using Linear classifier
Initialized classifier with feature_dim: 1280, num_classes: 61
Classifier size: 0.07808M
=> Start tuning the model on Novel data
Loading checkpoint from '/data/zhengwei/CVAE/outputs/sketchy/clipreid_simplevae_base/2024-09-17/baseSketchy_SimpleVAE_128+64z_1e3_60+120_KLtotalZ_noCLS/2nd_stage/2024-09-17/baseSketchy_SimpleVAE_128+64z_1e3_60+120_KLtotalZ_L1280+bnTuneVersion+CLS_Trip+Center+Ce/best_model.pth.tar'
Loading all parameter:  encoder.0.weight
Loading all parameter:  encoder.0.bias
Loading all parameter:  encoder.1.weight
Loading all parameter:  encoder.1.bias
Loading all parameter:  encoder.1.running_mean
Loading all parameter:  encoder.1.running_var
Loading all parameter:  encoder.1.num_batches_tracked
Loading all parameter:  fc_mu.0.weight
Loading all parameter:  fc_mu.0.bias
Loading all parameter:  fc_logvar.0.weight
Loading all parameter:  fc_logvar.0.bias
Loading all parameter:  decoder.0.weight
Loading all parameter:  decoder.0.bias
Loading all parameter:  decoder.1.weight
Loading all parameter:  decoder.1.bias
Loading all parameter:  decoder.1.running_mean
Loading all parameter:  decoder.1.running_var
Loading all parameter:  decoder.1.num_batches_tracked
Loading all parameter:  decoder.3.weight
Loading all parameter:  decoder.3.bias
Loading all parameter:  u_embedding.gate.0.weight
Loading all parameter:  u_embedding.gate.0.bias
Loading all parameter:  u_embedding.adapters.0.weight
Loading all parameter:  u_embedding.adapters.0.bias
Loading all parameter:  u_embedding.adapters.1.weight
Loading all parameter:  u_embedding.adapters.1.bias
Loading all parameter:  u_embedding.adapters.2.weight
Loading all parameter:  u_embedding.adapters.2.bias
Loading all parameter:  u_embedding.adapters.3.weight
Loading all parameter:  u_embedding.adapters.3.bias
Loading all parameter:  u_embedding.adapters.4.weight
Loading all parameter:  u_embedding.adapters.4.bias
Loading all parameter:  u_embedding.adapters.5.weight
Loading all parameter:  u_embedding.adapters.5.bias
Loading all parameter:  u_embedding.adapters.6.weight
Loading all parameter:  u_embedding.adapters.6.bias
Loading all parameter:  u_embedding.adapters.7.weight
Loading all parameter:  u_embedding.adapters.7.bias
Loading all parameter:  u_embedding.adapters.8.weight
Loading all parameter:  u_embedding.adapters.8.bias
Loading all parameter:  u_embedding.adapters.9.weight
Loading all parameter:  u_embedding.adapters.9.bias
Loading all parameter:  u_embedding.adapters.10.weight
Loading all parameter:  u_embedding.adapters.10.bias
Loading all parameter:  u_embedding.adapters.11.weight
Loading all parameter:  u_embedding.adapters.11.bias
Loading all parameter:  u_embedding.adapters.12.weight
Loading all parameter:  u_embedding.adapters.12.bias
Loading all parameter:  u_embedding.adapters.13.weight
Loading all parameter:  u_embedding.adapters.13.bias
Loading all parameter:  u_embedding.adapters.14.weight
Loading all parameter:  u_embedding.adapters.14.bias
Loading all parameter:  u_embedding.adapters.15.weight
Loading all parameter:  u_embedding.adapters.15.bias
Loading all parameter:  u_embedding.adapters.16.weight
Loading all parameter:  u_embedding.adapters.16.bias
Loading all parameter:  u_embedding.adapters.17.weight
Loading all parameter:  u_embedding.adapters.17.bias
Loading all parameter:  u_embedding.adapters.18.weight
Loading all parameter:  u_embedding.adapters.18.bias
Loading all parameter:  u_embedding.adapters.19.weight
Loading all parameter:  u_embedding.adapters.19.bias
Loading all parameter:  u_embedding.adapters.20.weight
Loading all parameter:  u_embedding.adapters.20.bias
Loading all parameter:  u_embedding.adapters.21.weight
Loading all parameter:  u_embedding.adapters.21.bias
Loading all parameter:  u_embedding.adapters.22.weight
Loading all parameter:  u_embedding.adapters.22.bias
Loading all parameter:  u_embedding.adapters.23.weight
Loading all parameter:  u_embedding.adapters.23.bias
Loading all parameter:  u_embedding.adapters.24.weight
Loading all parameter:  u_embedding.adapters.24.bias
Loading all parameter:  u_embedding.adapters.25.weight
Loading all parameter:  u_embedding.adapters.25.bias
Loading all parameter:  u_embedding.adapters.26.weight
Loading all parameter:  u_embedding.adapters.26.bias
Loading all parameter:  u_embedding.adapters.27.weight
Loading all parameter:  u_embedding.adapters.27.bias
Loading all parameter:  u_embedding.adapters.28.weight
Loading all parameter:  u_embedding.adapters.28.bias
Loading all parameter:  u_embedding.adapters.29.weight
Loading all parameter:  u_embedding.adapters.29.bias
Loading all parameter:  u_embedding.adapters.30.weight
Loading all parameter:  u_embedding.adapters.30.bias
Loading all parameter:  u_embedding.adapters.31.weight
Loading all parameter:  u_embedding.adapters.31.bias
Loading all parameter:  u_embedding.adapters.32.weight
Loading all parameter:  u_embedding.adapters.32.bias
Loading all parameter:  u_embedding.adapters.33.weight
Loading all parameter:  u_embedding.adapters.33.bias
Loading all parameter:  u_embedding.adapters.34.weight
Loading all parameter:  u_embedding.adapters.34.bias
Loading all parameter:  u_embedding.adapters.35.weight
Loading all parameter:  u_embedding.adapters.35.bias
Loading all parameter:  u_embedding.adapters.36.weight
Loading all parameter:  u_embedding.adapters.36.bias
Loading all parameter:  u_embedding.adapters.37.weight
Loading all parameter:  u_embedding.adapters.37.bias
Loading all parameter:  u_embedding.adapters.38.weight
Loading all parameter:  u_embedding.adapters.38.bias
Loading all parameter:  u_embedding.adapters.39.weight
Loading all parameter:  u_embedding.adapters.39.bias
Loading all parameter:  u_embedding.adapters.40.weight
Loading all parameter:  u_embedding.adapters.40.bias
Loading all parameter:  u_embedding.adapters.41.weight
Loading all parameter:  u_embedding.adapters.41.bias
Loading all parameter:  u_embedding.adapters.42.weight
Loading all parameter:  u_embedding.adapters.42.bias
Loading all parameter:  u_embedding.adapters.43.weight
Loading all parameter:  u_embedding.adapters.43.bias
Loading all parameter:  u_embedding.adapters.44.weight
Loading all parameter:  u_embedding.adapters.44.bias
Loading all parameter:  u_embedding.adapters.45.weight
Loading all parameter:  u_embedding.adapters.45.bias
Loading all parameter:  u_embedding.adapters.46.weight
Loading all parameter:  u_embedding.adapters.46.bias
Loading all parameter:  u_embedding.adapters.47.weight
Loading all parameter:  u_embedding.adapters.47.bias
Loading all parameter:  u_embedding.adapters.48.weight
Loading all parameter:  u_embedding.adapters.48.bias
Loading all parameter:  u_embedding.adapters.49.weight
Loading all parameter:  u_embedding.adapters.49.bias
Loading all parameter:  u_embedding.adapters.50.weight
Loading all parameter:  u_embedding.adapters.50.bias
Loading all parameter:  u_embedding.adapters.51.weight
Loading all parameter:  u_embedding.adapters.51.bias
Loading all parameter:  u_embedding.adapters.52.weight
Loading all parameter:  u_embedding.adapters.52.bias
Loading all parameter:  u_embedding.adapters.53.weight
Loading all parameter:  u_embedding.adapters.53.bias
Loading all parameter:  u_embedding.adapters.54.weight
Loading all parameter:  u_embedding.adapters.54.bias
Loading all parameter:  u_embedding.adapters.55.weight
Loading all parameter:  u_embedding.adapters.55.bias
Loading all parameter:  u_embedding.adapters.56.weight
Loading all parameter:  u_embedding.adapters.56.bias
Loading all parameter:  u_embedding.adapters.57.weight
Loading all parameter:  u_embedding.adapters.57.bias
Loading all parameter:  u_embedding.adapters.58.weight
Loading all parameter:  u_embedding.adapters.58.bias
Loading all parameter:  u_embedding.adapters.59.weight
Loading all parameter:  u_embedding.adapters.59.bias
Loading all parameter:  u_embedding.adapters.60.weight
Loading all parameter:  u_embedding.adapters.60.bias
Loading all parameter:  u_embedding.adapters.61.weight
Loading all parameter:  u_embedding.adapters.61.bias
Loading all parameter:  u_embedding.adapters.62.weight
Loading all parameter:  u_embedding.adapters.62.bias
Loading all parameter:  u_embedding.adapters.63.weight
Loading all parameter:  u_embedding.adapters.63.bias
Loading all parameter:  u_embedding.adapters.64.weight
Loading all parameter:  u_embedding.adapters.64.bias
Loading all parameter:  u_embedding.adapters.65.weight
Loading all parameter:  u_embedding.adapters.65.bias
Loading all parameter:  u_embedding.adapters.66.weight
Loading all parameter:  u_embedding.adapters.66.bias
Loading all parameter:  u_embedding.adapters.67.weight
Loading all parameter:  u_embedding.adapters.67.bias
Loading all parameter:  u_embedding.adapters.68.weight
Loading all parameter:  u_embedding.adapters.68.bias
Loading all parameter:  u_embedding.adapters.69.weight
Loading all parameter:  u_embedding.adapters.69.bias
Loading all parameter:  u_embedding.adapters.70.weight
Loading all parameter:  u_embedding.adapters.70.bias
Loading all parameter:  u_embedding.adapters.71.weight
Loading all parameter:  u_embedding.adapters.71.bias
Loading all parameter:  u_embedding.adapters.72.weight
Loading all parameter:  u_embedding.adapters.72.bias
Loading all parameter:  u_embedding.adapters.73.weight
Loading all parameter:  u_embedding.adapters.73.bias
Loading all parameter:  u_embedding.adapters.74.weight
Loading all parameter:  u_embedding.adapters.74.bias
Loading all parameter:  u_embedding.adapters.75.weight
Loading all parameter:  u_embedding.adapters.75.bias
Loading all parameter:  u_embedding.adapters.76.weight
Loading all parameter:  u_embedding.adapters.76.bias
Loading all parameter:  u_embedding.adapters.77.weight
Loading all parameter:  u_embedding.adapters.77.bias
Loading all parameter:  u_embedding.adapters.78.weight
Loading all parameter:  u_embedding.adapters.78.bias
Loading all parameter:  u_embedding.adapters.79.weight
Loading all parameter:  u_embedding.adapters.79.bias
Loading all parameter:  u_embedding.adapters.80.weight
Loading all parameter:  u_embedding.adapters.80.bias
Loading all parameter:  u_embedding.adapters.81.weight
Loading all parameter:  u_embedding.adapters.81.bias
Loading all parameter:  u_embedding.adapters.82.weight
Loading all parameter:  u_embedding.adapters.82.bias
Loading all parameter:  u_embedding.adapters.83.weight
Loading all parameter:  u_embedding.adapters.83.bias
Loading all parameter:  u_embedding.adapters.84.weight
Loading all parameter:  u_embedding.adapters.84.bias
Loading all parameter:  u_embedding.adapters.85.weight
Loading all parameter:  u_embedding.adapters.85.bias
Loading all parameter:  u_embedding.adapters.86.weight
Loading all parameter:  u_embedding.adapters.86.bias
Loading all parameter:  u_embedding.adapters.87.weight
Loading all parameter:  u_embedding.adapters.87.bias
Loading all parameter:  u_embedding.adapters.88.weight
Loading all parameter:  u_embedding.adapters.88.bias
Loading all parameter:  u_embedding.adapters.89.weight
Loading all parameter:  u_embedding.adapters.89.bias
Loading all parameter:  u_embedding.adapters.90.weight
Loading all parameter:  u_embedding.adapters.90.bias
Loading all parameter:  u_embedding.adapters.91.weight
Loading all parameter:  u_embedding.adapters.91.bias
Loading all parameter:  u_embedding.adapters.92.weight
Loading all parameter:  u_embedding.adapters.92.bias
Loading all parameter:  u_embedding.adapters.93.weight
Loading all parameter:  u_embedding.adapters.93.bias
Loading all parameter:  u_embedding.adapters.94.weight
Loading all parameter:  u_embedding.adapters.94.bias
Loading all parameter:  u_embedding.adapters.95.weight
Loading all parameter:  u_embedding.adapters.95.bias
Loading all parameter:  u_embedding.adapters.96.weight
Loading all parameter:  u_embedding.adapters.96.bias
Loading all parameter:  u_embedding.adapters.97.weight
Loading all parameter:  u_embedding.adapters.97.bias
Loading all parameter:  u_embedding.adapters.98.weight
Loading all parameter:  u_embedding.adapters.98.bias
Loading all parameter:  u_embedding.adapters.99.weight
Loading all parameter:  u_embedding.adapters.99.bias
Loading all parameter:  u_embedding.adapters.100.weight
Loading all parameter:  u_embedding.adapters.100.bias
Loading all parameter:  u_embedding.adapters.101.weight
Loading all parameter:  u_embedding.adapters.101.bias
Loading all parameter:  u_embedding.adapters.102.weight
Loading all parameter:  u_embedding.adapters.102.bias
Loading all parameter:  u_embedding.adapters.103.weight
Loading all parameter:  u_embedding.adapters.103.bias
Loading all parameter:  u_embedding.adapters.104.weight
Loading all parameter:  u_embedding.adapters.104.bias
Loading all parameter:  u_embedding.adapters.105.weight
Loading all parameter:  u_embedding.adapters.105.bias
Loading all parameter:  u_embedding.adapters.106.weight
Loading all parameter:  u_embedding.adapters.106.bias
Loading all parameter:  u_embedding.adapters.107.weight
Loading all parameter:  u_embedding.adapters.107.bias
Loading all parameter:  u_embedding.adapters.108.weight
Loading all parameter:  u_embedding.adapters.108.bias
Loading all parameter:  u_embedding.adapters.109.weight
Loading all parameter:  u_embedding.adapters.109.bias
Loading all parameter:  u_embedding.adapters.110.weight
Loading all parameter:  u_embedding.adapters.110.bias
Loading all parameter:  u_embedding.adapters.111.weight
Loading all parameter:  u_embedding.adapters.111.bias
Loading all parameter:  u_embedding.adapters.112.weight
Loading all parameter:  u_embedding.adapters.112.bias
Loading all parameter:  u_embedding.adapters.113.weight
Loading all parameter:  u_embedding.adapters.113.bias
Loading all parameter:  u_embedding.adapters.114.weight
Loading all parameter:  u_embedding.adapters.114.bias
Loading all parameter:  u_embedding.adapters.115.weight
Loading all parameter:  u_embedding.adapters.115.bias
Loading all parameter:  u_embedding.adapters.116.weight
Loading all parameter:  u_embedding.adapters.116.bias
Loading all parameter:  u_embedding.adapters.117.weight
Loading all parameter:  u_embedding.adapters.117.bias
Loading all parameter:  u_embedding.adapters.118.weight
Loading all parameter:  u_embedding.adapters.118.bias
Loading all parameter:  u_embedding.adapters.119.weight
Loading all parameter:  u_embedding.adapters.119.bias
Loading all parameter:  u_embedding.adapters.120.weight
Loading all parameter:  u_embedding.adapters.120.bias
Loading all parameter:  u_embedding.adapters.121.weight
Loading all parameter:  u_embedding.adapters.121.bias
Loading all parameter:  u_embedding.adapters.122.weight
Loading all parameter:  u_embedding.adapters.122.bias
Loading all parameter:  u_embedding.adapters.123.weight
Loading all parameter:  u_embedding.adapters.123.bias
Loading all parameter:  u_embedding.adapters.124.weight
Loading all parameter:  u_embedding.adapters.124.bias
Loading all parameter:  u_embedding.adapters.125.weight
Loading all parameter:  u_embedding.adapters.125.bias
Loading all parameter:  u_embedding.adapters.126.weight
Loading all parameter:  u_embedding.adapters.126.bias
Loading all parameter:  u_embedding.adapters.127.weight
Loading all parameter:  u_embedding.adapters.127.bias
Loading all parameter:  zs_embedding.0.weight
Loading all parameter:  zs_embedding.0.bias
Loading all parameter:  reid_projector.weight
Loading parameter:  reid_projector.weight
Loading all parameter:  bottlenect.weight
Loading all parameter:  bottlenect.bias
Loading all parameter:  bottlenect.running_mean
Loading all parameter:  bottlenect.running_var
Loading all parameter:  bottlenect.num_batches_tracked
Loading all parameter:  i2t_projector.weight
Loading all parameter:  i2t_projector.bias
orginal best rank1 = 0
=> Copy the checkpoint to the output folder
=> Start evaluation on Novel data without finetuning
=> Test CLASSIFICATION performance
==========Test with latent_z: z_c =========
Extracted features for query set, obtained torch.Size([36636, 128]) matrix
Extracted features for gallery set, obtained torch.Size([34245, 128]) matrix
Extracted features for validation set, obtained torch.Size([70881, 128]) matrix
Extracting features complete in 0m 29s
Using 0m 29s
Val Classifier results ---------------------------------------------------
Total acc: 0.9%
Test Classifier results ---------------------------------------------------
Query acc: 0.9% Gallery acc: 0.9% Total acc: 0.9%
=> Start training
Epoch:1 Time:8.7 Data:0.0 Loss:5.8218 Cls Loss:4.1189 Pair Loss:0.0000 Center Loss:1420.1854 KL Loss:5.7973 Recon Loss:0.0245 Acc:0.0220 
=> Current learning rate: 0.000200
Epoch:2 Time:7.9 Data:0.0 Loss:3.0693 Cls Loss:4.1121 Pair Loss:0.0000 Center Loss:1416.6213 KL Loss:3.0454 Recon Loss:0.0238 Acc:0.0140 
=> Current learning rate: 0.000400
Epoch:3 Time:8.4 Data:0.0 Loss:2.3469 Cls Loss:4.1148 Pair Loss:0.0000 Center Loss:1425.1052 KL Loss:2.3227 Recon Loss:0.0242 Acc:0.0140 
=> Current learning rate: 0.000600
Epoch:4 Time:7.8 Data:0.0 Loss:2.5290 Cls Loss:4.1186 Pair Loss:0.0000 Center Loss:1419.0843 KL Loss:2.5051 Recon Loss:0.0239 Acc:0.0120 
=> Current learning rate: 0.000800
Epoch:5 Time:8.0 Data:0.0 Loss:1.8301 Cls Loss:4.1346 Pair Loss:0.0000 Center Loss:1428.4072 KL Loss:1.8062 Recon Loss:0.0240 Acc:0.0100 
=> Test at epoch 5
==========Test with latent_z: z_c =========
Extracted features for query set, obtained torch.Size([36636, 128]) matrix
Extracted features for gallery set, obtained torch.Size([34245, 128]) matrix
Extracted features for validation set, obtained torch.Size([70881, 128]) matrix
Extracting features complete in 0m 28s
Using 0m 28s
Val Classifier results ---------------------------------------------------
Total acc: 0.4%
Test Classifier results ---------------------------------------------------
Query acc: 0.5% Gallery acc: 0.3% Total acc: 0.4%
=> Current learning rate: 0.001000
Epoch:6 Time:7.7 Data:0.0 Loss:1.8314 Cls Loss:4.1205 Pair Loss:0.0000 Center Loss:1434.0515 KL Loss:1.8076 Recon Loss:0.0239 Acc:0.0100 
=> Current learning rate: 0.001000
Epoch:7 Time:7.7 Data:0.0 Loss:1.5816 Cls Loss:4.1191 Pair Loss:0.0000 Center Loss:1444.8274 KL Loss:1.5574 Recon Loss:0.0242 Acc:0.0120 
=> Current learning rate: 0.001000
Epoch:8 Time:9.3 Data:0.0 Loss:1.4225 Cls Loss:4.1162 Pair Loss:0.0000 Center Loss:1452.7004 KL Loss:1.3986 Recon Loss:0.0239 Acc:0.0180 
=> Current learning rate: 0.001000
Epoch:9 Time:8.3 Data:0.0 Loss:1.1125 Cls Loss:4.1127 Pair Loss:0.0000 Center Loss:1461.2458 KL Loss:1.0882 Recon Loss:0.0243 Acc:0.0300 
=> Current learning rate: 0.001000
Epoch:10 Time:8.8 Data:0.0 Loss:0.9567 Cls Loss:4.1129 Pair Loss:0.0000 Center Loss:1463.8014 KL Loss:0.9328 Recon Loss:0.0239 Acc:0.0120 
Jump TSNE
=> Test at epoch 10
==========Test with latent_z: z_c =========
Extracted features for query set, obtained torch.Size([36636, 128]) matrix
Extracted features for gallery set, obtained torch.Size([34245, 128]) matrix
Extracted features for validation set, obtained torch.Size([70881, 128]) matrix
Extracting features complete in 0m 28s
Using 0m 28s
Val Classifier results ---------------------------------------------------
Total acc: 0.7%
Test Classifier results ---------------------------------------------------
Query acc: 0.6% Gallery acc: 0.7% Total acc: 0.7%
=> Current learning rate: 0.001000
Epoch:11 Time:8.5 Data:0.0 Loss:0.9672 Cls Loss:4.1168 Pair Loss:0.0000 Center Loss:1458.8307 KL Loss:0.9431 Recon Loss:0.0241 Acc:0.0140 
=> Current learning rate: 0.001000
Epoch:12 Time:8.6 Data:0.0 Loss:1.0358 Cls Loss:4.1356 Pair Loss:0.0000 Center Loss:1462.4902 KL Loss:1.0116 Recon Loss:0.0242 Acc:0.0140 
=> Current learning rate: 0.001000
Epoch:13 Time:8.0 Data:0.0 Loss:1.1414 Cls Loss:4.1134 Pair Loss:0.0000 Center Loss:1464.3390 KL Loss:1.1171 Recon Loss:0.0243 Acc:0.0140 
=> Current learning rate: 0.001000
Epoch:14 Time:9.0 Data:0.0 Loss:1.1300 Cls Loss:4.1186 Pair Loss:0.0000 Center Loss:1459.8955 KL Loss:1.1060 Recon Loss:0.0240 Acc:0.0140 
=> Current learning rate: 0.001000
Epoch:15 Time:8.0 Data:0.0 Loss:0.9460 Cls Loss:4.1243 Pair Loss:0.0000 Center Loss:1462.9002 KL Loss:0.9221 Recon Loss:0.0240 Acc:0.0220 
=> Test at epoch 15
==========Test with latent_z: z_c =========
Extracted features for query set, obtained torch.Size([36636, 128]) matrix
Extracted features for gallery set, obtained torch.Size([34245, 128]) matrix
Extracted features for validation set, obtained torch.Size([70881, 128]) matrix
Extracting features complete in 0m 27s
Using 0m 27s
Val Classifier results ---------------------------------------------------
Total acc: 0.4%
Test Classifier results ---------------------------------------------------
Query acc: 0.2% Gallery acc: 0.7% Total acc: 0.4%
=> Current learning rate: 0.001000
Epoch:16 Time:8.0 Data:0.0 Loss:0.9257 Cls Loss:4.1173 Pair Loss:0.0000 Center Loss:1462.3012 KL Loss:0.9016 Recon Loss:0.0241 Acc:0.0160 
=> Current learning rate: 0.001000
Epoch:17 Time:8.2 Data:0.0 Loss:1.0423 Cls Loss:4.1171 Pair Loss:0.0000 Center Loss:1462.5695 KL Loss:1.0183 Recon Loss:0.0240 Acc:0.0240 
=> Current learning rate: 0.001000
Epoch:18 Time:9.0 Data:0.0 Loss:1.0251 Cls Loss:4.1123 Pair Loss:0.0000 Center Loss:1458.3838 KL Loss:1.0009 Recon Loss:0.0242 Acc:0.0260 
=> Current learning rate: 0.001000
Epoch:19 Time:8.7 Data:0.0 Loss:1.0394 Cls Loss:4.1234 Pair Loss:0.0000 Center Loss:1462.3008 KL Loss:1.0152 Recon Loss:0.0242 Acc:0.0260 
=> Current learning rate: 0.001000
Epoch:20 Time:8.5 Data:0.0 Loss:1.0837 Cls Loss:4.1136 Pair Loss:0.0000 Center Loss:1467.5787 KL Loss:1.0598 Recon Loss:0.0239 Acc:0.0160 
Jump TSNE
=> Test at epoch 20
==========Test with latent_z: z_c =========
Extracted features for query set, obtained torch.Size([36636, 128]) matrix
Extracted features for gallery set, obtained torch.Size([34245, 128]) matrix
Extracted features for validation set, obtained torch.Size([70881, 128]) matrix
Extracting features complete in 0m 30s
Using 0m 30s
Val Classifier results ---------------------------------------------------
Total acc: 0.4%
Test Classifier results ---------------------------------------------------
Query acc: 0.4% Gallery acc: 0.5% Total acc: 0.4%
=> Current learning rate: 0.001000
Epoch:21 Time:8.3 Data:0.0 Loss:0.8462 Cls Loss:4.1209 Pair Loss:0.0000 Center Loss:1465.7899 KL Loss:0.8223 Recon Loss:0.0239 Acc:0.0200 
=> Current learning rate: 0.001000
Epoch:22 Time:8.7 Data:0.0 Loss:1.0230 Cls Loss:4.1159 Pair Loss:0.0000 Center Loss:1466.1814 KL Loss:0.9989 Recon Loss:0.0241 Acc:0.0120 
=> Current learning rate: 0.001000
Epoch:23 Time:8.3 Data:0.0 Loss:1.1332 Cls Loss:4.1229 Pair Loss:0.0000 Center Loss:1470.6577 KL Loss:1.1091 Recon Loss:0.0241 Acc:0.0160 
=> Current learning rate: 0.001000
Epoch:24 Time:8.3 Data:0.0 Loss:1.1674 Cls Loss:4.1180 Pair Loss:0.0000 Center Loss:1462.9442 KL Loss:1.1432 Recon Loss:0.0242 Acc:0.0120 
=> Current learning rate: 0.001000
Epoch:25 Time:8.8 Data:0.0 Loss:1.0012 Cls Loss:4.1216 Pair Loss:0.0000 Center Loss:1460.1829 KL Loss:0.9772 Recon Loss:0.0240 Acc:0.0180 
=> Test at epoch 25
==========Test with latent_z: z_c =========
Extracted features for query set, obtained torch.Size([36636, 128]) matrix
Extracted features for gallery set, obtained torch.Size([34245, 128]) matrix
Extracted features for validation set, obtained torch.Size([70881, 128]) matrix
Extracting features complete in 0m 28s
Using 0m 28s
Val Classifier results ---------------------------------------------------
Total acc: 2.1%
Test Classifier results ---------------------------------------------------
Query acc: 2.7% Gallery acc: 1.5% Total acc: 2.1%
=> Current learning rate: 0.001000
Epoch:26 Time:8.7 Data:0.0 Loss:0.8919 Cls Loss:4.1178 Pair Loss:0.0000 Center Loss:1464.2920 KL Loss:0.8677 Recon Loss:0.0242 Acc:0.0280 
=> Current learning rate: 0.001000
Epoch:27 Time:8.6 Data:0.0 Loss:1.1664 Cls Loss:4.1186 Pair Loss:0.0000 Center Loss:1463.4033 KL Loss:1.1421 Recon Loss:0.0243 Acc:0.0240 
=> Current learning rate: 0.001000
Epoch:28 Time:7.9 Data:0.0 Loss:1.0163 Cls Loss:4.1217 Pair Loss:0.0000 Center Loss:1467.3122 KL Loss:0.9921 Recon Loss:0.0242 Acc:0.0160 
=> Current learning rate: 0.001000
Epoch:29 Time:8.2 Data:0.0 Loss:0.9885 Cls Loss:4.1171 Pair Loss:0.0000 Center Loss:1465.3336 KL Loss:0.9643 Recon Loss:0.0242 Acc:0.0160 
=> Current learning rate: 0.001000
Epoch:30 Time:8.4 Data:0.0 Loss:1.0548 Cls Loss:4.1126 Pair Loss:0.0000 Center Loss:1467.7418 KL Loss:1.0306 Recon Loss:0.0242 Acc:0.0140 
Jump TSNE
=> Test at epoch 30
==========Test with latent_z: z_c =========
Extracted features for query set, obtained torch.Size([36636, 128]) matrix
Extracted features for gallery set, obtained torch.Size([34245, 128]) matrix
Extracted features for validation set, obtained torch.Size([70881, 128]) matrix
Extracting features complete in 0m 27s
Using 0m 27s
Val Classifier results ---------------------------------------------------
Total acc: 0.1%
Test Classifier results ---------------------------------------------------
Query acc: 0.1% Gallery acc: 0.1% Total acc: 0.1%
=> Current learning rate: 0.001000
Epoch:31 Time:7.6 Data:0.0 Loss:0.9527 Cls Loss:4.1093 Pair Loss:0.0000 Center Loss:1472.4267 KL Loss:0.9284 Recon Loss:0.0243 Acc:0.0240 
=> Current learning rate: 0.000100
Epoch:32 Time:8.6 Data:0.0 Loss:0.9645 Cls Loss:4.1198 Pair Loss:0.0000 Center Loss:1467.3474 KL Loss:0.9401 Recon Loss:0.0244 Acc:0.0140 
=> Current learning rate: 0.000100
Epoch:33 Time:8.8 Data:0.0 Loss:0.9186 Cls Loss:4.1155 Pair Loss:0.0000 Center Loss:1471.3980 KL Loss:0.8942 Recon Loss:0.0245 Acc:0.0140 
=> Current learning rate: 0.000100
Epoch:34 Time:8.7 Data:0.0 Loss:0.8216 Cls Loss:4.1210 Pair Loss:0.0000 Center Loss:1472.3106 KL Loss:0.7971 Recon Loss:0.0244 Acc:0.0120 
=> Current learning rate: 0.000100
Epoch:35 Time:8.1 Data:0.0 Loss:1.0271 Cls Loss:4.1220 Pair Loss:0.0000 Center Loss:1471.5960 KL Loss:1.0030 Recon Loss:0.0241 Acc:0.0200 
=> Test at epoch 35
==========Test with latent_z: z_c =========
Extracted features for query set, obtained torch.Size([36636, 128]) matrix
Extracted features for gallery set, obtained torch.Size([34245, 128]) matrix
Extracted features for validation set, obtained torch.Size([70881, 128]) matrix
Extracting features complete in 0m 24s
Using 0m 24s
Val Classifier results ---------------------------------------------------
Total acc: 0.1%
Test Classifier results ---------------------------------------------------
Query acc: 0.1% Gallery acc: 0.1% Total acc: 0.1%
=> Current learning rate: 0.000100
Epoch:36 Time:7.1 Data:0.0 Loss:0.8971 Cls Loss:4.1229 Pair Loss:0.0000 Center Loss:1469.9998 KL Loss:0.8730 Recon Loss:0.0240 Acc:0.0200 
=> Current learning rate: 0.000100
Epoch:37 Time:8.3 Data:0.0 Loss:1.0986 Cls Loss:4.1155 Pair Loss:0.0000 Center Loss:1471.9943 KL Loss:1.0746 Recon Loss:0.0239 Acc:0.0220 
=> Current learning rate: 0.000100
Epoch:38 Time:8.7 Data:0.0 Loss:1.0048 Cls Loss:4.1148 Pair Loss:0.0000 Center Loss:1469.2838 KL Loss:0.9806 Recon Loss:0.0242 Acc:0.0140 
=> Current learning rate: 0.000100
Epoch:39 Time:7.9 Data:0.0 Loss:0.9209 Cls Loss:4.1251 Pair Loss:0.0000 Center Loss:1471.8479 KL Loss:0.8972 Recon Loss:0.0237 Acc:0.0080 
=> Current learning rate: 0.000100
Epoch:40 Time:8.5 Data:0.0 Loss:0.9028 Cls Loss:4.1260 Pair Loss:0.0000 Center Loss:1481.3747 KL Loss:0.8785 Recon Loss:0.0243 Acc:0.0280 
Jump TSNE
=> Test at epoch 40
==========Test with latent_z: z_c =========
Extracted features for query set, obtained torch.Size([36636, 128]) matrix
Extracted features for gallery set, obtained torch.Size([34245, 128]) matrix
Extracted features for validation set, obtained torch.Size([70881, 128]) matrix
Extracting features complete in 0m 21s
Using 0m 21s
Val Classifier results ---------------------------------------------------
Total acc: 0.1%
Test Classifier results ---------------------------------------------------
Query acc: 0.1% Gallery acc: 0.2% Total acc: 0.1%
=> Current learning rate: 0.000100
Epoch:41 Time:8.4 Data:0.0 Loss:0.9749 Cls Loss:4.1263 Pair Loss:0.0000 Center Loss:1469.4904 KL Loss:0.9510 Recon Loss:0.0239 Acc:0.0180 
=> Current learning rate: 0.000100
Epoch:42 Time:8.0 Data:0.0 Loss:0.9413 Cls Loss:4.1285 Pair Loss:0.0000 Center Loss:1470.0538 KL Loss:0.9174 Recon Loss:0.0239 Acc:0.0140 
=> Current learning rate: 0.000100
Epoch:43 Time:8.7 Data:0.0 Loss:1.1750 Cls Loss:4.1271 Pair Loss:0.0000 Center Loss:1470.3892 KL Loss:1.1508 Recon Loss:0.0242 Acc:0.0080 
=> Current learning rate: 0.000100
Epoch:44 Time:8.4 Data:0.0 Loss:1.0841 Cls Loss:4.1243 Pair Loss:0.0000 Center Loss:1470.8632 KL Loss:1.0602 Recon Loss:0.0239 Acc:0.0180 
=> Current learning rate: 0.000100
Epoch:45 Time:8.4 Data:0.0 Loss:1.1957 Cls Loss:4.1235 Pair Loss:0.0000 Center Loss:1468.1979 KL Loss:1.1716 Recon Loss:0.0241 Acc:0.0180 
=> Test at epoch 45
==========Test with latent_z: z_c =========
Extracted features for query set, obtained torch.Size([36636, 128]) matrix
Extracted features for gallery set, obtained torch.Size([34245, 128]) matrix
Extracted features for validation set, obtained torch.Size([70881, 128]) matrix
Extracting features complete in 0m 21s
Using 0m 21s
Val Classifier results ---------------------------------------------------
Total acc: 0.1%
Test Classifier results ---------------------------------------------------
Query acc: 0.1% Gallery acc: 0.2% Total acc: 0.1%
=> Current learning rate: 0.000100
Epoch:46 Time:6.6 Data:0.0 Loss:1.1749 Cls Loss:4.1221 Pair Loss:0.0000 Center Loss:1471.0178 KL Loss:1.1508 Recon Loss:0.0241 Acc:0.0220 
=> Current learning rate: 0.000100
Epoch:47 Time:7.1 Data:0.0 Loss:1.0837 Cls Loss:4.1080 Pair Loss:0.0000 Center Loss:1472.7178 KL Loss:1.0595 Recon Loss:0.0242 Acc:0.0220 
=> Current learning rate: 0.000100
Epoch:48 Time:6.6 Data:0.0 Loss:1.0060 Cls Loss:4.1260 Pair Loss:0.0000 Center Loss:1469.5654 KL Loss:0.9815 Recon Loss:0.0245 Acc:0.0120 
=> Current learning rate: 0.000100
Epoch:49 Time:6.7 Data:0.0 Loss:1.1657 Cls Loss:4.1101 Pair Loss:0.0000 Center Loss:1472.4398 KL Loss:1.1417 Recon Loss:0.0241 Acc:0.0200 
=> Current learning rate: 0.000100
Epoch:50 Time:6.6 Data:0.0 Loss:1.1983 Cls Loss:4.1174 Pair Loss:0.0000 Center Loss:1472.6499 KL Loss:1.1742 Recon Loss:0.0241 Acc:0.0220 
Jump TSNE
=> Test at epoch 50
==========Test with latent_z: z_c =========
Extracted features for query set, obtained torch.Size([36636, 128]) matrix
Extracted features for gallery set, obtained torch.Size([34245, 128]) matrix
Extracted features for validation set, obtained torch.Size([70881, 128]) matrix
Extracting features complete in 0m 19s
Using 0m 19s
Val Classifier results ---------------------------------------------------
Total acc: 0.1%
Test Classifier results ---------------------------------------------------
Query acc: 0.1% Gallery acc: 0.2% Total acc: 0.1%
=> Current learning rate: 0.000100
Epoch:51 Time:7.1 Data:0.0 Loss:1.1281 Cls Loss:4.1185 Pair Loss:0.0000 Center Loss:1470.7416 KL Loss:1.1038 Recon Loss:0.0243 Acc:0.0140 
=> Current learning rate: 0.000100
Epoch:52 Time:7.1 Data:0.0 Loss:1.0694 Cls Loss:4.1205 Pair Loss:0.0000 Center Loss:1475.9531 KL Loss:1.0455 Recon Loss:0.0239 Acc:0.0240 
=> Current learning rate: 0.000100
Epoch:53 Time:6.6 Data:0.0 Loss:1.1410 Cls Loss:4.1295 Pair Loss:0.0000 Center Loss:1475.8670 KL Loss:1.1169 Recon Loss:0.0241 Acc:0.0120 
=> Current learning rate: 0.000100
Epoch:54 Time:6.5 Data:0.0 Loss:1.1989 Cls Loss:4.1139 Pair Loss:0.0000 Center Loss:1473.9321 KL Loss:1.1746 Recon Loss:0.0243 Acc:0.0120 
=> Current learning rate: 0.000100
Epoch:55 Time:6.5 Data:0.0 Loss:1.2063 Cls Loss:4.1084 Pair Loss:0.0000 Center Loss:1467.5428 KL Loss:1.1822 Recon Loss:0.0241 Acc:0.0260 
=> Test at epoch 55
==========Test with latent_z: z_c =========
Extracted features for query set, obtained torch.Size([36636, 128]) matrix
Extracted features for gallery set, obtained torch.Size([34245, 128]) matrix
Extracted features for validation set, obtained torch.Size([70881, 128]) matrix
Extracting features complete in 0m 18s
Using 0m 18s
Val Classifier results ---------------------------------------------------
Total acc: 0.2%
Test Classifier results ---------------------------------------------------
Query acc: 0.1% Gallery acc: 0.2% Total acc: 0.2%
=> Current learning rate: 0.000100
Epoch:56 Time:6.9 Data:0.0 Loss:1.1805 Cls Loss:4.1165 Pair Loss:0.0000 Center Loss:1466.8797 KL Loss:1.1564 Recon Loss:0.0240 Acc:0.0260 
=> Current learning rate: 0.000100
Epoch:57 Time:6.7 Data:0.0 Loss:1.1471 Cls Loss:4.1198 Pair Loss:0.0000 Center Loss:1472.9793 KL Loss:1.1228 Recon Loss:0.0243 Acc:0.0120 
=> Current learning rate: 0.000100
Epoch:58 Time:7.1 Data:0.0 Loss:1.0111 Cls Loss:4.1241 Pair Loss:0.0000 Center Loss:1467.1581 KL Loss:0.9868 Recon Loss:0.0243 Acc:0.0180 
=> Current learning rate: 0.000100
Epoch:59 Time:6.5 Data:0.0 Loss:1.0078 Cls Loss:4.1152 Pair Loss:0.0000 Center Loss:1474.5806 KL Loss:0.9839 Recon Loss:0.0239 Acc:0.0220 
=> Current learning rate: 0.000100
/home/zhengwei/yzwT2V/lib/python3.9/site-packages/numpy/lib/function_base.py:2897: RuntimeWarning: invalid value encountered in divide
  c /= stddev[:, None]
/home/zhengwei/yzwT2V/lib/python3.9/site-packages/numpy/lib/function_base.py:2898: RuntimeWarning: invalid value encountered in divide
  c /= stddev[None, :]
Epoch:60 Time:37.7 Data:0.0 Loss:1.0094 Cls Loss:4.1152 Pair Loss:0.0000 Center Loss:1475.6713 KL Loss:0.9855 Recon Loss:0.0238 Acc:0.0160 
Jump TSNE
=> Test at epoch 60
==========Test with latent_z: z_c =========
Extracted features for query set, obtained torch.Size([36636, 128]) matrix
Extracted features for gallery set, obtained torch.Size([34245, 128]) matrix
Extracted features for validation set, obtained torch.Size([70881, 128]) matrix
Extracting features complete in 0m 17s
Using 0m 17s
Val Classifier results ---------------------------------------------------
Total acc: 0.2%
Test Classifier results ---------------------------------------------------
Query acc: 0.2% Gallery acc: 0.2% Total acc: 0.2%
Keep checkpoint file: checkpoint_ep60.pth.tar
=> Current learning rate: 0.000100
=> Best Val Acc 2.1% at epoch 25: 
 Test Acc: Query 2.7%, Gallery 1.5%, Total 2.1%
Finished. Total elapsed time (h:m:s): 0:13:46. Training time (h:m:s): 0:08:44.
