=> merge config from ./configs/clipreid_cvae_stage2.yaml
=> Configurations:
-------------------------
AMP: True
AUG:
  RC_PROB: 0.5
  RE_PROB: 0.5
DATA:
  CUHK03_CLASSIC_SPLIT: False
  CUHK03_LABELED: False
  DATASET: market1k
  FORMAT_TAG: tensor
  HEIGHT: 256
  NUM_INSTANCES: 4
  NUM_WORKERS: 4
  ROOT: /home/zhengwei/my_data/datasets
  SPLIT_ID: 0
  TEST_BATCH: 512
  TRAIN_BATCH: 64
  TRAIN_FORMAT: novel
  WIDTH: 128
EVAL_MODE: False
GPU: 2
LOSS:
  CLA_LOSS: crossentropy
  CLA_M: 0.0
  CLA_S: 16.0
  PAIR_LOSS: triplet
  PAIR_M: 0.3
  PAIR_S: 16.0
  RECON_LOSS: mse
  USE_NCE: False
MODEL:
  CONDITIONAL: False
  FEATURE_DIM: 1280
  FEAT_FUSION: False
  FLOW_TYPE: 
  GAUSSIAN: MultivariateNormal
  HIDDEN_DIM: 256
  LATENT_SIZE: 64
  NAME: CVAE
  ONLY_CVAE_KL: False
  ONLY_X_INPUT: False
  PRETRAIN: CLIPreID_Tune_MSMT17
  PROJECTION_TYPE: None
  RES4_STRIDE: 1
  RESUME: /data/zhengwei/CVAE/outputs/market1k/clipreid_tuned_person/novel/2024-09-04/novelMask1K_SimpleVAE_128+64z_1e3_60+120_KLtotalZ_noCLS
  STYLE_NUM: 0
  TRAIN_STAGE: reid+cls_stage
  USE_CENTROID: False
  USE_TWO_ENCODER: False
  VAE_TYPE: SinpleVAE
  ZC_DIM: 128
  ZS_DIM: 64
OUTPUT: /data/zhengwei/CVAE/outputs/market1k/clipreid_tuned_person/novel/2024-09-04/novelMask1K_SimpleVAE_128+64z_1e3_60+120_KLtotalZ_L1280-D-LCLS_Trip+Center+Ce
SAVED_NAME: novelMask1K_SimpleVAE_128+64z_1e3_60+120_KLtotalZ_L1280-D-LCLS_Trip+Center+Ce
SEED: 0
TAG: clipreid_tuned_person
TEST:
  DISTANCE: cosine
  EVAL_STEP: 5
  START_EVAL: -1
TRAIN:
  AMP: False
  LR_SCHEDULER:
    DECAY_RATE: 0.1
    NAME: MultiStepLR
    STEPSIZE: [60]
  MAX_EPOCH: 120
  OPTIMIZER:
    LR: 0.001
    NAME: adam
    SGDLR: 0.01
    SGD_MOMENTUM: 0.9
    SGD_WEIGHT_DECAY: 0.0005
    WEIGHT_DECAY: 0.0001
  START_EPOCH: 0
----------------------
Initializing dataset market1k
=> Market-Sketch-1K tensor loaded
Dataset statistics:
  ------------------------------
  subset   | # ids | # images
  ------------------------------
  train    |   996 |     3992
  query    |   996 |     2709
  gallery  |   996 |     2000
  ------------------------------
  total    |  1992 |     8701
  ------------------------------
Initializing SinpleVAE model
============Warning! No projection layer is used in Training!=================
============Warning! Using Defalt Linear 1280 to intialize!=================
Model size: 13.27571M
Using Linear classifier
Initialized classifier with feature_dim: 1280, num_classes: 996
Classifier size: 1.27488M
reid_projector.weight is tuneable
i2t_projector.weight is tuneable
i2t_projector.bias is tuneable
=> Start Training ReID projector and Classifier
Loading checkpoint from '/data/zhengwei/CVAE/outputs/market1k/clipreid_tuned_person/novel/2024-09-04/novelMask1K_SimpleVAE_128+64z_1e3_60+120_KLtotalZ_noCLS/best_model.pth.tar'
Loading all parameter:  encoder.0.weight
Loading all parameter:  encoder.0.bias
Loading all parameter:  encoder.1.weight
Loading all parameter:  encoder.1.bias
Loading all parameter:  encoder.1.running_mean
Loading all parameter:  encoder.1.running_var
Loading all parameter:  encoder.1.num_batches_tracked
Loading all parameter:  fc_mu.0.weight
Loading all parameter:  fc_mu.0.bias
Loading all parameter:  fc_logvar.0.weight
Loading all parameter:  fc_logvar.0.bias
Loading all parameter:  decoder.0.weight
Loading all parameter:  decoder.0.bias
Loading all parameter:  decoder.1.weight
Loading all parameter:  decoder.1.bias
Loading all parameter:  decoder.1.running_mean
Loading all parameter:  decoder.1.running_var
Loading all parameter:  decoder.1.num_batches_tracked
Loading all parameter:  decoder.3.weight
Loading all parameter:  decoder.3.bias
Loading all parameter:  u_embedding.gate.0.weight
Loading all parameter:  u_embedding.gate.0.bias
Loading all parameter:  u_embedding.adapters.0.weight
Loading all parameter:  u_embedding.adapters.0.bias
Loading all parameter:  u_embedding.adapters.1.weight
Loading all parameter:  u_embedding.adapters.1.bias
Loading all parameter:  u_embedding.adapters.2.weight
Loading all parameter:  u_embedding.adapters.2.bias
Loading all parameter:  u_embedding.adapters.3.weight
Loading all parameter:  u_embedding.adapters.3.bias
Loading all parameter:  u_embedding.adapters.4.weight
Loading all parameter:  u_embedding.adapters.4.bias
Loading all parameter:  u_embedding.adapters.5.weight
Loading all parameter:  u_embedding.adapters.5.bias
Loading all parameter:  u_embedding.adapters.6.weight
Loading all parameter:  u_embedding.adapters.6.bias
Loading all parameter:  u_embedding.adapters.7.weight
Loading all parameter:  u_embedding.adapters.7.bias
Loading all parameter:  u_embedding.adapters.8.weight
Loading all parameter:  u_embedding.adapters.8.bias
Loading all parameter:  u_embedding.adapters.9.weight
Loading all parameter:  u_embedding.adapters.9.bias
Loading all parameter:  u_embedding.adapters.10.weight
Loading all parameter:  u_embedding.adapters.10.bias
Loading all parameter:  u_embedding.adapters.11.weight
Loading all parameter:  u_embedding.adapters.11.bias
Loading all parameter:  u_embedding.adapters.12.weight
Loading all parameter:  u_embedding.adapters.12.bias
Loading all parameter:  u_embedding.adapters.13.weight
Loading all parameter:  u_embedding.adapters.13.bias
Loading all parameter:  u_embedding.adapters.14.weight
Loading all parameter:  u_embedding.adapters.14.bias
Loading all parameter:  u_embedding.adapters.15.weight
Loading all parameter:  u_embedding.adapters.15.bias
Loading all parameter:  u_embedding.adapters.16.weight
Loading all parameter:  u_embedding.adapters.16.bias
Loading all parameter:  u_embedding.adapters.17.weight
Loading all parameter:  u_embedding.adapters.17.bias
Loading all parameter:  u_embedding.adapters.18.weight
Loading all parameter:  u_embedding.adapters.18.bias
Loading all parameter:  u_embedding.adapters.19.weight
Loading all parameter:  u_embedding.adapters.19.bias
Loading all parameter:  u_embedding.adapters.20.weight
Loading all parameter:  u_embedding.adapters.20.bias
Loading all parameter:  u_embedding.adapters.21.weight
Loading all parameter:  u_embedding.adapters.21.bias
Loading all parameter:  u_embedding.adapters.22.weight
Loading all parameter:  u_embedding.adapters.22.bias
Loading all parameter:  u_embedding.adapters.23.weight
Loading all parameter:  u_embedding.adapters.23.bias
Loading all parameter:  u_embedding.adapters.24.weight
Loading all parameter:  u_embedding.adapters.24.bias
Loading all parameter:  u_embedding.adapters.25.weight
Loading all parameter:  u_embedding.adapters.25.bias
Loading all parameter:  u_embedding.adapters.26.weight
Loading all parameter:  u_embedding.adapters.26.bias
Loading all parameter:  u_embedding.adapters.27.weight
Loading all parameter:  u_embedding.adapters.27.bias
Loading all parameter:  u_embedding.adapters.28.weight
Loading all parameter:  u_embedding.adapters.28.bias
Loading all parameter:  u_embedding.adapters.29.weight
Loading all parameter:  u_embedding.adapters.29.bias
Loading all parameter:  u_embedding.adapters.30.weight
Loading all parameter:  u_embedding.adapters.30.bias
Loading all parameter:  u_embedding.adapters.31.weight
Loading all parameter:  u_embedding.adapters.31.bias
Loading all parameter:  u_embedding.adapters.32.weight
Loading all parameter:  u_embedding.adapters.32.bias
Loading all parameter:  u_embedding.adapters.33.weight
Loading all parameter:  u_embedding.adapters.33.bias
Loading all parameter:  u_embedding.adapters.34.weight
Loading all parameter:  u_embedding.adapters.34.bias
Loading all parameter:  u_embedding.adapters.35.weight
Loading all parameter:  u_embedding.adapters.35.bias
Loading all parameter:  u_embedding.adapters.36.weight
Loading all parameter:  u_embedding.adapters.36.bias
Loading all parameter:  u_embedding.adapters.37.weight
Loading all parameter:  u_embedding.adapters.37.bias
Loading all parameter:  u_embedding.adapters.38.weight
Loading all parameter:  u_embedding.adapters.38.bias
Loading all parameter:  u_embedding.adapters.39.weight
Loading all parameter:  u_embedding.adapters.39.bias
Loading all parameter:  u_embedding.adapters.40.weight
Loading all parameter:  u_embedding.adapters.40.bias
Loading all parameter:  u_embedding.adapters.41.weight
Loading all parameter:  u_embedding.adapters.41.bias
Loading all parameter:  u_embedding.adapters.42.weight
Loading all parameter:  u_embedding.adapters.42.bias
Loading all parameter:  u_embedding.adapters.43.weight
Loading all parameter:  u_embedding.adapters.43.bias
Loading all parameter:  u_embedding.adapters.44.weight
Loading all parameter:  u_embedding.adapters.44.bias
Loading all parameter:  u_embedding.adapters.45.weight
Loading all parameter:  u_embedding.adapters.45.bias
Loading all parameter:  u_embedding.adapters.46.weight
Loading all parameter:  u_embedding.adapters.46.bias
Loading all parameter:  u_embedding.adapters.47.weight
Loading all parameter:  u_embedding.adapters.47.bias
Loading all parameter:  u_embedding.adapters.48.weight
Loading all parameter:  u_embedding.adapters.48.bias
Loading all parameter:  u_embedding.adapters.49.weight
Loading all parameter:  u_embedding.adapters.49.bias
Loading all parameter:  u_embedding.adapters.50.weight
Loading all parameter:  u_embedding.adapters.50.bias
Loading all parameter:  u_embedding.adapters.51.weight
Loading all parameter:  u_embedding.adapters.51.bias
Loading all parameter:  u_embedding.adapters.52.weight
Loading all parameter:  u_embedding.adapters.52.bias
Loading all parameter:  u_embedding.adapters.53.weight
Loading all parameter:  u_embedding.adapters.53.bias
Loading all parameter:  u_embedding.adapters.54.weight
Loading all parameter:  u_embedding.adapters.54.bias
Loading all parameter:  u_embedding.adapters.55.weight
Loading all parameter:  u_embedding.adapters.55.bias
Loading all parameter:  u_embedding.adapters.56.weight
Loading all parameter:  u_embedding.adapters.56.bias
Loading all parameter:  u_embedding.adapters.57.weight
Loading all parameter:  u_embedding.adapters.57.bias
Loading all parameter:  u_embedding.adapters.58.weight
Loading all parameter:  u_embedding.adapters.58.bias
Loading all parameter:  u_embedding.adapters.59.weight
Loading all parameter:  u_embedding.adapters.59.bias
Loading all parameter:  u_embedding.adapters.60.weight
Loading all parameter:  u_embedding.adapters.60.bias
Loading all parameter:  u_embedding.adapters.61.weight
Loading all parameter:  u_embedding.adapters.61.bias
Loading all parameter:  u_embedding.adapters.62.weight
Loading all parameter:  u_embedding.adapters.62.bias
Loading all parameter:  u_embedding.adapters.63.weight
Loading all parameter:  u_embedding.adapters.63.bias
Loading all parameter:  u_embedding.adapters.64.weight
Loading all parameter:  u_embedding.adapters.64.bias
Loading all parameter:  u_embedding.adapters.65.weight
Loading all parameter:  u_embedding.adapters.65.bias
Loading all parameter:  u_embedding.adapters.66.weight
Loading all parameter:  u_embedding.adapters.66.bias
Loading all parameter:  u_embedding.adapters.67.weight
Loading all parameter:  u_embedding.adapters.67.bias
Loading all parameter:  u_embedding.adapters.68.weight
Loading all parameter:  u_embedding.adapters.68.bias
Loading all parameter:  u_embedding.adapters.69.weight
Loading all parameter:  u_embedding.adapters.69.bias
Loading all parameter:  u_embedding.adapters.70.weight
Loading all parameter:  u_embedding.adapters.70.bias
Loading all parameter:  u_embedding.adapters.71.weight
Loading all parameter:  u_embedding.adapters.71.bias
Loading all parameter:  u_embedding.adapters.72.weight
Loading all parameter:  u_embedding.adapters.72.bias
Loading all parameter:  u_embedding.adapters.73.weight
Loading all parameter:  u_embedding.adapters.73.bias
Loading all parameter:  u_embedding.adapters.74.weight
Loading all parameter:  u_embedding.adapters.74.bias
Loading all parameter:  u_embedding.adapters.75.weight
Loading all parameter:  u_embedding.adapters.75.bias
Loading all parameter:  u_embedding.adapters.76.weight
Loading all parameter:  u_embedding.adapters.76.bias
Loading all parameter:  u_embedding.adapters.77.weight
Loading all parameter:  u_embedding.adapters.77.bias
Loading all parameter:  u_embedding.adapters.78.weight
Loading all parameter:  u_embedding.adapters.78.bias
Loading all parameter:  u_embedding.adapters.79.weight
Loading all parameter:  u_embedding.adapters.79.bias
Loading all parameter:  u_embedding.adapters.80.weight
Loading all parameter:  u_embedding.adapters.80.bias
Loading all parameter:  u_embedding.adapters.81.weight
Loading all parameter:  u_embedding.adapters.81.bias
Loading all parameter:  u_embedding.adapters.82.weight
Loading all parameter:  u_embedding.adapters.82.bias
Loading all parameter:  u_embedding.adapters.83.weight
Loading all parameter:  u_embedding.adapters.83.bias
Loading all parameter:  u_embedding.adapters.84.weight
Loading all parameter:  u_embedding.adapters.84.bias
Loading all parameter:  u_embedding.adapters.85.weight
Loading all parameter:  u_embedding.adapters.85.bias
Loading all parameter:  u_embedding.adapters.86.weight
Loading all parameter:  u_embedding.adapters.86.bias
Loading all parameter:  u_embedding.adapters.87.weight
Loading all parameter:  u_embedding.adapters.87.bias
Loading all parameter:  u_embedding.adapters.88.weight
Loading all parameter:  u_embedding.adapters.88.bias
Loading all parameter:  u_embedding.adapters.89.weight
Loading all parameter:  u_embedding.adapters.89.bias
Loading all parameter:  u_embedding.adapters.90.weight
Loading all parameter:  u_embedding.adapters.90.bias
Loading all parameter:  u_embedding.adapters.91.weight
Loading all parameter:  u_embedding.adapters.91.bias
Loading all parameter:  u_embedding.adapters.92.weight
Loading all parameter:  u_embedding.adapters.92.bias
Loading all parameter:  u_embedding.adapters.93.weight
Loading all parameter:  u_embedding.adapters.93.bias
Loading all parameter:  u_embedding.adapters.94.weight
Loading all parameter:  u_embedding.adapters.94.bias
Loading all parameter:  u_embedding.adapters.95.weight
Loading all parameter:  u_embedding.adapters.95.bias
Loading all parameter:  u_embedding.adapters.96.weight
Loading all parameter:  u_embedding.adapters.96.bias
Loading all parameter:  u_embedding.adapters.97.weight
Loading all parameter:  u_embedding.adapters.97.bias
Loading all parameter:  u_embedding.adapters.98.weight
Loading all parameter:  u_embedding.adapters.98.bias
Loading all parameter:  u_embedding.adapters.99.weight
Loading all parameter:  u_embedding.adapters.99.bias
Loading all parameter:  u_embedding.adapters.100.weight
Loading all parameter:  u_embedding.adapters.100.bias
Loading all parameter:  u_embedding.adapters.101.weight
Loading all parameter:  u_embedding.adapters.101.bias
Loading all parameter:  u_embedding.adapters.102.weight
Loading all parameter:  u_embedding.adapters.102.bias
Loading all parameter:  u_embedding.adapters.103.weight
Loading all parameter:  u_embedding.adapters.103.bias
Loading all parameter:  u_embedding.adapters.104.weight
Loading all parameter:  u_embedding.adapters.104.bias
Loading all parameter:  u_embedding.adapters.105.weight
Loading all parameter:  u_embedding.adapters.105.bias
Loading all parameter:  u_embedding.adapters.106.weight
Loading all parameter:  u_embedding.adapters.106.bias
Loading all parameter:  u_embedding.adapters.107.weight
Loading all parameter:  u_embedding.adapters.107.bias
Loading all parameter:  u_embedding.adapters.108.weight
Loading all parameter:  u_embedding.adapters.108.bias
Loading all parameter:  u_embedding.adapters.109.weight
Loading all parameter:  u_embedding.adapters.109.bias
Loading all parameter:  u_embedding.adapters.110.weight
Loading all parameter:  u_embedding.adapters.110.bias
Loading all parameter:  u_embedding.adapters.111.weight
Loading all parameter:  u_embedding.adapters.111.bias
Loading all parameter:  u_embedding.adapters.112.weight
Loading all parameter:  u_embedding.adapters.112.bias
Loading all parameter:  u_embedding.adapters.113.weight
Loading all parameter:  u_embedding.adapters.113.bias
Loading all parameter:  u_embedding.adapters.114.weight
Loading all parameter:  u_embedding.adapters.114.bias
Loading all parameter:  u_embedding.adapters.115.weight
Loading all parameter:  u_embedding.adapters.115.bias
Loading all parameter:  u_embedding.adapters.116.weight
Loading all parameter:  u_embedding.adapters.116.bias
Loading all parameter:  u_embedding.adapters.117.weight
Loading all parameter:  u_embedding.adapters.117.bias
Loading all parameter:  u_embedding.adapters.118.weight
Loading all parameter:  u_embedding.adapters.118.bias
Loading all parameter:  u_embedding.adapters.119.weight
Loading all parameter:  u_embedding.adapters.119.bias
Loading all parameter:  u_embedding.adapters.120.weight
Loading all parameter:  u_embedding.adapters.120.bias
Loading all parameter:  u_embedding.adapters.121.weight
Loading all parameter:  u_embedding.adapters.121.bias
Loading all parameter:  u_embedding.adapters.122.weight
Loading all parameter:  u_embedding.adapters.122.bias
Loading all parameter:  u_embedding.adapters.123.weight
Loading all parameter:  u_embedding.adapters.123.bias
Loading all parameter:  u_embedding.adapters.124.weight
Loading all parameter:  u_embedding.adapters.124.bias
Loading all parameter:  u_embedding.adapters.125.weight
Loading all parameter:  u_embedding.adapters.125.bias
Loading all parameter:  u_embedding.adapters.126.weight
Loading all parameter:  u_embedding.adapters.126.bias
Loading all parameter:  u_embedding.adapters.127.weight
Loading all parameter:  u_embedding.adapters.127.bias
Loading all parameter:  zs_embedding.0.weight
Loading all parameter:  zs_embedding.0.bias
Loading all parameter:  reid_projector.weight
Loading parameter:  reid_projector.weight
Loading all parameter:  i2t_projector.weight
Loading all parameter:  i2t_projector.bias
orginal best rank1 = 0.1461794019933555
=> Start evaluation on Novel data without finetuning
==========Test with latent_z: z_c =========
Extracted features for query set, obtained torch.Size([2709, 1280]) matrix
Extracted features for gallery set, obtained torch.Size([2000, 1280]) matrix
Extracting features complete in 0m 2s
Distance computing in 0m 0s
Positive values in distance matrix: 0
Negative values in distance matrix: 5418000
Adjusted 0 distances
Results ---------------------------------------------------
top1:13.4% top5:28.9% top10:39.9% top20:52.0% mAP:16.9%
-----------------------------------------------------------
Classification accuracy before cls-ranking: 44.9%
query accuracy after cls-ranking: 0.1%
gallery accuracy after cls-ranking: 0.1%
Classification accuracy after cls-ranking: 44.9%
query accuracy after cls-ranking: 0.1%
gallery accuracy after cls-ranking: 0.1%
Using 0m 1s
Classifier results ---------------------------------------------------
Query acc: 0.1% Gallery acc: 0.1% Total acc: 0.1%
=> Start training
Epoch:1 Time:10.1 Data:0.0 Loss:1287.3412 Cls Loss:1287.3412 Pair Loss:0.2647 Center Loss:1280.1271 KL Loss:37.0254 Recon Loss:0.1562 Acc:0.0010 
=> Current learning rate: 0.000200
Epoch:2 Time:11.3 Data:0.0 Loss:1129.1964 Cls Loss:1129.1964 Pair Loss:0.2594 Center Loss:1122.0574 KL Loss:36.7685 Recon Loss:0.1561 Acc:0.0111 
=> Current learning rate: 0.000400
Epoch:3 Time:9.5 Data:0.0 Loss:991.5512 Cls Loss:991.5512 Pair Loss:0.2691 Center Loss:984.5128 KL Loss:36.5221 Recon Loss:0.1562 Acc:0.0171 
=> Current learning rate: 0.000600
Epoch:4 Time:8.8 Data:0.0 Loss:870.9871 Cls Loss:870.9871 Pair Loss:0.2656 Center Loss:864.1475 KL Loss:36.2479 Recon Loss:0.1561 Acc:0.0224 
=> Current learning rate: 0.000800
Epoch:5 Time:10.1 Data:0.0 Loss:765.2551 Cls Loss:765.2551 Pair Loss:0.2616 Center Loss:758.7426 KL Loss:36.0033 Recon Loss:0.1561 Acc:0.0504 
=> Test at epoch 5
==========Test with latent_z: z_c =========
Extracted features for query set, obtained torch.Size([2709, 1280]) matrix
Extracted features for gallery set, obtained torch.Size([2000, 1280]) matrix
Extracting features complete in 0m 2s
Distance computing in 0m 1s
Positive values in distance matrix: 10947
Negative values in distance matrix: 5407053
Adjusted 0 distances
Results ---------------------------------------------------
top1:14.0% top5:31.1% top10:40.6% top20:53.6% mAP:17.8%
-----------------------------------------------------------
Classification accuracy before cls-ranking: 47.7%
query accuracy after cls-ranking: 7.6%
gallery accuracy after cls-ranking: 44.6%
Classification accuracy after cls-ranking: 47.7%
query accuracy after cls-ranking: 7.6%
gallery accuracy after cls-ranking: 44.6%
Using 0m 1s
Classifier results ---------------------------------------------------
Query acc: 7.6% Gallery acc: 45.9% Total acc: 23.9%
=> Current learning rate: 0.001000
Epoch:6 Time:9.6 Data:0.0 Loss:671.8345 Cls Loss:671.8345 Pair Loss:0.2534 Center Loss:665.7477 KL Loss:35.7474 Recon Loss:0.1561 Acc:0.1217 
=> Current learning rate: 0.001000
Epoch:7 Time:11.3 Data:0.0 Loss:589.8839 Cls Loss:589.8839 Pair Loss:0.2421 Center Loss:584.2550 KL Loss:35.5233 Recon Loss:0.1561 Acc:0.2692 
=> Current learning rate: 0.001000
Epoch:8 Time:11.0 Data:0.0 Loss:518.3100 Cls Loss:518.3100 Pair Loss:0.2324 Center Loss:513.1294 KL Loss:35.2704 Recon Loss:0.1562 Acc:0.4110 
=> Current learning rate: 0.001000
Epoch:9 Time:10.3 Data:0.0 Loss:455.7565 Cls Loss:455.7565 Pair Loss:0.2327 Center Loss:450.9982 KL Loss:35.0095 Recon Loss:0.1561 Acc:0.5370 
=> Current learning rate: 0.001000
Epoch:10 Time:8.4 Data:0.0 Loss:400.8290 Cls Loss:400.8290 Pair Loss:0.2217 Center Loss:396.4754 KL Loss:34.7750 Recon Loss:0.1562 Acc:0.6310 
=> Test at epoch 10
==========Test with latent_z: z_c =========
Extracted features for query set, obtained torch.Size([2709, 1280]) matrix
Extracted features for gallery set, obtained torch.Size([2000, 1280]) matrix
Extracting features complete in 0m 2s
Distance computing in 0m 0s
Positive values in distance matrix: 342050
Negative values in distance matrix: 5075950
Adjusted 0 distances
Results ---------------------------------------------------
top1:15.3% top5:33.0% top10:44.0% top20:56.5% mAP:19.5%
-----------------------------------------------------------
Classification accuracy before cls-ranking: 40.8%
query accuracy after cls-ranking: 15.5%
gallery accuracy after cls-ranking: 88.0%
Classification accuracy after cls-ranking: 40.8%
query accuracy after cls-ranking: 15.5%
gallery accuracy after cls-ranking: 88.0%
Using 0m 1s
Classifier results ---------------------------------------------------
Query acc: 15.5% Gallery acc: 89.9% Total acc: 47.1%
=> Current learning rate: 0.001000
Epoch:11 Time:9.1 Data:0.0 Loss:352.5005 Cls Loss:352.5005 Pair Loss:0.2163 Center Loss:348.5235 KL Loss:34.5032 Recon Loss:0.1561 Acc:0.7152 
=> Current learning rate: 0.001000
Epoch:12 Time:10.9 Data:0.0 Loss:310.3362 Cls Loss:310.3362 Pair Loss:0.2117 Center Loss:306.7040 KL Loss:34.2467 Recon Loss:0.1562 Acc:0.7659 
=> Current learning rate: 0.001000
Epoch:13 Time:10.1 Data:0.0 Loss:273.0733 Cls Loss:273.0733 Pair Loss:0.2071 Center Loss:269.7670 KL Loss:34.0249 Recon Loss:0.1562 Acc:0.8213 
=> Current learning rate: 0.001000
Epoch:14 Time:11.4 Data:0.0 Loss:240.7005 Cls Loss:240.7005 Pair Loss:0.2001 Center Loss:237.6787 KL Loss:33.7371 Recon Loss:0.1562 Acc:0.8586 
=> Current learning rate: 0.001000
Epoch:15 Time:8.1 Data:0.0 Loss:212.0375 Cls Loss:212.0375 Pair Loss:0.1963 Center Loss:209.2872 KL Loss:33.5439 Recon Loss:0.1562 Acc:0.8765 
=> Test at epoch 15
==========Test with latent_z: z_c =========
Extracted features for query set, obtained torch.Size([2709, 1280]) matrix
Extracted features for gallery set, obtained torch.Size([2000, 1280]) matrix
Extracting features complete in 0m 2s
Distance computing in 0m 0s
Positive values in distance matrix: 634473
Negative values in distance matrix: 4783526
Adjusted 0 distances
Results ---------------------------------------------------
top1:16.5% top5:34.5% top10:46.0% top20:58.5% mAP:20.8%
-----------------------------------------------------------
Classification accuracy before cls-ranking: 42.2%
query accuracy after cls-ranking: 19.3%
gallery accuracy after cls-ranking: 96.3%
Classification accuracy after cls-ranking: 42.2%
query accuracy after cls-ranking: 19.3%
gallery accuracy after cls-ranking: 96.3%
Using 0m 1s
Classifier results ---------------------------------------------------
Query acc: 19.3% Gallery acc: 97.1% Total acc: 52.3%
=> Current learning rate: 0.001000
Epoch:16 Time:9.7 Data:0.0 Loss:187.1002 Cls Loss:187.1002 Pair Loss:0.1940 Center Loss:184.5633 KL Loss:33.2961 Recon Loss:0.1562 Acc:0.9017 
=> Current learning rate: 0.001000
Epoch:17 Time:9.1 Data:0.0 Loss:164.9612 Cls Loss:164.9612 Pair Loss:0.1930 Center Loss:162.6367 KL Loss:33.0484 Recon Loss:0.1562 Acc:0.9216 
=> Current learning rate: 0.001000
Epoch:18 Time:10.5 Data:0.0 Loss:145.7023 Cls Loss:145.7023 Pair Loss:0.1913 Center Loss:143.5639 KL Loss:32.7756 Recon Loss:0.1562 Acc:0.9362 
=> Current learning rate: 0.001000
Epoch:19 Time:9.4 Data:0.0 Loss:128.5714 Cls Loss:128.5714 Pair Loss:0.1867 Center Loss:126.5918 KL Loss:32.5271 Recon Loss:0.1562 Acc:0.9483 
=> Current learning rate: 0.001000
Epoch:20 Time:8.8 Data:0.0 Loss:113.5861 Cls Loss:113.5861 Pair Loss:0.1858 Center Loss:111.7453 KL Loss:32.2992 Recon Loss:0.1561 Acc:0.9506 
=> Test at epoch 20
==========Test with latent_z: z_c =========
Extracted features for query set, obtained torch.Size([2709, 1280]) matrix
Extracted features for gallery set, obtained torch.Size([2000, 1280]) matrix
Extracting features complete in 0m 2s
Distance computing in 0m 1s
Positive values in distance matrix: 855905
Negative values in distance matrix: 4562095
Adjusted 0 distances
Results ---------------------------------------------------
top1:17.3% top5:36.0% top10:47.7% top20:60.6% mAP:21.9%
-----------------------------------------------------------
Classification accuracy before cls-ranking: 42.7%
query accuracy after cls-ranking: 21.4%
gallery accuracy after cls-ranking: 99.0%
Classification accuracy after cls-ranking: 42.7%
query accuracy after cls-ranking: 21.4%
gallery accuracy after cls-ranking: 99.0%
Using 0m 1s
Classifier results ---------------------------------------------------
Query acc: 21.4% Gallery acc: 99.3% Total acc: 54.4%
=> Current learning rate: 0.001000
Epoch:21 Time:6.3 Data:0.0 Loss:100.4157 Cls Loss:100.4157 Pair Loss:0.1747 Center Loss:98.7072 KL Loss:32.0418 Recon Loss:0.1562 Acc:0.9617 
=> Current learning rate: 0.001000
Epoch:22 Time:7.7 Data:0.0 Loss:88.8462 Cls Loss:88.8462 Pair Loss:0.1817 Center Loss:87.2334 KL Loss:31.7902 Recon Loss:0.1561 Acc:0.9665 
=> Current learning rate: 0.001000
Epoch:23 Time:6.7 Data:0.0 Loss:78.7661 Cls Loss:78.7661 Pair Loss:0.1785 Center Loss:77.2518 KL Loss:31.5664 Recon Loss:0.1562 Acc:0.9713 
=> Current learning rate: 0.001000
Epoch:24 Time:7.9 Data:0.0 Loss:69.7758 Cls Loss:69.7758 Pair Loss:0.1772 Center Loss:68.3435 KL Loss:31.3122 Recon Loss:0.1561 Acc:0.9791 
=> Current learning rate: 0.001000
Epoch:25 Time:8.5 Data:0.0 Loss:61.9693 Cls Loss:61.9693 Pair Loss:0.1752 Center Loss:60.6037 KL Loss:31.0455 Recon Loss:0.1561 Acc:0.9806 
=> Test at epoch 25
==========Test with latent_z: z_c =========
Extracted features for query set, obtained torch.Size([2709, 1280]) matrix
Extracted features for gallery set, obtained torch.Size([2000, 1280]) matrix
Extracting features complete in 0m 2s
Distance computing in 0m 1s
Positive values in distance matrix: 1098828
Negative values in distance matrix: 4319172
Adjusted 0 distances
Results ---------------------------------------------------
top1:17.7% top5:36.7% top10:48.8% top20:62.2% mAP:22.6%
-----------------------------------------------------------
Classification accuracy before cls-ranking: 43.3%
query accuracy after cls-ranking: 21.0%
gallery accuracy after cls-ranking: 99.6%
Classification accuracy after cls-ranking: 43.3%
query accuracy after cls-ranking: 21.0%
gallery accuracy after cls-ranking: 99.6%
Using 0m 1s
Classifier results ---------------------------------------------------
Query acc: 21.0% Gallery acc: 99.7% Total acc: 54.4%
=> Current learning rate: 0.001000
Epoch:26 Time:6.1 Data:0.0 Loss:54.9648 Cls Loss:54.9648 Pair Loss:0.1774 Center Loss:53.6607 KL Loss:30.8021 Recon Loss:0.1562 Acc:0.9831 
=> Current learning rate: 0.001000
Epoch:27 Time:8.4 Data:0.0 Loss:48.8524 Cls Loss:48.8524 Pair Loss:0.1766 Center Loss:47.6017 KL Loss:30.5822 Recon Loss:0.1562 Acc:0.9839 
=> Current learning rate: 0.001000
Epoch:28 Time:7.4 Data:0.0 Loss:43.4855 Cls Loss:43.4855 Pair Loss:0.1697 Center Loss:42.2833 KL Loss:30.3078 Recon Loss:0.1562 Acc:0.9856 
=> Current learning rate: 0.001000
Epoch:29 Time:8.5 Data:0.0 Loss:38.7453 Cls Loss:38.7453 Pair Loss:0.1711 Center Loss:37.5834 KL Loss:30.0481 Recon Loss:0.1561 Acc:0.9871 
=> Current learning rate: 0.001000
Epoch:30 Time:7.6 Data:0.0 Loss:34.5851 Cls Loss:34.5851 Pair Loss:0.1660 Center Loss:33.4678 KL Loss:29.8668 Recon Loss:0.1561 Acc:0.9884 
=> Test at epoch 30
==========Test with latent_z: z_c =========
Extracted features for query set, obtained torch.Size([2709, 1280]) matrix
Extracted features for gallery set, obtained torch.Size([2000, 1280]) matrix
Extracting features complete in 0m 1s
Distance computing in 0m 0s
Positive values in distance matrix: 1233689
Negative values in distance matrix: 4184311
Adjusted 0 distances
Results ---------------------------------------------------
top1:18.2% top5:37.4% top10:49.2% top20:62.8% mAP:23.2%
-----------------------------------------------------------
Classification accuracy before cls-ranking: 42.6%
query accuracy after cls-ranking: 21.2%
gallery accuracy after cls-ranking: 99.9%
Classification accuracy after cls-ranking: 42.6%
query accuracy after cls-ranking: 21.2%
gallery accuracy after cls-ranking: 99.9%
Using 0m 1s
Classifier results ---------------------------------------------------
Query acc: 21.2% Gallery acc: 99.9% Total acc: 54.6%
=> Current learning rate: 0.001000
Epoch:31 Time:6.2 Data:0.0 Loss:30.9402 Cls Loss:30.9402 Pair Loss:0.1694 Center Loss:29.8459 KL Loss:29.5582 Recon Loss:0.1562 Acc:0.9879 
=> Current learning rate: 0.001000
Epoch:32 Time:7.1 Data:0.0 Loss:27.6658 Cls Loss:27.6658 Pair Loss:0.1682 Center Loss:26.6036 KL Loss:29.3037 Recon Loss:0.1561 Acc:0.9914 
=> Current learning rate: 0.001000
Epoch:33 Time:7.0 Data:0.0 Loss:24.8125 Cls Loss:24.8125 Pair Loss:0.1665 Center Loss:23.7767 KL Loss:29.0605 Recon Loss:0.1562 Acc:0.9899 
=> Current learning rate: 0.001000
Epoch:34 Time:7.5 Data:0.0 Loss:22.2912 Cls Loss:22.2912 Pair Loss:0.1632 Center Loss:21.2817 KL Loss:28.8345 Recon Loss:0.1561 Acc:0.9929 
=> Current learning rate: 0.001000
Epoch:35 Time:7.3 Data:0.0 Loss:20.0501 Cls Loss:20.0501 Pair Loss:0.1610 Center Loss:19.0591 KL Loss:28.5494 Recon Loss:0.1562 Acc:0.9909 
=> Test at epoch 35
==========Test with latent_z: z_c =========
Extracted features for query set, obtained torch.Size([2709, 1280]) matrix
Extracted features for gallery set, obtained torch.Size([2000, 1280]) matrix
Extracting features complete in 0m 1s
Distance computing in 0m 0s
Positive values in distance matrix: 1196002
Negative values in distance matrix: 4221998
Adjusted 0 distances
Results ---------------------------------------------------
top1:18.5% top5:38.2% top10:50.3% top20:63.4% mAP:23.6%
-----------------------------------------------------------
Classification accuracy before cls-ranking: 43.4%
query accuracy after cls-ranking: 22.2%
gallery accuracy after cls-ranking: 99.9%
Classification accuracy after cls-ranking: 43.4%
query accuracy after cls-ranking: 22.2%
gallery accuracy after cls-ranking: 99.9%
Using 0m 1s
Classifier results ---------------------------------------------------
Query acc: 22.2% Gallery acc: 99.9% Total acc: 55.2%
=> Current learning rate: 0.001000
Epoch:36 Time:6.5 Data:0.0 Loss:18.0994 Cls Loss:18.0994 Pair Loss:0.1596 Center Loss:17.1247 KL Loss:28.3131 Recon Loss:0.1562 Acc:0.9924 
=> Current learning rate: 0.001000
Epoch:37 Time:6.6 Data:0.0 Loss:16.3656 Cls Loss:16.3656 Pair Loss:0.1642 Center Loss:15.4023 KL Loss:28.0682 Recon Loss:0.1562 Acc:0.9909 
=> Current learning rate: 0.001000
Epoch:38 Time:8.4 Data:0.0 Loss:14.8290 Cls Loss:14.8290 Pair Loss:0.1614 Center Loss:13.8796 KL Loss:27.8093 Recon Loss:0.1562 Acc:0.9932 
=> Current learning rate: 0.001000
Epoch:39 Time:7.9 Data:0.0 Loss:13.4591 Cls Loss:13.4591 Pair Loss:0.1571 Center Loss:12.5266 KL Loss:27.5777 Recon Loss:0.1562 Acc:0.9957 
=> Current learning rate: 0.001000
Epoch:40 Time:7.9 Data:0.0 Loss:12.2754 Cls Loss:12.2754 Pair Loss:0.1559 Center Loss:11.3531 KL Loss:27.3109 Recon Loss:0.1561 Acc:0.9950 
=> Test at epoch 40
==========Test with latent_z: z_c =========
Extracted features for query set, obtained torch.Size([2709, 1280]) matrix
Extracted features for gallery set, obtained torch.Size([2000, 1280]) matrix
Extracting features complete in 0m 1s
Distance computing in 0m 0s
Positive values in distance matrix: 1297281
Negative values in distance matrix: 4120719
Adjusted 0 distances
Results ---------------------------------------------------
top1:19.0% top5:38.6% top10:50.6% top20:64.3% mAP:24.0%
-----------------------------------------------------------
Classification accuracy before cls-ranking: 43.1%
query accuracy after cls-ranking: 22.0%
gallery accuracy after cls-ranking: 99.9%
Classification accuracy after cls-ranking: 43.1%
query accuracy after cls-ranking: 22.0%
gallery accuracy after cls-ranking: 99.9%
Using 0m 1s
Classifier results ---------------------------------------------------
Query acc: 22.0% Gallery acc: 99.9% Total acc: 55.1%
=> Current learning rate: 0.001000
Epoch:41 Time:6.5 Data:0.0 Loss:11.2202 Cls Loss:11.2202 Pair Loss:0.1611 Center Loss:10.3062 KL Loss:27.0824 Recon Loss:0.1562 Acc:0.9940 
=> Current learning rate: 0.001000
Epoch:42 Time:6.6 Data:0.0 Loss:10.2782 Cls Loss:10.2782 Pair Loss:0.1628 Center Loss:9.3627 KL Loss:26.8148 Recon Loss:0.1561 Acc:0.9955 
=> Current learning rate: 0.001000
Epoch:43 Time:7.7 Data:0.0 Loss:9.4364 Cls Loss:9.4364 Pair Loss:0.1569 Center Loss:8.5423 KL Loss:26.6056 Recon Loss:0.1562 Acc:0.9952 
=> Current learning rate: 0.001000
Epoch:44 Time:6.9 Data:0.0 Loss:8.7059 Cls Loss:8.7059 Pair Loss:0.1576 Center Loss:7.8106 KL Loss:26.3262 Recon Loss:0.1562 Acc:0.9952 
=> Current learning rate: 0.001000
Epoch:45 Time:8.0 Data:0.0 Loss:8.0498 Cls Loss:8.0498 Pair Loss:0.1558 Center Loss:7.1631 KL Loss:26.0989 Recon Loss:0.1562 Acc:0.9950 
=> Test at epoch 45
==========Test with latent_z: z_c =========
Extracted features for query set, obtained torch.Size([2709, 1280]) matrix
Extracted features for gallery set, obtained torch.Size([2000, 1280]) matrix
Extracting features complete in 0m 2s
Distance computing in 0m 0s
Positive values in distance matrix: 1405887
Negative values in distance matrix: 4012113
Adjusted 0 distances
Results ---------------------------------------------------
top1:19.2% top5:39.4% top10:51.3% top20:64.9% mAP:24.4%
-----------------------------------------------------------
Classification accuracy before cls-ranking: 43.6%
query accuracy after cls-ranking: 22.3%
gallery accuracy after cls-ranking: 99.9%
Classification accuracy after cls-ranking: 43.6%
query accuracy after cls-ranking: 22.3%
gallery accuracy after cls-ranking: 99.9%
Using 0m 1s
Classifier results ---------------------------------------------------
Query acc: 22.3% Gallery acc: 100.0% Total acc: 55.3%
=> Current learning rate: 0.001000
Epoch:46 Time:6.0 Data:0.0 Loss:7.4639 Cls Loss:7.4639 Pair Loss:0.1545 Center Loss:6.5874 KL Loss:25.8575 Recon Loss:0.1562 Acc:0.9957 
=> Current learning rate: 0.001000
Epoch:47 Time:6.4 Data:0.0 Loss:6.9406 Cls Loss:6.9406 Pair Loss:0.1539 Center Loss:6.0693 KL Loss:25.5687 Recon Loss:0.1562 Acc:0.9962 
=> Current learning rate: 0.001000
Epoch:48 Time:7.0 Data:0.0 Loss:6.4844 Cls Loss:6.4844 Pair Loss:0.1507 Center Loss:5.6144 KL Loss:25.3352 Recon Loss:0.1561 Acc:0.9952 
=> Current learning rate: 0.001000
Epoch:49 Time:8.2 Data:0.0 Loss:6.0742 Cls Loss:6.0742 Pair Loss:0.1509 Center Loss:5.2091 KL Loss:25.0961 Recon Loss:0.1561 Acc:0.9960 
=> Current learning rate: 0.001000
Epoch:50 Time:8.3 Data:0.0 Loss:5.7183 Cls Loss:5.7183 Pair Loss:0.1511 Center Loss:4.8521 KL Loss:24.8514 Recon Loss:0.1561 Acc:0.9960 
=> Test at epoch 50
==========Test with latent_z: z_c =========
Extracted features for query set, obtained torch.Size([2709, 1280]) matrix
Extracted features for gallery set, obtained torch.Size([2000, 1280]) matrix
Extracting features complete in 0m 1s
Distance computing in 0m 1s
Positive values in distance matrix: 1377863
Negative values in distance matrix: 4040137
Adjusted 0 distances
Results ---------------------------------------------------
top1:19.5% top5:40.2% top10:51.6% top20:65.4% mAP:24.8%
-----------------------------------------------------------
Classification accuracy before cls-ranking: 42.7%
query accuracy after cls-ranking: 22.3%
gallery accuracy after cls-ranking: 100.0%
Classification accuracy after cls-ranking: 42.7%
query accuracy after cls-ranking: 22.3%
gallery accuracy after cls-ranking: 100.0%
Using 0m 1s
Classifier results ---------------------------------------------------
Query acc: 22.3% Gallery acc: 100.0% Total acc: 55.3%
=> Current learning rate: 0.001000
Epoch:51 Time:7.1 Data:0.0 Loss:5.3862 Cls Loss:5.3862 Pair Loss:0.1550 Center Loss:4.5210 KL Loss:24.5851 Recon Loss:0.1561 Acc:0.9952 
=> Current learning rate: 0.001000
Epoch:52 Time:6.9 Data:0.0 Loss:5.0895 Cls Loss:5.0895 Pair Loss:0.1482 Center Loss:4.2336 KL Loss:24.3383 Recon Loss:0.1561 Acc:0.9960 
=> Current learning rate: 0.001000
Epoch:53 Time:8.3 Data:0.0 Loss:4.8392 Cls Loss:4.8392 Pair Loss:0.1529 Center Loss:3.9825 KL Loss:24.0872 Recon Loss:0.1562 Acc:0.9960 
=> Current learning rate: 0.001000
Epoch:54 Time:7.7 Data:0.0 Loss:4.6094 Cls Loss:4.6094 Pair Loss:0.1571 Center Loss:3.7498 KL Loss:23.8438 Recon Loss:0.1562 Acc:0.9952 
=> Current learning rate: 0.001000
Epoch:55 Time:9.2 Data:0.0 Loss:4.4009 Cls Loss:4.4009 Pair Loss:0.1482 Center Loss:3.5486 KL Loss:23.5807 Recon Loss:0.1562 Acc:0.9965 
=> Test at epoch 55
==========Test with latent_z: z_c =========
Extracted features for query set, obtained torch.Size([2709, 1280]) matrix
Extracted features for gallery set, obtained torch.Size([2000, 1280]) matrix
Extracting features complete in 0m 1s
Distance computing in 0m 0s
Positive values in distance matrix: 1410255
Negative values in distance matrix: 4007745
Adjusted 0 distances
Results ---------------------------------------------------
top1:19.5% top5:39.8% top10:52.4% top20:65.6% mAP:24.9%
-----------------------------------------------------------
Classification accuracy before cls-ranking: 42.8%
query accuracy after cls-ranking: 22.4%
gallery accuracy after cls-ranking: 100.0%
Classification accuracy after cls-ranking: 42.8%
query accuracy after cls-ranking: 22.4%
gallery accuracy after cls-ranking: 100.0%
Using 0m 1s
Classifier results ---------------------------------------------------
Query acc: 22.4% Gallery acc: 100.0% Total acc: 55.4%
=> Current learning rate: 0.001000
Epoch:56 Time:5.5 Data:0.0 Loss:4.2097 Cls Loss:4.2097 Pair Loss:0.1487 Center Loss:3.3600 KL Loss:23.3200 Recon Loss:0.1561 Acc:0.9967 
=> Current learning rate: 0.001000
Epoch:57 Time:7.8 Data:0.0 Loss:4.0552 Cls Loss:4.0552 Pair Loss:0.1510 Center Loss:3.2051 KL Loss:23.1113 Recon Loss:0.1562 Acc:0.9967 
=> Current learning rate: 0.001000
Epoch:58 Time:7.5 Data:0.0 Loss:3.9137 Cls Loss:3.9137 Pair Loss:0.1493 Center Loss:3.0590 KL Loss:22.8465 Recon Loss:0.1562 Acc:0.9965 
=> Current learning rate: 0.001000
Epoch:59 Time:8.4 Data:0.0 Loss:3.7835 Cls Loss:3.7835 Pair Loss:0.1543 Center Loss:2.9259 KL Loss:22.6394 Recon Loss:0.1562 Acc:0.9957 
=> Current learning rate: 0.001000
Epoch:60 Time:8.0 Data:0.0 Loss:3.6398 Cls Loss:3.6398 Pair Loss:0.1449 Center Loss:2.7955 KL Loss:22.3665 Recon Loss:0.1562 Acc:0.9967 
=> Test at epoch 60
==========Test with latent_z: z_c =========
Extracted features for query set, obtained torch.Size([2709, 1280]) matrix
Extracted features for gallery set, obtained torch.Size([2000, 1280]) matrix
Extracting features complete in 0m 2s
Distance computing in 0m 1s
Positive values in distance matrix: 1458120
Negative values in distance matrix: 3959880
Adjusted 0 distances
Results ---------------------------------------------------
top1:19.3% top5:40.4% top10:52.2% top20:66.2% mAP:25.1%
-----------------------------------------------------------
Classification accuracy before cls-ranking: 42.7%
query accuracy after cls-ranking: 22.7%
gallery accuracy after cls-ranking: 100.0%
Classification accuracy after cls-ranking: 42.7%
query accuracy after cls-ranking: 22.7%
gallery accuracy after cls-ranking: 100.0%
Using 0m 1s
Classifier results ---------------------------------------------------
Query acc: 22.7% Gallery acc: 100.0% Total acc: 55.5%
=> Current learning rate: 0.001000
Epoch:61 Time:5.8 Data:0.0 Loss:3.2620 Cls Loss:3.2620 Pair Loss:0.1451 Center Loss:2.5149 KL Loss:22.1150 Recon Loss:0.1562 Acc:0.9982 
=> Current learning rate: 0.000100
Epoch:62 Time:8.1 Data:0.0 Loss:3.2151 Cls Loss:3.2151 Pair Loss:0.1468 Center Loss:2.4573 KL Loss:21.8963 Recon Loss:0.1562 Acc:0.9985 
=> Current learning rate: 0.000100
Epoch:63 Time:7.4 Data:0.0 Loss:3.1967 Cls Loss:3.1967 Pair Loss:0.1421 Center Loss:2.4407 KL Loss:21.6482 Recon Loss:0.1562 Acc:0.9987 
=> Current learning rate: 0.000100
Epoch:64 Time:9.0 Data:0.0 Loss:3.1910 Cls Loss:3.1910 Pair Loss:0.1493 Center Loss:2.4238 KL Loss:21.3579 Recon Loss:0.1562 Acc:0.9987 
=> Current learning rate: 0.000100
Epoch:65 Time:7.7 Data:0.0 Loss:3.1768 Cls Loss:3.1768 Pair Loss:0.1440 Center Loss:2.4124 KL Loss:21.1135 Recon Loss:0.1561 Acc:0.9985 
=> Test at epoch 65
==========Test with latent_z: z_c =========
Extracted features for query set, obtained torch.Size([2709, 1280]) matrix
Extracted features for gallery set, obtained torch.Size([2000, 1280]) matrix
Extracting features complete in 0m 2s
Distance computing in 0m 1s
Positive values in distance matrix: 1497873
Negative values in distance matrix: 3920127
Adjusted 0 distances
Results ---------------------------------------------------
top1:19.6% top5:40.9% top10:52.6% top20:66.4% mAP:25.2%
-----------------------------------------------------------
Classification accuracy before cls-ranking: 42.8%
query accuracy after cls-ranking: 22.8%
gallery accuracy after cls-ranking: 100.0%
Classification accuracy after cls-ranking: 42.8%
query accuracy after cls-ranking: 22.8%
gallery accuracy after cls-ranking: 100.0%
Using 0m 1s
Classifier results ---------------------------------------------------
Query acc: 22.8% Gallery acc: 100.0% Total acc: 55.6%
=> Current learning rate: 0.000100
Epoch:66 Time:7.0 Data:0.0 Loss:3.1614 Cls Loss:3.1614 Pair Loss:0.1383 Center Loss:2.4006 KL Loss:20.9077 Recon Loss:0.1562 Acc:0.9987 
=> Current learning rate: 0.000100
Epoch:67 Time:7.2 Data:0.0 Loss:3.1621 Cls Loss:3.1621 Pair Loss:0.1465 Center Loss:2.3934 KL Loss:20.6300 Recon Loss:0.1561 Acc:0.9987 
=> Current learning rate: 0.000100
Epoch:68 Time:6.8 Data:0.0 Loss:3.1470 Cls Loss:3.1470 Pair Loss:0.1404 Center Loss:2.3826 KL Loss:20.3676 Recon Loss:0.1562 Acc:0.9985 
=> Current learning rate: 0.000100
Epoch:69 Time:7.7 Data:0.0 Loss:3.1427 Cls Loss:3.1427 Pair Loss:0.1470 Center Loss:2.3735 KL Loss:20.1420 Recon Loss:0.1562 Acc:0.9987 
=> Current learning rate: 0.000100
Epoch:70 Time:8.4 Data:0.0 Loss:3.1301 Cls Loss:3.1301 Pair Loss:0.1424 Center Loss:2.3638 KL Loss:19.9148 Recon Loss:0.1562 Acc:0.9985 
=> Test at epoch 70
==========Test with latent_z: z_c =========
Extracted features for query set, obtained torch.Size([2709, 1280]) matrix
Extracted features for gallery set, obtained torch.Size([2000, 1280]) matrix
Extracting features complete in 0m 1s
Distance computing in 0m 1s
Positive values in distance matrix: 1496469
Negative values in distance matrix: 3921531
Adjusted 0 distances
Results ---------------------------------------------------
top1:19.6% top5:40.8% top10:52.8% top20:66.3% mAP:25.3%
-----------------------------------------------------------
Classification accuracy before cls-ranking: 43.0%
query accuracy after cls-ranking: 22.9%
gallery accuracy after cls-ranking: 100.0%
Classification accuracy after cls-ranking: 43.0%
query accuracy after cls-ranking: 22.9%
gallery accuracy after cls-ranking: 100.0%
Using 0m 1s
Classifier results ---------------------------------------------------
Query acc: 22.9% Gallery acc: 100.0% Total acc: 55.6%
=> Current learning rate: 0.000100
Epoch:71 Time:6.0 Data:0.0 Loss:3.1249 Cls Loss:3.1249 Pair Loss:0.1481 Center Loss:2.3499 KL Loss:19.6127 Recon Loss:0.1561 Acc:0.9990 
=> Current learning rate: 0.000100
Epoch:72 Time:7.7 Data:0.0 Loss:3.1148 Cls Loss:3.1148 Pair Loss:0.1440 Center Loss:2.3442 KL Loss:19.3821 Recon Loss:0.1562 Acc:0.9985 
=> Current learning rate: 0.000100
Epoch:73 Time:8.5 Data:0.0 Loss:3.1009 Cls Loss:3.1009 Pair Loss:0.1382 Center Loss:2.3351 KL Loss:19.1466 Recon Loss:0.1562 Acc:0.9987 
=> Current learning rate: 0.000100
Epoch:74 Time:7.6 Data:0.0 Loss:3.0978 Cls Loss:3.0978 Pair Loss:0.1445 Center Loss:2.3250 KL Loss:18.8933 Recon Loss:0.1562 Acc:0.9987 
=> Current learning rate: 0.000100
Epoch:75 Time:8.2 Data:0.0 Loss:3.0926 Cls Loss:3.0926 Pair Loss:0.1451 Center Loss:2.3202 KL Loss:18.6358 Recon Loss:0.1562 Acc:0.9982 
=> Test at epoch 75
==========Test with latent_z: z_c =========
Extracted features for query set, obtained torch.Size([2709, 1280]) matrix
Extracted features for gallery set, obtained torch.Size([2000, 1280]) matrix
Extracting features complete in 0m 1s
Distance computing in 0m 0s
Positive values in distance matrix: 1506570
Negative values in distance matrix: 3911430
Adjusted 0 distances
Results ---------------------------------------------------
top1:19.7% top5:40.7% top10:53.0% top20:66.2% mAP:25.3%
-----------------------------------------------------------
Classification accuracy before cls-ranking: 43.3%
query accuracy after cls-ranking: 23.1%
gallery accuracy after cls-ranking: 100.0%
Classification accuracy after cls-ranking: 43.3%
query accuracy after cls-ranking: 23.1%
gallery accuracy after cls-ranking: 100.0%
Using 0m 1s
Classifier results ---------------------------------------------------
Query acc: 23.1% Gallery acc: 100.0% Total acc: 55.8%
=> Current learning rate: 0.000100
Epoch:76 Time:7.2 Data:0.0 Loss:3.0797 Cls Loss:3.0797 Pair Loss:0.1443 Center Loss:2.3089 KL Loss:18.4162 Recon Loss:0.1561 Acc:0.9987 
=> Current learning rate: 0.000100
Epoch:77 Time:7.6 Data:0.0 Loss:3.0705 Cls Loss:3.0705 Pair Loss:0.1424 Center Loss:2.3004 KL Loss:18.1620 Recon Loss:0.1562 Acc:0.9985 
=> Current learning rate: 0.000100
Epoch:78 Time:8.8 Data:0.0 Loss:3.0674 Cls Loss:3.0674 Pair Loss:0.1466 Center Loss:2.2940 KL Loss:17.9107 Recon Loss:0.1562 Acc:0.9982 
=> Current learning rate: 0.000100
Epoch:79 Time:7.5 Data:0.0 Loss:3.0590 Cls Loss:3.0590 Pair Loss:0.1459 Center Loss:2.2830 KL Loss:17.6641 Recon Loss:0.1561 Acc:0.9990 
=> Current learning rate: 0.000100
Epoch:80 Time:8.0 Data:0.0 Loss:3.0499 Cls Loss:3.0499 Pair Loss:0.1454 Center Loss:2.2749 KL Loss:17.4168 Recon Loss:0.1561 Acc:0.9987 
=> Test at epoch 80
==========Test with latent_z: z_c =========
Extracted features for query set, obtained torch.Size([2709, 1280]) matrix
Extracted features for gallery set, obtained torch.Size([2000, 1280]) matrix
Extracting features complete in 0m 2s
Distance computing in 0m 0s
Positive values in distance matrix: 1493187
Negative values in distance matrix: 3924813
Adjusted 0 distances
Results ---------------------------------------------------
top1:19.6% top5:40.8% top10:52.9% top20:66.3% mAP:25.3%
-----------------------------------------------------------
Classification accuracy before cls-ranking: 43.0%
query accuracy after cls-ranking: 23.0%
gallery accuracy after cls-ranking: 100.0%
Classification accuracy after cls-ranking: 43.0%
query accuracy after cls-ranking: 23.0%
gallery accuracy after cls-ranking: 100.0%
Using 0m 1s
Classifier results ---------------------------------------------------
Query acc: 23.0% Gallery acc: 100.0% Total acc: 55.7%
=> Current learning rate: 0.000100
Epoch:81 Time:7.9 Data:0.0 Loss:3.0403 Cls Loss:3.0403 Pair Loss:0.1451 Center Loss:2.2673 KL Loss:17.1824 Recon Loss:0.1561 Acc:0.9990 
=> Current learning rate: 0.000100
Epoch:82 Time:7.5 Data:0.0 Loss:3.0324 Cls Loss:3.0324 Pair Loss:0.1408 Center Loss:2.2632 KL Loss:17.1278 Recon Loss:0.1562 Acc:0.9985 
=> Current learning rate: 0.000100
Epoch:83 Time:8.7 Data:0.0 Loss:3.0269 Cls Loss:3.0269 Pair Loss:0.1456 Center Loss:2.2521 KL Loss:17.1558 Recon Loss:0.1561 Acc:0.9985 
=> Current learning rate: 0.000100
Epoch:84 Time:8.4 Data:0.0 Loss:3.0194 Cls Loss:3.0194 Pair Loss:0.1475 Center Loss:2.2424 KL Loss:17.0953 Recon Loss:0.1561 Acc:0.9987 
=> Current learning rate: 0.000100
Epoch:85 Time:7.5 Data:0.0 Loss:3.0060 Cls Loss:3.0060 Pair Loss:0.1412 Center Loss:2.2362 KL Loss:17.1341 Recon Loss:0.1562 Acc:0.9982 
=> Test at epoch 85
==========Test with latent_z: z_c =========
Extracted features for query set, obtained torch.Size([2709, 1280]) matrix
Extracted features for gallery set, obtained torch.Size([2000, 1280]) matrix
Extracting features complete in 0m 2s
Distance computing in 0m 0s
Positive values in distance matrix: 1482561
Negative values in distance matrix: 3935439
Adjusted 0 distances
Results ---------------------------------------------------
top1:19.7% top5:40.6% top10:52.9% top20:66.2% mAP:25.3%
-----------------------------------------------------------
Classification accuracy before cls-ranking: 43.2%
query accuracy after cls-ranking: 23.0%
gallery accuracy after cls-ranking: 100.0%
Classification accuracy after cls-ranking: 43.2%
query accuracy after cls-ranking: 23.0%
gallery accuracy after cls-ranking: 100.0%
Using 0m 1s
Classifier results ---------------------------------------------------
Query acc: 23.0% Gallery acc: 100.0% Total acc: 55.7%
=> Current learning rate: 0.000100
Epoch:86 Time:8.6 Data:0.0 Loss:3.0077 Cls Loss:3.0077 Pair Loss:0.1480 Center Loss:2.2303 KL Loss:17.1212 Recon Loss:0.1561 Acc:0.9987 
=> Current learning rate: 0.000100
Epoch:87 Time:7.9 Data:0.0 Loss:2.9992 Cls Loss:2.9992 Pair Loss:0.1492 Center Loss:2.2189 KL Loss:17.1403 Recon Loss:0.1562 Acc:0.9985 
=> Current learning rate: 0.000100
Epoch:88 Time:8.8 Data:0.0 Loss:2.9907 Cls Loss:2.9907 Pair Loss:0.1425 Center Loss:2.2165 KL Loss:17.0914 Recon Loss:0.1562 Acc:0.9985 
=> Current learning rate: 0.000100
Epoch:89 Time:7.6 Data:0.0 Loss:2.9861 Cls Loss:2.9861 Pair Loss:0.1456 Center Loss:2.2091 KL Loss:17.1279 Recon Loss:0.1562 Acc:0.9985 
=> Current learning rate: 0.000100
Epoch:90 Time:6.3 Data:0.0 Loss:2.9799 Cls Loss:2.9799 Pair Loss:0.1464 Center Loss:2.2026 KL Loss:17.1450 Recon Loss:0.1562 Acc:0.9987 
=> Test at epoch 90
==========Test with latent_z: z_c =========
Extracted features for query set, obtained torch.Size([2709, 1280]) matrix
Extracted features for gallery set, obtained torch.Size([2000, 1280]) matrix
Extracting features complete in 0m 2s
Distance computing in 0m 0s
Positive values in distance matrix: 1500822
Negative values in distance matrix: 3917178
Adjusted 0 distances
Results ---------------------------------------------------
top1:19.7% top5:40.5% top10:53.0% top20:66.6% mAP:25.3%
-----------------------------------------------------------
Classification accuracy before cls-ranking: 43.3%
query accuracy after cls-ranking: 23.0%
gallery accuracy after cls-ranking: 100.0%
Classification accuracy after cls-ranking: 43.3%
query accuracy after cls-ranking: 23.0%
gallery accuracy after cls-ranking: 100.0%
Using 0m 1s
Classifier results ---------------------------------------------------
Query acc: 23.0% Gallery acc: 100.0% Total acc: 55.7%
=> Current learning rate: 0.000100
Epoch:91 Time:7.8 Data:0.0 Loss:2.9702 Cls Loss:2.9702 Pair Loss:0.1469 Center Loss:2.1917 KL Loss:17.1121 Recon Loss:0.1562 Acc:0.9990 
=> Current learning rate: 0.000100
Epoch:92 Time:8.8 Data:0.0 Loss:2.9610 Cls Loss:2.9610 Pair Loss:0.1445 Center Loss:2.1862 KL Loss:17.1109 Recon Loss:0.1562 Acc:0.9990 
=> Current learning rate: 0.000100
Epoch:93 Time:7.4 Data:0.0 Loss:2.9502 Cls Loss:2.9502 Pair Loss:0.1400 Center Loss:2.1782 KL Loss:17.1318 Recon Loss:0.1562 Acc:0.9985 
=> Current learning rate: 0.000100
Epoch:94 Time:6.9 Data:0.0 Loss:2.9458 Cls Loss:2.9458 Pair Loss:0.1429 Center Loss:2.1707 KL Loss:17.1352 Recon Loss:0.1561 Acc:0.9985 
=> Current learning rate: 0.000100
Epoch:95 Time:8.1 Data:0.0 Loss:2.9398 Cls Loss:2.9398 Pair Loss:0.1437 Center Loss:2.1647 KL Loss:17.1423 Recon Loss:0.1561 Acc:0.9987 
=> Test at epoch 95
==========Test with latent_z: z_c =========
