=> merge config from ./configs/clipreid_cvae_stage2_wrt.yaml
=> Configurations:
-------------------------
AMP: True
AUG:
  RC_PROB: 0.5
  RE_PROB: 0.5
DATA:
  CUHK03_CLASSIC_SPLIT: False
  CUHK03_LABELED: False
  DATASET: market1k
  FORMAT_TAG: tensor
  HEIGHT: 256
  NUM_INSTANCES: 4
  NUM_WORKERS: 4
  ROOT: /home/zhengwei/my_data/datasets
  SPLIT_ID: 0
  TEST_BATCH: 512
  TRAIN_BATCH: 64
  TRAIN_FORMAT: novel
  WIDTH: 128
EVAL_MODE: False
GPU: 1
LOSS:
  CLA_LOSS: crossentropy
  CLA_M: 0.0
  CLA_S: 16.0
  PAIR_LOSS: triplet_wrt
  PAIR_M: 0.3
  PAIR_S: 16.0
  RECON_LOSS: mse
  USE_NCE: False
MODEL:
  CONDITIONAL: False
  FEATURE_DIM: 1280
  FEAT_FUSION: False
  FLOW_TYPE: 
  GAUSSIAN: MultivariateNormal
  HIDDEN_DIM: 256
  LATENT_SIZE: 64
  NAME: CVAE
  ONLY_CVAE_KL: False
  ONLY_X_INPUT: False
  PRETRAIN: CLIPreID_Tune_MSMT17
  PROJECTION_TYPE: None
  RES4_STRIDE: 1
  RESUME: /data/zhengwei/CVAE/outputs/market1k/clipreid_tuned_person/novel/2024-09-04/novelMask1K_SimpleVAE+2E_128+64z_1e3_60+120_KLtotalZ_noCLS
  STYLE_NUM: 0
  TRAIN_STAGE: reid+cls_stage
  USE_CENTROID: False
  USE_TWO_ENCODER: True
  VAE_TYPE: SinpleVAE
  ZC_DIM: 128
  ZS_DIM: 64
OUTPUT: /data/zhengwei/CVAE/outputs/market1k/clipreid_tuned_person/novel/2024-09-04/novelMask1K_SimpleVAE+2E_128+64z_1e3_60+120_KLtotalZ_L1280+distCLS_Tripwrt+Center+Ce
SAVED_NAME: novelMask1K_SimpleVAE+2E_128+64z_1e3_60+120_KLtotalZ_L1280+distCLS_Tripwrt+Center+Ce
SEED: 0
TAG: clipreid_tuned_person
TEST:
  DISTANCE: cosine
  EVAL_STEP: 5
  START_EVAL: -1
TRAIN:
  AMP: False
  LR_SCHEDULER:
    DECAY_RATE: 0.1
    NAME: MultiStepLR
    STEPSIZE: [30]
  MAX_EPOCH: 120
  OPTIMIZER:
    LR: 0.001
    NAME: adam
    SGDLR: 0.01
    SGD_MOMENTUM: 0.9
    SGD_WEIGHT_DECAY: 0.0005
    WEIGHT_DECAY: 0.0001
  START_EPOCH: 0
----------------------
Initializing dataset market1k
=> Market-Sketch-1K tensor loaded
Dataset statistics:
  ------------------------------
  subset   | # ids | # images
  ------------------------------
  train    |   996 |     3992
  query    |   996 |     2709
  gallery  |   996 |     2000
  ------------------------------
  total    |  1992 |     8701
  ------------------------------
Initializing SinpleVAE model with 2 encoders
============Warning! No projection layer is used in Training!=================
============Warning! Using Defalt Linear 1280 to intialize!=================
Model size: 13.60416M
Using Dist classifier
Initialized classifier with feature_dim: 1280, num_classes: 996
Classifier size: 1.27588M
reid_projector.weight is tuneable
i2t_projector.weight is tuneable
i2t_projector.bias is tuneable
=> Start Training ReID projector and Classifier
Loading checkpoint from '/data/zhengwei/CVAE/outputs/market1k/clipreid_tuned_person/novel/2024-09-04/novelMask1K_SimpleVAE+2E_128+64z_1e3_60+120_KLtotalZ_noCLS/best_model.pth.tar'
Loading all parameter:  encoder_zc.0.weight
Loading all parameter:  encoder_zc.0.bias
Loading all parameter:  encoder_zc.1.weight
Loading all parameter:  encoder_zc.1.bias
Loading all parameter:  encoder_zc.1.running_mean
Loading all parameter:  encoder_zc.1.running_var
Loading all parameter:  encoder_zc.1.num_batches_tracked
Loading all parameter:  fc_mu_zc.0.weight
Loading all parameter:  fc_mu_zc.0.bias
Loading all parameter:  fc_logvar_zc.0.weight
Loading all parameter:  fc_logvar_zc.0.bias
Loading all parameter:  encoder_zs.0.weight
Loading all parameter:  encoder_zs.0.bias
Loading all parameter:  encoder_zs.1.weight
Loading all parameter:  encoder_zs.1.bias
Loading all parameter:  encoder_zs.1.running_mean
Loading all parameter:  encoder_zs.1.running_var
Loading all parameter:  encoder_zs.1.num_batches_tracked
Loading all parameter:  fc_mu_zs.0.weight
Loading all parameter:  fc_mu_zs.0.bias
Loading all parameter:  fc_logvar_zs.0.weight
Loading all parameter:  fc_logvar_zs.0.bias
Loading all parameter:  decoder.0.weight
Loading all parameter:  decoder.0.bias
Loading all parameter:  decoder.1.weight
Loading all parameter:  decoder.1.bias
Loading all parameter:  decoder.1.running_mean
Loading all parameter:  decoder.1.running_var
Loading all parameter:  decoder.1.num_batches_tracked
Loading all parameter:  decoder.3.weight
Loading all parameter:  decoder.3.bias
Loading all parameter:  u_embedding.gate.0.weight
Loading all parameter:  u_embedding.gate.0.bias
Loading all parameter:  u_embedding.adapters.0.weight
Loading all parameter:  u_embedding.adapters.0.bias
Loading all parameter:  u_embedding.adapters.1.weight
Loading all parameter:  u_embedding.adapters.1.bias
Loading all parameter:  u_embedding.adapters.2.weight
Loading all parameter:  u_embedding.adapters.2.bias
Loading all parameter:  u_embedding.adapters.3.weight
Loading all parameter:  u_embedding.adapters.3.bias
Loading all parameter:  u_embedding.adapters.4.weight
Loading all parameter:  u_embedding.adapters.4.bias
Loading all parameter:  u_embedding.adapters.5.weight
Loading all parameter:  u_embedding.adapters.5.bias
Loading all parameter:  u_embedding.adapters.6.weight
Loading all parameter:  u_embedding.adapters.6.bias
Loading all parameter:  u_embedding.adapters.7.weight
Loading all parameter:  u_embedding.adapters.7.bias
Loading all parameter:  u_embedding.adapters.8.weight
Loading all parameter:  u_embedding.adapters.8.bias
Loading all parameter:  u_embedding.adapters.9.weight
Loading all parameter:  u_embedding.adapters.9.bias
Loading all parameter:  u_embedding.adapters.10.weight
Loading all parameter:  u_embedding.adapters.10.bias
Loading all parameter:  u_embedding.adapters.11.weight
Loading all parameter:  u_embedding.adapters.11.bias
Loading all parameter:  u_embedding.adapters.12.weight
Loading all parameter:  u_embedding.adapters.12.bias
Loading all parameter:  u_embedding.adapters.13.weight
Loading all parameter:  u_embedding.adapters.13.bias
Loading all parameter:  u_embedding.adapters.14.weight
Loading all parameter:  u_embedding.adapters.14.bias
Loading all parameter:  u_embedding.adapters.15.weight
Loading all parameter:  u_embedding.adapters.15.bias
Loading all parameter:  u_embedding.adapters.16.weight
Loading all parameter:  u_embedding.adapters.16.bias
Loading all parameter:  u_embedding.adapters.17.weight
Loading all parameter:  u_embedding.adapters.17.bias
Loading all parameter:  u_embedding.adapters.18.weight
Loading all parameter:  u_embedding.adapters.18.bias
Loading all parameter:  u_embedding.adapters.19.weight
Loading all parameter:  u_embedding.adapters.19.bias
Loading all parameter:  u_embedding.adapters.20.weight
Loading all parameter:  u_embedding.adapters.20.bias
Loading all parameter:  u_embedding.adapters.21.weight
Loading all parameter:  u_embedding.adapters.21.bias
Loading all parameter:  u_embedding.adapters.22.weight
Loading all parameter:  u_embedding.adapters.22.bias
Loading all parameter:  u_embedding.adapters.23.weight
Loading all parameter:  u_embedding.adapters.23.bias
Loading all parameter:  u_embedding.adapters.24.weight
Loading all parameter:  u_embedding.adapters.24.bias
Loading all parameter:  u_embedding.adapters.25.weight
Loading all parameter:  u_embedding.adapters.25.bias
Loading all parameter:  u_embedding.adapters.26.weight
Loading all parameter:  u_embedding.adapters.26.bias
Loading all parameter:  u_embedding.adapters.27.weight
Loading all parameter:  u_embedding.adapters.27.bias
Loading all parameter:  u_embedding.adapters.28.weight
Loading all parameter:  u_embedding.adapters.28.bias
Loading all parameter:  u_embedding.adapters.29.weight
Loading all parameter:  u_embedding.adapters.29.bias
Loading all parameter:  u_embedding.adapters.30.weight
Loading all parameter:  u_embedding.adapters.30.bias
Loading all parameter:  u_embedding.adapters.31.weight
Loading all parameter:  u_embedding.adapters.31.bias
Loading all parameter:  u_embedding.adapters.32.weight
Loading all parameter:  u_embedding.adapters.32.bias
Loading all parameter:  u_embedding.adapters.33.weight
Loading all parameter:  u_embedding.adapters.33.bias
Loading all parameter:  u_embedding.adapters.34.weight
Loading all parameter:  u_embedding.adapters.34.bias
Loading all parameter:  u_embedding.adapters.35.weight
Loading all parameter:  u_embedding.adapters.35.bias
Loading all parameter:  u_embedding.adapters.36.weight
Loading all parameter:  u_embedding.adapters.36.bias
Loading all parameter:  u_embedding.adapters.37.weight
Loading all parameter:  u_embedding.adapters.37.bias
Loading all parameter:  u_embedding.adapters.38.weight
Loading all parameter:  u_embedding.adapters.38.bias
Loading all parameter:  u_embedding.adapters.39.weight
Loading all parameter:  u_embedding.adapters.39.bias
Loading all parameter:  u_embedding.adapters.40.weight
Loading all parameter:  u_embedding.adapters.40.bias
Loading all parameter:  u_embedding.adapters.41.weight
Loading all parameter:  u_embedding.adapters.41.bias
Loading all parameter:  u_embedding.adapters.42.weight
Loading all parameter:  u_embedding.adapters.42.bias
Loading all parameter:  u_embedding.adapters.43.weight
Loading all parameter:  u_embedding.adapters.43.bias
Loading all parameter:  u_embedding.adapters.44.weight
Loading all parameter:  u_embedding.adapters.44.bias
Loading all parameter:  u_embedding.adapters.45.weight
Loading all parameter:  u_embedding.adapters.45.bias
Loading all parameter:  u_embedding.adapters.46.weight
Loading all parameter:  u_embedding.adapters.46.bias
Loading all parameter:  u_embedding.adapters.47.weight
Loading all parameter:  u_embedding.adapters.47.bias
Loading all parameter:  u_embedding.adapters.48.weight
Loading all parameter:  u_embedding.adapters.48.bias
Loading all parameter:  u_embedding.adapters.49.weight
Loading all parameter:  u_embedding.adapters.49.bias
Loading all parameter:  u_embedding.adapters.50.weight
Loading all parameter:  u_embedding.adapters.50.bias
Loading all parameter:  u_embedding.adapters.51.weight
Loading all parameter:  u_embedding.adapters.51.bias
Loading all parameter:  u_embedding.adapters.52.weight
Loading all parameter:  u_embedding.adapters.52.bias
Loading all parameter:  u_embedding.adapters.53.weight
Loading all parameter:  u_embedding.adapters.53.bias
Loading all parameter:  u_embedding.adapters.54.weight
Loading all parameter:  u_embedding.adapters.54.bias
Loading all parameter:  u_embedding.adapters.55.weight
Loading all parameter:  u_embedding.adapters.55.bias
Loading all parameter:  u_embedding.adapters.56.weight
Loading all parameter:  u_embedding.adapters.56.bias
Loading all parameter:  u_embedding.adapters.57.weight
Loading all parameter:  u_embedding.adapters.57.bias
Loading all parameter:  u_embedding.adapters.58.weight
Loading all parameter:  u_embedding.adapters.58.bias
Loading all parameter:  u_embedding.adapters.59.weight
Loading all parameter:  u_embedding.adapters.59.bias
Loading all parameter:  u_embedding.adapters.60.weight
Loading all parameter:  u_embedding.adapters.60.bias
Loading all parameter:  u_embedding.adapters.61.weight
Loading all parameter:  u_embedding.adapters.61.bias
Loading all parameter:  u_embedding.adapters.62.weight
Loading all parameter:  u_embedding.adapters.62.bias
Loading all parameter:  u_embedding.adapters.63.weight
Loading all parameter:  u_embedding.adapters.63.bias
Loading all parameter:  u_embedding.adapters.64.weight
Loading all parameter:  u_embedding.adapters.64.bias
Loading all parameter:  u_embedding.adapters.65.weight
Loading all parameter:  u_embedding.adapters.65.bias
Loading all parameter:  u_embedding.adapters.66.weight
Loading all parameter:  u_embedding.adapters.66.bias
Loading all parameter:  u_embedding.adapters.67.weight
Loading all parameter:  u_embedding.adapters.67.bias
Loading all parameter:  u_embedding.adapters.68.weight
Loading all parameter:  u_embedding.adapters.68.bias
Loading all parameter:  u_embedding.adapters.69.weight
Loading all parameter:  u_embedding.adapters.69.bias
Loading all parameter:  u_embedding.adapters.70.weight
Loading all parameter:  u_embedding.adapters.70.bias
Loading all parameter:  u_embedding.adapters.71.weight
Loading all parameter:  u_embedding.adapters.71.bias
Loading all parameter:  u_embedding.adapters.72.weight
Loading all parameter:  u_embedding.adapters.72.bias
Loading all parameter:  u_embedding.adapters.73.weight
Loading all parameter:  u_embedding.adapters.73.bias
Loading all parameter:  u_embedding.adapters.74.weight
Loading all parameter:  u_embedding.adapters.74.bias
Loading all parameter:  u_embedding.adapters.75.weight
Loading all parameter:  u_embedding.adapters.75.bias
Loading all parameter:  u_embedding.adapters.76.weight
Loading all parameter:  u_embedding.adapters.76.bias
Loading all parameter:  u_embedding.adapters.77.weight
Loading all parameter:  u_embedding.adapters.77.bias
Loading all parameter:  u_embedding.adapters.78.weight
Loading all parameter:  u_embedding.adapters.78.bias
Loading all parameter:  u_embedding.adapters.79.weight
Loading all parameter:  u_embedding.adapters.79.bias
Loading all parameter:  u_embedding.adapters.80.weight
Loading all parameter:  u_embedding.adapters.80.bias
Loading all parameter:  u_embedding.adapters.81.weight
Loading all parameter:  u_embedding.adapters.81.bias
Loading all parameter:  u_embedding.adapters.82.weight
Loading all parameter:  u_embedding.adapters.82.bias
Loading all parameter:  u_embedding.adapters.83.weight
Loading all parameter:  u_embedding.adapters.83.bias
Loading all parameter:  u_embedding.adapters.84.weight
Loading all parameter:  u_embedding.adapters.84.bias
Loading all parameter:  u_embedding.adapters.85.weight
Loading all parameter:  u_embedding.adapters.85.bias
Loading all parameter:  u_embedding.adapters.86.weight
Loading all parameter:  u_embedding.adapters.86.bias
Loading all parameter:  u_embedding.adapters.87.weight
Loading all parameter:  u_embedding.adapters.87.bias
Loading all parameter:  u_embedding.adapters.88.weight
Loading all parameter:  u_embedding.adapters.88.bias
Loading all parameter:  u_embedding.adapters.89.weight
Loading all parameter:  u_embedding.adapters.89.bias
Loading all parameter:  u_embedding.adapters.90.weight
Loading all parameter:  u_embedding.adapters.90.bias
Loading all parameter:  u_embedding.adapters.91.weight
Loading all parameter:  u_embedding.adapters.91.bias
Loading all parameter:  u_embedding.adapters.92.weight
Loading all parameter:  u_embedding.adapters.92.bias
Loading all parameter:  u_embedding.adapters.93.weight
Loading all parameter:  u_embedding.adapters.93.bias
Loading all parameter:  u_embedding.adapters.94.weight
Loading all parameter:  u_embedding.adapters.94.bias
Loading all parameter:  u_embedding.adapters.95.weight
Loading all parameter:  u_embedding.adapters.95.bias
Loading all parameter:  u_embedding.adapters.96.weight
Loading all parameter:  u_embedding.adapters.96.bias
Loading all parameter:  u_embedding.adapters.97.weight
Loading all parameter:  u_embedding.adapters.97.bias
Loading all parameter:  u_embedding.adapters.98.weight
Loading all parameter:  u_embedding.adapters.98.bias
Loading all parameter:  u_embedding.adapters.99.weight
Loading all parameter:  u_embedding.adapters.99.bias
Loading all parameter:  u_embedding.adapters.100.weight
Loading all parameter:  u_embedding.adapters.100.bias
Loading all parameter:  u_embedding.adapters.101.weight
Loading all parameter:  u_embedding.adapters.101.bias
Loading all parameter:  u_embedding.adapters.102.weight
Loading all parameter:  u_embedding.adapters.102.bias
Loading all parameter:  u_embedding.adapters.103.weight
Loading all parameter:  u_embedding.adapters.103.bias
Loading all parameter:  u_embedding.adapters.104.weight
Loading all parameter:  u_embedding.adapters.104.bias
Loading all parameter:  u_embedding.adapters.105.weight
Loading all parameter:  u_embedding.adapters.105.bias
Loading all parameter:  u_embedding.adapters.106.weight
Loading all parameter:  u_embedding.adapters.106.bias
Loading all parameter:  u_embedding.adapters.107.weight
Loading all parameter:  u_embedding.adapters.107.bias
Loading all parameter:  u_embedding.adapters.108.weight
Loading all parameter:  u_embedding.adapters.108.bias
Loading all parameter:  u_embedding.adapters.109.weight
Loading all parameter:  u_embedding.adapters.109.bias
Loading all parameter:  u_embedding.adapters.110.weight
Loading all parameter:  u_embedding.adapters.110.bias
Loading all parameter:  u_embedding.adapters.111.weight
Loading all parameter:  u_embedding.adapters.111.bias
Loading all parameter:  u_embedding.adapters.112.weight
Loading all parameter:  u_embedding.adapters.112.bias
Loading all parameter:  u_embedding.adapters.113.weight
Loading all parameter:  u_embedding.adapters.113.bias
Loading all parameter:  u_embedding.adapters.114.weight
Loading all parameter:  u_embedding.adapters.114.bias
Loading all parameter:  u_embedding.adapters.115.weight
Loading all parameter:  u_embedding.adapters.115.bias
Loading all parameter:  u_embedding.adapters.116.weight
Loading all parameter:  u_embedding.adapters.116.bias
Loading all parameter:  u_embedding.adapters.117.weight
Loading all parameter:  u_embedding.adapters.117.bias
Loading all parameter:  u_embedding.adapters.118.weight
Loading all parameter:  u_embedding.adapters.118.bias
Loading all parameter:  u_embedding.adapters.119.weight
Loading all parameter:  u_embedding.adapters.119.bias
Loading all parameter:  u_embedding.adapters.120.weight
Loading all parameter:  u_embedding.adapters.120.bias
Loading all parameter:  u_embedding.adapters.121.weight
Loading all parameter:  u_embedding.adapters.121.bias
Loading all parameter:  u_embedding.adapters.122.weight
Loading all parameter:  u_embedding.adapters.122.bias
Loading all parameter:  u_embedding.adapters.123.weight
Loading all parameter:  u_embedding.adapters.123.bias
Loading all parameter:  u_embedding.adapters.124.weight
Loading all parameter:  u_embedding.adapters.124.bias
Loading all parameter:  u_embedding.adapters.125.weight
Loading all parameter:  u_embedding.adapters.125.bias
Loading all parameter:  u_embedding.adapters.126.weight
Loading all parameter:  u_embedding.adapters.126.bias
Loading all parameter:  u_embedding.adapters.127.weight
Loading all parameter:  u_embedding.adapters.127.bias
Loading all parameter:  zs_embedding.0.weight
Loading all parameter:  zs_embedding.0.bias
Loading all parameter:  reid_projector.weight
Loading parameter:  reid_projector.weight
Loading all parameter:  i2t_projector.weight
Loading all parameter:  i2t_projector.bias
orginal best rank1 = 0.18309339239571798
=> Start evaluation on Novel data without finetuning
==========Test with latent_z: z_c =========
Extracted features for query set, obtained torch.Size([2709, 1280]) matrix
Extracted features for gallery set, obtained torch.Size([2000, 1280]) matrix
Extracting features complete in 0m 4s
Distance computing in 0m 0s
Positive values in distance matrix: 150
Negative values in distance matrix: 5417850
Adjusted 0 distances
Results ---------------------------------------------------
top1:15.1% top5:34.0% top10:44.6% top20:56.7% mAP:19.6%
-----------------------------------------------------------
Classification accuracy before cls-ranking: 55.0%
query accuracy after cls-ranking: 0.0%
gallery accuracy after cls-ranking: 0.0%
Classification accuracy after cls-ranking: 55.0%
query accuracy after cls-ranking: 0.0%
gallery accuracy after cls-ranking: 0.0%
Using 0m 2s
Classifier results ---------------------------------------------------
Query acc: 0.0% Gallery acc: 0.1% Total acc: 0.1%
=> Start training
/home/zhengwei/github/CVAE/losses/triplet_loss.py:122: UserWarning: This overload of addmm_ is deprecated:
	addmm_(Number beta, Number alpha, Tensor mat1, Tensor mat2)
Consider using one of the following signatures instead:
	addmm_(Tensor mat1, Tensor mat2, *, Number beta, Number alpha) (Triggered internally at /opt/conda/conda-bld/pytorch_1670525539683/work/torch/csrc/utils/python_arg_parser.cpp:1420.)
  dist_mtx = dist_mtx.addmm_(1, -2, emb1, emb2.t())
Epoch:1 Time:6.2 Data:0.0 Loss:1295.7659 Cls Loss:1295.7659 Pair Loss:0.2430 Center Loss:1288.5930 KL Loss:174.3418 Recon Loss:0.1540 Acc:0.0000 
=> Current learning rate: 0.000200
Epoch:2 Time:5.5 Data:0.0 Loss:1134.5456 Cls Loss:1134.5456 Pair Loss:0.2313 Center Loss:1127.6593 KL Loss:173.9014 Recon Loss:0.1540 Acc:0.0063 
=> Current learning rate: 0.000400
Epoch:3 Time:7.4 Data:0.0 Loss:995.9010 Cls Loss:995.9010 Pair Loss:0.1962 Center Loss:989.4592 KL Loss:173.9052 Recon Loss:0.1540 Acc:0.0252 
=> Current learning rate: 0.000600
Epoch:4 Time:7.2 Data:0.0 Loss:875.7567 Cls Loss:875.7567 Pair Loss:0.1713 Center Loss:869.8934 KL Loss:173.5085 Recon Loss:0.1539 Acc:0.0585 
=> Current learning rate: 0.000800
Epoch:5 Time:7.4 Data:0.0 Loss:770.5634 Cls Loss:770.5634 Pair Loss:0.1497 Center Loss:765.3202 KL Loss:173.3373 Recon Loss:0.1539 Acc:0.1114 
=> Test at epoch 5
==========Test with latent_z: z_c =========
Extracted features for query set, obtained torch.Size([2709, 1280]) matrix
Extracted features for gallery set, obtained torch.Size([2000, 1280]) matrix
Extracting features complete in 0m 3s
Distance computing in 0m 1s
Positive values in distance matrix: 1430
Negative values in distance matrix: 5416570
Adjusted 0 distances
Results ---------------------------------------------------
top1:18.7% top5:40.6% top10:51.9% top20:63.7% mAP:24.4%
-----------------------------------------------------------
Classification accuracy before cls-ranking: 37.0%
query accuracy after cls-ranking: 14.0%
gallery accuracy after cls-ranking: 69.5%
Classification accuracy after cls-ranking: 37.0%
query accuracy after cls-ranking: 14.0%
gallery accuracy after cls-ranking: 69.5%
Using 0m 2s
Classifier results ---------------------------------------------------
Query acc: 14.0% Gallery acc: 71.0% Total acc: 38.2%
=> Current learning rate: 0.001000
Epoch:6 Time:9.0 Data:0.0 Loss:675.6336 Cls Loss:675.6336 Pair Loss:0.1452 Center Loss:671.0362 KL Loss:173.0633 Recon Loss:0.1539 Acc:0.2472 
=> Current learning rate: 0.001000
Epoch:7 Time:6.5 Data:0.0 Loss:593.1251 Cls Loss:593.1251 Pair Loss:0.1380 Center Loss:589.0552 KL Loss:172.8295 Recon Loss:0.1539 Acc:0.4960 
=> Current learning rate: 0.001000
Epoch:8 Time:7.8 Data:0.0 Loss:521.5273 Cls Loss:521.5273 Pair Loss:0.1327 Center Loss:517.8211 KL Loss:172.4929 Recon Loss:0.1541 Acc:0.6817 
=> Current learning rate: 0.001000
Epoch:9 Time:9.0 Data:0.0 Loss:458.5513 Cls Loss:458.5513 Pair Loss:0.1317 Center Loss:455.1447 KL Loss:172.3487 Recon Loss:0.1539 Acc:0.8125 
=> Current learning rate: 0.001000
Epoch:10 Time:5.4 Data:0.0 Loss:403.8474 Cls Loss:403.8474 Pair Loss:0.1276 Center Loss:400.6503 KL Loss:172.2019 Recon Loss:0.1540 Acc:0.8697 
=> Test at epoch 10
==========Test with latent_z: z_c =========
Extracted features for query set, obtained torch.Size([2709, 1280]) matrix
Extracted features for gallery set, obtained torch.Size([2000, 1280]) matrix
Extracting features complete in 0m 2s
Distance computing in 0m 1s
Positive values in distance matrix: 48207
Negative values in distance matrix: 5369793
Adjusted 0 distances
Results ---------------------------------------------------
top1:20.9% top5:43.4% top10:55.6% top20:66.9% mAP:26.4%
-----------------------------------------------------------
Classification accuracy before cls-ranking: 41.6%
query accuracy after cls-ranking: 20.6%
gallery accuracy after cls-ranking: 95.1%
Classification accuracy after cls-ranking: 41.6%
query accuracy after cls-ranking: 20.6%
gallery accuracy after cls-ranking: 95.1%
Using 0m 2s
Classifier results ---------------------------------------------------
Query acc: 20.6% Gallery acc: 95.6% Total acc: 52.5%
=> Current learning rate: 0.001000
Epoch:11 Time:6.0 Data:0.0 Loss:355.4381 Cls Loss:355.4381 Pair Loss:0.1290 Center Loss:352.3967 KL Loss:171.8717 Recon Loss:0.1539 Acc:0.8959 
=> Current learning rate: 0.001000
Epoch:12 Time:6.4 Data:0.0 Loss:313.1357 Cls Loss:313.1357 Pair Loss:0.1252 Center Loss:310.2271 KL Loss:171.6077 Recon Loss:0.1540 Acc:0.9168 
=> Current learning rate: 0.001000
Epoch:13 Time:9.0 Data:0.0 Loss:276.0492 Cls Loss:276.0492 Pair Loss:0.1254 Center Loss:273.2462 KL Loss:171.3195 Recon Loss:0.1540 Acc:0.9309 
=> Current learning rate: 0.001000
Epoch:14 Time:7.1 Data:0.0 Loss:243.7051 Cls Loss:243.7051 Pair Loss:0.1243 Center Loss:240.9887 KL Loss:171.0460 Recon Loss:0.1540 Acc:0.9456 
=> Current learning rate: 0.001000
Epoch:15 Time:8.4 Data:0.0 Loss:215.0308 Cls Loss:215.0308 Pair Loss:0.1273 Center Loss:212.3691 KL Loss:170.8937 Recon Loss:0.1540 Acc:0.9413 
=> Test at epoch 15
==========Test with latent_z: z_c =========
Extracted features for query set, obtained torch.Size([2709, 1280]) matrix
Extracted features for gallery set, obtained torch.Size([2000, 1280]) matrix
Extracting features complete in 0m 3s
Distance computing in 0m 1s
Positive values in distance matrix: 91976
Negative values in distance matrix: 5326024
Adjusted 0 distances
Results ---------------------------------------------------
top1:21.0% top5:44.4% top10:56.7% top20:67.4% mAP:27.1%
-----------------------------------------------------------
Classification accuracy before cls-ranking: 41.1%
query accuracy after cls-ranking: 22.1%
gallery accuracy after cls-ranking: 98.8%
Classification accuracy after cls-ranking: 41.1%
query accuracy after cls-ranking: 22.1%
gallery accuracy after cls-ranking: 98.8%
Using 0m 3s
Classifier results ---------------------------------------------------
Query acc: 22.1% Gallery acc: 98.7% Total acc: 54.6%
=> Current learning rate: 0.001000
Epoch:16 Time:8.1 Data:0.0 Loss:190.2962 Cls Loss:190.2962 Pair Loss:0.1249 Center Loss:187.6869 KL Loss:170.5858 Recon Loss:0.1540 Acc:0.9529 
=> Current learning rate: 0.001000
Epoch:17 Time:5.9 Data:0.0 Loss:168.0336 Cls Loss:168.0336 Pair Loss:0.1241 Center Loss:165.4863 KL Loss:170.3191 Recon Loss:0.1540 Acc:0.9534 
=> Current learning rate: 0.001000
Epoch:18 Time:5.6 Data:0.0 Loss:148.7411 Cls Loss:148.7411 Pair Loss:0.1263 Center Loss:146.2337 KL Loss:169.9822 Recon Loss:0.1540 Acc:0.9539 
=> Current learning rate: 0.001000
Epoch:19 Time:6.2 Data:0.0 Loss:131.7384 Cls Loss:131.7384 Pair Loss:0.1237 Center Loss:129.2743 KL Loss:169.9751 Recon Loss:0.1540 Acc:0.9556 
=> Current learning rate: 0.001000
Epoch:20 Time:6.6 Data:0.0 Loss:116.8007 Cls Loss:116.8007 Pair Loss:0.1278 Center Loss:114.3700 KL Loss:169.7104 Recon Loss:0.1539 Acc:0.9582 
=> Test at epoch 20
==========Test with latent_z: z_c =========
Extracted features for query set, obtained torch.Size([2709, 1280]) matrix
Extracted features for gallery set, obtained torch.Size([2000, 1280]) matrix
Extracting features complete in 0m 2s
Distance computing in 0m 0s
Positive values in distance matrix: 359147
Negative values in distance matrix: 5058853
Adjusted 0 distances
Results ---------------------------------------------------
top1:22.1% top5:45.4% top10:57.5% top20:68.4% mAP:27.9%
-----------------------------------------------------------
Classification accuracy before cls-ranking: 40.7%
query accuracy after cls-ranking: 21.8%
gallery accuracy after cls-ranking: 98.8%
Classification accuracy after cls-ranking: 40.7%
query accuracy after cls-ranking: 21.8%
gallery accuracy after cls-ranking: 98.8%
Using 0m 3s
Classifier results ---------------------------------------------------
Query acc: 21.8% Gallery acc: 99.1% Total acc: 54.6%
=> Current learning rate: 0.001000
Epoch:21 Time:6.3 Data:0.0 Loss:103.5542 Cls Loss:103.5542 Pair Loss:0.1239 Center Loss:101.1617 KL Loss:169.3467 Recon Loss:0.1540 Acc:0.9607 
=> Current learning rate: 0.001000
Epoch:22 Time:5.7 Data:0.0 Loss:91.9565 Cls Loss:91.9565 Pair Loss:0.1293 Center Loss:89.5914 KL Loss:169.0695 Recon Loss:0.1539 Acc:0.9592 
=> Current learning rate: 0.001000
Epoch:23 Time:6.4 Data:0.0 Loss:81.7932 Cls Loss:81.7932 Pair Loss:0.1280 Center Loss:79.4687 KL Loss:168.9576 Recon Loss:0.1540 Acc:0.9609 
=> Current learning rate: 0.001000
Epoch:24 Time:8.5 Data:0.0 Loss:72.7521 Cls Loss:72.7521 Pair Loss:0.1286 Center Loss:70.4641 KL Loss:168.5451 Recon Loss:0.1540 Acc:0.9642 
=> Current learning rate: 0.001000
Epoch:25 Time:10.8 Data:0.0 Loss:64.9217 Cls Loss:64.9217 Pair Loss:0.1296 Center Loss:62.6608 KL Loss:168.4178 Recon Loss:0.1539 Acc:0.9619 
=> Test at epoch 25
==========Test with latent_z: z_c =========
Extracted features for query set, obtained torch.Size([2709, 1280]) matrix
Extracted features for gallery set, obtained torch.Size([2000, 1280]) matrix
Extracting features complete in 0m 5s
Distance computing in 0m 0s
Positive values in distance matrix: 531627
Negative values in distance matrix: 4886373
Adjusted 0 distances
Results ---------------------------------------------------
top1:22.8% top5:46.4% top10:57.4% top20:69.6% mAP:28.5%
-----------------------------------------------------------
Classification accuracy before cls-ranking: 43.4%
query accuracy after cls-ranking: 22.8%
gallery accuracy after cls-ranking: 99.0%
Classification accuracy after cls-ranking: 43.4%
query accuracy after cls-ranking: 22.8%
gallery accuracy after cls-ranking: 99.0%
Using 0m 5s
Classifier results ---------------------------------------------------
Query acc: 22.8% Gallery acc: 99.1% Total acc: 55.2%
=> Current learning rate: 0.001000
Epoch:26 Time:9.4 Data:0.0 Loss:57.8451 Cls Loss:57.8451 Pair Loss:0.1317 Center Loss:55.6145 KL Loss:168.1983 Recon Loss:0.1540 Acc:0.9685 
=> Current learning rate: 0.001000
Epoch:27 Time:7.3 Data:0.0 Loss:51.6676 Cls Loss:51.6676 Pair Loss:0.1328 Center Loss:49.4786 KL Loss:167.8201 Recon Loss:0.1540 Acc:0.9700 
=> Current learning rate: 0.001000
Epoch:28 Time:6.1 Data:0.0 Loss:46.1523 Cls Loss:46.1523 Pair Loss:0.1321 Center Loss:43.9969 KL Loss:167.6483 Recon Loss:0.1540 Acc:0.9693 
=> Current learning rate: 0.001000
Epoch:29 Time:6.1 Data:0.0 Loss:41.4221 Cls Loss:41.4221 Pair Loss:0.1349 Center Loss:39.2878 KL Loss:167.3815 Recon Loss:0.1539 Acc:0.9670 
=> Current learning rate: 0.001000
Epoch:30 Time:8.2 Data:0.0 Loss:37.1021 Cls Loss:37.1021 Pair Loss:0.1326 Center Loss:35.0071 KL Loss:167.1891 Recon Loss:0.1539 Acc:0.9688 
=> Test at epoch 30
==========Test with latent_z: z_c =========
Extracted features for query set, obtained torch.Size([2709, 1280]) matrix
Extracted features for gallery set, obtained torch.Size([2000, 1280]) matrix
Extracting features complete in 0m 3s
Distance computing in 0m 1s
Positive values in distance matrix: 611064
Negative values in distance matrix: 4806936
Adjusted 0 distances
Results ---------------------------------------------------
top1:22.6% top5:46.6% top10:57.4% top20:69.9% mAP:28.7%
-----------------------------------------------------------
Classification accuracy before cls-ranking: 41.9%
query accuracy after cls-ranking: 22.7%
gallery accuracy after cls-ranking: 99.4%
Classification accuracy after cls-ranking: 41.9%
query accuracy after cls-ranking: 22.7%
gallery accuracy after cls-ranking: 99.4%
Using 0m 4s
Classifier results ---------------------------------------------------
Query acc: 22.7% Gallery acc: 99.3% Total acc: 55.2%
=> Current learning rate: 0.001000
Epoch:31 Time:9.5 Data:0.0 Loss:31.2843 Cls Loss:31.2843 Pair Loss:0.1366 Center Loss:29.3631 KL Loss:166.8079 Recon Loss:0.1540 Acc:0.9846 
=> Current learning rate: 0.000100
Epoch:32 Time:8.1 Data:0.0 Loss:30.4297 Cls Loss:30.4297 Pair Loss:0.1396 Center Loss:28.5875 KL Loss:166.5831 Recon Loss:0.1539 Acc:0.9899 
=> Current learning rate: 0.000100
Epoch:33 Time:5.8 Data:0.0 Loss:30.0477 Cls Loss:30.0477 Pair Loss:0.1377 Center Loss:28.2251 KL Loss:166.3625 Recon Loss:0.1540 Acc:0.9902 
=> Current learning rate: 0.000100
Epoch:34 Time:6.4 Data:0.0 Loss:29.7118 Cls Loss:29.7118 Pair Loss:0.1388 Center Loss:27.9010 KL Loss:166.2499 Recon Loss:0.1540 Acc:0.9927 
=> Current learning rate: 0.000100
Epoch:35 Time:7.2 Data:0.0 Loss:29.3925 Cls Loss:29.3925 Pair Loss:0.1393 Center Loss:27.5896 KL Loss:165.7992 Recon Loss:0.1540 Acc:0.9912 
=> Test at epoch 35
==========Test with latent_z: z_c =========
Extracted features for query set, obtained torch.Size([2709, 1280]) matrix
Extracted features for gallery set, obtained torch.Size([2000, 1280]) matrix
Extracting features complete in 0m 3s
Distance computing in 0m 0s
Positive values in distance matrix: 1694825
Negative values in distance matrix: 3723175
Adjusted 0 distances
Results ---------------------------------------------------
top1:23.0% top5:46.8% top10:57.8% top20:70.5% mAP:29.0%
-----------------------------------------------------------
Classification accuracy before cls-ranking: 45.6%
query accuracy after cls-ranking: 24.3%
gallery accuracy after cls-ranking: 99.9%
Classification accuracy after cls-ranking: 45.6%
query accuracy after cls-ranking: 24.3%
gallery accuracy after cls-ranking: 99.9%
Using 0m 2s
Classifier results ---------------------------------------------------
Query acc: 24.3% Gallery acc: 100.0% Total acc: 56.4%
=> Current learning rate: 0.000100
Epoch:36 Time:5.3 Data:0.0 Loss:29.0726 Cls Loss:29.0726 Pair Loss:0.1386 Center Loss:27.2796 KL Loss:165.7467 Recon Loss:0.1540 Acc:0.9917 
=> Current learning rate: 0.000100
Epoch:37 Time:9.7 Data:0.0 Loss:28.7661 Cls Loss:28.7661 Pair Loss:0.1401 Center Loss:26.9796 KL Loss:165.3302 Recon Loss:0.1540 Acc:0.9927 
=> Current learning rate: 0.000100
Epoch:38 Time:6.6 Data:0.0 Loss:28.4420 Cls Loss:28.4420 Pair Loss:0.1389 Center Loss:26.6646 KL Loss:165.2183 Recon Loss:0.1540 Acc:0.9919 
=> Current learning rate: 0.000100
Epoch:39 Time:6.0 Data:0.0 Loss:28.1388 Cls Loss:28.1388 Pair Loss:0.1376 Center Loss:26.3697 KL Loss:164.8800 Recon Loss:0.1540 Acc:0.9929 
=> Current learning rate: 0.000100
Epoch:40 Time:5.2 Data:0.0 Loss:27.8530 Cls Loss:27.8530 Pair Loss:0.1399 Center Loss:26.0894 KL Loss:164.5868 Recon Loss:0.1539 Acc:0.9927 
=> Test at epoch 40
==========Test with latent_z: z_c =========
Extracted features for query set, obtained torch.Size([2709, 1280]) matrix
Extracted features for gallery set, obtained torch.Size([2000, 1280]) matrix
Extracting features complete in 0m 4s
Distance computing in 0m 0s
Positive values in distance matrix: 1662666
Negative values in distance matrix: 3755334
Adjusted 0 distances
Results ---------------------------------------------------
top1:22.8% top5:46.8% top10:58.1% top20:70.5% mAP:29.0%
-----------------------------------------------------------
Classification accuracy before cls-ranking: 45.6%
query accuracy after cls-ranking: 24.2%
gallery accuracy after cls-ranking: 99.9%
Classification accuracy after cls-ranking: 45.6%
query accuracy after cls-ranking: 24.2%
gallery accuracy after cls-ranking: 99.9%
Using 0m 4s
Classifier results ---------------------------------------------------
Query acc: 24.2% Gallery acc: 100.0% Total acc: 56.4%
=> Current learning rate: 0.000100
Epoch:41 Time:8.8 Data:0.0 Loss:27.5501 Cls Loss:27.5501 Pair Loss:0.1398 Center Loss:25.7923 KL Loss:164.3886 Recon Loss:0.1540 Acc:0.9934 
=> Current learning rate: 0.000100
Epoch:42 Time:6.5 Data:0.0 Loss:27.2657 Cls Loss:27.2657 Pair Loss:0.1417 Center Loss:25.5115 KL Loss:164.0172 Recon Loss:0.1539 Acc:0.9922 
=> Current learning rate: 0.000100
Epoch:43 Time:5.7 Data:0.0 Loss:26.9741 Cls Loss:26.9741 Pair Loss:0.1403 Center Loss:25.2277 KL Loss:163.9388 Recon Loss:0.1540 Acc:0.9940 
=> Current learning rate: 0.000100
Epoch:44 Time:5.5 Data:0.0 Loss:26.6884 Cls Loss:26.6884 Pair Loss:0.1404 Center Loss:24.9502 KL Loss:163.7615 Recon Loss:0.1540 Acc:0.9929 
=> Current learning rate: 0.000100
Epoch:45 Time:4.6 Data:0.0 Loss:26.4334 Cls Loss:26.4334 Pair Loss:0.1401 Center Loss:24.7001 KL Loss:163.5579 Recon Loss:0.1540 Acc:0.9927 
=> Test at epoch 45
==========Test with latent_z: z_c =========
Extracted features for query set, obtained torch.Size([2709, 1280]) matrix
Extracted features for gallery set, obtained torch.Size([2000, 1280]) matrix
Extracting features complete in 0m 2s
Distance computing in 0m 1s
Positive values in distance matrix: 1662761
Negative values in distance matrix: 3755239
Adjusted 0 distances
Results ---------------------------------------------------
top1:23.3% top5:46.8% top10:58.3% top20:70.4% mAP:29.0%
-----------------------------------------------------------
Classification accuracy before cls-ranking: 45.8%
query accuracy after cls-ranking: 24.7%
gallery accuracy after cls-ranking: 99.9%
Classification accuracy after cls-ranking: 45.8%
query accuracy after cls-ranking: 24.7%
gallery accuracy after cls-ranking: 99.9%
Using 0m 3s
Classifier results ---------------------------------------------------
Query acc: 24.7% Gallery acc: 100.0% Total acc: 56.7%
=> Current learning rate: 0.000100
Epoch:46 Time:8.4 Data:0.0 Loss:26.1331 Cls Loss:26.1331 Pair Loss:0.1395 Center Loss:24.4049 KL Loss:163.2386 Recon Loss:0.1540 Acc:0.9934 
=> Current learning rate: 0.000100
Epoch:47 Time:8.7 Data:0.0 Loss:25.8530 Cls Loss:25.8530 Pair Loss:0.1410 Center Loss:24.1303 KL Loss:162.8934 Recon Loss:0.1540 Acc:0.9927 
=> Current learning rate: 0.000100
Epoch:48 Time:6.8 Data:0.0 Loss:25.6006 Cls Loss:25.6006 Pair Loss:0.1394 Center Loss:23.8839 KL Loss:162.7755 Recon Loss:0.1540 Acc:0.9937 
=> Current learning rate: 0.000100
Epoch:49 Time:8.6 Data:0.0 Loss:25.3335 Cls Loss:25.3335 Pair Loss:0.1406 Center Loss:23.6207 KL Loss:162.4037 Recon Loss:0.1539 Acc:0.9937 
=> Current learning rate: 0.000100
Epoch:50 Time:5.0 Data:0.0 Loss:25.0556 Cls Loss:25.0556 Pair Loss:0.1385 Center Loss:23.3510 KL Loss:162.1529 Recon Loss:0.1540 Acc:0.9940 
=> Test at epoch 50
==========Test with latent_z: z_c =========
Extracted features for query set, obtained torch.Size([2709, 1280]) matrix
Extracted features for gallery set, obtained torch.Size([2000, 1280]) matrix
Extracting features complete in 0m 3s
Distance computing in 0m 0s
Positive values in distance matrix: 1646354
Negative values in distance matrix: 3771646
Adjusted 0 distances
Results ---------------------------------------------------
top1:23.0% top5:46.8% top10:58.1% top20:70.6% mAP:29.1%
-----------------------------------------------------------
Classification accuracy before cls-ranking: 45.6%
query accuracy after cls-ranking: 24.8%
gallery accuracy after cls-ranking: 100.0%
Classification accuracy after cls-ranking: 45.6%
query accuracy after cls-ranking: 24.8%
gallery accuracy after cls-ranking: 100.0%
Using 0m 3s
Classifier results ---------------------------------------------------
Query acc: 24.8% Gallery acc: 100.0% Total acc: 56.7%
=> Current learning rate: 0.000100
Epoch:51 Time:5.9 Data:0.0 Loss:24.8012 Cls Loss:24.8012 Pair Loss:0.1402 Center Loss:23.0998 KL Loss:161.9796 Recon Loss:0.1540 Acc:0.9942 
=> Current learning rate: 0.000100
Epoch:52 Time:7.3 Data:0.0 Loss:24.5486 Cls Loss:24.5486 Pair Loss:0.1386 Center Loss:22.8516 KL Loss:161.7488 Recon Loss:0.1539 Acc:0.9937 
=> Current learning rate: 0.000100
Epoch:53 Time:9.0 Data:0.0 Loss:24.2797 Cls Loss:24.2797 Pair Loss:0.1410 Center Loss:22.5854 KL Loss:161.4123 Recon Loss:0.1540 Acc:0.9934 
=> Current learning rate: 0.000100
Epoch:54 Time:5.3 Data:0.0 Loss:24.0440 Cls Loss:24.0440 Pair Loss:0.1418 Center Loss:22.3539 KL Loss:161.1228 Recon Loss:0.1540 Acc:0.9942 
=> Current learning rate: 0.000100
Epoch:55 Time:8.2 Data:0.0 Loss:23.7977 Cls Loss:23.7977 Pair Loss:0.1406 Center Loss:22.1133 KL Loss:160.8994 Recon Loss:0.1540 Acc:0.9945 
=> Test at epoch 55
==========Test with latent_z: z_c =========
Extracted features for query set, obtained torch.Size([2709, 1280]) matrix
Extracted features for gallery set, obtained torch.Size([2000, 1280]) matrix
Extracting features complete in 0m 3s
Distance computing in 0m 0s
Positive values in distance matrix: 1619997
Negative values in distance matrix: 3798003
Adjusted 0 distances
Results ---------------------------------------------------
top1:22.9% top5:46.7% top10:58.0% top20:70.4% mAP:29.0%
-----------------------------------------------------------
Classification accuracy before cls-ranking: 45.7%
query accuracy after cls-ranking: 24.4%
gallery accuracy after cls-ranking: 99.9%
Classification accuracy after cls-ranking: 45.7%
query accuracy after cls-ranking: 24.4%
gallery accuracy after cls-ranking: 99.9%
Using 0m 2s
Classifier results ---------------------------------------------------
Query acc: 24.4% Gallery acc: 100.0% Total acc: 56.5%
=> Current learning rate: 0.000100
Epoch:56 Time:5.7 Data:0.0 Loss:23.5472 Cls Loss:23.5472 Pair Loss:0.1403 Center Loss:21.8681 KL Loss:160.6623 Recon Loss:0.1540 Acc:0.9952 
=> Current learning rate: 0.000100
Epoch:57 Time:8.7 Data:0.0 Loss:23.3012 Cls Loss:23.3012 Pair Loss:0.1389 Center Loss:21.6284 KL Loss:160.3576 Recon Loss:0.1540 Acc:0.9950 
=> Current learning rate: 0.000100
Epoch:58 Time:7.9 Data:0.0 Loss:23.0675 Cls Loss:23.0675 Pair Loss:0.1407 Center Loss:21.3977 KL Loss:160.1524 Recon Loss:0.1540 Acc:0.9942 
=> Current learning rate: 0.000100
Epoch:59 Time:7.6 Data:0.0 Loss:22.8523 Cls Loss:22.8523 Pair Loss:0.1427 Center Loss:21.1828 KL Loss:159.9230 Recon Loss:0.1540 Acc:0.9957 
=> Current learning rate: 0.000100
Epoch:60 Time:6.1 Data:0.0 Loss:22.5901 Cls Loss:22.5901 Pair Loss:0.1409 Center Loss:20.9276 KL Loss:159.7235 Recon Loss:0.1540 Acc:0.9942 
=> Test at epoch 60
==========Test with latent_z: z_c =========
Extracted features for query set, obtained torch.Size([2709, 1280]) matrix
Extracted features for gallery set, obtained torch.Size([2000, 1280]) matrix
Extracting features complete in 0m 3s
Distance computing in 0m 1s
Positive values in distance matrix: 1600438
Negative values in distance matrix: 3817562
Adjusted 0 distances
Results ---------------------------------------------------
top1:23.0% top5:46.6% top10:58.0% top20:70.7% mAP:29.1%
-----------------------------------------------------------
Classification accuracy before cls-ranking: 45.1%
query accuracy after cls-ranking: 24.6%
gallery accuracy after cls-ranking: 99.9%
Classification accuracy after cls-ranking: 45.1%
query accuracy after cls-ranking: 24.6%
gallery accuracy after cls-ranking: 99.9%
Using 0m 3s
Classifier results ---------------------------------------------------
Query acc: 24.6% Gallery acc: 100.0% Total acc: 56.6%
=> Current learning rate: 0.000100
Epoch:61 Time:6.1 Data:0.0 Loss:22.3807 Cls Loss:22.3807 Pair Loss:0.1418 Center Loss:20.7219 KL Loss:159.4371 Recon Loss:0.1540 Acc:0.9947 
=> Current learning rate: 0.000100
Epoch:62 Time:5.6 Data:0.0 Loss:22.1478 Cls Loss:22.1478 Pair Loss:0.1421 Center Loss:20.4933 KL Loss:159.3325 Recon Loss:0.1540 Acc:0.9947 
=> Current learning rate: 0.000100
Epoch:63 Time:6.6 Data:0.0 Loss:21.9227 Cls Loss:21.9227 Pair Loss:0.1419 Center Loss:20.2732 KL Loss:158.9997 Recon Loss:0.1540 Acc:0.9942 
=> Current learning rate: 0.000100
Epoch:64 Time:7.3 Data:0.0 Loss:21.6972 Cls Loss:21.6972 Pair Loss:0.1422 Center Loss:20.0521 KL Loss:158.7507 Recon Loss:0.1540 Acc:0.9952 
=> Current learning rate: 0.000100
Epoch:65 Time:8.0 Data:0.0 Loss:21.4724 Cls Loss:21.4724 Pair Loss:0.1416 Center Loss:19.8316 KL Loss:158.3499 Recon Loss:0.1539 Acc:0.9945 
=> Test at epoch 65
==========Test with latent_z: z_c =========
Extracted features for query set, obtained torch.Size([2709, 1280]) matrix
Extracted features for gallery set, obtained torch.Size([2000, 1280]) matrix
Extracting features complete in 0m 4s
Distance computing in 0m 0s
Positive values in distance matrix: 1651908
Negative values in distance matrix: 3766092
Adjusted 0 distances
Results ---------------------------------------------------
top1:23.0% top5:46.9% top10:58.5% top20:70.6% mAP:29.1%
-----------------------------------------------------------
Classification accuracy before cls-ranking: 45.7%
query accuracy after cls-ranking: 25.2%
gallery accuracy after cls-ranking: 99.9%
Classification accuracy after cls-ranking: 45.7%
query accuracy after cls-ranking: 25.2%
gallery accuracy after cls-ranking: 99.9%
Using 0m 2s
Classifier results ---------------------------------------------------
Query acc: 25.2% Gallery acc: 100.0% Total acc: 57.0%
=> Current learning rate: 0.000100
Epoch:66 Time:7.9 Data:0.0 Loss:21.2757 Cls Loss:21.2757 Pair Loss:0.1412 Center Loss:19.6377 KL Loss:158.3298 Recon Loss:0.1540 Acc:0.9947 
=> Current learning rate: 0.000100
Epoch:67 Time:7.6 Data:0.0 Loss:21.0471 Cls Loss:21.0471 Pair Loss:0.1429 Center Loss:19.4126 KL Loss:158.0133 Recon Loss:0.1539 Acc:0.9957 
=> Current learning rate: 0.000100
Epoch:68 Time:6.4 Data:0.0 Loss:20.8514 Cls Loss:20.8514 Pair Loss:0.1408 Center Loss:19.2202 KL Loss:157.7095 Recon Loss:0.1540 Acc:0.9952 
=> Current learning rate: 0.000100
Epoch:69 Time:6.8 Data:0.0 Loss:20.6262 Cls Loss:20.6262 Pair Loss:0.1418 Center Loss:19.0012 KL Loss:157.4594 Recon Loss:0.1540 Acc:0.9965 
=> Current learning rate: 0.000100
Epoch:70 Time:8.2 Data:0.0 Loss:20.4222 Cls Loss:20.4222 Pair Loss:0.1416 Center Loss:18.8018 KL Loss:157.3047 Recon Loss:0.1540 Acc:0.9952 
=> Test at epoch 70
==========Test with latent_z: z_c =========
Extracted features for query set, obtained torch.Size([2709, 1280]) matrix
Extracted features for gallery set, obtained torch.Size([2000, 1280]) matrix
Extracting features complete in 0m 2s
Distance computing in 0m 0s
Positive values in distance matrix: 1694160
Negative values in distance matrix: 3723840
Adjusted 0 distances
Results ---------------------------------------------------
top1:22.8% top5:46.9% top10:58.4% top20:70.6% mAP:29.1%
-----------------------------------------------------------
Classification accuracy before cls-ranking: 45.5%
query accuracy after cls-ranking: 24.8%
gallery accuracy after cls-ranking: 99.9%
Classification accuracy after cls-ranking: 45.5%
query accuracy after cls-ranking: 24.8%
gallery accuracy after cls-ranking: 99.9%
Using 0m 3s
Classifier results ---------------------------------------------------
Query acc: 24.8% Gallery acc: 100.0% Total acc: 56.7%
=> Current learning rate: 0.000100
Epoch:71 Time:8.4 Data:0.0 Loss:20.2181 Cls Loss:20.2181 Pair Loss:0.1423 Center Loss:18.5994 KL Loss:156.9113 Recon Loss:0.1539 Acc:0.9950 
=> Current learning rate: 0.000100
Epoch:72 Time:9.1 Data:0.0 Loss:20.0077 Cls Loss:20.0077 Pair Loss:0.1418 Center Loss:18.3936 KL Loss:156.7872 Recon Loss:0.1540 Acc:0.9960 
=> Current learning rate: 0.000100
Epoch:73 Time:5.0 Data:0.0 Loss:19.8133 Cls Loss:19.8133 Pair Loss:0.1408 Center Loss:18.2057 KL Loss:156.4175 Recon Loss:0.1540 Acc:0.9955 
=> Current learning rate: 0.000100
Epoch:74 Time:6.9 Data:0.0 Loss:19.6216 Cls Loss:19.6216 Pair Loss:0.1417 Center Loss:18.0148 KL Loss:156.1715 Recon Loss:0.1540 Acc:0.9965 
=> Current learning rate: 0.000100
Epoch:75 Time:7.2 Data:0.0 Loss:19.4376 Cls Loss:19.4376 Pair Loss:0.1424 Center Loss:17.8352 KL Loss:156.0019 Recon Loss:0.1540 Acc:0.9955 
=> Test at epoch 75
==========Test with latent_z: z_c =========
Extracted features for query set, obtained torch.Size([2709, 1280]) matrix
Extracted features for gallery set, obtained torch.Size([2000, 1280]) matrix
Extracting features complete in 0m 3s
Distance computing in 0m 0s
Positive values in distance matrix: 1636944
Negative values in distance matrix: 3781056
Adjusted 0 distances
Results ---------------------------------------------------
top1:23.0% top5:47.1% top10:58.5% top20:70.7% mAP:29.2%
-----------------------------------------------------------
Classification accuracy before cls-ranking: 45.3%
query accuracy after cls-ranking: 24.8%
gallery accuracy after cls-ranking: 99.9%
Classification accuracy after cls-ranking: 45.3%
query accuracy after cls-ranking: 24.8%
gallery accuracy after cls-ranking: 99.9%
Using 0m 3s
Classifier results ---------------------------------------------------
Query acc: 24.8% Gallery acc: 100.0% Total acc: 56.7%
=> Current learning rate: 0.000100
Epoch:76 Time:7.0 Data:0.0 Loss:19.2296 Cls Loss:19.2296 Pair Loss:0.1417 Center Loss:17.6306 KL Loss:155.6796 Recon Loss:0.1539 Acc:0.9955 
=> Current learning rate: 0.000100
Epoch:77 Time:7.4 Data:0.0 Loss:19.0427 Cls Loss:19.0427 Pair Loss:0.1416 Center Loss:17.4481 KL Loss:155.4933 Recon Loss:0.1540 Acc:0.9952 
=> Current learning rate: 0.000100
Epoch:78 Time:6.6 Data:0.0 Loss:18.8579 Cls Loss:18.8579 Pair Loss:0.1427 Center Loss:17.2652 KL Loss:155.4402 Recon Loss:0.1540 Acc:0.9970 
=> Current learning rate: 0.000100
Epoch:79 Time:6.1 Data:0.0 Loss:18.6779 Cls Loss:18.6779 Pair Loss:0.1435 Center Loss:17.0888 KL Loss:155.0251 Recon Loss:0.1539 Acc:0.9965 
=> Current learning rate: 0.000100
Epoch:80 Time:8.3 Data:0.0 Loss:18.4847 Cls Loss:18.4847 Pair Loss:0.1437 Center Loss:16.8988 KL Loss:154.7810 Recon Loss:0.1540 Acc:0.9967 
=> Test at epoch 80
==========Test with latent_z: z_c =========
Extracted features for query set, obtained torch.Size([2709, 1280]) matrix
Extracted features for gallery set, obtained torch.Size([2000, 1280]) matrix
Extracting features complete in 0m 3s
Distance computing in 0m 0s
Positive values in distance matrix: 1608840
Negative values in distance matrix: 3809160
Adjusted 0 distances
Results ---------------------------------------------------
top1:22.9% top5:46.7% top10:58.3% top20:70.6% mAP:29.1%
-----------------------------------------------------------
Classification accuracy before cls-ranking: 45.1%
query accuracy after cls-ranking: 25.2%
gallery accuracy after cls-ranking: 100.0%
Classification accuracy after cls-ranking: 45.1%
query accuracy after cls-ranking: 25.2%
gallery accuracy after cls-ranking: 100.0%
Using 0m 3s
Classifier results ---------------------------------------------------
Query acc: 25.2% Gallery acc: 100.0% Total acc: 57.0%
=> Current learning rate: 0.000100
Epoch:81 Time:6.5 Data:0.0 Loss:18.2962 Cls Loss:18.2962 Pair Loss:0.1412 Center Loss:16.7173 KL Loss:154.5485 Recon Loss:0.1539 Acc:0.9957 
=> Current learning rate: 0.000100
Epoch:82 Time:10.3 Data:0.0 Loss:18.1368 Cls Loss:18.1368 Pair Loss:0.1424 Center Loss:16.5595 KL Loss:154.5859 Recon Loss:0.1540 Acc:0.9962 
=> Current learning rate: 0.000100
Epoch:83 Time:6.9 Data:0.0 Loss:17.9547 Cls Loss:17.9547 Pair Loss:0.1440 Center Loss:16.3813 KL Loss:154.5128 Recon Loss:0.1540 Acc:0.9962 
=> Current learning rate: 0.000100
Epoch:84 Time:5.5 Data:0.0 Loss:17.7642 Cls Loss:17.7642 Pair Loss:0.1440 Center Loss:16.1951 KL Loss:154.5127 Recon Loss:0.1539 Acc:0.9962 
=> Current learning rate: 0.000100
Epoch:85 Time:4.6 Data:0.0 Loss:17.5959 Cls Loss:17.5959 Pair Loss:0.1424 Center Loss:16.0315 KL Loss:154.5449 Recon Loss:0.1540 Acc:0.9960 
=> Test at epoch 85
==========Test with latent_z: z_c =========
Extracted features for query set, obtained torch.Size([2709, 1280]) matrix
Extracted features for gallery set, obtained torch.Size([2000, 1280]) matrix
Extracting features complete in 0m 3s
Distance computing in 0m 0s
Positive values in distance matrix: 1621131
Negative values in distance matrix: 3796869
Adjusted 0 distances
Results ---------------------------------------------------
top1:22.8% top5:46.9% top10:58.4% top20:70.6% mAP:29.1%
-----------------------------------------------------------
Classification accuracy before cls-ranking: 43.9%
query accuracy after cls-ranking: 25.4%
gallery accuracy after cls-ranking: 100.0%
Classification accuracy after cls-ranking: 43.9%
query accuracy after cls-ranking: 25.4%
gallery accuracy after cls-ranking: 100.0%
Using 0m 4s
Classifier results ---------------------------------------------------
Query acc: 25.4% Gallery acc: 100.0% Total acc: 57.1%
=> Current learning rate: 0.000100
Epoch:86 Time:5.8 Data:0.0 Loss:17.4341 Cls Loss:17.4341 Pair Loss:0.1444 Center Loss:15.8690 KL Loss:154.4763 Recon Loss:0.1540 Acc:0.9947 
=> Current learning rate: 0.000100
Epoch:87 Time:6.0 Data:0.0 Loss:17.2593 Cls Loss:17.2593 Pair Loss:0.1449 Center Loss:15.6996 KL Loss:154.6132 Recon Loss:0.1540 Acc:0.9965 
=> Current learning rate: 0.000100
Epoch:88 Time:4.6 Data:0.0 Loss:17.0956 Cls Loss:17.0956 Pair Loss:0.1430 Center Loss:15.5399 KL Loss:154.3819 Recon Loss:0.1540 Acc:0.9952 
=> Current learning rate: 0.000100
Epoch:89 Time:5.9 Data:0.0 Loss:16.9344 Cls Loss:16.9344 Pair Loss:0.1443 Center Loss:15.3786 KL Loss:154.4436 Recon Loss:0.1540 Acc:0.9955 
=> Current learning rate: 0.000100
Epoch:90 Time:7.9 Data:0.0 Loss:16.7684 Cls Loss:16.7684 Pair Loss:0.1440 Center Loss:15.2167 KL Loss:154.4722 Recon Loss:0.1540 Acc:0.9965 
=> Test at epoch 90
==========Test with latent_z: z_c =========
Extracted features for query set, obtained torch.Size([2709, 1280]) matrix
Extracted features for gallery set, obtained torch.Size([2000, 1280]) matrix
Extracting features complete in 0m 3s
Distance computing in 0m 1s
Positive values in distance matrix: 1634403
Negative values in distance matrix: 3783597
Adjusted 0 distances
Results ---------------------------------------------------
top1:22.8% top5:47.0% top10:58.4% top20:70.8% mAP:29.1%
-----------------------------------------------------------
Classification accuracy before cls-ranking: 43.7%
query accuracy after cls-ranking: 25.4%
gallery accuracy after cls-ranking: 100.0%
Classification accuracy after cls-ranking: 43.7%
query accuracy after cls-ranking: 25.4%
gallery accuracy after cls-ranking: 100.0%
Using 0m 3s
Classifier results ---------------------------------------------------
Query acc: 25.4% Gallery acc: 100.0% Total acc: 57.1%
=> Current learning rate: 0.000100
Epoch:91 Time:7.3 Data:0.0 Loss:16.6079 Cls Loss:16.6079 Pair Loss:0.1453 Center Loss:15.0628 KL Loss:154.4817 Recon Loss:0.1540 Acc:0.9967 
=> Current learning rate: 0.000100
Epoch:92 Time:9.2 Data:0.0 Loss:16.4516 Cls Loss:16.4516 Pair Loss:0.1442 Center Loss:14.9094 KL Loss:154.5181 Recon Loss:0.1540 Acc:0.9970 
=> Current learning rate: 0.000100
Epoch:93 Time:4.9 Data:0.0 Loss:16.2905 Cls Loss:16.2905 Pair Loss:0.1430 Center Loss:14.7511 KL Loss:154.3946 Recon Loss:0.1540 Acc:0.9965 
=> Current learning rate: 0.000100
Epoch:94 Time:8.3 Data:0.0 Loss:16.1346 Cls Loss:16.1346 Pair Loss:0.1436 Center Loss:14.6006 KL Loss:154.4016 Recon Loss:0.1539 Acc:0.9957 
=> Current learning rate: 0.000100
Epoch:95 Time:6.6 Data:0.0 Loss:15.9829 Cls Loss:15.9829 Pair Loss:0.1439 Center Loss:14.4517 KL Loss:154.5339 Recon Loss:0.1540 Acc:0.9962 
=> Test at epoch 95
==========Test with latent_z: z_c =========
Extracted features for query set, obtained torch.Size([2709, 1280]) matrix
Extracted features for gallery set, obtained torch.Size([2000, 1280]) matrix
Extracting features complete in 0m 3s
Distance computing in 0m 0s
Positive values in distance matrix: 1614811
Negative values in distance matrix: 3803189
Adjusted 0 distances
Results ---------------------------------------------------
top1:22.7% top5:46.9% top10:58.5% top20:70.6% mAP:29.1%
-----------------------------------------------------------
Classification accuracy before cls-ranking: 43.4%
query accuracy after cls-ranking: 25.2%
gallery accuracy after cls-ranking: 100.0%
Classification accuracy after cls-ranking: 43.4%
query accuracy after cls-ranking: 25.2%
gallery accuracy after cls-ranking: 100.0%
Using 0m 3s
Classifier results ---------------------------------------------------
Query acc: 25.2% Gallery acc: 100.0% Total acc: 57.0%
=> Current learning rate: 0.000100
Epoch:96 Time:5.7 Data:0.0 Loss:15.8280 Cls Loss:15.8280 Pair Loss:0.1443 Center Loss:14.2985 KL Loss:154.3853 Recon Loss:0.1540 Acc:0.9967 
=> Current learning rate: 0.000100
Epoch:97 Time:6.5 Data:0.0 Loss:15.6768 Cls Loss:15.6768 Pair Loss:0.1433 Center Loss:14.1530 KL Loss:154.4471 Recon Loss:0.1540 Acc:0.9960 
=> Current learning rate: 0.000100
Epoch:98 Time:6.4 Data:0.0 Loss:15.5276 Cls Loss:15.5276 Pair Loss:0.1452 Center Loss:14.0041 KL Loss:154.3982 Recon Loss:0.1539 Acc:0.9965 
=> Current learning rate: 0.000100
Epoch:99 Time:5.3 Data:0.0 Loss:15.3854 Cls Loss:15.3854 Pair Loss:0.1447 Center Loss:13.8652 KL Loss:154.5666 Recon Loss:0.1540 Acc:0.9962 
=> Current learning rate: 0.000100
Epoch:100 Time:6.8 Data:0.0 Loss:15.2446 Cls Loss:15.2446 Pair Loss:0.1450 Center Loss:13.7272 KL Loss:154.4940 Recon Loss:0.1540 Acc:0.9962 
=> Test at epoch 100
==========Test with latent_z: z_c =========
Extracted features for query set, obtained torch.Size([2709, 1280]) matrix
Extracted features for gallery set, obtained torch.Size([2000, 1280]) matrix
Extracting features complete in 0m 3s
Distance computing in 0m 0s
Positive values in distance matrix: 1627283
Negative values in distance matrix: 3790717
Adjusted 0 distances
Results ---------------------------------------------------
top1:22.9% top5:47.0% top10:58.2% top20:70.7% mAP:29.2%
-----------------------------------------------------------
Classification accuracy before cls-ranking: 43.7%
query accuracy after cls-ranking: 25.4%
gallery accuracy after cls-ranking: 100.0%
Classification accuracy after cls-ranking: 43.7%
query accuracy after cls-ranking: 25.4%
gallery accuracy after cls-ranking: 100.0%
Using 0m 3s
Classifier results ---------------------------------------------------
Query acc: 25.4% Gallery acc: 100.0% Total acc: 57.1%
=> Current learning rate: 0.000100
Epoch:101 Time:5.9 Data:0.0 Loss:15.0919 Cls Loss:15.0919 Pair Loss:0.1429 Center Loss:13.5804 KL Loss:154.4084 Recon Loss:0.1540 Acc:0.9962 
=> Current learning rate: 0.000100
Epoch:102 Time:7.1 Data:0.0 Loss:14.9572 Cls Loss:14.9572 Pair Loss:0.1452 Center Loss:13.4451 KL Loss:154.5287 Recon Loss:0.1539 Acc:0.9975 
=> Current learning rate: 0.000100
Epoch:103 Time:7.4 Data:0.0 Loss:14.8150 Cls Loss:14.8150 Pair Loss:0.1459 Center Loss:13.3071 KL Loss:154.5581 Recon Loss:0.1540 Acc:0.9965 
=> Current learning rate: 0.000100
Epoch:104 Time:6.4 Data:0.0 Loss:14.6650 Cls Loss:14.6650 Pair Loss:0.1441 Center Loss:13.1653 KL Loss:154.3361 Recon Loss:0.1540 Acc:0.9967 
=> Current learning rate: 0.000100
Epoch:105 Time:4.6 Data:0.0 Loss:14.5349 Cls Loss:14.5349 Pair Loss:0.1439 Center Loss:13.0382 KL Loss:154.3295 Recon Loss:0.1540 Acc:0.9962 
=> Test at epoch 105
==========Test with latent_z: z_c =========
Extracted features for query set, obtained torch.Size([2709, 1280]) matrix
Extracted features for gallery set, obtained torch.Size([2000, 1280]) matrix
Extracting features complete in 0m 2s
Distance computing in 0m 1s
Positive values in distance matrix: 1556596
Negative values in distance matrix: 3861404
Adjusted 0 distances
Results ---------------------------------------------------
top1:22.8% top5:47.0% top10:58.3% top20:70.6% mAP:29.2%
-----------------------------------------------------------
Classification accuracy before cls-ranking: 43.1%
query accuracy after cls-ranking: 25.1%
gallery accuracy after cls-ranking: 100.0%
Classification accuracy after cls-ranking: 43.1%
query accuracy after cls-ranking: 25.1%
gallery accuracy after cls-ranking: 100.0%
Using 0m 3s
Classifier results ---------------------------------------------------
Query acc: 25.1% Gallery acc: 100.0% Total acc: 56.9%
=> Current learning rate: 0.000100
Epoch:106 Time:7.3 Data:0.0 Loss:14.4064 Cls Loss:14.4064 Pair Loss:0.1457 Center Loss:12.9090 KL Loss:154.4235 Recon Loss:0.1540 Acc:0.9960 
=> Current learning rate: 0.000100
Epoch:107 Time:6.7 Data:0.0 Loss:14.2613 Cls Loss:14.2613 Pair Loss:0.1461 Center Loss:12.7698 KL Loss:154.5563 Recon Loss:0.1539 Acc:0.9977 
=> Current learning rate: 0.000100
Epoch:108 Time:6.2 Data:0.0 Loss:14.1368 Cls Loss:14.1368 Pair Loss:0.1454 Center Loss:12.6447 KL Loss:154.4284 Recon Loss:0.1540 Acc:0.9962 
=> Current learning rate: 0.000100
Epoch:109 Time:6.9 Data:0.0 Loss:14.0046 Cls Loss:14.0046 Pair Loss:0.1448 Center Loss:12.5173 KL Loss:154.5193 Recon Loss:0.1539 Acc:0.9967 
=> Current learning rate: 0.000100
Epoch:110 Time:5.1 Data:0.0 Loss:13.8725 Cls Loss:13.8725 Pair Loss:0.1449 Center Loss:12.3888 KL Loss:154.5200 Recon Loss:0.1540 Acc:0.9975 
=> Test at epoch 110
==========Test with latent_z: z_c =========
Extracted features for query set, obtained torch.Size([2709, 1280]) matrix
Extracted features for gallery set, obtained torch.Size([2000, 1280]) matrix
Extracting features complete in 0m 2s
Distance computing in 0m 0s
Positive values in distance matrix: 1545746
Negative values in distance matrix: 3872254
Adjusted 0 distances
Results ---------------------------------------------------
top1:22.7% top5:47.1% top10:58.3% top20:70.9% mAP:29.2%
-----------------------------------------------------------
Classification accuracy before cls-ranking: 42.3%
query accuracy after cls-ranking: 25.1%
gallery accuracy after cls-ranking: 100.0%
Classification accuracy after cls-ranking: 42.3%
query accuracy after cls-ranking: 25.1%
gallery accuracy after cls-ranking: 100.0%
Using 0m 3s
Classifier results ---------------------------------------------------
Query acc: 25.1% Gallery acc: 100.0% Total acc: 56.9%
=> Current learning rate: 0.000100
Epoch:111 Time:7.1 Data:0.0 Loss:13.7415 Cls Loss:13.7415 Pair Loss:0.1449 Center Loss:12.2623 KL Loss:154.4686 Recon Loss:0.1540 Acc:0.9962 
=> Current learning rate: 0.000100
Epoch:112 Time:6.7 Data:0.0 Loss:13.6231 Cls Loss:13.6231 Pair Loss:0.1457 Center Loss:12.1439 KL Loss:154.4986 Recon Loss:0.1540 Acc:0.9975 
=> Current learning rate: 0.000100
Epoch:113 Time:5.7 Data:0.0 Loss:13.4939 Cls Loss:13.4939 Pair Loss:0.1452 Center Loss:12.0212 KL Loss:154.2577 Recon Loss:0.1540 Acc:0.9967 
=> Current learning rate: 0.000100
Epoch:114 Time:5.2 Data:0.0 Loss:13.3726 Cls Loss:13.3726 Pair Loss:0.1463 Center Loss:11.9005 KL Loss:154.4581 Recon Loss:0.1540 Acc:0.9967 
=> Current learning rate: 0.000100
Epoch:115 Time:5.4 Data:0.0 Loss:13.2508 Cls Loss:13.2508 Pair Loss:0.1449 Center Loss:11.7810 KL Loss:154.3916 Recon Loss:0.1539 Acc:0.9972 
=> Test at epoch 115
==========Test with latent_z: z_c =========
Extracted features for query set, obtained torch.Size([2709, 1280]) matrix
Extracted features for gallery set, obtained torch.Size([2000, 1280]) matrix
Extracting features complete in 0m 3s
Distance computing in 0m 0s
Positive values in distance matrix: 1568733
Negative values in distance matrix: 3849267
Adjusted 0 distances
Results ---------------------------------------------------
top1:22.8% top5:47.0% top10:58.2% top20:70.6% mAP:29.2%
-----------------------------------------------------------
Classification accuracy before cls-ranking: 43.7%
query accuracy after cls-ranking: 25.9%
gallery accuracy after cls-ranking: 100.0%
Classification accuracy after cls-ranking: 43.7%
query accuracy after cls-ranking: 25.9%
gallery accuracy after cls-ranking: 100.0%
Using 0m 4s
Classifier results ---------------------------------------------------
Query acc: 25.9% Gallery acc: 100.0% Total acc: 57.4%
=> Current learning rate: 0.000100
Epoch:116 Time:6.2 Data:0.0 Loss:13.1328 Cls Loss:13.1328 Pair Loss:0.1458 Center Loss:11.6668 KL Loss:154.3953 Recon Loss:0.1539 Acc:0.9962 
=> Current learning rate: 0.000100
Epoch:117 Time:7.1 Data:0.0 Loss:13.0152 Cls Loss:13.0152 Pair Loss:0.1479 Center Loss:11.5491 KL Loss:154.5222 Recon Loss:0.1540 Acc:0.9970 
=> Current learning rate: 0.000100
Epoch:118 Time:5.1 Data:0.0 Loss:12.8893 Cls Loss:12.8893 Pair Loss:0.1450 Center Loss:11.4304 KL Loss:154.4326 Recon Loss:0.1540 Acc:0.9980 
=> Current learning rate: 0.000100
Epoch:119 Time:6.0 Data:0.0 Loss:12.7710 Cls Loss:12.7710 Pair Loss:0.1458 Center Loss:11.3152 KL Loss:154.5337 Recon Loss:0.1540 Acc:0.9965 
=> Current learning rate: 0.000100
Epoch:120 Time:5.9 Data:0.0 Loss:12.6636 Cls Loss:12.6636 Pair Loss:0.1472 Center Loss:11.2098 KL Loss:154.3902 Recon Loss:0.1540 Acc:0.9975 
=> Test at epoch 120
==========Test with latent_z: z_c =========
Extracted features for query set, obtained torch.Size([2709, 1280]) matrix
Extracted features for gallery set, obtained torch.Size([2000, 1280]) matrix
Extracting features complete in 0m 3s
Distance computing in 0m 0s
Positive values in distance matrix: 1603974
Negative values in distance matrix: 3814026
Adjusted 0 distances
Results ---------------------------------------------------
top1:22.7% top5:47.1% top10:58.3% top20:70.9% mAP:29.2%
-----------------------------------------------------------
Classification accuracy before cls-ranking: 42.8%
query accuracy after cls-ranking: 25.3%
gallery accuracy after cls-ranking: 100.0%
Classification accuracy after cls-ranking: 42.8%
query accuracy after cls-ranking: 25.3%
gallery accuracy after cls-ranking: 100.0%
Using 0m 2s
Classifier results ---------------------------------------------------
Query acc: 25.3% Gallery acc: 100.0% Total acc: 57.0%
Keep checkpoint file: checkpoint_ep120.pth.tar
=> Current learning rate: 0.000100
=> Best Rank-1 22.8%, mAP 29.2% achieved at epoch 115
=> Best Acc: Query 25.9%, Gallery 100.0%, Total 57.4%
Finished. Total elapsed time (h:m:s): 0:19:00. Training time (h:m:s): 0:14:15.
