=> merge config from ./configs/sketchy_categray/clipreid_cvae_kl_novel.yaml
=> Configurations:
-------------------------
AMP: True
AUG:
  RC_PROB: 0.5
  RE_PROB: 0.5
DATA:
  CUHK03_CLASSIC_SPLIT: False
  CUHK03_LABELED: False
  DATASET: sketchy
  FORMAT_TAG: tensor
  HEIGHT: 256
  NUM_INSTANCES: 4
  NUM_WORKERS: 4
  ROOT: /home/zhengwei/my_data/datasets
  SPLIT_ID: 0
  TEST_BATCH: 512
  TRAIN_BATCH: 64
  TRAIN_FORMAT: novel
  WIDTH: 128
EVAL_MODE: False
FEWSHOT:
  ENABLE: True
  EPISODE: 100
  KSHOT: 1
  NWAY: 5
GPU: 2
LOSS:
  CLA_LOSS: crossentropy
  CLA_M: 0.0
  CLA_S: 16.0
  PAIR_LOSS: triplet
  PAIR_M: 0.3
  PAIR_S: 16.0
  RECON_LOSS: mse
  USE_NCE: False
MODEL:
  CONDITIONAL: False
  FEATURE_DIM: 1280
  FEAT_FUSION: False
  FLOW_TYPE: 
  GAUSSIAN: MultivariateNormal
  HIDDEN_DIM: 256
  LATENT_SIZE: 64
  NAME: CVAE
  ONLY_CVAE_KL: False
  ONLY_X_INPUT: False
  PRETRAIN: CLIPreID_Novel_Sketchy_a5w1s
  PROJECTION_TYPE: None
  RES4_STRIDE: 1
  RESUME: /data/zhengwei/CVAE/outputs/sketchy/clipreid_simplevae_base/novel/2024-09-18/novelSketchy_SimpleVAE+2E_128+64z_1e3_60+120_KLtotalZ_all5w1s_noCLS_forLinear
  STYLE_NUM: 0
  TRAIN_STAGE: reid+cls_stage
  USE_CENTROID: False
  USE_TWO_ENCODER: True
  VAE_TYPE: SinpleVAE
  ZC_DIM: 128
  ZS_DIM: 64
OUTPUT: /data/zhengwei/CVAE/outputs/sketchy/clipreid_simplevae_base/novel/2024-09-18/novelSketchy_SimpleVAE+2E_128+64z_1e4_60+120_KLtotalZ_all5w1s_L1280+noBN+CLS_Trip+Center+Ce
SAVED_NAME: novelSketchy_SimpleVAE+2E_128+64z_1e4_60+120_KLtotalZ_all5w1s_L1280+noBN+CLS_Trip+Center+Ce
SEED: 0
TAG: clipreid_simplevae_base
TEST:
  DISTANCE: cosine
  EVAL_STEP: 5
  START_EVAL: -1
TRAIN:
  AMP: False
  LR_SCHEDULER:
    DECAY_RATE: 0.1
    NAME: MultiStepLR
    STEPSIZE: [30]
  MAX_EPOCH: 60
  OPTIMIZER:
    LR: 0.001
    NAME: adam
    SGDLR: 0.01
    SGD_MOMENTUM: 0.9
    SGD_WEIGHT_DECAY: 0.0005
    WEIGHT_DECAY: 0.0001
  START_EPOCH: 0
----------------------
Initializing dataset sketchy
=> Sketchy dataset loaded
Dataset statistics:
  ----------------------------------------
  subset   | # ids | # images | # cameras
  ----------------------------------------
  train    |    61 |      122 |         1
  query    |    61 |    36636 |         1
  gallery  |    61 |    34245 |         1
  val      |    61 |    70881 |         1
  ----------------------------------------
Initializing SinpleVAE model with 2 encoders
============Warning! No projection layer is used in Training!=================
============Warning! Using Defalt Linear 1280 to intialize!=================
Model size: 13.60672M
Using Linear classifier
Initialized classifier with feature_dim: 1280, num_classes: 61
Classifier size: 0.07808M
reid_projector.weight is tuneable
bottlenect.weight is tuneable
bottlenect.bias is tuneable
i2t_projector.weight is tuneable
i2t_projector.bias is tuneable
=> Start Training ReID projector and Classifier
Loading checkpoint from '/data/zhengwei/CVAE/outputs/sketchy/clipreid_simplevae_base/novel/2024-09-18/novelSketchy_SimpleVAE+2E_128+64z_1e3_60+120_KLtotalZ_all5w1s_noCLS_forLinear/best_model.pth.tar'
Loading all parameter:  encoder_zc.0.weight
Loading all parameter:  encoder_zc.0.bias
Loading all parameter:  encoder_zc.1.weight
Loading all parameter:  encoder_zc.1.bias
Loading all parameter:  encoder_zc.1.running_mean
Loading all parameter:  encoder_zc.1.running_var
Loading all parameter:  encoder_zc.1.num_batches_tracked
Loading all parameter:  fc_mu_zc.0.weight
Loading all parameter:  fc_mu_zc.0.bias
Loading all parameter:  fc_logvar_zc.0.weight
Loading all parameter:  fc_logvar_zc.0.bias
Loading all parameter:  encoder_zs.0.weight
Loading all parameter:  encoder_zs.0.bias
Loading all parameter:  encoder_zs.1.weight
Loading all parameter:  encoder_zs.1.bias
Loading all parameter:  encoder_zs.1.running_mean
Loading all parameter:  encoder_zs.1.running_var
Loading all parameter:  encoder_zs.1.num_batches_tracked
Loading all parameter:  fc_mu_zs.0.weight
Loading all parameter:  fc_mu_zs.0.bias
Loading all parameter:  fc_logvar_zs.0.weight
Loading all parameter:  fc_logvar_zs.0.bias
Loading all parameter:  decoder.0.weight
Loading all parameter:  decoder.0.bias
Loading all parameter:  decoder.1.weight
Loading all parameter:  decoder.1.bias
Loading all parameter:  decoder.1.running_mean
Loading all parameter:  decoder.1.running_var
Loading all parameter:  decoder.1.num_batches_tracked
Loading all parameter:  decoder.3.weight
Loading all parameter:  decoder.3.bias
Loading all parameter:  u_embedding.gate.0.weight
Loading all parameter:  u_embedding.gate.0.bias
Loading all parameter:  u_embedding.adapters.0.weight
Loading all parameter:  u_embedding.adapters.0.bias
Loading all parameter:  u_embedding.adapters.1.weight
Loading all parameter:  u_embedding.adapters.1.bias
Loading all parameter:  u_embedding.adapters.2.weight
Loading all parameter:  u_embedding.adapters.2.bias
Loading all parameter:  u_embedding.adapters.3.weight
Loading all parameter:  u_embedding.adapters.3.bias
Loading all parameter:  u_embedding.adapters.4.weight
Loading all parameter:  u_embedding.adapters.4.bias
Loading all parameter:  u_embedding.adapters.5.weight
Loading all parameter:  u_embedding.adapters.5.bias
Loading all parameter:  u_embedding.adapters.6.weight
Loading all parameter:  u_embedding.adapters.6.bias
Loading all parameter:  u_embedding.adapters.7.weight
Loading all parameter:  u_embedding.adapters.7.bias
Loading all parameter:  u_embedding.adapters.8.weight
Loading all parameter:  u_embedding.adapters.8.bias
Loading all parameter:  u_embedding.adapters.9.weight
Loading all parameter:  u_embedding.adapters.9.bias
Loading all parameter:  u_embedding.adapters.10.weight
Loading all parameter:  u_embedding.adapters.10.bias
Loading all parameter:  u_embedding.adapters.11.weight
Loading all parameter:  u_embedding.adapters.11.bias
Loading all parameter:  u_embedding.adapters.12.weight
Loading all parameter:  u_embedding.adapters.12.bias
Loading all parameter:  u_embedding.adapters.13.weight
Loading all parameter:  u_embedding.adapters.13.bias
Loading all parameter:  u_embedding.adapters.14.weight
Loading all parameter:  u_embedding.adapters.14.bias
Loading all parameter:  u_embedding.adapters.15.weight
Loading all parameter:  u_embedding.adapters.15.bias
Loading all parameter:  u_embedding.adapters.16.weight
Loading all parameter:  u_embedding.adapters.16.bias
Loading all parameter:  u_embedding.adapters.17.weight
Loading all parameter:  u_embedding.adapters.17.bias
Loading all parameter:  u_embedding.adapters.18.weight
Loading all parameter:  u_embedding.adapters.18.bias
Loading all parameter:  u_embedding.adapters.19.weight
Loading all parameter:  u_embedding.adapters.19.bias
Loading all parameter:  u_embedding.adapters.20.weight
Loading all parameter:  u_embedding.adapters.20.bias
Loading all parameter:  u_embedding.adapters.21.weight
Loading all parameter:  u_embedding.adapters.21.bias
Loading all parameter:  u_embedding.adapters.22.weight
Loading all parameter:  u_embedding.adapters.22.bias
Loading all parameter:  u_embedding.adapters.23.weight
Loading all parameter:  u_embedding.adapters.23.bias
Loading all parameter:  u_embedding.adapters.24.weight
Loading all parameter:  u_embedding.adapters.24.bias
Loading all parameter:  u_embedding.adapters.25.weight
Loading all parameter:  u_embedding.adapters.25.bias
Loading all parameter:  u_embedding.adapters.26.weight
Loading all parameter:  u_embedding.adapters.26.bias
Loading all parameter:  u_embedding.adapters.27.weight
Loading all parameter:  u_embedding.adapters.27.bias
Loading all parameter:  u_embedding.adapters.28.weight
Loading all parameter:  u_embedding.adapters.28.bias
Loading all parameter:  u_embedding.adapters.29.weight
Loading all parameter:  u_embedding.adapters.29.bias
Loading all parameter:  u_embedding.adapters.30.weight
Loading all parameter:  u_embedding.adapters.30.bias
Loading all parameter:  u_embedding.adapters.31.weight
Loading all parameter:  u_embedding.adapters.31.bias
Loading all parameter:  u_embedding.adapters.32.weight
Loading all parameter:  u_embedding.adapters.32.bias
Loading all parameter:  u_embedding.adapters.33.weight
Loading all parameter:  u_embedding.adapters.33.bias
Loading all parameter:  u_embedding.adapters.34.weight
Loading all parameter:  u_embedding.adapters.34.bias
Loading all parameter:  u_embedding.adapters.35.weight
Loading all parameter:  u_embedding.adapters.35.bias
Loading all parameter:  u_embedding.adapters.36.weight
Loading all parameter:  u_embedding.adapters.36.bias
Loading all parameter:  u_embedding.adapters.37.weight
Loading all parameter:  u_embedding.adapters.37.bias
Loading all parameter:  u_embedding.adapters.38.weight
Loading all parameter:  u_embedding.adapters.38.bias
Loading all parameter:  u_embedding.adapters.39.weight
Loading all parameter:  u_embedding.adapters.39.bias
Loading all parameter:  u_embedding.adapters.40.weight
Loading all parameter:  u_embedding.adapters.40.bias
Loading all parameter:  u_embedding.adapters.41.weight
Loading all parameter:  u_embedding.adapters.41.bias
Loading all parameter:  u_embedding.adapters.42.weight
Loading all parameter:  u_embedding.adapters.42.bias
Loading all parameter:  u_embedding.adapters.43.weight
Loading all parameter:  u_embedding.adapters.43.bias
Loading all parameter:  u_embedding.adapters.44.weight
Loading all parameter:  u_embedding.adapters.44.bias
Loading all parameter:  u_embedding.adapters.45.weight
Loading all parameter:  u_embedding.adapters.45.bias
Loading all parameter:  u_embedding.adapters.46.weight
Loading all parameter:  u_embedding.adapters.46.bias
Loading all parameter:  u_embedding.adapters.47.weight
Loading all parameter:  u_embedding.adapters.47.bias
Loading all parameter:  u_embedding.adapters.48.weight
Loading all parameter:  u_embedding.adapters.48.bias
Loading all parameter:  u_embedding.adapters.49.weight
Loading all parameter:  u_embedding.adapters.49.bias
Loading all parameter:  u_embedding.adapters.50.weight
Loading all parameter:  u_embedding.adapters.50.bias
Loading all parameter:  u_embedding.adapters.51.weight
Loading all parameter:  u_embedding.adapters.51.bias
Loading all parameter:  u_embedding.adapters.52.weight
Loading all parameter:  u_embedding.adapters.52.bias
Loading all parameter:  u_embedding.adapters.53.weight
Loading all parameter:  u_embedding.adapters.53.bias
Loading all parameter:  u_embedding.adapters.54.weight
Loading all parameter:  u_embedding.adapters.54.bias
Loading all parameter:  u_embedding.adapters.55.weight
Loading all parameter:  u_embedding.adapters.55.bias
Loading all parameter:  u_embedding.adapters.56.weight
Loading all parameter:  u_embedding.adapters.56.bias
Loading all parameter:  u_embedding.adapters.57.weight
Loading all parameter:  u_embedding.adapters.57.bias
Loading all parameter:  u_embedding.adapters.58.weight
Loading all parameter:  u_embedding.adapters.58.bias
Loading all parameter:  u_embedding.adapters.59.weight
Loading all parameter:  u_embedding.adapters.59.bias
Loading all parameter:  u_embedding.adapters.60.weight
Loading all parameter:  u_embedding.adapters.60.bias
Loading all parameter:  u_embedding.adapters.61.weight
Loading all parameter:  u_embedding.adapters.61.bias
Loading all parameter:  u_embedding.adapters.62.weight
Loading all parameter:  u_embedding.adapters.62.bias
Loading all parameter:  u_embedding.adapters.63.weight
Loading all parameter:  u_embedding.adapters.63.bias
Loading all parameter:  u_embedding.adapters.64.weight
Loading all parameter:  u_embedding.adapters.64.bias
Loading all parameter:  u_embedding.adapters.65.weight
Loading all parameter:  u_embedding.adapters.65.bias
Loading all parameter:  u_embedding.adapters.66.weight
Loading all parameter:  u_embedding.adapters.66.bias
Loading all parameter:  u_embedding.adapters.67.weight
Loading all parameter:  u_embedding.adapters.67.bias
Loading all parameter:  u_embedding.adapters.68.weight
Loading all parameter:  u_embedding.adapters.68.bias
Loading all parameter:  u_embedding.adapters.69.weight
Loading all parameter:  u_embedding.adapters.69.bias
Loading all parameter:  u_embedding.adapters.70.weight
Loading all parameter:  u_embedding.adapters.70.bias
Loading all parameter:  u_embedding.adapters.71.weight
Loading all parameter:  u_embedding.adapters.71.bias
Loading all parameter:  u_embedding.adapters.72.weight
Loading all parameter:  u_embedding.adapters.72.bias
Loading all parameter:  u_embedding.adapters.73.weight
Loading all parameter:  u_embedding.adapters.73.bias
Loading all parameter:  u_embedding.adapters.74.weight
Loading all parameter:  u_embedding.adapters.74.bias
Loading all parameter:  u_embedding.adapters.75.weight
Loading all parameter:  u_embedding.adapters.75.bias
Loading all parameter:  u_embedding.adapters.76.weight
Loading all parameter:  u_embedding.adapters.76.bias
Loading all parameter:  u_embedding.adapters.77.weight
Loading all parameter:  u_embedding.adapters.77.bias
Loading all parameter:  u_embedding.adapters.78.weight
Loading all parameter:  u_embedding.adapters.78.bias
Loading all parameter:  u_embedding.adapters.79.weight
Loading all parameter:  u_embedding.adapters.79.bias
Loading all parameter:  u_embedding.adapters.80.weight
Loading all parameter:  u_embedding.adapters.80.bias
Loading all parameter:  u_embedding.adapters.81.weight
Loading all parameter:  u_embedding.adapters.81.bias
Loading all parameter:  u_embedding.adapters.82.weight
Loading all parameter:  u_embedding.adapters.82.bias
Loading all parameter:  u_embedding.adapters.83.weight
Loading all parameter:  u_embedding.adapters.83.bias
Loading all parameter:  u_embedding.adapters.84.weight
Loading all parameter:  u_embedding.adapters.84.bias
Loading all parameter:  u_embedding.adapters.85.weight
Loading all parameter:  u_embedding.adapters.85.bias
Loading all parameter:  u_embedding.adapters.86.weight
Loading all parameter:  u_embedding.adapters.86.bias
Loading all parameter:  u_embedding.adapters.87.weight
Loading all parameter:  u_embedding.adapters.87.bias
Loading all parameter:  u_embedding.adapters.88.weight
Loading all parameter:  u_embedding.adapters.88.bias
Loading all parameter:  u_embedding.adapters.89.weight
Loading all parameter:  u_embedding.adapters.89.bias
Loading all parameter:  u_embedding.adapters.90.weight
Loading all parameter:  u_embedding.adapters.90.bias
Loading all parameter:  u_embedding.adapters.91.weight
Loading all parameter:  u_embedding.adapters.91.bias
Loading all parameter:  u_embedding.adapters.92.weight
Loading all parameter:  u_embedding.adapters.92.bias
Loading all parameter:  u_embedding.adapters.93.weight
Loading all parameter:  u_embedding.adapters.93.bias
Loading all parameter:  u_embedding.adapters.94.weight
Loading all parameter:  u_embedding.adapters.94.bias
Loading all parameter:  u_embedding.adapters.95.weight
Loading all parameter:  u_embedding.adapters.95.bias
Loading all parameter:  u_embedding.adapters.96.weight
Loading all parameter:  u_embedding.adapters.96.bias
Loading all parameter:  u_embedding.adapters.97.weight
Loading all parameter:  u_embedding.adapters.97.bias
Loading all parameter:  u_embedding.adapters.98.weight
Loading all parameter:  u_embedding.adapters.98.bias
Loading all parameter:  u_embedding.adapters.99.weight
Loading all parameter:  u_embedding.adapters.99.bias
Loading all parameter:  u_embedding.adapters.100.weight
Loading all parameter:  u_embedding.adapters.100.bias
Loading all parameter:  u_embedding.adapters.101.weight
Loading all parameter:  u_embedding.adapters.101.bias
Loading all parameter:  u_embedding.adapters.102.weight
Loading all parameter:  u_embedding.adapters.102.bias
Loading all parameter:  u_embedding.adapters.103.weight
Loading all parameter:  u_embedding.adapters.103.bias
Loading all parameter:  u_embedding.adapters.104.weight
Loading all parameter:  u_embedding.adapters.104.bias
Loading all parameter:  u_embedding.adapters.105.weight
Loading all parameter:  u_embedding.adapters.105.bias
Loading all parameter:  u_embedding.adapters.106.weight
Loading all parameter:  u_embedding.adapters.106.bias
Loading all parameter:  u_embedding.adapters.107.weight
Loading all parameter:  u_embedding.adapters.107.bias
Loading all parameter:  u_embedding.adapters.108.weight
Loading all parameter:  u_embedding.adapters.108.bias
Loading all parameter:  u_embedding.adapters.109.weight
Loading all parameter:  u_embedding.adapters.109.bias
Loading all parameter:  u_embedding.adapters.110.weight
Loading all parameter:  u_embedding.adapters.110.bias
Loading all parameter:  u_embedding.adapters.111.weight
Loading all parameter:  u_embedding.adapters.111.bias
Loading all parameter:  u_embedding.adapters.112.weight
Loading all parameter:  u_embedding.adapters.112.bias
Loading all parameter:  u_embedding.adapters.113.weight
Loading all parameter:  u_embedding.adapters.113.bias
Loading all parameter:  u_embedding.adapters.114.weight
Loading all parameter:  u_embedding.adapters.114.bias
Loading all parameter:  u_embedding.adapters.115.weight
Loading all parameter:  u_embedding.adapters.115.bias
Loading all parameter:  u_embedding.adapters.116.weight
Loading all parameter:  u_embedding.adapters.116.bias
Loading all parameter:  u_embedding.adapters.117.weight
Loading all parameter:  u_embedding.adapters.117.bias
Loading all parameter:  u_embedding.adapters.118.weight
Loading all parameter:  u_embedding.adapters.118.bias
Loading all parameter:  u_embedding.adapters.119.weight
Loading all parameter:  u_embedding.adapters.119.bias
Loading all parameter:  u_embedding.adapters.120.weight
Loading all parameter:  u_embedding.adapters.120.bias
Loading all parameter:  u_embedding.adapters.121.weight
Loading all parameter:  u_embedding.adapters.121.bias
Loading all parameter:  u_embedding.adapters.122.weight
Loading all parameter:  u_embedding.adapters.122.bias
Loading all parameter:  u_embedding.adapters.123.weight
Loading all parameter:  u_embedding.adapters.123.bias
Loading all parameter:  u_embedding.adapters.124.weight
Loading all parameter:  u_embedding.adapters.124.bias
Loading all parameter:  u_embedding.adapters.125.weight
Loading all parameter:  u_embedding.adapters.125.bias
Loading all parameter:  u_embedding.adapters.126.weight
Loading all parameter:  u_embedding.adapters.126.bias
Loading all parameter:  u_embedding.adapters.127.weight
Loading all parameter:  u_embedding.adapters.127.bias
Loading all parameter:  zs_embedding.0.weight
Loading all parameter:  zs_embedding.0.bias
Loading all parameter:  reid_projector.weight
Loading parameter:  reid_projector.weight
Loading all parameter:  bottlenect.weight
Loading all parameter:  bottlenect.bias
Loading all parameter:  bottlenect.running_mean
Loading all parameter:  bottlenect.running_var
Loading all parameter:  bottlenect.num_batches_tracked
Loading all parameter:  i2t_projector.weight
Ignores parameter:  i2t_projector.weight
Loading all parameter:  i2t_projector.bias
Ignores parameter:  i2t_projector.bias
orginal best rank1 = 0
=> Start evaluation on Novel data without finetuning
=> Test CLASSIFICATION performance
==========Test with latent_z: z_c =========
Extracted features for query set, obtained torch.Size([36636, 1280]) matrix
Extracted features for gallery set, obtained torch.Size([34245, 1280]) matrix
Extracted features for validation set, obtained torch.Size([70881, 1280]) matrix
Extracting features complete in 0m 28s
Using 0m 28s
Val Classifier results ---------------------------------------------------
Total acc: 1.6%
Test Classifier results ---------------------------------------------------
Query acc: 1.6% Gallery acc: 1.6% Total acc: 1.6%
=> Start training
Epoch:1 Time:2.8 Data:0.0 Loss:424.3372 Cls Loss:3.9721 Pair Loss:0.0159 Center Loss:420.3492 KL Loss:21.1082 Recon Loss:0.0287 Acc:0.2280 
=> Current learning rate: 0.000200
Epoch:2 Time:2.4 Data:0.0 Loss:24.4223 Cls Loss:3.5383 Pair Loss:0.0089 Center Loss:20.8751 KL Loss:20.6256 Recon Loss:0.0287 Acc:0.4800 
=> Current learning rate: 0.000400
Epoch:3 Time:2.4 Data:0.0 Loss:5.5112 Cls Loss:2.8682 Pair Loss:0.0185 Center Loss:2.6245 KL Loss:20.4749 Recon Loss:0.0287 Acc:0.6660 
=> Current learning rate: 0.000600
Epoch:4 Time:2.4 Data:0.0 Loss:3.3953 Cls Loss:2.0988 Pair Loss:0.0186 Center Loss:1.2779 KL Loss:19.8961 Recon Loss:0.0286 Acc:0.7720 
=> Current learning rate: 0.000800
Epoch:5 Time:2.6 Data:0.0 Loss:2.4871 Cls Loss:1.3621 Pair Loss:0.0155 Center Loss:1.1095 KL Loss:19.3352 Recon Loss:0.0290 Acc:0.8820 
=> Test at epoch 5
==========Test with latent_z: z_c =========
Extracted features for query set, obtained torch.Size([36636, 1280]) matrix
Extracted features for gallery set, obtained torch.Size([34245, 1280]) matrix
Extracted features for validation set, obtained torch.Size([70881, 1280]) matrix
Extracting features complete in 0m 28s
Using 0m 28s
Val Classifier results ---------------------------------------------------
Total acc: 55.7%
Test Classifier results ---------------------------------------------------
Query acc: 51.8% Gallery acc: 59.7% Total acc: 55.7%
=> Current learning rate: 0.001000
Epoch:6 Time:2.5 Data:0.0 Loss:1.8571 Cls Loss:0.8569 Pair Loss:0.0122 Center Loss:0.9880 KL Loss:19.2376 Recon Loss:0.0287 Acc:0.9440 
=> Current learning rate: 0.001000
Epoch:7 Time:2.5 Data:0.0 Loss:1.3981 Cls Loss:0.5725 Pair Loss:0.0107 Center Loss:0.8150 KL Loss:18.8053 Recon Loss:0.0288 Acc:0.9820 
=> Current learning rate: 0.001000
Epoch:8 Time:2.5 Data:0.0 Loss:1.1472 Cls Loss:0.3774 Pair Loss:0.0109 Center Loss:0.7588 KL Loss:18.2818 Recon Loss:0.0289 Acc:0.9940 
=> Current learning rate: 0.001000
Epoch:9 Time:2.4 Data:0.0 Loss:0.9188 Cls Loss:0.2689 Pair Loss:0.0112 Center Loss:0.6388 KL Loss:17.8919 Recon Loss:0.0287 Acc:0.9940 
=> Current learning rate: 0.001000
Epoch:10 Time:2.6 Data:0.0 Loss:0.8102 Cls Loss:0.2270 Pair Loss:0.0124 Center Loss:0.5708 KL Loss:17.6165 Recon Loss:0.0287 Acc:1.0000 
=> Test at epoch 10
==========Test with latent_z: z_c =========
Extracted features for query set, obtained torch.Size([36636, 1280]) matrix
Extracted features for gallery set, obtained torch.Size([34245, 1280]) matrix
Extracted features for validation set, obtained torch.Size([70881, 1280]) matrix
Extracting features complete in 0m 28s
Using 0m 28s
Val Classifier results ---------------------------------------------------
Total acc: 57.9%
Test Classifier results ---------------------------------------------------
Query acc: 53.5% Gallery acc: 62.7% Total acc: 57.9%
=> Current learning rate: 0.001000
Epoch:11 Time:2.7 Data:0.0 Loss:0.6763 Cls Loss:0.1641 Pair Loss:0.0123 Center Loss:0.4999 KL Loss:17.3409 Recon Loss:0.0289 Acc:1.0000 
=> Current learning rate: 0.001000
Epoch:12 Time:2.4 Data:0.0 Loss:0.6155 Cls Loss:0.1400 Pair Loss:0.0121 Center Loss:0.4633 KL Loss:16.8448 Recon Loss:0.0287 Acc:1.0000 
=> Current learning rate: 0.001000
Epoch:13 Time:2.6 Data:0.0 Loss:0.5385 Cls Loss:0.1150 Pair Loss:0.0099 Center Loss:0.4136 KL Loss:16.5511 Recon Loss:0.0289 Acc:1.0000 
=> Current learning rate: 0.001000
Epoch:14 Time:2.5 Data:0.0 Loss:0.5383 Cls Loss:0.1060 Pair Loss:0.0117 Center Loss:0.4206 KL Loss:16.2188 Recon Loss:0.0290 Acc:1.0000 
=> Current learning rate: 0.001000
Epoch:15 Time:2.4 Data:0.0 Loss:0.4588 Cls Loss:0.0912 Pair Loss:0.0086 Center Loss:0.3591 KL Loss:15.7153 Recon Loss:0.0286 Acc:1.0000 
=> Test at epoch 15
==========Test with latent_z: z_c =========
Extracted features for query set, obtained torch.Size([36636, 1280]) matrix
Extracted features for gallery set, obtained torch.Size([34245, 1280]) matrix
Extracted features for validation set, obtained torch.Size([70881, 1280]) matrix
Extracting features complete in 0m 28s
Using 0m 28s
Val Classifier results ---------------------------------------------------
Total acc: 58.1%
Test Classifier results ---------------------------------------------------
Query acc: 54.0% Gallery acc: 62.5% Total acc: 58.1%
=> Current learning rate: 0.001000
Epoch:16 Time:2.7 Data:0.0 Loss:0.4384 Cls Loss:0.0782 Pair Loss:0.0095 Center Loss:0.3507 KL Loss:15.3823 Recon Loss:0.0292 Acc:1.0000 
=> Current learning rate: 0.001000
Epoch:17 Time:3.1 Data:0.0 Loss:0.4206 Cls Loss:0.0701 Pair Loss:0.0125 Center Loss:0.3380 KL Loss:15.0288 Recon Loss:0.0291 Acc:1.0000 
=> Current learning rate: 0.001000
Epoch:18 Time:3.5 Data:0.0 Loss:0.3687 Cls Loss:0.0642 Pair Loss:0.0064 Center Loss:0.2981 KL Loss:14.4647 Recon Loss:0.0290 Acc:1.0000 
=> Current learning rate: 0.001000
Epoch:19 Time:4.2 Data:0.0 Loss:0.3674 Cls Loss:0.0575 Pair Loss:0.0117 Center Loss:0.2982 KL Loss:13.8234 Recon Loss:0.0286 Acc:1.0000 
=> Current learning rate: 0.001000
Epoch:20 Time:4.0 Data:0.0 Loss:0.3284 Cls Loss:0.0515 Pair Loss:0.0096 Center Loss:0.2673 KL Loss:13.7346 Recon Loss:0.0287 Acc:1.0000 
=> Test at epoch 20
==========Test with latent_z: z_c =========
Extracted features for query set, obtained torch.Size([36636, 1280]) matrix
Extracted features for gallery set, obtained torch.Size([34245, 1280]) matrix
Extracted features for validation set, obtained torch.Size([70881, 1280]) matrix
Extracting features complete in 0m 47s
Using 0m 47s
Val Classifier results ---------------------------------------------------
Total acc: 58.2%
Test Classifier results ---------------------------------------------------
Query acc: 54.0% Gallery acc: 62.7% Total acc: 58.2%
=> Current learning rate: 0.001000
Epoch:21 Time:5.1 Data:0.0 Loss:0.3166 Cls Loss:0.0484 Pair Loss:0.0087 Center Loss:0.2596 KL Loss:12.9978 Recon Loss:0.0288 Acc:1.0000 
=> Current learning rate: 0.001000
Epoch:22 Time:4.5 Data:0.0 Loss:0.3046 Cls Loss:0.0440 Pair Loss:0.0064 Center Loss:0.2541 KL Loss:12.9235 Recon Loss:0.0292 Acc:1.0000 
=> Current learning rate: 0.001000
Epoch:23 Time:3.3 Data:0.0 Loss:0.2818 Cls Loss:0.0432 Pair Loss:0.0086 Center Loss:0.2300 KL Loss:12.4435 Recon Loss:0.0284 Acc:1.0000 
=> Current learning rate: 0.001000
Epoch:24 Time:3.2 Data:0.0 Loss:0.2719 Cls Loss:0.0398 Pair Loss:0.0090 Center Loss:0.2231 KL Loss:12.0180 Recon Loss:0.0290 Acc:1.0000 
=> Current learning rate: 0.001000
Epoch:25 Time:2.7 Data:0.0 Loss:0.2763 Cls Loss:0.0361 Pair Loss:0.0059 Center Loss:0.2342 KL Loss:11.5133 Recon Loss:0.0286 Acc:1.0000 
=> Test at epoch 25
==========Test with latent_z: z_c =========
Extracted features for query set, obtained torch.Size([36636, 1280]) matrix
Extracted features for gallery set, obtained torch.Size([34245, 1280]) matrix
Extracted features for validation set, obtained torch.Size([70881, 1280]) matrix
Extracting features complete in 0m 48s
Using 0m 48s
Val Classifier results ---------------------------------------------------
Total acc: 56.8%
Test Classifier results ---------------------------------------------------
Query acc: 52.7% Gallery acc: 61.1% Total acc: 56.8%
=> Current learning rate: 0.001000
Epoch:26 Time:4.9 Data:0.0 Loss:0.2404 Cls Loss:0.0343 Pair Loss:0.0050 Center Loss:0.2011 KL Loss:10.9731 Recon Loss:0.0289 Acc:1.0000 
=> Current learning rate: 0.001000
Epoch:27 Time:4.9 Data:0.0 Loss:0.2339 Cls Loss:0.0316 Pair Loss:0.0052 Center Loss:0.1971 KL Loss:10.5913 Recon Loss:0.0289 Acc:1.0000 
=> Current learning rate: 0.001000
Epoch:28 Time:4.6 Data:0.0 Loss:0.2270 Cls Loss:0.0309 Pair Loss:0.0067 Center Loss:0.1893 KL Loss:10.4576 Recon Loss:0.0288 Acc:1.0000 
=> Current learning rate: 0.001000
Epoch:29 Time:4.0 Data:0.0 Loss:0.2312 Cls Loss:0.0297 Pair Loss:0.0065 Center Loss:0.1950 KL Loss:9.9402 Recon Loss:0.0291 Acc:1.0000 
=> Current learning rate: 0.001000
Epoch:30 Time:4.8 Data:0.0 Loss:0.2045 Cls Loss:0.0286 Pair Loss:0.0082 Center Loss:0.1676 KL Loss:9.4445 Recon Loss:0.0289 Acc:1.0000 
=> Test at epoch 30
==========Test with latent_z: z_c =========
Extracted features for query set, obtained torch.Size([36636, 1280]) matrix
Extracted features for gallery set, obtained torch.Size([34245, 1280]) matrix
Extracted features for validation set, obtained torch.Size([70881, 1280]) matrix
Extracting features complete in 0m 47s
Using 0m 47s
Val Classifier results ---------------------------------------------------
Total acc: 56.8%
Test Classifier results ---------------------------------------------------
Query acc: 52.5% Gallery acc: 61.3% Total acc: 56.8%
=> Current learning rate: 0.001000
Epoch:31 Time:4.2 Data:0.0 Loss:0.1229 Cls Loss:0.0259 Pair Loss:0.0041 Center Loss:0.0929 KL Loss:9.0228 Recon Loss:0.0291 Acc:1.0000 
=> Current learning rate: 0.000100
Epoch:32 Time:4.6 Data:0.0 Loss:0.1002 Cls Loss:0.0260 Pair Loss:0.0045 Center Loss:0.0697 KL Loss:8.9837 Recon Loss:0.0284 Acc:1.0000 
=> Current learning rate: 0.000100
Epoch:33 Time:4.1 Data:0.0 Loss:0.0971 Cls Loss:0.0260 Pair Loss:0.0045 Center Loss:0.0666 KL Loss:8.2586 Recon Loss:0.0291 Acc:1.0000 
=> Current learning rate: 0.000100
Epoch:34 Time:3.6 Data:0.0 Loss:0.0948 Cls Loss:0.0259 Pair Loss:0.0059 Center Loss:0.0630 KL Loss:7.9553 Recon Loss:0.0287 Acc:1.0000 
=> Current learning rate: 0.000100
Epoch:35 Time:3.7 Data:0.0 Loss:0.0958 Cls Loss:0.0265 Pair Loss:0.0076 Center Loss:0.0617 KL Loss:7.8639 Recon Loss:0.0291 Acc:1.0000 
=> Test at epoch 35
==========Test with latent_z: z_c =========
Extracted features for query set, obtained torch.Size([36636, 1280]) matrix
Extracted features for gallery set, obtained torch.Size([34245, 1280]) matrix
Extracted features for validation set, obtained torch.Size([70881, 1280]) matrix
Extracting features complete in 0m 45s
Using 0m 45s
Val Classifier results ---------------------------------------------------
Total acc: 56.8%
Test Classifier results ---------------------------------------------------
Query acc: 52.5% Gallery acc: 61.3% Total acc: 56.8%
=> Current learning rate: 0.000100
Epoch:36 Time:4.7 Data:0.0 Loss:0.0955 Cls Loss:0.0263 Pair Loss:0.0071 Center Loss:0.0621 KL Loss:7.0812 Recon Loss:0.0289 Acc:1.0000 
=> Current learning rate: 0.000100
Epoch:37 Time:3.4 Data:0.0 Loss:0.0884 Cls Loss:0.0254 Pair Loss:0.0037 Center Loss:0.0593 KL Loss:6.6775 Recon Loss:0.0283 Acc:1.0000 
=> Current learning rate: 0.000100
Epoch:38 Time:2.9 Data:0.0 Loss:0.0872 Cls Loss:0.0253 Pair Loss:0.0059 Center Loss:0.0560 KL Loss:6.2961 Recon Loss:0.0290 Acc:1.0000 
=> Current learning rate: 0.000100
Epoch:39 Time:3.6 Data:0.0 Loss:0.0892 Cls Loss:0.0257 Pair Loss:0.0057 Center Loss:0.0578 KL Loss:6.0989 Recon Loss:0.0287 Acc:1.0000 
=> Current learning rate: 0.000100
Epoch:40 Time:3.3 Data:0.0 Loss:0.0855 Cls Loss:0.0244 Pair Loss:0.0050 Center Loss:0.0560 KL Loss:5.5868 Recon Loss:0.0291 Acc:1.0000 
=> Test at epoch 40
==========Test with latent_z: z_c =========
Extracted features for query set, obtained torch.Size([36636, 1280]) matrix
Extracted features for gallery set, obtained torch.Size([34245, 1280]) matrix
Extracted features for validation set, obtained torch.Size([70881, 1280]) matrix
Extracting features complete in 0m 49s
Using 0m 49s
Val Classifier results ---------------------------------------------------
Total acc: 56.7%
Test Classifier results ---------------------------------------------------
Query acc: 52.5% Gallery acc: 61.2% Total acc: 56.7%
=> Current learning rate: 0.000100
Epoch:41 Time:3.3 Data:0.0 Loss:0.0854 Cls Loss:0.0251 Pair Loss:0.0038 Center Loss:0.0565 KL Loss:5.1099 Recon Loss:0.0288 Acc:1.0000 
=> Current learning rate: 0.000100
Epoch:42 Time:3.7 Data:0.0 Loss:0.0864 Cls Loss:0.0243 Pair Loss:0.0063 Center Loss:0.0558 KL Loss:4.8573 Recon Loss:0.0288 Acc:1.0000 
=> Current learning rate: 0.000100
Epoch:43 Time:4.0 Data:0.0 Loss:0.0834 Cls Loss:0.0243 Pair Loss:0.0055 Center Loss:0.0535 KL Loss:4.4552 Recon Loss:0.0292 Acc:1.0000 
=> Current learning rate: 0.000100
Epoch:44 Time:4.2 Data:0.0 Loss:0.0800 Cls Loss:0.0241 Pair Loss:0.0030 Center Loss:0.0529 KL Loss:3.5558 Recon Loss:0.0286 Acc:1.0000 
=> Current learning rate: 0.000100
Epoch:45 Time:4.5 Data:0.0 Loss:0.0853 Cls Loss:0.0249 Pair Loss:0.0060 Center Loss:0.0544 KL Loss:3.6728 Recon Loss:0.0291 Acc:1.0000 
=> Test at epoch 45
==========Test with latent_z: z_c =========
Extracted features for query set, obtained torch.Size([36636, 1280]) matrix
Extracted features for gallery set, obtained torch.Size([34245, 1280]) matrix
Extracted features for validation set, obtained torch.Size([70881, 1280]) matrix
Extracting features complete in 0m 51s
Using 0m 51s
Val Classifier results ---------------------------------------------------
Total acc: 56.9%
Test Classifier results ---------------------------------------------------
Query acc: 52.6% Gallery acc: 61.5% Total acc: 56.9%
=> Current learning rate: 0.000100
Epoch:46 Time:4.2 Data:0.0 Loss:0.0839 Cls Loss:0.0239 Pair Loss:0.0042 Center Loss:0.0557 KL Loss:2.9762 Recon Loss:0.0287 Acc:1.0000 
=> Current learning rate: 0.000100
Epoch:47 Time:4.3 Data:0.0 Loss:0.0845 Cls Loss:0.0250 Pair Loss:0.0049 Center Loss:0.0546 KL Loss:2.8015 Recon Loss:0.0287 Acc:1.0000 
=> Current learning rate: 0.000100
Epoch:48 Time:4.0 Data:0.0 Loss:0.0909 Cls Loss:0.0230 Pair Loss:0.0079 Center Loss:0.0600 KL Loss:2.4352 Recon Loss:0.0292 Acc:1.0000 
=> Current learning rate: 0.000100
Epoch:49 Time:4.6 Data:0.0 Loss:0.0816 Cls Loss:0.0244 Pair Loss:0.0050 Center Loss:0.0521 KL Loss:2.0919 Recon Loss:0.0290 Acc:1.0000 
=> Current learning rate: 0.000100
Epoch:50 Time:4.8 Data:0.0 Loss:0.0804 Cls Loss:0.0239 Pair Loss:0.0059 Center Loss:0.0506 KL Loss:1.7261 Recon Loss:0.0293 Acc:1.0000 
=> Test at epoch 50
==========Test with latent_z: z_c =========
Extracted features for query set, obtained torch.Size([36636, 1280]) matrix
Extracted features for gallery set, obtained torch.Size([34245, 1280]) matrix
Extracted features for validation set, obtained torch.Size([70881, 1280]) matrix
Extracting features complete in 0m 54s
Using 0m 54s
Val Classifier results ---------------------------------------------------
Total acc: 56.7%
Test Classifier results ---------------------------------------------------
Query acc: 52.5% Gallery acc: 61.1% Total acc: 56.7%
=> Current learning rate: 0.000100
Epoch:51 Time:4.6 Data:0.0 Loss:0.0822 Cls Loss:0.0227 Pair Loss:0.0046 Center Loss:0.0549 KL Loss:1.6394 Recon Loss:0.0291 Acc:1.0000 
=> Current learning rate: 0.000100
Epoch:52 Time:5.9 Data:0.0 Loss:0.0776 Cls Loss:0.0242 Pair Loss:0.0060 Center Loss:0.0475 KL Loss:1.4397 Recon Loss:0.0287 Acc:1.0000 
=> Current learning rate: 0.000100
Epoch:53 Time:6.9 Data:0.0 Loss:0.0802 Cls Loss:0.0236 Pair Loss:0.0057 Center Loss:0.0509 KL Loss:1.5655 Recon Loss:0.0288 Acc:1.0000 
=> Current learning rate: 0.000100
Epoch:54 Time:5.4 Data:0.0 Loss:0.0778 Cls Loss:0.0232 Pair Loss:0.0056 Center Loss:0.0490 KL Loss:1.6176 Recon Loss:0.0291 Acc:1.0000 
=> Current learning rate: 0.000100
Epoch:55 Time:4.9 Data:0.0 Loss:0.0811 Cls Loss:0.0226 Pair Loss:0.0064 Center Loss:0.0521 KL Loss:1.6566 Recon Loss:0.0288 Acc:1.0000 
=> Test at epoch 55
==========Test with latent_z: z_c =========
Extracted features for query set, obtained torch.Size([36636, 1280]) matrix
Extracted features for gallery set, obtained torch.Size([34245, 1280]) matrix
Extracted features for validation set, obtained torch.Size([70881, 1280]) matrix
Extracting features complete in 1m 17s
Using 1m 17s
Val Classifier results ---------------------------------------------------
Total acc: 56.7%
Test Classifier results ---------------------------------------------------
Query acc: 52.4% Gallery acc: 61.2% Total acc: 56.7%
=> Current learning rate: 0.000100
Epoch:56 Time:3.3 Data:0.0 Loss:0.0760 Cls Loss:0.0229 Pair Loss:0.0063 Center Loss:0.0468 KL Loss:1.7042 Recon Loss:0.0288 Acc:1.0000 
=> Current learning rate: 0.000100
Epoch:57 Time:5.7 Data:0.0 Loss:0.0756 Cls Loss:0.0221 Pair Loss:0.0027 Center Loss:0.0509 KL Loss:1.7381 Recon Loss:0.0291 Acc:1.0000 
=> Current learning rate: 0.000100
Epoch:58 Time:5.6 Data:0.0 Loss:0.0801 Cls Loss:0.0229 Pair Loss:0.0056 Center Loss:0.0516 KL Loss:1.8191 Recon Loss:0.0285 Acc:1.0000 
=> Current learning rate: 0.000100
Epoch:59 Time:6.4 Data:0.0 Loss:0.0764 Cls Loss:0.0218 Pair Loss:0.0041 Center Loss:0.0505 KL Loss:1.7594 Recon Loss:0.0286 Acc:1.0000 
=> Current learning rate: 0.000100
Epoch:60 Time:6.3 Data:0.0 Loss:0.0699 Cls Loss:0.0225 Pair Loss:0.0026 Center Loss:0.0448 KL Loss:1.3597 Recon Loss:0.0284 Acc:1.0000 
=> Test at epoch 60
==========Test with latent_z: z_c =========
Extracted features for query set, obtained torch.Size([36636, 1280]) matrix
Extracted features for gallery set, obtained torch.Size([34245, 1280]) matrix
Extracted features for validation set, obtained torch.Size([70881, 1280]) matrix
Extracting features complete in 1m 17s
Using 1m 17s
Val Classifier results ---------------------------------------------------
Total acc: 56.5%
Test Classifier results ---------------------------------------------------
Query acc: 52.3% Gallery acc: 61.0% Total acc: 56.5%
Keep checkpoint file: checkpoint_ep60.pth.tar
=> Current learning rate: 0.000100
=> Best Val Acc 58.2% at epoch 20: 
 Test Acc: Query 54.0%, Gallery 62.7%, Total 58.2%
Finished. Total elapsed time (h:m:s): 0:14:10. Training time (h:m:s): 0:04:27.
