=> merge config from ./configs/clipreid_cvae_stage2.yaml
=> Configurations:
-------------------------
AMP: True
AUG:
  RC_PROB: 0.5
  RE_PROB: 0.5
DATA:
  CUHK03_CLASSIC_SPLIT: False
  CUHK03_LABELED: False
  DATASET: market1k
  FORMAT_TAG: tensor
  HEIGHT: 256
  NUM_INSTANCES: 4
  NUM_WORKERS: 4
  ROOT: /home/zhengwei/my_data/datasets
  SPLIT_ID: 0
  TEST_BATCH: 512
  TRAIN_BATCH: 64
  TRAIN_FORMAT: novel
  WIDTH: 128
EVAL_MODE: False
GPU: 1
LOSS:
  CLA_LOSS: crossentropy
  CLA_M: 0.0
  CLA_S: 16.0
  PAIR_LOSS: triplet
  PAIR_M: 0.3
  PAIR_S: 16.0
  RECON_LOSS: mse
  USE_NCE: False
MODEL:
  CONDITIONAL: False
  FEATURE_DIM: 1280
  FEAT_FUSION: False
  FLOW_TYPE: 
  GAUSSIAN: MultivariateNormal
  HIDDEN_DIM: 256
  LATENT_SIZE: 64
  NAME: CVAE
  ONLY_CVAE_KL: False
  ONLY_X_INPUT: False
  PRETRAIN: CLIPreID_Tune_MSMT17
  PROJECTION_TYPE: None
  RES4_STRIDE: 1
  RESUME: /data/zhengwei/CVAE/outputs/market1k/clipreid_tuned_person/novel/2024-09-05/novelMask1K_SimpleVAE_128+64z_1e3_60+120_KLtotalZ_noCLS
  STYLE_NUM: 0
  TRAIN_STAGE: reid+cls_stage
  USE_CENTROID: False
  USE_TWO_ENCODER: False
  VAE_TYPE: SinpleVAE
  ZC_DIM: 128
  ZS_DIM: 64
OUTPUT: /data/zhengwei/CVAE/outputs/market1k/clipreid_tuned_person/novel/2024-09-05/novelMask1K_SimpleVAE_128+64z_1e3_60+120_KLtotalZ_L1280+bnTuneVersion+distCLS_Trip+Center+Ce
SAVED_NAME: novelMask1K_SimpleVAE_128+64z_1e3_60+120_KLtotalZ_L1280+bnTuneVersion+distCLS_Trip+Center+Ce
SEED: 0
TAG: clipreid_tuned_person
TEST:
  DISTANCE: cosine
  EVAL_STEP: 5
  START_EVAL: -1
TRAIN:
  AMP: False
  LR_SCHEDULER:
    DECAY_RATE: 0.1
    NAME: MultiStepLR
    STEPSIZE: [60]
  MAX_EPOCH: 120
  OPTIMIZER:
    LR: 0.001
    NAME: adam
    SGDLR: 0.01
    SGD_MOMENTUM: 0.9
    SGD_WEIGHT_DECAY: 0.0005
    WEIGHT_DECAY: 0.0001
  START_EPOCH: 0
----------------------
Initializing dataset market1k
=> Market-Sketch-1K tensor loaded
Dataset statistics:
  ------------------------------
  subset   | # ids | # images
  ------------------------------
  train    |   996 |     3992
  query    |   996 |     2709
  gallery  |   996 |     2000
  ------------------------------
  total    |  1992 |     8701
  ------------------------------
Initializing SinpleVAE model
============Warning! No projection layer is used in Training!=================
============Warning! Using Defalt Linear 1280 to intialize!=================
Model size: 13.27827M
Using Dist classifier
Initialized classifier with feature_dim: 1280, num_classes: 996
Classifier size: 1.27588M
reid_projector.weight is tuneable
bottlenect.weight is tuneable
bottlenect.bias is tuneable
i2t_projector.weight is tuneable
i2t_projector.bias is tuneable
=> Start Training ReID projector and Classifier
Loading checkpoint from '/data/zhengwei/CVAE/outputs/market1k/clipreid_tuned_person/novel/2024-09-05/novelMask1K_SimpleVAE_128+64z_1e3_60+120_KLtotalZ_noCLS/best_model.pth.tar'
Loading all parameter:  encoder.0.weight
Loading all parameter:  encoder.0.bias
Loading all parameter:  encoder.1.weight
Loading all parameter:  encoder.1.bias
Loading all parameter:  encoder.1.running_mean
Loading all parameter:  encoder.1.running_var
Loading all parameter:  encoder.1.num_batches_tracked
Loading all parameter:  fc_mu.0.weight
Loading all parameter:  fc_mu.0.bias
Loading all parameter:  fc_logvar.0.weight
Loading all parameter:  fc_logvar.0.bias
Loading all parameter:  decoder.0.weight
Loading all parameter:  decoder.0.bias
Loading all parameter:  decoder.1.weight
Loading all parameter:  decoder.1.bias
Loading all parameter:  decoder.1.running_mean
Loading all parameter:  decoder.1.running_var
Loading all parameter:  decoder.1.num_batches_tracked
Loading all parameter:  decoder.3.weight
Loading all parameter:  decoder.3.bias
Loading all parameter:  u_embedding.gate.0.weight
Loading all parameter:  u_embedding.gate.0.bias
Loading all parameter:  u_embedding.adapters.0.weight
Loading all parameter:  u_embedding.adapters.0.bias
Loading all parameter:  u_embedding.adapters.1.weight
Loading all parameter:  u_embedding.adapters.1.bias
Loading all parameter:  u_embedding.adapters.2.weight
Loading all parameter:  u_embedding.adapters.2.bias
Loading all parameter:  u_embedding.adapters.3.weight
Loading all parameter:  u_embedding.adapters.3.bias
Loading all parameter:  u_embedding.adapters.4.weight
Loading all parameter:  u_embedding.adapters.4.bias
Loading all parameter:  u_embedding.adapters.5.weight
Loading all parameter:  u_embedding.adapters.5.bias
Loading all parameter:  u_embedding.adapters.6.weight
Loading all parameter:  u_embedding.adapters.6.bias
Loading all parameter:  u_embedding.adapters.7.weight
Loading all parameter:  u_embedding.adapters.7.bias
Loading all parameter:  u_embedding.adapters.8.weight
Loading all parameter:  u_embedding.adapters.8.bias
Loading all parameter:  u_embedding.adapters.9.weight
Loading all parameter:  u_embedding.adapters.9.bias
Loading all parameter:  u_embedding.adapters.10.weight
Loading all parameter:  u_embedding.adapters.10.bias
Loading all parameter:  u_embedding.adapters.11.weight
Loading all parameter:  u_embedding.adapters.11.bias
Loading all parameter:  u_embedding.adapters.12.weight
Loading all parameter:  u_embedding.adapters.12.bias
Loading all parameter:  u_embedding.adapters.13.weight
Loading all parameter:  u_embedding.adapters.13.bias
Loading all parameter:  u_embedding.adapters.14.weight
Loading all parameter:  u_embedding.adapters.14.bias
Loading all parameter:  u_embedding.adapters.15.weight
Loading all parameter:  u_embedding.adapters.15.bias
Loading all parameter:  u_embedding.adapters.16.weight
Loading all parameter:  u_embedding.adapters.16.bias
Loading all parameter:  u_embedding.adapters.17.weight
Loading all parameter:  u_embedding.adapters.17.bias
Loading all parameter:  u_embedding.adapters.18.weight
Loading all parameter:  u_embedding.adapters.18.bias
Loading all parameter:  u_embedding.adapters.19.weight
Loading all parameter:  u_embedding.adapters.19.bias
Loading all parameter:  u_embedding.adapters.20.weight
Loading all parameter:  u_embedding.adapters.20.bias
Loading all parameter:  u_embedding.adapters.21.weight
Loading all parameter:  u_embedding.adapters.21.bias
Loading all parameter:  u_embedding.adapters.22.weight
Loading all parameter:  u_embedding.adapters.22.bias
Loading all parameter:  u_embedding.adapters.23.weight
Loading all parameter:  u_embedding.adapters.23.bias
Loading all parameter:  u_embedding.adapters.24.weight
Loading all parameter:  u_embedding.adapters.24.bias
Loading all parameter:  u_embedding.adapters.25.weight
Loading all parameter:  u_embedding.adapters.25.bias
Loading all parameter:  u_embedding.adapters.26.weight
Loading all parameter:  u_embedding.adapters.26.bias
Loading all parameter:  u_embedding.adapters.27.weight
Loading all parameter:  u_embedding.adapters.27.bias
Loading all parameter:  u_embedding.adapters.28.weight
Loading all parameter:  u_embedding.adapters.28.bias
Loading all parameter:  u_embedding.adapters.29.weight
Loading all parameter:  u_embedding.adapters.29.bias
Loading all parameter:  u_embedding.adapters.30.weight
Loading all parameter:  u_embedding.adapters.30.bias
Loading all parameter:  u_embedding.adapters.31.weight
Loading all parameter:  u_embedding.adapters.31.bias
Loading all parameter:  u_embedding.adapters.32.weight
Loading all parameter:  u_embedding.adapters.32.bias
Loading all parameter:  u_embedding.adapters.33.weight
Loading all parameter:  u_embedding.adapters.33.bias
Loading all parameter:  u_embedding.adapters.34.weight
Loading all parameter:  u_embedding.adapters.34.bias
Loading all parameter:  u_embedding.adapters.35.weight
Loading all parameter:  u_embedding.adapters.35.bias
Loading all parameter:  u_embedding.adapters.36.weight
Loading all parameter:  u_embedding.adapters.36.bias
Loading all parameter:  u_embedding.adapters.37.weight
Loading all parameter:  u_embedding.adapters.37.bias
Loading all parameter:  u_embedding.adapters.38.weight
Loading all parameter:  u_embedding.adapters.38.bias
Loading all parameter:  u_embedding.adapters.39.weight
Loading all parameter:  u_embedding.adapters.39.bias
Loading all parameter:  u_embedding.adapters.40.weight
Loading all parameter:  u_embedding.adapters.40.bias
Loading all parameter:  u_embedding.adapters.41.weight
Loading all parameter:  u_embedding.adapters.41.bias
Loading all parameter:  u_embedding.adapters.42.weight
Loading all parameter:  u_embedding.adapters.42.bias
Loading all parameter:  u_embedding.adapters.43.weight
Loading all parameter:  u_embedding.adapters.43.bias
Loading all parameter:  u_embedding.adapters.44.weight
Loading all parameter:  u_embedding.adapters.44.bias
Loading all parameter:  u_embedding.adapters.45.weight
Loading all parameter:  u_embedding.adapters.45.bias
Loading all parameter:  u_embedding.adapters.46.weight
Loading all parameter:  u_embedding.adapters.46.bias
Loading all parameter:  u_embedding.adapters.47.weight
Loading all parameter:  u_embedding.adapters.47.bias
Loading all parameter:  u_embedding.adapters.48.weight
Loading all parameter:  u_embedding.adapters.48.bias
Loading all parameter:  u_embedding.adapters.49.weight
Loading all parameter:  u_embedding.adapters.49.bias
Loading all parameter:  u_embedding.adapters.50.weight
Loading all parameter:  u_embedding.adapters.50.bias
Loading all parameter:  u_embedding.adapters.51.weight
Loading all parameter:  u_embedding.adapters.51.bias
Loading all parameter:  u_embedding.adapters.52.weight
Loading all parameter:  u_embedding.adapters.52.bias
Loading all parameter:  u_embedding.adapters.53.weight
Loading all parameter:  u_embedding.adapters.53.bias
Loading all parameter:  u_embedding.adapters.54.weight
Loading all parameter:  u_embedding.adapters.54.bias
Loading all parameter:  u_embedding.adapters.55.weight
Loading all parameter:  u_embedding.adapters.55.bias
Loading all parameter:  u_embedding.adapters.56.weight
Loading all parameter:  u_embedding.adapters.56.bias
Loading all parameter:  u_embedding.adapters.57.weight
Loading all parameter:  u_embedding.adapters.57.bias
Loading all parameter:  u_embedding.adapters.58.weight
Loading all parameter:  u_embedding.adapters.58.bias
Loading all parameter:  u_embedding.adapters.59.weight
Loading all parameter:  u_embedding.adapters.59.bias
Loading all parameter:  u_embedding.adapters.60.weight
Loading all parameter:  u_embedding.adapters.60.bias
Loading all parameter:  u_embedding.adapters.61.weight
Loading all parameter:  u_embedding.adapters.61.bias
Loading all parameter:  u_embedding.adapters.62.weight
Loading all parameter:  u_embedding.adapters.62.bias
Loading all parameter:  u_embedding.adapters.63.weight
Loading all parameter:  u_embedding.adapters.63.bias
Loading all parameter:  u_embedding.adapters.64.weight
Loading all parameter:  u_embedding.adapters.64.bias
Loading all parameter:  u_embedding.adapters.65.weight
Loading all parameter:  u_embedding.adapters.65.bias
Loading all parameter:  u_embedding.adapters.66.weight
Loading all parameter:  u_embedding.adapters.66.bias
Loading all parameter:  u_embedding.adapters.67.weight
Loading all parameter:  u_embedding.adapters.67.bias
Loading all parameter:  u_embedding.adapters.68.weight
Loading all parameter:  u_embedding.adapters.68.bias
Loading all parameter:  u_embedding.adapters.69.weight
Loading all parameter:  u_embedding.adapters.69.bias
Loading all parameter:  u_embedding.adapters.70.weight
Loading all parameter:  u_embedding.adapters.70.bias
Loading all parameter:  u_embedding.adapters.71.weight
Loading all parameter:  u_embedding.adapters.71.bias
Loading all parameter:  u_embedding.adapters.72.weight
Loading all parameter:  u_embedding.adapters.72.bias
Loading all parameter:  u_embedding.adapters.73.weight
Loading all parameter:  u_embedding.adapters.73.bias
Loading all parameter:  u_embedding.adapters.74.weight
Loading all parameter:  u_embedding.adapters.74.bias
Loading all parameter:  u_embedding.adapters.75.weight
Loading all parameter:  u_embedding.adapters.75.bias
Loading all parameter:  u_embedding.adapters.76.weight
Loading all parameter:  u_embedding.adapters.76.bias
Loading all parameter:  u_embedding.adapters.77.weight
Loading all parameter:  u_embedding.adapters.77.bias
Loading all parameter:  u_embedding.adapters.78.weight
Loading all parameter:  u_embedding.adapters.78.bias
Loading all parameter:  u_embedding.adapters.79.weight
Loading all parameter:  u_embedding.adapters.79.bias
Loading all parameter:  u_embedding.adapters.80.weight
Loading all parameter:  u_embedding.adapters.80.bias
Loading all parameter:  u_embedding.adapters.81.weight
Loading all parameter:  u_embedding.adapters.81.bias
Loading all parameter:  u_embedding.adapters.82.weight
Loading all parameter:  u_embedding.adapters.82.bias
Loading all parameter:  u_embedding.adapters.83.weight
Loading all parameter:  u_embedding.adapters.83.bias
Loading all parameter:  u_embedding.adapters.84.weight
Loading all parameter:  u_embedding.adapters.84.bias
Loading all parameter:  u_embedding.adapters.85.weight
Loading all parameter:  u_embedding.adapters.85.bias
Loading all parameter:  u_embedding.adapters.86.weight
Loading all parameter:  u_embedding.adapters.86.bias
Loading all parameter:  u_embedding.adapters.87.weight
Loading all parameter:  u_embedding.adapters.87.bias
Loading all parameter:  u_embedding.adapters.88.weight
Loading all parameter:  u_embedding.adapters.88.bias
Loading all parameter:  u_embedding.adapters.89.weight
Loading all parameter:  u_embedding.adapters.89.bias
Loading all parameter:  u_embedding.adapters.90.weight
Loading all parameter:  u_embedding.adapters.90.bias
Loading all parameter:  u_embedding.adapters.91.weight
Loading all parameter:  u_embedding.adapters.91.bias
Loading all parameter:  u_embedding.adapters.92.weight
Loading all parameter:  u_embedding.adapters.92.bias
Loading all parameter:  u_embedding.adapters.93.weight
Loading all parameter:  u_embedding.adapters.93.bias
Loading all parameter:  u_embedding.adapters.94.weight
Loading all parameter:  u_embedding.adapters.94.bias
Loading all parameter:  u_embedding.adapters.95.weight
Loading all parameter:  u_embedding.adapters.95.bias
Loading all parameter:  u_embedding.adapters.96.weight
Loading all parameter:  u_embedding.adapters.96.bias
Loading all parameter:  u_embedding.adapters.97.weight
Loading all parameter:  u_embedding.adapters.97.bias
Loading all parameter:  u_embedding.adapters.98.weight
Loading all parameter:  u_embedding.adapters.98.bias
Loading all parameter:  u_embedding.adapters.99.weight
Loading all parameter:  u_embedding.adapters.99.bias
Loading all parameter:  u_embedding.adapters.100.weight
Loading all parameter:  u_embedding.adapters.100.bias
Loading all parameter:  u_embedding.adapters.101.weight
Loading all parameter:  u_embedding.adapters.101.bias
Loading all parameter:  u_embedding.adapters.102.weight
Loading all parameter:  u_embedding.adapters.102.bias
Loading all parameter:  u_embedding.adapters.103.weight
Loading all parameter:  u_embedding.adapters.103.bias
Loading all parameter:  u_embedding.adapters.104.weight
Loading all parameter:  u_embedding.adapters.104.bias
Loading all parameter:  u_embedding.adapters.105.weight
Loading all parameter:  u_embedding.adapters.105.bias
Loading all parameter:  u_embedding.adapters.106.weight
Loading all parameter:  u_embedding.adapters.106.bias
Loading all parameter:  u_embedding.adapters.107.weight
Loading all parameter:  u_embedding.adapters.107.bias
Loading all parameter:  u_embedding.adapters.108.weight
Loading all parameter:  u_embedding.adapters.108.bias
Loading all parameter:  u_embedding.adapters.109.weight
Loading all parameter:  u_embedding.adapters.109.bias
Loading all parameter:  u_embedding.adapters.110.weight
Loading all parameter:  u_embedding.adapters.110.bias
Loading all parameter:  u_embedding.adapters.111.weight
Loading all parameter:  u_embedding.adapters.111.bias
Loading all parameter:  u_embedding.adapters.112.weight
Loading all parameter:  u_embedding.adapters.112.bias
Loading all parameter:  u_embedding.adapters.113.weight
Loading all parameter:  u_embedding.adapters.113.bias
Loading all parameter:  u_embedding.adapters.114.weight
Loading all parameter:  u_embedding.adapters.114.bias
Loading all parameter:  u_embedding.adapters.115.weight
Loading all parameter:  u_embedding.adapters.115.bias
Loading all parameter:  u_embedding.adapters.116.weight
Loading all parameter:  u_embedding.adapters.116.bias
Loading all parameter:  u_embedding.adapters.117.weight
Loading all parameter:  u_embedding.adapters.117.bias
Loading all parameter:  u_embedding.adapters.118.weight
Loading all parameter:  u_embedding.adapters.118.bias
Loading all parameter:  u_embedding.adapters.119.weight
Loading all parameter:  u_embedding.adapters.119.bias
Loading all parameter:  u_embedding.adapters.120.weight
Loading all parameter:  u_embedding.adapters.120.bias
Loading all parameter:  u_embedding.adapters.121.weight
Loading all parameter:  u_embedding.adapters.121.bias
Loading all parameter:  u_embedding.adapters.122.weight
Loading all parameter:  u_embedding.adapters.122.bias
Loading all parameter:  u_embedding.adapters.123.weight
Loading all parameter:  u_embedding.adapters.123.bias
Loading all parameter:  u_embedding.adapters.124.weight
Loading all parameter:  u_embedding.adapters.124.bias
Loading all parameter:  u_embedding.adapters.125.weight
Loading all parameter:  u_embedding.adapters.125.bias
Loading all parameter:  u_embedding.adapters.126.weight
Loading all parameter:  u_embedding.adapters.126.bias
Loading all parameter:  u_embedding.adapters.127.weight
Loading all parameter:  u_embedding.adapters.127.bias
Loading all parameter:  zs_embedding.0.weight
Loading all parameter:  zs_embedding.0.bias
Loading all parameter:  reid_projector.weight
Loading parameter:  reid_projector.weight
Loading all parameter:  bottlenect.weight
Loading all parameter:  bottlenect.bias
Loading all parameter:  bottlenect.running_mean
Loading all parameter:  bottlenect.running_var
Loading all parameter:  bottlenect.num_batches_tracked
Loading all parameter:  i2t_projector.weight
Ignores parameter:  i2t_projector.weight
Loading all parameter:  i2t_projector.bias
Ignores parameter:  i2t_projector.bias
orginal best rank1 = 0.1461794019933555
=> Start evaluation on Novel data without finetuning
=> Test pretarined feature form VLP model
Normalizing features
Normalizing features
Extracted features for query set, obtained torch.Size([2709, 1280]) matrix
Extracted features for gallery set, obtained torch.Size([2000, 1280]) matrix
Extracting features complete in 0m 2s
Distance computing in 0m 1s
Computing CMC and mAP
Positive values in distance matrix: 0
Negative values in distance matrix: 5418000
Adjusted 0 distances
Results ---------------------------------------------------
top1:34.1% top5:58.6% top10:69.7% top20:79.9% mAP:38.7%
-----------------------------------------------------------
Using 0m 0s
==========Test with latent_z: new_z =========
Extracted features for query set, obtained torch.Size([2709, 192]) matrix
Extracted features for gallery set, obtained torch.Size([2000, 192]) matrix
Extracting features complete in 0m 2s
Distance computing in 0m 1s
Positive values in distance matrix: 0
Negative values in distance matrix: 5418000
Adjusted 0 distances
Results ---------------------------------------------------
top1:16.3% top5:33.9% top10:44.0% top20:56.2% mAP:20.1%
-----------------------------------------------------------
Classification accuracy before cls-ranking: 39.3%
query accuracy after cls-ranking: 0.1%
gallery accuracy after cls-ranking: 0.0%
Classification accuracy after cls-ranking: 39.3%
query accuracy after cls-ranking: 0.1%
gallery accuracy after cls-ranking: 0.0%
Using 0m 1s
Classifier results ---------------------------------------------------
Query acc: 0.1% Gallery acc: 0.2% Total acc: 0.2%
==========Test with latent_z: z_c =========
Extracted features for query set, obtained torch.Size([2709, 1280]) matrix
Extracted features for gallery set, obtained torch.Size([2000, 1280]) matrix
Extracting features complete in 0m 2s
Distance computing in 0m 1s
Positive values in distance matrix: 0
Negative values in distance matrix: 5418000
Adjusted 0 distances
Results ---------------------------------------------------
top1:13.5% top5:30.3% top10:40.9% top20:52.1% mAP:17.1%
-----------------------------------------------------------
Classification accuracy before cls-ranking: 42.5%
query accuracy after cls-ranking: 0.1%
gallery accuracy after cls-ranking: 0.1%
Classification accuracy after cls-ranking: 42.5%
query accuracy after cls-ranking: 0.1%
gallery accuracy after cls-ranking: 0.1%
Using 0m 1s
Classifier results ---------------------------------------------------
Query acc: 0.1% Gallery acc: 0.2% Total acc: 0.2%
=> Start training
Epoch:1 Time:8.0 Data:0.0 Loss:1294.0736 Cls Loss:6.9225 Pair Loss:0.2663 Center Loss:1286.8848 KL Loss:37.0254 Recon Loss:0.1562 Acc:0.0000 
=> Current learning rate: 0.000200
Epoch:2 Time:7.9 Data:0.0 Loss:1135.5233 Cls Loss:6.7818 Pair Loss:0.2639 Center Loss:1128.4776 KL Loss:36.7685 Recon Loss:0.1561 Acc:0.0063 
=> Current learning rate: 0.000400
Epoch:3 Time:7.9 Data:0.0 Loss:997.1619 Cls Loss:6.5279 Pair Loss:0.2723 Center Loss:990.3618 KL Loss:36.5221 Recon Loss:0.1562 Acc:0.0219 
=> Current learning rate: 0.000600
Epoch:4 Time:7.6 Data:0.0 Loss:875.6296 Cls Loss:6.0251 Pair Loss:0.2693 Center Loss:869.3353 KL Loss:36.2479 Recon Loss:0.1561 Acc:0.0585 
=> Current learning rate: 0.000800
Epoch:5 Time:7.1 Data:0.0 Loss:768.6469 Cls Loss:5.2877 Pair Loss:0.2634 Center Loss:763.0958 KL Loss:36.0033 Recon Loss:0.1561 Acc:0.1094 
=> Test at epoch 5
==========Test with latent_z: z_c =========
Extracted features for query set, obtained torch.Size([2709, 1280]) matrix
Extracted features for gallery set, obtained torch.Size([2000, 1280]) matrix
Extracting features complete in 0m 2s
Distance computing in 0m 1s
Positive values in distance matrix: 5960
Negative values in distance matrix: 5412040
Adjusted 0 distances
Results ---------------------------------------------------
top1:13.5% top5:30.9% top10:41.6% top20:52.8% mAP:17.6%
-----------------------------------------------------------
Classification accuracy before cls-ranking: 31.9%
query accuracy after cls-ranking: 11.9%
gallery accuracy after cls-ranking: 72.3%
Classification accuracy after cls-ranking: 31.9%
query accuracy after cls-ranking: 11.9%
gallery accuracy after cls-ranking: 72.3%
Using 0m 1s
Classifier results ---------------------------------------------------
Query acc: 11.9% Gallery acc: 75.3% Total acc: 38.8%
=> Current learning rate: 0.001000
Epoch:6 Time:7.9 Data:0.0 Loss:674.4651 Cls Loss:4.5359 Pair Loss:0.2554 Center Loss:669.6739 KL Loss:35.7474 Recon Loss:0.1561 Acc:0.2994 
=> Current learning rate: 0.001000
Epoch:7 Time:7.6 Data:0.0 Loss:591.9945 Cls Loss:3.9933 Pair Loss:0.2431 Center Loss:587.7580 KL Loss:35.5233 Recon Loss:0.1561 Acc:0.5595 
=> Current learning rate: 0.001000
Epoch:8 Time:7.5 Data:0.0 Loss:520.0554 Cls Loss:3.6264 Pair Loss:0.2324 Center Loss:516.1966 KL Loss:35.2704 Recon Loss:0.1562 Acc:0.7205 
=> Current learning rate: 0.001000
Epoch:9 Time:7.6 Data:0.0 Loss:457.1243 Cls Loss:3.3879 Pair Loss:0.2322 Center Loss:453.5042 KL Loss:35.0095 Recon Loss:0.1561 Acc:0.8085 
=> Current learning rate: 0.001000
Epoch:10 Time:8.0 Data:0.0 Loss:402.1084 Cls Loss:3.2293 Pair Loss:0.2201 Center Loss:398.6591 KL Loss:34.7750 Recon Loss:0.1562 Acc:0.8556 
=> Test at epoch 10
==========Test with latent_z: z_c =========
Extracted features for query set, obtained torch.Size([2709, 1280]) matrix
Extracted features for gallery set, obtained torch.Size([2000, 1280]) matrix
Extracting features complete in 0m 1s
Distance computing in 0m 0s
Positive values in distance matrix: 100629
Negative values in distance matrix: 5317371
Adjusted 0 distances
Results ---------------------------------------------------
top1:15.1% top5:33.9% top10:44.6% top20:57.0% mAP:19.7%
-----------------------------------------------------------
Classification accuracy before cls-ranking: 40.7%
query accuracy after cls-ranking: 17.7%
gallery accuracy after cls-ranking: 97.6%
Classification accuracy after cls-ranking: 40.7%
query accuracy after cls-ranking: 17.7%
gallery accuracy after cls-ranking: 97.6%
Using 0m 1s
Classifier results ---------------------------------------------------
Query acc: 17.7% Gallery acc: 98.1% Total acc: 51.8%
=> Current learning rate: 0.001000
Epoch:11 Time:4.5 Data:0.0 Loss:353.8017 Cls Loss:3.1044 Pair Loss:0.2157 Center Loss:350.4815 KL Loss:34.5032 Recon Loss:0.1561 Acc:0.8805 
=> Current learning rate: 0.001000
Epoch:12 Time:8.4 Data:0.0 Loss:311.5897 Cls Loss:3.0121 Pair Loss:0.2113 Center Loss:308.3663 KL Loss:34.2467 Recon Loss:0.1562 Acc:0.9005 
=> Current learning rate: 0.001000
Epoch:13 Time:8.5 Data:0.0 Loss:274.1540 Cls Loss:2.9243 Pair Loss:0.2070 Center Loss:271.0227 KL Loss:34.0249 Recon Loss:0.1562 Acc:0.9078 
=> Current learning rate: 0.001000
Epoch:14 Time:6.7 Data:0.0 Loss:241.9054 Cls Loss:2.8518 Pair Loss:0.1989 Center Loss:238.8547 KL Loss:33.7371 Recon Loss:0.1562 Acc:0.9199 
=> Current learning rate: 0.001000
Epoch:15 Time:7.6 Data:0.0 Loss:213.2179 Cls Loss:2.7801 Pair Loss:0.1956 Center Loss:210.2421 KL Loss:33.5439 Recon Loss:0.1562 Acc:0.9304 
=> Test at epoch 15
==========Test with latent_z: z_c =========
Extracted features for query set, obtained torch.Size([2709, 1280]) matrix
Extracted features for gallery set, obtained torch.Size([2000, 1280]) matrix
Extracting features complete in 0m 2s
Distance computing in 0m 0s
Positive values in distance matrix: 246737
Negative values in distance matrix: 5171263
Adjusted 0 distances
Results ---------------------------------------------------
top1:16.3% top5:35.0% top10:46.3% top20:59.2% mAP:21.0%
-----------------------------------------------------------
Classification accuracy before cls-ranking: 41.8%
query accuracy after cls-ranking: 20.1%
gallery accuracy after cls-ranking: 99.3%
Classification accuracy after cls-ranking: 41.8%
query accuracy after cls-ranking: 20.1%
gallery accuracy after cls-ranking: 99.3%
Using 0m 2s
Classifier results ---------------------------------------------------
Query acc: 20.1% Gallery acc: 99.1% Total acc: 53.7%
=> Current learning rate: 0.001000
Epoch:16 Time:6.1 Data:0.0 Loss:188.2696 Cls Loss:2.7362 Pair Loss:0.1946 Center Loss:185.3389 KL Loss:33.2961 Recon Loss:0.1562 Acc:0.9322 
=> Current learning rate: 0.001000
Epoch:17 Time:5.1 Data:0.0 Loss:166.0494 Cls Loss:2.6776 Pair Loss:0.1926 Center Loss:163.1792 KL Loss:33.0484 Recon Loss:0.1562 Acc:0.9413 
=> Current learning rate: 0.001000
Epoch:18 Time:8.3 Data:0.0 Loss:146.8550 Cls Loss:2.6294 Pair Loss:0.1913 Center Loss:144.0343 KL Loss:32.7756 Recon Loss:0.1562 Acc:0.9400 
=> Current learning rate: 0.001000
Epoch:19 Time:7.2 Data:0.0 Loss:129.7147 Cls Loss:2.5800 Pair Loss:0.1871 Center Loss:126.9476 KL Loss:32.5271 Recon Loss:0.1562 Acc:0.9504 
=> Current learning rate: 0.001000
Epoch:20 Time:8.4 Data:0.0 Loss:114.6995 Cls Loss:2.5367 Pair Loss:0.1853 Center Loss:111.9776 KL Loss:32.2992 Recon Loss:0.1561 Acc:0.9461 
=> Test at epoch 20
==========Test with latent_z: z_c =========
Extracted features for query set, obtained torch.Size([2709, 1280]) matrix
Extracted features for gallery set, obtained torch.Size([2000, 1280]) matrix
Extracting features complete in 0m 2s
Distance computing in 0m 1s
Positive values in distance matrix: 427627
Negative values in distance matrix: 4990373
Adjusted 0 distances
Results ---------------------------------------------------
top1:17.3% top5:36.7% top10:48.4% top20:61.1% mAP:22.1%
-----------------------------------------------------------
Classification accuracy before cls-ranking: 43.4%
query accuracy after cls-ranking: 20.6%
gallery accuracy after cls-ranking: 99.9%
Classification accuracy after cls-ranking: 43.4%
query accuracy after cls-ranking: 20.6%
gallery accuracy after cls-ranking: 99.9%
Using 0m 2s
Classifier results ---------------------------------------------------
Query acc: 20.6% Gallery acc: 99.9% Total acc: 54.3%
=> Current learning rate: 0.001000
Epoch:21 Time:9.9 Data:0.0 Loss:101.5060 Cls Loss:2.4825 Pair Loss:0.1752 Center Loss:98.8484 KL Loss:32.0418 Recon Loss:0.1562 Acc:0.9536 
=> Current learning rate: 0.001000
Epoch:22 Time:8.2 Data:0.0 Loss:89.8884 Cls Loss:2.4528 Pair Loss:0.1811 Center Loss:87.2545 KL Loss:31.7902 Recon Loss:0.1561 Acc:0.9531 
=> Current learning rate: 0.001000
Epoch:23 Time:9.4 Data:0.0 Loss:79.7539 Cls Loss:2.4000 Pair Loss:0.1789 Center Loss:77.1750 KL Loss:31.5664 Recon Loss:0.1562 Acc:0.9567 
=> Current learning rate: 0.001000
Epoch:24 Time:9.5 Data:0.0 Loss:70.8065 Cls Loss:2.3739 Pair Loss:0.1777 Center Loss:68.2549 KL Loss:31.3122 Recon Loss:0.1561 Acc:0.9592 
=> Current learning rate: 0.001000
Epoch:25 Time:9.6 Data:0.0 Loss:62.9165 Cls Loss:2.3319 Pair Loss:0.1761 Center Loss:60.4084 KL Loss:31.0455 Recon Loss:0.1561 Acc:0.9602 
=> Test at epoch 25
==========Test with latent_z: z_c =========
Extracted features for query set, obtained torch.Size([2709, 1280]) matrix
Extracted features for gallery set, obtained torch.Size([2000, 1280]) matrix
Extracting features complete in 0m 2s
Distance computing in 0m 0s
Positive values in distance matrix: 505973
Negative values in distance matrix: 4912027
Adjusted 0 distances
Results ---------------------------------------------------
top1:17.9% top5:37.9% top10:49.9% top20:61.9% mAP:22.9%
-----------------------------------------------------------
Classification accuracy before cls-ranking: 45.1%
query accuracy after cls-ranking: 20.3%
gallery accuracy after cls-ranking: 99.7%
Classification accuracy after cls-ranking: 45.1%
query accuracy after cls-ranking: 20.3%
gallery accuracy after cls-ranking: 99.7%
Using 0m 2s
Classifier results ---------------------------------------------------
Query acc: 20.3% Gallery acc: 99.8% Total acc: 54.1%
=> Current learning rate: 0.001000
Epoch:26 Time:10.9 Data:0.0 Loss:55.9198 Cls Loss:2.3008 Pair Loss:0.1768 Center Loss:53.4421 KL Loss:30.8021 Recon Loss:0.1562 Acc:0.9657 
=> Current learning rate: 0.001000
Epoch:27 Time:9.3 Data:0.0 Loss:49.7452 Cls Loss:2.2687 Pair Loss:0.1762 Center Loss:47.3003 KL Loss:30.5822 Recon Loss:0.1562 Acc:0.9667 
=> Current learning rate: 0.001000
Epoch:28 Time:9.6 Data:0.0 Loss:44.3161 Cls Loss:2.2177 Pair Loss:0.1690 Center Loss:41.9295 KL Loss:30.3078 Recon Loss:0.1562 Acc:0.9637 
=> Current learning rate: 0.001000
Epoch:29 Time:9.8 Data:0.0 Loss:39.5727 Cls Loss:2.1992 Pair Loss:0.1713 Center Loss:37.2023 KL Loss:30.0481 Recon Loss:0.1561 Acc:0.9682 
=> Current learning rate: 0.001000
Epoch:30 Time:10.9 Data:0.0 Loss:35.3641 Cls Loss:2.1527 Pair Loss:0.1663 Center Loss:33.0451 KL Loss:29.8668 Recon Loss:0.1561 Acc:0.9695 
=> Test at epoch 30
==========Test with latent_z: z_c =========
Extracted features for query set, obtained torch.Size([2709, 1280]) matrix
Extracted features for gallery set, obtained torch.Size([2000, 1280]) matrix
Extracting features complete in 0m 2s
Distance computing in 0m 1s
Positive values in distance matrix: 621043
Negative values in distance matrix: 4796957
Adjusted 0 distances
Results ---------------------------------------------------
top1:18.1% top5:38.6% top10:50.4% top20:63.2% mAP:23.5%
-----------------------------------------------------------
Classification accuracy before cls-ranking: 45.7%
query accuracy after cls-ranking: 21.3%
gallery accuracy after cls-ranking: 99.9%
Classification accuracy after cls-ranking: 45.7%
query accuracy after cls-ranking: 21.3%
gallery accuracy after cls-ranking: 99.9%
Using 0m 2s
Classifier results ---------------------------------------------------
Query acc: 21.3% Gallery acc: 99.9% Total acc: 54.7%
=> Current learning rate: 0.001000
Epoch:31 Time:9.7 Data:0.0 Loss:31.6838 Cls Loss:2.1356 Pair Loss:0.1696 Center Loss:29.3786 KL Loss:29.5582 Recon Loss:0.1562 Acc:0.9670 
=> Current learning rate: 0.001000
Epoch:32 Time:9.2 Data:0.0 Loss:28.4113 Cls Loss:2.1082 Pair Loss:0.1688 Center Loss:26.1342 KL Loss:29.3037 Recon Loss:0.1561 Acc:0.9690 
=> Current learning rate: 0.001000
Epoch:33 Time:10.0 Data:0.0 Loss:25.4935 Cls Loss:2.0774 Pair Loss:0.1663 Center Loss:23.2497 KL Loss:29.0605 Recon Loss:0.1562 Acc:0.9695 
=> Current learning rate: 0.001000
Epoch:34 Time:11.3 Data:0.0 Loss:22.9280 Cls Loss:2.0439 Pair Loss:0.1640 Center Loss:20.7201 KL Loss:28.8345 Recon Loss:0.1561 Acc:0.9710 
=> Current learning rate: 0.001000
Epoch:35 Time:11.0 Data:0.0 Loss:20.6792 Cls Loss:2.0183 Pair Loss:0.1608 Center Loss:18.5000 KL Loss:28.5494 Recon Loss:0.1562 Acc:0.9705 
=> Test at epoch 35
==========Test with latent_z: z_c =========
Extracted features for query set, obtained torch.Size([2709, 1280]) matrix
Extracted features for gallery set, obtained torch.Size([2000, 1280]) matrix
Extracting features complete in 0m 2s
Distance computing in 0m 1s
Positive values in distance matrix: 700645
Negative values in distance matrix: 4717355
Adjusted 0 distances
Results ---------------------------------------------------
top1:18.9% top5:38.8% top10:51.1% top20:63.6% mAP:24.0%
-----------------------------------------------------------
Classification accuracy before cls-ranking: 45.2%
query accuracy after cls-ranking: 21.7%
gallery accuracy after cls-ranking: 99.9%
Classification accuracy after cls-ranking: 45.2%
query accuracy after cls-ranking: 21.7%
gallery accuracy after cls-ranking: 99.9%
Using 0m 2s
Classifier results ---------------------------------------------------
Query acc: 21.7% Gallery acc: 99.9% Total acc: 54.9%
=> Current learning rate: 0.001000
Epoch:36 Time:8.3 Data:0.0 Loss:18.6718 Cls Loss:1.9806 Pair Loss:0.1598 Center Loss:16.5314 KL Loss:28.3131 Recon Loss:0.1562 Acc:0.9761 
=> Current learning rate: 0.001000
Epoch:37 Time:6.7 Data:0.0 Loss:16.9117 Cls Loss:1.9526 Pair Loss:0.1635 Center Loss:14.7955 KL Loss:28.0682 Recon Loss:0.1562 Acc:0.9730 
=> Current learning rate: 0.001000
Epoch:38 Time:10.6 Data:0.0 Loss:15.3396 Cls Loss:1.9272 Pair Loss:0.1613 Center Loss:13.2511 KL Loss:27.8093 Recon Loss:0.1562 Acc:0.9713 
=> Current learning rate: 0.001000
Epoch:39 Time:10.5 Data:0.0 Loss:13.9393 Cls Loss:1.8901 Pair Loss:0.1587 Center Loss:11.8905 KL Loss:27.5777 Recon Loss:0.1562 Acc:0.9748 
=> Current learning rate: 0.001000
Epoch:40 Time:10.0 Data:0.0 Loss:12.7258 Cls Loss:1.8699 Pair Loss:0.1566 Center Loss:10.6993 KL Loss:27.3109 Recon Loss:0.1561 Acc:0.9766 
=> Test at epoch 40
==========Test with latent_z: z_c =========
Extracted features for query set, obtained torch.Size([2709, 1280]) matrix
Extracted features for gallery set, obtained torch.Size([2000, 1280]) matrix
Extracting features complete in 0m 2s
Distance computing in 0m 0s
Positive values in distance matrix: 674403
Negative values in distance matrix: 4743597
Adjusted 0 distances
Results ---------------------------------------------------
top1:19.3% top5:39.2% top10:52.1% top20:64.7% mAP:24.5%
-----------------------------------------------------------
Classification accuracy before cls-ranking: 46.4%
query accuracy after cls-ranking: 21.8%
gallery accuracy after cls-ranking: 99.7%
Classification accuracy after cls-ranking: 46.4%
query accuracy after cls-ranking: 21.8%
gallery accuracy after cls-ranking: 99.7%
Using 0m 2s
Classifier results ---------------------------------------------------
Query acc: 21.8% Gallery acc: 99.9% Total acc: 54.9%
=> Current learning rate: 0.001000
Epoch:41 Time:8.4 Data:0.0 Loss:11.6569 Cls Loss:1.8592 Pair Loss:0.1617 Center Loss:9.6360 KL Loss:27.0824 Recon Loss:0.1562 Acc:0.9753 
=> Current learning rate: 0.001000
Epoch:42 Time:7.0 Data:0.0 Loss:10.6699 Cls Loss:1.8252 Pair Loss:0.1632 Center Loss:8.6816 KL Loss:26.8148 Recon Loss:0.1561 Acc:0.9778 
=> Current learning rate: 0.001000
Epoch:43 Time:10.5 Data:0.0 Loss:9.8031 Cls Loss:1.7996 Pair Loss:0.1572 Center Loss:7.8463 KL Loss:26.6056 Recon Loss:0.1562 Acc:0.9743 
=> Current learning rate: 0.001000
Epoch:44 Time:10.2 Data:0.0 Loss:9.0523 Cls Loss:1.7811 Pair Loss:0.1588 Center Loss:7.1124 KL Loss:26.3262 Recon Loss:0.1562 Acc:0.9756 
=> Current learning rate: 0.001000
Epoch:45 Time:8.6 Data:0.0 Loss:8.3674 Cls Loss:1.7511 Pair Loss:0.1574 Center Loss:6.4589 KL Loss:26.0989 Recon Loss:0.1562 Acc:0.9788 
=> Test at epoch 45
==========Test with latent_z: z_c =========
Extracted features for query set, obtained torch.Size([2709, 1280]) matrix
Extracted features for gallery set, obtained torch.Size([2000, 1280]) matrix
Extracting features complete in 0m 3s
Distance computing in 0m 0s
Positive values in distance matrix: 555867
Negative values in distance matrix: 4862133
Adjusted 0 distances
Results ---------------------------------------------------
top1:19.7% top5:39.9% top10:52.3% top20:65.2% mAP:25.0%
-----------------------------------------------------------
Classification accuracy before cls-ranking: 45.8%
query accuracy after cls-ranking: 22.3%
gallery accuracy after cls-ranking: 99.9%
Classification accuracy after cls-ranking: 45.8%
query accuracy after cls-ranking: 22.3%
gallery accuracy after cls-ranking: 99.9%
Using 0m 3s
Classifier results ---------------------------------------------------
Query acc: 22.3% Gallery acc: 99.9% Total acc: 55.3%
=> Current learning rate: 0.001000
Epoch:46 Time:8.5 Data:0.0 Loss:7.7461 Cls Loss:1.7276 Pair Loss:0.1561 Center Loss:5.8624 KL Loss:25.8575 Recon Loss:0.1562 Acc:0.9798 
=> Current learning rate: 0.001000
Epoch:47 Time:11.3 Data:0.0 Loss:7.1892 Cls Loss:1.6966 Pair Loss:0.1557 Center Loss:5.3368 KL Loss:25.5687 Recon Loss:0.1562 Acc:0.9793 
=> Current learning rate: 0.001000
Epoch:48 Time:10.4 Data:0.0 Loss:6.7021 Cls Loss:1.6718 Pair Loss:0.1531 Center Loss:4.8772 KL Loss:25.3352 Recon Loss:0.1561 Acc:0.9791 
=> Current learning rate: 0.001000
Epoch:49 Time:9.0 Data:0.0 Loss:6.2616 Cls Loss:1.6489 Pair Loss:0.1528 Center Loss:4.4599 KL Loss:25.0961 Recon Loss:0.1561 Acc:0.9791 
=> Current learning rate: 0.001000
Epoch:50 Time:10.5 Data:0.0 Loss:5.8678 Cls Loss:1.6189 Pair Loss:0.1532 Center Loss:4.0957 KL Loss:24.8514 Recon Loss:0.1561 Acc:0.9816 
=> Test at epoch 50
==========Test with latent_z: z_c =========
Extracted features for query set, obtained torch.Size([2709, 1280]) matrix
Extracted features for gallery set, obtained torch.Size([2000, 1280]) matrix
Extracting features complete in 0m 2s
Distance computing in 0m 1s
Positive values in distance matrix: 534827
Negative values in distance matrix: 4883173
Adjusted 0 distances
Results ---------------------------------------------------
top1:20.3% top5:39.9% top10:52.6% top20:65.6% mAP:25.4%
-----------------------------------------------------------
Classification accuracy before cls-ranking: 44.6%
query accuracy after cls-ranking: 22.6%
gallery accuracy after cls-ranking: 100.0%
Classification accuracy after cls-ranking: 44.6%
query accuracy after cls-ranking: 22.6%
gallery accuracy after cls-ranking: 100.0%
Using 0m 2s
Classifier results ---------------------------------------------------
Query acc: 22.6% Gallery acc: 100.0% Total acc: 55.4%
=> Current learning rate: 0.001000
Epoch:51 Time:8.0 Data:0.0 Loss:5.5282 Cls Loss:1.6038 Pair Loss:0.1575 Center Loss:3.7669 KL Loss:24.5851 Recon Loss:0.1561 Acc:0.9846 
=> Current learning rate: 0.001000
Epoch:52 Time:6.6 Data:0.0 Loss:5.1881 Cls Loss:1.5748 Pair Loss:0.1502 Center Loss:3.4631 KL Loss:24.3383 Recon Loss:0.1561 Acc:0.9811 
=> Current learning rate: 0.001000
Epoch:53 Time:6.4 Data:0.0 Loss:4.9205 Cls Loss:1.5620 Pair Loss:0.1558 Center Loss:3.2027 KL Loss:24.0872 Recon Loss:0.1562 Acc:0.9816 
=> Current learning rate: 0.001000
Epoch:54 Time:9.2 Data:0.0 Loss:4.6739 Cls Loss:1.5430 Pair Loss:0.1600 Center Loss:2.9709 KL Loss:23.8438 Recon Loss:0.1562 Acc:0.9829 
=> Current learning rate: 0.001000
Epoch:55 Time:10.0 Data:0.0 Loss:4.4227 Cls Loss:1.5141 Pair Loss:0.1519 Center Loss:2.7567 KL Loss:23.5807 Recon Loss:0.1562 Acc:0.9808 
=> Test at epoch 55
==========Test with latent_z: z_c =========
Extracted features for query set, obtained torch.Size([2709, 1280]) matrix
Extracted features for gallery set, obtained torch.Size([2000, 1280]) matrix
Extracting features complete in 0m 2s
Distance computing in 0m 0s
Positive values in distance matrix: 518885
Negative values in distance matrix: 4899115
Adjusted 0 distances
Results ---------------------------------------------------
top1:20.4% top5:40.2% top10:53.0% top20:66.1% mAP:25.7%
-----------------------------------------------------------
Classification accuracy before cls-ranking: 44.9%
query accuracy after cls-ranking: 22.3%
gallery accuracy after cls-ranking: 100.0%
Classification accuracy after cls-ranking: 44.9%
query accuracy after cls-ranking: 22.3%
gallery accuracy after cls-ranking: 100.0%
Using 0m 3s
Classifier results ---------------------------------------------------
Query acc: 22.3% Gallery acc: 100.0% Total acc: 55.3%
=> Current learning rate: 0.001000
Epoch:56 Time:9.4 Data:0.0 Loss:4.2099 Cls Loss:1.4940 Pair Loss:0.1527 Center Loss:2.5632 KL Loss:23.3200 Recon Loss:0.1561 Acc:0.9826 
=> Current learning rate: 0.001000
Epoch:57 Time:9.9 Data:0.0 Loss:4.0321 Cls Loss:1.4759 Pair Loss:0.1549 Center Loss:2.4014 KL Loss:23.1113 Recon Loss:0.1562 Acc:0.9849 
=> Current learning rate: 0.001000
Epoch:58 Time:9.5 Data:0.0 Loss:3.8569 Cls Loss:1.4619 Pair Loss:0.1540 Center Loss:2.2411 KL Loss:22.8465 Recon Loss:0.1562 Acc:0.9834 
=> Current learning rate: 0.001000
Epoch:59 Time:9.2 Data:0.0 Loss:3.7124 Cls Loss:1.4466 Pair Loss:0.1591 Center Loss:2.1067 KL Loss:22.6394 Recon Loss:0.1562 Acc:0.9826 
=> Current learning rate: 0.001000
Epoch:60 Time:11.4 Data:0.0 Loss:3.5372 Cls Loss:1.4176 Pair Loss:0.1505 Center Loss:1.9691 KL Loss:22.3665 Recon Loss:0.1562 Acc:0.9826 
=> Test at epoch 60
==========Test with latent_z: z_c =========
Extracted features for query set, obtained torch.Size([2709, 1280]) matrix
Extracted features for gallery set, obtained torch.Size([2000, 1280]) matrix
Extracting features complete in 0m 2s
Distance computing in 0m 1s
Positive values in distance matrix: 418731
Negative values in distance matrix: 4999269
Adjusted 0 distances
Results ---------------------------------------------------
top1:20.6% top5:40.7% top10:52.7% top20:66.7% mAP:25.9%
-----------------------------------------------------------
Classification accuracy before cls-ranking: 44.7%
query accuracy after cls-ranking: 22.6%
gallery accuracy after cls-ranking: 100.0%
Classification accuracy after cls-ranking: 44.7%
query accuracy after cls-ranking: 22.6%
gallery accuracy after cls-ranking: 100.0%
Using 0m 2s
Classifier results ---------------------------------------------------
Query acc: 22.6% Gallery acc: 100.0% Total acc: 55.4%
=> Current learning rate: 0.001000
Epoch:61 Time:10.9 Data:0.0 Loss:3.1633 Cls Loss:1.2918 Pair Loss:0.1496 Center Loss:1.7219 KL Loss:22.1150 Recon Loss:0.1562 Acc:0.9912 
=> Current learning rate: 0.000100
Epoch:62 Time:11.2 Data:0.0 Loss:3.1050 Cls Loss:1.2778 Pair Loss:0.1512 Center Loss:1.6760 KL Loss:21.8963 Recon Loss:0.1562 Acc:0.9889 
=> Current learning rate: 0.000100
Epoch:63 Time:9.6 Data:0.0 Loss:3.0662 Cls Loss:1.2577 Pair Loss:0.1470 Center Loss:1.6615 KL Loss:21.6482 Recon Loss:0.1562 Acc:0.9919 
=> Current learning rate: 0.000100
Epoch:64 Time:9.8 Data:0.0 Loss:3.0557 Cls Loss:1.2514 Pair Loss:0.1539 Center Loss:1.6504 KL Loss:21.3579 Recon Loss:0.1562 Acc:0.9917 
=> Current learning rate: 0.000100
Epoch:65 Time:9.3 Data:0.0 Loss:3.0401 Cls Loss:1.2517 Pair Loss:0.1490 Center Loss:1.6393 KL Loss:21.1135 Recon Loss:0.1561 Acc:0.9917 
=> Test at epoch 65
==========Test with latent_z: z_c =========
Extracted features for query set, obtained torch.Size([2709, 1280]) matrix
Extracted features for gallery set, obtained torch.Size([2000, 1280]) matrix
Extracting features complete in 0m 2s
Distance computing in 0m 0s
Positive values in distance matrix: 489343
Negative values in distance matrix: 4928657
Adjusted 0 distances
Results ---------------------------------------------------
top1:20.5% top5:40.8% top10:53.1% top20:66.9% mAP:26.0%
-----------------------------------------------------------
Classification accuracy before cls-ranking: 44.6%
query accuracy after cls-ranking: 22.7%
gallery accuracy after cls-ranking: 100.0%
Classification accuracy after cls-ranking: 44.6%
query accuracy after cls-ranking: 22.7%
gallery accuracy after cls-ranking: 100.0%
Using 0m 2s
Classifier results ---------------------------------------------------
Query acc: 22.7% Gallery acc: 100.0% Total acc: 55.5%
=> Current learning rate: 0.000100
Epoch:66 Time:11.2 Data:0.0 Loss:3.0117 Cls Loss:1.2389 Pair Loss:0.1437 Center Loss:1.6291 KL Loss:20.9077 Recon Loss:0.1562 Acc:0.9904 
=> Current learning rate: 0.000100
Epoch:67 Time:10.2 Data:0.0 Loss:3.0074 Cls Loss:1.2372 Pair Loss:0.1512 Center Loss:1.6190 KL Loss:20.6300 Recon Loss:0.1561 Acc:0.9919 
=> Current learning rate: 0.000100
Epoch:68 Time:8.3 Data:0.0 Loss:2.9874 Cls Loss:1.2315 Pair Loss:0.1463 Center Loss:1.6097 KL Loss:20.3676 Recon Loss:0.1562 Acc:0.9914 
=> Current learning rate: 0.000100
Epoch:69 Time:9.4 Data:0.0 Loss:2.9812 Cls Loss:1.2295 Pair Loss:0.1520 Center Loss:1.5997 KL Loss:20.1420 Recon Loss:0.1562 Acc:0.9917 
=> Current learning rate: 0.000100
Epoch:70 Time:9.3 Data:0.0 Loss:2.9585 Cls Loss:1.2200 Pair Loss:0.1482 Center Loss:1.5904 KL Loss:19.9148 Recon Loss:0.1562 Acc:0.9922 
=> Test at epoch 70
==========Test with latent_z: z_c =========
Extracted features for query set, obtained torch.Size([2709, 1280]) matrix
Extracted features for gallery set, obtained torch.Size([2000, 1280]) matrix
Extracting features complete in 0m 2s
Distance computing in 0m 1s
Positive values in distance matrix: 499951
Negative values in distance matrix: 4918049
Adjusted 0 distances
Results ---------------------------------------------------
top1:20.4% top5:40.9% top10:53.1% top20:66.7% mAP:26.0%
-----------------------------------------------------------
Classification accuracy before cls-ranking: 45.1%
query accuracy after cls-ranking: 23.0%
gallery accuracy after cls-ranking: 100.0%
Classification accuracy after cls-ranking: 45.1%
query accuracy after cls-ranking: 23.0%
gallery accuracy after cls-ranking: 100.0%
Using 0m 4s
Classifier results ---------------------------------------------------
Query acc: 23.0% Gallery acc: 100.0% Total acc: 55.7%
=> Current learning rate: 0.000100
Epoch:71 Time:10.8 Data:0.0 Loss:2.9497 Cls Loss:1.2171 Pair Loss:0.1539 Center Loss:1.5787 KL Loss:19.6127 Recon Loss:0.1561 Acc:0.9934 
=> Current learning rate: 0.000100
Epoch:72 Time:8.2 Data:0.0 Loss:2.9307 Cls Loss:1.2113 Pair Loss:0.1498 Center Loss:1.5696 KL Loss:19.3821 Recon Loss:0.1562 Acc:0.9914 
=> Current learning rate: 0.000100
Epoch:73 Time:10.8 Data:0.0 Loss:2.9123 Cls Loss:1.2070 Pair Loss:0.1443 Center Loss:1.5610 KL Loss:19.1466 Recon Loss:0.1562 Acc:0.9924 
=> Current learning rate: 0.000100
Epoch:74 Time:10.2 Data:0.0 Loss:2.9053 Cls Loss:1.2037 Pair Loss:0.1496 Center Loss:1.5520 KL Loss:18.8933 Recon Loss:0.1562 Acc:0.9937 
=> Current learning rate: 0.000100
Epoch:75 Time:9.2 Data:0.0 Loss:2.9027 Cls Loss:1.2074 Pair Loss:0.1509 Center Loss:1.5444 KL Loss:18.6358 Recon Loss:0.1562 Acc:0.9927 
=> Test at epoch 75
==========Test with latent_z: z_c =========
Extracted features for query set, obtained torch.Size([2709, 1280]) matrix
Extracted features for gallery set, obtained torch.Size([2000, 1280]) matrix
Extracting features complete in 0m 2s
Distance computing in 0m 0s
Positive values in distance matrix: 475419
Negative values in distance matrix: 4942581
Adjusted 0 distances
Results ---------------------------------------------------
top1:20.5% top5:40.9% top10:53.0% top20:66.8% mAP:26.0%
-----------------------------------------------------------
Classification accuracy before cls-ranking: 45.4%
query accuracy after cls-ranking: 22.8%
gallery accuracy after cls-ranking: 100.0%
Classification accuracy after cls-ranking: 45.4%
query accuracy after cls-ranking: 22.8%
gallery accuracy after cls-ranking: 100.0%
Using 0m 2s
Classifier results ---------------------------------------------------
Query acc: 22.8% Gallery acc: 100.0% Total acc: 55.6%
=> Current learning rate: 0.000100
Epoch:76 Time:10.2 Data:0.0 Loss:2.8846 Cls Loss:1.1995 Pair Loss:0.1501 Center Loss:1.5351 KL Loss:18.4162 Recon Loss:0.1561 Acc:0.9934 
=> Current learning rate: 0.000100
Epoch:77 Time:9.9 Data:0.0 Loss:2.8614 Cls Loss:1.1882 Pair Loss:0.1483 Center Loss:1.5249 KL Loss:18.1620 Recon Loss:0.1562 Acc:0.9932 
=> Current learning rate: 0.000100
Epoch:78 Time:8.9 Data:0.0 Loss:2.8571 Cls Loss:1.1886 Pair Loss:0.1519 Center Loss:1.5167 KL Loss:17.9107 Recon Loss:0.1562 Acc:0.9927 
=> Current learning rate: 0.000100
Epoch:79 Time:10.1 Data:0.0 Loss:2.8542 Cls Loss:1.1951 Pair Loss:0.1517 Center Loss:1.5074 KL Loss:17.6641 Recon Loss:0.1561 Acc:0.9919 
=> Current learning rate: 0.000100
Epoch:80 Time:12.2 Data:0.0 Loss:2.8331 Cls Loss:1.1834 Pair Loss:0.1506 Center Loss:1.4991 KL Loss:17.4168 Recon Loss:0.1561 Acc:0.9919 
=> Test at epoch 80
==========Test with latent_z: z_c =========
Extracted features for query set, obtained torch.Size([2709, 1280]) matrix
Extracted features for gallery set, obtained torch.Size([2000, 1280]) matrix
Extracting features complete in 0m 2s
Distance computing in 0m 0s
Positive values in distance matrix: 466966
Negative values in distance matrix: 4951034
Adjusted 0 distances
Results ---------------------------------------------------
top1:20.4% top5:41.3% top10:53.1% top20:66.8% mAP:26.0%
-----------------------------------------------------------
Classification accuracy before cls-ranking: 44.6%
query accuracy after cls-ranking: 22.9%
gallery accuracy after cls-ranking: 100.0%
Classification accuracy after cls-ranking: 44.6%
query accuracy after cls-ranking: 22.9%
gallery accuracy after cls-ranking: 100.0%
Using 0m 3s
Classifier results ---------------------------------------------------
Query acc: 22.9% Gallery acc: 100.0% Total acc: 55.7%
=> Current learning rate: 0.000100
Epoch:81 Time:9.7 Data:0.0 Loss:2.8234 Cls Loss:1.1810 Pair Loss:0.1513 Center Loss:1.4911 KL Loss:17.1824 Recon Loss:0.1561 Acc:0.9945 
=> Current learning rate: 0.000100
Epoch:82 Time:9.3 Data:0.0 Loss:2.8056 Cls Loss:1.1750 Pair Loss:0.1473 Center Loss:1.4833 KL Loss:17.1278 Recon Loss:0.1562 Acc:0.9922 
=> Current learning rate: 0.000100
Epoch:83 Time:9.2 Data:0.0 Loss:2.8073 Cls Loss:1.1816 Pair Loss:0.1520 Center Loss:1.4738 KL Loss:17.1558 Recon Loss:0.1561 Acc:0.9932 
=> Current learning rate: 0.000100
Epoch:84 Time:10.2 Data:0.0 Loss:2.7912 Cls Loss:1.1734 Pair Loss:0.1541 Center Loss:1.4637 KL Loss:17.0953 Recon Loss:0.1561 Acc:0.9947 
=> Current learning rate: 0.000100
Epoch:85 Time:10.1 Data:0.0 Loss:2.7786 Cls Loss:1.1737 Pair Loss:0.1481 Center Loss:1.4568 KL Loss:17.1341 Recon Loss:0.1562 Acc:0.9942 
=> Test at epoch 85
==========Test with latent_z: z_c =========
Extracted features for query set, obtained torch.Size([2709, 1280]) matrix
Extracted features for gallery set, obtained torch.Size([2000, 1280]) matrix
Extracting features complete in 0m 2s
Distance computing in 0m 0s
Positive values in distance matrix: 427109
Negative values in distance matrix: 4990891
Adjusted 0 distances
Results ---------------------------------------------------
top1:20.5% top5:41.2% top10:53.3% top20:66.8% mAP:26.1%
-----------------------------------------------------------
Classification accuracy before cls-ranking: 45.1%
query accuracy after cls-ranking: 22.8%
gallery accuracy after cls-ranking: 100.0%
Classification accuracy after cls-ranking: 45.1%
query accuracy after cls-ranking: 22.8%
gallery accuracy after cls-ranking: 100.0%
Using 0m 3s
Classifier results ---------------------------------------------------
Query acc: 22.8% Gallery acc: 100.0% Total acc: 55.6%
=> Current learning rate: 0.000100
Epoch:86 Time:10.5 Data:0.0 Loss:2.7650 Cls Loss:1.1607 Pair Loss:0.1546 Center Loss:1.4497 KL Loss:17.1212 Recon Loss:0.1561 Acc:0.9940 
=> Current learning rate: 0.000100
Epoch:87 Time:9.0 Data:0.0 Loss:2.7596 Cls Loss:1.1643 Pair Loss:0.1556 Center Loss:1.4397 KL Loss:17.1403 Recon Loss:0.1562 Acc:0.9934 
=> Current learning rate: 0.000100
Epoch:88 Time:9.8 Data:0.0 Loss:2.7382 Cls Loss:1.1547 Pair Loss:0.1498 Center Loss:1.4337 KL Loss:17.0914 Recon Loss:0.1562 Acc:0.9929 
=> Current learning rate: 0.000100
Epoch:89 Time:10.0 Data:0.0 Loss:2.7366 Cls Loss:1.1577 Pair Loss:0.1526 Center Loss:1.4263 KL Loss:17.1279 Recon Loss:0.1562 Acc:0.9942 
=> Current learning rate: 0.000100
Epoch:90 Time:10.8 Data:0.0 Loss:2.7309 Cls Loss:1.1609 Pair Loss:0.1525 Center Loss:1.4176 KL Loss:17.1450 Recon Loss:0.1562 Acc:0.9937 
=> Test at epoch 90
==========Test with latent_z: z_c =========
Extracted features for query set, obtained torch.Size([2709, 1280]) matrix
Extracted features for gallery set, obtained torch.Size([2000, 1280]) matrix
Extracting features complete in 0m 2s
Distance computing in 0m 1s
Positive values in distance matrix: 460088
Negative values in distance matrix: 4957912
Adjusted 0 distances
Results ---------------------------------------------------
top1:20.5% top5:41.1% top10:53.5% top20:66.9% mAP:26.1%
-----------------------------------------------------------
Classification accuracy before cls-ranking: 45.2%
query accuracy after cls-ranking: 22.9%
gallery accuracy after cls-ranking: 100.0%
Classification accuracy after cls-ranking: 45.2%
query accuracy after cls-ranking: 22.9%
gallery accuracy after cls-ranking: 100.0%
Using 0m 2s
Classifier results ---------------------------------------------------
Query acc: 22.9% Gallery acc: 100.0% Total acc: 55.7%
=> Current learning rate: 0.000100
Epoch:91 Time:11.4 Data:0.0 Loss:2.7156 Cls Loss:1.1528 Pair Loss:0.1534 Center Loss:1.4094 KL Loss:17.1121 Recon Loss:0.1562 Acc:0.9942 
=> Current learning rate: 0.000100
Epoch:92 Time:9.0 Data:0.0 Loss:2.7040 Cls Loss:1.1508 Pair Loss:0.1515 Center Loss:1.4018 KL Loss:17.1109 Recon Loss:0.1562 Acc:0.9927 
=> Current learning rate: 0.000100
Epoch:93 Time:6.8 Data:0.0 Loss:2.6881 Cls Loss:1.1470 Pair Loss:0.1463 Center Loss:1.3947 KL Loss:17.1318 Recon Loss:0.1562 Acc:0.9924 
=> Current learning rate: 0.000100
Epoch:94 Time:10.8 Data:0.0 Loss:2.6892 Cls Loss:1.1520 Pair Loss:0.1502 Center Loss:1.3870 KL Loss:17.1352 Recon Loss:0.1561 Acc:0.9924 
=> Current learning rate: 0.000100
Epoch:95 Time:11.1 Data:0.0 Loss:2.6631 Cls Loss:1.1312 Pair Loss:0.1524 Center Loss:1.3795 KL Loss:17.1423 Recon Loss:0.1561 Acc:0.9932 
=> Test at epoch 95
==========Test with latent_z: z_c =========
Extracted features for query set, obtained torch.Size([2709, 1280]) matrix
Extracted features for gallery set, obtained torch.Size([2000, 1280]) matrix
Extracting features complete in 0m 2s
Distance computing in 0m 1s
Positive values in distance matrix: 414454
Negative values in distance matrix: 5003546
Adjusted 0 distances
Results ---------------------------------------------------
top1:20.4% top5:41.2% top10:53.5% top20:66.7% mAP:26.1%
-----------------------------------------------------------
Classification accuracy before cls-ranking: 45.0%
query accuracy after cls-ranking: 23.0%
gallery accuracy after cls-ranking: 100.0%
Classification accuracy after cls-ranking: 45.0%
query accuracy after cls-ranking: 23.0%
gallery accuracy after cls-ranking: 100.0%
Using 0m 3s
Classifier results ---------------------------------------------------
Query acc: 23.0% Gallery acc: 100.0% Total acc: 55.7%
=> Current learning rate: 0.000100
Epoch:96 Time:10.5 Data:0.0 Loss:2.6584 Cls Loss:1.1391 Pair Loss:0.1476 Center Loss:1.3718 KL Loss:17.1129 Recon Loss:0.1561 Acc:0.9945 
=> Current learning rate: 0.000100
Epoch:97 Time:10.6 Data:0.0 Loss:2.6462 Cls Loss:1.1328 Pair Loss:0.1488 Center Loss:1.3645 KL Loss:17.1106 Recon Loss:0.1561 Acc:0.9942 
=> Current learning rate: 0.000100
Epoch:98 Time:8.1 Data:0.0 Loss:2.6391 Cls Loss:1.1321 Pair Loss:0.1501 Center Loss:1.3569 KL Loss:17.1150 Recon Loss:0.1561 Acc:0.9945 
=> Current learning rate: 0.000100
Epoch:99 Time:10.5 Data:0.0 Loss:2.6290 Cls Loss:1.1291 Pair Loss:0.1493 Center Loss:1.3506 KL Loss:17.1329 Recon Loss:0.1562 Acc:0.9937 
=> Current learning rate: 0.000100
Epoch:100 Time:10.6 Data:0.0 Loss:2.6351 Cls Loss:1.1368 Pair Loss:0.1542 Center Loss:1.3440 KL Loss:17.1464 Recon Loss:0.1562 Acc:0.9945 
=> Test at epoch 100
==========Test with latent_z: z_c =========
Extracted features for query set, obtained torch.Size([2709, 1280]) matrix
Extracted features for gallery set, obtained torch.Size([2000, 1280]) matrix
Extracting features complete in 0m 2s
Distance computing in 0m 1s
Positive values in distance matrix: 437268
Negative values in distance matrix: 4980732
Adjusted 0 distances
Results ---------------------------------------------------
top1:20.5% top5:41.3% top10:53.5% top20:66.8% mAP:26.1%
-----------------------------------------------------------
Classification accuracy before cls-ranking: 44.6%
query accuracy after cls-ranking: 23.0%
gallery accuracy after cls-ranking: 100.0%
Classification accuracy after cls-ranking: 44.6%
query accuracy after cls-ranking: 23.0%
gallery accuracy after cls-ranking: 100.0%
Using 0m 3s
Classifier results ---------------------------------------------------
Query acc: 23.0% Gallery acc: 100.0% Total acc: 55.7%
=> Current learning rate: 0.000100
Epoch:101 Time:11.6 Data:0.0 Loss:2.5984 Cls Loss:1.1148 Pair Loss:0.1482 Center Loss:1.3354 KL Loss:17.1373 Recon Loss:0.1562 Acc:0.9934 
=> Current learning rate: 0.000100
Epoch:102 Time:8.9 Data:0.0 Loss:2.5997 Cls Loss:1.1218 Pair Loss:0.1499 Center Loss:1.3279 KL Loss:17.1066 Recon Loss:0.1561 Acc:0.9950 
=> Current learning rate: 0.000100
Epoch:103 Time:7.5 Data:0.0 Loss:2.5966 Cls Loss:1.1203 Pair Loss:0.1540 Center Loss:1.3223 KL Loss:17.1218 Recon Loss:0.1562 Acc:0.9934 
=> Current learning rate: 0.000100
Epoch:104 Time:11.9 Data:0.0 Loss:2.5740 Cls Loss:1.1114 Pair Loss:0.1502 Center Loss:1.3124 KL Loss:17.1308 Recon Loss:0.1562 Acc:0.9932 
=> Current learning rate: 0.000100
Epoch:105 Time:11.8 Data:0.0 Loss:2.5676 Cls Loss:1.1131 Pair Loss:0.1461 Center Loss:1.3084 KL Loss:17.1413 Recon Loss:0.1561 Acc:0.9929 
=> Test at epoch 105
==========Test with latent_z: z_c =========
Extracted features for query set, obtained torch.Size([2709, 1280]) matrix
Extracted features for gallery set, obtained torch.Size([2000, 1280]) matrix
Extracting features complete in 0m 3s
Distance computing in 0m 0s
Positive values in distance matrix: 414524
Negative values in distance matrix: 5003476
Adjusted 0 distances
Results ---------------------------------------------------
top1:20.4% top5:41.4% top10:53.5% top20:66.7% mAP:26.1%
-----------------------------------------------------------
Classification accuracy before cls-ranking: 44.6%
query accuracy after cls-ranking: 23.0%
gallery accuracy after cls-ranking: 100.0%
Classification accuracy after cls-ranking: 44.6%
query accuracy after cls-ranking: 23.0%
gallery accuracy after cls-ranking: 100.0%
Using 0m 3s
Classifier results ---------------------------------------------------
Query acc: 23.0% Gallery acc: 100.0% Total acc: 55.7%
=> Current learning rate: 0.000100
Epoch:106 Time:11.0 Data:0.0 Loss:2.5701 Cls Loss:1.1138 Pair Loss:0.1548 Center Loss:1.3016 KL Loss:17.1521 Recon Loss:0.1561 Acc:0.9952 
=> Current learning rate: 0.000100
Epoch:107 Time:9.9 Data:0.0 Loss:2.5586 Cls Loss:1.1079 Pair Loss:0.1577 Center Loss:1.2930 KL Loss:17.1513 Recon Loss:0.1561 Acc:0.9947 
=> Current learning rate: 0.000100
Epoch:108 Time:9.0 Data:0.0 Loss:2.5388 Cls Loss:1.0990 Pair Loss:0.1521 Center Loss:1.2877 KL Loss:17.1474 Recon Loss:0.1562 Acc:0.9950 
=> Current learning rate: 0.000100
Epoch:109 Time:10.8 Data:0.0 Loss:2.5315 Cls Loss:1.1018 Pair Loss:0.1494 Center Loss:1.2803 KL Loss:17.1470 Recon Loss:0.1561 Acc:0.9955 
=> Current learning rate: 0.000100
Epoch:110 Time:9.8 Data:0.0 Loss:2.5283 Cls Loss:1.1005 Pair Loss:0.1540 Center Loss:1.2738 KL Loss:17.1399 Recon Loss:0.1562 Acc:0.9952 
=> Test at epoch 110
==========Test with latent_z: z_c =========
Extracted features for query set, obtained torch.Size([2709, 1280]) matrix
Extracted features for gallery set, obtained torch.Size([2000, 1280]) matrix
Extracting features complete in 0m 2s
Distance computing in 0m 0s
Positive values in distance matrix: 387231
Negative values in distance matrix: 5030769
Adjusted 0 distances
Results ---------------------------------------------------
top1:20.4% top5:41.2% top10:53.0% top20:66.9% mAP:26.1%
-----------------------------------------------------------
Classification accuracy before cls-ranking: 44.3%
query accuracy after cls-ranking: 23.1%
gallery accuracy after cls-ranking: 100.0%
Classification accuracy after cls-ranking: 44.3%
query accuracy after cls-ranking: 23.1%
gallery accuracy after cls-ranking: 100.0%
Using 0m 2s
Classifier results ---------------------------------------------------
Query acc: 23.1% Gallery acc: 100.0% Total acc: 55.7%
=> Current learning rate: 0.000100
Epoch:111 Time:11.3 Data:0.0 Loss:2.5194 Cls Loss:1.1017 Pair Loss:0.1503 Center Loss:1.2675 KL Loss:17.1618 Recon Loss:0.1562 Acc:0.9952 
=> Current learning rate: 0.000100
Epoch:112 Time:10.2 Data:0.0 Loss:2.5131 Cls Loss:1.1006 Pair Loss:0.1531 Center Loss:1.2594 KL Loss:17.1159 Recon Loss:0.1562 Acc:0.9942 
=> Current learning rate: 0.000100
Epoch:113 Time:8.1 Data:0.0 Loss:2.4984 Cls Loss:1.0919 Pair Loss:0.1505 Center Loss:1.2560 KL Loss:17.1467 Recon Loss:0.1562 Acc:0.9945 
=> Current learning rate: 0.000100
Epoch:114 Time:10.4 Data:0.0 Loss:2.4887 Cls Loss:1.0888 Pair Loss:0.1518 Center Loss:1.2481 KL Loss:17.1165 Recon Loss:0.1562 Acc:0.9945 
=> Current learning rate: 0.000100
Epoch:115 Time:11.1 Data:0.0 Loss:2.4802 Cls Loss:1.0843 Pair Loss:0.1528 Center Loss:1.2431 KL Loss:17.1561 Recon Loss:0.1561 Acc:0.9942 
=> Test at epoch 115
==========Test with latent_z: z_c =========
Extracted features for query set, obtained torch.Size([2709, 1280]) matrix
Extracted features for gallery set, obtained torch.Size([2000, 1280]) matrix
Extracting features complete in 0m 3s
Distance computing in 0m 1s
Positive values in distance matrix: 403545
Negative values in distance matrix: 5014455
Adjusted 0 distances
Results ---------------------------------------------------
top1:20.6% top5:41.2% top10:53.4% top20:66.6% mAP:26.2%
-----------------------------------------------------------
Classification accuracy before cls-ranking: 44.7%
query accuracy after cls-ranking: 23.1%
gallery accuracy after cls-ranking: 100.0%
Classification accuracy after cls-ranking: 44.7%
query accuracy after cls-ranking: 23.1%
gallery accuracy after cls-ranking: 100.0%
Using 0m 3s
Classifier results ---------------------------------------------------
Query acc: 23.1% Gallery acc: 100.0% Total acc: 55.8%
=> Current learning rate: 0.000100
Epoch:116 Time:9.4 Data:0.0 Loss:2.4656 Cls Loss:1.0795 Pair Loss:0.1505 Center Loss:1.2355 KL Loss:17.0852 Recon Loss:0.1561 Acc:0.9937 
=> Current learning rate: 0.000100
Epoch:117 Time:9.1 Data:0.0 Loss:2.4824 Cls Loss:1.0990 Pair Loss:0.1540 Center Loss:1.2294 KL Loss:17.1160 Recon Loss:0.1562 Acc:0.9942 
=> Current learning rate: 0.000100
Epoch:118 Time:9.7 Data:0.0 Loss:2.4554 Cls Loss:1.0790 Pair Loss:0.1532 Center Loss:1.2232 KL Loss:17.1291 Recon Loss:0.1562 Acc:0.9937 
=> Current learning rate: 0.000100
Epoch:119 Time:12.7 Data:0.0 Loss:2.4478 Cls Loss:1.0800 Pair Loss:0.1517 Center Loss:1.2161 KL Loss:17.1225 Recon Loss:0.1562 Acc:0.9927 
=> Current learning rate: 0.000100
Epoch:120 Time:9.8 Data:0.0 Loss:2.4510 Cls Loss:1.0884 Pair Loss:0.1515 Center Loss:1.2111 KL Loss:17.1183 Recon Loss:0.1562 Acc:0.9955 
=> Test at epoch 120
==========Test with latent_z: z_c =========
Extracted features for query set, obtained torch.Size([2709, 1280]) matrix
Extracted features for gallery set, obtained torch.Size([2000, 1280]) matrix
Extracting features complete in 0m 2s
Distance computing in 0m 1s
Positive values in distance matrix: 420773
Negative values in distance matrix: 4997227
Adjusted 0 distances
Results ---------------------------------------------------
top1:20.6% top5:41.5% top10:53.5% top20:66.5% mAP:26.2%
-----------------------------------------------------------
Classification accuracy before cls-ranking: 44.4%
query accuracy after cls-ranking: 22.8%
gallery accuracy after cls-ranking: 100.0%
Classification accuracy after cls-ranking: 44.4%
query accuracy after cls-ranking: 22.8%
gallery accuracy after cls-ranking: 100.0%
Using 0m 2s
Classifier results ---------------------------------------------------
Query acc: 22.8% Gallery acc: 100.0% Total acc: 55.6%
Keep checkpoint file: checkpoint_ep120.pth.tar
=> Current learning rate: 0.000100
=> Best Rank-1 20.6%, mAP 26.2% achieved at epoch 115
=> Best Acc: Query 23.1%, Gallery 100.0%, Total 55.8%
Finished. Total elapsed time (h:m:s): 0:23:00. Training time (h:m:s): 0:19:07.
