https://app.neptune.ai/Zhengwei-Lab/NIPSTransferReID/e/NIPS-528
=> merge config from ./configs/clipreid_cvae_stage2.yaml
Use only x as input for flow model
Use original kl loss for cvae model
Use centroid as domain embedding
/home/zhengwei/Desktop/Zhengwei/Projects/CVAE/main.py:94: NeptuneUnsupportedType: You're attempting to log a type that is not directly supported by Neptune (<class 'list'>).
        Convert the value to a supported type, such as a string or float, or use stringify_unsupported(obj)
        for dictionaries or collections that contain unsupported values.
        For more, see https://docs.neptune.ai/help/value_of_unsupported_type
  run["parameters"] = param
=> Configurations:
-------------------------
AMP: True
AUG:
  RC_PROB: 0.5
  RE_PROB: 0.5
DATA:
  CUHK03_CLASSIC_SPLIT: False
  CUHK03_LABELED: False
  DATASET: duke
  FORMAT_TAG: tensor
  HEIGHT: 256
  NUM_INSTANCES: 4
  NUM_WORKERS: 4
  ROOT: /home/zhengwei/Desktop/Zhengwei/Projects/datasets
  SPLIT_ID: 0
  TEST_BATCH: 512
  TRAIN_BATCH: 64
  TRAIN_FORMAT: base
  WIDTH: 128
EVAL_MODE: False
GPU: 0
LOSS:
  CLA_LOSS: crossentropylabelsmooth
  CLA_M: 0.0
  CLA_S: 16.0
  PAIR_LOSS: triplet
  PAIR_M: 0.3
  PAIR_S: 16.0
  RECON_LOSS: mse
MODEL:
  CONDITIONAL: False
  FEATURE_DIM: 1280
  FEAT_FUSION: True
  FLOW_TYPE: yuke_mlpflow
  GAUSSIAN: MultivariateNormal
  LATENT_SIZE: 64
  NAME: CVAE
  ONLY_CVAE_KL: True
  ONLY_X_INPUT: True
  PRETRAIN: CLIPreid
  RES4_STRIDE: 1
  RESUME: /home/zhengwei/Desktop/Zhengwei/Projects/CVAE/outputs/duke/clipreid_cvae_baseline/2024-04-04/baseline_fp32_l4vaeleakRelu-lre4_64z_yuke_mlpflow_mse
  TRAIN_STAGE: reidstage
  USE_CENTROID: True
  VAE_TYPE: cvae
OUTPUT: /home/zhengwei/Desktop/Zhengwei/Projects/CVAE/outputs/duke/clipreid_cvae_baseline/2024-04-04/baseline_fp32_l4vaeleakRelu-lre4_64z_yuke_mlpflow_mse/reid_crossentropylabelsmooth/2024-04-10
SAVED_NAME: baseline_fp32_l4vaeleakRelu-lre4_64z_01w
SEED: 0
TAG: clipreid_cvae_baseline
TEST:
  DISTANCE: cosine
  EVAL_STEP: 5
  START_EVAL: -1
TRAIN:
  AMP: False
  LR_SCHEDULER:
    DECAY_RATE: 0.1
    NAME: MultiStepLR
    STEPSIZE: [20, 40]
  MAX_EPOCH: 60
  OPTIMIZER:
    LR: 0.001
    NAME: adam
    WEIGHT_DECAY: 0.0001
  START_EPOCH: 0
----------------------
Initializing dataset duke
Warning: string series 'monitoring/72fe73c6/stdout' value was longer than 1000 characters and was truncated. This warning is printed only once per series.
Loading cluster results from '/home/zhengwei/Desktop/Zhengwei/Projects/datasets/DukeMTMC-reID/kmeans_results/CLIPreid/train_all_129k_euclidean.pt'
Clustering stastistics: [(0, 73), (1, 78), (2, 121), (3, 100), (4, 100), (5, 145), (6, 187), (7, 146), (8, 152), (9, 133), (10, 210), (11, 84), (12, 88), (13, 77), (14, 141), (15, 124), (16, 148), (17, 42), (18, 100), (19, 157), (20, 71), (21, 120), (22, 162), (23, 57), (24, 87), (25, 106), (26, 99), (27, 55), (28, 93), (29, 114), (30, 209), (31, 190), (32, 122), (33, 95), (34, 56), (35, 103), (36, 96), (37, 173), (38, 289), (39, 174), (40, 221), (41, 93), (42, 32), (43, 143), (44, 44), (45, 83), (46, 150), (47, 59), (48, 121), (49, 232), (50, 109), (51, 112), (52, 73), (53, 29), (54, 71), (55, 109), (56, 74), (57, 56), (58, 424), (59, 89), (60, 70), (61, 228), (62, 151), (63, 187), (64, 192), (65, 134), (66, 130), (67, 163), (68, 146), (69, 206), (70, 231), (71, 194), (72, 173), (73, 189), (74, 157), (75, 158), (76, 49), (77, 75), (78, 74), (79, 62), (80, 90), (81, 137), (82, 79), (83, 92), (84, 100), (85, 140), (86, 122), (87, 123), (88, 160), (89, 194), (90, 140), (91, 107), (92, 259), (93, 98), (94, 129), (95, 239), (96, 125), (97, 63), (98, 124), (99, 90), (100, 129), (101, 46), (102, 116), (103, 86), (104, 341), (105, 110), (106, 99), (107, 102), (108, 154), (109, 100), (110, 231), (111, 175), (112, 53), (113, 177), (114, 195), (115, 137), (116, 59), (117, 183), (118, 174), (119, 84), (120, 83), (121, 111), (122, 93), (123, 210), (124, 171), (125, 40), (126, 87), (127, 86), (128, 109)]
Loading cluster results from '/home/zhengwei/Desktop/Zhengwei/Projects/datasets/DukeMTMC-reID/kmeans_results/CLIPreid/query_129k_euclidean.pt'
Clustering stastistics: [(0, 10), (1, 26), (2, 12), (3, 15), (4, 23), (5, 17), (6, 11), (7, 9), (8, 20), (9, 8), (10, 19), (11, 20), (12, 10), (13, 19), (14, 13), (15, 26), (16, 29), (17, 17), (18, 20), (19, 10), (20, 25), (21, 8), (22, 17), (23, 24), (24, 17), (25, 14), (26, 4), (27, 22), (28, 9), (29, 16), (30, 7), (31, 32), (32, 17), (33, 6), (34, 21), (35, 11), (36, 13), (37, 10), (38, 29), (39, 21), (40, 36), (41, 22), (42, 12), (43, 9), (44, 9), (45, 19), (46, 14), (47, 18), (48, 25), (49, 36), (50, 10), (51, 17), (52, 16), (53, 11), (54, 11), (55, 8), (56, 14), (57, 13), (58, 4), (59, 8), (60, 9), (61, 19), (62, 22), (63, 16), (64, 17), (65, 6), (66, 22), (67, 11), (68, 33), (69, 13), (70, 16), (71, 10), (72, 14), (73, 6), (74, 22), (75, 52), (76, 30), (77, 50), (78, 18), (79, 15), (80, 10), (81, 18), (82, 17), (83, 29), (84, 10), (85, 20), (86, 20), (87, 22), (88, 9), (89, 19), (90, 15), (91, 4), (92, 18), (93, 25), (94, 18), (95, 30), (96, 22), (97, 21), (98, 18), (99, 25), (100, 14), (101, 16), (102, 16), (103, 40), (104, 8), (105, 16), (106, 11), (107, 4), (108, 25), (109, 16), (110, 24), (111, 21), (112, 16), (113, 24), (114, 15), (115, 8), (116, 26), (117, 29), (118, 16), (119, 17), (120, 17), (121, 12), (122, 8), (123, 25), (124, 18), (125, 9), (126, 10), (127, 14), (128, 13)]
Loading cluster results from '/home/zhengwei/Desktop/Zhengwei/Projects/datasets/DukeMTMC-reID/kmeans_results/CLIPreid/gallery_129k_euclidean.pt'
Clustering stastistics: [(0, 182), (1, 102), (2, 138), (3, 100), (4, 241), (5, 140), (6, 101), (7, 152), (8, 101), (9, 147), (10, 53), (11, 131), (12, 59), (13, 124), (14, 200), (15, 154), (16, 72), (17, 110), (18, 167), (19, 60), (20, 63), (21, 113), (22, 177), (23, 99), (24, 113), (25, 189), (26, 201), (27, 138), (28, 224), (29, 88), (30, 194), (31, 50), (32, 131), (33, 186), (34, 130), (35, 206), (36, 63), (37, 110), (38, 99), (39, 225), (40, 226), (41, 167), (42, 239), (43, 142), (44, 104), (45, 191), (46, 98), (47, 114), (48, 192), (49, 89), (50, 111), (51, 192), (52, 87), (53, 150), (54, 111), (55, 126), (56, 319), (57, 82), (58, 299), (59, 80), (60, 72), (61, 100), (62, 109), (63, 124), (64, 76), (65, 166), (66, 113), (67, 145), (68, 147), (69, 24), (70, 116), (71, 160), (72, 77), (73, 112), (74, 88), (75, 128), (76, 63), (77, 76), (78, 234), (79, 135), (80, 138), (81, 125), (82, 175), (83, 168), (84, 185), (85, 153), (86, 164), (87, 43), (88, 68), (89, 84), (90, 121), (91, 63), (92, 95), (93, 206), (94, 163), (95, 151), (96, 117), (97, 61), (98, 253), (99, 121), (100, 222), (101, 183), (102, 175), (103, 239), (104, 85), (105, 25), (106, 256), (107, 138), (108, 78), (109, 55), (110, 239), (111, 106), (112, 225), (113, 148), (114, 142), (115, 273), (116, 105), (117, 94), (118, 99), (119, 234), (120, 223), (121, 200), (122, 161), (123, 113), (124, 112), (125, 154), (126, 76), (127, 83), (128, 47)]
=> DukeMTMC-reID tensor loaded
Dataset statistics:
  ------------------------------
  subset   | # ids | # images
  ------------------------------
  train    |   702 |    16522
  query    |   702 |     2228
  gallery  |  1110 |    17661
  ------------------------------
  total    |  1404 |    36411
  ------------------------------
Initializing Flow model: yuke_mlpflow
Initializing vae model: cvae
Model size: 2.42483M
Using MLPClassBlock with hiidem_dim_list: [64, 128, 256, 512]
Classifier size: 0.53555M
=> Start Training REID model
Loading checkpoint from '/home/zhengwei/Desktop/Zhengwei/Projects/CVAE/outputs/duke/clipreid_cvae_baseline/2024-04-04/baseline_fp32_l4vaeleakRelu-lre4_64z_yuke_mlpflow_mse.best_model.pth.tar'
orginal best rank1 = 0.8536804308797128
=> Start training
=> centroids.dtype: torch.float32
=> Only CVAE KL
=> Use Multivariate Gaussian As the Prior
Epoch:1 Time:37.3 Data:0.0 Loss:0.7319 Cls Loss:6.5405 Cls Loss Theta:6.5423 Pair Loss:0.0779 KL Loss:60.5664 KLD Theta:60.5664 Recon Loss:0.0001 Acc:0.0516 Theta Acc:0.0341 
=> centroids.dtype: torch.float32
=> Only CVAE KL
=> Use Multivariate Gaussian As the Prior
Epoch:2 Time:33.7 Data:0.0 Loss:0.6922 Cls Loss:6.4668 Cls Loss Theta:6.4992 Pair Loss:0.0456 KL Loss:60.5668 KLD Theta:60.5668 Recon Loss:0.0001 Acc:0.1079 Theta Acc:0.0392 
=> centroids.dtype: torch.float32
=> Only CVAE KL
=> Use Multivariate Gaussian As the Prior
Epoch:3 Time:33.8 Data:0.0 Loss:0.6519 Cls Loss:6.1151 Cls Loss Theta:7.3691 Pair Loss:0.0404 KL Loss:60.5666 KLD Theta:60.5666 Recon Loss:0.0001 Acc:0.1297 Theta Acc:0.0409 
=> centroids.dtype: torch.float32
=> Only CVAE KL
=> Use Multivariate Gaussian As the Prior
Epoch:4 Time:33.8 Data:0.0 Loss:0.5417 Cls Loss:4.9885 Cls Loss Theta:8.7677 Pair Loss:0.0429 KL Loss:60.5669 KLD Theta:60.5669 Recon Loss:0.0001 Acc:0.2312 Theta Acc:0.0381 
=> centroids.dtype: torch.float32
=> Only CVAE KL
=> Use Multivariate Gaussian As the Prior
Epoch:5 Time:33.4 Data:0.0 Loss:0.3138 Cls Loss:2.7504 Cls Loss Theta:12.4199 Pair Loss:0.0387 KL Loss:60.5663 KLD Theta:60.5663 Recon Loss:0.0001 Acc:0.6293 Theta Acc:0.0084 
=> Test at epoch 5
Extracted features for query set, obtained torch.Size([2228, 702]) matrix
Extracted features for gallery set, obtained torch.Size([17661, 702]) matrix
Extracting features complete in 0m 7s
Distance computing in 0m 0s
Computing CMC and mAP through Classifier
Results ---------------------------------------------------
top1:82.9% top5:90.7% top10:93.0% top20:94.7% mAP:68.8%
-----------------------------------------------------------
Using 0m 2s
=> centroids.dtype: torch.float32
=> Only CVAE KL
=> Use Multivariate Gaussian As the Prior
Epoch:6 Time:32.9 Data:0.0 Loss:0.2119 Cls Loss:1.8046 Cls Loss Theta:15.2716 Pair Loss:0.0315 KL Loss:60.5665 KLD Theta:60.5665 Recon Loss:0.0001 Acc:0.8852 Theta Acc:0.0012 
=> centroids.dtype: torch.float32
=> Only CVAE KL
=> Use Multivariate Gaussian As the Prior
Epoch:7 Time:33.4 Data:0.0 Loss:0.1916 Cls Loss:1.6233 Cls Loss Theta:15.1981 Pair Loss:0.0293 KL Loss:60.5662 KLD Theta:60.5662 Recon Loss:0.0001 Acc:0.9433 Theta Acc:0.0013 
=> centroids.dtype: torch.float32
=> Only CVAE KL
=> Use Multivariate Gaussian As the Prior
Epoch:8 Time:33.8 Data:0.0 Loss:0.1831 Cls Loss:1.5615 Cls Loss Theta:15.2524 Pair Loss:0.0270 KL Loss:60.5667 KLD Theta:60.5667 Recon Loss:0.0001 Acc:0.9577 Theta Acc:0.0012 
=> centroids.dtype: torch.float32
=> Only CVAE KL
=> Use Multivariate Gaussian As the Prior
Epoch:9 Time:33.7 Data:0.0 Loss:0.1837 Cls Loss:1.5323 Cls Loss Theta:14.7249 Pair Loss:0.0305 KL Loss:60.5665 KLD Theta:60.5665 Recon Loss:0.0001 Acc:0.9612 Theta Acc:0.0012 
=> centroids.dtype: torch.float32
=> Only CVAE KL
=> Use Multivariate Gaussian As the Prior
Epoch:10 Time:34.2 Data:0.0 Loss:0.1772 Cls Loss:1.5184 Cls Loss Theta:14.2182 Pair Loss:0.0253 KL Loss:60.5669 KLD Theta:60.5669 Recon Loss:0.0001 Acc:0.9651 Theta Acc:0.0010 
=> Test at epoch 10
Extracted features for query set, obtained torch.Size([2228, 702]) matrix
Extracted features for gallery set, obtained torch.Size([17661, 702]) matrix
Extracting features complete in 0m 8s
Distance computing in 0m 0s
Computing CMC and mAP through Classifier
Results ---------------------------------------------------
top1:82.5% top5:90.8% top10:93.0% top20:94.7% mAP:68.6%
-----------------------------------------------------------
Using 0m 2s
=> centroids.dtype: torch.float32
=> Only CVAE KL
=> Use Multivariate Gaussian As the Prior
Epoch:11 Time:33.4 Data:0.0 Loss:0.1768 Cls Loss:1.4987 Cls Loss Theta:14.5150 Pair Loss:0.0270 KL Loss:60.5665 KLD Theta:60.5665 Recon Loss:0.0001 Acc:0.9675 Theta Acc:0.0013 
=> centroids.dtype: torch.float32
=> Only CVAE KL
=> Use Multivariate Gaussian As the Prior
Epoch:12 Time:33.7 Data:0.0 Loss:0.1740 Cls Loss:1.4826 Cls Loss Theta:14.1589 Pair Loss:0.0257 KL Loss:60.5667 KLD Theta:60.5667 Recon Loss:0.0001 Acc:0.9661 Theta Acc:0.0012 
=> centroids.dtype: torch.float32
=> Only CVAE KL
=> Use Multivariate Gaussian As the Prior
Epoch:13 Time:33.4 Data:0.0 Loss:0.1743 Cls Loss:1.4694 Cls Loss Theta:14.3117 Pair Loss:0.0274 KL Loss:60.5669 KLD Theta:60.5669 Recon Loss:0.0001 Acc:0.9677 Theta Acc:0.0013 
=> centroids.dtype: torch.float32
=> Only CVAE KL
=> Use Multivariate Gaussian As the Prior
Epoch:14 Time:33.3 Data:0.0 Loss:0.1720 Cls Loss:1.4570 Cls Loss Theta:13.8714 Pair Loss:0.0263 KL Loss:60.5666 KLD Theta:60.5666 Recon Loss:0.0001 Acc:0.9700 Theta Acc:0.0012 
=> centroids.dtype: torch.float32
=> Only CVAE KL
=> Use Multivariate Gaussian As the Prior
Epoch:15 Time:33.6 Data:0.0 Loss:0.1718 Cls Loss:1.4440 Cls Loss Theta:13.7495 Pair Loss:0.0274 KL Loss:60.5667 KLD Theta:60.5667 Recon Loss:0.0001 Acc:0.9719 Theta Acc:0.0013 
=> Test at epoch 15
Extracted features for query set, obtained torch.Size([2228, 702]) matrix
Extracted features for gallery set, obtained torch.Size([17661, 702]) matrix
Extracting features complete in 0m 7s
Distance computing in 0m 0s
Computing CMC and mAP through Classifier
Results ---------------------------------------------------
top1:82.6% top5:90.5% top10:92.9% top20:94.9% mAP:68.8%
-----------------------------------------------------------
Using 0m 2s
=> centroids.dtype: torch.float32
=> Only CVAE KL
=> Use Multivariate Gaussian As the Prior
Epoch:16 Time:33.4 Data:0.0 Loss:0.1685 Cls Loss:1.4352 Cls Loss Theta:13.5590 Pair Loss:0.0249 KL Loss:60.5667 KLD Theta:60.5667 Recon Loss:0.0001 Acc:0.9722 Theta Acc:0.0012 
=> centroids.dtype: torch.float32
=> Only CVAE KL
=> Use Multivariate Gaussian As the Prior
Epoch:17 Time:33.9 Data:0.0 Loss:0.1692 Cls Loss:1.4326 Cls Loss Theta:13.4248 Pair Loss:0.0260 KL Loss:60.5666 KLD Theta:60.5666 Recon Loss:0.0001 Acc:0.9698 Theta Acc:0.0009 
=> centroids.dtype: torch.float32
=> Only CVAE KL
=> Use Multivariate Gaussian As the Prior
Epoch:18 Time:33.9 Data:0.0 Loss:0.1677 Cls Loss:1.4193 Cls Loss Theta:13.2609 Pair Loss:0.0257 KL Loss:60.5665 KLD Theta:60.5665 Recon Loss:0.0001 Acc:0.9720 Theta Acc:0.0014 
=> centroids.dtype: torch.float32
=> Only CVAE KL
=> Use Multivariate Gaussian As the Prior
Epoch:19 Time:34.3 Data:0.0 Loss:0.1664 Cls Loss:1.4096 Cls Loss Theta:13.5632 Pair Loss:0.0254 KL Loss:60.5665 KLD Theta:60.5665 Recon Loss:0.0001 Acc:0.9722 Theta Acc:0.0009 
=> centroids.dtype: torch.float32
=> Only CVAE KL
=> Use Multivariate Gaussian As the Prior
Epoch:20 Time:33.5 Data:0.0 Loss:0.1624 Cls Loss:1.4018 Cls Loss Theta:13.5392 Pair Loss:0.0222 KL Loss:60.5668 KLD Theta:60.5668 Recon Loss:0.0001 Acc:0.9711 Theta Acc:0.0013 
=> Test at epoch 20
Extracted features for query set, obtained torch.Size([2228, 702]) matrix
Extracted features for gallery set, obtained torch.Size([17661, 702]) matrix
Extracting features complete in 0m 7s
Distance computing in 0m 0s
Computing CMC and mAP through Classifier
Results ---------------------------------------------------
top1:82.5% top5:90.6% top10:93.0% top20:94.9% mAP:68.6%
-----------------------------------------------------------
Using 0m 2s
=> centroids.dtype: torch.float32
=> Only CVAE KL
=> Use Multivariate Gaussian As the Prior
Epoch:21 Time:33.6 Data:0.0 Loss:0.1510 Cls Loss:1.3034 Cls Loss Theta:12.8545 Pair Loss:0.0207 KL Loss:60.5664 KLD Theta:60.5664 Recon Loss:0.0001 Acc:0.9897 Theta Acc:0.0012 
=> centroids.dtype: torch.float32
=> Only CVAE KL
=> Use Multivariate Gaussian As the Prior
Epoch:22 Time:33.9 Data:0.0 Loss:0.1473 Cls Loss:1.2718 Cls Loss Theta:13.0418 Pair Loss:0.0201 KL Loss:60.5666 KLD Theta:60.5666 Recon Loss:0.0001 Acc:0.9955 Theta Acc:0.0013 
=> centroids.dtype: torch.float32
=> Only CVAE KL
=> Use Multivariate Gaussian As the Prior
Epoch:23 Time:33.9 Data:0.0 Loss:0.1455 Cls Loss:1.2662 Cls Loss Theta:12.8577 Pair Loss:0.0189 KL Loss:60.5664 KLD Theta:60.5664 Recon Loss:0.0001 Acc:0.9961 Theta Acc:0.0013 
=> centroids.dtype: torch.float32
=> Only CVAE KL
=> Use Multivariate Gaussian As the Prior
Epoch:24 Time:34.2 Data:0.0 Loss:0.1461 Cls Loss:1.2640 Cls Loss Theta:12.6070 Pair Loss:0.0197 KL Loss:60.5664 KLD Theta:60.5664 Recon Loss:0.0001 Acc:0.9967 Theta Acc:0.0012 
=> centroids.dtype: torch.float32
=> Only CVAE KL
=> Use Multivariate Gaussian As the Prior
Epoch:25 Time:34.4 Data:0.0 Loss:0.1456 Cls Loss:1.2641 Cls Loss Theta:12.3895 Pair Loss:0.0192 KL Loss:60.5667 KLD Theta:60.5667 Recon Loss:0.0001 Acc:0.9967 Theta Acc:0.0012 
=> Test at epoch 25
Extracted features for query set, obtained torch.Size([2228, 702]) matrix
Extracted features for gallery set, obtained torch.Size([17661, 702]) matrix
Extracting features complete in 0m 8s
Distance computing in 0m 0s
Computing CMC and mAP through Classifier
Results ---------------------------------------------------
top1:82.9% top5:91.4% top10:93.2% top20:95.0% mAP:69.7%
-----------------------------------------------------------
Using 0m 2s
=> centroids.dtype: torch.float32
=> Only CVAE KL
=> Use Multivariate Gaussian As the Prior
Epoch:26 Time:34.3 Data:0.0 Loss:0.1483 Cls Loss:1.2640 Cls Loss Theta:12.5728 Pair Loss:0.0219 KL Loss:60.5665 KLD Theta:60.5665 Recon Loss:0.0001 Acc:0.9959 Theta Acc:0.0013 
=> centroids.dtype: torch.float32
=> Only CVAE KL
=> Use Multivariate Gaussian As the Prior
Epoch:27 Time:54.5 Data:0.0 Loss:0.1462 Cls Loss:1.2620 Cls Loss Theta:12.3381 Pair Loss:0.0200 KL Loss:60.5664 KLD Theta:60.5664 Recon Loss:0.0001 Acc:0.9966 Theta Acc:0.0013 
=> centroids.dtype: torch.float32
=> Only CVAE KL
=> Use Multivariate Gaussian As the Prior
Epoch:28 Time:71.6 Data:0.0 Loss:0.1449 Cls Loss:1.2617 Cls Loss Theta:12.2344 Pair Loss:0.0187 KL Loss:60.5665 KLD Theta:60.5665 Recon Loss:0.0001 Acc:0.9968 Theta Acc:0.0013 
=> centroids.dtype: torch.float32
=> Only CVAE KL
=> Use Multivariate Gaussian As the Prior
Epoch:29 Time:71.3 Data:0.0 Loss:0.1463 Cls Loss:1.2610 Cls Loss Theta:12.1705 Pair Loss:0.0202 KL Loss:60.5666 KLD Theta:60.5666 Recon Loss:0.0001 Acc:0.9964 Theta Acc:0.0012 
=> centroids.dtype: torch.float32
=> Only CVAE KL
=> Use Multivariate Gaussian As the Prior
Epoch:30 Time:72.1 Data:0.0 Loss:0.1451 Cls Loss:1.2605 Cls Loss Theta:12.1893 Pair Loss:0.0191 KL Loss:60.5668 KLD Theta:60.5668 Recon Loss:0.0001 Acc:0.9964 Theta Acc:0.0012 
=> Test at epoch 30
Extracted features for query set, obtained torch.Size([2228, 702]) matrix
Extracted features for gallery set, obtained torch.Size([17661, 702]) matrix
Extracting features complete in 0m 11s
Distance computing in 0m 1s
Computing CMC and mAP through Classifier
Results ---------------------------------------------------
top1:83.3% top5:91.2% top10:93.3% top20:95.0% mAP:69.8%
-----------------------------------------------------------
Using 0m 3s
=> centroids.dtype: torch.float32
=> Only CVAE KL
=> Use Multivariate Gaussian As the Prior
Epoch:31 Time:73.4 Data:0.0 Loss:0.1466 Cls Loss:1.2594 Cls Loss Theta:12.1860 Pair Loss:0.0207 KL Loss:60.5666 KLD Theta:60.5666 Recon Loss:0.0001 Acc:0.9962 Theta Acc:0.0013 
=> centroids.dtype: torch.float32
=> Only CVAE KL
=> Use Multivariate Gaussian As the Prior
Epoch:32 Time:69.9 Data:0.0 Loss:0.1449 Cls Loss:1.2587 Cls Loss Theta:12.0220 Pair Loss:0.0190 KL Loss:60.5667 KLD Theta:60.5667 Recon Loss:0.0001 Acc:0.9960 Theta Acc:0.0013 
=> centroids.dtype: torch.float32
=> Only CVAE KL
=> Use Multivariate Gaussian As the Prior
Epoch:33 Time:71.9 Data:0.0 Loss:0.1456 Cls Loss:1.2570 Cls Loss Theta:12.1006 Pair Loss:0.0199 KL Loss:60.5665 KLD Theta:60.5665 Recon Loss:0.0001 Acc:0.9968 Theta Acc:0.0012 
=> centroids.dtype: torch.float32
=> Only CVAE KL
=> Use Multivariate Gaussian As the Prior
Epoch:34 Time:73.1 Data:0.0 Loss:0.1449 Cls Loss:1.2549 Cls Loss Theta:11.8036 Pair Loss:0.0194 KL Loss:60.5669 KLD Theta:60.5669 Recon Loss:0.0001 Acc:0.9963 Theta Acc:0.0013 
=> centroids.dtype: torch.float32
=> Only CVAE KL
=> Use Multivariate Gaussian As the Prior
Epoch:35 Time:72.7 Data:0.0 Loss:0.1453 Cls Loss:1.2535 Cls Loss Theta:11.8166 Pair Loss:0.0199 KL Loss:60.5665 KLD Theta:60.5665 Recon Loss:0.0001 Acc:0.9969 Theta Acc:0.0013 
=> Test at epoch 35
Extracted features for query set, obtained torch.Size([2228, 702]) matrix
Extracted features for gallery set, obtained torch.Size([17661, 702]) matrix
Extracting features complete in 0m 11s
Distance computing in 0m 1s
Computing CMC and mAP through Classifier
Results ---------------------------------------------------
top1:83.3% top5:91.0% top10:93.2% top20:94.9% mAP:69.8%
-----------------------------------------------------------
Using 0m 3s
=> centroids.dtype: torch.float32
=> Only CVAE KL
=> Use Multivariate Gaussian As the Prior
Epoch:36 Time:73.4 Data:0.0 Loss:0.1445 Cls Loss:1.2519 Cls Loss Theta:11.6548 Pair Loss:0.0193 KL Loss:60.5669 KLD Theta:60.5669 Recon Loss:0.0001 Acc:0.9971 Theta Acc:0.0012 
=> centroids.dtype: torch.float32
=> Only CVAE KL
=> Use Multivariate Gaussian As the Prior
Epoch:37 Time:72.1 Data:0.0 Loss:0.1463 Cls Loss:1.2512 Cls Loss Theta:11.7138 Pair Loss:0.0212 KL Loss:60.5668 KLD Theta:60.5668 Recon Loss:0.0001 Acc:0.9968 Theta Acc:0.0013 
=> centroids.dtype: torch.float32
=> Only CVAE KL
=> Use Multivariate Gaussian As the Prior
Epoch:38 Time:72.8 Data:0.0 Loss:0.1441 Cls Loss:1.2492 Cls Loss Theta:11.7460 Pair Loss:0.0192 KL Loss:60.5666 KLD Theta:60.5666 Recon Loss:0.0001 Acc:0.9971 Theta Acc:0.0012 
=> centroids.dtype: torch.float32
=> Only CVAE KL
=> Use Multivariate Gaussian As the Prior
Epoch:39 Time:71.5 Data:0.0 Loss:0.1454 Cls Loss:1.2480 Cls Loss Theta:11.6675 Pair Loss:0.0206 KL Loss:60.5667 KLD Theta:60.5667 Recon Loss:0.0001 Acc:0.9968 Theta Acc:0.0012 
=> centroids.dtype: torch.float32
=> Only CVAE KL
=> Use Multivariate Gaussian As the Prior
Epoch:40 Time:72.4 Data:0.0 Loss:0.1445 Cls Loss:1.2456 Cls Loss Theta:11.9567 Pair Loss:0.0199 KL Loss:60.5668 KLD Theta:60.5668 Recon Loss:0.0001 Acc:0.9971 Theta Acc:0.0013 
=> Test at epoch 40
Extracted features for query set, obtained torch.Size([2228, 702]) matrix
Extracted features for gallery set, obtained torch.Size([17661, 702]) matrix
Extracting features complete in 0m 11s
Distance computing in 0m 1s
Computing CMC and mAP through Classifier
Results ---------------------------------------------------
top1:83.3% top5:91.4% top10:93.2% top20:94.8% mAP:69.9%
-----------------------------------------------------------
Using 0m 3s
=> centroids.dtype: torch.float32
=> Only CVAE KL
=> Use Multivariate Gaussian As the Prior
Epoch:41 Time:72.0 Data:0.0 Loss:0.1420 Cls Loss:1.2340 Cls Loss Theta:11.7447 Pair Loss:0.0186 KL Loss:60.5668 KLD Theta:60.5668 Recon Loss:0.0001 Acc:0.9976 Theta Acc:0.0013 
=> centroids.dtype: torch.float32
=> Only CVAE KL
=> Use Multivariate Gaussian As the Prior
Epoch:42 Time:79.9 Data:0.0 Loss:0.1420 Cls Loss:1.2333 Cls Loss Theta:11.7798 Pair Loss:0.0187 KL Loss:60.5669 KLD Theta:60.5669 Recon Loss:0.0001 Acc:0.9977 Theta Acc:0.0013 
=> centroids.dtype: torch.float32
=> Only CVAE KL
=> Use Multivariate Gaussian As the Prior
Epoch:43 Time:89.2 Data:0.0 Loss:0.1422 Cls Loss:1.2326 Cls Loss Theta:11.7595 Pair Loss:0.0189 KL Loss:60.5665 KLD Theta:60.5665 Recon Loss:0.0001 Acc:0.9977 Theta Acc:0.0013 
=> centroids.dtype: torch.float32
=> Only CVAE KL
=> Use Multivariate Gaussian As the Prior
Epoch:44 Time:88.7 Data:0.0 Loss:0.1426 Cls Loss:1.2325 Cls Loss Theta:11.7453 Pair Loss:0.0193 KL Loss:60.5668 KLD Theta:60.5668 Recon Loss:0.0001 Acc:0.9976 Theta Acc:0.0013 
=> centroids.dtype: torch.float32
=> Only CVAE KL
=> Use Multivariate Gaussian As the Prior
Epoch:45 Time:87.4 Data:0.0 Loss:0.1417 Cls Loss:1.2318 Cls Loss Theta:11.7106 Pair Loss:0.0185 KL Loss:60.5664 KLD Theta:60.5664 Recon Loss:0.0001 Acc:0.9977 Theta Acc:0.0013 
=> Test at epoch 45
Extracted features for query set, obtained torch.Size([2228, 702]) matrix
Extracted features for gallery set, obtained torch.Size([17661, 702]) matrix
Extracting features complete in 0m 12s
Distance computing in 0m 1s
Computing CMC and mAP through Classifier
Results ---------------------------------------------------
top1:83.3% top5:91.2% top10:93.1% top20:94.9% mAP:70.0%
-----------------------------------------------------------
Using 0m 4s
=> centroids.dtype: torch.float32
=> Only CVAE KL
=> Use Multivariate Gaussian As the Prior
Epoch:46 Time:86.7 Data:0.0 Loss:0.1432 Cls Loss:1.2315 Cls Loss Theta:11.6822 Pair Loss:0.0201 KL Loss:60.5663 KLD Theta:60.5663 Recon Loss:0.0001 Acc:0.9978 Theta Acc:0.0013 
=> centroids.dtype: torch.float32
=> Only CVAE KL
=> Use Multivariate Gaussian As the Prior
Epoch:47 Time:86.1 Data:0.0 Loss:0.1411 Cls Loss:1.2316 Cls Loss Theta:11.6737 Pair Loss:0.0180 KL Loss:60.5663 KLD Theta:60.5663 Recon Loss:0.0001 Acc:0.9976 Theta Acc:0.0013 
=> centroids.dtype: torch.float32
=> Only CVAE KL
=> Use Multivariate Gaussian As the Prior
Epoch:48 Time:87.7 Data:0.0 Loss:0.1414 Cls Loss:1.2315 Cls Loss Theta:11.6691 Pair Loss:0.0183 KL Loss:60.5663 KLD Theta:60.5663 Recon Loss:0.0001 Acc:0.9976 Theta Acc:0.0013 
=> centroids.dtype: torch.float32
=> Only CVAE KL
=> Use Multivariate Gaussian As the Prior
Epoch:49 Time:88.2 Data:0.0 Loss:0.1403 Cls Loss:1.2313 Cls Loss Theta:11.6294 Pair Loss:0.0171 KL Loss:60.5668 KLD Theta:60.5668 Recon Loss:0.0001 Acc:0.9977 Theta Acc:0.0013 
=> centroids.dtype: torch.float32
=> Only CVAE KL
=> Use Multivariate Gaussian As the Prior
Epoch:50 Time:87.2 Data:0.0 Loss:0.1413 Cls Loss:1.2310 Cls Loss Theta:11.6207 Pair Loss:0.0182 KL Loss:60.5665 KLD Theta:60.5665 Recon Loss:0.0001 Acc:0.9979 Theta Acc:0.0013 
=> Test at epoch 50
Extracted features for query set, obtained torch.Size([2228, 702]) matrix
Extracted features for gallery set, obtained torch.Size([17661, 702]) matrix
Extracting features complete in 0m 12s
Distance computing in 0m 1s
Computing CMC and mAP through Classifier
Results ---------------------------------------------------
top1:83.5% top5:91.2% top10:93.3% top20:94.8% mAP:70.0%
-----------------------------------------------------------
Using 0m 4s
=> centroids.dtype: torch.float32
=> Only CVAE KL
=> Use Multivariate Gaussian As the Prior
Epoch:51 Time:87.4 Data:0.0 Loss:0.1404 Cls Loss:1.2305 Cls Loss Theta:11.6597 Pair Loss:0.0173 KL Loss:60.5662 KLD Theta:60.5662 Recon Loss:0.0001 Acc:0.9981 Theta Acc:0.0013 
=> centroids.dtype: torch.float32
=> Only CVAE KL
=> Use Multivariate Gaussian As the Prior
Epoch:52 Time:87.4 Data:0.0 Loss:0.1405 Cls Loss:1.2307 Cls Loss Theta:11.6441 Pair Loss:0.0175 KL Loss:60.5665 KLD Theta:60.5665 Recon Loss:0.0001 Acc:0.9978 Theta Acc:0.0013 
=> centroids.dtype: torch.float32
=> Only CVAE KL
=> Use Multivariate Gaussian As the Prior
Epoch:53 Time:88.7 Data:0.0 Loss:0.1407 Cls Loss:1.2305 Cls Loss Theta:11.6076 Pair Loss:0.0176 KL Loss:60.5667 KLD Theta:60.5667 Recon Loss:0.0001 Acc:0.9979 Theta Acc:0.0013 
=> centroids.dtype: torch.float32
=> Only CVAE KL
=> Use Multivariate Gaussian As the Prior
Epoch:54 Time:86.4 Data:0.0 Loss:0.1400 Cls Loss:1.2305 Cls Loss Theta:11.6140 Pair Loss:0.0169 KL Loss:60.5666 KLD Theta:60.5666 Recon Loss:0.0001 Acc:0.9978 Theta Acc:0.0013 
=> centroids.dtype: torch.float32
=> Only CVAE KL
=> Use Multivariate Gaussian As the Prior
Epoch:55 Time:86.7 Data:0.0 Loss:0.1411 Cls Loss:1.2304 Cls Loss Theta:11.5978 Pair Loss:0.0180 KL Loss:60.5669 KLD Theta:60.5669 Recon Loss:0.0001 Acc:0.9978 Theta Acc:0.0013 
=> Test at epoch 55
Extracted features for query set, obtained torch.Size([2228, 702]) matrix
Extracted features for gallery set, obtained torch.Size([17661, 702]) matrix
Extracting features complete in 0m 12s
Distance computing in 0m 1s
Computing CMC and mAP through Classifier
Results ---------------------------------------------------
top1:83.6% top5:91.2% top10:93.3% top20:94.9% mAP:70.0%
-----------------------------------------------------------
Using 0m 4s
=> centroids.dtype: torch.float32
=> Only CVAE KL
=> Use Multivariate Gaussian As the Prior
Epoch:56 Time:88.5 Data:0.0 Loss:0.1415 Cls Loss:1.2303 Cls Loss Theta:11.5724 Pair Loss:0.0184 KL Loss:60.5666 KLD Theta:60.5666 Recon Loss:0.0001 Acc:0.9977 Theta Acc:0.0013 
=> centroids.dtype: torch.float32
=> Only CVAE KL
=> Use Multivariate Gaussian As the Prior
Epoch:57 Time:85.3 Data:0.0 Loss:0.1409 Cls Loss:1.2300 Cls Loss Theta:11.5644 Pair Loss:0.0179 KL Loss:60.5668 KLD Theta:60.5668 Recon Loss:0.0001 Acc:0.9979 Theta Acc:0.0013 
=> centroids.dtype: torch.float32
=> Only CVAE KL
=> Use Multivariate Gaussian As the Prior
Epoch:58 Time:86.8 Data:0.0 Loss:0.1421 Cls Loss:1.2302 Cls Loss Theta:11.5657 Pair Loss:0.0190 KL Loss:60.5666 KLD Theta:60.5666 Recon Loss:0.0001 Acc:0.9979 Theta Acc:0.0013 
=> centroids.dtype: torch.float32
=> Only CVAE KL
=> Use Multivariate Gaussian As the Prior
Epoch:59 Time:89.6 Data:0.0 Loss:0.1421 Cls Loss:1.2298 Cls Loss Theta:11.5708 Pair Loss:0.0191 KL Loss:60.5667 KLD Theta:60.5667 Recon Loss:0.0001 Acc:0.9978 Theta Acc:0.0013 
=> centroids.dtype: torch.float32
=> Only CVAE KL
=> Use Multivariate Gaussian As the Prior
Epoch:60 Time:87.8 Data:0.0 Loss:0.1430 Cls Loss:1.2299 Cls Loss Theta:11.5808 Pair Loss:0.0201 KL Loss:60.5665 KLD Theta:60.5665 Recon Loss:0.0001 Acc:0.9978 Theta Acc:0.0013 
=> Test at epoch 60
Extracted features for query set, obtained torch.Size([2228, 702]) matrix
Extracted features for gallery set, obtained torch.Size([17661, 702]) matrix
Extracting features complete in 0m 12s
Distance computing in 0m 1s
Computing CMC and mAP through Classifier
Results ---------------------------------------------------
top1:83.6% top5:91.1% top10:93.4% top20:94.9% mAP:70.0%
-----------------------------------------------------------
Using 0m 4s
=> Best Rank-1 83.6% achieved at epoch 55
Finished. Total elapsed time (h:m:s): 1:03:07. Training time (h:m:s): 1:00:27.
Shutting down background jobs, please wait a moment...
Done!
Waiting for the remaining 20 operations to synchronize with Neptune. Do not kill this process.
All 20 operations synced, thanks for waiting!
Explore the metadata in the Neptune app:
https://app.neptune.ai/Zhengwei-Lab/NIPSTransferReID/e/NIPS-528/metadata
