https://app.neptune.ai/Zhengwei-Lab/NIPSTransferReID/e/NIPS-523
=> merge config from ./configs/clipreid_cvae_kl.yaml
Use only x as input for flow model
Use original kl loss for cvae model
Use centroid as domain embedding
/home/zhengwei/Desktop/Zhengwei/Projects/CVAE/main.py:94: NeptuneUnsupportedType: You're attempting to log a type that is not directly supported by Neptune (<class 'list'>).
        Convert the value to a supported type, such as a string or float, or use stringify_unsupported(obj)
        for dictionaries or collections that contain unsupported values.
        For more, see https://docs.neptune.ai/help/value_of_unsupported_type
  run["parameters"] = param
=> Configurations:
-------------------------
AMP: True
AUG:
  RC_PROB: 0.5
  RE_PROB: 0.5
DATA:
  CUHK03_CLASSIC_SPLIT: False
  CUHK03_LABELED: False
  DATASET: duke
  FORMAT_TAG: tensor
  HEIGHT: 256
  NUM_INSTANCES: 4
  NUM_WORKERS: 4
  ROOT: /home/zhengwei/Desktop/Zhengwei/Projects/datasets
  SPLIT_ID: 0
  TEST_BATCH: 512
  TRAIN_BATCH: 64
  TRAIN_FORMAT: base
  WIDTH: 128
EVAL_MODE: False
GPU: 0
LOSS:
  CLA_LOSS: crossentropylabelsmooth
  CLA_M: 0.0
  CLA_S: 16.0
  PAIR_LOSS: triplet
  PAIR_M: 0.3
  PAIR_S: 16.0
  RECON_LOSS: mse
MODEL:
  CONDITIONAL: False
  FEATURE_DIM: 1280
  FEAT_FUSION: True
  FLOW_TYPE: yuke_mlpflow
  GAUSSIAN: MultivariateNormal
  LATENT_SIZE: 64
  NAME: CVAE
  ONLY_CVAE_KL: True
  ONLY_X_INPUT: True
  PRETRAIN: CLIPreid
  RES4_STRIDE: 1
  RESUME: /home/zhengwei/Desktop/Zhengwei/Projects/CVAE/outputs/duke/clipreid_cvae_baseline/2024-04-04/baseline_fp32_l4vaeleakRelu-lre4_64z_yuke_mlpflow_mse
  TRAIN_STAGE: reidstage
  USE_CENTROID: True
  VAE_TYPE: cvae
OUTPUT: /home/zhengwei/Desktop/Zhengwei/Projects/CVAE/outputs/duke/clipreid_cvae_baseline/2024-04-04/baseline_fp32_l4vaeleakRelu-lre4_64z_yuke_mlpflow_mse/reid_crossentropylabelsmooth/2024-04-10
SAVED_NAME: baseline_fp32_l4vaeleakRelu-lre4_64z_tri+sce
SEED: 0
TAG: clipreid_cvae_baseline
TEST:
  DISTANCE: cosine
  EVAL_STEP: 5
  START_EVAL: -1
TRAIN:
  AMP: False
  LR_SCHEDULER:
    DECAY_RATE: 0.1
    NAME: MultiStepLR
    STEPSIZE: [20, 40]
  MAX_EPOCH: 60
  OPTIMIZER:
    LR: 0.0001
    NAME: adam
    WEIGHT_DECAY: 0.0001
  START_EPOCH: 0
----------------------
Initializing dataset duke
Warning: string series 'monitoring/92842f80/stdout' value was longer than 1000 characters and was truncated. This warning is printed only once per series.
Loading cluster results from '/home/zhengwei/Desktop/Zhengwei/Projects/datasets/DukeMTMC-reID/kmeans_results/CLIPreid/train_all_129k_euclidean.pt'
Clustering stastistics: [(0, 73), (1, 78), (2, 121), (3, 100), (4, 100), (5, 145), (6, 187), (7, 146), (8, 152), (9, 133), (10, 210), (11, 84), (12, 88), (13, 77), (14, 141), (15, 124), (16, 148), (17, 42), (18, 100), (19, 157), (20, 71), (21, 120), (22, 162), (23, 57), (24, 87), (25, 106), (26, 99), (27, 55), (28, 93), (29, 114), (30, 209), (31, 190), (32, 122), (33, 95), (34, 56), (35, 103), (36, 96), (37, 173), (38, 289), (39, 174), (40, 221), (41, 93), (42, 32), (43, 143), (44, 44), (45, 83), (46, 150), (47, 59), (48, 121), (49, 232), (50, 109), (51, 112), (52, 73), (53, 29), (54, 71), (55, 109), (56, 74), (57, 56), (58, 424), (59, 89), (60, 70), (61, 228), (62, 151), (63, 187), (64, 192), (65, 134), (66, 130), (67, 163), (68, 146), (69, 206), (70, 231), (71, 194), (72, 173), (73, 189), (74, 157), (75, 158), (76, 49), (77, 75), (78, 74), (79, 62), (80, 90), (81, 137), (82, 79), (83, 92), (84, 100), (85, 140), (86, 122), (87, 123), (88, 160), (89, 194), (90, 140), (91, 107), (92, 259), (93, 98), (94, 129), (95, 239), (96, 125), (97, 63), (98, 124), (99, 90), (100, 129), (101, 46), (102, 116), (103, 86), (104, 341), (105, 110), (106, 99), (107, 102), (108, 154), (109, 100), (110, 231), (111, 175), (112, 53), (113, 177), (114, 195), (115, 137), (116, 59), (117, 183), (118, 174), (119, 84), (120, 83), (121, 111), (122, 93), (123, 210), (124, 171), (125, 40), (126, 87), (127, 86), (128, 109)]
Loading cluster results from '/home/zhengwei/Desktop/Zhengwei/Projects/datasets/DukeMTMC-reID/kmeans_results/CLIPreid/query_129k_euclidean.pt'
Clustering stastistics: [(0, 10), (1, 26), (2, 12), (3, 15), (4, 23), (5, 17), (6, 11), (7, 9), (8, 20), (9, 8), (10, 19), (11, 20), (12, 10), (13, 19), (14, 13), (15, 26), (16, 29), (17, 17), (18, 20), (19, 10), (20, 25), (21, 8), (22, 17), (23, 24), (24, 17), (25, 14), (26, 4), (27, 22), (28, 9), (29, 16), (30, 7), (31, 32), (32, 17), (33, 6), (34, 21), (35, 11), (36, 13), (37, 10), (38, 29), (39, 21), (40, 36), (41, 22), (42, 12), (43, 9), (44, 9), (45, 19), (46, 14), (47, 18), (48, 25), (49, 36), (50, 10), (51, 17), (52, 16), (53, 11), (54, 11), (55, 8), (56, 14), (57, 13), (58, 4), (59, 8), (60, 9), (61, 19), (62, 22), (63, 16), (64, 17), (65, 6), (66, 22), (67, 11), (68, 33), (69, 13), (70, 16), (71, 10), (72, 14), (73, 6), (74, 22), (75, 52), (76, 30), (77, 50), (78, 18), (79, 15), (80, 10), (81, 18), (82, 17), (83, 29), (84, 10), (85, 20), (86, 20), (87, 22), (88, 9), (89, 19), (90, 15), (91, 4), (92, 18), (93, 25), (94, 18), (95, 30), (96, 22), (97, 21), (98, 18), (99, 25), (100, 14), (101, 16), (102, 16), (103, 40), (104, 8), (105, 16), (106, 11), (107, 4), (108, 25), (109, 16), (110, 24), (111, 21), (112, 16), (113, 24), (114, 15), (115, 8), (116, 26), (117, 29), (118, 16), (119, 17), (120, 17), (121, 12), (122, 8), (123, 25), (124, 18), (125, 9), (126, 10), (127, 14), (128, 13)]
Loading cluster results from '/home/zhengwei/Desktop/Zhengwei/Projects/datasets/DukeMTMC-reID/kmeans_results/CLIPreid/gallery_129k_euclidean.pt'
Clustering stastistics: [(0, 182), (1, 102), (2, 138), (3, 100), (4, 241), (5, 140), (6, 101), (7, 152), (8, 101), (9, 147), (10, 53), (11, 131), (12, 59), (13, 124), (14, 200), (15, 154), (16, 72), (17, 110), (18, 167), (19, 60), (20, 63), (21, 113), (22, 177), (23, 99), (24, 113), (25, 189), (26, 201), (27, 138), (28, 224), (29, 88), (30, 194), (31, 50), (32, 131), (33, 186), (34, 130), (35, 206), (36, 63), (37, 110), (38, 99), (39, 225), (40, 226), (41, 167), (42, 239), (43, 142), (44, 104), (45, 191), (46, 98), (47, 114), (48, 192), (49, 89), (50, 111), (51, 192), (52, 87), (53, 150), (54, 111), (55, 126), (56, 319), (57, 82), (58, 299), (59, 80), (60, 72), (61, 100), (62, 109), (63, 124), (64, 76), (65, 166), (66, 113), (67, 145), (68, 147), (69, 24), (70, 116), (71, 160), (72, 77), (73, 112), (74, 88), (75, 128), (76, 63), (77, 76), (78, 234), (79, 135), (80, 138), (81, 125), (82, 175), (83, 168), (84, 185), (85, 153), (86, 164), (87, 43), (88, 68), (89, 84), (90, 121), (91, 63), (92, 95), (93, 206), (94, 163), (95, 151), (96, 117), (97, 61), (98, 253), (99, 121), (100, 222), (101, 183), (102, 175), (103, 239), (104, 85), (105, 25), (106, 256), (107, 138), (108, 78), (109, 55), (110, 239), (111, 106), (112, 225), (113, 148), (114, 142), (115, 273), (116, 105), (117, 94), (118, 99), (119, 234), (120, 223), (121, 200), (122, 161), (123, 113), (124, 112), (125, 154), (126, 76), (127, 83), (128, 47)]
=> DukeMTMC-reID tensor loaded
Dataset statistics:
  ------------------------------
  subset   | # ids | # images
  ------------------------------
  train    |   702 |    16522
  query    |   702 |     2228
  gallery  |  1110 |    17661
  ------------------------------
  total    |  1404 |    36411
  ------------------------------
Initializing Flow model: yuke_mlpflow
Initializing vae model: cvae
Model size: 2.42483M
Using MLPClassBlock with hiidem_dim_list: [64, 128, 256, 512]
Classifier size: 0.53555M
=> Start Training REID model
Loading checkpoint from '/home/zhengwei/Desktop/Zhengwei/Projects/CVAE/outputs/duke/clipreid_cvae_baseline/2024-04-04/baseline_fp32_l4vaeleakRelu-lre4_64z_yuke_mlpflow_mse.best_model.pth.tar'
orginal best rank1 = 0.8536804308797128
=> Start training
=> centroids.dtype: torch.float32
=> Only CVAE KL
=> Use Multivariate Gaussian As the Prior
Epoch:1 Time:37.0 Data:0.0 Loss:6.6081 Cls Loss:6.5533 Cls Loss Theta:6.5534 Pair Loss:0.0548 KL Loss:60.5664 KLD Theta:60.5664 Recon Loss:0.0001 Acc:0.0451 Theta Acc:0.0017 
=> centroids.dtype: torch.float32
=> Only CVAE KL
=> Use Multivariate Gaussian As the Prior
Epoch:2 Time:33.5 Data:0.0 Loss:6.5842 Cls Loss:6.5516 Cls Loss Theta:6.5522 Pair Loss:0.0327 KL Loss:60.5668 KLD Theta:60.5668 Recon Loss:0.0001 Acc:0.1082 Theta Acc:0.0075 
=> centroids.dtype: torch.float32
=> Only CVAE KL
=> Use Multivariate Gaussian As the Prior
Epoch:3 Time:33.6 Data:0.0 Loss:6.5788 Cls Loss:6.5495 Cls Loss Theta:6.5508 Pair Loss:0.0293 KL Loss:60.5666 KLD Theta:60.5666 Recon Loss:0.0001 Acc:0.1510 Theta Acc:0.0244 
=> centroids.dtype: torch.float32
=> Only CVAE KL
=> Use Multivariate Gaussian As the Prior
Epoch:4 Time:33.6 Data:0.0 Loss:6.5727 Cls Loss:6.5471 Cls Loss Theta:6.5496 Pair Loss:0.0256 KL Loss:60.5669 KLD Theta:60.5669 Recon Loss:0.0001 Acc:0.1783 Theta Acc:0.0266 
=> centroids.dtype: torch.float32
=> Only CVAE KL
=> Use Multivariate Gaussian As the Prior
Epoch:5 Time:33.6 Data:0.0 Loss:6.5680 Cls Loss:6.5440 Cls Loss Theta:6.5482 Pair Loss:0.0241 KL Loss:60.5663 KLD Theta:60.5663 Recon Loss:0.0001 Acc:0.1909 Theta Acc:0.0289 
=> Test at epoch 5
Extracted features for query set, obtained torch.Size([2228, 702]) matrix
Extracted features for gallery set, obtained torch.Size([17661, 702]) matrix
Extracting features complete in 0m 8s
Distance computing in 0m 0s
Computing CMC and mAP through Classifier
Results ---------------------------------------------------
top1:83.0% top5:90.9% top10:93.2% top20:95.2% mAP:68.4%
-----------------------------------------------------------
Using 0m 2s
=> centroids.dtype: torch.float32
=> Only CVAE KL
=> Use Multivariate Gaussian As the Prior
Epoch:6 Time:33.7 Data:0.0 Loss:6.5621 Cls Loss:6.5399 Cls Loss Theta:6.5465 Pair Loss:0.0222 KL Loss:60.5665 KLD Theta:60.5665 Recon Loss:0.0001 Acc:0.2035 Theta Acc:0.0339 
=> centroids.dtype: torch.float32
=> Only CVAE KL
=> Use Multivariate Gaussian As the Prior
Epoch:7 Time:33.4 Data:0.0 Loss:6.5561 Cls Loss:6.5338 Cls Loss Theta:6.5436 Pair Loss:0.0222 KL Loss:60.5662 KLD Theta:60.5662 Recon Loss:0.0001 Acc:0.2157 Theta Acc:0.0333 
=> centroids.dtype: torch.float32
=> Only CVAE KL
=> Use Multivariate Gaussian As the Prior
Epoch:8 Time:33.6 Data:0.0 Loss:6.5456 Cls Loss:6.5236 Cls Loss Theta:6.5382 Pair Loss:0.0220 KL Loss:60.5667 KLD Theta:60.5667 Recon Loss:0.0001 Acc:0.2204 Theta Acc:0.0355 
=> centroids.dtype: torch.float32
=> Only CVAE KL
=> Use Multivariate Gaussian As the Prior
Epoch:9 Time:33.5 Data:0.0 Loss:6.5309 Cls Loss:6.5046 Cls Loss Theta:6.5264 Pair Loss:0.0264 KL Loss:60.5665 KLD Theta:60.5665 Recon Loss:0.0001 Acc:0.2152 Theta Acc:0.0323 
=> centroids.dtype: torch.float32
=> Only CVAE KL
=> Use Multivariate Gaussian As the Prior
Epoch:10 Time:33.5 Data:0.0 Loss:6.4891 Cls Loss:6.4609 Cls Loss Theta:6.4976 Pair Loss:0.0282 KL Loss:60.5669 KLD Theta:60.5669 Recon Loss:0.0001 Acc:0.1973 Theta Acc:0.0373 
=> Test at epoch 10
Extracted features for query set, obtained torch.Size([2228, 702]) matrix
Extracted features for gallery set, obtained torch.Size([17661, 702]) matrix
Extracting features complete in 0m 7s
Distance computing in 0m 0s
Computing CMC and mAP through Classifier
Results ---------------------------------------------------
top1:83.8% top5:90.6% top10:92.6% top20:94.8% mAP:68.9%
-----------------------------------------------------------
Using 0m 2s
=> centroids.dtype: torch.float32
=> Only CVAE KL
=> Use Multivariate Gaussian As the Prior
Epoch:11 Time:33.3 Data:0.0 Loss:6.3630 Cls Loss:6.3182 Cls Loss Theta:6.5019 Pair Loss:0.0448 KL Loss:60.5665 KLD Theta:60.5665 Recon Loss:0.0001 Acc:0.1607 Theta Acc:0.0384 
=> centroids.dtype: torch.float32
=> Only CVAE KL
=> Use Multivariate Gaussian As the Prior
Epoch:12 Time:33.6 Data:0.0 Loss:6.0816 Cls Loss:6.0174 Cls Loss Theta:7.9522 Pair Loss:0.0641 KL Loss:60.5667 KLD Theta:60.5667 Recon Loss:0.0001 Acc:0.1597 Theta Acc:0.0421 
=> centroids.dtype: torch.float32
=> Only CVAE KL
=> Use Multivariate Gaussian As the Prior
Epoch:13 Time:33.9 Data:0.0 Loss:5.5635 Cls Loss:5.4866 Cls Loss Theta:8.2125 Pair Loss:0.0769 KL Loss:60.5669 KLD Theta:60.5669 Recon Loss:0.0001 Acc:0.1937 Theta Acc:0.0388 
=> centroids.dtype: torch.float32
=> Only CVAE KL
=> Use Multivariate Gaussian As the Prior
Epoch:14 Time:33.6 Data:0.0 Loss:4.3358 Cls Loss:4.2372 Cls Loss Theta:8.4185 Pair Loss:0.0987 KL Loss:60.5666 KLD Theta:60.5666 Recon Loss:0.0001 Acc:0.3656 Theta Acc:0.0353 
=> centroids.dtype: torch.float32
=> Only CVAE KL
=> Use Multivariate Gaussian As the Prior
Epoch:15 Time:33.7 Data:0.0 Loss:3.0289 Cls Loss:2.9095 Cls Loss Theta:9.8970 Pair Loss:0.1193 KL Loss:60.5667 KLD Theta:60.5667 Recon Loss:0.0001 Acc:0.6618 Theta Acc:0.0277 
=> Test at epoch 15
Extracted features for query set, obtained torch.Size([2228, 702]) matrix
Extracted features for gallery set, obtained torch.Size([17661, 702]) matrix
Extracting features complete in 0m 7s
Distance computing in 0m 0s
Computing CMC and mAP through Classifier
Results ---------------------------------------------------
top1:76.4% top5:86.8% top10:90.0% top20:92.5% mAP:60.1%
-----------------------------------------------------------
Using 0m 2s
=> centroids.dtype: torch.float32
=> Only CVAE KL
=> Use Multivariate Gaussian As the Prior
Epoch:16 Time:33.4 Data:0.0 Loss:2.3475 Cls Loss:2.2232 Cls Loss Theta:11.5985 Pair Loss:0.1243 KL Loss:60.5667 KLD Theta:60.5667 Recon Loss:0.0001 Acc:0.8168 Theta Acc:0.0170 
=> centroids.dtype: torch.float32
=> Only CVAE KL
=> Use Multivariate Gaussian As the Prior
Epoch:17 Time:33.7 Data:0.0 Loss:2.0452 Cls Loss:1.9325 Cls Loss Theta:12.4815 Pair Loss:0.1127 KL Loss:60.5666 KLD Theta:60.5666 Recon Loss:0.0001 Acc:0.8967 Theta Acc:0.0050 
=> centroids.dtype: torch.float32
=> Only CVAE KL
=> Use Multivariate Gaussian As the Prior
Epoch:18 Time:33.8 Data:0.0 Loss:1.8926 Cls Loss:1.7986 Cls Loss Theta:12.9141 Pair Loss:0.0940 KL Loss:60.5665 KLD Theta:60.5665 Recon Loss:0.0001 Acc:0.9350 Theta Acc:0.0022 
=> centroids.dtype: torch.float32
=> Only CVAE KL
=> Use Multivariate Gaussian As the Prior
Epoch:19 Time:33.7 Data:0.0 Loss:1.7986 Cls Loss:1.7229 Cls Loss Theta:12.9543 Pair Loss:0.0757 KL Loss:60.5665 KLD Theta:60.5665 Recon Loss:0.0001 Acc:0.9514 Theta Acc:0.0015 
=> centroids.dtype: torch.float32
=> Only CVAE KL
=> Use Multivariate Gaussian As the Prior
Epoch:20 Time:33.8 Data:0.0 Loss:1.7376 Cls Loss:1.6755 Cls Loss Theta:12.9298 Pair Loss:0.0622 KL Loss:60.5668 KLD Theta:60.5668 Recon Loss:0.0001 Acc:0.9596 Theta Acc:0.0018 
=> Test at epoch 20
Extracted features for query set, obtained torch.Size([2228, 702]) matrix
Extracted features for gallery set, obtained torch.Size([17661, 702]) matrix
Extracting features complete in 0m 7s
Distance computing in 0m 0s
Computing CMC and mAP through Classifier
Results ---------------------------------------------------
top1:79.7% top5:88.9% top10:91.2% top20:93.2% mAP:64.1%
-----------------------------------------------------------
Using 0m 2s
=> centroids.dtype: torch.float32
=> Only CVAE KL
=> Use Multivariate Gaussian As the Prior
Epoch:21 Time:34.0 Data:0.0 Loss:1.6711 Cls Loss:1.6129 Cls Loss Theta:12.7731 Pair Loss:0.0582 KL Loss:60.5664 KLD Theta:60.5664 Recon Loss:0.0001 Acc:0.9804 Theta Acc:0.0018 
=> centroids.dtype: torch.float32
=> Only CVAE KL
=> Use Multivariate Gaussian As the Prior
Epoch:22 Time:33.7 Data:0.0 Loss:1.6557 Cls Loss:1.5956 Cls Loss Theta:12.8175 Pair Loss:0.0600 KL Loss:60.5666 KLD Theta:60.5666 Recon Loss:0.0001 Acc:0.9842 Theta Acc:0.0014 
=> centroids.dtype: torch.float32
=> Only CVAE KL
=> Use Multivariate Gaussian As the Prior
Epoch:23 Time:33.7 Data:0.0 Loss:1.6452 Cls Loss:1.5885 Cls Loss Theta:12.8268 Pair Loss:0.0566 KL Loss:60.5664 KLD Theta:60.5664 Recon Loss:0.0001 Acc:0.9850 Theta Acc:0.0014 
=> centroids.dtype: torch.float32
=> Only CVAE KL
=> Use Multivariate Gaussian As the Prior
Epoch:24 Time:33.8 Data:0.0 Loss:1.6392 Cls Loss:1.5829 Cls Loss Theta:12.8354 Pair Loss:0.0564 KL Loss:60.5664 KLD Theta:60.5664 Recon Loss:0.0001 Acc:0.9867 Theta Acc:0.0014 
=> centroids.dtype: torch.float32
=> Only CVAE KL
=> Use Multivariate Gaussian As the Prior
Epoch:25 Time:33.4 Data:0.0 Loss:1.6352 Cls Loss:1.5800 Cls Loss Theta:12.8281 Pair Loss:0.0553 KL Loss:60.5667 KLD Theta:60.5667 Recon Loss:0.0001 Acc:0.9866 Theta Acc:0.0014 
=> Test at epoch 25
Extracted features for query set, obtained torch.Size([2228, 702]) matrix
Extracted features for gallery set, obtained torch.Size([17661, 702]) matrix
Extracting features complete in 0m 7s
Distance computing in 0m 0s
Computing CMC and mAP through Classifier
Results ---------------------------------------------------
top1:79.9% top5:89.0% top10:91.3% top20:93.4% mAP:64.5%
-----------------------------------------------------------
Using 0m 2s
=> centroids.dtype: torch.float32
=> Only CVAE KL
=> Use Multivariate Gaussian As the Prior
Epoch:26 Time:33.7 Data:0.0 Loss:1.6336 Cls Loss:1.5778 Cls Loss Theta:12.8412 Pair Loss:0.0558 KL Loss:60.5665 KLD Theta:60.5665 Recon Loss:0.0001 Acc:0.9867 Theta Acc:0.0014 
=> centroids.dtype: torch.float32
=> Only CVAE KL
=> Use Multivariate Gaussian As the Prior
Epoch:27 Time:33.8 Data:0.0 Loss:1.6289 Cls Loss:1.5739 Cls Loss Theta:12.8334 Pair Loss:0.0550 KL Loss:60.5664 KLD Theta:60.5664 Recon Loss:0.0001 Acc:0.9875 Theta Acc:0.0014 
=> centroids.dtype: torch.float32
=> Only CVAE KL
=> Use Multivariate Gaussian As the Prior
Epoch:28 Time:38.3 Data:0.0 Loss:1.6246 Cls Loss:1.5721 Cls Loss Theta:12.8261 Pair Loss:0.0525 KL Loss:60.5665 KLD Theta:60.5665 Recon Loss:0.0001 Acc:0.9879 Theta Acc:0.0014 
=> centroids.dtype: torch.float32
=> Only CVAE KL
=> Use Multivariate Gaussian As the Prior
Epoch:29 Time:51.9 Data:0.0 Loss:1.6203 Cls Loss:1.5690 Cls Loss Theta:12.8046 Pair Loss:0.0513 KL Loss:60.5666 KLD Theta:60.5666 Recon Loss:0.0001 Acc:0.9870 Theta Acc:0.0014 
=> centroids.dtype: torch.float32
=> Only CVAE KL
=> Use Multivariate Gaussian As the Prior
Epoch:30 Time:72.9 Data:0.0 Loss:1.6174 Cls Loss:1.5666 Cls Loss Theta:12.7776 Pair Loss:0.0508 KL Loss:60.5668 KLD Theta:60.5668 Recon Loss:0.0001 Acc:0.9882 Theta Acc:0.0014 
=> Test at epoch 30
Extracted features for query set, obtained torch.Size([2228, 702]) matrix
Extracted features for gallery set, obtained torch.Size([17661, 702]) matrix
Extracting features complete in 0m 11s
Distance computing in 0m 1s
Computing CMC and mAP through Classifier
Results ---------------------------------------------------
top1:80.4% top5:89.1% top10:91.7% top20:93.6% mAP:64.8%
-----------------------------------------------------------
Using 0m 3s
=> centroids.dtype: torch.float32
=> Only CVAE KL
=> Use Multivariate Gaussian As the Prior
Epoch:31 Time:74.2 Data:0.0 Loss:1.6167 Cls Loss:1.5646 Cls Loss Theta:12.7864 Pair Loss:0.0522 KL Loss:60.5666 KLD Theta:60.5666 Recon Loss:0.0001 Acc:0.9879 Theta Acc:0.0014 
=> centroids.dtype: torch.float32
=> Only CVAE KL
=> Use Multivariate Gaussian As the Prior
Epoch:32 Time:72.8 Data:0.0 Loss:1.6119 Cls Loss:1.5619 Cls Loss Theta:12.7529 Pair Loss:0.0500 KL Loss:60.5667 KLD Theta:60.5667 Recon Loss:0.0001 Acc:0.9883 Theta Acc:0.0014 
=> centroids.dtype: torch.float32
=> Only CVAE KL
=> Use Multivariate Gaussian As the Prior
Epoch:33 Time:71.2 Data:0.0 Loss:1.6081 Cls Loss:1.5590 Cls Loss Theta:12.7597 Pair Loss:0.0491 KL Loss:60.5665 KLD Theta:60.5665 Recon Loss:0.0001 Acc:0.9890 Theta Acc:0.0014 
=> centroids.dtype: torch.float32
=> Only CVAE KL
=> Use Multivariate Gaussian As the Prior
Epoch:34 Time:73.3 Data:0.0 Loss:1.6034 Cls Loss:1.5566 Cls Loss Theta:12.7415 Pair Loss:0.0468 KL Loss:60.5669 KLD Theta:60.5669 Recon Loss:0.0001 Acc:0.9887 Theta Acc:0.0014 
=> centroids.dtype: torch.float32
=> Only CVAE KL
=> Use Multivariate Gaussian As the Prior
Epoch:35 Time:72.8 Data:0.0 Loss:1.6042 Cls Loss:1.5546 Cls Loss Theta:12.7178 Pair Loss:0.0496 KL Loss:60.5665 KLD Theta:60.5665 Recon Loss:0.0001 Acc:0.9894 Theta Acc:0.0014 
=> Test at epoch 35
Extracted features for query set, obtained torch.Size([2228, 702]) matrix
Extracted features for gallery set, obtained torch.Size([17661, 702]) matrix
Extracting features complete in 0m 11s
Distance computing in 0m 1s
Computing CMC and mAP through Classifier
Results ---------------------------------------------------
top1:80.7% top5:89.3% top10:91.7% top20:93.9% mAP:65.2%
-----------------------------------------------------------
Using 0m 3s
=> centroids.dtype: torch.float32
=> Only CVAE KL
=> Use Multivariate Gaussian As the Prior
Epoch:36 Time:75.3 Data:0.0 Loss:1.5989 Cls Loss:1.5523 Cls Loss Theta:12.7102 Pair Loss:0.0465 KL Loss:60.5669 KLD Theta:60.5669 Recon Loss:0.0001 Acc:0.9890 Theta Acc:0.0014 
=> centroids.dtype: torch.float32
=> Only CVAE KL
=> Use Multivariate Gaussian As the Prior
Epoch:37 Time:73.4 Data:0.0 Loss:1.5985 Cls Loss:1.5503 Cls Loss Theta:12.6950 Pair Loss:0.0482 KL Loss:60.5668 KLD Theta:60.5668 Recon Loss:0.0001 Acc:0.9892 Theta Acc:0.0014 
=> centroids.dtype: torch.float32
=> Only CVAE KL
=> Use Multivariate Gaussian As the Prior
Epoch:38 Time:72.1 Data:0.0 Loss:1.5942 Cls Loss:1.5479 Cls Loss Theta:12.6937 Pair Loss:0.0463 KL Loss:60.5666 KLD Theta:60.5666 Recon Loss:0.0001 Acc:0.9898 Theta Acc:0.0014 
=> centroids.dtype: torch.float32
=> Only CVAE KL
=> Use Multivariate Gaussian As the Prior
Epoch:39 Time:72.9 Data:0.0 Loss:1.5927 Cls Loss:1.5459 Cls Loss Theta:12.6575 Pair Loss:0.0468 KL Loss:60.5667 KLD Theta:60.5667 Recon Loss:0.0001 Acc:0.9903 Theta Acc:0.0014 
=> centroids.dtype: torch.float32
=> Only CVAE KL
=> Use Multivariate Gaussian As the Prior
Epoch:40 Time:74.6 Data:0.0 Loss:1.5898 Cls Loss:1.5437 Cls Loss Theta:12.6702 Pair Loss:0.0462 KL Loss:60.5668 KLD Theta:60.5668 Recon Loss:0.0001 Acc:0.9901 Theta Acc:0.0014 
=> Test at epoch 40
Extracted features for query set, obtained torch.Size([2228, 702]) matrix
Extracted features for gallery set, obtained torch.Size([17661, 702]) matrix
Extracting features complete in 0m 11s
Distance computing in 0m 1s
Computing CMC and mAP through Classifier
Results ---------------------------------------------------
top1:81.0% top5:89.5% top10:91.8% top20:93.9% mAP:65.5%
-----------------------------------------------------------
Using 0m 3s
=> centroids.dtype: torch.float32
=> Only CVAE KL
=> Use Multivariate Gaussian As the Prior
Epoch:41 Time:72.7 Data:0.0 Loss:1.5786 Cls Loss:1.5353 Cls Loss Theta:12.6582 Pair Loss:0.0433 KL Loss:60.5668 KLD Theta:60.5668 Recon Loss:0.0001 Acc:0.9909 Theta Acc:0.0014 
=> centroids.dtype: torch.float32
=> Only CVAE KL
=> Use Multivariate Gaussian As the Prior
Epoch:42 Time:73.7 Data:0.0 Loss:1.5811 Cls Loss:1.5354 Cls Loss Theta:12.6528 Pair Loss:0.0458 KL Loss:60.5669 KLD Theta:60.5669 Recon Loss:0.0001 Acc:0.9907 Theta Acc:0.0014 
=> centroids.dtype: torch.float32
=> Only CVAE KL
=> Use Multivariate Gaussian As the Prior
Epoch:43 Time:72.4 Data:0.0 Loss:1.5804 Cls Loss:1.5351 Cls Loss Theta:12.6445 Pair Loss:0.0453 KL Loss:60.5665 KLD Theta:60.5665 Recon Loss:0.0001 Acc:0.9906 Theta Acc:0.0014 
=> centroids.dtype: torch.float32
=> Only CVAE KL
=> Use Multivariate Gaussian As the Prior
Epoch:44 Time:72.4 Data:0.0 Loss:1.5806 Cls Loss:1.5353 Cls Loss Theta:12.6419 Pair Loss:0.0453 KL Loss:60.5668 KLD Theta:60.5668 Recon Loss:0.0001 Acc:0.9907 Theta Acc:0.0014 
=> centroids.dtype: torch.float32
=> Only CVAE KL
=> Use Multivariate Gaussian As the Prior
Epoch:45 Time:73.8 Data:0.0 Loss:1.5794 Cls Loss:1.5343 Cls Loss Theta:12.6406 Pair Loss:0.0451 KL Loss:60.5664 KLD Theta:60.5664 Recon Loss:0.0001 Acc:0.9914 Theta Acc:0.0014 
=> Test at epoch 45
Extracted features for query set, obtained torch.Size([2228, 702]) matrix
Extracted features for gallery set, obtained torch.Size([17661, 702]) matrix
Extracting features complete in 0m 12s
Distance computing in 0m 1s
Computing CMC and mAP through Classifier
Results ---------------------------------------------------
top1:80.9% top5:89.5% top10:91.8% top20:93.9% mAP:65.5%
-----------------------------------------------------------
Using 0m 3s
=> centroids.dtype: torch.float32
=> Only CVAE KL
=> Use Multivariate Gaussian As the Prior
Epoch:46 Time:71.9 Data:0.0 Loss:1.5791 Cls Loss:1.5334 Cls Loss Theta:12.6369 Pair Loss:0.0457 KL Loss:60.5663 KLD Theta:60.5663 Recon Loss:0.0001 Acc:0.9912 Theta Acc:0.0014 
=> centroids.dtype: torch.float32
=> Only CVAE KL
=> Use Multivariate Gaussian As the Prior
Epoch:47 Time:73.6 Data:0.0 Loss:1.5778 Cls Loss:1.5339 Cls Loss Theta:12.6354 Pair Loss:0.0439 KL Loss:60.5663 KLD Theta:60.5663 Recon Loss:0.0001 Acc:0.9911 Theta Acc:0.0014 
=> centroids.dtype: torch.float32
=> Only CVAE KL
=> Use Multivariate Gaussian As the Prior
Epoch:48 Time:72.4 Data:0.0 Loss:1.5782 Cls Loss:1.5339 Cls Loss Theta:12.6332 Pair Loss:0.0444 KL Loss:60.5663 KLD Theta:60.5663 Recon Loss:0.0001 Acc:0.9913 Theta Acc:0.0014 
=> centroids.dtype: torch.float32
=> Only CVAE KL
=> Use Multivariate Gaussian As the Prior
Epoch:49 Time:72.6 Data:0.0 Loss:1.5763 Cls Loss:1.5336 Cls Loss Theta:12.6318 Pair Loss:0.0427 KL Loss:60.5668 KLD Theta:60.5668 Recon Loss:0.0001 Acc:0.9908 Theta Acc:0.0014 
=> centroids.dtype: torch.float32
=> Only CVAE KL
=> Use Multivariate Gaussian As the Prior
Epoch:50 Time:72.2 Data:0.0 Loss:1.5765 Cls Loss:1.5327 Cls Loss Theta:12.6302 Pair Loss:0.0438 KL Loss:60.5665 KLD Theta:60.5665 Recon Loss:0.0001 Acc:0.9915 Theta Acc:0.0014 
=> Test at epoch 50
Extracted features for query set, obtained torch.Size([2228, 702]) matrix
Extracted features for gallery set, obtained torch.Size([17661, 702]) matrix
Extracting features complete in 0m 11s
Distance computing in 0m 1s
Computing CMC and mAP through Classifier
Results ---------------------------------------------------
top1:80.9% top5:89.5% top10:91.8% top20:93.9% mAP:65.6%
-----------------------------------------------------------
Using 0m 3s
=> centroids.dtype: torch.float32
=> Only CVAE KL
=> Use Multivariate Gaussian As the Prior
Epoch:51 Time:74.4 Data:0.0 Loss:1.5748 Cls Loss:1.5321 Cls Loss Theta:12.6282 Pair Loss:0.0427 KL Loss:60.5662 KLD Theta:60.5662 Recon Loss:0.0001 Acc:0.9909 Theta Acc:0.0014 
=> centroids.dtype: torch.float32
=> Only CVAE KL
=> Use Multivariate Gaussian As the Prior
Epoch:52 Time:74.2 Data:0.0 Loss:1.5744 Cls Loss:1.5328 Cls Loss Theta:12.6285 Pair Loss:0.0416 KL Loss:60.5665 KLD Theta:60.5665 Recon Loss:0.0001 Acc:0.9912 Theta Acc:0.0014 
=> centroids.dtype: torch.float32
=> Only CVAE KL
=> Use Multivariate Gaussian As the Prior
Epoch:53 Time:71.8 Data:0.0 Loss:1.5745 Cls Loss:1.5321 Cls Loss Theta:12.6231 Pair Loss:0.0424 KL Loss:60.5667 KLD Theta:60.5667 Recon Loss:0.0001 Acc:0.9910 Theta Acc:0.0014 
=> centroids.dtype: torch.float32
=> Only CVAE KL
=> Use Multivariate Gaussian As the Prior
Epoch:54 Time:69.9 Data:0.0 Loss:1.5733 Cls Loss:1.5323 Cls Loss Theta:12.6202 Pair Loss:0.0410 KL Loss:60.5666 KLD Theta:60.5666 Recon Loss:0.0001 Acc:0.9914 Theta Acc:0.0014 
=> centroids.dtype: torch.float32
=> Only CVAE KL
=> Use Multivariate Gaussian As the Prior
Epoch:55 Time:73.8 Data:0.0 Loss:1.5753 Cls Loss:1.5321 Cls Loss Theta:12.6215 Pair Loss:0.0431 KL Loss:60.5669 KLD Theta:60.5669 Recon Loss:0.0001 Acc:0.9913 Theta Acc:0.0014 
=> Test at epoch 55
Extracted features for query set, obtained torch.Size([2228, 702]) matrix
Extracted features for gallery set, obtained torch.Size([17661, 702]) matrix
Extracting features complete in 0m 12s
Distance computing in 0m 1s
Computing CMC and mAP through Classifier
Results ---------------------------------------------------
top1:81.0% top5:89.5% top10:91.8% top20:93.9% mAP:65.6%
-----------------------------------------------------------
Using 0m 3s
=> centroids.dtype: torch.float32
=> Only CVAE KL
=> Use Multivariate Gaussian As the Prior
Epoch:56 Time:73.4 Data:0.0 Loss:1.5751 Cls Loss:1.5317 Cls Loss Theta:12.6209 Pair Loss:0.0434 KL Loss:60.5666 KLD Theta:60.5666 Recon Loss:0.0001 Acc:0.9912 Theta Acc:0.0014 
=> centroids.dtype: torch.float32
=> Only CVAE KL
=> Use Multivariate Gaussian As the Prior
Epoch:57 Time:72.8 Data:0.0 Loss:1.5749 Cls Loss:1.5313 Cls Loss Theta:12.6142 Pair Loss:0.0436 KL Loss:60.5668 KLD Theta:60.5668 Recon Loss:0.0001 Acc:0.9916 Theta Acc:0.0014 
=> centroids.dtype: torch.float32
=> Only CVAE KL
=> Use Multivariate Gaussian As the Prior
Epoch:58 Time:72.6 Data:0.0 Loss:1.5769 Cls Loss:1.5316 Cls Loss Theta:12.6188 Pair Loss:0.0453 KL Loss:60.5666 KLD Theta:60.5666 Recon Loss:0.0001 Acc:0.9908 Theta Acc:0.0014 
=> centroids.dtype: torch.float32
=> Only CVAE KL
=> Use Multivariate Gaussian As the Prior
Epoch:59 Time:72.5 Data:0.0 Loss:1.5749 Cls Loss:1.5309 Cls Loss Theta:12.6141 Pair Loss:0.0440 KL Loss:60.5667 KLD Theta:60.5667 Recon Loss:0.0001 Acc:0.9913 Theta Acc:0.0014 
=> centroids.dtype: torch.float32
=> Only CVAE KL
=> Use Multivariate Gaussian As the Prior
Epoch:60 Time:74.0 Data:0.0 Loss:1.5751 Cls Loss:1.5311 Cls Loss Theta:12.6151 Pair Loss:0.0439 KL Loss:60.5665 KLD Theta:60.5665 Recon Loss:0.0001 Acc:0.9911 Theta Acc:0.0014 
=> Test at epoch 60
Extracted features for query set, obtained torch.Size([2228, 702]) matrix
Extracted features for gallery set, obtained torch.Size([17661, 702]) matrix
Extracting features complete in 0m 11s
Distance computing in 0m 1s
Computing CMC and mAP through Classifier
Results ---------------------------------------------------
top1:81.0% top5:89.6% top10:91.8% top20:94.0% mAP:65.6%
-----------------------------------------------------------
Using 0m 3s
=> Best Rank-1 83.8% achieved at epoch 10
Finished. Total elapsed time (h:m:s): 0:57:25. Training time (h:m:s): 0:54:48.
Shutting down background jobs, please wait a moment...
Done!
Waiting for the remaining 20 operations to synchronize with Neptune. Do not kill this process.
All 20 operations synced, thanks for waiting!
Explore the metadata in the Neptune app:
https://app.neptune.ai/Zhengwei-Lab/NIPSTransferReID/e/NIPS-523/metadata
