https://app.neptune.ai/Zhengwei-Lab/NIPSTransferReID/e/NIPS-560
=> merge config from ./configs/transreid_cvae_stage2.yaml
Use only x as input for flow model
Use original kl loss for cvae model
Use centroid as domain embedding
/home/zhengwei/Desktop/Zhengwei/Projects/CVAE/main.py:94: NeptuneUnsupportedType: You're attempting to log a type that is not directly supported by Neptune (<class 'list'>).
        Convert the value to a supported type, such as a string or float, or use stringify_unsupported(obj)
        for dictionaries or collections that contain unsupported values.
        For more, see https://docs.neptune.ai/help/value_of_unsupported_type
  run["parameters"] = param
=> Configurations:
-------------------------
AMP: True
AUG:
  RC_PROB: 0.5
  RE_PROB: 0.5
DATA:
  CUHK03_CLASSIC_SPLIT: False
  CUHK03_LABELED: False
  DATASET: duke
  FORMAT_TAG: tensor
  HEIGHT: 256
  NUM_INSTANCES: 4
  NUM_WORKERS: 4
  ROOT: /home/zhengwei/Desktop/Zhengwei/Projects/datasets
  SPLIT_ID: 0
  TEST_BATCH: 512
  TRAIN_BATCH: 64
  TRAIN_FORMAT: base
  WIDTH: 128
EVAL_MODE: False
GPU: 0
LOSS:
  CLA_LOSS: crossentropylabelsmooth
  CLA_M: 0.0
  CLA_S: 16.0
  PAIR_LOSS: triplet
  PAIR_M: 0.3
  PAIR_S: 16.0
  RECON_LOSS: mse
MODEL:
  CONDITIONAL: False
  FEATURE_DIM: 768
  FEAT_FUSION: True
  FLOW_TYPE: yuke_mlpflow
  GAUSSIAN: MultivariateNormal
  LATENT_SIZE: 64
  NAME: CVAE
  ONLY_CVAE_KL: True
  ONLY_X_INPUT: True
  PRETRAIN: Transreid
  RES4_STRIDE: 1
  RESUME: 
  TRAIN_STAGE: encoder_only
  USE_CENTROID: True
  VAE_TYPE: cvae
OUTPUT: ./outputs/duke/transreid_cvae/2024-04-15/encoder_fp32_l4vaeleakRelu_64z_norm_1e3_yuke_mlpflow_mse
SAVED_NAME: encoder_fp32_l4vaeleakRelu_64z_norm_1e3
SEED: 0
TAG: transreid_cvae
TEST:
  DISTANCE: cosine
  EVAL_STEP: 5
  START_EVAL: -1
TRAIN:
  AMP: False
  LR_SCHEDULER:
    DECAY_RATE: 0.1
    NAME: MultiStepLR
    STEPSIZE: [20, 40]
  MAX_EPOCH: 60
  OPTIMIZER:
    LR: 0.001
    NAME: adam
    WEIGHT_DECAY: 0.0001
  START_EPOCH: 0Warning: string series 'monitoring/e8d5dcc7/stdout' value was longer than 1000 characters and was truncated. This warning is printed only once per series.

----------------------
Initializing dataset duke
Loading cluster results from '/home/zhengwei/Desktop/Zhengwei/Projects/datasets/DukeMTMC-reID/kmeans_results/Transreid/train_all_129k_euclidean.pt'
Clustering stastistics: [(0, 94), (1, 46), (2, 108), (3, 108), (4, 181), (5, 89), (6, 163), (7, 137), (8, 177), (9, 135), (10, 165), (11, 82), (12, 196), (13, 206), (14, 214), (15, 115), (16, 163), (17, 113), (18, 127), (19, 62), (20, 163), (21, 110), (22, 176), (23, 149), (24, 52), (25, 132), (26, 186), (27, 94), (28, 55), (29, 162), (30, 203), (31, 99), (32, 136), (33, 82), (34, 188), (35, 141), (36, 191), (37, 76), (38, 152), (39, 169), (40, 106), (41, 115), (42, 120), (43, 111), (44, 137), (45, 132), (46, 59), (47, 87), (48, 69), (49, 61), (50, 142), (51, 263), (52, 166), (53, 76), (54, 206), (55, 148), (56, 94), (57, 185), (58, 53), (59, 147), (60, 166), (61, 134), (62, 114), (63, 136), (64, 149), (65, 40), (66, 145), (67, 138), (68, 114), (69, 83), (70, 90), (71, 82), (72, 126), (73, 110), (74, 103), (75, 126), (76, 83), (77, 99), (78, 70), (79, 74), (80, 91), (81, 115), (82, 85), (83, 86), (84, 172), (85, 102), (86, 74), (87, 86), (88, 108), (89, 211), (90, 80), (91, 75), (92, 108), (93, 289), (94, 75), (95, 199), (96, 144), (97, 114), (98, 150), (99, 154), (100, 109), (101, 217), (102, 163), (103, 114), (104, 333), (105, 125), (106, 161), (107, 121), (108, 160), (109, 110), (110, 130), (111, 132), (112, 150), (113, 237), (114, 44), (115, 82), (116, 58), (117, 184), (118, 89), (119, 192), (120, 67), (121, 94), (122, 147), (123, 146), (124, 116), (125, 127), (126, 146), (127, 79), (128, 115)]
Loading cluster results from '/home/zhengwei/Desktop/Zhengwei/Projects/datasets/DukeMTMC-reID/kmeans_results/Transreid/query_129k_euclidean.pt'
Clustering stastistics: [(0, 8), (1, 9), (2, 13), (3, 25), (4, 24), (5, 27), (6, 24), (7, 15), (8, 33), (9, 18), (10, 14), (11, 11), (12, 27), (13, 23), (14, 16), (15, 28), (16, 22), (17, 27), (18, 31), (19, 12), (20, 15), (21, 37), (22, 11), (23, 15), (24, 32), (25, 9), (26, 26), (27, 13), (28, 28), (29, 8), (30, 17), (31, 10), (32, 10), (33, 19), (34, 15), (35, 11), (36, 21), (37, 14), (38, 38), (39, 15), (40, 11), (41, 11), (42, 10), (43, 10), (44, 15), (45, 23), (46, 16), (47, 14), (48, 11), (49, 15), (50, 19), (51, 11), (52, 18), (53, 31), (54, 15), (55, 16), (56, 21), (57, 21), (58, 16), (59, 12), (60, 20), (61, 13), (62, 17), (63, 17), (64, 13), (65, 12), (66, 7), (67, 5), (68, 22), (69, 8), (70, 21), (71, 8), (72, 18), (73, 12), (74, 31), (75, 9), (76, 8), (77, 9), (78, 37), (79, 6), (80, 6), (81, 32), (82, 19), (83, 32), (84, 20), (85, 12), (86, 14), (87, 12), (88, 17), (89, 23), (90, 4), (91, 21), (92, 12), (93, 11), (94, 16), (95, 46), (96, 16), (97, 13), (98, 15), (99, 16), (100, 5), (101, 9), (102, 21), (103, 7), (104, 5), (105, 28), (106, 19), (107, 26), (108, 31), (109, 19), (110, 19), (111, 7), (112, 18), (113, 16), (114, 13), (115, 20), (116, 21), (117, 13), (118, 30), (119, 11), (120, 12), (121, 19), (122, 10), (123, 15), (124, 20), (125, 20), (126, 21), (127, 26), (128, 10)]
Loading cluster results from '/home/zhengwei/Desktop/Zhengwei/Projects/datasets/DukeMTMC-reID/kmeans_results/Transreid/gallery_129k_euclidean.pt'
Clustering stastistics: [(0, 149), (1, 117), (2, 80), (3, 152), (4, 135), (5, 173), (6, 118), (7, 69), (8, 156), (9, 153), (10, 219), (11, 111), (12, 165), (13, 160), (14, 138), (15, 111), (16, 72), (17, 144), (18, 189), (19, 111), (20, 177), (21, 211), (22, 88), (23, 54), (24, 128), (25, 34), (26, 247), (27, 84), (28, 121), (29, 122), (30, 100), (31, 240), (32, 171), (33, 124), (34, 178), (35, 157), (36, 67), (37, 96), (38, 205), (39, 51), (40, 60), (41, 39), (42, 141), (43, 116), (44, 213), (45, 148), (46, 136), (47, 160), (48, 200), (49, 88), (50, 81), (51, 222), (52, 131), (53, 222), (54, 145), (55, 195), (56, 128), (57, 118), (58, 142), (59, 52), (60, 259), (61, 55), (62, 127), (63, 113), (64, 72), (65, 91), (66, 78), (67, 218), (68, 95), (69, 76), (70, 102), (71, 112), (72, 97), (73, 63), (74, 131), (75, 150), (76, 139), (77, 117), (78, 221), (79, 149), (80, 217), (81, 47), (82, 233), (83, 156), (84, 94), (85, 126), (86, 91), (87, 183), (88, 166), (89, 170), (90, 97), (91, 220), (92, 164), (93, 182), (94, 252), (95, 126), (96, 150), (97, 154), (98, 337), (99, 203), (100, 157), (101, 155), (102, 165), (103, 51), (104, 86), (105, 141), (106, 64), (107, 85), (108, 161), (109, 119), (110, 50), (111, 239), (112, 110), (113, 99), (114, 179), (115, 122), (116, 85), (117, 131), (118, 92), (119, 222), (120, 131), (121, 230), (122, 121), (123, 103), (124, 43), (125, 128), (126, 181), (127, 117), (128, 147)]
=> DukeMTMC-reID tensor loaded
Dataset statistics:
  ------------------------------
  subset   | # ids | # images
  ------------------------------
  train    |   702 |    16522
  query    |   702 |     2228
  gallery  |  1110 |    17661
  ------------------------------
  total    |  1404 |    36411
  ------------------------------
Initializing Flow model: yuke_mlpflow
Initializing vae model: cvae
Model size: 2.03162M
Using MLPClassBlock with hiidem_dim_list: [64, 128, 256, 512]
Classifier size: 0.53555M
=> Start training
=> centroids.dtype: torch.float32
=> Only CVAE KL
=> Use Multivariate Gaussian As the Prior
domian_feature+Z: tensor([[ 0.1744,  0.0845,  0.2521,  0.0998,  0.0096, -0.0831, -0.0282, -0.0860,
         -0.1766,  0.1528],
        [ 0.1744,  0.0845,  0.2521,  0.0998,  0.0096, -0.0831, -0.0282, -0.0860,
         -0.1766, -0.0245]], device='cuda:0', grad_fn=<SliceBackward0>)
Epoch:1 Time:137.9 Data:0.0 Loss:3.4542 Cls Loss:6.3087 Cls Loss Theta:6.4283 Pair Loss:0.2998 KL Loss:63.5234 KLD Theta:63.5234 Recon Loss:0.0026 Acc:0.0244 Theta Acc:0.0200 
=> centroids.dtype: torch.float32
=> Only CVAE KL
=> Use Multivariate Gaussian As the Prior
domian_feature+Z: tensor([[ 0.1963, -0.0531, -0.1552,  0.1090, -0.0416, -0.0300, -0.0482, -0.1054,
         -0.0478,  0.1658],
        [ 0.1963, -0.0531, -0.1552,  0.1090, -0.0416, -0.0300, -0.0482, -0.1054,
         -0.0478, -0.0285]], device='cuda:0', grad_fn=<SliceBackward0>)
Epoch:2 Time:101.5 Data:0.0 Loss:3.3097 Cls Loss:6.0329 Cls Loss Theta:6.3950 Pair Loss:0.2933 KL Loss:86.8657 KLD Theta:86.8657 Recon Loss:0.0025 Acc:0.0430 Theta Acc:0.0160 
=> centroids.dtype: torch.float32
=> Only CVAE KL
=> Use Multivariate Gaussian As the Prior
domian_feature+Z: tensor([[ 0.0187,  0.2970, -0.1230,  0.0978, -0.1220,  0.0335, -0.1260, -0.1063,
          0.1163,  0.0222],
        [ 0.0187,  0.2970, -0.1230,  0.0978, -0.1220,  0.0335, -0.1260, -0.1063,
          0.1163, -0.0495]], device='cuda:0', grad_fn=<SliceBackward0>)
Epoch:3 Time:100.3 Data:0.0 Loss:3.2350 Cls Loss:5.8950 Cls Loss Theta:6.4076 Pair Loss:0.2875 KL Loss:125.7454 KLD Theta:125.7454 Recon Loss:0.0026 Acc:0.0434 Theta Acc:0.0106 
=> centroids.dtype: torch.float32
=> Only CVAE KL
=> Use Multivariate Gaussian As the Prior
domian_feature+Z: tensor([[ 0.0217,  0.0658,  0.1430, -0.0073,  0.0482, -0.1552, -0.0889, -0.0150,
          0.0081,  0.1907],
        [ 0.0217,  0.0658,  0.1430, -0.0073,  0.0482, -0.1552, -0.0889, -0.0150,
          0.0081, -0.0224]], device='cuda:0', grad_fn=<SliceBackward0>)
Epoch:4 Time:104.1 Data:0.0 Loss:3.2243 Cls Loss:5.8701 Cls Loss Theta:6.4131 Pair Loss:0.2892 KL Loss:248.6931 KLD Theta:248.6931 Recon Loss:0.0025 Acc:0.0445 Theta Acc:0.0120 
=> centroids.dtype: torch.float32
=> Only CVAE KL
=> Use Multivariate Gaussian As the Prior
domian_feature+Z: tensor([[ 0.0993,  0.1973,  0.0816,  0.1683, -0.1438, -0.0054, -0.0811, -0.0988,
         -0.1552,  0.1624],
        [ 0.0993,  0.1973,  0.0816,  0.1683, -0.1438, -0.0054, -0.0811, -0.0988,
         -0.1552, -0.0187]], device='cuda:0', grad_fn=<SliceBackward0>)
Epoch:5 Time:104.9 Data:0.0 Loss:3.1921 Cls Loss:5.8163 Cls Loss Theta:6.4178 Pair Loss:0.2839 KL Loss:268.6046 KLD Theta:268.6046 Recon Loss:0.0025 Acc:0.0441 Theta Acc:0.0082 
=> Test at epoch 5
Extracted features for query set, obtained torch.Size([2228, 702]) matrix
Extracted features for gallery set, obtained torch.Size([17661, 702]) matrix
Extracting features complete in 0m 12s
Distance computing in 0m 1s
Computing CMC and mAP through Classifier
Results ---------------------------------------------------
top1:1.8% top5:6.6% top10:10.5% top20:15.8% mAP:1.1%
-----------------------------------------------------------
Using 0m 3s
=> centroids.dtype: torch.float32
=> Only CVAE KL
=> Use Multivariate Gaussian As the Prior
domian_feature+Z: tensor([[ 0.3840,  0.1272,  0.1166,  0.0355, -0.0082, -0.0381, -0.0217, -0.1022,
         -0.2261, -0.0181],
        [ 0.3840,  0.1272,  0.1166,  0.0355, -0.0082, -0.0381, -0.0217, -0.1022,
         -0.2261, -0.0456]], device='cuda:0', grad_fn=<SliceBackward0>)
Epoch:6 Time:100.9 Data:0.0 Loss:3.0872 Cls Loss:5.6251 Cls Loss Theta:6.4104 Pair Loss:0.2747 KL Loss:344.0617 KLD Theta:344.0617 Recon Loss:0.0026 Acc:0.0620 Theta Acc:0.0077 
=> centroids.dtype: torch.float32
=> Only CVAE KL
=> Use Multivariate Gaussian As the Prior
domian_feature+Z: tensor([[ 0.0882,  0.1908,  0.0443,  0.0178,  0.0565,  0.0015, -0.0535, -0.2011,
         -0.0915,  0.2144],
        [ 0.0882,  0.1908,  0.0443,  0.0178,  0.0565,  0.0015, -0.0535, -0.2011,
         -0.0915, -0.0126]], device='cuda:0', grad_fn=<SliceBackward0>)
Epoch:7 Time:101.7 Data:0.0 Loss:2.9946 Cls Loss:5.4529 Cls Loss Theta:6.4819 Pair Loss:0.2681 KL Loss:354.8772 KLD Theta:354.8772 Recon Loss:0.0026 Acc:0.1009 Theta Acc:0.0069 
=> centroids.dtype: torch.float32
=> Only CVAE KL
=> Use Multivariate Gaussian As the Prior
domian_feature+Z: tensor([[ 0.0282,  0.1831,  0.1321, -0.1907,  0.0151, -0.1151, -0.1848,  0.0816,
         -0.1379, -0.0210],
        [ 0.0282,  0.1831,  0.1321, -0.1907,  0.0151, -0.1151, -0.1848,  0.0816,
         -0.1379, -0.0075]], device='cuda:0', grad_fn=<SliceBackward0>)
Epoch:8 Time:101.8 Data:0.0 Loss:2.9222 Cls Loss:5.3064 Cls Loss Theta:6.6296 Pair Loss:0.2690 KL Loss:409.1546 KLD Theta:409.1546 Recon Loss:0.0026 Acc:0.1246 Theta Acc:0.0092 
=> centroids.dtype: torch.float32
=> Only CVAE KL
=> Use Multivariate Gaussian As the Prior
domian_feature+Z: tensor([[ 0.1500,  0.2371, -0.0070,  0.1453,  0.0307, -0.0835,  0.0733, -0.0168,
         -0.2246, -0.0121],
        [ 0.1500,  0.2371, -0.0070,  0.1453,  0.0307, -0.0835,  0.0733, -0.0168,
         -0.2246, -0.0040]], device='cuda:0', grad_fn=<SliceBackward0>)
Epoch:9 Time:104.7 Data:0.0 Loss:2.8106 Cls Loss:5.1052 Cls Loss Theta:6.6175 Pair Loss:0.2580 KL Loss:362.9891 KLD Theta:362.9891 Recon Loss:0.0026 Acc:0.1460 Theta Acc:0.0099 
=> centroids.dtype: torch.float32
=> Only CVAE KL
=> Use Multivariate Gaussian As the Prior
domian_feature+Z: tensor([[ 0.0916,  0.2190,  0.2383, -0.1137, -0.1526, -0.0563, -0.0541, -0.0844,
         -0.0326,  0.2141],
        [ 0.0916,  0.2190,  0.2383, -0.1137, -0.1526, -0.0563, -0.0541, -0.0844,
         -0.0326, -0.0195]], device='cuda:0', grad_fn=<SliceBackward0>)
Epoch:10 Time:104.5 Data:0.0 Loss:2.6700 Cls Loss:4.8358 Cls Loss Theta:6.6645 Pair Loss:0.2522 KL Loss:339.5199 KLD Theta:339.5199 Recon Loss:0.0026 Acc:0.1707 Theta Acc:0.0115 
=> Test at epoch 10
Extracted features for query set, obtained torch.Size([2228, 702]) matrix
Extracted features for gallery set, obtained torch.Size([17661, 702]) matrix
Extracting features complete in 0m 12s
Distance computing in 0m 1s
Computing CMC and mAP through Classifier
Results ---------------------------------------------------
top1:4.4% top5:13.3% top10:21.5% top20:30.0% mAP:3.1%
-----------------------------------------------------------
Using 0m 3s
=> centroids.dtype: torch.float32
=> Only CVAE KL
=> Use Multivariate Gaussian As the Prior
domian_feature+Z: tensor([[ 0.1130,  0.2737,  0.0461, -0.0248,  0.1470,  0.0295, -0.1243, -0.1077,
         -0.2099,  0.0910],
        [ 0.1130,  0.2737,  0.0461, -0.0248,  0.1470,  0.0295, -0.1243, -0.1077,
         -0.2099, -0.0090]], device='cuda:0', grad_fn=<SliceBackward0>)
Epoch:11 Time:101.9 Data:0.0 Loss:2.4450 Cls Loss:4.4186 Cls Loss Theta:6.8750 Pair Loss:0.2357 KL Loss:307.9704 KLD Theta:307.9704 Recon Loss:0.0026 Acc:0.1990 Theta Acc:0.0124 
=> centroids.dtype: torch.float32
=> Only CVAE KL
=> Use Multivariate Gaussian As the Prior
domian_feature+Z: tensor([[ 0.1596,  0.2312,  0.3565, -0.1078, -0.0104,  0.0463,  0.0109,  0.0443,
          0.0278,  0.0874],
        [ 0.1596,  0.2312,  0.3565, -0.1078, -0.0104,  0.0463,  0.0109,  0.0443,
          0.0278, -0.0261]], device='cuda:0', grad_fn=<SliceBackward0>)
Epoch:12 Time:101.0 Data:0.0 Loss:2.2024 Cls Loss:3.9823 Cls Loss Theta:7.0750 Pair Loss:0.2112 KL Loss:381.7778 KLD Theta:381.7778 Recon Loss:0.0026 Acc:0.2333 Theta Acc:0.0049 
=> centroids.dtype: torch.float32
=> Only CVAE KL
=> Use Multivariate Gaussian As the Prior
domian_feature+Z: tensor([[ 0.0455,  0.2642,  0.1428,  0.0313,  0.0030, -0.1621, -0.0225, -0.2155,
          0.1214, -0.0262],
        [ 0.0455,  0.2642,  0.1428,  0.0313,  0.0030, -0.1621, -0.0225, -0.2155,
          0.1214, -0.0563]], device='cuda:0', grad_fn=<SliceBackward0>)
Epoch:13 Time:102.2 Data:0.0 Loss:2.0124 Cls Loss:3.6534 Cls Loss Theta:7.1440 Pair Loss:0.1857 KL Loss:445.4978 KLD Theta:445.4978 Recon Loss:0.0026 Acc:0.2774 Theta Acc:0.0039 
=> centroids.dtype: torch.float32
=> Only CVAE KL
=> Use Multivariate Gaussian As the Prior
domian_feature+Z: tensor([[ 1.9114e-01,  1.4008e-01,  1.8271e-01, -1.3308e-01, -2.6894e-03,
          1.7368e-04, -5.5838e-02, -6.0017e-02, -1.6227e-01,  4.1719e-02],
        [ 1.9114e-01,  1.4008e-01,  1.8271e-01, -1.3308e-01, -2.6894e-03,
          1.7368e-04, -5.5838e-02, -6.0017e-02, -1.6227e-01, -6.2256e-02]],
       device='cuda:0', grad_fn=<SliceBackward0>)
Epoch:14 Time:102.8 Data:0.0 Loss:1.8690 Cls Loss:3.4211 Cls Loss Theta:7.1379 Pair Loss:0.1585 KL Loss:501.3058 KLD Theta:501.3058 Recon Loss:0.0026 Acc:0.3113 Theta Acc:0.0035 
=> centroids.dtype: torch.float32
=> Only CVAE KL
=> Use Multivariate Gaussian As the Prior
domian_feature+Z: tensor([[ 0.4139,  0.1829, -0.0460,  0.1017,  0.0382,  0.0327,  0.0423,  0.1042,
         -0.1051,  0.1583],
        [ 0.4139,  0.1829, -0.0460,  0.1017,  0.0382,  0.0327,  0.0423,  0.1042,
         -0.1051,  0.0491]], device='cuda:0', grad_fn=<SliceBackward0>)
Epoch:15 Time:106.2 Data:0.0 Loss:1.7353 Cls Loss:3.1930 Cls Loss Theta:7.0971 Pair Loss:0.1388 KL Loss:536.9598 KLD Theta:536.9598 Recon Loss:0.0026 Acc:0.3564 Theta Acc:0.0079 
=> Test at epoch 15
Extracted features for query set, obtained torch.Size([2228, 702]) matrix
Extracted features for gallery set, obtained torch.Size([17661, 702]) matrix
Extracting features complete in 0m 12s
Distance computing in 0m 1s
Computing CMC and mAP through Classifier
Results ---------------------------------------------------
top1:10.5% top5:26.9% top10:36.5% top20:47.5% mAP:7.1%
-----------------------------------------------------------
Using 0m 3s
=> centroids.dtype: torch.float32
=> Only CVAE KL
=> Use Multivariate Gaussian As the Prior
domian_feature+Z: tensor([[-0.0297,  0.1361,  0.1034,  0.2232, -0.0035, -0.0350, -0.0180, -0.1249,
         -0.1777,  0.0138],
        [-0.0297,  0.1361,  0.1034,  0.2232, -0.0035, -0.0350, -0.0180, -0.1249,
         -0.1777, -0.0015]], device='cuda:0', grad_fn=<SliceBackward0>)
Epoch:16 Time:100.8 Data:0.0 Loss:1.6221 Cls Loss:3.0116 Cls Loss Theta:7.0920 Pair Loss:0.1163 KL Loss:570.5827 KLD Theta:570.5827 Recon Loss:0.0026 Acc:0.4091 Theta Acc:0.0106 
=> centroids.dtype: torch.float32
=> Only CVAE KL
=> Use Multivariate Gaussian As the Prior
domian_feature+Z: tensor([[ 0.0455, -0.0077,  0.0634,  0.0522,  0.0026, -0.0236, -0.1019, -0.2203,
          0.0426, -0.0117],
        [ 0.0455, -0.0077,  0.0634,  0.0522,  0.0026, -0.0236, -0.1019, -0.2203,
          0.0426, -0.0209]], device='cuda:0', grad_fn=<SliceBackward0>)
Epoch:17 Time:102.2 Data:0.0 Loss:1.5262 Cls Loss:2.8443 Cls Loss Theta:7.0877 Pair Loss:0.1041 KL Loss:598.2359 KLD Theta:598.2359 Recon Loss:0.0026 Acc:0.4473 Theta Acc:0.0084 
=> centroids.dtype: torch.float32
=> Only CVAE KL
=> Use Multivariate Gaussian As the Prior
domian_feature+Z: tensor([[ 0.1584,  0.0004,  0.2487, -0.0660,  0.1209,  0.0265, -0.0203, -0.1637,
         -0.2001, -0.0132],
        [ 0.1584,  0.0004,  0.2487, -0.0660,  0.1209,  0.0265, -0.0203, -0.1637,
         -0.2001,  0.0053]], device='cuda:0', grad_fn=<SliceBackward0>)
Epoch:18 Time:102.7 Data:0.0 Loss:1.4216 Cls Loss:2.6659 Cls Loss Theta:7.0888 Pair Loss:0.0887 KL Loss:641.1614 KLD Theta:641.1614 Recon Loss:0.0026 Acc:0.5073 Theta Acc:0.0080 
=> centroids.dtype: torch.float32
=> Only CVAE KL
=> Use Multivariate Gaussian As the Prior
domian_feature+Z: tensor([[ 0.1521,  0.2083,  0.1102,  0.0996,  0.0650, -0.1038, -0.2675, -0.2570,
          0.0052, -0.0064],
        [ 0.1521,  0.2083,  0.1102,  0.0996,  0.0650, -0.1038, -0.2675, -0.2570,
          0.0052, -0.0492]], device='cuda:0', grad_fn=<SliceBackward0>)
Epoch:19 Time:104.0 Data:0.0 Loss:1.3307 Cls Loss:2.5090 Cls Loss Theta:7.0713 Pair Loss:0.0762 KL Loss:631.1838 KLD Theta:631.1838 Recon Loss:0.0026 Acc:0.5570 Theta Acc:0.0065 
=> centroids.dtype: torch.float32
=> Only CVAE KL
=> Use Multivariate Gaussian As the Prior
domian_feature+Z: tensor([[ 0.2869,  0.2808, -0.0043, -0.1041,  0.0988, -0.0798, -0.1054,  0.0367,
         -0.1863,  0.0394],
        [ 0.2869,  0.2808, -0.0043, -0.1041,  0.0988, -0.0798, -0.1054,  0.0367,
         -0.1863, -0.0055]], device='cuda:0', grad_fn=<SliceBackward0>)
Epoch:20 Time:107.8 Data:0.0 Loss:1.2445 Cls Loss:2.3551 Cls Loss Theta:7.0933 Pair Loss:0.0669 KL Loss:650.0588 KLD Theta:650.0588 Recon Loss:0.0026 Acc:0.6111 Theta Acc:0.0054 
=> Test at epoch 20
Extracted features for query set, obtained torch.Size([2228, 702]) matrix
Extracted features for gallery set, obtained torch.Size([17661, 702]) matrix
Extracting features complete in 0m 13s
Distance computing in 0m 1s
Computing CMC and mAP through Classifier
Results ---------------------------------------------------
top1:14.5% top5:33.0% top10:43.3% top20:53.5% mAP:9.3%
-----------------------------------------------------------
Using 0m 3s
=> centroids.dtype: torch.float32
=> Only CVAE KL
=> Use Multivariate Gaussian As the Prior
domian_feature+Z: tensor([[ 0.0928,  0.0013,  0.0023, -0.0192,  0.0528,  0.1044, -0.1091,  0.0362,
         -0.0838, -0.0421],
        [ 0.0928,  0.0013,  0.0023, -0.0192,  0.0528,  0.1044, -0.1091,  0.0362,
         -0.0838,  0.1148]], device='cuda:0', grad_fn=<SliceBackward0>)
Epoch:21 Time:101.6 Data:0.0 Loss:1.0454 Cls Loss:1.9839 Cls Loss Theta:7.0738 Pair Loss:0.0534 KL Loss:637.0109 KLD Theta:637.0109 Recon Loss:0.0026 Acc:0.7907 Theta Acc:0.0054 
=> centroids.dtype: torch.float32
=> Only CVAE KL
=> Use Multivariate Gaussian As the Prior
domian_feature+Z: tensor([[ 0.1556,  0.1084,  0.3255,  0.0542, -0.0100,  0.1033,  0.0279, -0.0505,
         -0.0545, -0.0054],
        [ 0.1556,  0.1084,  0.3255,  0.0542, -0.0100,  0.1033,  0.0279, -0.0505,
         -0.0545,  0.1787]], device='cuda:0', grad_fn=<SliceBackward0>)
Epoch:22 Time:104.9 Data:0.0 Loss:0.9645 Cls Loss:1.8332 Cls Loss Theta:7.0986 Pair Loss:0.0480 KL Loss:606.0920 KLD Theta:606.0920 Recon Loss:0.0026 Acc:0.8746 Theta Acc:0.0066 
=> centroids.dtype: torch.float32
=> Only CVAE KL
=> Use Multivariate Gaussian As the Prior
domian_feature+Z: tensor([[ 0.2639,  0.2108, -0.0160,  0.2488, -0.0456,  0.0548,  0.0013, -0.1636,
         -0.0910, -0.0490],
        [ 0.2639,  0.2108, -0.0160,  0.2488, -0.0456,  0.0548,  0.0013, -0.1636,
         -0.0910, -0.1016]], device='cuda:0', grad_fn=<SliceBackward0>)
Epoch:23 Time:107.5 Data:0.0 Loss:0.9358 Cls Loss:1.7769 Cls Loss Theta:7.1034 Pair Loss:0.0473 KL Loss:573.7592 KLD Theta:573.7592 Recon Loss:0.0026 Acc:0.9037 Theta Acc:0.0067 
=> centroids.dtype: torch.float32
=> Only CVAE KL
=> Use Multivariate Gaussian As the Prior
domian_feature+Z: tensor([[ 0.0493,  0.1373,  0.2116,  0.1601, -0.0573, -0.0339,  0.0154, -0.1030,
         -0.1825,  0.0812],
        [ 0.0493,  0.1373,  0.2116,  0.1601, -0.0573, -0.0339,  0.0154, -0.1030,
         -0.1825, -0.0218]], device='cuda:0', grad_fn=<SliceBackward0>)
Epoch:24 Time:107.7 Data:0.0 Loss:0.9140 Cls Loss:1.7408 Cls Loss Theta:7.1238 Pair Loss:0.0435 KL Loss:540.0499 KLD Theta:540.0499 Recon Loss:0.0026 Acc:0.9175 Theta Acc:0.0067 
=> centroids.dtype: torch.float32
=> Only CVAE KL
=> Use Multivariate Gaussian As the Prior
domian_feature+Z: tensor([[-0.0154,  0.1399,  0.0084,  0.1313, -0.1089,  0.0098,  0.1248, -0.0291,
         -0.0913, -0.0273],
        [-0.0154,  0.1399,  0.0084,  0.1313, -0.1089,  0.0098,  0.1248, -0.0291,
         -0.0913, -0.0593]], device='cuda:0', grad_fn=<SliceBackward0>)
Epoch:25 Time:109.0 Data:0.0 Loss:0.9016 Cls Loss:1.7122 Cls Loss Theta:7.1215 Pair Loss:0.0455 KL Loss:510.2670 KLD Theta:510.2670 Recon Loss:0.0026 Acc:0.9330 Theta Acc:0.0063 
=> Test at epoch 25
Extracted features for query set, obtained torch.Size([2228, 702]) matrix
Extracted features for gallery set, obtained torch.Size([17661, 702]) matrix
Extracting features complete in 0m 11s
Distance computing in 0m 1s
Computing CMC and mAP through Classifier
Results ---------------------------------------------------
top1:14.2% top5:33.4% top10:44.8% top20:55.7% mAP:9.7%
-----------------------------------------------------------
Using 0m 3s
=> centroids.dtype: torch.float32
=> Only CVAE KL
=> Use Multivariate Gaussian As the Prior
domian_feature+Z: tensor([[ 0.1744,  0.0845,  0.2521,  0.0998,  0.0096, -0.0831, -0.0282, -0.0860,
         -0.1766, -0.0203],
        [ 0.1744,  0.0845,  0.2521,  0.0998,  0.0096, -0.0831, -0.0282, -0.0860,
         -0.1766, -0.0070]], device='cuda:0', grad_fn=<SliceBackward0>)
Epoch:26 Time:105.5 Data:0.0 Loss:0.8860 Cls Loss:1.6875 Cls Loss Theta:7.1203 Pair Loss:0.0422 KL Loss:482.9393 KLD Theta:482.9393 Recon Loss:0.0026 Acc:0.9391 Theta Acc:0.0065 
=> centroids.dtype: torch.float32
=> Only CVAE KL
=> Use Multivariate Gaussian As the Prior
domian_feature+Z: tensor([[ 0.0455, -0.0077,  0.0634,  0.0522,  0.0026, -0.0236, -0.1019, -0.2203,
          0.0426, -0.0502],
        [ 0.0455, -0.0077,  0.0634,  0.0522,  0.0026, -0.0236, -0.1019, -0.2203,
          0.0426,  0.1716]], device='cuda:0', grad_fn=<SliceBackward0>)
Epoch:27 Time:109.2 Data:0.0 Loss:0.8724 Cls Loss:1.6623 Cls Loss Theta:7.1250 Pair Loss:0.0413 KL Loss:455.1844 KLD Theta:455.1844 Recon Loss:0.0026 Acc:0.9464 Theta Acc:0.0065 
=> centroids.dtype: torch.float32
=> Only CVAE KL
=> Use Multivariate Gaussian As the Prior
domian_feature+Z: tensor([[ 0.0282,  0.1072,  0.1234,  0.0696, -0.0137,  0.2298,  0.0206, -0.0390,
         -0.2042, -0.0168],
        [ 0.0282,  0.1072,  0.1234,  0.0696, -0.0137,  0.2298,  0.0206, -0.0390,
         -0.2042,  0.0585]], device='cuda:0', grad_fn=<SliceBackward0>)
Epoch:28 Time:108.2 Data:0.0 Loss:0.8588 Cls Loss:1.6400 Cls Loss Theta:7.1098 Pair Loss:0.0388 KL Loss:428.0408 KLD Theta:428.0408 Recon Loss:0.0026 Acc:0.9523 Theta Acc:0.0065 
=> centroids.dtype: torch.float32
=> Only CVAE KL
=> Use Multivariate Gaussian As the Prior
domian_feature+Z: tensor([[ 0.0061,  0.2118,  0.4014, -0.0269, -0.0421, -0.1938, -0.0286, -0.0416,
         -0.0317, -0.0249],
        [ 0.0061,  0.2118,  0.4014, -0.0269, -0.0421, -0.1938, -0.0286, -0.0416,
         -0.0317,  0.2442]], device='cuda:0', grad_fn=<SliceBackward0>)
Epoch:29 Time:111.6 Data:0.0 Loss:0.8437 Cls Loss:1.6171 Cls Loss Theta:7.1146 Pair Loss:0.0351 KL Loss:403.6985 KLD Theta:403.6985 Recon Loss:0.0026 Acc:0.9584 Theta Acc:0.0059 
=> centroids.dtype: torch.float32
=> Only CVAE KL
=> Use Multivariate Gaussian As the Prior
domian_feature+Z: tensor([[ 0.1405,  0.1746,  0.1220, -0.1068,  0.0150, -0.1757, -0.0267, -0.0163,
         -0.0019, -0.0218],
        [ 0.1405,  0.1746,  0.1220, -0.1068,  0.0150, -0.1757, -0.0267, -0.0163,
         -0.0019,  0.2200]], device='cuda:0', grad_fn=<SliceBackward0>)
Epoch:30 Time:111.6 Data:0.0 Loss:0.8322 Cls Loss:1.5947 Cls Loss Theta:7.1042 Pair Loss:0.0349 KL Loss:381.3068 KLD Theta:381.3068 Recon Loss:0.0026 Acc:0.9638 Theta Acc:0.0062 
=> Test at epoch 30
Extracted features for query set, obtained torch.Size([2228, 702]) matrix
Extracted features for gallery set, obtained torch.Size([17661, 702]) matrix
Extracting features complete in 0m 10s
Distance computing in 0m 1s
Computing CMC and mAP through Classifier
Results ---------------------------------------------------
top1:14.4% top5:33.0% top10:43.8% top20:54.8% mAP:9.6%
-----------------------------------------------------------
Using 0m 3s
=> centroids.dtype: torch.float32
=> Only CVAE KL
=> Use Multivariate Gaussian As the Prior
domian_feature+Z: tensor([[ 0.0379,  0.2037,  0.2640,  0.1424,  0.0346, -0.1631,  0.0940, -0.0633,
          0.0139, -0.0352],
        [ 0.0379,  0.2037,  0.2640,  0.1424,  0.0346, -0.1631,  0.0940, -0.0633,
          0.0139,  0.2979]], device='cuda:0', grad_fn=<SliceBackward0>)
Epoch:31 Time:111.6 Data:0.0 Loss:0.8198 Cls Loss:1.5739 Cls Loss Theta:7.0958 Pair Loss:0.0328 KL Loss:358.7373 KLD Theta:358.7373 Recon Loss:0.0026 Acc:0.9691 Theta Acc:0.0053 
=> centroids.dtype: torch.float32
=> Only CVAE KL
=> Use Multivariate Gaussian As the Prior
domian_feature+Z: tensor([[ 0.1963, -0.0531, -0.1552,  0.1090, -0.0416, -0.0300, -0.0482, -0.1054,
         -0.0478,  0.1773],
        [ 0.1963, -0.0531, -0.1552,  0.1090, -0.0416, -0.0300, -0.0482, -0.1054,
         -0.0478, -0.0071]], device='cuda:0', grad_fn=<SliceBackward0>)
Epoch:32 Time:114.9 Data:0.0 Loss:0.8062 Cls Loss:1.5517 Cls Loss Theta:7.0846 Pair Loss:0.0303 KL Loss:335.4178 KLD Theta:335.4178 Recon Loss:0.0026 Acc:0.9715 Theta Acc:0.0062 
=> centroids.dtype: torch.float32
=> Only CVAE KL
=> Use Multivariate Gaussian As the Prior
domian_feature+Z: tensor([[ 0.1694, -0.0080,  0.1573,  0.1958,  0.0290, -0.1486, -0.0273, -0.0416,
         -0.1696, -0.0088],
        [ 0.1694, -0.0080,  0.1573,  0.1958,  0.0290, -0.1486, -0.0273, -0.0416,
         -0.1696,  0.1213]], device='cuda:0', grad_fn=<SliceBackward0>)
Epoch:33 Time:113.5 Data:0.0 Loss:0.7977 Cls Loss:1.5309 Cls Loss Theta:7.0652 Pair Loss:0.0322 KL Loss:315.9238 KLD Theta:315.9238 Recon Loss:0.0026 Acc:0.9758 Theta Acc:0.0054 
=> centroids.dtype: torch.float32
=> Only CVAE KL
=> Use Multivariate Gaussian As the Prior
domian_feature+Z: tensor([[ 0.1334,  0.1588,  0.0081,  0.0207, -0.1144,  0.0936, -0.1217, -0.2522,
         -0.0508, -0.0087],
        [ 0.1334,  0.1588,  0.0081,  0.0207, -0.1144,  0.0936, -0.1217, -0.2522,
         -0.0508, -0.0963]], device='cuda:0', grad_fn=<SliceBackward0>)
Epoch:34 Time:115.3 Data:0.0 Loss:0.7842 Cls Loss:1.5096 Cls Loss Theta:7.0553 Pair Loss:0.0295 KL Loss:297.6293 KLD Theta:297.6293 Recon Loss:0.0026 Acc:0.9811 Theta Acc:0.0056 
=> centroids.dtype: torch.float32
=> Only CVAE KL
=> Use Multivariate Gaussian As the Prior
domian_feature+Z: tensor([[ 0.0993,  0.1973,  0.0816,  0.1683, -0.1438, -0.0054, -0.0811, -0.0988,
         -0.1552,  0.0347],
        [ 0.0993,  0.1973,  0.0816,  0.1683, -0.1438, -0.0054, -0.0811, -0.0988,
         -0.1552,  0.1067]], device='cuda:0', grad_fn=<SliceBackward0>)
Epoch:35 Time:111.6 Data:0.0 Loss:0.7752 Cls Loss:1.4902 Cls Loss Theta:7.0437 Pair Loss:0.0301 KL Loss:282.2273 KLD Theta:282.2273 Recon Loss:0.0026 Acc:0.9817 Theta Acc:0.0051 
=> Test at epoch 35
Extracted features for query set, obtained torch.Size([2228, 702]) matrix
Extracted features for gallery set, obtained torch.Size([17661, 702]) matrix
Extracting features complete in 0m 12s
Distance computing in 0m 1s
Computing CMC and mAP through Classifier
Results ---------------------------------------------------
top1:13.8% top5:32.5% top10:43.0% top20:54.1% mAP:9.4%
-----------------------------------------------------------
Using 0m 3s
=> centroids.dtype: torch.float32
=> Only CVAE KL
=> Use Multivariate Gaussian As the Prior
domian_feature+Z: tensor([[ 0.0129,  0.2562,  0.0122,  0.0022, -0.0513, -0.1469, -0.0832, -0.1476,
          0.0365, -0.0064],
        [ 0.0129,  0.2562,  0.0122,  0.0022, -0.0513, -0.1469, -0.0832, -0.1476,
          0.0365,  0.2300]], device='cuda:0', grad_fn=<SliceBackward0>)
Epoch:36 Time:110.5 Data:0.0 Loss:0.7625 Cls Loss:1.4681 Cls Loss Theta:7.0198 Pair Loss:0.0284 KL Loss:266.6660 KLD Theta:266.6660 Recon Loss:0.0026 Acc:0.9839 Theta Acc:0.0054 
=> centroids.dtype: torch.float32
=> Only CVAE KL
=> Use Multivariate Gaussian As the Prior
domian_feature+Z: tensor([[ 0.0957,  0.0292,  0.2399, -0.0712, -0.0695, -0.0115, -0.0708, -0.0118,
         -0.0258,  0.0501],
        [ 0.0957,  0.0292,  0.2399, -0.0712, -0.0695, -0.0115, -0.0708, -0.0118,
         -0.0258,  0.1261]], device='cuda:0', grad_fn=<SliceBackward0>)
Epoch:37 Time:108.9 Data:0.0 Loss:0.7512 Cls Loss:1.4497 Cls Loss Theta:6.9967 Pair Loss:0.0264 KL Loss:251.9816 KLD Theta:251.9816 Recon Loss:0.0026 Acc:0.9877 Theta Acc:0.0047 
=> centroids.dtype: torch.float32
=> Only CVAE KL
=> Use Multivariate Gaussian As the Prior
domian_feature+Z: tensor([[ 0.2940,  0.1523,  0.0284,  0.0041, -0.1234, -0.2371, -0.0544,  0.0695,
         -0.1967,  0.1569],
        [ 0.2940,  0.1523,  0.0284,  0.0041, -0.1234, -0.2371, -0.0544,  0.0695,
         -0.1967,  0.1776]], device='cuda:0', grad_fn=<SliceBackward0>)
Epoch:38 Time:108.6 Data:0.0 Loss:0.7383 Cls Loss:1.4313 Cls Loss Theta:6.9715 Pair Loss:0.0226 KL Loss:239.8295 KLD Theta:239.8295 Recon Loss:0.0026 Acc:0.9887 Theta Acc:0.0052 
=> centroids.dtype: torch.float32
=> Only CVAE KL
=> Use Multivariate Gaussian As the Prior
domian_feature+Z: tensor([[ 0.1190,  0.2202,  0.1462,  0.1161, -0.0755,  0.0201, -0.1178, -0.1732,
         -0.0324,  0.0097],
        [ 0.1190,  0.2202,  0.1462,  0.1161, -0.0755,  0.0201, -0.1178, -0.1732,
         -0.0324, -0.0438]], device='cuda:0', grad_fn=<SliceBackward0>)
Epoch:39 Time:109.9 Data:0.0 Loss:0.7299 Cls Loss:1.4123 Cls Loss Theta:6.9596 Pair Loss:0.0237 KL Loss:227.5839 KLD Theta:227.5839 Recon Loss:0.0026 Acc:0.9894 Theta Acc:0.0051 
=> centroids.dtype: torch.float32
=> Only CVAE KL
=> Use Multivariate Gaussian As the Prior
domian_feature+Z: tensor([[-0.0845,  0.2712,  0.0951, -0.1051, -0.0167, -0.2544, -0.0731,  0.0110,
          0.0273, -0.0041],
        [-0.0845,  0.2712,  0.0951, -0.1051, -0.0167, -0.2544, -0.0731,  0.0110,
          0.0273, -0.0058]], device='cuda:0', grad_fn=<SliceBackward0>)
Epoch:40 Time:106.7 Data:0.0 Loss:0.7209 Cls Loss:1.3935 Cls Loss Theta:6.9451 Pair Loss:0.0242 KL Loss:217.8956 KLD Theta:217.8956 Recon Loss:0.0026 Acc:0.9909 Theta Acc:0.0050 
=> Test at epoch 40
Extracted features for query set, obtained torch.Size([2228, 702]) matrix
Extracted features for gallery set, obtained torch.Size([17661, 702]) matrix
Extracting features complete in 0m 11s
Distance computing in 0m 1s
Computing CMC and mAP through Classifier
Results ---------------------------------------------------
top1:13.7% top5:32.5% top10:42.8% top20:53.7% mAP:9.3%
-----------------------------------------------------------
Using 0m 3s
=> centroids.dtype: torch.float32
=> Only CVAE KL
=> Use Multivariate Gaussian As the Prior
domian_feature+Z: tensor([[ 0.1620,  0.1178,  0.2258, -0.0053,  0.0502, -0.1727, -0.2793, -0.0820,
         -0.1079, -0.0293],
        [ 0.1620,  0.1178,  0.2258, -0.0053,  0.0502, -0.1727, -0.2793, -0.0820,
         -0.1079, -0.0215]], device='cuda:0', grad_fn=<SliceBackward0>)
Epoch:41 Time:104.8 Data:0.0 Loss:0.7031 Cls Loss:1.3637 Cls Loss Theta:6.9302 Pair Loss:0.0213 KL Loss:211.4636 KLD Theta:211.4636 Recon Loss:0.0026 Acc:0.9951 Theta Acc:0.0053 
=> centroids.dtype: torch.float32
=> Only CVAE KL
=> Use Multivariate Gaussian As the Prior
domian_feature+Z: tensor([[ 0.1744,  0.0845,  0.2521,  0.0998,  0.0096, -0.0831, -0.0282, -0.0860,
         -0.1766, -0.0370],
        [ 0.1744,  0.0845,  0.2521,  0.0998,  0.0096, -0.0831, -0.0282, -0.0860,
         -0.1766,  0.2271]], device='cuda:0', grad_fn=<SliceBackward0>)
Epoch:42 Time:106.4 Data:0.0 Loss:0.7012 Cls Loss:1.3587 Cls Loss Theta:6.9277 Pair Loss:0.0219 KL Loss:210.5376 KLD Theta:210.5376 Recon Loss:0.0026 Acc:0.9956 Theta Acc:0.0053 
=> centroids.dtype: torch.float32
=> Only CVAE KL
=> Use Multivariate Gaussian As the Prior
domian_feature+Z: tensor([[ 0.1777,  0.1433,  0.1596, -0.1250,  0.0168, -0.1008, -0.0762, -0.0934,
         -0.0912, -0.0214],
        [ 0.1777,  0.1433,  0.1596, -0.1250,  0.0168, -0.1008, -0.0762, -0.0934,
         -0.0912,  0.2231]], device='cuda:0', grad_fn=<SliceBackward0>)
Epoch:43 Time:102.0 Data:0.0 Loss:0.6994 Cls Loss:1.3559 Cls Loss Theta:6.9246 Pair Loss:0.0214 KL Loss:209.6185 KLD Theta:209.6185 Recon Loss:0.0026 Acc:0.9959 Theta Acc:0.0053 
=> centroids.dtype: torch.float32
=> Only CVAE KL
=> Use Multivariate Gaussian As the Prior
domian_feature+Z: tensor([[ 0.1490,  0.0914,  0.0730,  0.1202,  0.0591, -0.1022, -0.2855,  0.0184,
         -0.1010,  0.0414],
        [ 0.1490,  0.0914,  0.0730,  0.1202,  0.0591, -0.1022, -0.2855,  0.0184,
         -0.1010,  0.2222]], device='cuda:0', grad_fn=<SliceBackward0>)
Epoch:44 Time:102.9 Data:0.0 Loss:0.6980 Cls Loss:1.3530 Cls Loss Theta:6.9222 Pair Loss:0.0215 KL Loss:208.4398 KLD Theta:208.4398 Recon Loss:0.0026 Acc:0.9968 Theta Acc:0.0053 
=> centroids.dtype: torch.float32
=> Only CVAE KL
=> Use Multivariate Gaussian As the Prior
domian_feature+Z: tensor([[ 0.0272, -0.0053,  0.2695,  0.0332,  0.0209, -0.0400, -0.0796, -0.1002,
          0.0105, -0.0307],
        [ 0.0272, -0.0053,  0.2695,  0.0332,  0.0209, -0.0400, -0.0796, -0.1002,
          0.0105, -0.1151]], device='cuda:0', grad_fn=<SliceBackward0>)
Epoch:45 Time:101.1 Data:0.0 Loss:0.6949 Cls Loss:1.3505 Cls Loss Theta:6.9194 Pair Loss:0.0197 KL Loss:207.4073 KLD Theta:207.4073 Recon Loss:0.0026 Acc:0.9966 Theta Acc:0.0053 
=> Test at epoch 45
Extracted features for query set, obtained torch.Size([2228, 702]) matrix
Extracted features for gallery set, obtained torch.Size([17661, 702]) matrix
Extracting features complete in 0m 11s
Distance computing in 0m 1s
Computing CMC and mAP through Classifier
Results ---------------------------------------------------
top1:13.6% top5:32.8% top10:43.0% top20:53.2% mAP:9.3%
-----------------------------------------------------------
Using 0m 3s
=> centroids.dtype: torch.float32
=> Only CVAE KL
=> Use Multivariate Gaussian As the Prior
domian_feature+Z: tensor([[ 0.1620,  0.1178,  0.2258, -0.0053,  0.0502, -0.1727, -0.2793, -0.0820,
         -0.1079, -0.0023],
        [ 0.1620,  0.1178,  0.2258, -0.0053,  0.0502, -0.1727, -0.2793, -0.0820,
         -0.1079,  0.3038]], device='cuda:0', grad_fn=<SliceBackward0>)
Epoch:46 Time:99.3 Data:0.0 Loss:0.6980 Cls Loss:1.3488 Cls Loss Theta:6.9181 Pair Loss:0.0236 KL Loss:206.1344 KLD Theta:206.1344 Recon Loss:0.0026 Acc:0.9966 Theta Acc:0.0053 
=> centroids.dtype: torch.float32
=> Only CVAE KL
=> Use Multivariate Gaussian As the Prior
domian_feature+Z: tensor([[ 0.1550,  0.1323,  0.0359,  0.1210, -0.0825,  0.1989, -0.0841, -0.0553,
         -0.4099, -0.0561],
        [ 0.1550,  0.1323,  0.0359,  0.1210, -0.0825,  0.1989, -0.0841, -0.0553,
         -0.4099, -0.0612]], device='cuda:0', grad_fn=<SliceBackward0>)
Epoch:47 Time:102.5 Data:0.0 Loss:0.6938 Cls Loss:1.3465 Cls Loss Theta:6.9153 Pair Loss:0.0206 KL Loss:205.0338 KLD Theta:205.0338 Recon Loss:0.0026 Acc:0.9971 Theta Acc:0.0053 
=> centroids.dtype: torch.float32
=> Only CVAE KL
=> Use Multivariate Gaussian As the Prior
domian_feature+Z: tensor([[ 0.0282,  0.1831,  0.1321, -0.1907,  0.0151, -0.1151, -0.1848,  0.0816,
         -0.1379, -0.0063],
        [ 0.0282,  0.1831,  0.1321, -0.1907,  0.0151, -0.1151, -0.1848,  0.0816,
         -0.1379, -0.0069]], device='cuda:0', grad_fn=<SliceBackward0>)
Epoch:48 Time:104.5 Data:0.0 Loss:0.6915 Cls Loss:1.3440 Cls Loss Theta:6.9093 Pair Loss:0.0195 KL Loss:203.6562 KLD Theta:203.6562 Recon Loss:0.0026 Acc:0.9974 Theta Acc:0.0053 
=> centroids.dtype: torch.float32
=> Only CVAE KL
=> Use Multivariate Gaussian As the Prior
domian_feature+Z: tensor([[ 0.0379,  0.2037,  0.2640,  0.1424,  0.0346, -0.1631,  0.0940, -0.0633,
          0.0139, -0.0340],
        [ 0.0379,  0.2037,  0.2640,  0.1424,  0.0346, -0.1631,  0.0940, -0.0633,
          0.0139,  0.1605]], device='cuda:0', grad_fn=<SliceBackward0>)
Epoch:49 Time:107.0 Data:0.0 Loss:0.6902 Cls Loss:1.3420 Cls Loss Theta:6.9089 Pair Loss:0.0192 KL Loss:202.5893 KLD Theta:202.5893 Recon Loss:0.0026 Acc:0.9970 Theta Acc:0.0054 
=> centroids.dtype: torch.float32
=> Only CVAE KL
=> Use Multivariate Gaussian As the Prior
domian_feature+Z: tensor([[ 0.0651,  0.0927,  0.2974,  0.0202, -0.0088, -0.1054, -0.1597, -0.0204,
         -0.0172, -0.0294],
        [ 0.0651,  0.0927,  0.2974,  0.0202, -0.0088, -0.1054, -0.1597, -0.0204,
         -0.0172,  0.1208]], device='cuda:0', grad_fn=<SliceBackward0>)
Epoch:50 Time:106.4 Data:0.0 Loss:0.6894 Cls Loss:1.3397 Cls Loss Theta:6.9044 Pair Loss:0.0196 KL Loss:201.4810 KLD Theta:201.4810 Recon Loss:0.0026 Acc:0.9977 Theta Acc:0.0054 
=> Test at epoch 50
Extracted features for query set, obtained torch.Size([2228, 702]) matrix
Extracted features for gallery set, obtained torch.Size([17661, 702]) matrix
Extracting features complete in 0m 13s
Distance computing in 0m 1s
Computing CMC and mAP through Classifier
Results ---------------------------------------------------
top1:14.0% top5:32.5% top10:42.9% top20:53.2% mAP:9.3%
-----------------------------------------------------------
Using 0m 3s
=> centroids.dtype: torch.float32
=> Only CVAE KL
=> Use Multivariate Gaussian As the Prior
domian_feature+Z: tensor([[ 0.3309,  0.2463,  0.0682,  0.1249,  0.0674, -0.0696, -0.0489, -0.0810,
         -0.0032,  0.0399],
        [ 0.3309,  0.2463,  0.0682,  0.1249,  0.0674, -0.0696, -0.0489, -0.0810,
         -0.0032,  0.0734]], device='cuda:0', grad_fn=<SliceBackward0>)
Epoch:51 Time:103.6 Data:0.0 Loss:0.6887 Cls Loss:1.3377 Cls Loss Theta:6.9038 Pair Loss:0.0198 KL Loss:200.3586 KLD Theta:200.3586 Recon Loss:0.0026 Acc:0.9975 Theta Acc:0.0054 
=> centroids.dtype: torch.float32
=> Only CVAE KL
=> Use Multivariate Gaussian As the Prior
domian_feature+Z: tensor([[ 0.0022,  0.0817,  0.2324,  0.0057,  0.0328, -0.1135, -0.0627, -0.0016,
         -0.1167, -0.0869],
        [ 0.0022,  0.0817,  0.2324,  0.0057,  0.0328, -0.1135, -0.0627, -0.0016,
         -0.1167, -0.0690]], device='cuda:0', grad_fn=<SliceBackward0>)
Epoch:52 Time:106.1 Data:0.0 Loss:0.6894 Cls Loss:1.3355 Cls Loss Theta:6.9016 Pair Loss:0.0216 KL Loss:199.0202 KLD Theta:199.0202 Recon Loss:0.0026 Acc:0.9975 Theta Acc:0.0054 
=> centroids.dtype: torch.float32
=> Only CVAE KL
=> Use Multivariate Gaussian As the Prior
domian_feature+Z: tensor([[ 0.1915,  0.2977,  0.1791,  0.0848,  0.0268,  0.0791, -0.0216, -0.0257,
         -0.0165,  0.2036],
        [ 0.1915,  0.2977,  0.1791,  0.0848,  0.0268,  0.0791, -0.0216, -0.0257,
         -0.0165,  0.0368]], device='cuda:0', grad_fn=<SliceBackward0>)
Epoch:53 Time:105.2 Data:0.0 Loss:0.6856 Cls Loss:1.3331 Cls Loss Theta:6.9015 Pair Loss:0.0190 KL Loss:197.8571 KLD Theta:197.8571 Recon Loss:0.0026 Acc:0.9979 Theta Acc:0.0053 
=> centroids.dtype: torch.float32
=> Only CVAE KL
=> Use Multivariate Gaussian As the Prior
domian_feature+Z: tensor([[ 0.1190,  0.2202,  0.1462,  0.1161, -0.0755,  0.0201, -0.1178, -0.1732,
         -0.0324,  0.1428],
        [ 0.1190,  0.2202,  0.1462,  0.1161, -0.0755,  0.0201, -0.1178, -0.1732,
         -0.0324, -0.0228]], device='cuda:0', grad_fn=<SliceBackward0>)
Epoch:54 Time:95.7 Data:0.0 Loss:0.6854 Cls Loss:1.3312 Cls Loss Theta:6.8981 Pair Loss:0.0198 KL Loss:196.7338 KLD Theta:196.7338 Recon Loss:0.0026 Acc:0.9979 Theta Acc:0.0053 
=> centroids.dtype: torch.float32
=> Only CVAE KL
=> Use Multivariate Gaussian As the Prior
domian_feature+Z: tensor([[ 0.0455, -0.0077,  0.0634,  0.0522,  0.0026, -0.0236, -0.1019, -0.2203,
          0.0426, -0.0032],
        [ 0.0455, -0.0077,  0.0634,  0.0522,  0.0026, -0.0236, -0.1019, -0.2203,
          0.0426, -0.0285]], device='cuda:0', grad_fn=<SliceBackward0>)
Epoch:55 Time:97.0 Data:0.0 Loss:0.6850 Cls Loss:1.3293 Cls Loss Theta:6.8967 Pair Loss:0.0204 KL Loss:195.6034 KLD Theta:195.6034 Recon Loss:0.0026 Acc:0.9977 Theta Acc:0.0053 
=> Test at epoch 55
Extracted features for query set, obtained torch.Size([2228, 702]) matrix
Extracted features for gallery set, obtained torch.Size([17661, 702]) matrix
Extracting features complete in 0m 10s
Distance computing in 0m 1s
Computing CMC and mAP through Classifier
Results ---------------------------------------------------
top1:13.8% top5:32.0% top10:43.0% top20:53.0% mAP:9.3%
-----------------------------------------------------------
Using 0m 3s
=> centroids.dtype: torch.float32
=> Only CVAE KL
=> Use Multivariate Gaussian As the Prior
domian_feature+Z: tensor([[ 0.0882,  0.1908,  0.0443,  0.0178,  0.0565,  0.0015, -0.0535, -0.2011,
         -0.0915, -0.0046],
        [ 0.0882,  0.1908,  0.0443,  0.0178,  0.0565,  0.0015, -0.0535, -0.2011,
         -0.0915,  0.0041]], device='cuda:0', grad_fn=<SliceBackward0>)
Epoch:56 Time:95.6 Data:0.0 Loss:0.6823 Cls Loss:1.3269 Cls Loss Theta:6.8921 Pair Loss:0.0189 KL Loss:194.2264 KLD Theta:194.2264 Recon Loss:0.0026 Acc:0.9975 Theta Acc:0.0054 
=> centroids.dtype: torch.float32
=> Only CVAE KL
=> Use Multivariate Gaussian As the Prior
domian_feature+Z: tensor([[ 0.0455, -0.0077,  0.0634,  0.0522,  0.0026, -0.0236, -0.1019, -0.2203,
          0.0426, -0.0544],
        [ 0.0455, -0.0077,  0.0634,  0.0522,  0.0026, -0.0236, -0.1019, -0.2203,
          0.0426,  0.1773]], device='cuda:0', grad_fn=<SliceBackward0>)
Epoch:57 Time:98.1 Data:0.0 Loss:0.6804 Cls Loss:1.3250 Cls Loss Theta:6.8901 Pair Loss:0.0179 KL Loss:193.3411 KLD Theta:193.3411 Recon Loss:0.0026 Acc:0.9978 Theta Acc:0.0053 
=> centroids.dtype: torch.float32
=> Only CVAE KL
=> Use Multivariate Gaussian As the Prior
domian_feature+Z: tensor([[ 0.1694, -0.0080,  0.1573,  0.1958,  0.0290, -0.1486, -0.0273, -0.0416,
         -0.1696, -0.0091],
        [ 0.1694, -0.0080,  0.1573,  0.1958,  0.0290, -0.1486, -0.0273, -0.0416,
         -0.1696,  0.1058]], device='cuda:0', grad_fn=<SliceBackward0>)
Epoch:58 Time:98.1 Data:0.0 Loss:0.6814 Cls Loss:1.3228 Cls Loss Theta:6.8889 Pair Loss:0.0200 KL Loss:192.1774 KLD Theta:192.1774 Recon Loss:0.0026 Acc:0.9977 Theta Acc:0.0053 
=> centroids.dtype: torch.float32
=> Only CVAE KL
=> Use Multivariate Gaussian As the Prior
domian_feature+Z: tensor([[ 0.0139,  0.0310,  0.1939, -0.0181,  0.0579, -0.2276, -0.0416, -0.0508,
         -0.0829, -0.0392],
        [ 0.0139,  0.0310,  0.1939, -0.0181,  0.0579, -0.2276, -0.0416, -0.0508,
         -0.0829, -0.0873]], device='cuda:0', grad_fn=<SliceBackward0>)
Epoch:59 Time:90.1 Data:0.0 Loss:0.6805 Cls Loss:1.3212 Cls Loss Theta:6.8874 Pair Loss:0.0199 KL Loss:191.0294 KLD Theta:191.0294 Recon Loss:0.0026 Acc:0.9978 Theta Acc:0.0053 
=> centroids.dtype: torch.float32
=> Only CVAE KL
=> Use Multivariate Gaussian As the Prior
domian_feature+Z: tensor([[ 0.1963, -0.0531, -0.1552,  0.1090, -0.0416, -0.0300, -0.0482, -0.1054,
         -0.0478, -0.0486],
        [ 0.1963, -0.0531, -0.1552,  0.1090, -0.0416, -0.0300, -0.0482, -0.1054,
         -0.0478,  0.1613]], device='cuda:0', grad_fn=<SliceBackward0>)
Epoch:60 Time:85.6 Data:0.0 Loss:0.6788 Cls Loss:1.3194 Cls Loss Theta:6.8860 Pair Loss:0.0190 KL Loss:189.8486 KLD Theta:189.8486 Recon Loss:0.0026 Acc:0.9977 Theta Acc:0.0054 
=> Test at epoch 60
Extracted features for query set, obtained torch.Size([2228, 702]) matrix
Extracted features for gallery set, obtained torch.Size([17661, 702]) matrix
Extracting features complete in 0m 11s
Distance computing in 0m 0s
Computing CMC and mAP through Classifier
Results ---------------------------------------------------
top1:13.7% top5:31.9% top10:42.5% top20:52.8% mAP:9.2%
-----------------------------------------------------------
Using 0m 3s
=> Best Rank-1 14.5% achieved at epoch 20
Finished. Total elapsed time (h:m:s): 1:48:17. Training time (h:m:s): 1:45:14.
Shutting down background jobs, please wait a moment...
Done!
Waiting for the remaining 20 operations to synchronize with Neptune. Do not kill this process.
All 20 operations synced, thanks for waiting!
Explore the metadata in the Neptune app:
https://app.neptune.ai/Zhengwei-Lab/NIPSTransferReID/e/NIPS-560/metadata
