https://app.neptune.ai/Zhengwei-Lab/MayCVAE/e/MAY-101
=> merge config from ./configs/clipreid_cvae_stage2.yaml
/home/zhengwei/Desktop/Zhengwei/Projects/CVAE/main.py:90: NeptuneUnsupportedType: You're attempting to log a type that is not directly supported by Neptune (<class 'list'>).
        Convert the value to a supported type, such as a string or float, or use stringify_unsupported(obj)
        for dictionaries or collections that contain unsupported values.
        For more, see https://docs.neptune.ai/help/value_of_unsupported_type
  run["parameters"] = param
=> Configurations:
-------------------------
AMP: True
AUG:
  RC_PROB: 0.5
  RE_PROB: 0.5
DATA:
  CUHK03_CLASSIC_SPLIT: False
  CUHK03_LABELED: False
  DATASET: market1k
  FORMAT_TAG: tensor
  HEIGHT: 256
  NUM_INSTANCES: 4
  NUM_WORKERS: 4
  ROOT: /home/zhengwei/Desktop/Zhengwei/Projects/datasets
  SPLIT_ID: 0
  TEST_BATCH: 512
  TRAIN_BATCH: 64
  TRAIN_FORMAT: novel_train_from_scratch
  WIDTH: 128
EVAL_MODE: False
GPU: 0
LOSS:
  CLA_LOSS: crossentropy
  CLA_M: 0.0
  CLA_S: 16.0
  PAIR_LOSS: triplet
  PAIR_M: 0.3
  PAIR_S: 16.0
  RECON_LOSS: mse
MODEL:
  CONDITIONAL: False
  FEATURE_DIM: 1280
  FEAT_FUSION: True
  FLOW_TYPE: 
  GAUSSIAN: MultivariateNormal
  HIDDEN_DIM: 256
  LATENT_SIZE: 64
  NAME: CVAE
  ONLY_CVAE_KL: False
  ONLY_X_INPUT: False
  PRETRAIN: CLIPreidNew
  RES4_STRIDE: 1
  RESUME: 
  TRAIN_STAGE: klstage
  USE_CENTROID: False
  VAE_TYPE: SinpleVAE
  ZC_DIM: 128
  ZS_DIM: 64
OUTPUT: ./outputs/market1k/clipreid_simplevae/novel/2024-05-31/2sketch_fp32_SimpleVAE+2E_128+64z_1e3+3_60+120_SingleCls_ce_KLtotalZ_scratch
SAVED_NAME: 2sketch_fp32_SimpleVAE+2E_128+64z_1e3+3_60+120_SingleCls_ce_KLtotalZ_scratch
SEED: 0
TAG: clipreid_simplevae
TEST:
  DISTANCE: cosine
  EVAL_STEP: 5
  START_EVAL: -1
TRAIN:
  AMP: False
  LR_SCHEDULER:
    DECAY_RATE: 0.1
    NAME: MultiStepLR
    STEPSIZE: [60]
  MAX_EPOCH: 120
  OPTIMIZER:
    LR: 0.001
    NAME: adam
    SGDLR: 0.01
    SGD_MOMENTUM: 0.9
    SGD_WEIGHT_DECAY: 0.0005
    WEIGHT_DECAY: 0.0001
  START_EPOCH: 0
----------------------
Initializing dataset market1k
Warning: string series 'monitoring/b652428c/stdout' value was longer than 1000 characters and was truncated. This warning is printed only once per series.
=> Market-Sketch-1K tensor loaded
Dataset statistics:
  ------------------------------
  subset   | # ids | # images
  ------------------------------
  train    |   996 |     3992
  query    |   996 |     2709
  gallery  |   996 |     2000
  ------------------------------
  total    |  1992 |     8701
  ------------------------------
Initializing SinpleVAE model with 2 encoders
Model size: 11.80064M
Classifier size: 0.12749M
=> Start training the model on Novel data from scratch
=> Start training
Epoch:1 Time:9.5 Data:0.0 Loss:12.3249 Cls Loss:7.1064 Pair Loss:0.5955 KL Loss:5.0581 Recon Loss:0.1605 Acc:0.0000 
Epoch:2 Time:7.3 Data:0.0 Loss:10.6782 Cls Loss:6.9981 Pair Loss:0.5891 KL Loss:3.6035 Recon Loss:0.0766 Acc:0.0008 
Epoch:3 Time:8.8 Data:0.0 Loss:9.4635 Cls Loss:6.9533 Pair Loss:0.5966 KL Loss:2.4386 Recon Loss:0.0716 Acc:0.0015 
Epoch:4 Time:7.4 Data:0.0 Loss:9.1769 Cls Loss:6.9070 Pair Loss:0.6117 KL Loss:2.2018 Recon Loss:0.0681 Acc:0.0020 
Epoch:5 Time:8.5 Data:0.0 Loss:9.7327 Cls Loss:6.8085 Pair Loss:0.6016 KL Loss:2.8567 Recon Loss:0.0675 Acc:0.0020 
=> Test at epoch 5
==========Test with latent_z: z_c =========
Extracted features for query set, obtained torch.Size([2709, 128]) matrix
Extracted features for gallery set, obtained torch.Size([2000, 128]) matrix
Extracting features complete in 0m 3s
Distance computing in 0m 0s
Computing CMC and mAP
Results ---------------------------------------------------
top1:0.2% top5:1.2% top10:2.0% top20:3.5% mAP:0.7%
-----------------------------------------------------------
Using 0m 0s
Classifier results ---------------------------------------------------
Query acc: 0.1% Gallery acc: 0.2% Total acc: 0.2%
The test feature is normalized
The number of query sketch samples: 2709
The number of gallery rgb samples: 2000
9==========Test with latent_z: x_pre =========
Extracted features for query set, obtained torch.Size([2709, 512]) matrix
Extracted features for gallery set, obtained torch.Size([2000, 512]) matrix
Extracting features complete in 0m 4s
Distance computing in 0m 0s
Computing CMC and mAP
Results ---------------------------------------------------
top1:0.3% top5:1.6% top10:3.0% top20:5.3% mAP:1.2%
-----------------------------------------------------------
Using 0m 0s
Classifier results ---------------------------------------------------
Query acc: 0.0% Gallery acc: 0.2% Total acc: 0.1%
==========Test with latent_z: mu =========
Extracted features for query set, obtained torch.Size([2709, 192]) matrix
Extracted features for gallery set, obtained torch.Size([2000, 192]) matrix
Extracting features complete in 0m 3s
Distance computing in 0m 0s
Computing CMC and mAP
Results ---------------------------------------------------
top1:0.5% top5:2.3% top10:4.2% top20:7.2% mAP:1.6%
-----------------------------------------------------------
Using 0m 0s
Classifier results ---------------------------------------------------
Query acc: 0.1% Gallery acc: 0.2% Total acc: 0.1%
Epoch:6 Time:7.9 Data:0.0 Loss:9.4554 Cls Loss:6.7549 Pair Loss:0.5919 KL Loss:2.6325 Recon Loss:0.0679 Acc:0.0033 
Epoch:7 Time:8.4 Data:0.0 Loss:9.9173 Cls Loss:6.6859 Pair Loss:0.5858 KL Loss:3.1636 Recon Loss:0.0677 Acc:0.0033 
Epoch:8 Time:8.4 Data:0.0 Loss:9.1118 Cls Loss:6.6374 Pair Loss:0.5922 KL Loss:2.4076 Recon Loss:0.0668 Acc:0.0053 
Epoch:9 Time:7.7 Data:0.0 Loss:8.7879 Cls Loss:6.5346 Pair Loss:0.5973 KL Loss:2.1871 Recon Loss:0.0662 Acc:0.0073 
The test feature is normalized
The number of sketch samples: 1976
The number of rgb samples: 1992
Epoch:10 Time:94.3 Data:0.0 Loss:8.3497 Cls Loss:6.4692 Pair Loss:0.5863 KL Loss:1.8144 Recon Loss:0.0661 Acc:0.0053 
=> Test at epoch 10
==========Test with latent_z: z_c =========
Extracted features for query set, obtained torch.Size([2709, 128]) matrix
Extracted features for gallery set, obtained torch.Size([2000, 128]) matrix
Extracting features complete in 0m 6s
Distance computing in 0m 0s
Computing CMC and mAP
Results ---------------------------------------------------
top1:0.3% top5:1.8% top10:3.0% top20:5.8% mAP:1.1%
-----------------------------------------------------------
Using 0m 0s
Classifier results ---------------------------------------------------
Query acc: 0.0% Gallery acc: 0.2% Total acc: 0.1%
The test feature is normalized
The number of query sketch samples: 2709
The number of gallery rgb samples: 2000
==========Test with latent_z: x_pre =========
Extracted features for query set, obtained torch.Size([2709, 512]) matrix
Extracted features for gallery set, obtained torch.Size([2000, 512]) matrix
Extracting features complete in 0m 5s
Distance computing in 0m 0s
Computing CMC and mAP
Results ---------------------------------------------------
top1:0.5% top5:2.4% top10:4.2% top20:6.8% mAP:1.5%
-----------------------------------------------------------
Using 0m 0s
Classifier results ---------------------------------------------------
Query acc: 0.1% Gallery acc: 0.4% Total acc: 0.2%
==========Test with latent_z: mu =========
Extracted features for query set, obtained torch.Size([2709, 192]) matrix
Extracted features for gallery set, obtained torch.Size([2000, 192]) matrix
Extracting features complete in 0m 3s
Distance computing in 0m 0s
Computing CMC and mAP
Results ---------------------------------------------------
top1:1.2% top5:4.1% top10:6.9% top20:10.5% mAP:2.3%
-----------------------------------------------------------
Using 0m 0s
Classifier results ---------------------------------------------------
Query acc: 0.1% Gallery acc: 0.1% Total acc: 0.1%
Epoch:11 Time:7.2 Data:0.0 Loss:8.8200 Cls Loss:6.3581 Pair Loss:0.5833 KL Loss:2.3949 Recon Loss:0.0670 Acc:0.0103 
Epoch:12 Time:6.1 Data:0.0 Loss:8.7619 Cls Loss:6.2750 Pair Loss:0.5783 KL Loss:2.4217 Recon Loss:0.0651 Acc:0.0113 
Epoch:13 Time:8.4 Data:0.0 Loss:8.2470 Cls Loss:6.2067 Pair Loss:0.5811 KL Loss:1.9760 Recon Loss:0.0643 Acc:0.0141 
Epoch:14 Time:8.3 Data:0.0 Loss:8.7749 Cls Loss:6.1067 Pair Loss:0.5798 KL Loss:2.6039 Recon Loss:0.0642 Acc:0.0146 
Epoch:15 Time:8.6 Data:0.0 Loss:8.1825 Cls Loss:6.0254 Pair Loss:0.5744 KL Loss:2.0928 Recon Loss:0.0642 Acc:0.0164 
=> Test at epoch 15
==========Test with latent_z: z_c =========
Extracted features for query set, obtained torch.Size([2709, 128]) matrix
Extracted features for gallery set, obtained torch.Size([2000, 128]) matrix
Extracting features complete in 0m 4s
Distance computing in 0m 0s
Computing CMC and mAP
Results ---------------------------------------------------
top1:0.8% top5:2.7% top10:4.4% top20:7.7% mAP:1.6%
-----------------------------------------------------------
Using 0m 0s
Classifier results ---------------------------------------------------
Query acc: 0.1% Gallery acc: 0.1% Total acc: 0.1%
The test feature is normalized
The number of query sketch samples: 2709
The number of gallery rgb samples: 2000
==========Test with latent_z: x_pre =========
Extracted features for query set, obtained torch.Size([2709, 512]) matrix
Extracted features for gallery set, obtained torch.Size([2000, 512]) matrix
Extracting features complete in 0m 5s
Distance computing in 0m 0s
Computing CMC and mAP
Results ---------------------------------------------------
top1:0.7% top5:3.1% top10:4.8% top20:7.3% mAP:1.7%
-----------------------------------------------------------
Using 0m 0s
Classifier results ---------------------------------------------------
Query acc: 0.0% Gallery acc: 0.2% Total acc: 0.1%
==========Test with latent_z: mu =========
Extracted features for query set, obtained torch.Size([2709, 192]) matrix
Extracted features for gallery set, obtained torch.Size([2000, 192]) matrix
Extracting features complete in 0m 4s
Distance computing in 0m 0s
Computing CMC and mAP
Results ---------------------------------------------------
top1:1.1% top5:4.3% top10:7.0% top20:11.7% mAP:2.5%
-----------------------------------------------------------
Using 0m 0s
Classifier results ---------------------------------------------------
Query acc: 0.1% Gallery acc: 0.2% Total acc: 0.1%
Epoch:16 Time:7.9 Data:0.0 Loss:7.8808 Cls Loss:5.9432 Pair Loss:0.5786 KL Loss:1.8734 Recon Loss:0.0642 Acc:0.0207 
Epoch:17 Time:8.2 Data:0.0 Loss:8.5702 Cls Loss:5.9140 Pair Loss:0.5790 KL Loss:2.5929 Recon Loss:0.0633 Acc:0.0189 
Epoch:18 Time:9.1 Data:0.0 Loss:8.5722 Cls Loss:5.8249 Pair Loss:0.5748 KL Loss:2.6827 Recon Loss:0.0647 Acc:0.0270 
Epoch:19 Time:7.7 Data:0.0 Loss:8.3636 Cls Loss:5.7621 Pair Loss:0.5694 KL Loss:2.5385 Recon Loss:0.0630 Acc:0.0277 
The test feature is normalized
The number of sketch samples: 1981
The number of rgb samples: 1987
Epoch:20 Time:66.5 Data:0.0 Loss:7.9184 Cls Loss:5.7113 Pair Loss:0.5681 KL Loss:2.1428 Recon Loss:0.0642 Acc:0.0282 
=> Test at epoch 20
==========Test with latent_z: z_c =========
Extracted features for query set, obtained torch.Size([2709, 128]) matrix
Extracted features for gallery set, obtained torch.Size([2000, 128]) matrix
Extracting features complete in 0m 7s
Distance computing in 0m 0s
Computing CMC and mAP
Results ---------------------------------------------------
top1:0.7% top5:2.9% top10:5.4% top20:9.6% mAP:1.8%
-----------------------------------------------------------
Using 0m 0s
Classifier results ---------------------------------------------------
Query acc: 0.2% Gallery acc: 0.2% Total acc: 0.2%
The test feature is normalized
The number of query sketch samples: 2709
The number of gallery rgb samples: 2000
==========Test with latent_z: x_pre =========
Extracted features for query set, obtained torch.Size([2709, 512]) matrix
Extracted features for gallery set, obtained torch.Size([2000, 512]) matrix
Extracting features complete in 0m 5s
Distance computing in 0m 0s
Computing CMC and mAP
Results ---------------------------------------------------
top1:0.9% top5:2.8% top10:5.1% top20:8.2% mAP:1.8%
-----------------------------------------------------------
Using 0m 0s
Classifier results ---------------------------------------------------
Query acc: 0.2% Gallery acc: 0.2% Total acc: 0.2%
==========Test with latent_z: mu =========
Extracted features for query set, obtained torch.Size([2709, 192]) matrix
Extracted features for gallery set, obtained torch.Size([2000, 192]) matrix
Extracting features complete in 0m 3s
Distance computing in 0m 0s
Computing CMC and mAP
Results ---------------------------------------------------
top1:1.7% top5:6.0% top10:9.6% top20:15.0% mAP:3.2%
-----------------------------------------------------------
Using 0m 0s
Classifier results ---------------------------------------------------
Query acc: 0.1% Gallery acc: 0.2% Total acc: 0.1%
Epoch:21 Time:7.6 Data:0.0 Loss:9.3557 Cls Loss:5.6827 Pair Loss:0.5598 KL Loss:3.6083 Recon Loss:0.0647 Acc:0.0290 
Epoch:22 Time:8.5 Data:0.0 Loss:7.9598 Cls Loss:5.5826 Pair Loss:0.5593 KL Loss:2.3115 Recon Loss:0.0657 Acc:0.0312 
Epoch:23 Time:8.6 Data:0.0 Loss:7.6673 Cls Loss:5.5541 Pair Loss:0.5596 KL Loss:2.0483 Recon Loss:0.0649 Acc:0.0388 
Epoch:24 Time:7.7 Data:0.0 Loss:7.8326 Cls Loss:5.4663 Pair Loss:0.5561 KL Loss:2.3011 Recon Loss:0.0652 Acc:0.0431 
Epoch:25 Time:9.1 Data:0.0 Loss:7.6727 Cls Loss:5.3944 Pair Loss:0.5576 KL Loss:2.2124 Recon Loss:0.0659 Acc:0.0416 
=> Test at epoch 25
==========Test with latent_z: z_c =========
Extracted features for query set, obtained torch.Size([2709, 128]) matrix
Extracted features for gallery set, obtained torch.Size([2000, 128]) matrix
Extracting features complete in 0m 4s
Distance computing in 0m 0s
Computing CMC and mAP
Results ---------------------------------------------------
top1:1.5% top5:5.0% top10:8.9% top20:14.0% mAP:2.7%
-----------------------------------------------------------
Using 0m 0s
Classifier results ---------------------------------------------------
Query acc: 0.1% Gallery acc: 0.2% Total acc: 0.2%
The test feature is normalized
The number of query sketch samples: 2709
The number of gallery rgb samples: 2000
==========Test with latent_z: x_pre =========
Extracted features for query set, obtained torch.Size([2709, 512]) matrix
Extracted features for gallery set, obtained torch.Size([2000, 512]) matrix
Extracting features complete in 0m 5s
Distance computing in 0m 0s
Computing CMC and mAP
Results ---------------------------------------------------
top1:1.1% top5:3.3% top10:5.3% top20:9.7% mAP:2.1%
-----------------------------------------------------------
Using 0m 0s
Classifier results ---------------------------------------------------
Query acc: 0.0% Gallery acc: 0.2% Total acc: 0.1%
==========Test with latent_z: mu =========
Extracted features for query set, obtained torch.Size([2709, 192]) matrix
Extracted features for gallery set, obtained torch.Size([2000, 192]) matrix
Extracting features complete in 0m 3s
Distance computing in 0m 0s
Computing CMC and mAP
Results ---------------------------------------------------
top1:1.5% top5:6.3% top10:10.3% top20:17.5% mAP:3.5%
-----------------------------------------------------------
Using 0m 0s
Classifier results ---------------------------------------------------
Query acc: 0.1% Gallery acc: 0.3% Total acc: 0.2%
Epoch:26 Time:6.9 Data:0.0 Loss:7.6699 Cls Loss:5.3771 Pair Loss:0.5587 KL Loss:2.2268 Recon Loss:0.0660 Acc:0.0373 
Epoch:27 Time:7.6 Data:0.0 Loss:7.3767 Cls Loss:5.3397 Pair Loss:0.5652 KL Loss:1.9713 Recon Loss:0.0656 Acc:0.0491 
Epoch:28 Time:7.2 Data:0.0 Loss:7.5656 Cls Loss:5.3036 Pair Loss:0.5666 KL Loss:2.1954 Recon Loss:0.0667 Acc:0.0489 
Epoch:29 Time:6.8 Data:0.0 Loss:7.7067 Cls Loss:5.2346 Pair Loss:0.5639 KL Loss:2.4055 Recon Loss:0.0666 Acc:0.0577 
The test feature is normalized
The number of sketch samples: 1978
The number of rgb samples: 1990
Epoch:30 Time:173.9 Data:0.0 Loss:7.5582 Cls Loss:5.1686 Pair Loss:0.5599 KL Loss:2.3230 Recon Loss:0.0666 Acc:0.0592 
=> Test at epoch 30
==========Test with latent_z: z_c =========
Extracted features for query set, obtained torch.Size([2709, 128]) matrix
Extracted features for gallery set, obtained torch.Size([2000, 128]) matrix
Extracting features complete in 0m 6s
Distance computing in 0m 0s
Computing CMC and mAP
Results ---------------------------------------------------
top1:1.2% top5:5.8% top10:9.2% top20:14.1% mAP:2.8%
-----------------------------------------------------------
Using 0m 0s
Classifier results ---------------------------------------------------
Query acc: 0.2% Gallery acc: 0.2% Total acc: 0.2%
The test feature is normalized
The number of query sketch samples: 2709
The number of gallery rgb samples: 2000
==========Test with latent_z: x_pre =========
Extracted features for query set, obtained torch.Size([2709, 512]) matrix
Extracted features for gallery set, obtained torch.Size([2000, 512]) matrix
Extracting features complete in 0m 5s
Distance computing in 0m 0s
Computing CMC and mAP
Results ---------------------------------------------------
top1:1.3% top5:4.3% top10:6.6% top20:10.7% mAP:2.5%
-----------------------------------------------------------
Using 0m 0s
Classifier results ---------------------------------------------------
Query acc: 0.0% Gallery acc: 0.2% Total acc: 0.1%
==========Test with latent_z: mu =========
Extracted features for query set, obtained torch.Size([2709, 192]) matrix
Extracted features for gallery set, obtained torch.Size([2000, 192]) matrix
Extracting features complete in 0m 3s
Distance computing in 0m 0s
Computing CMC and mAP
Results ---------------------------------------------------
top1:1.8% top5:6.6% top10:11.9% top20:18.9% mAP:3.8%
-----------------------------------------------------------
Using 0m 0s
Classifier results ---------------------------------------------------
Query acc: 0.2% Gallery acc: 0.2% Total acc: 0.2%
Epoch:31 Time:8.2 Data:0.0 Loss:7.7157 Cls Loss:5.1704 Pair Loss:0.5581 KL Loss:2.4779 Recon Loss:0.0674 Acc:0.0577 
Epoch:32 Time:8.4 Data:0.0 Loss:6.7226 Cls Loss:5.1313 Pair Loss:0.5579 KL Loss:1.5246 Recon Loss:0.0667 Acc:0.0567 
Epoch:33 Time:9.3 Data:0.0 Loss:7.5340 Cls Loss:5.0576 Pair Loss:0.5594 KL Loss:2.4100 Recon Loss:0.0664 Acc:0.0683 
Epoch:34 Time:11.2 Data:0.0 Loss:7.4018 Cls Loss:5.0425 Pair Loss:0.5556 KL Loss:2.2924 Recon Loss:0.0669 Acc:0.0650 
Epoch:35 Time:11.4 Data:0.0 Loss:7.3365 Cls Loss:5.0122 Pair Loss:0.5551 KL Loss:2.2575 Recon Loss:0.0669 Acc:0.0680 
=> Test at epoch 35
==========Test with latent_z: z_c =========
Extracted features for query set, obtained torch.Size([2709, 128]) matrix
Extracted features for gallery set, obtained torch.Size([2000, 128]) matrix
Extracting features complete in 0m 4s
Distance computing in 0m 0s
Computing CMC and mAP
Results ---------------------------------------------------
top1:1.4% top5:6.4% top10:11.3% top20:17.8% mAP:3.3%
-----------------------------------------------------------
Using 0m 0s
Classifier results ---------------------------------------------------
Query acc: 0.2% Gallery acc: 0.2% Total acc: 0.2%
The test feature is normalized
The number of query sketch samples: 2709
The number of gallery rgb samples: 2000
==========Test with latent_z: x_pre =========
Extracted features for query set, obtained torch.Size([2709, 512]) matrix
Extracted features for gallery set, obtained torch.Size([2000, 512]) matrix
Extracting features complete in 0m 4s
Distance computing in 0m 0s
Computing CMC and mAP
Results ---------------------------------------------------
top1:1.7% top5:4.2% top10:7.2% top20:11.7% mAP:2.7%
-----------------------------------------------------------
Using 0m 0s
Classifier results ---------------------------------------------------
Query acc: 0.0% Gallery acc: 0.1% Total acc: 0.0%
==========Test with latent_z: mu =========
Extracted features for query set, obtained torch.Size([2709, 192]) matrix
Extracted features for gallery set, obtained torch.Size([2000, 192]) matrix
Extracting features complete in 0m 3s
Distance computing in 0m 0s
Computing CMC and mAP
Results ---------------------------------------------------
top1:2.3% top5:7.8% top10:12.6% top20:20.5% mAP:4.4%
-----------------------------------------------------------
Using 0m 0s
Classifier results ---------------------------------------------------
Query acc: 0.1% Gallery acc: 0.1% Total acc: 0.1%
Epoch:36 Time:7.5 Data:0.0 Loss:7.2433 Cls Loss:4.9580 Pair Loss:0.5530 KL Loss:2.2183 Recon Loss:0.0670 Acc:0.0751 
Epoch:37 Time:8.6 Data:0.0 Loss:7.6989 Cls Loss:4.9671 Pair Loss:0.5526 KL Loss:2.6643 Recon Loss:0.0674 Acc:0.0696 
Epoch:38 Time:8.2 Data:0.0 Loss:7.3280 Cls Loss:4.9138 Pair Loss:0.5605 KL Loss:2.3474 Recon Loss:0.0668 Acc:0.0761 
Epoch:39 Time:8.2 Data:0.0 Loss:6.8973 Cls Loss:4.8715 Pair Loss:0.5485 KL Loss:1.9587 Recon Loss:0.0671 Acc:0.0817 
The test feature is normalized
The number of sketch samples: 1979
The number of rgb samples: 1989
Epoch:40 Time:163.4 Data:0.0 Loss:7.2624 Cls Loss:4.9230 Pair Loss:0.5557 KL Loss:2.2724 Recon Loss:0.0669 Acc:0.0685 
=> Test at epoch 40
==========Test with latent_z: z_c =========
Extracted features for query set, obtained torch.Size([2709, 128]) matrix
Extracted features for gallery set, obtained torch.Size([2000, 128]) matrix
Extracting features complete in 0m 8s
Distance computing in 0m 0s
Computing CMC and mAP
Results ---------------------------------------------------
top1:1.3% top5:5.7% top10:10.5% top20:16.8% mAP:3.2%
-----------------------------------------------------------
Using 0m 0s
Classifier results ---------------------------------------------------
Query acc: 0.1% Gallery acc: 0.2% Total acc: 0.1%
The test feature is normalized
The number of query sketch samples: 2709
The number of gallery rgb samples: 2000
==========Test with latent_z: x_pre =========
Extracted features for query set, obtained torch.Size([2709, 512]) matrix
Extracted features for gallery set, obtained torch.Size([2000, 512]) matrix
Extracting features complete in 0m 5s
Distance computing in 0m 0s
Computing CMC and mAP
Results ---------------------------------------------------
top1:1.1% top5:4.2% top10:6.1% top20:10.7% mAP:2.4%
-----------------------------------------------------------
Using 0m 0s
Classifier results ---------------------------------------------------
Query acc: 0.2% Gallery acc: 0.1% Total acc: 0.1%
==========Test with latent_z: mu =========
Extracted features for query set, obtained torch.Size([2709, 192]) matrix
Extracted features for gallery set, obtained torch.Size([2000, 192]) matrix
Extracting features complete in 0m 3s
Distance computing in 0m 0s
Computing CMC and mAP
Results ---------------------------------------------------
top1:1.7% top5:6.0% top10:10.7% top20:17.8% mAP:3.5%
-----------------------------------------------------------
Using 0m 0s
Classifier results ---------------------------------------------------
Query acc: 0.1% Gallery acc: 0.1% Total acc: 0.1%
Epoch:41 Time:7.9 Data:0.0 Loss:7.3599 Cls Loss:4.8265 Pair Loss:0.5544 KL Loss:2.4663 Recon Loss:0.0671 Acc:0.0882 
Epoch:42 Time:8.5 Data:0.0 Loss:7.5032 Cls Loss:4.8173 Pair Loss:0.5497 KL Loss:2.6179 Recon Loss:0.0680 Acc:0.0872 
Epoch:43 Time:9.2 Data:0.0 Loss:7.4151 Cls Loss:4.7821 Pair Loss:0.5494 KL Loss:2.5654 Recon Loss:0.0677 Acc:0.0862 
Epoch:44 Time:7.8 Data:0.0 Loss:6.8693 Cls Loss:4.7221 Pair Loss:0.5518 KL Loss:2.0796 Recon Loss:0.0677 Acc:0.0988 
Epoch:45 Time:9.1 Data:0.0 Loss:7.0481 Cls Loss:4.6864 Pair Loss:0.5533 KL Loss:2.2945 Recon Loss:0.0672 Acc:0.0953 
=> Test at epoch 45
==========Test with latent_z: z_c =========
Extracted features for query set, obtained torch.Size([2709, 128]) matrix
Extracted features for gallery set, obtained torch.Size([2000, 128]) matrix
Extracting features complete in 0m 3s
Distance computing in 0m 0s
Computing CMC and mAP
Results ---------------------------------------------------
top1:2.1% top5:7.5% top10:12.6% top20:20.7% mAP:4.0%
-----------------------------------------------------------
Using 0m 0s
Classifier results ---------------------------------------------------
Query acc: 0.1% Gallery acc: 0.2% Total acc: 0.1%
The test feature is normalized
The number of query sketch samples: 2709
The number of gallery rgb samples: 2000
==========Test with latent_z: x_pre =========
Extracted features for query set, obtained torch.Size([2709, 512]) matrix
Extracted features for gallery set, obtained torch.Size([2000, 512]) matrix
Extracting features complete in 0m 4s
Distance computing in 0m 0s
Computing CMC and mAP
Results ---------------------------------------------------
top1:1.2% top5:4.5% top10:7.3% top20:11.8% mAP:2.6%
-----------------------------------------------------------
Using 0m 0s
Classifier results ---------------------------------------------------
Query acc: 0.1% Gallery acc: 0.2% Total acc: 0.1%
==========Test with latent_z: mu =========
Extracted features for query set, obtained torch.Size([2709, 192]) matrix
Extracted features for gallery set, obtained torch.Size([2000, 192]) matrix
Extracting features complete in 0m 3s
Distance computing in 0m 0s
Computing CMC and mAP
Results ---------------------------------------------------
top1:2.5% top5:7.2% top10:11.7% top20:19.0% mAP:4.1%
-----------------------------------------------------------
Using 0m 0s
Classifier results ---------------------------------------------------
Query acc: 0.1% Gallery acc: 0.1% Total acc: 0.1%
Epoch:46 Time:7.8 Data:0.0 Loss:6.8528 Cls Loss:4.6564 Pair Loss:0.5448 KL Loss:2.1287 Recon Loss:0.0677 Acc:0.0975 
Epoch:47 Time:8.3 Data:0.0 Loss:7.2591 Cls Loss:4.6244 Pair Loss:0.5466 KL Loss:2.5669 Recon Loss:0.0677 Acc:0.1033 
Epoch:48 Time:8.5 Data:0.0 Loss:7.2442 Cls Loss:4.5974 Pair Loss:0.5429 KL Loss:2.5793 Recon Loss:0.0675 Acc:0.0960 
Epoch:49 Time:7.8 Data:0.0 Loss:6.7855 Cls Loss:4.6299 Pair Loss:0.5460 KL Loss:2.0880 Recon Loss:0.0676 Acc:0.1016 
The test feature is normalized
The number of sketch samples: 1977
The number of rgb samples: 1991
Epoch:50 Time:71.5 Data:0.0 Loss:7.7336 Cls Loss:4.5592 Pair Loss:0.5426 KL Loss:3.1067 Recon Loss:0.0677 Acc:0.1084 
=> Test at epoch 50
==========Test with latent_z: z_c =========
Extracted features for query set, obtained torch.Size([2709, 128]) matrix
Extracted features for gallery set, obtained torch.Size([2000, 128]) matrix
Extracting features complete in 0m 7s
Distance computing in 0m 0s
Computing CMC and mAP
Results ---------------------------------------------------
top1:2.5% top5:9.2% top10:15.0% top20:23.3% mAP:4.7%
-----------------------------------------------------------
Using 0m 0s
Classifier results ---------------------------------------------------
Query acc: 0.0% Gallery acc: 0.2% Total acc: 0.1%
The test feature is normalized
The number of query sketch samples: 2709
The number of gallery rgb samples: 2000
==========Test with latent_z: x_pre =========
Extracted features for query set, obtained torch.Size([2709, 512]) matrix
Extracted features for gallery set, obtained torch.Size([2000, 512]) matrix
Extracting features complete in 0m 5s
Distance computing in 0m 0s
Computing CMC and mAP
Results ---------------------------------------------------
top1:1.2% top5:4.6% top10:7.3% top20:12.1% mAP:2.6%
-----------------------------------------------------------
Using 0m 0s
Classifier results ---------------------------------------------------
Query acc: 0.0% Gallery acc: 0.2% Total acc: 0.1%
==========Test with latent_z: mu =========
Extracted features for query set, obtained torch.Size([2709, 192]) matrix
Extracted features for gallery set, obtained torch.Size([2000, 192]) matrix
Extracting features complete in 0m 4s
Distance computing in 0m 0s
Computing CMC and mAP
Results ---------------------------------------------------
top1:2.7% top5:9.7% top10:15.4% top20:23.0% mAP:4.9%
-----------------------------------------------------------
Using 0m 0s
Classifier results ---------------------------------------------------
Query acc: 0.1% Gallery acc: 0.1% Total acc: 0.1%
Epoch:51 Time:8.3 Data:0.0 Loss:7.1989 Cls Loss:4.5476 Pair Loss:0.5420 KL Loss:2.5837 Recon Loss:0.0675 Acc:0.1096 
Epoch:52 Time:8.8 Data:0.0 Loss:6.7466 Cls Loss:4.5051 Pair Loss:0.5433 KL Loss:2.1744 Recon Loss:0.0672 Acc:0.1149 
Epoch:53 Time:6.8 Data:0.0 Loss:6.4744 Cls Loss:4.4855 Pair Loss:0.5446 KL Loss:1.9216 Recon Loss:0.0673 Acc:0.1116 
Epoch:54 Time:8.1 Data:0.0 Loss:6.8071 Cls Loss:4.5313 Pair Loss:0.5491 KL Loss:2.2092 Recon Loss:0.0666 Acc:0.1069 
Epoch:55 Time:9.0 Data:0.0 Loss:7.6212 Cls Loss:4.4809 Pair Loss:0.5467 KL Loss:3.0736 Recon Loss:0.0666 Acc:0.1202 
=> Test at epoch 55
==========Test with latent_z: z_c =========
Extracted features for query set, obtained torch.Size([2709, 128]) matrix
Extracted features for gallery set, obtained torch.Size([2000, 128]) matrix
Extracting features complete in 0m 4s
Distance computing in 0m 0s
Computing CMC and mAP
Results ---------------------------------------------------
top1:2.5% top5:8.5% top10:12.9% top20:21.4% mAP:4.5%
-----------------------------------------------------------
Using 0m 0s
Classifier results ---------------------------------------------------
Query acc: 0.1% Gallery acc: 0.2% Total acc: 0.2%
The test feature is normalized
The number of query sketch samples: 2709
The number of gallery rgb samples: 2000
==========Test with latent_z: x_pre =========
Extracted features for query set, obtained torch.Size([2709, 512]) matrix
Extracted features for gallery set, obtained torch.Size([2000, 512]) matrix
Extracting features complete in 0m 4s
Distance computing in 0m 0s
Computing CMC and mAP
Results ---------------------------------------------------
top1:1.7% top5:4.6% top10:7.8% top20:13.2% mAP:3.0%
-----------------------------------------------------------
Using 0m 0s
Classifier results ---------------------------------------------------
Query acc: 0.1% Gallery acc: 0.2% Total acc: 0.1%
==========Test with latent_z: mu =========
Extracted features for query set, obtained torch.Size([2709, 192]) matrix
Extracted features for gallery set, obtained torch.Size([2000, 192]) matrix
Extracting features complete in 0m 3s
Distance computing in 0m 0s
Computing CMC and mAP
Results ---------------------------------------------------
top1:3.0% top5:9.7% top10:15.1% top20:22.6% mAP:5.2%
-----------------------------------------------------------
Using 0m 0s
Classifier results ---------------------------------------------------
Query acc: 0.0% Gallery acc: 0.2% Total acc: 0.1%
Epoch:56 Time:8.5 Data:0.0 Loss:7.6023 Cls Loss:4.5029 Pair Loss:0.5460 KL Loss:3.0323 Recon Loss:0.0671 Acc:0.1129 
Epoch:57 Time:6.9 Data:0.0 Loss:6.8360 Cls Loss:4.4716 Pair Loss:0.5458 KL Loss:2.2982 Recon Loss:0.0662 Acc:0.1225 
Epoch:58 Time:8.6 Data:0.0 Loss:7.4260 Cls Loss:4.3702 Pair Loss:0.5408 KL Loss:2.9886 Recon Loss:0.0672 Acc:0.1255 
Epoch:59 Time:8.5 Data:0.0 Loss:6.4408 Cls Loss:4.4249 Pair Loss:0.5398 KL Loss:1.9487 Recon Loss:0.0671 Acc:0.1225 
The test feature is normalized
The number of sketch samples: 1980
The number of rgb samples: 1988
Epoch:60 Time:96.9 Data:0.0 Loss:6.7321 Cls Loss:4.3427 Pair Loss:0.5388 KL Loss:2.3223 Recon Loss:0.0671 Acc:0.1333 
=> Test at epoch 60
==========Test with latent_z: z_c =========
Extracted features for query set, obtained torch.Size([2709, 128]) matrix
Extracted features for gallery set, obtained torch.Size([2000, 128]) matrix
Extracting features complete in 0m 8s
Distance computing in 0m 0s
Computing CMC and mAP
Results ---------------------------------------------------
top1:3.1% top5:9.3% top10:15.2% top20:23.5% mAP:5.1%
-----------------------------------------------------------
Using 0m 0s
Classifier results ---------------------------------------------------
Query acc: 0.2% Gallery acc: 0.1% Total acc: 0.1%
The test feature is normalized
The number of query sketch samples: 2709
The number of gallery rgb samples: 2000
==========Test with latent_z: x_pre =========
Extracted features for query set, obtained torch.Size([2709, 512]) matrix
Extracted features for gallery set, obtained torch.Size([2000, 512]) matrix
Extracting features complete in 0m 6s
Distance computing in 0m 0s
Computing CMC and mAP
Results ---------------------------------------------------
top1:2.0% top5:6.0% top10:9.6% top20:15.7% mAP:3.4%
-----------------------------------------------------------
Using 0m 0s
Classifier results ---------------------------------------------------
Query acc: 0.1% Gallery acc: 0.1% Total acc: 0.1%
==========Test with latent_z: mu =========
Extracted features for query set, obtained torch.Size([2709, 192]) matrix
Extracted features for gallery set, obtained torch.Size([2000, 192]) matrix
Extracting features complete in 0m 4s
Distance computing in 0m 0s
Computing CMC and mAP
Results ---------------------------------------------------
top1:2.5% top5:9.4% top10:14.1% top20:22.9% mAP:4.9%
-----------------------------------------------------------
Using 0m 0s
Classifier results ---------------------------------------------------
Query acc: 0.0% Gallery acc: 0.2% Total acc: 0.1%
Epoch:61 Time:8.4 Data:0.0 Loss:5.8150 Cls Loss:4.1236 Pair Loss:0.5411 KL Loss:1.6255 Recon Loss:0.0658 Acc:0.1686 
Epoch:62 Time:8.3 Data:0.0 Loss:6.0525 Cls Loss:4.0995 Pair Loss:0.5369 KL Loss:1.8878 Recon Loss:0.0651 Acc:0.1752 
Epoch:63 Time:7.6 Data:0.0 Loss:5.8253 Cls Loss:4.0918 Pair Loss:0.5387 KL Loss:1.6686 Recon Loss:0.0650 Acc:0.1709 
Epoch:64 Time:7.4 Data:0.0 Loss:5.8241 Cls Loss:4.0221 Pair Loss:0.5345 KL Loss:1.7370 Recon Loss:0.0649 Acc:0.1905 
Epoch:65 Time:7.6 Data:0.0 Loss:5.4122 Cls Loss:4.0199 Pair Loss:0.5312 KL Loss:1.3274 Recon Loss:0.0649 Acc:0.1825 
=> Test at epoch 65
==========Test with latent_z: z_c =========
Extracted features for query set, obtained torch.Size([2709, 128]) matrix
Extracted features for gallery set, obtained torch.Size([2000, 128]) matrix
Extracting features complete in 0m 4s
Distance computing in 0m 0s
Computing CMC and mAP
Results ---------------------------------------------------
top1:3.1% top5:10.0% top10:15.3% top20:24.8% mAP:5.3%
-----------------------------------------------------------
Using 0m 0s
Classifier results ---------------------------------------------------
Query acc: 0.1% Gallery acc: 0.2% Total acc: 0.1%
The test feature is normalized
The number of query sketch samples: 2709
The number of gallery rgb samples: 2000
==========Test with latent_z: x_pre =========
Extracted features for query set, obtained torch.Size([2709, 512]) matrix
Extracted features for gallery set, obtained torch.Size([2000, 512]) matrix
Extracting features complete in 0m 5s
Distance computing in 0m 0s
Computing CMC and mAP
Results ---------------------------------------------------
top1:2.1% top5:6.2% top10:10.2% top20:16.3% mAP:3.6%
-----------------------------------------------------------
Using 0m 0s
Classifier results ---------------------------------------------------
Query acc: 0.0% Gallery acc: 0.1% Total acc: 0.0%
==========Test with latent_z: mu =========
Extracted features for query set, obtained torch.Size([2709, 192]) matrix
Extracted features for gallery set, obtained torch.Size([2000, 192]) matrix
Extracting features complete in 0m 4s
Distance computing in 0m 0s
Computing CMC and mAP
Results ---------------------------------------------------
top1:2.8% top5:9.6% top10:15.0% top20:23.9% mAP:5.2%
-----------------------------------------------------------
Using 0m 0s
Classifier results ---------------------------------------------------
Query acc: 0.1% Gallery acc: 0.1% Total acc: 0.1%
Epoch:66 Time:6.4 Data:0.0 Loss:5.6537 Cls Loss:3.9558 Pair Loss:0.5327 KL Loss:1.6331 Recon Loss:0.0648 Acc:0.1938 
Epoch:67 Time:7.4 Data:0.0 Loss:5.4150 Cls Loss:3.9869 Pair Loss:0.5351 KL Loss:1.3634 Recon Loss:0.0647 Acc:0.1978 
Epoch:68 Time:9.1 Data:0.0 Loss:5.6867 Cls Loss:3.9219 Pair Loss:0.5331 KL Loss:1.7001 Recon Loss:0.0647 Acc:0.2029 
Epoch:69 Time:7.5 Data:0.0 Loss:5.4268 Cls Loss:3.9314 Pair Loss:0.5334 KL Loss:1.4307 Recon Loss:0.0647 Acc:0.2170 
The test feature is normalized
The number of sketch samples: 1978
The number of rgb samples: 1990
Epoch:70 Time:66.6 Data:0.0 Loss:5.5736 Cls Loss:3.9377 Pair Loss:0.5335 KL Loss:1.5712 Recon Loss:0.0647 Acc:0.1981 
=> Test at epoch 70
==========Test with latent_z: z_c =========
Extracted features for query set, obtained torch.Size([2709, 128]) matrix
Extracted features for gallery set, obtained torch.Size([2000, 128]) matrix
Extracting features complete in 0m 7s
Distance computing in 0m 0s
Computing CMC and mAP
Results ---------------------------------------------------
top1:3.2% top5:10.4% top10:16.6% top20:25.0% mAP:5.5%
-----------------------------------------------------------
Using 0m 0s
Classifier results ---------------------------------------------------
Query acc: 0.1% Gallery acc: 0.2% Total acc: 0.1%
The test feature is normalized
The number of query sketch samples: 2709
The number of gallery rgb samples: 2000
==========Test with latent_z: x_pre =========
Extracted features for query set, obtained torch.Size([2709, 512]) matrix
Extracted features for gallery set, obtained torch.Size([2000, 512]) matrix
Extracting features complete in 0m 6s
Distance computing in 0m 0s
Computing CMC and mAP
Results ---------------------------------------------------
top1:2.3% top5:6.3% top10:10.1% top20:16.6% mAP:3.7%
-----------------------------------------------------------
Using 0m 0s
Classifier results ---------------------------------------------------
Query acc: 0.1% Gallery acc: 0.2% Total acc: 0.1%
==========Test with latent_z: mu =========
Extracted features for query set, obtained torch.Size([2709, 192]) matrix
Extracted features for gallery set, obtained torch.Size([2000, 192]) matrix
Extracting features complete in 0m 4s
Distance computing in 0m 0s
Computing CMC and mAP
Results ---------------------------------------------------
top1:2.8% top5:9.4% top10:14.9% top20:24.4% mAP:5.3%
-----------------------------------------------------------
Using 0m 0s
Classifier results ---------------------------------------------------
Query acc: 0.1% Gallery acc: 0.2% Total acc: 0.2%
Epoch:71 Time:8.5 Data:0.0 Loss:5.4232 Cls Loss:3.8477 Pair Loss:0.5303 KL Loss:1.5109 Recon Loss:0.0646 Acc:0.2130 
Epoch:72 Time:7.7 Data:0.0 Loss:5.4655 Cls Loss:3.8802 Pair Loss:0.5306 KL Loss:1.5208 Recon Loss:0.0645 Acc:0.2104 
Epoch:73 Time:9.1 Data:0.0 Loss:5.3999 Cls Loss:3.8275 Pair Loss:0.5282 KL Loss:1.5081 Recon Loss:0.0643 Acc:0.2198 
Epoch:74 Time:8.0 Data:0.0 Loss:5.5521 Cls Loss:3.8226 Pair Loss:0.5285 KL Loss:1.6651 Recon Loss:0.0644 Acc:0.2235 
Epoch:75 Time:8.8 Data:0.0 Loss:5.3587 Cls Loss:3.8284 Pair Loss:0.5294 KL Loss:1.4661 Recon Loss:0.0642 Acc:0.2157 
=> Test at epoch 75
==========Test with latent_z: z_c =========
Extracted features for query set, obtained torch.Size([2709, 128]) matrix
Extracted features for gallery set, obtained torch.Size([2000, 128]) matrix
Extracting features complete in 0m 3s
Distance computing in 0m 0s
Computing CMC and mAP
Results ---------------------------------------------------
top1:3.3% top5:10.9% top10:16.4% top20:26.0% mAP:5.6%
-----------------------------------------------------------
Using 0m 0s
Classifier results ---------------------------------------------------
Query acc: 0.2% Gallery acc: 0.1% Total acc: 0.1%
The test feature is normalized
The number of query sketch samples: 2709
The number of gallery rgb samples: 2000
==========Test with latent_z: x_pre =========
Extracted features for query set, obtained torch.Size([2709, 512]) matrix
Extracted features for gallery set, obtained torch.Size([2000, 512]) matrix
Extracting features complete in 0m 4s
Distance computing in 0m 0s
Computing CMC and mAP
Results ---------------------------------------------------
top1:2.3% top5:6.7% top10:10.5% top20:16.8% mAP:3.8%
-----------------------------------------------------------
Using 0m 0s
Classifier results ---------------------------------------------------
Query acc: 0.1% Gallery acc: 0.1% Total acc: 0.1%
==========Test with latent_z: mu =========
Extracted features for query set, obtained torch.Size([2709, 192]) matrix
Extracted features for gallery set, obtained torch.Size([2000, 192]) matrix
Extracting features complete in 0m 3s
Distance computing in 0m 0s
Computing CMC and mAP
Results ---------------------------------------------------
top1:3.1% top5:10.0% top10:15.9% top20:25.7% mAP:5.6%
-----------------------------------------------------------
Using 0m 0s
Classifier results ---------------------------------------------------
Query acc: 0.2% Gallery acc: 0.2% Total acc: 0.2%
Epoch:76 Time:6.6 Data:0.0 Loss:5.4032 Cls Loss:3.8032 Pair Loss:0.5249 KL Loss:1.5355 Recon Loss:0.0645 Acc:0.2215 
Epoch:77 Time:7.4 Data:0.0 Loss:5.4394 Cls Loss:3.7786 Pair Loss:0.5250 KL Loss:1.5969 Recon Loss:0.0639 Acc:0.2296 
Epoch:78 Time:7.5 Data:0.0 Loss:5.4427 Cls Loss:3.7375 Pair Loss:0.5246 KL Loss:1.6411 Recon Loss:0.0640 Acc:0.2361 
Epoch:79 Time:7.0 Data:0.0 Loss:5.3594 Cls Loss:3.7644 Pair Loss:0.5295 KL Loss:1.5312 Recon Loss:0.0639 Acc:0.2351 
The test feature is normalized
The number of sketch samples: 1978
The number of rgb samples: 1990
Epoch:80 Time:190.6 Data:0.0 Loss:5.4304 Cls Loss:3.7688 Pair Loss:0.5218 KL Loss:1.5977 Recon Loss:0.0638 Acc:0.2261 
=> Test at epoch 80
==========Test with latent_z: z_c =========
Extracted features for query set, obtained torch.Size([2709, 128]) matrix
Extracted features for gallery set, obtained torch.Size([2000, 128]) matrix
Extracting features complete in 0m 7s
Distance computing in 0m 0s
Computing CMC and mAP
Results ---------------------------------------------------
top1:3.4% top5:10.9% top10:16.6% top20:25.8% mAP:5.7%
-----------------------------------------------------------
Using 0m 0s
Classifier results ---------------------------------------------------
Query acc: 0.2% Gallery acc: 0.2% Total acc: 0.2%
The test feature is normalized
The number of query sketch samples: 2709
The number of gallery rgb samples: 2000
==========Test with latent_z: x_pre =========
Extracted features for query set, obtained torch.Size([2709, 512]) matrix
Extracted features for gallery set, obtained torch.Size([2000, 512]) matrix
Extracting features complete in 0m 5s
Distance computing in 0m 0s
Computing CMC and mAP
Results ---------------------------------------------------
top1:2.4% top5:6.9% top10:11.0% top20:17.2% mAP:3.9%
-----------------------------------------------------------
Using 0m 0s
Classifier results ---------------------------------------------------
Query acc: 0.2% Gallery acc: 0.1% Total acc: 0.1%
==========Test with latent_z: mu =========
Extracted features for query set, obtained torch.Size([2709, 192]) matrix
Extracted features for gallery set, obtained torch.Size([2000, 192]) matrix
Extracting features complete in 0m 3s
Distance computing in 0m 0s
Computing CMC and mAP
Results ---------------------------------------------------
top1:3.4% top5:10.1% top10:15.9% top20:25.7% mAP:5.7%
-----------------------------------------------------------
Using 0m 0s
Classifier results ---------------------------------------------------
Query acc: 0.3% Gallery acc: 0.2% Total acc: 0.3%
Epoch:81 Time:8.3 Data:0.0 Loss:5.1355 Cls Loss:3.6918 Pair Loss:0.5199 KL Loss:1.3800 Recon Loss:0.0637 Acc:0.2467 
Epoch:82 Time:8.4 Data:0.0 Loss:5.2285 Cls Loss:3.6789 Pair Loss:0.5233 KL Loss:1.4861 Recon Loss:0.0635 Acc:0.2377 
Epoch:83 Time:8.0 Data:0.0 Loss:5.3125 Cls Loss:3.6985 Pair Loss:0.5244 KL Loss:1.5506 Recon Loss:0.0634 Acc:0.2316 
Epoch:84 Time:7.4 Data:0.0 Loss:5.5199 Cls Loss:3.7054 Pair Loss:0.5261 KL Loss:1.7510 Recon Loss:0.0635 Acc:0.2361 
Epoch:85 Time:8.5 Data:0.0 Loss:5.6415 Cls Loss:3.6968 Pair Loss:0.5242 KL Loss:1.8816 Recon Loss:0.0631 Acc:0.2341 
=> Test at epoch 85
==========Test with latent_z: z_c =========
Extracted features for query set, obtained torch.Size([2709, 128]) matrix
Extracted features for gallery set, obtained torch.Size([2000, 128]) matrix
Extracting features complete in 0m 4s
Distance computing in 0m 0s
Computing CMC and mAP
Results ---------------------------------------------------
top1:3.8% top5:11.4% top10:18.7% top20:28.8% mAP:6.2%
-----------------------------------------------------------
Using 0m 0s
Classifier results ---------------------------------------------------
Query acc: 0.1% Gallery acc: 0.2% Total acc: 0.2%
The test feature is normalized
The number of query sketch samples: 2709
The number of gallery rgb samples: 2000
==========Test with latent_z: x_pre =========
Extracted features for query set, obtained torch.Size([2709, 512]) matrix
Extracted features for gallery set, obtained torch.Size([2000, 512]) matrix
Extracting features complete in 0m 5s
Distance computing in 0m 0s
Computing CMC and mAP
Results ---------------------------------------------------
top1:2.5% top5:7.3% top10:11.4% top20:17.9% mAP:4.1%
-----------------------------------------------------------
Using 0m 0s
Classifier results ---------------------------------------------------
Query acc: 0.1% Gallery acc: 0.1% Total acc: 0.1%
==========Test with latent_z: mu =========
Extracted features for query set, obtained torch.Size([2709, 192]) matrix
Extracted features for gallery set, obtained torch.Size([2000, 192]) matrix
Extracting features complete in 0m 4s
Distance computing in 0m 0s
Computing CMC and mAP
Results ---------------------------------------------------
top1:3.6% top5:10.2% top10:16.4% top20:26.6% mAP:5.9%
-----------------------------------------------------------
Using 0m 0s
Classifier results ---------------------------------------------------
Query acc: 0.1% Gallery acc: 0.2% Total acc: 0.2%
Epoch:86 Time:7.8 Data:0.0 Loss:5.6351 Cls Loss:3.6921 Pair Loss:0.5227 KL Loss:1.8801 Recon Loss:0.0630 Acc:0.2382 
Epoch:87 Time:8.6 Data:0.0 Loss:5.2075 Cls Loss:3.6876 Pair Loss:0.5219 KL Loss:1.4571 Recon Loss:0.0628 Acc:0.2427 
Epoch:88 Time:8.3 Data:0.0 Loss:5.4475 Cls Loss:3.6541 Pair Loss:0.5240 KL Loss:1.7307 Recon Loss:0.0627 Acc:0.2440 
Epoch:89 Time:9.1 Data:0.0 Loss:5.5113 Cls Loss:3.6118 Pair Loss:0.5199 KL Loss:1.8369 Recon Loss:0.0626 Acc:0.2505 
The test feature is normalized
The number of sketch samples: 1983
The number of rgb samples: 1985
Epoch:90 Time:173.5 Data:0.0 Loss:5.4828 Cls Loss:3.6371 Pair Loss:0.5221 KL Loss:1.7833 Recon Loss:0.0623 Acc:0.2404 
=> Test at epoch 90
==========Test with latent_z: z_c =========
Extracted features for query set, obtained torch.Size([2709, 128]) matrix
Extracted features for gallery set, obtained torch.Size([2000, 128]) matrix
Extracting features complete in 0m 7s
Distance computing in 0m 0s
Computing CMC and mAP
Results ---------------------------------------------------
top1:4.0% top5:11.4% top10:17.5% top20:28.0% mAP:6.2%
-----------------------------------------------------------
Using 0m 0s
Classifier results ---------------------------------------------------
Query acc: 0.3% Gallery acc: 0.2% Total acc: 0.2%
The test feature is normalized
The number of query sketch samples: 2709
The number of gallery rgb samples: 2000
==========Test with latent_z: x_pre =========
Extracted features for query set, obtained torch.Size([2709, 512]) matrix
Extracted features for gallery set, obtained torch.Size([2000, 512]) matrix
Extracting features complete in 0m 6s
Distance computing in 0m 0s
Computing CMC and mAP
Results ---------------------------------------------------
top1:2.4% top5:7.3% top10:11.4% top20:18.1% mAP:4.0%
-----------------------------------------------------------
Using 0m 0s
Classifier results ---------------------------------------------------
Query acc: 0.1% Gallery acc: 0.2% Total acc: 0.2%
==========Test with latent_z: mu =========
Extracted features for query set, obtained torch.Size([2709, 192]) matrix
Extracted features for gallery set, obtained torch.Size([2000, 192]) matrix
Extracting features complete in 0m 4s
Distance computing in 0m 0s
Computing CMC and mAP
Results ---------------------------------------------------
top1:3.9% top5:10.8% top10:17.6% top20:27.1% mAP:6.1%
-----------------------------------------------------------
Using 0m 0s
Classifier results ---------------------------------------------------
Query acc: 0.2% Gallery acc: 0.1% Total acc: 0.1%
Epoch:91 Time:8.4 Data:0.0 Loss:5.2000 Cls Loss:3.6228 Pair Loss:0.5208 KL Loss:1.5149 Recon Loss:0.0623 Acc:0.2492 
Epoch:92 Time:8.6 Data:0.0 Loss:5.3821 Cls Loss:3.6117 Pair Loss:0.5227 KL Loss:1.7082 Recon Loss:0.0622 Acc:0.2533 
Epoch:93 Time:7.7 Data:0.0 Loss:5.4565 Cls Loss:3.6165 Pair Loss:0.5160 KL Loss:1.7781 Recon Loss:0.0620 Acc:0.2455 
Epoch:94 Time:9.1 Data:0.0 Loss:5.2865 Cls Loss:3.5886 Pair Loss:0.5193 KL Loss:1.6360 Recon Loss:0.0619 Acc:0.2659 
Epoch:95 Time:7.7 Data:0.0 Loss:5.2438 Cls Loss:3.6172 Pair Loss:0.5212 KL Loss:1.5649 Recon Loss:0.0616 Acc:0.2457 
=> Test at epoch 95
==========Test with latent_z: z_c =========
Extracted features for query set, obtained torch.Size([2709, 128]) matrix
Extracted features for gallery set, obtained torch.Size([2000, 128]) matrix
Extracting features complete in 0m 4s
Distance computing in 0m 0s
Computing CMC and mAP
Results ---------------------------------------------------
top1:3.9% top5:12.2% top10:18.5% top20:28.8% mAP:6.2%
-----------------------------------------------------------
Using 0m 0s
Classifier results ---------------------------------------------------
Query acc: 0.2% Gallery acc: 0.2% Total acc: 0.2%
The test feature is normalized
The number of query sketch samples: 2709
The number of gallery rgb samples: 2000
==========Test with latent_z: x_pre =========
Extracted features for query set, obtained torch.Size([2709, 512]) matrix
Extracted features for gallery set, obtained torch.Size([2000, 512]) matrix
Extracting features complete in 0m 5s
Distance computing in 0m 0s
Computing CMC and mAP
Results ---------------------------------------------------
top1:2.5% top5:7.4% top10:11.4% top20:18.0% mAP:4.0%
-----------------------------------------------------------
Using 0m 0s
Classifier results ---------------------------------------------------
Query acc: 0.1% Gallery acc: 0.2% Total acc: 0.2%
==========Test with latent_z: mu =========
Extracted features for query set, obtained torch.Size([2709, 192]) matrix
Extracted features for gallery set, obtained torch.Size([2000, 192]) matrix
Extracting features complete in 0m 3s
Distance computing in 0m 0s
Computing CMC and mAP
Results ---------------------------------------------------
top1:3.9% top5:10.8% top10:17.9% top20:27.3% mAP:6.1%
-----------------------------------------------------------
Using 0m 0s
Classifier results ---------------------------------------------------
Query acc: 0.2% Gallery acc: 0.2% Total acc: 0.2%
Epoch:96 Time:6.6 Data:0.0 Loss:5.0801 Cls Loss:3.5797 Pair Loss:0.5180 KL Loss:1.4388 Recon Loss:0.0616 Acc:0.2548 
Epoch:97 Time:9.2 Data:0.0 Loss:5.0800 Cls Loss:3.5738 Pair Loss:0.5238 KL Loss:1.4450 Recon Loss:0.0612 Acc:0.2558 
Epoch:98 Time:8.6 Data:0.0 Loss:5.1930 Cls Loss:3.5658 Pair Loss:0.5180 KL Loss:1.5661 Recon Loss:0.0611 Acc:0.2593 
Epoch:99 Time:9.0 Data:0.0 Loss:4.8834 Cls Loss:3.5731 Pair Loss:0.5218 KL Loss:1.2493 Recon Loss:0.0610 Acc:0.2555 
The test feature is normalized
The number of sketch samples: 1977
The number of rgb samples: 1991
Epoch:100 Time:72.3 Data:0.0 Loss:5.0191 Cls Loss:3.5591 Pair Loss:0.5175 KL Loss:1.3993 Recon Loss:0.0607 Acc:0.2495 
=> Test at epoch 100
==========Test with latent_z: z_c =========
Extracted features for query set, obtained torch.Size([2709, 128]) matrix
Extracted features for gallery set, obtained torch.Size([2000, 128]) matrix
Extracting features complete in 0m 7s
Distance computing in 0m 0s
Computing CMC and mAP
Results ---------------------------------------------------
top1:4.0% top5:12.7% top10:19.9% top20:28.5% mAP:6.5%
-----------------------------------------------------------
Using 0m 0s
Classifier results ---------------------------------------------------
Query acc: 0.1% Gallery acc: 0.2% Total acc: 0.2%
The test feature is normalized
The number of query sketch samples: 2709
The number of gallery rgb samples: 2000
==========Test with latent_z: x_pre =========
Extracted features for query set, obtained torch.Size([2709, 512]) matrix
Extracted features for gallery set, obtained torch.Size([2000, 512]) matrix
Extracting features complete in 0m 4s
Distance computing in 0m 0s
Computing CMC and mAP
Results ---------------------------------------------------
top1:2.5% top5:7.7% top10:11.9% top20:18.4% mAP:4.2%
-----------------------------------------------------------
Using 0m 0s
Classifier results ---------------------------------------------------
Query acc: 0.2% Gallery acc: 0.2% Total acc: 0.2%
==========Test with latent_z: mu =========
Extracted features for query set, obtained torch.Size([2709, 192]) matrix
Extracted features for gallery set, obtained torch.Size([2000, 192]) matrix
Extracting features complete in 0m 3s
Distance computing in 0m 0s
Computing CMC and mAP
Results ---------------------------------------------------
top1:3.9% top5:11.3% top10:18.4% top20:28.3% mAP:6.3%
-----------------------------------------------------------
Using 0m 0s
Classifier results ---------------------------------------------------
Query acc: 0.2% Gallery acc: 0.1% Total acc: 0.1%
Epoch:101 Time:6.3 Data:0.0 Loss:5.2836 Cls Loss:3.5669 Pair Loss:0.5192 KL Loss:1.6560 Recon Loss:0.0606 Acc:0.2636 
Epoch:102 Time:8.3 Data:0.0 Loss:5.1350 Cls Loss:3.5612 Pair Loss:0.5236 KL Loss:1.5132 Recon Loss:0.0606 Acc:0.2639 
Epoch:103 Time:8.5 Data:0.0 Loss:5.0492 Cls Loss:3.5292 Pair Loss:0.5176 KL Loss:1.4596 Recon Loss:0.0604 Acc:0.2659 
Epoch:104 Time:8.4 Data:0.0 Loss:5.2846 Cls Loss:3.5189 Pair Loss:0.5214 KL Loss:1.7052 Recon Loss:0.0604 Acc:0.2772 
Epoch:105 Time:7.3 Data:0.0 Loss:5.1152 Cls Loss:3.5115 Pair Loss:0.5174 KL Loss:1.5433 Recon Loss:0.0604 Acc:0.2692 
=> Test at epoch 105
==========Test with latent_z: z_c =========
Extracted features for query set, obtained torch.Size([2709, 128]) matrix
Extracted features for gallery set, obtained torch.Size([2000, 128]) matrix
Extracting features complete in 0m 4s
Distance computing in 0m 0s
Computing CMC and mAP
Results ---------------------------------------------------
top1:4.0% top5:11.8% top10:18.7% top20:27.6% mAP:6.4%
-----------------------------------------------------------
Using 0m 0s
Classifier results ---------------------------------------------------
Query acc: 0.3% Gallery acc: 0.2% Total acc: 0.2%
The test feature is normalized
The number of query sketch samples: 2709
The number of gallery rgb samples: 2000
==========Test with latent_z: x_pre =========
Extracted features for query set, obtained torch.Size([2709, 512]) matrix
Extracted features for gallery set, obtained torch.Size([2000, 512]) matrix
Extracting features complete in 0m 5s
Distance computing in 0m 0s
Computing CMC and mAP
Results ---------------------------------------------------
top1:2.6% top5:7.6% top10:11.8% top20:18.6% mAP:4.2%
-----------------------------------------------------------
Using 0m 0s
Classifier results ---------------------------------------------------
Query acc: 0.1% Gallery acc: 0.2% Total acc: 0.1%
==========Test with latent_z: mu =========
Extracted features for query set, obtained torch.Size([2709, 192]) matrix
Extracted features for gallery set, obtained torch.Size([2000, 192]) matrix
Extracting features complete in 0m 4s
Distance computing in 0m 0s
Computing CMC and mAP
Results ---------------------------------------------------
top1:4.1% top5:11.9% top10:18.8% top20:28.2% mAP:6.4%
-----------------------------------------------------------
Using 0m 0s
Classifier results ---------------------------------------------------
Query acc: 0.2% Gallery acc: 0.2% Total acc: 0.2%
Epoch:106 Time:8.2 Data:0.0 Loss:5.1955 Cls Loss:3.5453 Pair Loss:0.5198 KL Loss:1.5900 Recon Loss:0.0602 Acc:0.2669 
Epoch:107 Time:8.4 Data:0.0 Loss:5.1034 Cls Loss:3.4974 Pair Loss:0.5168 KL Loss:1.5459 Recon Loss:0.0601 Acc:0.2802 
Epoch:108 Time:9.0 Data:0.0 Loss:5.1180 Cls Loss:3.5046 Pair Loss:0.5165 KL Loss:1.5533 Recon Loss:0.0601 Acc:0.2692 
Epoch:109 Time:7.4 Data:0.0 Loss:5.0278 Cls Loss:3.4824 Pair Loss:0.5163 KL Loss:1.4852 Recon Loss:0.0601 Acc:0.2891 
The test feature is normalized
The number of sketch samples: 1981
The number of rgb samples: 1987
Epoch:110 Time:151.2 Data:0.0 Loss:4.9067 Cls Loss:3.4884 Pair Loss:0.5179 KL Loss:1.3582 Recon Loss:0.0600 Acc:0.2734 
=> Test at epoch 110
==========Test with latent_z: z_c =========
Extracted features for query set, obtained torch.Size([2709, 128]) matrix
Extracted features for gallery set, obtained torch.Size([2000, 128]) matrix
Extracting features complete in 0m 6s
Distance computing in 0m 0s
Computing CMC and mAP
Results ---------------------------------------------------
top1:4.2% top5:12.1% top10:18.8% top20:28.0% mAP:6.5%
-----------------------------------------------------------
Using 0m 0s
Classifier results ---------------------------------------------------
Query acc: 0.2% Gallery acc: 0.1% Total acc: 0.1%
The test feature is normalized
The number of query sketch samples: 2709
The number of gallery rgb samples: 2000
==========Test with latent_z: x_pre =========
Extracted features for query set, obtained torch.Size([2709, 512]) matrix
Extracted features for gallery set, obtained torch.Size([2000, 512]) matrix
Extracting features complete in 0m 6s
Distance computing in 0m 0s
Computing CMC and mAP
Results ---------------------------------------------------
top1:2.5% top5:7.9% top10:12.2% top20:19.0% mAP:4.3%
-----------------------------------------------------------
Using 0m 0s
Classifier results ---------------------------------------------------
Query acc: 0.2% Gallery acc: 0.1% Total acc: 0.1%
==========Test with latent_z: mu =========
Extracted features for query set, obtained torch.Size([2709, 192]) matrix
Extracted features for gallery set, obtained torch.Size([2000, 192]) matrix
Extracting features complete in 0m 3s
Distance computing in 0m 0s
Computing CMC and mAP
Results ---------------------------------------------------
top1:4.3% top5:11.8% top10:19.0% top20:29.1% mAP:6.6%
-----------------------------------------------------------
Using 0m 0s
Classifier results ---------------------------------------------------
Query acc: 0.2% Gallery acc: 0.1% Total acc: 0.1%
Epoch:111 Time:6.9 Data:0.0 Loss:5.0136 Cls Loss:3.4846 Pair Loss:0.5165 KL Loss:1.4689 Recon Loss:0.0600 Acc:0.2724 
Epoch:112 Time:7.7 Data:0.0 Loss:5.1478 Cls Loss:3.4920 Pair Loss:0.5184 KL Loss:1.5958 Recon Loss:0.0600 Acc:0.2797 
Epoch:113 Time:7.6 Data:0.0 Loss:5.0486 Cls Loss:3.4789 Pair Loss:0.5201 KL Loss:1.5098 Recon Loss:0.0598 Acc:0.2795 
Epoch:114 Time:7.3 Data:0.0 Loss:4.8712 Cls Loss:3.4387 Pair Loss:0.5138 KL Loss:1.3727 Recon Loss:0.0597 Acc:0.2891 
Epoch:115 Time:6.4 Data:0.0 Loss:4.9914 Cls Loss:3.4261 Pair Loss:0.5157 KL Loss:1.5056 Recon Loss:0.0596 Acc:0.2787 
=> Test at epoch 115
==========Test with latent_z: z_c =========
Extracted features for query set, obtained torch.Size([2709, 128]) matrix
Extracted features for gallery set, obtained torch.Size([2000, 128]) matrix
Extracting features complete in 0m 4s
Distance computing in 0m 0s
Computing CMC and mAP
Results ---------------------------------------------------
top1:4.1% top5:12.8% top10:20.0% top20:27.9% mAP:6.7%
-----------------------------------------------------------
Using 0m 0s
Classifier results ---------------------------------------------------
Query acc: 0.3% Gallery acc: 0.2% Total acc: 0.2%
The test feature is normalized
The number of query sketch samples: 2709
The number of gallery rgb samples: 2000
==========Test with latent_z: x_pre =========
Extracted features for query set, obtained torch.Size([2709, 512]) matrix
Extracted features for gallery set, obtained torch.Size([2000, 512]) matrix
Extracting features complete in 0m 5s
Distance computing in 0m 0s
Computing CMC and mAP
Results ---------------------------------------------------
top1:2.5% top5:8.0% top10:12.6% top20:19.6% mAP:4.4%
-----------------------------------------------------------
Using 0m 0s
Classifier results ---------------------------------------------------
Query acc: 0.2% Gallery acc: 0.0% Total acc: 0.1%
==========Test with latent_z: mu =========
Extracted features for query set, obtained torch.Size([2709, 192]) matrix
Extracted features for gallery set, obtained torch.Size([2000, 192]) matrix
Extracting features complete in 0m 3s
Distance computing in 0m 0s
Computing CMC and mAP
Results ---------------------------------------------------
top1:4.1% top5:12.2% top10:19.0% top20:29.8% mAP:6.6%
-----------------------------------------------------------
Using 0m 0s
Classifier results ---------------------------------------------------
Query acc: 0.3% Gallery acc: 0.2% Total acc: 0.2%
Epoch:116 Time:8.3 Data:0.0 Loss:4.8609 Cls Loss:3.4461 Pair Loss:0.5165 KL Loss:1.3551 Recon Loss:0.0597 Acc:0.2881 
Epoch:117 Time:8.2 Data:0.0 Loss:4.8198 Cls Loss:3.4361 Pair Loss:0.5176 KL Loss:1.3241 Recon Loss:0.0597 Acc:0.2855 
Epoch:118 Time:8.9 Data:0.0 Loss:5.0852 Cls Loss:3.3959 Pair Loss:0.5160 KL Loss:1.6298 Recon Loss:0.0595 Acc:0.2891 
Epoch:119 Time:8.2 Data:0.0 Loss:5.2636 Cls Loss:3.3976 Pair Loss:0.5120 KL Loss:1.8065 Recon Loss:0.0595 Acc:0.2923 
The test feature is normalized
The number of sketch samples: 1977
The number of rgb samples: 1991
Epoch:120 Time:72.2 Data:0.0 Loss:5.2275 Cls Loss:3.4115 Pair Loss:0.5138 KL Loss:1.7566 Recon Loss:0.0595 Acc:0.2833 
=> Test at epoch 120
==========Test with latent_z: z_c =========
Extracted features for query set, obtained torch.Size([2709, 128]) matrix
Extracted features for gallery set, obtained torch.Size([2000, 128]) matrix
Extracting features complete in 0m 6s
Distance computing in 0m 0s
Computing CMC and mAP
Results ---------------------------------------------------
top1:4.4% top5:12.8% top10:19.2% top20:29.1% mAP:6.8%
-----------------------------------------------------------
Using 0m 0s
Classifier results ---------------------------------------------------
Query acc: 0.2% Gallery acc: 0.2% Total acc: 0.2%
The test feature is normalized
The number of query sketch samples: 2709
The number of gallery rgb samples: 2000
==========Test with latent_z: x_pre =========
Extracted features for query set, obtained torch.Size([2709, 512]) matrix
Extracted features for gallery set, obtained torch.Size([2000, 512]) matrix
Extracting features complete in 0m 6s
Distance computing in 0m 0s
Computing CMC and mAP
Results ---------------------------------------------------
top1:2.7% top5:8.1% top10:12.9% top20:20.0% mAP:4.5%
-----------------------------------------------------------
Using 0m 0s
Classifier results ---------------------------------------------------
Query acc: 0.3% Gallery acc: 0.1% Total acc: 0.2%
==========Test with latent_z: mu =========
Extracted features for query set, obtained torch.Size([2709, 192]) matrix
Extracted features for gallery set, obtained torch.Size([2000, 192]) matrix
Extracting features complete in 0m 3s
Distance computing in 0m 0s
Computing CMC and mAP
Results ---------------------------------------------------
top1:4.2% top5:12.0% top10:19.0% top20:29.2% mAP:6.7%
-----------------------------------------------------------
Using 0m 0s
Classifier results ---------------------------------------------------
Query acc: 0.2% Gallery acc: 0.2% Total acc: 0.2%
=> Best Rank-1 4.4%, mAP 6.8% achieved at epoch 120
Finished. Total elapsed time (h:m:s): 1:11:51. Training time (h:m:s): 0:38:09.
Shutting down background jobs, please wait a moment...
Done!
Waiting for the remaining 33 operations to synchronize with Neptune. Do not kill this process.
All 33 operations synced, thanks for waiting!
Explore the metadata in the Neptune app:
https://app.neptune.ai/Zhengwei-Lab/MayCVAE/e/MAY-101/metadata
