https://app.neptune.ai/Zhengwei-Lab/MayCVAE/e/MAY-8
=> merge config from ./configs/clipreid_cvae_stage2.yaml
/home/zhengwei/Desktop/Zhengwei/Projects/CVAE/main.py:90: NeptuneUnsupportedType: You're attempting to log a type that is not directly supported by Neptune (<class 'list'>).
        Convert the value to a supported type, such as a string or float, or use stringify_unsupported(obj)
        for dictionaries or collections that contain unsupported values.
        For more, see https://docs.neptune.ai/help/value_of_unsupported_type
  run["parameters"] = param
=> Configurations:
-------------------------
AMP: True
AUG:
  RC_PROB: 0.5
  RE_PROB: 0.5
DATA:
  CUHK03_CLASSIC_SPLIT: False
  CUHK03_LABELED: False
  DATASET: duke
  FORMAT_TAG: tensor
  HEIGHT: 256
  NUM_INSTANCES: 4
  NUM_WORKERS: 4
  ROOT: /home/zhengwei/Desktop/Zhengwei/Projects/datasets
  SPLIT_ID: 0
  TEST_BATCH: 512
  TRAIN_BATCH: 64
  TRAIN_FORMAT: base
  WIDTH: 128
EVAL_MODE: False
GPU: 0
LOSS:
  CLA_LOSS: crossentropylabelsmooth
  CLA_M: 0.0
  CLA_S: 16.0
  PAIR_LOSS: triplet
  PAIR_M: 0.3
  PAIR_S: 16.0
  RECON_LOSS: mse
MODEL:
  CONDITIONAL: False
  FEATURE_DIM: 1280
  FEAT_FUSION: True
  FLOW_TYPE: 
  GAUSSIAN: MultivariateNormal
  HIDDEN_DIM: 256
  LATENT_SIZE: 64
  NAME: CVAE
  ONLY_CVAE_KL: False
  ONLY_X_INPUT: False
  PRETRAIN: CLIPreidNew
  RES4_STRIDE: 1
  RESUME: 
  TRAIN_STAGE: klstage
  USE_CENTROID: False
  VAE_TYPE: SinpleVAE
  ZC_DIM: 128
  ZS_DIM: 64
OUTPUT: ./outputs/duke/clipreid_simplevae/2024-05-14/fp32_SimpleVAE_128+64z_1e3__mse
SAVED_NAME: fp32_SimpleVAE_128+64z_1e3
SEED: 0
TAG: clipreid_simplevae
TEST:
  DISTANCE: cosine
  EVAL_STEP: 5
  START_EVAL: -1
TRAIN:
  AMP: False
  LR_SCHEDULER:
    DECAY_RATE: 0.1
    NAME: MultiStepLR
    STEPSIZE: [20, 40]
  MAX_EPOCH: 60
  OPTIMIZER:
    LR: 0.001
    NAME: adam
    SGDLR: 0.01
    SGD_MOMENTUM: 0.9
    SGD_WEIGHT_DECAY: 0.0005
    WEIGHT_DECAY: 0.0001
  START_EPOCH: 0
----------------------
Initializing dataset duke
Warning: string series 'monitoring/56b2cdea/stdout' value was longer than 1000 characters and was truncated. This warning is printed only once per series.
Loading cluster results from '/home/zhengwei/Desktop/Zhengwei/Projects/datasets/DukeMTMC-reID/kmeans_results/CLIPreidNew/train_all_129k_euclidean.pt'
Clustering stastistics: [(0, 83), (1, 48), (2, 58), (3, 100), (4, 96), (5, 59), (6, 109), (7, 142), (8, 122), (9, 100), (10, 53), (11, 138), (12, 83), (13, 99), (14, 142), (15, 224), (16, 181), (17, 153), (18, 172), (19, 254), (20, 162), (21, 110), (22, 191), (23, 102), (24, 41), (25, 136), (26, 144), (27, 152), (28, 151), (29, 142), (30, 100), (31, 128), (32, 245), (33, 131), (34, 85), (35, 81), (36, 58), (37, 143), (38, 71), (39, 219), (40, 113), (41, 56), (42, 61), (43, 158), (44, 116), (45, 33), (46, 143), (47, 95), (48, 325), (49, 145), (50, 63), (51, 150), (52, 75), (53, 111), (54, 108), (55, 88), (56, 108), (57, 158), (58, 333), (59, 38), (60, 165), (61, 159), (62, 175), (63, 173), (64, 71), (65, 68), (66, 90), (67, 194), (68, 66), (69, 75), (70, 199), (71, 119), (72, 83), (73, 63), (74, 213), (75, 369), (76, 137), (77, 126), (78, 51), (79, 196), (80, 134), (81, 189), (82, 100), (83, 250), (84, 23), (85, 100), (86, 149), (87, 231), (88, 66), (89, 40), (90, 181), (91, 77), (92, 143), (93, 145), (94, 126), (95, 159), (96, 219), (97, 117), (98, 185), (99, 139), (100, 135), (101, 108), (102, 64), (103, 178), (104, 104), (105, 131), (106, 64), (107, 106), (108, 153), (109, 133), (110, 75), (111, 83), (112, 94), (113, 255), (114, 80), (115, 99), (116, 209), (117, 90), (118, 189), (119, 103), (120, 236), (121, 163), (122, 9), (123, 47), (124, 33), (125, 97), (126, 121), (127, 153), (128, 160)]
Loading cluster results from '/home/zhengwei/Desktop/Zhengwei/Projects/datasets/DukeMTMC-reID/kmeans_results/CLIPreidNew/query_129k_euclidean.pt'
Clustering stastistics: [(0, 7), (1, 22), (2, 26), (3, 6), (4, 35), (5, 24), (6, 10), (7, 12), (8, 9), (9, 8), (10, 22), (11, 7), (12, 22), (13, 6), (14, 33), (15, 16), (16, 43), (17, 11), (18, 9), (19, 17), (20, 9), (21, 28), (22, 26), (23, 12), (24, 10), (25, 9), (26, 8), (27, 15), (28, 15), (29, 40), (30, 3), (31, 9), (32, 11), (33, 9), (34, 33), (35, 12), (36, 19), (37, 13), (38, 10), (39, 26), (40, 29), (41, 9), (42, 14), (43, 12), (44, 17), (45, 10), (46, 12), (47, 12), (48, 31), (49, 28), (50, 21), (51, 9), (52, 17), (53, 18), (54, 13), (55, 7), (56, 13), (57, 31), (58, 17), (59, 55), (60, 26), (61, 6), (62, 18), (63, 15), (64, 26), (65, 28), (66, 23), (67, 35), (68, 20), (69, 27), (70, 22), (71, 19), (72, 7), (73, 13), (74, 13), (75, 27), (76, 12), (77, 18), (78, 23), (79, 11), (80, 19), (81, 21), (82, 14), (83, 15), (84, 6), (85, 19), (86, 24), (87, 4), (88, 21), (89, 12), (90, 12), (91, 27), (92, 27), (93, 8), (94, 20), (95, 25), (96, 18), (97, 17), (98, 8), (99, 22), (100, 4), (101, 13), (102, 25), (103, 16), (104, 19), (105, 26), (106, 9), (107, 14), (108, 21), (109, 12), (110, 15), (111, 19), (112, 22), (113, 37), (114, 7), (115, 23), (116, 4), (117, 30), (118, 20), (119, 29), (120, 17), (121, 9), (122, 6), (123, 8), (124, 13), (125, 16), (126, 8), (127, 5), (128, 16)]
Loading cluster results from '/home/zhengwei/Desktop/Zhengwei/Projects/datasets/DukeMTMC-reID/kmeans_results/CLIPreidNew/gallery_129k_euclidean.pt'
Clustering stastistics: [(0, 166), (1, 257), (2, 94), (3, 25), (4, 246), (5, 88), (6, 199), (7, 160), (8, 125), (9, 124), (10, 195), (11, 90), (12, 94), (13, 155), (14, 179), (15, 172), (16, 73), (17, 139), (18, 55), (19, 88), (20, 115), (21, 118), (22, 140), (23, 114), (24, 74), (25, 194), (26, 190), (27, 80), (28, 202), (29, 117), (30, 185), (31, 156), (32, 63), (33, 149), (34, 161), (35, 102), (36, 127), (37, 92), (38, 143), (39, 188), (40, 79), (41, 191), (42, 128), (43, 105), (44, 167), (45, 255), (46, 213), (47, 67), (48, 193), (49, 118), (50, 127), (51, 213), (52, 84), (53, 147), (54, 61), (55, 91), (56, 159), (57, 116), (58, 146), (59, 189), (60, 100), (61, 159), (62, 166), (63, 142), (64, 183), (65, 120), (66, 118), (67, 70), (68, 150), (69, 113), (70, 167), (71, 93), (72, 107), (73, 138), (74, 191), (75, 154), (76, 72), (77, 255), (78, 83), (79, 102), (80, 129), (81, 48), (82, 97), (83, 129), (84, 216), (85, 178), (86, 127), (87, 254), (88, 191), (89, 126), (90, 170), (91, 154), (92, 52), (93, 149), (94, 179), (95, 99), (96, 96), (97, 142), (98, 154), (99, 193), (100, 143), (101, 118), (102, 153), (103, 44), (104, 142), (105, 87), (106, 84), (107, 196), (108, 143), (109, 156), (110, 63), (111, 178), (112, 52), (113, 165), (114, 106), (115, 38), (116, 112), (117, 183), (118, 63), (119, 299), (120, 96), (121, 53), (122, 143), (123, 132), (124, 288), (125, 151), (126, 104), (127, 95), (128, 225)]
=> DukeMTMC-reID tensor loaded
Dataset statistics:
  ------------------------------
  subset   | # ids | # images
  ------------------------------
  train    |   702 |    16522
  query    |   702 |     2228
  gallery  |  1110 |    17661
  ------------------------------
  total    |  1404 |    36411
  ------------------------------
Initializing SinpleVAE model
Model size: 11.47219M
Using MLPClassBlock with dimenssion flow: 128-->[256, 512, 1024]-->702
Classifier size: 1.40698M
=> Start training
Epoch:1 Time:61.0 Data:0.0 Loss:17.1078 Cls Loss:6.5681 Pair Loss:0.5659 KL Loss:10.3952 Recon Loss:0.1445 Acc:0.0174 
Epoch:2 Time:51.7 Data:0.0 Loss:7.3178 Cls Loss:6.4644 Pair Loss:0.5768 KL Loss:0.7320 Recon Loss:0.1213 Acc:0.0251 
Epoch:3 Time:51.9 Data:0.0 Loss:6.8326 Cls Loss:6.3737 Pair Loss:0.5730 KL Loss:0.3451 Recon Loss:0.1138 Acc:0.0276 
Epoch:4 Time:52.4 Data:0.0 Loss:6.8105 Cls Loss:6.3217 Pair Loss:0.5693 KL Loss:0.3771 Recon Loss:0.1118 Acc:0.0298 
Epoch:5 Time:52.3 Data:0.0 Loss:6.8554 Cls Loss:6.2714 Pair Loss:0.5642 KL Loss:0.4733 Recon Loss:0.1108 Acc:0.0359 
=> Test at epoch 5
==========Test with latent_z: z_c =========
==========Test with latent_z: z_c =========
Extracted features for query set, obtained torch.Size([2228, 128]) matrix
Extracted features for gallery set, obtained torch.Size([17661, 128]) matrix
Extracting features complete in 0m 10s
Distance computing in 0m 0s
Computing CMC and mAP
Results ---------------------------------------------------
top1:80.7% top5:88.9% top10:91.2% top20:93.3% mAP:61.9%
-----------------------------------------------------------
Using 0m 2s
==========Test with latent_z: x_pre =========
==========Test with latent_z: x_pre =========
Extracted features for query set, obtained torch.Size([2228, 256]) matrix
Extracted features for gallery set, obtained torch.Size([17661, 256]) matrix
Extracting features complete in 0m 5s
Distance computing in 0m 0s
Computing CMC and mAP
Results ---------------------------------------------------
top1:84.6% top5:91.9% top10:94.1% top20:95.4% mAP:70.8%
-----------------------------------------------------------
Using 0m 2s
==========Test with latent_z: z_0 =========
==========Test with latent_z: z_0 =========
Extracted features for query set, obtained torch.Size([2228, 192]) matrix
Extracted features for gallery set, obtained torch.Size([17661, 192]) matrix
Extracting features complete in 0m 5s
Distance computing in 0m 0s
Computing CMC and mAP
Results ---------------------------------------------------
top1:81.3% top5:89.5% top10:91.9% top20:93.6% mAP:63.7%
-----------------------------------------------------------
Using 0m 2s
==========Test with latent_z: new_z =========
==========Test with latent_z: new_z =========
Extracted features for query set, obtained torch.Size([2228, 192]) matrix
Extracted features for gallery set, obtained torch.Size([17661, 192]) matrix
Extracting features complete in 0m 4s
Distance computing in 0m 0s
Computing CMC and mAP
Results ---------------------------------------------------
top1:73.8% top5:84.0% top10:86.9% top20:89.3% mAP:49.3%
-----------------------------------------------------------
Using 0m 3s
==========Test with latent_z: reconx =========
==========Test with latent_z: reconx =========
Extracted features for query set, obtained torch.Size([2228, 1280]) matrix
Extracted features for gallery set, obtained torch.Size([17661, 1280]) matrix
Extracting features complete in 0m 4s
Distance computing in 0m 1s
Computing CMC and mAP
Results ---------------------------------------------------
top1:13.1% top5:29.2% top10:37.9% top20:49.4% mAP:6.9%
-----------------------------------------------------------
Using 0m 2s
Epoch:6 Time:49.1 Data:0.0 Loss:6.8421 Cls Loss:6.1482 Pair Loss:0.5601 KL Loss:0.5836 Recon Loss:0.1103 Acc:0.0486 
Epoch:7 Time:53.0 Data:0.0 Loss:6.6060 Cls Loss:5.9617 Pair Loss:0.5491 KL Loss:0.5350 Recon Loss:0.1094 Acc:0.0583 
Epoch:8 Time:52.5 Data:0.0 Loss:6.5212 Cls Loss:5.7663 Pair Loss:0.5401 KL Loss:0.6463 Recon Loss:0.1087 Acc:0.0759 
Epoch:9 Time:52.1 Data:0.0 Loss:6.3097 Cls Loss:5.5533 Pair Loss:0.5316 KL Loss:0.6490 Recon Loss:0.1074 Acc:0.0926 
Epoch:10 Time:51.7 Data:0.0 Loss:6.1826 Cls Loss:5.3949 Pair Loss:0.5239 KL Loss:0.6809 Recon Loss:0.1068 Acc:0.1011 
=> Test at epoch 10
==========Test with latent_z: z_c =========
==========Test with latent_z: z_c =========
Extracted features for query set, obtained torch.Size([2228, 128]) matrix
Extracted features for gallery set, obtained torch.Size([17661, 128]) matrix
Extracting features complete in 0m 10s
Distance computing in 0m 0s
Computing CMC and mAP
Results ---------------------------------------------------
top1:73.7% top5:83.9% top10:87.4% top20:89.9% mAP:52.1%
-----------------------------------------------------------
Using 0m 2s
==========Test with latent_z: x_pre =========
==========Test with latent_z: x_pre =========
Extracted features for query set, obtained torch.Size([2228, 256]) matrix
Extracted features for gallery set, obtained torch.Size([17661, 256]) matrix
Extracting features complete in 0m 5s
Distance computing in 0m 0s
Computing CMC and mAP
Results ---------------------------------------------------
top1:84.7% top5:91.6% top10:93.6% top20:95.2% mAP:70.1%
-----------------------------------------------------------
Using 0m 2s
==========Test with latent_z: z_0 =========
==========Test with latent_z: z_0 =========
Extracted features for query set, obtained torch.Size([2228, 192]) matrix
Extracted features for gallery set, obtained torch.Size([17661, 192]) matrix
Extracting features complete in 0m 4s
Distance computing in 0m 0s
Computing CMC and mAP
Results ---------------------------------------------------
top1:75.5% top5:85.8% top10:88.6% top20:91.0% mAP:55.4%
-----------------------------------------------------------
Using 0m 2s
==========Test with latent_z: new_z =========
==========Test with latent_z: new_z =========
Extracted features for query set, obtained torch.Size([2228, 192]) matrix
Extracted features for gallery set, obtained torch.Size([17661, 192]) matrix
Extracting features complete in 0m 6s
Distance computing in 0m 0s
Computing CMC and mAP
Results ---------------------------------------------------
top1:74.8% top5:85.1% top10:88.5% top20:90.6% mAP:53.7%
-----------------------------------------------------------
Using 0m 2s
==========Test with latent_z: reconx =========
==========Test with latent_z: reconx =========
Extracted features for query set, obtained torch.Size([2228, 1280]) matrix
Extracted features for gallery set, obtained torch.Size([17661, 1280]) matrix
Extracting features complete in 0m 4s
Distance computing in 0m 1s
Computing CMC and mAP
Results ---------------------------------------------------
top1:47.1% top5:69.5% top10:76.4% top20:82.2% mAP:30.3%
-----------------------------------------------------------
Using 0m 3s
Epoch:11 Time:49.6 Data:0.0 Loss:6.0775 Cls Loss:5.2100 Pair Loss:0.5165 KL Loss:0.7618 Recon Loss:0.1057 Acc:0.1140 
Epoch:12 Time:51.6 Data:0.0 Loss:6.0163 Cls Loss:5.0724 Pair Loss:0.5082 KL Loss:0.8385 Recon Loss:0.1054 Acc:0.1247 
/home/zhengwei/anaconda3/envs/yzwT2V/lib/python3.9/site-packages/numpy/lib/function_base.py:2853: RuntimeWarning: invalid value encountered in divide
  c /= stddev[:, None]
/home/zhengwei/anaconda3/envs/yzwT2V/lib/python3.9/site-packages/numpy/lib/function_base.py:2854: RuntimeWarning: invalid value encountered in divide
  c /= stddev[None, :]
Epoch:13 Time:52.8 Data:0.0 Loss:5.9070 Cls Loss:4.8936 Pair Loss:0.4995 KL Loss:0.9089 Recon Loss:0.1045 Acc:0.1474 
Epoch:14 Time:52.2 Data:0.0 Loss:5.7918 Cls Loss:4.7505 Pair Loss:0.4924 KL Loss:0.9374 Recon Loss:0.1038 Acc:0.1583 
Epoch:15 Time:52.6 Data:0.0 Loss:5.6894 Cls Loss:4.5962 Pair Loss:0.4880 KL Loss:0.9899 Recon Loss:0.1032 Acc:0.1755 
=> Test at epoch 15
==========Test with latent_z: z_c =========
==========Test with latent_z: z_c =========
Extracted features for query set, obtained torch.Size([2228, 128]) matrix
Extracted features for gallery set, obtained torch.Size([17661, 128]) matrix
Extracting features complete in 0m 8s
Distance computing in 0m 0s
Computing CMC and mAP
Results ---------------------------------------------------
top1:72.7% top5:84.0% top10:87.8% top20:90.3% mAP:54.5%
-----------------------------------------------------------
Using 0m 2s
==========Test with latent_z: x_pre =========
==========Test with latent_z: x_pre =========
Extracted features for query set, obtained torch.Size([2228, 256]) matrix
Extracted features for gallery set, obtained torch.Size([17661, 256]) matrix
Extracting features complete in 0m 5s
Distance computing in 0m 0s
Computing CMC and mAP
Results ---------------------------------------------------
top1:84.4% top5:91.7% top10:93.6% top20:95.2% mAP:70.6%
-----------------------------------------------------------
Using 0m 2s
==========Test with latent_z: z_0 =========
==========Test with latent_z: z_0 =========
Extracted features for query set, obtained torch.Size([2228, 192]) matrix
Extracted features for gallery set, obtained torch.Size([17661, 192]) matrix
Extracting features complete in 0m 5s
Distance computing in 0m 0s
Computing CMC and mAP
Results ---------------------------------------------------
top1:74.0% top5:85.0% top10:88.8% top20:91.0% mAP:56.3%
-----------------------------------------------------------
Using 0m 2s
==========Test with latent_z: new_z =========
==========Test with latent_z: new_z =========
Extracted features for query set, obtained torch.Size([2228, 192]) matrix
Extracted features for gallery set, obtained torch.Size([17661, 192]) matrix
Extracting features complete in 0m 4s
Distance computing in 0m 0s
Computing CMC and mAP
Results ---------------------------------------------------
top1:72.8% top5:84.1% top10:88.3% top20:90.6% mAP:55.1%
-----------------------------------------------------------
Using 0m 3s
==========Test with latent_z: reconx =========
==========Test with latent_z: reconx =========
Extracted features for query set, obtained torch.Size([2228, 1280]) matrix
Extracted features for gallery set, obtained torch.Size([17661, 1280]) matrix
Extracting features complete in 0m 4s
Distance computing in 0m 0s
Computing CMC and mAP
Results ---------------------------------------------------
top1:62.4% top5:77.7% top10:82.4% top20:86.9% mAP:42.5%
-----------------------------------------------------------
Using 0m 3s
Epoch:16 Time:49.5 Data:0.0 Loss:5.6927 Cls Loss:4.4745 Pair Loss:0.4788 KL Loss:1.1156 Recon Loss:0.1026 Acc:0.1902 
Epoch:17 Time:52.6 Data:0.0 Loss:5.5400 Cls Loss:4.3595 Pair Loss:0.4760 KL Loss:1.0784 Recon Loss:0.1021 Acc:0.2044 
Epoch:18 Time:52.1 Data:0.0 Loss:5.4715 Cls Loss:4.2302 Pair Loss:0.4678 KL Loss:1.1398 Recon Loss:0.1015 Acc:0.2283 
Epoch:19 Time:51.7 Data:0.0 Loss:5.2474 Cls Loss:4.0832 Pair Loss:0.4618 KL Loss:1.0632 Recon Loss:0.1009 Acc:0.2462 
Epoch:20 Time:51.9 Data:0.0 Loss:5.2262 Cls Loss:3.9969 Pair Loss:0.4587 KL Loss:1.1285 Recon Loss:0.1008 Acc:0.2597 
=> Test at epoch 20
==========Test with latent_z: z_c =========
==========Test with latent_z: z_c =========
Extracted features for query set, obtained torch.Size([2228, 128]) matrix
Extracted features for gallery set, obtained torch.Size([17661, 128]) matrix
Extracting features complete in 0m 8s
Distance computing in 0m 0s
Computing CMC and mAP
Results ---------------------------------------------------
top1:76.1% top5:86.1% top10:89.7% top20:92.1% mAP:59.3%
-----------------------------------------------------------
Using 0m 2s
==========Test with latent_z: x_pre =========
==========Test with latent_z: x_pre =========
Extracted features for query set, obtained torch.Size([2228, 256]) matrix
Extracted features for gallery set, obtained torch.Size([17661, 256]) matrix
Extracting features complete in 0m 5s
Distance computing in 0m 0s
Computing CMC and mAP
Results ---------------------------------------------------
top1:85.0% top5:91.9% top10:93.8% top20:95.2% mAP:71.9%
-----------------------------------------------------------
Using 0m 2s
==========Test with latent_z: z_0 =========
==========Test with latent_z: z_0 =========
Extracted features for query set, obtained torch.Size([2228, 192]) matrix
Extracted features for gallery set, obtained torch.Size([17661, 192]) matrix
Extracting features complete in 0m 5s
Distance computing in 0m 0s
Computing CMC and mAP
Results ---------------------------------------------------
top1:77.4% top5:86.5% top10:90.1% top20:92.4% mAP:60.5%
-----------------------------------------------------------
Using 0m 2s
==========Test with latent_z: new_z =========
==========Test with latent_z: new_z =========
Extracted features for query set, obtained torch.Size([2228, 192]) matrix
Extracted features for gallery set, obtained torch.Size([17661, 192]) matrix
Extracting features complete in 0m 4s
Distance computing in 0m 0s
Computing CMC and mAP
Results ---------------------------------------------------
top1:76.1% top5:86.2% top10:89.8% top20:92.1% mAP:59.5%
-----------------------------------------------------------
Using 0m 3s
==========Test with latent_z: reconx =========
==========Test with latent_z: reconx =========
Extracted features for query set, obtained torch.Size([2228, 1280]) matrix
Extracted features for gallery set, obtained torch.Size([17661, 1280]) matrix
Extracting features complete in 0m 4s
Distance computing in 0m 1s
Computing CMC and mAP
Results ---------------------------------------------------
top1:67.4% top5:80.5% top10:85.9% top20:88.9% mAP:48.2%
-----------------------------------------------------------
Using 0m 3s
Epoch:21 Time:49.5 Data:0.0 Loss:4.8229 Cls Loss:3.6960 Pair Loss:0.4538 KL Loss:1.0294 Recon Loss:0.0975 Acc:0.3312 
Epoch:22 Time:52.2 Data:0.0 Loss:4.7322 Cls Loss:3.5781 Pair Loss:0.4499 KL Loss:1.0571 Recon Loss:0.0971 Acc:0.3559 
Epoch:23 Time:52.4 Data:0.0 Loss:4.5468 Cls Loss:3.5142 Pair Loss:0.4503 KL Loss:0.9357 Recon Loss:0.0968 Acc:0.3747 
Epoch:24 Time:52.6 Data:0.0 Loss:4.5131 Cls Loss:3.4647 Pair Loss:0.4480 KL Loss:0.9517 Recon Loss:0.0968 Acc:0.3914 
Epoch:25 Time:53.3 Data:0.0 Loss:4.4600 Cls Loss:3.4297 Pair Loss:0.4473 KL Loss:0.9338 Recon Loss:0.0965 Acc:0.3911 
=> Test at epoch 25
==========Test with latent_z: z_c =========
==========Test with latent_z: z_c =========
Extracted features for query set, obtained torch.Size([2228, 128]) matrix
Extracted features for gallery set, obtained torch.Size([17661, 128]) matrix
Extracting features complete in 0m 8s
Distance computing in 0m 0s
Computing CMC and mAP
Results ---------------------------------------------------
top1:76.2% top5:86.5% top10:90.1% top20:92.2% mAP:59.7%
-----------------------------------------------------------
Using 0m 2s
==========Test with latent_z: x_pre =========
==========Test with latent_z: x_pre =========
Extracted features for query set, obtained torch.Size([2228, 256]) matrix
Extracted features for gallery set, obtained torch.Size([17661, 256]) matrix
Extracting features complete in 0m 5s
Distance computing in 0m 0s
Computing CMC and mAP
Results ---------------------------------------------------
top1:85.4% top5:92.1% top10:93.9% top20:95.2% mAP:72.0%
-----------------------------------------------------------
Using 0m 2s
==========Test with latent_z: z_0 =========
==========Test with latent_z: z_0 =========
Extracted features for query set, obtained torch.Size([2228, 192]) matrix
Extracted features for gallery set, obtained torch.Size([17661, 192]) matrix
Extracting features complete in 0m 5s
Distance computing in 0m 0s
Computing CMC and mAP
Results ---------------------------------------------------
top1:77.5% top5:86.9% top10:90.5% top20:92.6% mAP:60.9%
-----------------------------------------------------------
Using 0m 2s
==========Test with latent_z: new_z =========
==========Test with latent_z: new_z =========
Extracted features for query set, obtained torch.Size([2228, 192]) matrix
Extracted features for gallery set, obtained torch.Size([17661, 192]) matrix
Extracting features complete in 0m 4s
Distance computing in 0m 0s
Computing CMC and mAP
Results ---------------------------------------------------
top1:76.3% top5:86.5% top10:90.2% top20:92.4% mAP:59.8%
-----------------------------------------------------------
Using 0m 3s
==========Test with latent_z: reconx =========
==========Test with latent_z: reconx =========
Extracted features for query set, obtained torch.Size([2228, 1280]) matrix
Extracted features for gallery set, obtained torch.Size([17661, 1280]) matrix
Extracting features complete in 0m 4s
Distance computing in 0m 1s
Computing CMC and mAP
Results ---------------------------------------------------
top1:69.3% top5:83.1% top10:87.0% top20:90.6% mAP:51.7%
-----------------------------------------------------------
Using 0m 3s
Epoch:26 Time:49.6 Data:0.0 Loss:4.4441 Cls Loss:3.4030 Pair Loss:0.4481 KL Loss:0.9448 Recon Loss:0.0964 Acc:0.3998 
Epoch:27 Time:52.6 Data:0.0 Loss:4.3594 Cls Loss:3.4019 Pair Loss:0.4473 KL Loss:0.8611 Recon Loss:0.0963 Acc:0.3992 
Epoch:28 Time:52.3 Data:0.0 Loss:4.3690 Cls Loss:3.3646 Pair Loss:0.4466 KL Loss:0.9082 Recon Loss:0.0962 Acc:0.4153 
Epoch:29 Time:52.1 Data:0.0 Loss:4.3442 Cls Loss:3.3398 Pair Loss:0.4470 KL Loss:0.9083 Recon Loss:0.0961 Acc:0.4126 
Epoch:30 Time:52.9 Data:0.0 Loss:4.3067 Cls Loss:3.3025 Pair Loss:0.4462 KL Loss:0.9084 Recon Loss:0.0957 Acc:0.4249 
=> Test at epoch 30
==========Test with latent_z: z_c =========
==========Test with latent_z: z_c =========
Extracted features for query set, obtained torch.Size([2228, 128]) matrix
Extracted features for gallery set, obtained torch.Size([17661, 128]) matrix
Extracting features complete in 0m 7s
Distance computing in 0m 0s
Computing CMC and mAP
Results ---------------------------------------------------
top1:76.8% top5:86.8% top10:90.3% top20:92.5% mAP:60.3%
-----------------------------------------------------------
Using 0m 2s
==========Test with latent_z: x_pre =========
==========Test with latent_z: x_pre =========
Extracted features for query set, obtained torch.Size([2228, 256]) matrix
Extracted features for gallery set, obtained torch.Size([17661, 256]) matrix
Extracting features complete in 0m 5s
Distance computing in 0m 0s
Computing CMC and mAP
Results ---------------------------------------------------
top1:85.1% top5:92.0% top10:93.9% top20:95.2% mAP:72.1%
-----------------------------------------------------------
Using 0m 2s
==========Test with latent_z: z_0 =========
==========Test with latent_z: z_0 =========
Extracted features for query set, obtained torch.Size([2228, 192]) matrix
Extracted features for gallery set, obtained torch.Size([17661, 192]) matrix
Extracting features complete in 0m 5s
Distance computing in 0m 0s
Computing CMC and mAP
Results ---------------------------------------------------
top1:77.7% top5:87.3% top10:90.7% top20:92.7% mAP:61.3%
-----------------------------------------------------------
Using 0m 3s
==========Test with latent_z: new_z =========
==========Test with latent_z: new_z =========
Extracted features for query set, obtained torch.Size([2228, 192]) matrix
Extracted features for gallery set, obtained torch.Size([17661, 192]) matrix
Extracting features complete in 0m 4s
Distance computing in 0m 0s
Computing CMC and mAP
Results ---------------------------------------------------
top1:76.9% top5:86.8% top10:90.3% top20:92.5% mAP:60.3%
-----------------------------------------------------------
Using 0m 2s
==========Test with latent_z: reconx =========
==========Test with latent_z: reconx =========
Extracted features for query set, obtained torch.Size([2228, 1280]) matrix
Extracted features for gallery set, obtained torch.Size([17661, 1280]) matrix
Extracting features complete in 0m 4s
Distance computing in 0m 1s
Computing CMC and mAP
Results ---------------------------------------------------
top1:70.4% top5:83.1% top10:87.3% top20:90.7% mAP:52.4%
-----------------------------------------------------------
Using 0m 3s
Epoch:31 Time:49.4 Data:0.0 Loss:4.2591 Cls Loss:3.2834 Pair Loss:0.4442 KL Loss:0.8799 Recon Loss:0.0958 Acc:0.4268 
Epoch:32 Time:52.4 Data:0.0 Loss:4.3141 Cls Loss:3.2809 Pair Loss:0.4451 KL Loss:0.9376 Recon Loss:0.0956 Acc:0.4262 
Epoch:33 Time:52.5 Data:0.0 Loss:4.2794 Cls Loss:3.2638 Pair Loss:0.4455 KL Loss:0.9200 Recon Loss:0.0956 Acc:0.4365 
Epoch:34 Time:51.8 Data:0.0 Loss:4.2542 Cls Loss:3.2470 Pair Loss:0.4418 KL Loss:0.9118 Recon Loss:0.0954 Acc:0.4348 
Epoch:35 Time:53.6 Data:0.0 Loss:4.2355 Cls Loss:3.2317 Pair Loss:0.4431 KL Loss:0.9083 Recon Loss:0.0955 Acc:0.4415 
=> Test at epoch 35
==========Test with latent_z: z_c =========
==========Test with latent_z: z_c =========
Extracted features for query set, obtained torch.Size([2228, 128]) matrix
Extracted features for gallery set, obtained torch.Size([17661, 128]) matrix
Extracting features complete in 0m 10s
Distance computing in 0m 0s
Computing CMC and mAP
Results ---------------------------------------------------
top1:77.1% top5:87.0% top10:90.8% top20:92.7% mAP:60.8%
-----------------------------------------------------------
Using 0m 2s
==========Test with latent_z: x_pre =========
==========Test with latent_z: x_pre =========
Extracted features for query set, obtained torch.Size([2228, 256]) matrix
Extracted features for gallery set, obtained torch.Size([17661, 256]) matrix
Extracting features complete in 0m 5s
Distance computing in 0m 0s
Computing CMC and mAP
Results ---------------------------------------------------
top1:85.3% top5:92.0% top10:93.9% top20:95.3% mAP:72.1%
-----------------------------------------------------------
Using 0m 2s
==========Test with latent_z: z_0 =========
==========Test with latent_z: z_0 =========
Extracted features for query set, obtained torch.Size([2228, 192]) matrix
Extracted features for gallery set, obtained torch.Size([17661, 192]) matrix
Extracting features complete in 0m 4s
Distance computing in 0m 0s
Computing CMC and mAP
Results ---------------------------------------------------
top1:78.1% top5:87.2% top10:90.8% top20:93.1% mAP:61.8%
-----------------------------------------------------------
Using 0m 2s
==========Test with latent_z: new_z =========
==========Test with latent_z: new_z =========
Extracted features for query set, obtained torch.Size([2228, 192]) matrix
Extracted features for gallery set, obtained torch.Size([17661, 192]) matrix
Extracting features complete in 0m 6s
Distance computing in 0m 0s
Computing CMC and mAP
Results ---------------------------------------------------
top1:77.1% top5:87.0% top10:90.8% top20:92.7% mAP:60.9%
-----------------------------------------------------------
Using 0m 2s
==========Test with latent_z: reconx =========
==========Test with latent_z: reconx =========
Extracted features for query set, obtained torch.Size([2228, 1280]) matrix
Extracted features for gallery set, obtained torch.Size([17661, 1280]) matrix
Extracting features complete in 0m 5s
Distance computing in 0m 1s
Computing CMC and mAP
Results ---------------------------------------------------
top1:70.8% top5:83.3% top10:87.8% top20:91.3% mAP:52.9%
-----------------------------------------------------------
Using 0m 2s
Epoch:36 Time:49.9 Data:0.0 Loss:4.1963 Cls Loss:3.2175 Pair Loss:0.4414 KL Loss:0.8835 Recon Loss:0.0953 Acc:0.4394 
Epoch:37 Time:53.0 Data:0.0 Loss:4.1974 Cls Loss:3.1976 Pair Loss:0.4420 KL Loss:0.9047 Recon Loss:0.0952 Acc:0.4479 
Epoch:38 Time:52.4 Data:0.0 Loss:4.1640 Cls Loss:3.1977 Pair Loss:0.4423 KL Loss:0.8711 Recon Loss:0.0952 Acc:0.4448 
Epoch:39 Time:52.0 Data:0.0 Loss:4.1691 Cls Loss:3.1767 Pair Loss:0.4402 KL Loss:0.8977 Recon Loss:0.0947 Acc:0.4529 
Epoch:40 Time:52.4 Data:0.0 Loss:4.0952 Cls Loss:3.1622 Pair Loss:0.4408 KL Loss:0.8389 Recon Loss:0.0940 Acc:0.4553 
=> Test at epoch 40
==========Test with latent_z: z_c =========
==========Test with latent_z: z_c =========
Extracted features for query set, obtained torch.Size([2228, 128]) matrix
Extracted features for gallery set, obtained torch.Size([17661, 128]) matrix
Extracting features complete in 0m 9s
Distance computing in 0m 0s
Computing CMC and mAP
Results ---------------------------------------------------
top1:77.7% top5:87.3% top10:90.5% top20:92.7% mAP:61.3%
-----------------------------------------------------------
Using 0m 2s
==========Test with latent_z: x_pre =========
==========Test with latent_z: x_pre =========
Extracted features for query set, obtained torch.Size([2228, 256]) matrix
Extracted features for gallery set, obtained torch.Size([17661, 256]) matrix
Extracting features complete in 0m 5s
Distance computing in 0m 0s
Computing CMC and mAP
Results ---------------------------------------------------
top1:85.3% top5:92.1% top10:94.1% top20:95.2% mAP:72.3%
-----------------------------------------------------------
Using 0m 2s
==========Test with latent_z: z_0 =========
==========Test with latent_z: z_0 =========
Extracted features for query set, obtained torch.Size([2228, 192]) matrix
Extracted features for gallery set, obtained torch.Size([17661, 192]) matrix
Extracting features complete in 0m 5s
Distance computing in 0m 0s
Computing CMC and mAP
Results ---------------------------------------------------
top1:78.4% top5:87.8% top10:91.0% top20:93.0% mAP:62.2%
-----------------------------------------------------------
Using 0m 2s
==========Test with latent_z: new_z =========
==========Test with latent_z: new_z =========
Extracted features for query set, obtained torch.Size([2228, 192]) matrix
Extracted features for gallery set, obtained torch.Size([17661, 192]) matrix
Extracting features complete in 0m 4s
Distance computing in 0m 0s
Computing CMC and mAP
Results ---------------------------------------------------
top1:77.8% top5:87.3% top10:90.5% top20:92.7% mAP:61.3%
-----------------------------------------------------------
Using 0m 3s
==========Test with latent_z: reconx =========
==========Test with latent_z: reconx =========
Extracted features for query set, obtained torch.Size([2228, 1280]) matrix
Extracted features for gallery set, obtained torch.Size([17661, 1280]) matrix
Extracting features complete in 0m 5s
Distance computing in 0m 0s
Computing CMC and mAP
Results ---------------------------------------------------
top1:72.2% top5:84.2% top10:88.2% top20:91.0% mAP:54.1%
-----------------------------------------------------------
Using 0m 3s
Epoch:41 Time:49.6 Data:0.0 Loss:4.1203 Cls Loss:3.1069 Pair Loss:0.4402 KL Loss:0.9199 Recon Loss:0.0935 Acc:0.4740 
Epoch:42 Time:53.4 Data:0.0 Loss:4.0223 Cls Loss:3.1158 Pair Loss:0.4406 KL Loss:0.8133 Recon Loss:0.0932 Acc:0.4725 
Epoch:43 Time:51.9 Data:0.0 Loss:4.0631 Cls Loss:3.1241 Pair Loss:0.4425 KL Loss:0.8458 Recon Loss:0.0933 Acc:0.4651 
Epoch:44 Time:51.8 Data:0.0 Loss:4.1256 Cls Loss:3.1183 Pair Loss:0.4411 KL Loss:0.9140 Recon Loss:0.0933 Acc:0.4705 
Epoch:45 Time:52.3 Data:0.0 Loss:4.0379 Cls Loss:3.0847 Pair Loss:0.4394 KL Loss:0.8602 Recon Loss:0.0931 Acc:0.4822 
=> Test at epoch 45
==========Test with latent_z: z_c =========
==========Test with latent_z: z_c =========
Extracted features for query set, obtained torch.Size([2228, 128]) matrix
Extracted features for gallery set, obtained torch.Size([17661, 128]) matrix
Extracting features complete in 0m 9s
Distance computing in 0m 0s
Computing CMC and mAP
Results ---------------------------------------------------
top1:77.7% top5:87.5% top10:90.4% top20:92.7% mAP:61.3%
-----------------------------------------------------------
Using 0m 2s
==========Test with latent_z: x_pre =========
==========Test with latent_z: x_pre =========
Extracted features for query set, obtained torch.Size([2228, 256]) matrix
Extracted features for gallery set, obtained torch.Size([17661, 256]) matrix
Extracting features complete in 0m 5s
Distance computing in 0m 0s
Computing CMC and mAP
Results ---------------------------------------------------
top1:85.2% top5:92.0% top10:94.1% top20:95.2% mAP:72.3%
-----------------------------------------------------------
Using 0m 2s
==========Test with latent_z: z_0 =========
==========Test with latent_z: z_0 =========
Extracted features for query set, obtained torch.Size([2228, 192]) matrix
Extracted features for gallery set, obtained torch.Size([17661, 192]) matrix
Extracting features complete in 0m 5s
Distance computing in 0m 0s
Computing CMC and mAP
Results ---------------------------------------------------
top1:78.5% top5:87.8% top10:91.0% top20:93.0% mAP:62.2%
-----------------------------------------------------------
Using 0m 2s
==========Test with latent_z: new_z =========
==========Test with latent_z: new_z =========
Extracted features for query set, obtained torch.Size([2228, 192]) matrix
Extracted features for gallery set, obtained torch.Size([17661, 192]) matrix
Extracting features complete in 0m 5s
Distance computing in 0m 0s
Computing CMC and mAP
Results ---------------------------------------------------
top1:77.8% top5:87.4% top10:90.4% top20:92.7% mAP:61.4%
-----------------------------------------------------------
Using 0m 3s
==========Test with latent_z: reconx =========
==========Test with latent_z: reconx =========
Extracted features for query set, obtained torch.Size([2228, 1280]) matrix
Extracted features for gallery set, obtained torch.Size([17661, 1280]) matrix
Extracting features complete in 0m 5s
Distance computing in 0m 1s
Computing CMC and mAP
Results ---------------------------------------------------
top1:72.2% top5:84.1% top10:88.3% top20:90.8% mAP:53.8%
-----------------------------------------------------------
Using 0m 3s
Epoch:46 Time:49.2 Data:0.0 Loss:4.0712 Cls Loss:3.1086 Pair Loss:0.4412 KL Loss:0.8694 Recon Loss:0.0932 Acc:0.4732 
Epoch:47 Time:52.8 Data:0.0 Loss:4.1207 Cls Loss:3.1344 Pair Loss:0.4409 KL Loss:0.8930 Recon Loss:0.0934 Acc:0.4640 
Epoch:48 Time:53.2 Data:0.0 Loss:4.0621 Cls Loss:3.0992 Pair Loss:0.4408 KL Loss:0.8696 Recon Loss:0.0933 Acc:0.4776 
Epoch:49 Time:76.6 Data:0.0 Loss:4.0571 Cls Loss:3.0948 Pair Loss:0.4412 KL Loss:0.8690 Recon Loss:0.0932 Acc:0.4778 
Epoch:50 Time:56.7 Data:0.0 Loss:4.1274 Cls Loss:3.0956 Pair Loss:0.4416 KL Loss:0.9388 Recon Loss:0.0930 Acc:0.4778 
=> Test at epoch 50
==========Test with latent_z: z_c =========
==========Test with latent_z: z_c =========
Extracted features for query set, obtained torch.Size([2228, 128]) matrix
Extracted features for gallery set, obtained torch.Size([17661, 128]) matrix
Extracting features complete in 0m 8s
Distance computing in 0m 0s
Computing CMC and mAP
Results ---------------------------------------------------
top1:77.7% top5:87.5% top10:90.5% top20:92.7% mAP:61.4%
-----------------------------------------------------------
Using 0m 2s
==========Test with latent_z: x_pre =========
==========Test with latent_z: x_pre =========
Extracted features for query set, obtained torch.Size([2228, 256]) matrix
Extracted features for gallery set, obtained torch.Size([17661, 256]) matrix
Extracting features complete in 0m 5s
Distance computing in 0m 0s
Computing CMC and mAP
Results ---------------------------------------------------
top1:85.2% top5:92.0% top10:94.1% top20:95.2% mAP:72.3%
-----------------------------------------------------------
Using 0m 2s
==========Test with latent_z: z_0 =========
==========Test with latent_z: z_0 =========
Extracted features for query set, obtained torch.Size([2228, 192]) matrix
Extracted features for gallery set, obtained torch.Size([17661, 192]) matrix
Extracting features complete in 0m 5s
Distance computing in 0m 0s
Computing CMC and mAP
Results ---------------------------------------------------
top1:78.6% top5:87.9% top10:91.0% top20:93.1% mAP:62.3%
-----------------------------------------------------------
Using 0m 2s
==========Test with latent_z: new_z =========
==========Test with latent_z: new_z =========
Extracted features for query set, obtained torch.Size([2228, 192]) matrix
Extracted features for gallery set, obtained torch.Size([17661, 192]) matrix
Extracting features complete in 0m 5s
Distance computing in 0m 0s
Computing CMC and mAP
Results ---------------------------------------------------
top1:77.7% top5:87.4% top10:90.6% top20:92.7% mAP:61.4%
-----------------------------------------------------------
Using 0m 2s
==========Test with latent_z: reconx =========
==========Test with latent_z: reconx =========
Extracted features for query set, obtained torch.Size([2228, 1280]) matrix
Extracted features for gallery set, obtained torch.Size([17661, 1280]) matrix
Extracting features complete in 0m 5s
Distance computing in 0m 0s
Computing CMC and mAP
Results ---------------------------------------------------
top1:72.2% top5:83.8% top10:88.3% top20:90.9% mAP:53.6%
-----------------------------------------------------------
Using 0m 2s
Epoch:51 Time:53.1 Data:0.0 Loss:4.0994 Cls Loss:3.0864 Pair Loss:0.4391 KL Loss:0.9202 Recon Loss:0.0928 Acc:0.4801 
Epoch:52 Time:56.6 Data:0.0 Loss:3.9946 Cls Loss:3.0880 Pair Loss:0.4409 KL Loss:0.8142 Recon Loss:0.0925 Acc:0.4773 
Epoch:53 Time:53.8 Data:0.0 Loss:4.0064 Cls Loss:3.0830 Pair Loss:0.4414 KL Loss:0.8312 Recon Loss:0.0923 Acc:0.4775 
Epoch:54 Time:54.6 Data:0.0 Loss:3.9987 Cls Loss:3.0743 Pair Loss:0.4398 KL Loss:0.8323 Recon Loss:0.0921 Acc:0.4793 
Epoch:55 Time:55.1 Data:0.0 Loss:4.0386 Cls Loss:3.0810 Pair Loss:0.4422 KL Loss:0.8657 Recon Loss:0.0920 Acc:0.4796 
=> Test at epoch 55
==========Test with latent_z: z_c =========
==========Test with latent_z: z_c =========
Extracted features for query set, obtained torch.Size([2228, 128]) matrix
Extracted features for gallery set, obtained torch.Size([17661, 128]) matrix
Extracting features complete in 0m 8s
Distance computing in 0m 0s
Computing CMC and mAP
Results ---------------------------------------------------
top1:77.7% top5:87.4% top10:90.7% top20:92.7% mAP:61.4%
-----------------------------------------------------------
Using 0m 3s
==========Test with latent_z: x_pre =========
==========Test with latent_z: x_pre =========
Extracted features for query set, obtained torch.Size([2228, 256]) matrix
Extracted features for gallery set, obtained torch.Size([17661, 256]) matrix
Extracting features complete in 0m 4s
Distance computing in 0m 0s
Computing CMC and mAP
Results ---------------------------------------------------
top1:85.2% top5:92.0% top10:94.2% top20:95.2% mAP:72.3%
-----------------------------------------------------------
Using 0m 2s
==========Test with latent_z: z_0 =========
==========Test with latent_z: z_0 =========
Extracted features for query set, obtained torch.Size([2228, 192]) matrix
Extracted features for gallery set, obtained torch.Size([17661, 192]) matrix
Extracting features complete in 0m 4s
Distance computing in 0m 0s
Computing CMC and mAP
Results ---------------------------------------------------
top1:78.7% top5:87.9% top10:90.9% top20:93.0% mAP:62.3%
-----------------------------------------------------------
Using 0m 2s
==========Test with latent_z: new_z =========
==========Test with latent_z: new_z =========
Extracted features for query set, obtained torch.Size([2228, 192]) matrix
Extracted features for gallery set, obtained torch.Size([17661, 192]) matrix
Extracting features complete in 0m 5s
Distance computing in 0m 0s
Computing CMC and mAP
Results ---------------------------------------------------
top1:77.7% top5:87.4% top10:90.7% top20:92.7% mAP:61.5%
-----------------------------------------------------------
Using 0m 2s
==========Test with latent_z: reconx =========
==========Test with latent_z: reconx =========
Extracted features for query set, obtained torch.Size([2228, 1280]) matrix
Extracted features for gallery set, obtained torch.Size([17661, 1280]) matrix
Extracting features complete in 0m 5s
Distance computing in 0m 1s
Computing CMC and mAP
Results ---------------------------------------------------
top1:72.1% top5:83.8% top10:88.1% top20:90.8% mAP:53.6%
-----------------------------------------------------------
Using 0m 2s
Epoch:56 Time:52.1 Data:0.0 Loss:4.0856 Cls Loss:3.0801 Pair Loss:0.4393 KL Loss:0.9136 Recon Loss:0.0920 Acc:0.4815 
Epoch:57 Time:53.5 Data:0.0 Loss:3.9914 Cls Loss:3.0869 Pair Loss:0.4406 KL Loss:0.8125 Recon Loss:0.0921 Acc:0.4802 
Epoch:58 Time:53.8 Data:0.0 Loss:4.0569 Cls Loss:3.0656 Pair Loss:0.4416 KL Loss:0.8994 Recon Loss:0.0919 Acc:0.4849 
Epoch:59 Time:53.6 Data:0.0 Loss:4.0569 Cls Loss:3.1037 Pair Loss:0.4417 KL Loss:0.8614 Recon Loss:0.0919 Acc:0.4711 
Epoch:60 Time:53.7 Data:0.0 Loss:4.0689 Cls Loss:3.0644 Pair Loss:0.4401 KL Loss:0.9128 Recon Loss:0.0917 Acc:0.4861 
=> Test at epoch 60
==========Test with latent_z: z_c =========
==========Test with latent_z: z_c =========
Extracted features for query set, obtained torch.Size([2228, 128]) matrix
Extracted features for gallery set, obtained torch.Size([17661, 128]) matrix
Extracting features complete in 0m 9s
Distance computing in 0m 0s
Computing CMC and mAP
Results ---------------------------------------------------
top1:77.8% top5:87.5% top10:90.6% top20:92.7% mAP:61.5%
-----------------------------------------------------------
Using 0m 2s
==========Test with latent_z: x_pre =========
==========Test with latent_z: x_pre =========
Extracted features for query set, obtained torch.Size([2228, 256]) matrix
Extracted features for gallery set, obtained torch.Size([17661, 256]) matrix
Extracting features complete in 0m 4s
Distance computing in 0m 0s
Computing CMC and mAP
Results ---------------------------------------------------
top1:85.3% top5:92.0% top10:94.2% top20:95.2% mAP:72.3%
-----------------------------------------------------------
Using 0m 2s
==========Test with latent_z: z_0 =========
==========Test with latent_z: z_0 =========
Extracted features for query set, obtained torch.Size([2228, 192]) matrix
Extracted features for gallery set, obtained torch.Size([17661, 192]) matrix
Extracting features complete in 0m 4s
Distance computing in 0m 0s
Computing CMC and mAP
Results ---------------------------------------------------
top1:78.8% top5:87.9% top10:91.0% top20:93.1% mAP:62.3%
-----------------------------------------------------------
Using 0m 3s
==========Test with latent_z: new_z =========
==========Test with latent_z: new_z =========
Extracted features for query set, obtained torch.Size([2228, 192]) matrix
Extracted features for gallery set, obtained torch.Size([17661, 192]) matrix
Extracting features complete in 0m 4s
Distance computing in 0m 0s
Computing CMC and mAP
Results ---------------------------------------------------
top1:77.8% top5:87.4% top10:90.7% top20:92.7% mAP:61.5%
-----------------------------------------------------------
Using 0m 3s
==========Test with latent_z: reconx =========
==========Test with latent_z: reconx =========
Extracted features for query set, obtained torch.Size([2228, 1280]) matrix
Extracted features for gallery set, obtained torch.Size([17661, 1280]) matrix
Extracting features complete in 0m 4s
Distance computing in 0m 1s
Computing CMC and mAP
Results ---------------------------------------------------
top1:71.9% top5:83.8% top10:87.8% top20:90.8% mAP:53.3%
-----------------------------------------------------------
Using 0m 3s
=> Best Rank-1 80.7% achieved at epoch 5
Finished. Total elapsed time (h:m:s): 1:01:25. Training time (h:m:s): 0:53:10.
Shutting down background jobs, please wait a moment...
Done!
Waiting for the remaining 28 operations to synchronize with Neptune. Do not kill this process.
All 28 operations synced, thanks for waiting!
Explore the metadata in the Neptune app:
https://app.neptune.ai/Zhengwei-Lab/MayCVAE/e/MAY-8/metadata
