https://app.neptune.ai/Zhengwei-Lab/MayCVAE/e/MAY-9
=> merge config from ./configs/clipreid_cvae_kl.yaml
/home/zhengwei/Desktop/Zhengwei/Projects/CVAE/main.py:90: NeptuneUnsupportedType: You're attempting to log a type that is not directly supported by Neptune (<class 'list'>).
        Convert the value to a supported type, such as a string or float, or use stringify_unsupported(obj)
        for dictionaries or collections that contain unsupported values.
        For more, see https://docs.neptune.ai/help/value_of_unsupported_type
  run["parameters"] = param
=> Configurations:
-------------------------
AMP: True
AUG:
  RC_PROB: 0.5
  RE_PROB: 0.5
DATA:
  CUHK03_CLASSIC_SPLIT: False
  CUHK03_LABELED: False
  DATASET: duke
  FORMAT_TAG: tensor
  HEIGHT: 256
  NUM_INSTANCES: 4
  NUM_WORKERS: 4
  ROOT: /home/zhengwei/Desktop/Zhengwei/Projects/datasets
  SPLIT_ID: 0
  TEST_BATCH: 512
  TRAIN_BATCH: 64
  TRAIN_FORMAT: base
  WIDTH: 128
EVAL_MODE: False
GPU: 0
LOSS:
  CLA_LOSS: crossentropylabelsmooth
  CLA_M: 0.0
  CLA_S: 16.0
  PAIR_LOSS: triplet
  PAIR_M: 0.3
  PAIR_S: 16.0
  RECON_LOSS: mse
MODEL:
  CONDITIONAL: False
  FEATURE_DIM: 1280
  FEAT_FUSION: True
  FLOW_TYPE: 
  GAUSSIAN: MultivariateNormal
  HIDDEN_DIM: 256
  LATENT_SIZE: 64
  NAME: CVAE
  ONLY_CVAE_KL: False
  ONLY_X_INPUT: False
  PRETRAIN: CLIPreidNew
  RES4_STRIDE: 1
  RESUME: 
  TRAIN_STAGE: klstage
  USE_CENTROID: False
  VAE_TYPE: SinpleVAE
  ZC_DIM: 128
  ZS_DIM: 64
OUTPUT: ./outputs/duke/clipreid_simplevae/2024-05-14/fp32_SimpleVAE_128+64z__mse
SAVED_NAME: fp32_SimpleVAE_128+64z
SEED: 0
TAG: clipreid_simplevae
TEST:
  DISTANCE: cosine
  EVAL_STEP: 5
  START_EVAL: -1
TRAIN:
  AMP: False
  LR_SCHEDULER:
    DECAY_RATE: 0.1
    NAME: MultiStepLR
    STEPSIZE: [20, 40]
  MAX_EPOCH: 60
  OPTIMIZER:
    LR: 0.0001
    NAME: adam
    SGDLR: 0.01
    SGD_MOMENTUM: 0.9
    SGD_WEIGHT_DECAY: 0.0005
    WEIGHT_DECAY: 0.0001
  START_EPOCH: 0
----------------------
Initializing dataset duke
Warning: string series 'monitoring/7e8b6547/stdout' value was longer than 1000 characters and was truncated. This warning is printed only once per series.
Loading cluster results from '/home/zhengwei/Desktop/Zhengwei/Projects/datasets/DukeMTMC-reID/kmeans_results/CLIPreidNew/train_all_129k_euclidean.pt'
Clustering stastistics: [(0, 83), (1, 48), (2, 58), (3, 100), (4, 96), (5, 59), (6, 109), (7, 142), (8, 122), (9, 100), (10, 53), (11, 138), (12, 83), (13, 99), (14, 142), (15, 224), (16, 181), (17, 153), (18, 172), (19, 254), (20, 162), (21, 110), (22, 191), (23, 102), (24, 41), (25, 136), (26, 144), (27, 152), (28, 151), (29, 142), (30, 100), (31, 128), (32, 245), (33, 131), (34, 85), (35, 81), (36, 58), (37, 143), (38, 71), (39, 219), (40, 113), (41, 56), (42, 61), (43, 158), (44, 116), (45, 33), (46, 143), (47, 95), (48, 325), (49, 145), (50, 63), (51, 150), (52, 75), (53, 111), (54, 108), (55, 88), (56, 108), (57, 158), (58, 333), (59, 38), (60, 165), (61, 159), (62, 175), (63, 173), (64, 71), (65, 68), (66, 90), (67, 194), (68, 66), (69, 75), (70, 199), (71, 119), (72, 83), (73, 63), (74, 213), (75, 369), (76, 137), (77, 126), (78, 51), (79, 196), (80, 134), (81, 189), (82, 100), (83, 250), (84, 23), (85, 100), (86, 149), (87, 231), (88, 66), (89, 40), (90, 181), (91, 77), (92, 143), (93, 145), (94, 126), (95, 159), (96, 219), (97, 117), (98, 185), (99, 139), (100, 135), (101, 108), (102, 64), (103, 178), (104, 104), (105, 131), (106, 64), (107, 106), (108, 153), (109, 133), (110, 75), (111, 83), (112, 94), (113, 255), (114, 80), (115, 99), (116, 209), (117, 90), (118, 189), (119, 103), (120, 236), (121, 163), (122, 9), (123, 47), (124, 33), (125, 97), (126, 121), (127, 153), (128, 160)]
Loading cluster results from '/home/zhengwei/Desktop/Zhengwei/Projects/datasets/DukeMTMC-reID/kmeans_results/CLIPreidNew/query_129k_euclidean.pt'
Clustering stastistics: [(0, 7), (1, 22), (2, 26), (3, 6), (4, 35), (5, 24), (6, 10), (7, 12), (8, 9), (9, 8), (10, 22), (11, 7), (12, 22), (13, 6), (14, 33), (15, 16), (16, 43), (17, 11), (18, 9), (19, 17), (20, 9), (21, 28), (22, 26), (23, 12), (24, 10), (25, 9), (26, 8), (27, 15), (28, 15), (29, 40), (30, 3), (31, 9), (32, 11), (33, 9), (34, 33), (35, 12), (36, 19), (37, 13), (38, 10), (39, 26), (40, 29), (41, 9), (42, 14), (43, 12), (44, 17), (45, 10), (46, 12), (47, 12), (48, 31), (49, 28), (50, 21), (51, 9), (52, 17), (53, 18), (54, 13), (55, 7), (56, 13), (57, 31), (58, 17), (59, 55), (60, 26), (61, 6), (62, 18), (63, 15), (64, 26), (65, 28), (66, 23), (67, 35), (68, 20), (69, 27), (70, 22), (71, 19), (72, 7), (73, 13), (74, 13), (75, 27), (76, 12), (77, 18), (78, 23), (79, 11), (80, 19), (81, 21), (82, 14), (83, 15), (84, 6), (85, 19), (86, 24), (87, 4), (88, 21), (89, 12), (90, 12), (91, 27), (92, 27), (93, 8), (94, 20), (95, 25), (96, 18), (97, 17), (98, 8), (99, 22), (100, 4), (101, 13), (102, 25), (103, 16), (104, 19), (105, 26), (106, 9), (107, 14), (108, 21), (109, 12), (110, 15), (111, 19), (112, 22), (113, 37), (114, 7), (115, 23), (116, 4), (117, 30), (118, 20), (119, 29), (120, 17), (121, 9), (122, 6), (123, 8), (124, 13), (125, 16), (126, 8), (127, 5), (128, 16)]
Loading cluster results from '/home/zhengwei/Desktop/Zhengwei/Projects/datasets/DukeMTMC-reID/kmeans_results/CLIPreidNew/gallery_129k_euclidean.pt'
Clustering stastistics: [(0, 166), (1, 257), (2, 94), (3, 25), (4, 246), (5, 88), (6, 199), (7, 160), (8, 125), (9, 124), (10, 195), (11, 90), (12, 94), (13, 155), (14, 179), (15, 172), (16, 73), (17, 139), (18, 55), (19, 88), (20, 115), (21, 118), (22, 140), (23, 114), (24, 74), (25, 194), (26, 190), (27, 80), (28, 202), (29, 117), (30, 185), (31, 156), (32, 63), (33, 149), (34, 161), (35, 102), (36, 127), (37, 92), (38, 143), (39, 188), (40, 79), (41, 191), (42, 128), (43, 105), (44, 167), (45, 255), (46, 213), (47, 67), (48, 193), (49, 118), (50, 127), (51, 213), (52, 84), (53, 147), (54, 61), (55, 91), (56, 159), (57, 116), (58, 146), (59, 189), (60, 100), (61, 159), (62, 166), (63, 142), (64, 183), (65, 120), (66, 118), (67, 70), (68, 150), (69, 113), (70, 167), (71, 93), (72, 107), (73, 138), (74, 191), (75, 154), (76, 72), (77, 255), (78, 83), (79, 102), (80, 129), (81, 48), (82, 97), (83, 129), (84, 216), (85, 178), (86, 127), (87, 254), (88, 191), (89, 126), (90, 170), (91, 154), (92, 52), (93, 149), (94, 179), (95, 99), (96, 96), (97, 142), (98, 154), (99, 193), (100, 143), (101, 118), (102, 153), (103, 44), (104, 142), (105, 87), (106, 84), (107, 196), (108, 143), (109, 156), (110, 63), (111, 178), (112, 52), (113, 165), (114, 106), (115, 38), (116, 112), (117, 183), (118, 63), (119, 299), (120, 96), (121, 53), (122, 143), (123, 132), (124, 288), (125, 151), (126, 104), (127, 95), (128, 225)]
=> DukeMTMC-reID tensor loaded
Dataset statistics:
  ------------------------------
  subset   | # ids | # images
  ------------------------------
  train    |   702 |    16522
  query    |   702 |     2228
  gallery  |  1110 |    17661
  ------------------------------
  total    |  1404 |    36411
  ------------------------------
Initializing SinpleVAE model
Model size: 11.47219M
Using MLPClassBlock with dimenssion flow: 128-->[256, 512, 1024]-->702
Classifier size: 1.40698M
=> Start training
Epoch:1 Time:67.8 Data:0.0 Loss:36.4011 Cls Loss:6.5253 Pair Loss:0.5462 KL Loss:29.5939 Recon Loss:0.2818 Acc:0.0269 
Epoch:2 Time:52.2 Data:0.0 Loss:22.2516 Cls Loss:6.4176 Pair Loss:0.5657 KL Loss:15.6831 Recon Loss:0.1509 Acc:0.0275 
Epoch:3 Time:52.1 Data:0.0 Loss:15.5513 Cls Loss:6.3977 Pair Loss:0.5716 KL Loss:9.0223 Recon Loss:0.1313 Acc:0.0275 
Epoch:4 Time:53.1 Data:0.0 Loss:11.4537 Cls Loss:6.3947 Pair Loss:0.5756 KL Loss:4.9364 Recon Loss:0.1225 Acc:0.0274 
Epoch:5 Time:52.0 Data:0.0 Loss:8.2805 Cls Loss:6.3945 Pair Loss:0.5759 KL Loss:1.7650 Recon Loss:0.1210 Acc:0.0275 
=> Test at epoch 5
==========Test with latent_z: z_c =========
==========Test with latent_z: z_c =========
Extracted features for query set, obtained torch.Size([2228, 128]) matrix
Extracted features for gallery set, obtained torch.Size([17661, 128]) matrix
Extracting features complete in 0m 9s
Distance computing in 0m 0s
Computing CMC and mAP
Results ---------------------------------------------------
top1:83.4% top5:91.2% top10:93.4% top20:95.0% mAP:67.3%
-----------------------------------------------------------
Using 0m 3s
==========Test with latent_z: x_pre =========
==========Test with latent_z: x_pre =========
Extracted features for query set, obtained torch.Size([2228, 256]) matrix
Extracted features for gallery set, obtained torch.Size([17661, 256]) matrix
Extracting features complete in 0m 5s
Distance computing in 0m 0s
Computing CMC and mAP
Results ---------------------------------------------------
top1:85.4% top5:92.1% top10:93.7% top20:95.4% mAP:69.3%
-----------------------------------------------------------
Using 0m 2s
==========Test with latent_z: z_0 =========
==========Test with latent_z: z_0 =========
Extracted features for query set, obtained torch.Size([2228, 192]) matrix
Extracted features for gallery set, obtained torch.Size([17661, 192]) matrix
Extracting features complete in 0m 5s
Distance computing in 0m 0s
Computing CMC and mAP
Results ---------------------------------------------------
top1:85.1% top5:91.9% top10:94.2% top20:95.7% mAP:70.2%
-----------------------------------------------------------
Using 0m 3s
==========Test with latent_z: new_z =========
==========Test with latent_z: new_z =========
Extracted features for query set, obtained torch.Size([2228, 192]) matrix
Extracted features for gallery set, obtained torch.Size([17661, 192]) matrix
Extracting features complete in 0m 5s
Distance computing in 0m 0s
Computing CMC and mAP
Results ---------------------------------------------------
top1:81.3% top5:90.4% top10:92.7% top20:94.1% mAP:62.5%
-----------------------------------------------------------
Using 0m 3s
==========Test with latent_z: reconx =========
==========Test with latent_z: reconx =========
Extracted features for query set, obtained torch.Size([2228, 1280]) matrix
Extracted features for gallery set, obtained torch.Size([17661, 1280]) matrix
Extracting features complete in 0m 5s
Distance computing in 0m 1s
Computing CMC and mAP
Results ---------------------------------------------------
top1:65.9% top5:75.4% top10:78.5% top20:80.9% mAP:39.3%
-----------------------------------------------------------
Using 0m 2s
Epoch:6 Time:49.1 Data:0.0 Loss:7.1766 Cls Loss:6.3712 Pair Loss:0.5757 KL Loss:0.6848 Recon Loss:0.1205 Acc:0.0275 
Epoch:7 Time:52.7 Data:0.0 Loss:6.9651 Cls Loss:6.3001 Pair Loss:0.5702 KL Loss:0.5448 Recon Loss:0.1201 Acc:0.0284 
Epoch:8 Time:52.3 Data:0.0 Loss:6.8937 Cls Loss:6.2475 Pair Loss:0.5661 KL Loss:0.5263 Recon Loss:0.1199 Acc:0.0321 
Epoch:9 Time:52.5 Data:0.0 Loss:6.8668 Cls Loss:6.2054 Pair Loss:0.5628 KL Loss:0.5420 Recon Loss:0.1193 Acc:0.0362 
Epoch:10 Time:51.2 Data:0.0 Loss:6.8100 Cls Loss:6.1828 Pair Loss:0.5605 KL Loss:0.5086 Recon Loss:0.1185 Acc:0.0368 
=> Test at epoch 10
==========Test with latent_z: z_c =========
==========Test with latent_z: z_c =========
Extracted features for query set, obtained torch.Size([2228, 128]) matrix
Extracted features for gallery set, obtained torch.Size([17661, 128]) matrix
Extracting features complete in 0m 9s
Distance computing in 0m 0s
Computing CMC and mAP
Results ---------------------------------------------------
top1:82.7% top5:89.9% top10:91.9% top20:93.9% mAP:64.9%
-----------------------------------------------------------
Using 0m 2s
==========Test with latent_z: x_pre =========
==========Test with latent_z: x_pre =========
Extracted features for query set, obtained torch.Size([2228, 256]) matrix
Extracted features for gallery set, obtained torch.Size([17661, 256]) matrix
Extracting features complete in 0m 5s
Distance computing in 0m 0s
Computing CMC and mAP
Results ---------------------------------------------------
top1:85.1% top5:91.8% top10:94.0% top20:95.5% mAP:70.8%
-----------------------------------------------------------
Using 0m 2s
==========Test with latent_z: z_0 =========
==========Test with latent_z: z_0 =========
Extracted features for query set, obtained torch.Size([2228, 192]) matrix
Extracted features for gallery set, obtained torch.Size([17661, 192]) matrix
Extracting features complete in 0m 5s
Distance computing in 0m 0s
Computing CMC and mAP
Results ---------------------------------------------------
top1:84.7% top5:90.9% top10:93.0% top20:94.7% mAP:67.2%
-----------------------------------------------------------
Using 0m 3s
==========Test with latent_z: new_z =========
==========Test with latent_z: new_z =========
Extracted features for query set, obtained torch.Size([2228, 192]) matrix
Extracted features for gallery set, obtained torch.Size([17661, 192]) matrix
Extracting features complete in 0m 5s
Distance computing in 0m 0s
Computing CMC and mAP
Results ---------------------------------------------------
top1:81.9% top5:89.9% top10:91.8% top20:93.2% mAP:63.0%
-----------------------------------------------------------
Using 0m 2s
==========Test with latent_z: reconx =========
==========Test with latent_z: reconx =========
Extracted features for query set, obtained torch.Size([2228, 1280]) matrix
Extracted features for gallery set, obtained torch.Size([17661, 1280]) matrix
Extracting features complete in 0m 4s
Distance computing in 0m 1s
Computing CMC and mAP
Results ---------------------------------------------------
top1:16.7% top5:28.6% top10:34.7% top20:41.9% mAP:4.5%
-----------------------------------------------------------
Using 0m 2s
Epoch:11 Time:49.2 Data:0.0 Loss:6.7648 Cls Loss:6.1309 Pair Loss:0.5577 KL Loss:0.5173 Recon Loss:0.1165 Acc:0.0414 
Epoch:12 Time:52.4 Data:0.0 Loss:6.8127 Cls Loss:6.0594 Pair Loss:0.5522 KL Loss:0.6383 Recon Loss:0.1150 Acc:0.0478 
Epoch:13 Time:52.4 Data:0.0 Loss:6.6626 Cls Loss:5.9474 Pair Loss:0.5456 KL Loss:0.6012 Recon Loss:0.1140 Acc:0.0563 
Epoch:14 Time:52.0 Data:0.0 Loss:6.6013 Cls Loss:5.8152 Pair Loss:0.5401 KL Loss:0.6732 Recon Loss:0.1130 Acc:0.0656 
Epoch:15 Time:52.8 Data:0.0 Loss:6.4816 Cls Loss:5.6530 Pair Loss:0.5333 KL Loss:0.7168 Recon Loss:0.1118 Acc:0.0761 
=> Test at epoch 15
==========Test with latent_z: z_c =========
==========Test with latent_z: z_c =========
Extracted features for query set, obtained torch.Size([2228, 128]) matrix
Extracted features for gallery set, obtained torch.Size([17661, 128]) matrix
Extracting features complete in 0m 8s
Distance computing in 0m 0s
Computing CMC and mAP
Results ---------------------------------------------------
top1:79.0% top5:87.5% top10:89.9% top20:91.8% mAP:57.7%
-----------------------------------------------------------
Using 0m 2s
==========Test with latent_z: x_pre =========
==========Test with latent_z: x_pre =========
Extracted features for query set, obtained torch.Size([2228, 256]) matrix
Extracted features for gallery set, obtained torch.Size([17661, 256]) matrix
Extracting features complete in 0m 5s
Distance computing in 0m 0s
Computing CMC and mAP
Results ---------------------------------------------------
top1:84.4% top5:91.5% top10:93.5% top20:94.8% mAP:70.9%
-----------------------------------------------------------
Using 0m 2s
==========Test with latent_z: z_0 =========
==========Test with latent_z: z_0 =========
Extracted features for query set, obtained torch.Size([2228, 192]) matrix
Extracted features for gallery set, obtained torch.Size([17661, 192]) matrix
Extracting features complete in 0m 5s
Distance computing in 0m 0s
Computing CMC and mAP
Results ---------------------------------------------------
top1:80.7% top5:89.2% top10:91.1% top20:93.0% mAP:61.3%
-----------------------------------------------------------
Using 0m 2s
==========Test with latent_z: new_z =========
==========Test with latent_z: new_z =========
Extracted features for query set, obtained torch.Size([2228, 192]) matrix
Extracted features for gallery set, obtained torch.Size([17661, 192]) matrix
Extracting features complete in 0m 5s
Distance computing in 0m 0s
Computing CMC and mAP
Results ---------------------------------------------------
top1:79.6% top5:87.5% top10:90.0% top20:92.0% mAP:57.8%
-----------------------------------------------------------
Using 0m 2s
==========Test with latent_z: reconx =========
==========Test with latent_z: reconx =========
Extracted features for query set, obtained torch.Size([2228, 1280]) matrix
Extracted features for gallery set, obtained torch.Size([17661, 1280]) matrix
Extracting features complete in 0m 5s
Distance computing in 0m 1s
Computing CMC and mAP
Results ---------------------------------------------------
top1:27.7% top5:46.7% top10:54.9% top20:63.9% mAP:12.2%
-----------------------------------------------------------
Using 0m 2s
Epoch:16 Time:48.7 Data:0.0 Loss:6.2788 Cls Loss:5.4899 Pair Loss:0.5253 KL Loss:0.6783 Recon Loss:0.1107 Acc:0.0866 
Epoch:17 Time:52.3 Data:0.0 Loss:6.1354 Cls Loss:5.2910 Pair Loss:0.5170 KL Loss:0.7348 Recon Loss:0.1096 Acc:0.1007 
Epoch:18 Time:51.4 Data:0.0 Loss:5.9789 Cls Loss:5.1093 Pair Loss:0.5092 KL Loss:0.7609 Recon Loss:0.1086 Acc:0.1119 
Epoch:19 Time:52.2 Data:0.0 Loss:5.8424 Cls Loss:4.9389 Pair Loss:0.4991 KL Loss:0.7957 Recon Loss:0.1077 Acc:0.1310 
Epoch:20 Time:51.9 Data:0.0 Loss:5.7250 Cls Loss:4.7617 Pair Loss:0.4930 KL Loss:0.8563 Recon Loss:0.1070 Acc:0.1524 
=> Test at epoch 20
==========Test with latent_z: z_c =========
==========Test with latent_z: z_c =========
Extracted features for query set, obtained torch.Size([2228, 128]) matrix
Extracted features for gallery set, obtained torch.Size([17661, 128]) matrix
Extracting features complete in 0m 8s
Distance computing in 0m 0s
Computing CMC and mAP
Results ---------------------------------------------------
top1:73.1% top5:83.7% top10:86.8% top20:89.5% mAP:51.7%
-----------------------------------------------------------
Using 0m 2s
==========Test with latent_z: x_pre =========
==========Test with latent_z: x_pre =========
Extracted features for query set, obtained torch.Size([2228, 256]) matrix
Extracted features for gallery set, obtained torch.Size([17661, 256]) matrix
Extracting features complete in 0m 4s
Distance computing in 0m 0s
Computing CMC and mAP
Results ---------------------------------------------------
top1:84.4% top5:91.0% top10:93.0% top20:94.4% mAP:69.2%
-----------------------------------------------------------
Using 0m 2s
==========Test with latent_z: z_0 =========
==========Test with latent_z: z_0 =========
Extracted features for query set, obtained torch.Size([2228, 192]) matrix
Extracted features for gallery set, obtained torch.Size([17661, 192]) matrix
Extracting features complete in 0m 5s
Distance computing in 0m 0s
Computing CMC and mAP
Results ---------------------------------------------------
top1:75.7% top5:85.5% top10:88.6% top20:90.8% mAP:55.5%
-----------------------------------------------------------
Using 0m 2s
==========Test with latent_z: new_z =========
==========Test with latent_z: new_z =========
Extracted features for query set, obtained torch.Size([2228, 192]) matrix
Extracted features for gallery set, obtained torch.Size([17661, 192]) matrix
Extracting features complete in 0m 5s
Distance computing in 0m 0s
Computing CMC and mAP
Results ---------------------------------------------------
top1:73.7% top5:83.8% top10:87.4% top20:90.2% mAP:52.4%
-----------------------------------------------------------
Using 0m 3s
==========Test with latent_z: reconx =========
==========Test with latent_z: reconx =========
Extracted features for query set, obtained torch.Size([2228, 1280]) matrix
Extracted features for gallery set, obtained torch.Size([17661, 1280]) matrix
Extracting features complete in 0m 5s
Distance computing in 0m 1s
Computing CMC and mAP
Results ---------------------------------------------------
top1:40.6% top5:62.1% top10:69.3% top20:76.5% mAP:23.7%
-----------------------------------------------------------
Using 0m 2s
Epoch:21 Time:48.4 Data:0.0 Loss:5.4275 Cls Loss:4.5527 Pair Loss:0.4866 KL Loss:0.7692 Recon Loss:0.1056 Acc:0.1782 
Epoch:22 Time:52.4 Data:0.0 Loss:5.4245 Cls Loss:4.5308 Pair Loss:0.4842 KL Loss:0.7881 Recon Loss:0.1056 Acc:0.1819 
Epoch:23 Time:52.4 Data:0.0 Loss:5.3448 Cls Loss:4.4788 Pair Loss:0.4830 KL Loss:0.7607 Recon Loss:0.1054 Acc:0.1935 
Epoch:24 Time:52.2 Data:0.0 Loss:5.3644 Cls Loss:4.4558 Pair Loss:0.4836 KL Loss:0.8034 Recon Loss:0.1052 Acc:0.1940 
Epoch:25 Time:52.5 Data:0.0 Loss:5.2650 Cls Loss:4.4559 Pair Loss:0.4837 KL Loss:0.7039 Recon Loss:0.1052 Acc:0.1947 
=> Test at epoch 25
==========Test with latent_z: z_c =========
==========Test with latent_z: z_c =========
Extracted features for query set, obtained torch.Size([2228, 128]) matrix
Extracted features for gallery set, obtained torch.Size([17661, 128]) matrix
Extracting features complete in 0m 9s
Distance computing in 0m 0s
Computing CMC and mAP
Results ---------------------------------------------------
top1:72.3% top5:83.3% top10:86.8% top20:89.2% mAP:51.2%
-----------------------------------------------------------
Using 0m 2s
==========Test with latent_z: x_pre =========
==========Test with latent_z: x_pre =========
Extracted features for query set, obtained torch.Size([2228, 256]) matrix
Extracted features for gallery set, obtained torch.Size([17661, 256]) matrix
Extracting features complete in 0m 4s
Distance computing in 0m 0s
Computing CMC and mAP
Results ---------------------------------------------------
top1:84.2% top5:90.9% top10:92.9% top20:94.5% mAP:69.0%
-----------------------------------------------------------
Using 0m 2s
==========Test with latent_z: z_0 =========
==========Test with latent_z: z_0 =========
Extracted features for query set, obtained torch.Size([2228, 192]) matrix
Extracted features for gallery set, obtained torch.Size([17661, 192]) matrix
Extracting features complete in 0m 5s
Distance computing in 0m 0s
Computing CMC and mAP
Results ---------------------------------------------------
top1:75.4% top5:85.5% top10:88.3% top20:90.8% mAP:55.0%
-----------------------------------------------------------
Using 0m 2s
==========Test with latent_z: new_z =========
==========Test with latent_z: new_z =========
Extracted features for query set, obtained torch.Size([2228, 192]) matrix
Extracted features for gallery set, obtained torch.Size([17661, 192]) matrix
Extracting features complete in 0m 5s
Distance computing in 0m 0s
Computing CMC and mAP
Results ---------------------------------------------------
top1:73.2% top5:83.4% top10:87.3% top20:90.1% mAP:52.0%
-----------------------------------------------------------
Using 0m 3s
==========Test with latent_z: reconx =========
==========Test with latent_z: reconx =========
Extracted features for query set, obtained torch.Size([2228, 1280]) matrix
Extracted features for gallery set, obtained torch.Size([17661, 1280]) matrix
Extracting features complete in 0m 5s
Distance computing in 0m 1s
Computing CMC and mAP
Results ---------------------------------------------------
top1:42.8% top5:63.3% top10:70.5% top20:77.2% mAP:25.5%
-----------------------------------------------------------
Using 0m 2s
Epoch:26 Time:48.3 Data:0.0 Loss:5.2770 Cls Loss:4.4200 Pair Loss:0.4817 KL Loss:0.7521 Recon Loss:0.1049 Acc:0.2043 
Epoch:27 Time:52.5 Data:0.0 Loss:5.2439 Cls Loss:4.4037 Pair Loss:0.4809 KL Loss:0.7353 Recon Loss:0.1049 Acc:0.2031 
Epoch:28 Time:53.1 Data:0.0 Loss:5.2638 Cls Loss:4.4003 Pair Loss:0.4818 KL Loss:0.7587 Recon Loss:0.1049 Acc:0.2071 
Epoch:29 Time:52.2 Data:0.0 Loss:5.3064 Cls Loss:4.3802 Pair Loss:0.4810 KL Loss:0.8215 Recon Loss:0.1048 Acc:0.2066 
Epoch:30 Time:52.1 Data:0.0 Loss:5.2243 Cls Loss:4.3522 Pair Loss:0.4809 KL Loss:0.7677 Recon Loss:0.1044 Acc:0.2117 
=> Test at epoch 30
==========Test with latent_z: z_c =========
==========Test with latent_z: z_c =========
Extracted features for query set, obtained torch.Size([2228, 128]) matrix
Extracted features for gallery set, obtained torch.Size([17661, 128]) matrix
Extracting features complete in 0m 7s
Distance computing in 0m 0s
Computing CMC and mAP
Results ---------------------------------------------------
top1:72.3% top5:83.4% top10:86.7% top20:89.7% mAP:51.3%
-----------------------------------------------------------
Using 0m 2s
==========Test with latent_z: x_pre =========
==========Test with latent_z: x_pre =========
Extracted features for query set, obtained torch.Size([2228, 256]) matrix
Extracted features for gallery set, obtained torch.Size([17661, 256]) matrix
Extracting features complete in 0m 4s
Distance computing in 0m 0s
Computing CMC and mAP
Results ---------------------------------------------------
top1:83.8% top5:90.9% top10:92.8% top20:94.4% mAP:69.0%
-----------------------------------------------------------
Using 0m 2s
==========Test with latent_z: z_0 =========
==========Test with latent_z: z_0 =========
Extracted features for query set, obtained torch.Size([2228, 192]) matrix
Extracted features for gallery set, obtained torch.Size([17661, 192]) matrix
Extracting features complete in 0m 5s
Distance computing in 0m 0s
Computing CMC and mAP
Results ---------------------------------------------------
top1:75.7% top5:85.5% top10:88.2% top20:90.6% mAP:55.0%
-----------------------------------------------------------
Using 0m 2s
==========Test with latent_z: new_z =========
==========Test with latent_z: new_z =========
Extracted features for query set, obtained torch.Size([2228, 192]) matrix
Extracted features for gallery set, obtained torch.Size([17661, 192]) matrix
Extracting features complete in 0m 4s
Distance computing in 0m 0s
Computing CMC and mAP
Results ---------------------------------------------------
top1:73.2% top5:83.9% top10:87.4% top20:90.2% mAP:52.1%
-----------------------------------------------------------
Using 0m 2s
==========Test with latent_z: reconx =========
==========Test with latent_z: reconx =========
Extracted features for query set, obtained torch.Size([2228, 1280]) matrix
Extracted features for gallery set, obtained torch.Size([17661, 1280]) matrix
Extracting features complete in 0m 5s
Distance computing in 0m 1s
Computing CMC and mAP
Results ---------------------------------------------------
top1:44.5% top5:65.6% top10:71.8% top20:78.7% mAP:27.1%
-----------------------------------------------------------
Using 0m 2s
Epoch:31 Time:49.2 Data:0.0 Loss:5.1710 Cls Loss:4.3439 Pair Loss:0.4788 KL Loss:0.7226 Recon Loss:0.1045 Acc:0.2153 
Epoch:32 Time:52.0 Data:0.0 Loss:5.1609 Cls Loss:4.3178 Pair Loss:0.4783 KL Loss:0.7386 Recon Loss:0.1045 Acc:0.2178 
Epoch:33 Time:52.4 Data:0.0 Loss:5.2423 Cls Loss:4.3214 Pair Loss:0.4779 KL Loss:0.8166 Recon Loss:0.1043 Acc:0.2200 
Epoch:34 Time:52.1 Data:0.0 Loss:5.1813 Cls Loss:4.3085 Pair Loss:0.4771 KL Loss:0.7685 Recon Loss:0.1043 Acc:0.2217 
Epoch:35 Time:51.8 Data:0.0 Loss:5.2296 Cls Loss:4.3097 Pair Loss:0.4776 KL Loss:0.8156 Recon Loss:0.1043 Acc:0.2186 
=> Test at epoch 35
==========Test with latent_z: z_c =========
==========Test with latent_z: z_c =========
Extracted features for query set, obtained torch.Size([2228, 128]) matrix
Extracted features for gallery set, obtained torch.Size([17661, 128]) matrix
Extracting features complete in 0m 10s
Distance computing in 0m 0s
Computing CMC and mAP
Results ---------------------------------------------------
top1:72.1% top5:83.3% top10:86.8% top20:89.7% mAP:51.3%
-----------------------------------------------------------
Using 0m 2s
==========Test with latent_z: x_pre =========
==========Test with latent_z: x_pre =========
Extracted features for query set, obtained torch.Size([2228, 256]) matrix
Extracted features for gallery set, obtained torch.Size([17661, 256]) matrix
Extracting features complete in 0m 5s
Distance computing in 0m 0s
Computing CMC and mAP
Results ---------------------------------------------------
top1:83.8% top5:90.9% top10:92.8% top20:94.4% mAP:69.0%
-----------------------------------------------------------
Using 0m 2s
==========Test with latent_z: z_0 =========
==========Test with latent_z: z_0 =========
Extracted features for query set, obtained torch.Size([2228, 192]) matrix
Extracted features for gallery set, obtained torch.Size([17661, 192]) matrix
Extracting features complete in 0m 5s
Distance computing in 0m 0s
Computing CMC and mAP
Results ---------------------------------------------------
top1:75.3% top5:85.5% top10:88.2% top20:90.6% mAP:55.0%
-----------------------------------------------------------
Using 0m 3s
==========Test with latent_z: new_z =========
==========Test with latent_z: new_z =========
Extracted features for query set, obtained torch.Size([2228, 192]) matrix
Extracted features for gallery set, obtained torch.Size([17661, 192]) matrix
Extracting features complete in 0m 5s
Distance computing in 0m 0s
Computing CMC and mAP
Results ---------------------------------------------------
top1:73.0% top5:84.2% top10:87.5% top20:90.2% mAP:52.2%
-----------------------------------------------------------
Using 0m 3s
==========Test with latent_z: reconx =========
==========Test with latent_z: reconx =========
Extracted features for query set, obtained torch.Size([2228, 1280]) matrix
Extracted features for gallery set, obtained torch.Size([17661, 1280]) matrix
Extracting features complete in 0m 5s
Distance computing in 0m 1s
Computing CMC and mAP
Results ---------------------------------------------------
top1:46.4% top5:66.9% top10:72.7% top20:79.5% mAP:28.5%
-----------------------------------------------------------
Using 0m 2s
Epoch:36 Time:48.7 Data:0.0 Loss:5.1593 Cls Loss:4.2755 Pair Loss:0.4769 KL Loss:0.7797 Recon Loss:0.1041 Acc:0.2250 
Epoch:37 Time:52.5 Data:0.0 Loss:5.1275 Cls Loss:4.2770 Pair Loss:0.4768 KL Loss:0.7464 Recon Loss:0.1042 Acc:0.2234 
Epoch:38 Time:51.9 Data:0.0 Loss:5.1289 Cls Loss:4.2544 Pair Loss:0.4765 KL Loss:0.7703 Recon Loss:0.1042 Acc:0.2258 
Epoch:39 Time:53.3 Data:0.0 Loss:5.0783 Cls Loss:4.2203 Pair Loss:0.4738 KL Loss:0.7541 Recon Loss:0.1039 Acc:0.2339 
Epoch:40 Time:51.8 Data:0.0 Loss:5.2118 Cls Loss:4.2213 Pair Loss:0.4754 KL Loss:0.8865 Recon Loss:0.1040 Acc:0.2370 
=> Test at epoch 40
==========Test with latent_z: z_c =========
==========Test with latent_z: z_c =========
Extracted features for query set, obtained torch.Size([2228, 128]) matrix
Extracted features for gallery set, obtained torch.Size([17661, 128]) matrix
Extracting features complete in 0m 9s
Distance computing in 0m 0s
Computing CMC and mAP
Results ---------------------------------------------------
top1:72.4% top5:83.4% top10:87.2% top20:89.8% mAP:51.4%
-----------------------------------------------------------
Using 0m 2s
==========Test with latent_z: x_pre =========
==========Test with latent_z: x_pre =========
Extracted features for query set, obtained torch.Size([2228, 256]) matrix
Extracted features for gallery set, obtained torch.Size([17661, 256]) matrix
Extracting features complete in 0m 5s
Distance computing in 0m 0s
Computing CMC and mAP
Results ---------------------------------------------------
top1:83.9% top5:90.9% top10:92.8% top20:94.3% mAP:69.0%
-----------------------------------------------------------
Using 0m 2s
==========Test with latent_z: z_0 =========
==========Test with latent_z: z_0 =========
Extracted features for query set, obtained torch.Size([2228, 192]) matrix
Extracted features for gallery set, obtained torch.Size([17661, 192]) matrix
Extracting features complete in 0m 5s
Distance computing in 0m 0s
Computing CMC and mAP
Results ---------------------------------------------------
top1:75.6% top5:85.7% top10:88.5% top20:90.8% mAP:55.1%
-----------------------------------------------------------
Using 0m 3s
==========Test with latent_z: new_z =========
==========Test with latent_z: new_z =========
Extracted features for query set, obtained torch.Size([2228, 192]) matrix
Extracted features for gallery set, obtained torch.Size([17661, 192]) matrix
Extracting features complete in 0m 5s
Distance computing in 0m 0s
Computing CMC and mAP
Results ---------------------------------------------------
top1:73.0% top5:84.0% top10:87.7% top20:90.3% mAP:52.2%
-----------------------------------------------------------
Using 0m 3s
==========Test with latent_z: reconx =========
==========Test with latent_z: reconx =========
Extracted features for query set, obtained torch.Size([2228, 1280]) matrix
Extracted features for gallery set, obtained torch.Size([17661, 1280]) matrix
Extracting features complete in 0m 5s
Distance computing in 0m 1s
Computing CMC and mAP
Results ---------------------------------------------------
top1:47.9% top5:67.2% top10:74.2% top20:80.2% mAP:29.6%
-----------------------------------------------------------
Using 0m 2s
Epoch:41 Time:48.7 Data:0.0 Loss:5.0784 Cls Loss:4.2071 Pair Loss:0.4758 KL Loss:0.7674 Recon Loss:0.1039 Acc:0.2391 
Epoch:42 Time:52.9 Data:0.0 Loss:5.0620 Cls Loss:4.1946 Pair Loss:0.4741 KL Loss:0.7637 Recon Loss:0.1037 Acc:0.2388 
Epoch:43 Time:52.3 Data:0.0 Loss:5.0393 Cls Loss:4.2025 Pair Loss:0.4752 KL Loss:0.7330 Recon Loss:0.1038 Acc:0.2390 
Epoch:44 Time:51.9 Data:0.0 Loss:5.0230 Cls Loss:4.2013 Pair Loss:0.4739 KL Loss:0.7178 Recon Loss:0.1039 Acc:0.2377 
Epoch:45 Time:52.4 Data:0.0 Loss:4.9712 Cls Loss:4.1889 Pair Loss:0.4743 KL Loss:0.6785 Recon Loss:0.1037 Acc:0.2400 
=> Test at epoch 45
==========Test with latent_z: z_c =========
==========Test with latent_z: z_c =========
Extracted features for query set, obtained torch.Size([2228, 128]) matrix
Extracted features for gallery set, obtained torch.Size([17661, 128]) matrix
Extracting features complete in 0m 9s
Distance computing in 0m 0s
Computing CMC and mAP
Results ---------------------------------------------------
top1:72.3% top5:83.3% top10:87.2% top20:89.8% mAP:51.4%
-----------------------------------------------------------
Using 0m 2s
==========Test with latent_z: x_pre =========
==========Test with latent_z: x_pre =========
Extracted features for query set, obtained torch.Size([2228, 256]) matrix
Extracted features for gallery set, obtained torch.Size([17661, 256]) matrix
Extracting features complete in 0m 5s
Distance computing in 0m 0s
Computing CMC and mAP
Results ---------------------------------------------------
top1:84.0% top5:90.9% top10:92.7% top20:94.3% mAP:69.0%
-----------------------------------------------------------
Using 0m 2s
==========Test with latent_z: z_0 =========
==========Test with latent_z: z_0 =========
Extracted features for query set, obtained torch.Size([2228, 192]) matrix
Extracted features for gallery set, obtained torch.Size([17661, 192]) matrix
Extracting features complete in 0m 6s
Distance computing in 0m 0s
Computing CMC and mAP
Results ---------------------------------------------------
top1:75.6% top5:85.6% top10:88.6% top20:90.7% mAP:55.1%
-----------------------------------------------------------
Using 0m 3s
==========Test with latent_z: new_z =========
==========Test with latent_z: new_z =========
Extracted features for query set, obtained torch.Size([2228, 192]) matrix
Extracted features for gallery set, obtained torch.Size([17661, 192]) matrix
Extracting features complete in 0m 5s
Distance computing in 0m 0s
Computing CMC and mAP
Results ---------------------------------------------------
top1:73.2% top5:84.0% top10:87.9% top20:90.3% mAP:52.3%
-----------------------------------------------------------
Using 0m 2s
==========Test with latent_z: reconx =========
==========Test with latent_z: reconx =========
Extracted features for query set, obtained torch.Size([2228, 1280]) matrix
Extracted features for gallery set, obtained torch.Size([17661, 1280]) matrix
Extracting features complete in 0m 6s
Distance computing in 0m 1s
Computing CMC and mAP
Results ---------------------------------------------------
top1:48.4% top5:67.3% top10:74.3% top20:80.1% mAP:29.8%
-----------------------------------------------------------
Using 0m 2s
Epoch:46 Time:47.6 Data:0.0 Loss:5.0883 Cls Loss:4.2058 Pair Loss:0.4747 KL Loss:0.7787 Recon Loss:0.1038 Acc:0.2364 
Epoch:47 Time:51.7 Data:0.0 Loss:4.9819 Cls Loss:4.2049 Pair Loss:0.4739 KL Loss:0.6731 Recon Loss:0.1039 Acc:0.2404 
Epoch:48 Time:51.2 Data:0.0 Loss:5.0711 Cls Loss:4.2064 Pair Loss:0.4747 KL Loss:0.7608 Recon Loss:0.1040 Acc:0.2328 
Epoch:49 Time:61.7 Data:0.0 Loss:4.9988 Cls Loss:4.1914 Pair Loss:0.4740 KL Loss:0.7035 Recon Loss:0.1039 Acc:0.2361 
Epoch:50 Time:55.2 Data:0.0 Loss:4.9799 Cls Loss:4.1963 Pair Loss:0.4752 KL Loss:0.6799 Recon Loss:0.1037 Acc:0.2392 
=> Test at epoch 50
==========Test with latent_z: z_c =========
==========Test with latent_z: z_c =========
Extracted features for query set, obtained torch.Size([2228, 128]) matrix
Extracted features for gallery set, obtained torch.Size([17661, 128]) matrix
Extracting features complete in 0m 9s
Distance computing in 0m 0s
Computing CMC and mAP
Results ---------------------------------------------------
top1:72.2% top5:83.4% top10:87.3% top20:89.7% mAP:51.4%
-----------------------------------------------------------
Using 0m 2s
==========Test with latent_z: x_pre =========
==========Test with latent_z: x_pre =========
Extracted features for query set, obtained torch.Size([2228, 256]) matrix
Extracted features for gallery set, obtained torch.Size([17661, 256]) matrix
Extracting features complete in 0m 6s
Distance computing in 0m 0s
Computing CMC and mAP
Results ---------------------------------------------------
top1:83.8% top5:91.0% top10:92.7% top20:94.3% mAP:69.0%
-----------------------------------------------------------
Using 0m 2s
==========Test with latent_z: z_0 =========
==========Test with latent_z: z_0 =========
Extracted features for query set, obtained torch.Size([2228, 192]) matrix
Extracted features for gallery set, obtained torch.Size([17661, 192]) matrix
Extracting features complete in 0m 5s
Distance computing in 0m 0s
Computing CMC and mAP
Results ---------------------------------------------------
top1:75.7% top5:85.5% top10:88.5% top20:90.8% mAP:55.0%
-----------------------------------------------------------
Using 0m 2s
==========Test with latent_z: new_z =========
==========Test with latent_z: new_z =========
Extracted features for query set, obtained torch.Size([2228, 192]) matrix
Extracted features for gallery set, obtained torch.Size([17661, 192]) matrix
Extracting features complete in 0m 5s
Distance computing in 0m 0s
Computing CMC and mAP
Results ---------------------------------------------------
top1:73.2% top5:84.0% top10:87.7% top20:90.3% mAP:52.3%
-----------------------------------------------------------
Using 0m 2s
==========Test with latent_z: reconx =========
==========Test with latent_z: reconx =========
Extracted features for query set, obtained torch.Size([2228, 1280]) matrix
Extracted features for gallery set, obtained torch.Size([17661, 1280]) matrix
Extracting features complete in 0m 5s
Distance computing in 0m 1s
Computing CMC and mAP
Results ---------------------------------------------------
top1:48.6% top5:67.6% top10:74.5% top20:80.2% mAP:29.9%
-----------------------------------------------------------
Using 0m 2s
Epoch:51 Time:52.8 Data:0.0 Loss:5.0141 Cls Loss:4.1946 Pair Loss:0.4730 KL Loss:0.7157 Recon Loss:0.1037 Acc:0.2364 
Epoch:52 Time:57.1 Data:0.0 Loss:5.0376 Cls Loss:4.1750 Pair Loss:0.4738 KL Loss:0.7590 Recon Loss:0.1035 Acc:0.2405 
Epoch:53 Time:55.7 Data:0.0 Loss:5.0051 Cls Loss:4.1883 Pair Loss:0.4741 KL Loss:0.7131 Recon Loss:0.1037 Acc:0.2431 
Epoch:54 Time:55.0 Data:0.0 Loss:5.0133 Cls Loss:4.1801 Pair Loss:0.4742 KL Loss:0.7296 Recon Loss:0.1036 Acc:0.2397 
Epoch:55 Time:55.0 Data:0.0 Loss:5.0782 Cls Loss:4.1680 Pair Loss:0.4744 KL Loss:0.8067 Recon Loss:0.1035 Acc:0.2476 
=> Test at epoch 55
==========Test with latent_z: z_c =========
==========Test with latent_z: z_c =========
Extracted features for query set, obtained torch.Size([2228, 128]) matrix
Extracted features for gallery set, obtained torch.Size([17661, 128]) matrix
Extracting features complete in 0m 9s
Distance computing in 0m 0s
Computing CMC and mAP
Results ---------------------------------------------------
top1:72.1% top5:83.4% top10:87.3% top20:89.7% mAP:51.4%
-----------------------------------------------------------
Using 0m 3s
==========Test with latent_z: x_pre =========
==========Test with latent_z: x_pre =========
Extracted features for query set, obtained torch.Size([2228, 256]) matrix
Extracted features for gallery set, obtained torch.Size([17661, 256]) matrix
Extracting features complete in 0m 5s
Distance computing in 0m 0s
Computing CMC and mAP
Results ---------------------------------------------------
top1:83.8% top5:91.0% top10:92.7% top20:94.3% mAP:69.0%
-----------------------------------------------------------
Using 0m 3s
==========Test with latent_z: z_0 =========
==========Test with latent_z: z_0 =========
Extracted features for query set, obtained torch.Size([2228, 192]) matrix
Extracted features for gallery set, obtained torch.Size([17661, 192]) matrix
Extracting features complete in 0m 5s
Distance computing in 0m 0s
Computing CMC and mAP
Results ---------------------------------------------------
top1:75.7% top5:85.6% top10:88.6% top20:90.8% mAP:55.0%
-----------------------------------------------------------
Using 0m 3s
==========Test with latent_z: new_z =========
==========Test with latent_z: new_z =========
Extracted features for query set, obtained torch.Size([2228, 192]) matrix
Extracted features for gallery set, obtained torch.Size([17661, 192]) matrix
Extracting features complete in 0m 5s
Distance computing in 0m 0s
Computing CMC and mAP
Results ---------------------------------------------------
top1:73.2% top5:84.0% top10:87.7% top20:90.2% mAP:52.3%
-----------------------------------------------------------
Using 0m 3s
==========Test with latent_z: reconx =========
==========Test with latent_z: reconx =========
Extracted features for query set, obtained torch.Size([2228, 1280]) matrix
Extracted features for gallery set, obtained torch.Size([17661, 1280]) matrix
Extracting features complete in 0m 6s
Distance computing in 0m 1s
Computing CMC and mAP
Results ---------------------------------------------------
top1:48.8% top5:67.7% top10:74.6% top20:80.3% mAP:30.0%
-----------------------------------------------------------
Using 0m 2s
Epoch:56 Time:50.9 Data:0.0 Loss:5.0459 Cls Loss:4.1856 Pair Loss:0.4737 KL Loss:0.7567 Recon Loss:0.1036 Acc:0.2450 
Epoch:57 Time:55.5 Data:0.0 Loss:4.9923 Cls Loss:4.1981 Pair Loss:0.4748 KL Loss:0.6903 Recon Loss:0.1038 Acc:0.2388 
Epoch:58 Time:54.4 Data:0.0 Loss:4.9574 Cls Loss:4.1740 Pair Loss:0.4753 KL Loss:0.6797 Recon Loss:0.1037 Acc:0.2381 
Epoch:59 Time:54.8 Data:0.0 Loss:5.0444 Cls Loss:4.1778 Pair Loss:0.4735 KL Loss:0.7629 Recon Loss:0.1037 Acc:0.2438 
Epoch:60 Time:54.6 Data:0.0 Loss:4.9621 Cls Loss:4.1751 Pair Loss:0.4725 KL Loss:0.6834 Recon Loss:0.1036 Acc:0.2403 
=> Test at epoch 60
==========Test with latent_z: z_c =========
==========Test with latent_z: z_c =========
Extracted features for query set, obtained torch.Size([2228, 128]) matrix
Extracted features for gallery set, obtained torch.Size([17661, 128]) matrix
Extracting features complete in 0m 8s
Distance computing in 0m 0s
Computing CMC and mAP
Results ---------------------------------------------------
top1:72.1% top5:83.5% top10:87.3% top20:89.7% mAP:51.4%
-----------------------------------------------------------
Using 0m 2s
==========Test with latent_z: x_pre =========
==========Test with latent_z: x_pre =========
Extracted features for query set, obtained torch.Size([2228, 256]) matrix
Extracted features for gallery set, obtained torch.Size([17661, 256]) matrix
Extracting features complete in 0m 5s
Distance computing in 0m 0s
Computing CMC and mAP
Results ---------------------------------------------------
top1:83.8% top5:91.0% top10:92.7% top20:94.3% mAP:69.0%
-----------------------------------------------------------
Using 0m 2s
==========Test with latent_z: z_0 =========
==========Test with latent_z: z_0 =========
Extracted features for query set, obtained torch.Size([2228, 192]) matrix
Extracted features for gallery set, obtained torch.Size([17661, 192]) matrix
Extracting features complete in 0m 4s
Distance computing in 0m 0s
Computing CMC and mAP
Results ---------------------------------------------------
top1:75.8% top5:85.4% top10:88.6% top20:90.8% mAP:55.0%
-----------------------------------------------------------
Using 0m 2s
==========Test with latent_z: new_z =========
==========Test with latent_z: new_z =========
Extracted features for query set, obtained torch.Size([2228, 192]) matrix
Extracted features for gallery set, obtained torch.Size([17661, 192]) matrix
Extracting features complete in 0m 4s
Distance computing in 0m 0s
Computing CMC and mAP
Results ---------------------------------------------------
top1:73.2% top5:84.1% top10:87.7% top20:90.2% mAP:52.3%
-----------------------------------------------------------
Using 0m 2s
==========Test with latent_z: reconx =========
==========Test with latent_z: reconx =========
Extracted features for query set, obtained torch.Size([2228, 1280]) matrix
Extracted features for gallery set, obtained torch.Size([17661, 1280]) matrix
Extracting features complete in 0m 4s
Distance computing in 0m 0s
Computing CMC and mAP
Results ---------------------------------------------------
top1:49.0% top5:67.8% top10:74.5% top20:80.5% mAP:30.1%
-----------------------------------------------------------
Using 0m 2s
=> Best Rank-1 83.4% achieved at epoch 5
Finished. Total elapsed time (h:m:s): 1:01:23. Training time (h:m:s): 0:52:51.
Shutting down background jobs, please wait a moment...
Done!
Waiting for the remaining 28 operations to synchronize with Neptune. Do not kill this process.
All 28 operations synced, thanks for waiting!
Explore the metadata in the Neptune app:
https://app.neptune.ai/Zhengwei-Lab/MayCVAE/e/MAY-9/metadata
