https://app.neptune.ai/Zhengwei-Lab/MayCVAE/e/MAY-11
=> merge config from ./configs/clipreid_cvae_kl.yaml
/home/zhengwei/Desktop/Zhengwei/Projects/CVAE/main.py:90: NeptuneUnsupportedType: You're attempting to log a type that is not directly supported by Neptune (<class 'list'>).
        Convert the value to a supported type, such as a string or float, or use stringify_unsupported(obj)
        for dictionaries or collections that contain unsupported values.
        For more, see https://docs.neptune.ai/help/value_of_unsupported_type
  run["parameters"] = param
=> Configurations:
-------------------------
AMP: True
AUG:
  RC_PROB: 0.5
  RE_PROB: 0.5
DATA:
  CUHK03_CLASSIC_SPLIT: False
  CUHK03_LABELED: False
  DATASET: duke
  FORMAT_TAG: tensor
  HEIGHT: 256
  NUM_INSTANCES: 4
  NUM_WORKERS: 4
  ROOT: /home/zhengwei/Desktop/Zhengwei/Projects/datasets
  SPLIT_ID: 0
  TEST_BATCH: 512
  TRAIN_BATCH: 64
  TRAIN_FORMAT: base
  WIDTH: 128
EVAL_MODE: False
GPU: 0
LOSS:
  CLA_LOSS: crossentropylabelsmooth
  CLA_M: 0.0
  CLA_S: 16.0
  PAIR_LOSS: triplet
  PAIR_M: 0.3
  PAIR_S: 16.0
  RECON_LOSS: mse
MODEL:
  CONDITIONAL: False
  FEATURE_DIM: 1280
  FEAT_FUSION: True
  FLOW_TYPE: 
  GAUSSIAN: MultivariateNormal
  HIDDEN_DIM: 256
  LATENT_SIZE: 64
  NAME: CVAE
  ONLY_CVAE_KL: False
  ONLY_X_INPUT: False
  PRETRAIN: CLIPreidNew
  RES4_STRIDE: 1
  RESUME: 
  TRAIN_STAGE: klstage
  USE_CENTROID: False
  VAE_TYPE: SinpleVAE
  ZC_DIM: 128
  ZS_DIM: 64
OUTPUT: ./outputs/duke/clipreid_simplevae/2024-05-14/fp32_SimpleVAE_128+64z_1e3_singleCls__mse
SAVED_NAME: fp32_SimpleVAE_128+64z_1e3_singleCls
SEED: 0
TAG: clipreid_simplevae
TEST:
  DISTANCE: cosine
  EVAL_STEP: 5
  START_EVAL: -1
TRAIN:
  AMP: False
  LR_SCHEDULER:
    DECAY_RATE: 0.1
    NAME: MultiStepLR
    STEPSIZE: [20, 40]
  MAX_EPOCH: 60
  OPTIMIZER:
    LR: 0.001
    NAME: adam
    SGDLR: 0.01
    SGD_MOMENTUM: 0.9
    SGD_WEIGHT_DECAY: 0.0005
    WEIGHT_DECAY: 0.0001
  START_EPOCH: 0
----------------------
Initializing dataset duke
Warning: string series 'monitoring/f9aeb525/stdout' value was longer than 1000 characters and was truncated. This warning is printed only once per series.
Loading cluster results from '/home/zhengwei/Desktop/Zhengwei/Projects/datasets/DukeMTMC-reID/kmeans_results/CLIPreidNew/train_all_129k_euclidean.pt'
Clustering stastistics: [(0, 83), (1, 48), (2, 58), (3, 100), (4, 96), (5, 59), (6, 109), (7, 142), (8, 122), (9, 100), (10, 53), (11, 138), (12, 83), (13, 99), (14, 142), (15, 224), (16, 181), (17, 153), (18, 172), (19, 254), (20, 162), (21, 110), (22, 191), (23, 102), (24, 41), (25, 136), (26, 144), (27, 152), (28, 151), (29, 142), (30, 100), (31, 128), (32, 245), (33, 131), (34, 85), (35, 81), (36, 58), (37, 143), (38, 71), (39, 219), (40, 113), (41, 56), (42, 61), (43, 158), (44, 116), (45, 33), (46, 143), (47, 95), (48, 325), (49, 145), (50, 63), (51, 150), (52, 75), (53, 111), (54, 108), (55, 88), (56, 108), (57, 158), (58, 333), (59, 38), (60, 165), (61, 159), (62, 175), (63, 173), (64, 71), (65, 68), (66, 90), (67, 194), (68, 66), (69, 75), (70, 199), (71, 119), (72, 83), (73, 63), (74, 213), (75, 369), (76, 137), (77, 126), (78, 51), (79, 196), (80, 134), (81, 189), (82, 100), (83, 250), (84, 23), (85, 100), (86, 149), (87, 231), (88, 66), (89, 40), (90, 181), (91, 77), (92, 143), (93, 145), (94, 126), (95, 159), (96, 219), (97, 117), (98, 185), (99, 139), (100, 135), (101, 108), (102, 64), (103, 178), (104, 104), (105, 131), (106, 64), (107, 106), (108, 153), (109, 133), (110, 75), (111, 83), (112, 94), (113, 255), (114, 80), (115, 99), (116, 209), (117, 90), (118, 189), (119, 103), (120, 236), (121, 163), (122, 9), (123, 47), (124, 33), (125, 97), (126, 121), (127, 153), (128, 160)]
Loading cluster results from '/home/zhengwei/Desktop/Zhengwei/Projects/datasets/DukeMTMC-reID/kmeans_results/CLIPreidNew/query_129k_euclidean.pt'
Clustering stastistics: [(0, 7), (1, 22), (2, 26), (3, 6), (4, 35), (5, 24), (6, 10), (7, 12), (8, 9), (9, 8), (10, 22), (11, 7), (12, 22), (13, 6), (14, 33), (15, 16), (16, 43), (17, 11), (18, 9), (19, 17), (20, 9), (21, 28), (22, 26), (23, 12), (24, 10), (25, 9), (26, 8), (27, 15), (28, 15), (29, 40), (30, 3), (31, 9), (32, 11), (33, 9), (34, 33), (35, 12), (36, 19), (37, 13), (38, 10), (39, 26), (40, 29), (41, 9), (42, 14), (43, 12), (44, 17), (45, 10), (46, 12), (47, 12), (48, 31), (49, 28), (50, 21), (51, 9), (52, 17), (53, 18), (54, 13), (55, 7), (56, 13), (57, 31), (58, 17), (59, 55), (60, 26), (61, 6), (62, 18), (63, 15), (64, 26), (65, 28), (66, 23), (67, 35), (68, 20), (69, 27), (70, 22), (71, 19), (72, 7), (73, 13), (74, 13), (75, 27), (76, 12), (77, 18), (78, 23), (79, 11), (80, 19), (81, 21), (82, 14), (83, 15), (84, 6), (85, 19), (86, 24), (87, 4), (88, 21), (89, 12), (90, 12), (91, 27), (92, 27), (93, 8), (94, 20), (95, 25), (96, 18), (97, 17), (98, 8), (99, 22), (100, 4), (101, 13), (102, 25), (103, 16), (104, 19), (105, 26), (106, 9), (107, 14), (108, 21), (109, 12), (110, 15), (111, 19), (112, 22), (113, 37), (114, 7), (115, 23), (116, 4), (117, 30), (118, 20), (119, 29), (120, 17), (121, 9), (122, 6), (123, 8), (124, 13), (125, 16), (126, 8), (127, 5), (128, 16)]
Loading cluster results from '/home/zhengwei/Desktop/Zhengwei/Projects/datasets/DukeMTMC-reID/kmeans_results/CLIPreidNew/gallery_129k_euclidean.pt'
Clustering stastistics: [(0, 166), (1, 257), (2, 94), (3, 25), (4, 246), (5, 88), (6, 199), (7, 160), (8, 125), (9, 124), (10, 195), (11, 90), (12, 94), (13, 155), (14, 179), (15, 172), (16, 73), (17, 139), (18, 55), (19, 88), (20, 115), (21, 118), (22, 140), (23, 114), (24, 74), (25, 194), (26, 190), (27, 80), (28, 202), (29, 117), (30, 185), (31, 156), (32, 63), (33, 149), (34, 161), (35, 102), (36, 127), (37, 92), (38, 143), (39, 188), (40, 79), (41, 191), (42, 128), (43, 105), (44, 167), (45, 255), (46, 213), (47, 67), (48, 193), (49, 118), (50, 127), (51, 213), (52, 84), (53, 147), (54, 61), (55, 91), (56, 159), (57, 116), (58, 146), (59, 189), (60, 100), (61, 159), (62, 166), (63, 142), (64, 183), (65, 120), (66, 118), (67, 70), (68, 150), (69, 113), (70, 167), (71, 93), (72, 107), (73, 138), (74, 191), (75, 154), (76, 72), (77, 255), (78, 83), (79, 102), (80, 129), (81, 48), (82, 97), (83, 129), (84, 216), (85, 178), (86, 127), (87, 254), (88, 191), (89, 126), (90, 170), (91, 154), (92, 52), (93, 149), (94, 179), (95, 99), (96, 96), (97, 142), (98, 154), (99, 193), (100, 143), (101, 118), (102, 153), (103, 44), (104, 142), (105, 87), (106, 84), (107, 196), (108, 143), (109, 156), (110, 63), (111, 178), (112, 52), (113, 165), (114, 106), (115, 38), (116, 112), (117, 183), (118, 63), (119, 299), (120, 96), (121, 53), (122, 143), (123, 132), (124, 288), (125, 151), (126, 104), (127, 95), (128, 225)]
=> DukeMTMC-reID tensor loaded
Dataset statistics:
  ------------------------------
  subset   | # ids | # images
  ------------------------------
  train    |   702 |    16522
  query    |   702 |     2228
  gallery  |  1110 |    17661
  ------------------------------
  total    |  1404 |    36411
  ------------------------------
Initializing SinpleVAE model
Model size: 11.47219M
Classifier size: 0.08986M
=> Start training
Epoch:1 Time:64.4 Data:0.0 Loss:17.1036 Cls Loss:6.5597 Pair Loss:0.5660 KL Loss:10.3994 Recon Loss:0.1445 Acc:0.0013 
Epoch:2 Time:51.6 Data:0.0 Loss:7.4326 Cls Loss:6.5708 Pair Loss:0.5769 KL Loss:0.7391 Recon Loss:0.1227 Acc:0.0019 
Epoch:3 Time:51.7 Data:0.0 Loss:7.0582 Cls Loss:6.5367 Pair Loss:0.5740 KL Loss:0.4035 Recon Loss:0.1180 Acc:0.0151 
Epoch:4 Time:51.6 Data:0.0 Loss:6.9717 Cls Loss:6.4377 Pair Loss:0.5706 KL Loss:0.4178 Recon Loss:0.1162 Acc:0.0296 
Epoch:5 Time:51.5 Data:0.0 Loss:6.8807 Cls Loss:6.3029 Pair Loss:0.5639 KL Loss:0.4627 Recon Loss:0.1151 Acc:0.0402 
=> Test at epoch 5
==========Test with latent_z: z_c =========
==========Test with latent_z: z_c =========
Extracted features for query set, obtained torch.Size([2228, 128]) matrix
Extracted features for gallery set, obtained torch.Size([17661, 128]) matrix
Extracting features complete in 0m 8s
Distance computing in 0m 0s
Computing CMC and mAP
Results ---------------------------------------------------
top1:80.9% top5:89.5% top10:91.4% top20:93.6% mAP:62.7%
-----------------------------------------------------------
Using 0m 2s
==========Test with latent_z: x_pre =========
==========Test with latent_z: x_pre =========
Extracted features for query set, obtained torch.Size([2228, 256]) matrix
Extracted features for gallery set, obtained torch.Size([17661, 256]) matrix
Extracting features complete in 0m 4s
Distance computing in 0m 0s
Computing CMC and mAP
Results ---------------------------------------------------
top1:85.3% top5:92.1% top10:93.9% top20:95.5% mAP:70.7%
-----------------------------------------------------------
Using 0m 2s
==========Test with latent_z: z_0 =========
==========Test with latent_z: z_0 =========
Extracted features for query set, obtained torch.Size([2228, 192]) matrix
Extracted features for gallery set, obtained torch.Size([17661, 192]) matrix
Extracting features complete in 0m 5s
Distance computing in 0m 0s
Computing CMC and mAP
Results ---------------------------------------------------
top1:81.5% top5:90.0% top10:92.1% top20:94.2% mAP:64.5%
-----------------------------------------------------------
Using 0m 2s
==========Test with latent_z: new_z =========
==========Test with latent_z: new_z =========
Extracted features for query set, obtained torch.Size([2228, 192]) matrix
Extracted features for gallery set, obtained torch.Size([17661, 192]) matrix
Extracting features complete in 0m 5s
Distance computing in 0m 0s
Computing CMC and mAP
Results ---------------------------------------------------
top1:77.6% top5:86.1% top10:89.1% top20:91.0% mAP:52.7%
-----------------------------------------------------------
Using 0m 2s
==========Test with latent_z: reconx =========
==========Test with latent_z: reconx =========
Extracted features for query set, obtained torch.Size([2228, 1280]) matrix
Extracted features for gallery set, obtained torch.Size([17661, 1280]) matrix
Extracting features complete in 0m 6s
Distance computing in 0m 1s
Computing CMC and mAP
Results ---------------------------------------------------
top1:13.8% top5:27.2% top10:35.2% top20:44.1% mAP:4.6%
-----------------------------------------------------------
Using 0m 2s
Epoch:6 Time:48.5 Data:0.0 Loss:6.8678 Cls Loss:6.2370 Pair Loss:0.5619 KL Loss:0.5173 Recon Loss:0.1135 Acc:0.0506 
Epoch:7 Time:51.6 Data:0.0 Loss:6.8228 Cls Loss:6.1331 Pair Loss:0.5544 KL Loss:0.5795 Recon Loss:0.1102 Acc:0.0597 
Epoch:8 Time:52.2 Data:0.0 Loss:6.7630 Cls Loss:6.0235 Pair Loss:0.5482 KL Loss:0.6307 Recon Loss:0.1088 Acc:0.0726 
Epoch:9 Time:51.9 Data:0.0 Loss:6.6418 Cls Loss:5.8742 Pair Loss:0.5406 KL Loss:0.6612 Recon Loss:0.1065 Acc:0.0818 
/home/zhengwei/anaconda3/envs/yzwT2V/lib/python3.9/site-packages/numpy/lib/function_base.py:2853: RuntimeWarning: invalid value encountered in divide
  c /= stddev[:, None]
/home/zhengwei/anaconda3/envs/yzwT2V/lib/python3.9/site-packages/numpy/lib/function_base.py:2854: RuntimeWarning: invalid value encountered in divide
  c /= stddev[None, :]
Epoch:10 Time:52.6 Data:0.0 Loss:6.5099 Cls Loss:5.7135 Pair Loss:0.5346 KL Loss:0.6903 Recon Loss:0.1060 Acc:0.0961 
=> Test at epoch 10
==========Test with latent_z: z_c =========
==========Test with latent_z: z_c =========
Extracted features for query set, obtained torch.Size([2228, 128]) matrix
Extracted features for gallery set, obtained torch.Size([17661, 128]) matrix
Extracting features complete in 0m 8s
Distance computing in 0m 0s
Computing CMC and mAP
Results ---------------------------------------------------
top1:77.9% top5:87.0% top10:89.7% top20:91.9% mAP:58.5%
-----------------------------------------------------------
Using 0m 2s
==========Test with latent_z: x_pre =========
==========Test with latent_z: x_pre =========
Extracted features for query set, obtained torch.Size([2228, 256]) matrix
Extracted features for gallery set, obtained torch.Size([17661, 256]) matrix
Extracting features complete in 0m 5s
Distance computing in 0m 0s
Computing CMC and mAP
Results ---------------------------------------------------
top1:84.7% top5:91.6% top10:93.9% top20:95.6% mAP:70.9%
-----------------------------------------------------------
Using 0m 2s
==========Test with latent_z: z_0 =========
==========Test with latent_z: z_0 =========
Extracted features for query set, obtained torch.Size([2228, 192]) matrix
Extracted features for gallery set, obtained torch.Size([17661, 192]) matrix
Extracting features complete in 0m 5s
Distance computing in 0m 0s
Computing CMC and mAP
Results ---------------------------------------------------
top1:79.3% top5:87.7% top10:90.5% top20:92.8% mAP:60.8%
-----------------------------------------------------------
Using 0m 2s
==========Test with latent_z: new_z =========
==========Test with latent_z: new_z =========
Extracted features for query set, obtained torch.Size([2228, 192]) matrix
Extracted features for gallery set, obtained torch.Size([17661, 192]) matrix
Extracting features complete in 0m 4s
Distance computing in 0m 0s
Computing CMC and mAP
Results ---------------------------------------------------
top1:77.6% top5:87.1% top10:90.2% top20:92.7% mAP:59.3%
-----------------------------------------------------------
Using 0m 3s
==========Test with latent_z: reconx =========
==========Test with latent_z: reconx =========
Extracted features for query set, obtained torch.Size([2228, 1280]) matrix
Extracted features for gallery set, obtained torch.Size([17661, 1280]) matrix
Extracting features complete in 0m 4s
Distance computing in 0m 0s
Computing CMC and mAP
Results ---------------------------------------------------
top1:40.1% top5:61.7% top10:69.3% top20:76.5% mAP:23.3%
-----------------------------------------------------------
Using 0m 3s
Epoch:11 Time:48.1 Data:0.0 Loss:6.5625 Cls Loss:5.5541 Pair Loss:0.5283 KL Loss:0.9045 Recon Loss:0.1039 Acc:0.1089 
Epoch:12 Time:51.4 Data:0.0 Loss:6.3173 Cls Loss:5.3852 Pair Loss:0.5191 KL Loss:0.8294 Recon Loss:0.1027 Acc:0.1228 
Epoch:13 Time:51.1 Data:0.0 Loss:6.2316 Cls Loss:5.2134 Pair Loss:0.5115 KL Loss:0.9166 Recon Loss:0.1016 Acc:0.1436 
Epoch:14 Time:53.0 Data:0.0 Loss:6.1316 Cls Loss:5.0554 Pair Loss:0.5030 KL Loss:0.9750 Recon Loss:0.1012 Acc:0.1561 
Epoch:15 Time:51.8 Data:0.0 Loss:5.8900 Cls Loss:4.8775 Pair Loss:0.4951 KL Loss:0.9117 Recon Loss:0.1008 Acc:0.1739 
=> Test at epoch 15
==========Test with latent_z: z_c =========
==========Test with latent_z: z_c =========
Extracted features for query set, obtained torch.Size([2228, 128]) matrix
Extracted features for gallery set, obtained torch.Size([17661, 128]) matrix
Extracting features complete in 0m 8s
Distance computing in 0m 0s
Computing CMC and mAP
Results ---------------------------------------------------
top1:77.7% top5:87.9% top10:90.9% top20:92.7% mAP:59.0%
-----------------------------------------------------------
Using 0m 2s
==========Test with latent_z: x_pre =========
==========Test with latent_z: x_pre =========
Extracted features for query set, obtained torch.Size([2228, 256]) matrix
Extracted features for gallery set, obtained torch.Size([17661, 256]) matrix
Extracting features complete in 0m 5s
Distance computing in 0m 0s
Computing CMC and mAP
Results ---------------------------------------------------
top1:85.7% top5:91.8% top10:93.7% top20:95.4% mAP:71.2%
-----------------------------------------------------------
Using 0m 2s
==========Test with latent_z: z_0 =========
==========Test with latent_z: z_0 =========
Extracted features for query set, obtained torch.Size([2228, 192]) matrix
Extracted features for gallery set, obtained torch.Size([17661, 192]) matrix
Extracting features complete in 0m 4s
Distance computing in 0m 0s
Computing CMC and mAP
Results ---------------------------------------------------
top1:79.1% top5:88.2% top10:91.5% top20:93.0% mAP:60.6%
-----------------------------------------------------------
Using 0m 2s
==========Test with latent_z: new_z =========
==========Test with latent_z: new_z =========
Extracted features for query set, obtained torch.Size([2228, 192]) matrix
Extracted features for gallery set, obtained torch.Size([17661, 192]) matrix
Extracting features complete in 0m 4s
Distance computing in 0m 0s
Computing CMC and mAP
Results ---------------------------------------------------
top1:77.9% top5:88.2% top10:91.3% top20:92.8% mAP:59.7%
-----------------------------------------------------------
Using 0m 3s
==========Test with latent_z: reconx =========
==========Test with latent_z: reconx =========
Extracted features for query set, obtained torch.Size([2228, 1280]) matrix
Extracted features for gallery set, obtained torch.Size([17661, 1280]) matrix
Extracting features complete in 0m 4s
Distance computing in 0m 1s
Computing CMC and mAP
Results ---------------------------------------------------
top1:60.8% top5:77.0% top10:82.6% top20:87.0% mAP:42.2%
-----------------------------------------------------------
Using 0m 2s
Epoch:16 Time:48.9 Data:0.0 Loss:5.8879 Cls Loss:4.7279 Pair Loss:0.4870 KL Loss:1.0598 Recon Loss:0.1003 Acc:0.1923 
Epoch:17 Time:51.5 Data:0.0 Loss:5.8022 Cls Loss:4.5860 Pair Loss:0.4822 KL Loss:1.1165 Recon Loss:0.0997 Acc:0.2084 
Epoch:18 Time:52.1 Data:0.0 Loss:5.6048 Cls Loss:4.4378 Pair Loss:0.4734 KL Loss:1.0678 Recon Loss:0.0992 Acc:0.2322 
Epoch:19 Time:52.1 Data:0.0 Loss:5.4635 Cls Loss:4.3359 Pair Loss:0.4684 KL Loss:1.0291 Recon Loss:0.0985 Acc:0.2436 
Epoch:20 Time:51.4 Data:0.0 Loss:5.4012 Cls Loss:4.2084 Pair Loss:0.4635 KL Loss:1.0954 Recon Loss:0.0974 Acc:0.2647 
=> Test at epoch 20
==========Test with latent_z: z_c =========
==========Test with latent_z: z_c =========
Extracted features for query set, obtained torch.Size([2228, 128]) matrix
Extracted features for gallery set, obtained torch.Size([17661, 128]) matrix
Extracting features complete in 0m 8s
Distance computing in 0m 0s
Computing CMC and mAP
Results ---------------------------------------------------
top1:78.0% top5:88.2% top10:90.9% top20:93.1% mAP:60.9%
-----------------------------------------------------------
Using 0m 2s
==========Test with latent_z: x_pre =========
==========Test with latent_z: x_pre =========
Extracted features for query set, obtained torch.Size([2228, 256]) matrix
Extracted features for gallery set, obtained torch.Size([17661, 256]) matrix
Extracting features complete in 0m 4s
Distance computing in 0m 0s
Computing CMC and mAP
Results ---------------------------------------------------
top1:86.0% top5:92.5% top10:94.0% top20:95.9% mAP:71.8%
-----------------------------------------------------------
Using 0m 3s
==========Test with latent_z: z_0 =========
==========Test with latent_z: z_0 =========
Extracted features for query set, obtained torch.Size([2228, 192]) matrix
Extracted features for gallery set, obtained torch.Size([17661, 192]) matrix
Extracting features complete in 0m 5s
Distance computing in 0m 0s
Computing CMC and mAP
Results ---------------------------------------------------
top1:78.9% top5:88.5% top10:91.3% top20:93.2% mAP:61.9%
-----------------------------------------------------------
Using 0m 2s
==========Test with latent_z: new_z =========
==========Test with latent_z: new_z =========
Extracted features for query set, obtained torch.Size([2228, 192]) matrix
Extracted features for gallery set, obtained torch.Size([17661, 192]) matrix
Extracting features complete in 0m 6s
Distance computing in 0m 0s
Computing CMC and mAP
Results ---------------------------------------------------
top1:78.1% top5:88.3% top10:91.1% top20:93.2% mAP:61.2%
-----------------------------------------------------------
Using 0m 2s
==========Test with latent_z: reconx =========
==========Test with latent_z: reconx =========
Extracted features for query set, obtained torch.Size([2228, 1280]) matrix
Extracted features for gallery set, obtained torch.Size([17661, 1280]) matrix
Extracting features complete in 0m 5s
Distance computing in 0m 0s
Computing CMC and mAP
Results ---------------------------------------------------
top1:67.0% top5:80.8% top10:85.2% top20:88.7% mAP:47.2%
-----------------------------------------------------------
Using 0m 3s
Epoch:21 Time:49.1 Data:0.0 Loss:5.2709 Cls Loss:4.0794 Pair Loss:0.4591 KL Loss:1.0975 Recon Loss:0.0940 Acc:0.2940 
Epoch:22 Time:49.8 Data:0.0 Loss:5.1787 Cls Loss:4.0275 Pair Loss:0.4536 KL Loss:1.0576 Recon Loss:0.0936 Acc:0.2990 
Epoch:23 Time:51.4 Data:0.0 Loss:5.1416 Cls Loss:4.0000 Pair Loss:0.4522 KL Loss:1.0482 Recon Loss:0.0934 Acc:0.3065 
Epoch:24 Time:51.5 Data:0.0 Loss:5.1207 Cls Loss:3.9703 Pair Loss:0.4506 KL Loss:1.0570 Recon Loss:0.0935 Acc:0.3129 
Epoch:25 Time:52.0 Data:0.0 Loss:4.9675 Cls Loss:3.9537 Pair Loss:0.4497 KL Loss:0.9207 Recon Loss:0.0932 Acc:0.3245 
=> Test at epoch 25
==========Test with latent_z: z_c =========
==========Test with latent_z: z_c =========
Extracted features for query set, obtained torch.Size([2228, 128]) matrix
Extracted features for gallery set, obtained torch.Size([17661, 128]) matrix
Extracting features complete in 0m 8s
Distance computing in 0m 0s
Computing CMC and mAP
Results ---------------------------------------------------
top1:78.4% top5:88.4% top10:91.0% top20:93.2% mAP:61.4%
-----------------------------------------------------------
Using 0m 2s
==========Test with latent_z: x_pre =========
==========Test with latent_z: x_pre =========
Extracted features for query set, obtained torch.Size([2228, 256]) matrix
Extracted features for gallery set, obtained torch.Size([17661, 256]) matrix
Extracting features complete in 0m 5s
Distance computing in 0m 0s
Computing CMC and mAP
Results ---------------------------------------------------
top1:86.3% top5:92.2% top10:94.1% top20:95.8% mAP:72.0%
-----------------------------------------------------------
Using 0m 2s
==========Test with latent_z: z_0 =========
==========Test with latent_z: z_0 =========
Extracted features for query set, obtained torch.Size([2228, 192]) matrix
Extracted features for gallery set, obtained torch.Size([17661, 192]) matrix
Extracting features complete in 0m 5s
Distance computing in 0m 0s
Computing CMC and mAP
Results ---------------------------------------------------
top1:78.9% top5:88.7% top10:91.1% top20:93.4% mAP:62.3%
-----------------------------------------------------------
Using 0m 2s
==========Test with latent_z: new_z =========
==========Test with latent_z: new_z =========
Extracted features for query set, obtained torch.Size([2228, 192]) matrix
Extracted features for gallery set, obtained torch.Size([17661, 192]) matrix
Extracting features complete in 0m 36s
Distance computing in 0m 0s
Computing CMC and mAP
Results ---------------------------------------------------
top1:78.5% top5:88.5% top10:91.1% top20:93.3% mAP:61.5%
-----------------------------------------------------------
Using 0m 3s
==========Test with latent_z: reconx =========
==========Test with latent_z: reconx =========
Extracted features for query set, obtained torch.Size([2228, 1280]) matrix
Extracted features for gallery set, obtained torch.Size([17661, 1280]) matrix
Extracting features complete in 0m 4s
Distance computing in 0m 0s
Computing CMC and mAP
Results ---------------------------------------------------
top1:70.0% top5:84.0% top10:88.0% top20:91.1% mAP:52.9%
-----------------------------------------------------------
Using 0m 3s
Epoch:26 Time:48.5 Data:0.0 Loss:5.0206 Cls Loss:3.9255 Pair Loss:0.4498 KL Loss:1.0020 Recon Loss:0.0931 Acc:0.3307 
Epoch:27 Time:51.9 Data:0.0 Loss:5.0664 Cls Loss:3.9267 Pair Loss:0.4499 KL Loss:1.0466 Recon Loss:0.0931 Acc:0.3228 
Epoch:28 Time:52.0 Data:0.0 Loss:5.1076 Cls Loss:3.8932 Pair Loss:0.4480 KL Loss:1.1224 Recon Loss:0.0920 Acc:0.3294 
Epoch:29 Time:52.2 Data:0.0 Loss:4.9553 Cls Loss:3.8798 Pair Loss:0.4484 KL Loss:0.9838 Recon Loss:0.0917 Acc:0.3370 
Epoch:30 Time:63.2 Data:0.0 Loss:4.8911 Cls Loss:3.8406 Pair Loss:0.4469 KL Loss:0.9600 Recon Loss:0.0904 Acc:0.3441 
=> Test at epoch 30
==========Test with latent_z: z_c =========
==========Test with latent_z: z_c =========
Extracted features for query set, obtained torch.Size([2228, 128]) matrix
Extracted features for gallery set, obtained torch.Size([17661, 128]) matrix
Extracting features complete in 0m 9s
Distance computing in 0m 0s
Computing CMC and mAP
Results ---------------------------------------------------
top1:78.7% top5:88.7% top10:91.3% top20:93.4% mAP:62.0%
-----------------------------------------------------------
Using 0m 2s
==========Test with latent_z: x_pre =========
==========Test with latent_z: x_pre =========
Extracted features for query set, obtained torch.Size([2228, 256]) matrix
Extracted features for gallery set, obtained torch.Size([17661, 256]) matrix
Extracting features complete in 0m 5s
Distance computing in 0m 0s
Computing CMC and mAP
Results ---------------------------------------------------
top1:86.3% top5:92.5% top10:94.2% top20:95.7% mAP:72.2%
-----------------------------------------------------------
Using 0m 3s
==========Test with latent_z: z_0 =========
==========Test with latent_z: z_0 =========
Extracted features for query set, obtained torch.Size([2228, 192]) matrix
Extracted features for gallery set, obtained torch.Size([17661, 192]) matrix
Extracting features complete in 0m 4s
Distance computing in 0m 0s
Computing CMC and mAP
Results ---------------------------------------------------
top1:79.5% top5:88.8% top10:91.3% top20:93.5% mAP:62.9%
-----------------------------------------------------------
Using 0m 3s
==========Test with latent_z: new_z =========
==========Test with latent_z: new_z =========
Extracted features for query set, obtained torch.Size([2228, 192]) matrix
Extracted features for gallery set, obtained torch.Size([17661, 192]) matrix
Extracting features complete in 0m 6s
Distance computing in 0m 0s
Computing CMC and mAP
Results ---------------------------------------------------
top1:78.8% top5:88.8% top10:91.4% top20:93.4% mAP:62.1%
-----------------------------------------------------------
Using 0m 3s
==========Test with latent_z: reconx =========
==========Test with latent_z: reconx =========
Extracted features for query set, obtained torch.Size([2228, 1280]) matrix
Extracted features for gallery set, obtained torch.Size([17661, 1280]) matrix
Extracting features complete in 0m 6s
Distance computing in 0m 1s
Computing CMC and mAP
Results ---------------------------------------------------
top1:72.0% top5:85.2% top10:89.0% top20:91.5% mAP:55.1%
-----------------------------------------------------------
Using 0m 3s
Epoch:31 Time:60.0 Data:0.0 Loss:4.9058 Cls Loss:3.8468 Pair Loss:0.4471 KL Loss:0.9688 Recon Loss:0.0901 Acc:0.3474 
Epoch:32 Time:60.5 Data:0.0 Loss:4.7790 Cls Loss:3.8212 Pair Loss:0.4460 KL Loss:0.8680 Recon Loss:0.0898 Acc:0.3515 
Epoch:33 Time:59.1 Data:0.0 Loss:4.9104 Cls Loss:3.8069 Pair Loss:0.4451 KL Loss:1.0138 Recon Loss:0.0897 Acc:0.3537 
Epoch:34 Time:61.9 Data:0.0 Loss:4.8717 Cls Loss:3.8007 Pair Loss:0.4428 KL Loss:0.9819 Recon Loss:0.0891 Acc:0.3508 
Epoch:35 Time:63.3 Data:0.0 Loss:4.7795 Cls Loss:3.7791 Pair Loss:0.4422 KL Loss:0.9120 Recon Loss:0.0884 Acc:0.3627 
=> Test at epoch 35
==========Test with latent_z: z_c =========
==========Test with latent_z: z_c =========
Extracted features for query set, obtained torch.Size([2228, 128]) matrix
Extracted features for gallery set, obtained torch.Size([17661, 128]) matrix
Extracting features complete in 0m 8s
Distance computing in 0m 0s
Computing CMC and mAP
Results ---------------------------------------------------
top1:79.3% top5:88.6% top10:91.2% top20:93.1% mAP:62.4%
-----------------------------------------------------------
Using 0m 2s
==========Test with latent_z: x_pre =========
==========Test with latent_z: x_pre =========
Extracted features for query set, obtained torch.Size([2228, 256]) matrix
Extracted features for gallery set, obtained torch.Size([17661, 256]) matrix
Extracting features complete in 0m 5s
Distance computing in 0m 0s
Computing CMC and mAP
Results ---------------------------------------------------
top1:86.3% top5:92.5% top10:94.1% top20:95.6% mAP:72.3%
-----------------------------------------------------------
Using 0m 3s
==========Test with latent_z: z_0 =========
==========Test with latent_z: z_0 =========
Extracted features for query set, obtained torch.Size([2228, 192]) matrix
Extracted features for gallery set, obtained torch.Size([17661, 192]) matrix
Extracting features complete in 0m 4s
Distance computing in 0m 0s
Computing CMC and mAP
Results ---------------------------------------------------
top1:79.8% top5:89.0% top10:91.4% top20:93.2% mAP:63.2%
-----------------------------------------------------------
Using 0m 3s
==========Test with latent_z: new_z =========
==========Test with latent_z: new_z =========
Extracted features for query set, obtained torch.Size([2228, 192]) matrix
Extracted features for gallery set, obtained torch.Size([17661, 192]) matrix
Extracting features complete in 0m 6s
Distance computing in 0m 0s
Computing CMC and mAP
Results ---------------------------------------------------
top1:79.3% top5:88.6% top10:91.2% top20:93.2% mAP:62.5%
-----------------------------------------------------------
Using 0m 3s
==========Test with latent_z: reconx =========
==========Test with latent_z: reconx =========
Extracted features for query set, obtained torch.Size([2228, 1280]) matrix
Extracted features for gallery set, obtained torch.Size([17661, 1280]) matrix
Extracting features complete in 0m 6s
Distance computing in 0m 1s
Computing CMC and mAP
Results ---------------------------------------------------
top1:74.3% top5:86.2% top10:89.2% top20:91.9% mAP:57.7%
-----------------------------------------------------------
Using 0m 3s
Epoch:36 Time:59.6 Data:0.0 Loss:4.7891 Cls Loss:3.7587 Pair Loss:0.4415 KL Loss:0.9429 Recon Loss:0.0874 Acc:0.3651 
Epoch:37 Time:57.6 Data:0.0 Loss:4.8091 Cls Loss:3.7368 Pair Loss:0.4414 KL Loss:0.9852 Recon Loss:0.0871 Acc:0.3683 
Epoch:38 Time:59.9 Data:0.0 Loss:4.8091 Cls Loss:3.7370 Pair Loss:0.4418 KL Loss:0.9858 Recon Loss:0.0864 Acc:0.3678 
Epoch:39 Time:60.1 Data:0.0 Loss:4.8695 Cls Loss:3.7372 Pair Loss:0.4404 KL Loss:1.0465 Recon Loss:0.0858 Acc:0.3691 
Epoch:40 Time:63.5 Data:0.0 Loss:4.7914 Cls Loss:3.7092 Pair Loss:0.4401 KL Loss:0.9966 Recon Loss:0.0856 Acc:0.3728 
=> Test at epoch 40
==========Test with latent_z: z_c =========
==========Test with latent_z: z_c =========
Extracted features for query set, obtained torch.Size([2228, 128]) matrix
Extracted features for gallery set, obtained torch.Size([17661, 128]) matrix
Extracting features complete in 0m 9s
Distance computing in 0m 0s
Computing CMC and mAP
Results ---------------------------------------------------
top1:79.7% top5:88.7% top10:91.3% top20:93.4% mAP:63.0%
-----------------------------------------------------------
Using 0m 2s
==========Test with latent_z: x_pre =========
==========Test with latent_z: x_pre =========
Extracted features for query set, obtained torch.Size([2228, 256]) matrix
Extracted features for gallery set, obtained torch.Size([17661, 256]) matrix
Extracting features complete in 0m 5s
Distance computing in 0m 0s
Computing CMC and mAP
Results ---------------------------------------------------
top1:86.3% top5:92.4% top10:94.2% top20:95.6% mAP:72.5%
-----------------------------------------------------------
Using 0m 3s
==========Test with latent_z: z_0 =========
==========Test with latent_z: z_0 =========
Extracted features for query set, obtained torch.Size([2228, 192]) matrix
Extracted features for gallery set, obtained torch.Size([17661, 192]) matrix
Extracting features complete in 0m 4s
Distance computing in 0m 0s
Computing CMC and mAP
Results ---------------------------------------------------
top1:80.3% top5:89.4% top10:91.7% top20:93.6% mAP:63.7%
-----------------------------------------------------------
Using 0m 2s
==========Test with latent_z: new_z =========
==========Test with latent_z: new_z =========
Extracted features for query set, obtained torch.Size([2228, 192]) matrix
Extracted features for gallery set, obtained torch.Size([17661, 192]) matrix
Extracting features complete in 0m 6s
Distance computing in 0m 0s
Computing CMC and mAP
Results ---------------------------------------------------
top1:79.7% top5:88.8% top10:91.4% top20:93.4% mAP:63.0%
-----------------------------------------------------------
Using 0m 3s
==========Test with latent_z: reconx =========
==========Test with latent_z: reconx =========
Extracted features for query set, obtained torch.Size([2228, 1280]) matrix
Extracted features for gallery set, obtained torch.Size([17661, 1280]) matrix
Extracting features complete in 0m 6s
Distance computing in 0m 1s
Computing CMC and mAP
Results ---------------------------------------------------
top1:76.1% top5:86.9% top10:89.9% top20:92.3% mAP:59.8%
-----------------------------------------------------------
Using 0m 3s
Epoch:41 Time:59.3 Data:0.0 Loss:4.7996 Cls Loss:3.6867 Pair Loss:0.4407 KL Loss:1.0281 Recon Loss:0.0848 Acc:0.3801 
Epoch:42 Time:60.3 Data:0.0 Loss:4.7092 Cls Loss:3.6925 Pair Loss:0.4391 KL Loss:0.9321 Recon Loss:0.0846 Acc:0.3787 
Epoch:43 Time:60.7 Data:0.0 Loss:4.7807 Cls Loss:3.6870 Pair Loss:0.4408 KL Loss:1.0091 Recon Loss:0.0846 Acc:0.3838 
Epoch:44 Time:59.2 Data:0.0 Loss:4.7688 Cls Loss:3.7027 Pair Loss:0.4398 KL Loss:0.9815 Recon Loss:0.0847 Acc:0.3797 
Epoch:45 Time:61.2 Data:0.0 Loss:4.6678 Cls Loss:3.6847 Pair Loss:0.4401 KL Loss:0.8987 Recon Loss:0.0845 Acc:0.3824 
=> Test at epoch 45
==========Test with latent_z: z_c =========
==========Test with latent_z: z_c =========
Extracted features for query set, obtained torch.Size([2228, 128]) matrix
Extracted features for gallery set, obtained torch.Size([17661, 128]) matrix
Extracting features complete in 0m 8s
Distance computing in 0m 0s
Computing CMC and mAP
Results ---------------------------------------------------
top1:79.7% top5:88.8% top10:91.3% top20:93.4% mAP:63.0%
-----------------------------------------------------------
Using 0m 2s
==========Test with latent_z: x_pre =========
==========Test with latent_z: x_pre =========
Extracted features for query set, obtained torch.Size([2228, 256]) matrix
Extracted features for gallery set, obtained torch.Size([17661, 256]) matrix
Extracting features complete in 0m 5s
Distance computing in 0m 0s
Computing CMC and mAP
Results ---------------------------------------------------
top1:86.3% top5:92.5% top10:94.2% top20:95.6% mAP:72.5%
-----------------------------------------------------------
Using 0m 2s
==========Test with latent_z: z_0 =========
==========Test with latent_z: z_0 =========
Extracted features for query set, obtained torch.Size([2228, 192]) matrix
Extracted features for gallery set, obtained torch.Size([17661, 192]) matrix
Extracting features complete in 0m 5s
Distance computing in 0m 0s
Computing CMC and mAP
Results ---------------------------------------------------
top1:80.4% top5:89.4% top10:91.7% top20:93.6% mAP:63.8%
-----------------------------------------------------------
Using 0m 2s
==========Test with latent_z: new_z =========
==========Test with latent_z: new_z =========
Extracted features for query set, obtained torch.Size([2228, 192]) matrix
Extracted features for gallery set, obtained torch.Size([17661, 192]) matrix
Extracting features complete in 0m 5s
Distance computing in 0m 0s
Computing CMC and mAP
Results ---------------------------------------------------
top1:79.7% top5:88.9% top10:91.3% top20:93.4% mAP:63.0%
-----------------------------------------------------------
Using 0m 3s
==========Test with latent_z: reconx =========
==========Test with latent_z: reconx =========
Extracted features for query set, obtained torch.Size([2228, 1280]) matrix
Extracted features for gallery set, obtained torch.Size([17661, 1280]) matrix
Extracting features complete in 0m 6s
Distance computing in 0m 1s
Computing CMC and mAP
Results ---------------------------------------------------
top1:76.1% top5:87.1% top10:90.2% top20:92.3% mAP:60.4%
-----------------------------------------------------------
Using 0m 3s
Epoch:46 Time:59.1 Data:0.0 Loss:4.6857 Cls Loss:3.7058 Pair Loss:0.4412 KL Loss:0.8956 Recon Loss:0.0844 Acc:0.3728 
Epoch:47 Time:61.4 Data:0.0 Loss:4.7099 Cls Loss:3.7055 Pair Loss:0.4403 KL Loss:0.9201 Recon Loss:0.0843 Acc:0.3776 
Epoch:48 Time:62.1 Data:0.0 Loss:4.6649 Cls Loss:3.6942 Pair Loss:0.4416 KL Loss:0.8866 Recon Loss:0.0841 Acc:0.3802 
Epoch:49 Time:60.2 Data:0.0 Loss:4.6906 Cls Loss:3.6826 Pair Loss:0.4389 KL Loss:0.9240 Recon Loss:0.0839 Acc:0.3816 
Epoch:50 Time:60.0 Data:0.0 Loss:4.6423 Cls Loss:3.6825 Pair Loss:0.4405 KL Loss:0.8761 Recon Loss:0.0838 Acc:0.3791 
=> Test at epoch 50
==========Test with latent_z: z_c =========
==========Test with latent_z: z_c =========
Extracted features for query set, obtained torch.Size([2228, 128]) matrix
Extracted features for gallery set, obtained torch.Size([17661, 128]) matrix
Extracting features complete in 0m 9s
Distance computing in 0m 0s
Computing CMC and mAP
Results ---------------------------------------------------
top1:79.7% top5:88.9% top10:91.3% top20:93.4% mAP:63.0%
-----------------------------------------------------------
Using 0m 3s
==========Test with latent_z: x_pre =========
==========Test with latent_z: x_pre =========
Extracted features for query set, obtained torch.Size([2228, 256]) matrix
Extracted features for gallery set, obtained torch.Size([17661, 256]) matrix
Extracting features complete in 0m 5s
Distance computing in 0m 0s
Computing CMC and mAP
Results ---------------------------------------------------
top1:86.3% top5:92.5% top10:94.2% top20:95.7% mAP:72.5%
-----------------------------------------------------------
Using 0m 3s
==========Test with latent_z: z_0 =========
==========Test with latent_z: z_0 =========
Extracted features for query set, obtained torch.Size([2228, 192]) matrix
Extracted features for gallery set, obtained torch.Size([17661, 192]) matrix
Extracting features complete in 0m 5s
Distance computing in 0m 0s
Computing CMC and mAP
Results ---------------------------------------------------
top1:80.4% top5:89.3% top10:91.7% top20:93.6% mAP:63.8%
-----------------------------------------------------------
Using 0m 3s
==========Test with latent_z: new_z =========
==========Test with latent_z: new_z =========
Extracted features for query set, obtained torch.Size([2228, 192]) matrix
Extracted features for gallery set, obtained torch.Size([17661, 192]) matrix
Extracting features complete in 0m 5s
Distance computing in 0m 0s
Computing CMC and mAP
Results ---------------------------------------------------
top1:79.7% top5:88.9% top10:91.4% top20:93.4% mAP:63.1%
-----------------------------------------------------------
Using 0m 3s
==========Test with latent_z: reconx =========
==========Test with latent_z: reconx =========
Extracted features for query set, obtained torch.Size([2228, 1280]) matrix
Extracted features for gallery set, obtained torch.Size([17661, 1280]) matrix
Extracting features complete in 0m 5s
Distance computing in 0m 1s
Computing CMC and mAP
Results ---------------------------------------------------
top1:76.3% top5:87.7% top10:90.4% top20:92.6% mAP:61.4%
-----------------------------------------------------------
Using 0m 3s
Epoch:51 Time:62.5 Data:0.0 Loss:4.7130 Cls Loss:3.6957 Pair Loss:0.4417 KL Loss:0.9336 Recon Loss:0.0837 Acc:0.3744 
Epoch:52 Time:64.8 Data:0.0 Loss:4.7671 Cls Loss:3.6768 Pair Loss:0.4401 KL Loss:1.0068 Recon Loss:0.0836 Acc:0.3825 
Epoch:53 Time:64.3 Data:0.0 Loss:4.6924 Cls Loss:3.6888 Pair Loss:0.4402 KL Loss:0.9200 Recon Loss:0.0836 Acc:0.3784 
Epoch:54 Time:64.6 Data:0.0 Loss:4.7347 Cls Loss:3.6635 Pair Loss:0.4384 KL Loss:0.9877 Recon Loss:0.0835 Acc:0.3904 
Epoch:55 Time:64.5 Data:0.0 Loss:4.6913 Cls Loss:3.6570 Pair Loss:0.4402 KL Loss:0.9510 Recon Loss:0.0833 Acc:0.3890 
=> Test at epoch 55
==========Test with latent_z: z_c =========
==========Test with latent_z: z_c =========
Extracted features for query set, obtained torch.Size([2228, 128]) matrix
Extracted features for gallery set, obtained torch.Size([17661, 128]) matrix
Extracting features complete in 0m 9s
Distance computing in 0m 0s
Computing CMC and mAP
Results ---------------------------------------------------
top1:79.8% top5:88.8% top10:91.4% top20:93.4% mAP:63.0%
-----------------------------------------------------------
Using 0m 2s
==========Test with latent_z: x_pre =========
==========Test with latent_z: x_pre =========
Extracted features for query set, obtained torch.Size([2228, 256]) matrix
Extracted features for gallery set, obtained torch.Size([17661, 256]) matrix
Extracting features complete in 0m 5s
Distance computing in 0m 0s
Computing CMC and mAP
Results ---------------------------------------------------
top1:86.3% top5:92.4% top10:94.2% top20:95.6% mAP:72.5%
-----------------------------------------------------------
Using 0m 3s
==========Test with latent_z: z_0 =========
==========Test with latent_z: z_0 =========
Extracted features for query set, obtained torch.Size([2228, 192]) matrix
Extracted features for gallery set, obtained torch.Size([17661, 192]) matrix
Extracting features complete in 0m 5s
Distance computing in 0m 0s
Computing CMC and mAP
Results ---------------------------------------------------
top1:80.5% top5:89.3% top10:91.7% top20:93.7% mAP:63.8%
-----------------------------------------------------------
Using 0m 2s
==========Test with latent_z: new_z =========
==========Test with latent_z: new_z =========
Extracted features for query set, obtained torch.Size([2228, 192]) matrix
Extracted features for gallery set, obtained torch.Size([17661, 192]) matrix
Extracting features complete in 0m 6s
Distance computing in 0m 0s
Computing CMC and mAP
Results ---------------------------------------------------
top1:79.8% top5:88.8% top10:91.4% top20:93.4% mAP:63.1%
-----------------------------------------------------------
Using 0m 3s
==========Test with latent_z: reconx =========
==========Test with latent_z: reconx =========
Extracted features for query set, obtained torch.Size([2228, 1280]) matrix
Extracted features for gallery set, obtained torch.Size([17661, 1280]) matrix
Extracting features complete in 0m 6s
Distance computing in 0m 1s
Computing CMC and mAP
Results ---------------------------------------------------
top1:76.3% top5:87.7% top10:90.5% top20:92.7% mAP:61.4%
-----------------------------------------------------------
Using 0m 3s
Epoch:56 Time:62.0 Data:0.0 Loss:4.6909 Cls Loss:3.6876 Pair Loss:0.4407 KL Loss:0.9198 Recon Loss:0.0835 Acc:0.3775 
Epoch:57 Time:63.0 Data:0.0 Loss:4.6638 Cls Loss:3.6798 Pair Loss:0.4403 KL Loss:0.9004 Recon Loss:0.0836 Acc:0.3789 
Epoch:58 Time:62.9 Data:0.0 Loss:4.6547 Cls Loss:3.6711 Pair Loss:0.4408 KL Loss:0.9003 Recon Loss:0.0834 Acc:0.3860 
Epoch:59 Time:62.0 Data:0.0 Loss:4.6570 Cls Loss:3.6742 Pair Loss:0.4404 KL Loss:0.8993 Recon Loss:0.0835 Acc:0.3821 
Epoch:60 Time:69.9 Data:0.0 Loss:4.6946 Cls Loss:3.6567 Pair Loss:0.4378 KL Loss:0.9547 Recon Loss:0.0833 Acc:0.3850 
=> Test at epoch 60
==========Test with latent_z: z_c =========
==========Test with latent_z: z_c =========
Extracted features for query set, obtained torch.Size([2228, 128]) matrix
Extracted features for gallery set, obtained torch.Size([17661, 128]) matrix
Extracting features complete in 0m 9s
Distance computing in 0m 0s
Computing CMC and mAP
Results ---------------------------------------------------
top1:79.8% top5:88.8% top10:91.5% top20:93.5% mAP:63.1%
-----------------------------------------------------------
Using 0m 3s
==========Test with latent_z: x_pre =========
==========Test with latent_z: x_pre =========
Extracted features for query set, obtained torch.Size([2228, 256]) matrix
Extracted features for gallery set, obtained torch.Size([17661, 256]) matrix
Extracting features complete in 0m 6s
Distance computing in 0m 0s
Computing CMC and mAP
Results ---------------------------------------------------
top1:86.3% top5:92.5% top10:94.2% top20:95.7% mAP:72.5%
-----------------------------------------------------------
Using 0m 3s
==========Test with latent_z: z_0 =========
==========Test with latent_z: z_0 =========
Extracted features for query set, obtained torch.Size([2228, 192]) matrix
Extracted features for gallery set, obtained torch.Size([17661, 192]) matrix
Extracting features complete in 0m 6s
Distance computing in 0m 0s
Computing CMC and mAP
Results ---------------------------------------------------
top1:80.6% top5:89.4% top10:91.8% top20:93.7% mAP:63.9%
-----------------------------------------------------------
Using 0m 3s
==========Test with latent_z: new_z =========
==========Test with latent_z: new_z =========
Extracted features for query set, obtained torch.Size([2228, 192]) matrix
Extracted features for gallery set, obtained torch.Size([17661, 192]) matrix
Extracting features complete in 0m 5s
Distance computing in 0m 0s
Computing CMC and mAP
Results ---------------------------------------------------
top1:79.8% top5:88.8% top10:91.5% top20:93.5% mAP:63.1%
-----------------------------------------------------------
Using 0m 3s
==========Test with latent_z: reconx =========
==========Test with latent_z: reconx =========
Extracted features for query set, obtained torch.Size([2228, 1280]) matrix
Extracted features for gallery set, obtained torch.Size([17661, 1280]) matrix
Extracting features complete in 0m 5s
Distance computing in 0m 1s
Computing CMC and mAP
Results ---------------------------------------------------
top1:76.2% top5:87.6% top10:90.4% top20:92.8% mAP:61.6%
-----------------------------------------------------------
Using 0m 3s
=> Best Rank-1 80.9% achieved at epoch 5
Finished. Total elapsed time (h:m:s): 1:06:22. Training time (h:m:s): 0:57:10.
Shutting down background jobs, please wait a moment...
Done!
Waiting for the remaining 28 operations to synchronize with Neptune. Do not kill this process.
All 28 operations synced, thanks for waiting!
Explore the metadata in the Neptune app:
https://app.neptune.ai/Zhengwei-Lab/MayCVAE/e/MAY-11/metadata
