https://app.neptune.ai/Zhengwei-Lab/MayCVAE/e/MAY-210
=> merge config from ./configs/clipreid_cvae_kl.yaml
/home/zhengwei/Desktop/Zhengwei/Projects/CVAE/main.py:91: NeptuneUnsupportedType: You're attempting to log a type that is not directly supported by Neptune (<class 'list'>).
        Convert the value to a supported type, such as a string or float, or use stringify_unsupported(obj)
        for dictionaries or collections that contain unsupported values.
        For more, see https://docs.neptune.ai/help/value_of_unsupported_type
  run["parameters"] = param
=> Configurations:
-------------------------
AMP: True
AUG:
  RC_PROB: 0.5
  RE_PROB: 0.5
DATA:
  CUHK03_CLASSIC_SPLIT: False
  CUHK03_LABELED: False
  DATASET: market1k
  FORMAT_TAG: tensor
  HEIGHT: 256
  NUM_INSTANCES: 4
  NUM_WORKERS: 4
  ROOT: /home/zhengwei/Desktop/Zhengwei/Projects/datasets
  SPLIT_ID: 0
  TEST_BATCH: 512
  TRAIN_BATCH: 64
  TRAIN_FORMAT: novel
  WIDTH: 128
EVAL_MODE: False
GPU: 0
LOSS:
  CLA_LOSS: crossentropy
  CLA_M: 0.0
  CLA_S: 16.0
  PAIR_LOSS: triplet
  PAIR_M: 0.3
  PAIR_S: 16.0
  RECON_LOSS: mse
  USE_NCE: True
MODEL:
  CONDITIONAL: False
  FEATURE_DIM: 1280
  FEAT_FUSION: True
  FLOW_TYPE: 
  GAUSSIAN: MultivariateNormal
  HIDDEN_DIM: 256
  LATENT_SIZE: 64
  NAME: CVAE
  ONLY_CVAE_KL: False
  ONLY_X_INPUT: False
  PRETRAIN: CLIPreidNew
  RES4_STRIDE: 1
  RESUME: /home/zhengwei/Desktop/Zhengwei/Projects/CVAE/outputs/duke/clipreid_simplevae/2024-05-25/fp32_SimpleVAE+2E_128+64z_1e3+3_60+120_SingleCls_ce_KLtotalZ
  TRAIN_STAGE: klNocls_stage
  USE_CENTROID: False
  USE_TWO_ENCODER: True
  VAE_TYPE: SinpleVAE
  ZC_DIM: 128
  ZS_DIM: 64
OUTPUT: ./outputs/market1k/clipreid_simplevae/novel/2024-06-14/fp32_SimpleVAE+2E_128+64z_1e3+3_60+120_KLtotalZ_clsNCE512
SAVED_NAME: fp32_SimpleVAE+2E_128+64z_1e3+3_60+120_KLtotalZ_clsNCE512
SEED: 0
TAG: clipreid_simplevae
TEST:
  DISTANCE: cosine
  EVAL_STEP: 5
  START_EVAL: -1
TRAIN:
  AMP: False
  LR_SCHEDULER:
    DECAY_RATE: 0.1
    NAME: MultiStepLR
    STEPSIZE: [60]
  MAX_EPOCH: 120
  OPTIMIZER:
    LR: 0.001
    NAME: adam
    SGDLR: 0.01
    SGD_MOMENTUM: 0.9
    SGD_WEIGHT_DECAY: 0.0005
    WEIGHT_DECAY: 0.0001
  START_EPOCH: 0
----------------------
Initializing dataset market1k
Warning: string series 'monitoring/a25c180d/stdout' value was longer than 1000 characters and was truncated. This warning is printed only once per series.
=> Market-Sketch-1K tensor loaded
Dataset statistics:
  ------------------------------
  subset   | # ids | # images
  ------------------------------
  train    |   996 |     3992
  query    |   996 |     2709
  gallery  |   996 |     2000
  ------------------------------
  total    |  1992 |     8701
  ------------------------------
Initializing SinpleVAE model with 2 encoders
Model size: 11.86669M
Classifier size: 0.12749M
=> Start training the model on Novel data
Loading checkpoint from '/home/zhengwei/Desktop/Zhengwei/Projects/CVAE/outputs/duke/clipreid_simplevae/2024-05-25/fp32_SimpleVAE+2E_128+64z_1e3+3_60+120_SingleCls_ce_KLtotalZ.best_model.pth.tar'
orginal best rank1 = 0.874326750448833
=> Copy the checkpoint to the output folder
=> Start evaluation on Novel data without finetuning
=> Test pretarined feature form VLP model
Normalizing features
Normalizing features
Extracted features for query set, obtained torch.Size([2709, 1280]) matrix
Extracted features for gallery set, obtained torch.Size([2000, 1280]) matrix
Extracting features complete in 0m 4s
Distance computing in 0m 1s
Computing CMC and mAP
Results ---------------------------------------------------
top1:3.7% top5:8.7% top10:13.0% top20:19.0% mAP:4.8%
-----------------------------------------------------------
Using 0m 0s
==========Test with latent_z: new_z =========
==========Test with NCE LOSS=========
Extracted features for query set, obtained torch.Size([2709, 192]) matrix
Extracted features for gallery set, obtained torch.Size([2000, 192]) matrix
Extracting features complete in 0m 4s
Distance computing in 0m 0s
Results ---------------------------------------------------
top1:0.8% top5:2.9% top10:5.0% top20:8.5% mAP:1.7%
-----------------------------------------------------------
Using 0m 0s
Classifier results ---------------------------------------------------
Query acc: 0.2% Gallery acc: 0.2% Total acc: 0.2%
==========Test with latent_z: z_c =========
==========Test with NCE LOSS=========
Extracted features for query set, obtained torch.Size([2709, 128]) matrix
Extracted features for gallery set, obtained torch.Size([2000, 128]) matrix
Extracting features complete in 0m 5s
Distance computing in 0m 0s
Results ---------------------------------------------------
top1:1.1% top5:4.2% top10:6.5% top20:10.6% mAP:2.4%
-----------------------------------------------------------
Using 0m 0s
Classifier results ---------------------------------------------------
Query acc: 0.2% Gallery acc: 0.3% Total acc: 0.2%
The test feature is normalized
The number of query sketch samples: 2709
The number of gallery rgb samples: 2000
=> Start training
Epoch:1 Time:7.3 Data:0.0 Loss:16.4207 Cls Loss:13.1440 Pair Loss:0.5672 KL Loss:3.1539 Recon Loss:0.1229 Acc:0.0063 Acc NCE:0.0063
Epoch:2 Time:7.7 Data:0.0 Loss:10.5573 Cls Loss:8.8871 Pair Loss:0.5586 KL Loss:1.5476 Recon Loss:0.1226 Acc:0.0260 Acc NCE:0.0260
Epoch:3 Time:8.5 Data:0.0 Loss:9.3132 Cls Loss:7.8719 Pair Loss:0.5518 KL Loss:1.3187 Recon Loss:0.1226 Acc:0.0315 Acc NCE:0.0315
Epoch:4 Time:8.3 Data:0.0 Loss:8.5966 Cls Loss:7.3205 Pair Loss:0.5493 KL Loss:1.1534 Recon Loss:0.1227 Acc:0.0433 Acc NCE:0.0433
Epoch:5 Time:8.4 Data:0.0 Loss:8.3049 Cls Loss:6.9172 Pair Loss:0.5392 KL Loss:1.2652 Recon Loss:0.1225 Acc:0.0532 Acc NCE:0.0532
=> Test at epoch 5
==========Test with latent_z: z_c =========
==========Test with NCE LOSS=========
Extracted features for query set, obtained torch.Size([2709, 128]) matrix
Extracted features for gallery set, obtained torch.Size([2000, 128]) matrix
Extracting features complete in 0m 3s
Distance computing in 0m 0s
Results ---------------------------------------------------
top1:2.6% top5:7.8% top10:12.5% top20:18.8% mAP:4.2%
-----------------------------------------------------------
Using 0m 0s
Classifier results ---------------------------------------------------
Query acc: 0.8% Gallery acc: 17.2% Total acc: 9.0%
The test feature is normalized
The number of query sketch samples: 2709
The number of gallery rgb samples: 2000
==========Test with latent_z: new_z =========
==========Test with NCE LOSS=========
Extracted features for query set, obtained torch.Size([2709, 192]) matrix
Extracted features for gallery set, obtained torch.Size([2000, 192]) matrix
Extracting features complete in 0m 5s
Distance computing in 0m 0s
Results ---------------------------------------------------
top1:0.1% top5:1.0% top10:1.7% top20:3.4% mAP:0.6%
-----------------------------------------------------------
Using 0m 0s
Classifier results ---------------------------------------------------
Query acc: 0.9% Gallery acc: 17.3% Total acc: 9.1%
Epoch:6 Time:8.5 Data:0.0 Loss:8.3248 Cls Loss:6.7520 Pair Loss:0.5392 KL Loss:1.4502 Recon Loss:0.1226 Acc:0.0529 Acc NCE:0.0529
Epoch:7 Time:7.5 Data:0.0 Loss:7.9601 Cls Loss:6.4832 Pair Loss:0.5382 KL Loss:1.3542 Recon Loss:0.1227 Acc:0.0602 Acc NCE:0.0602
Epoch:8 Time:8.3 Data:0.0 Loss:7.8086 Cls Loss:6.3833 Pair Loss:0.5362 KL Loss:1.3026 Recon Loss:0.1227 Acc:0.0660 Acc NCE:0.0660
Epoch:9 Time:8.1 Data:0.0 Loss:7.7130 Cls Loss:6.1598 Pair Loss:0.5357 KL Loss:1.4306 Recon Loss:0.1226 Acc:0.0660 Acc NCE:0.0660
The test feature is normalized
The number of sketch samples: 1976
The number of rgb samples: 1992
/home/zhengwei/anaconda3/envs/yzwT2V/lib/python3.9/site-packages/numpy/lib/function_base.py:2853: RuntimeWarning: invalid value encountered in divide
  c /= stddev[:, None]
/home/zhengwei/anaconda3/envs/yzwT2V/lib/python3.9/site-packages/numpy/lib/function_base.py:2854: RuntimeWarning: invalid value encountered in divide
  c /= stddev[None, :]
Epoch:10 Time:152.7 Data:0.0 Loss:7.8471 Cls Loss:6.1582 Pair Loss:0.5402 KL Loss:1.5661 Recon Loss:0.1228 Acc:0.0645 Acc NCE:0.0645
=> Test at epoch 10
==========Test with latent_z: z_c =========
==========Test with NCE LOSS=========
Extracted features for query set, obtained torch.Size([2709, 128]) matrix
Extracted features for gallery set, obtained torch.Size([2000, 128]) matrix
Extracting features complete in 0m 6s
Distance computing in 0m 0s
Results ---------------------------------------------------
top1:2.9% top5:9.2% top10:15.1% top20:22.3% mAP:4.9%
-----------------------------------------------------------
Using 0m 0s
Classifier results ---------------------------------------------------
Query acc: 1.0% Gallery acc: 17.8% Total acc: 9.4%
The test feature is normalized
The number of query sketch samples: 2709
The number of gallery rgb samples: 2000
==========Test with latent_z: new_z =========
==========Test with NCE LOSS=========
Extracted features for query set, obtained torch.Size([2709, 192]) matrix
Extracted features for gallery set, obtained torch.Size([2000, 192]) matrix
Extracting features complete in 0m 5s
Distance computing in 0m 0s
Results ---------------------------------------------------
top1:0.3% top5:1.3% top10:2.4% top20:4.2% mAP:0.8%
-----------------------------------------------------------
Using 0m 0s
Classifier results ---------------------------------------------------
Query acc: 1.0% Gallery acc: 17.9% Total acc: 9.5%
Epoch:11 Time:9.3 Data:0.0 Loss:7.7441 Cls Loss:6.0789 Pair Loss:0.5356 KL Loss:1.5423 Recon Loss:0.1229 Acc:0.0688 Acc NCE:0.0688
Epoch:12 Time:7.8 Data:0.0 Loss:8.7594 Cls Loss:5.9886 Pair Loss:0.5347 KL Loss:2.6481 Recon Loss:0.1227 Acc:0.0733 Acc NCE:0.0733
Epoch:13 Time:6.8 Data:0.0 Loss:7.4561 Cls Loss:5.9184 Pair Loss:0.5343 KL Loss:1.4148 Recon Loss:0.1229 Acc:0.0733 Acc NCE:0.0733
Epoch:14 Time:8.5 Data:0.0 Loss:7.6437 Cls Loss:5.8295 Pair Loss:0.5367 KL Loss:1.6914 Recon Loss:0.1228 Acc:0.0786 Acc NCE:0.0786
Epoch:15 Time:8.0 Data:0.0 Loss:7.6524 Cls Loss:5.8400 Pair Loss:0.5353 KL Loss:1.6895 Recon Loss:0.1229 Acc:0.0776 Acc NCE:0.0776
=> Test at epoch 15
==========Test with latent_z: z_c =========
==========Test with NCE LOSS=========
Extracted features for query set, obtained torch.Size([2709, 128]) matrix
Extracted features for gallery set, obtained torch.Size([2000, 128]) matrix
Extracting features complete in 0m 3s
Distance computing in 0m 0s
Results ---------------------------------------------------
top1:3.7% top5:10.8% top10:16.9% top20:25.1% mAP:5.8%
-----------------------------------------------------------
Using 0m 0s
Classifier results ---------------------------------------------------
Query acc: 1.3% Gallery acc: 16.9% Total acc: 9.1%
The test feature is normalized
The number of query sketch samples: 2709
The number of gallery rgb samples: 2000
==========Test with latent_z: new_z =========
==========Test with NCE LOSS=========
Extracted features for query set, obtained torch.Size([2709, 192]) matrix
Extracted features for gallery set, obtained torch.Size([2000, 192]) matrix
Extracting features complete in 0m 6s
Distance computing in 0m 0s
Results ---------------------------------------------------
top1:0.1% top5:0.8% top10:1.5% top20:3.2% mAP:0.6%
-----------------------------------------------------------
Using 0m 0s
Classifier results ---------------------------------------------------
Query acc: 1.3% Gallery acc: 16.9% Total acc: 9.1%
Epoch:16 Time:9.6 Data:0.0 Loss:7.4300 Cls Loss:5.7764 Pair Loss:0.5345 KL Loss:1.5307 Recon Loss:0.1228 Acc:0.0774 Acc NCE:0.0774
Epoch:17 Time:6.1 Data:0.0 Loss:7.4917 Cls Loss:5.6682 Pair Loss:0.5360 KL Loss:1.7007 Recon Loss:0.1228 Acc:0.0754 Acc NCE:0.0754
Epoch:18 Time:7.6 Data:0.0 Loss:6.8968 Cls Loss:5.6588 Pair Loss:0.5333 KL Loss:1.1150 Recon Loss:0.1229 Acc:0.0897 Acc NCE:0.0897
Epoch:19 Time:7.4 Data:0.0 Loss:7.0954 Cls Loss:5.7119 Pair Loss:0.5337 KL Loss:1.2607 Recon Loss:0.1228 Acc:0.0766 Acc NCE:0.0766
The test feature is normalized
The number of sketch samples: 1981
The number of rgb samples: 1987
/home/zhengwei/anaconda3/envs/yzwT2V/lib/python3.9/site-packages/numpy/lib/function_base.py:2853: RuntimeWarning: invalid value encountered in divide
  c /= stddev[:, None]
/home/zhengwei/anaconda3/envs/yzwT2V/lib/python3.9/site-packages/numpy/lib/function_base.py:2854: RuntimeWarning: invalid value encountered in divide
  c /= stddev[None, :]
Epoch:20 Time:149.3 Data:0.0 Loss:6.9499 Cls Loss:5.5331 Pair Loss:0.5334 KL Loss:1.2939 Recon Loss:0.1229 Acc:0.0867 Acc NCE:0.0867
=> Test at epoch 20
==========Test with latent_z: z_c =========
==========Test with NCE LOSS=========
Extracted features for query set, obtained torch.Size([2709, 128]) matrix
Extracted features for gallery set, obtained torch.Size([2000, 128]) matrix
Extracting features complete in 0m 7s
Distance computing in 0m 0s
Results ---------------------------------------------------
top1:3.9% top5:10.6% top10:16.5% top20:24.8% mAP:5.9%
-----------------------------------------------------------
Using 0m 0s
Classifier results ---------------------------------------------------
Query acc: 1.6% Gallery acc: 21.1% Total acc: 11.3%
The test feature is normalized
The number of query sketch samples: 2709
The number of gallery rgb samples: 2000
==========Test with latent_z: new_z =========
==========Test with NCE LOSS=========
Extracted features for query set, obtained torch.Size([2709, 192]) matrix
Extracted features for gallery set, obtained torch.Size([2000, 192]) matrix
Extracting features complete in 0m 6s
Distance computing in 0m 0s
Results ---------------------------------------------------
top1:0.1% top5:0.9% top10:1.8% top20:3.6% mAP:0.6%
-----------------------------------------------------------
Using 0m 0s
Classifier results ---------------------------------------------------
Query acc: 1.5% Gallery acc: 21.2% Total acc: 11.4%
Epoch:21 Time:8.8 Data:0.0 Loss:7.2056 Cls Loss:5.5007 Pair Loss:0.5338 KL Loss:1.5821 Recon Loss:0.1229 Acc:0.0877 Acc NCE:0.0877
Epoch:22 Time:6.6 Data:0.0 Loss:7.6275 Cls Loss:5.5318 Pair Loss:0.5335 KL Loss:1.9728 Recon Loss:0.1229 Acc:0.0887 Acc NCE:0.0887
Epoch:23 Time:8.0 Data:0.0 Loss:7.1781 Cls Loss:5.5008 Pair Loss:0.5332 KL Loss:1.5541 Recon Loss:0.1233 Acc:0.0844 Acc NCE:0.0844
Epoch:24 Time:7.9 Data:0.0 Loss:6.9034 Cls Loss:5.4032 Pair Loss:0.5343 KL Loss:1.3775 Recon Loss:0.1228 Acc:0.0900 Acc NCE:0.0900
Epoch:25 Time:7.8 Data:0.0 Loss:7.5064 Cls Loss:5.5170 Pair Loss:0.5324 KL Loss:1.8666 Recon Loss:0.1228 Acc:0.0854 Acc NCE:0.0854
=> Test at epoch 25
==========Test with latent_z: z_c =========
==========Test with NCE LOSS=========
Extracted features for query set, obtained torch.Size([2709, 128]) matrix
Extracted features for gallery set, obtained torch.Size([2000, 128]) matrix
Extracting features complete in 0m 3s
Distance computing in 0m 0s
Results ---------------------------------------------------
top1:4.0% top5:12.3% top10:17.9% top20:25.6% mAP:6.3%
-----------------------------------------------------------
Using 0m 0s
Classifier results ---------------------------------------------------
Query acc: 1.6% Gallery acc: 17.0% Total acc: 9.3%
The test feature is normalized
The number of query sketch samples: 2709
The number of gallery rgb samples: 2000
==========Test with latent_z: new_z =========
==========Test with NCE LOSS=========
Extracted features for query set, obtained torch.Size([2709, 192]) matrix
Extracted features for gallery set, obtained torch.Size([2000, 192]) matrix
Extracting features complete in 0m 5s
Distance computing in 0m 0s
Results ---------------------------------------------------
top1:0.1% top5:0.8% top10:1.5% top20:2.9% mAP:0.6%
-----------------------------------------------------------
Using 0m 0s
Classifier results ---------------------------------------------------
Query acc: 1.6% Gallery acc: 16.8% Total acc: 9.2%
Epoch:26 Time:7.4 Data:0.0 Loss:7.1162 Cls Loss:5.4787 Pair Loss:0.5298 KL Loss:1.5146 Recon Loss:0.1229 Acc:0.0882 Acc NCE:0.0882
Epoch:27 Time:8.1 Data:0.0 Loss:7.1734 Cls Loss:5.4098 Pair Loss:0.5305 KL Loss:1.6406 Recon Loss:0.1230 Acc:0.0922 Acc NCE:0.0922
Epoch:28 Time:7.7 Data:0.0 Loss:6.9179 Cls Loss:5.3732 Pair Loss:0.5281 KL Loss:1.4217 Recon Loss:0.1230 Acc:0.0917 Acc NCE:0.0917
Epoch:29 Time:7.7 Data:0.0 Loss:6.8903 Cls Loss:5.3597 Pair Loss:0.5311 KL Loss:1.4076 Recon Loss:0.1230 Acc:0.0932 Acc NCE:0.0932
The test feature is normalized
The number of sketch samples: 1978
The number of rgb samples: 1990
/home/zhengwei/anaconda3/envs/yzwT2V/lib/python3.9/site-packages/numpy/lib/function_base.py:2853: RuntimeWarning: invalid value encountered in divide
  c /= stddev[:, None]
/home/zhengwei/anaconda3/envs/yzwT2V/lib/python3.9/site-packages/numpy/lib/function_base.py:2854: RuntimeWarning: invalid value encountered in divide
  c /= stddev[None, :]
Epoch:30 Time:191.8 Data:0.0 Loss:6.8880 Cls Loss:5.3428 Pair Loss:0.5308 KL Loss:1.4222 Recon Loss:0.1231 Acc:0.0897 Acc NCE:0.0897
=> Test at epoch 30
==========Test with latent_z: z_c =========
==========Test with NCE LOSS=========
Extracted features for query set, obtained torch.Size([2709, 128]) matrix
Extracted features for gallery set, obtained torch.Size([2000, 128]) matrix
Extracting features complete in 0m 7s
Distance computing in 0m 0s
Results ---------------------------------------------------
top1:4.6% top5:11.4% top10:17.2% top20:26.1% mAP:6.4%
-----------------------------------------------------------
Using 0m 0s
Classifier results ---------------------------------------------------
Query acc: 1.4% Gallery acc: 19.8% Total acc: 10.6%
The test feature is normalized
The number of query sketch samples: 2709
The number of gallery rgb samples: 2000
==========Test with latent_z: new_z =========
==========Test with NCE LOSS=========
Extracted features for query set, obtained torch.Size([2709, 192]) matrix
Extracted features for gallery set, obtained torch.Size([2000, 192]) matrix
Extracting features complete in 0m 5s
Distance computing in 0m 0s
Results ---------------------------------------------------
top1:0.3% top5:1.0% top10:1.5% top20:3.0% mAP:0.7%
-----------------------------------------------------------
Using 0m 0s
Classifier results ---------------------------------------------------
Query acc: 1.4% Gallery acc: 19.8% Total acc: 10.6%
Epoch:31 Time:7.4 Data:0.0 Loss:7.4266 Cls Loss:5.3398 Pair Loss:0.5307 KL Loss:1.9637 Recon Loss:0.1231 Acc:0.0980 Acc NCE:0.0980
Epoch:32 Time:7.9 Data:0.0 Loss:7.1320 Cls Loss:5.3272 Pair Loss:0.5312 KL Loss:1.6820 Recon Loss:0.1229 Acc:0.0940 Acc NCE:0.0940
Epoch:33 Time:7.7 Data:0.0 Loss:7.1388 Cls Loss:5.3376 Pair Loss:0.5278 KL Loss:1.6779 Recon Loss:0.1233 Acc:0.0925 Acc NCE:0.0925
Epoch:34 Time:7.3 Data:0.0 Loss:7.2933 Cls Loss:5.3121 Pair Loss:0.5351 KL Loss:1.8581 Recon Loss:0.1231 Acc:0.0920 Acc NCE:0.0920
Epoch:35 Time:7.9 Data:0.0 Loss:6.9313 Cls Loss:5.3389 Pair Loss:0.5284 KL Loss:1.4692 Recon Loss:0.1231 Acc:0.0978 Acc NCE:0.0978
=> Test at epoch 35
==========Test with latent_z: z_c =========
==========Test with NCE LOSS=========
Extracted features for query set, obtained torch.Size([2709, 128]) matrix
Extracted features for gallery set, obtained torch.Size([2000, 128]) matrix
Extracting features complete in 0m 3s
Distance computing in 0m 0s
Results ---------------------------------------------------
top1:4.4% top5:12.0% top10:17.9% top20:26.7% mAP:6.4%
-----------------------------------------------------------
Using 0m 0s
Classifier results ---------------------------------------------------
Query acc: 1.4% Gallery acc: 18.3% Total acc: 9.8%
The test feature is normalized
The number of query sketch samples: 2709
The number of gallery rgb samples: 2000
==========Test with latent_z: new_z =========
==========Test with NCE LOSS=========
Extracted features for query set, obtained torch.Size([2709, 192]) matrix
Extracted features for gallery set, obtained torch.Size([2000, 192]) matrix
Extracting features complete in 0m 5s
Distance computing in 0m 0s
Results ---------------------------------------------------
top1:0.3% top5:1.0% top10:1.7% top20:3.2% mAP:0.7%
-----------------------------------------------------------
Using 0m 0s
Classifier results ---------------------------------------------------
Query acc: 1.4% Gallery acc: 18.6% Total acc: 10.0%
Epoch:36 Time:7.7 Data:0.0 Loss:6.7881 Cls Loss:5.3513 Pair Loss:0.5329 KL Loss:1.3139 Recon Loss:0.1229 Acc:0.1003 Acc NCE:0.1003
Epoch:37 Time:7.6 Data:0.0 Loss:6.9421 Cls Loss:5.3332 Pair Loss:0.5295 KL Loss:1.4860 Recon Loss:0.1229 Acc:0.0953 Acc NCE:0.0953
Epoch:38 Time:7.7 Data:0.0 Loss:7.4127 Cls Loss:5.2457 Pair Loss:0.5275 KL Loss:2.0440 Recon Loss:0.1230 Acc:0.1116 Acc NCE:0.1116
Epoch:39 Time:7.9 Data:0.0 Loss:7.2816 Cls Loss:5.2102 Pair Loss:0.5300 KL Loss:1.9481 Recon Loss:0.1233 Acc:0.1023 Acc NCE:0.1023
The test feature is normalized
The number of sketch samples: 1979
The number of rgb samples: 1989
/home/zhengwei/anaconda3/envs/yzwT2V/lib/python3.9/site-packages/numpy/lib/function_base.py:2853: RuntimeWarning: invalid value encountered in divide
  c /= stddev[:, None]
/home/zhengwei/anaconda3/envs/yzwT2V/lib/python3.9/site-packages/numpy/lib/function_base.py:2854: RuntimeWarning: invalid value encountered in divide
  c /= stddev[None, :]
Epoch:40 Time:175.8 Data:0.0 Loss:7.2466 Cls Loss:5.1655 Pair Loss:0.5301 KL Loss:1.9581 Recon Loss:0.1230 Acc:0.1046 Acc NCE:0.1046
=> Test at epoch 40
==========Test with latent_z: z_c =========
==========Test with NCE LOSS=========
Extracted features for query set, obtained torch.Size([2709, 128]) matrix
Extracted features for gallery set, obtained torch.Size([2000, 128]) matrix
Extracting features complete in 0m 5s
Distance computing in 0m 0s
Results ---------------------------------------------------
top1:5.0% top5:13.3% top10:19.9% top20:27.6% mAP:7.2%
-----------------------------------------------------------
Using 0m 0s
Classifier results ---------------------------------------------------
Query acc: 1.5% Gallery acc: 23.3% Total acc: 12.4%
The test feature is normalized
The number of query sketch samples: 2709
The number of gallery rgb samples: 2000
==========Test with latent_z: new_z =========
==========Test with NCE LOSS=========
Extracted features for query set, obtained torch.Size([2709, 192]) matrix
Extracted features for gallery set, obtained torch.Size([2000, 192]) matrix
Extracting features complete in 0m 4s
Distance computing in 0m 0s
Results ---------------------------------------------------
top1:0.1% top5:0.9% top10:1.5% top20:3.2% mAP:0.6%
-----------------------------------------------------------
Using 0m 0s
Classifier results ---------------------------------------------------
Query acc: 1.5% Gallery acc: 22.9% Total acc: 12.2%
Epoch:41 Time:7.6 Data:0.0 Loss:6.7562 Cls Loss:5.2256 Pair Loss:0.5298 KL Loss:1.4077 Recon Loss:0.1230 Acc:0.0940 Acc NCE:0.0940
Epoch:42 Time:7.6 Data:0.0 Loss:6.9191 Cls Loss:5.2282 Pair Loss:0.5303 KL Loss:1.5680 Recon Loss:0.1229 Acc:0.1101 Acc NCE:0.1101
Epoch:43 Time:7.9 Data:0.0 Loss:6.8548 Cls Loss:5.2045 Pair Loss:0.5304 KL Loss:1.5273 Recon Loss:0.1230 Acc:0.0998 Acc NCE:0.0998
Epoch:44 Time:7.9 Data:0.0 Loss:6.7586 Cls Loss:5.1992 Pair Loss:0.5345 KL Loss:1.4364 Recon Loss:0.1229 Acc:0.1031 Acc NCE:0.1031
Epoch:45 Time:7.7 Data:0.0 Loss:7.0062 Cls Loss:5.2995 Pair Loss:0.5332 KL Loss:1.5840 Recon Loss:0.1227 Acc:0.1001 Acc NCE:0.1001
=> Test at epoch 45
==========Test with latent_z: z_c =========
==========Test with NCE LOSS=========
Extracted features for query set, obtained torch.Size([2709, 128]) matrix
Extracted features for gallery set, obtained torch.Size([2000, 128]) matrix
Extracting features complete in 0m 3s
Distance computing in 0m 0s
Results ---------------------------------------------------
top1:3.5% top5:11.3% top10:17.2% top20:25.4% mAP:6.0%
-----------------------------------------------------------
Using 0m 0s
Classifier results ---------------------------------------------------
Query acc: 1.2% Gallery acc: 21.2% Total acc: 11.2%
The test feature is normalized
The number of query sketch samples: 2709
The number of gallery rgb samples: 2000
==========Test with latent_z: new_z =========
==========Test with NCE LOSS=========
Extracted features for query set, obtained torch.Size([2709, 192]) matrix
Extracted features for gallery set, obtained torch.Size([2000, 192]) matrix
Extracting features complete in 0m 5s
Distance computing in 0m 0s
Results ---------------------------------------------------
top1:0.2% top5:0.8% top10:1.4% top20:2.9% mAP:0.6%
-----------------------------------------------------------
Using 0m 0s
Classifier results ---------------------------------------------------
Query acc: 1.2% Gallery acc: 21.0% Total acc: 11.1%
Epoch:46 Time:9.0 Data:0.0 Loss:6.5366 Cls Loss:5.2391 Pair Loss:0.5341 KL Loss:1.1748 Recon Loss:0.1226 Acc:0.1028 Acc NCE:0.1028
Epoch:47 Time:8.3 Data:0.0 Loss:7.1107 Cls Loss:5.2246 Pair Loss:0.5275 KL Loss:1.7634 Recon Loss:0.1228 Acc:0.0965 Acc NCE:0.0965
Epoch:48 Time:7.8 Data:0.0 Loss:6.8267 Cls Loss:5.1879 Pair Loss:0.5331 KL Loss:1.5159 Recon Loss:0.1229 Acc:0.1132 Acc NCE:0.1132
Epoch:49 Time:8.1 Data:0.0 Loss:6.7727 Cls Loss:5.1404 Pair Loss:0.5326 KL Loss:1.5095 Recon Loss:0.1228 Acc:0.1139 Acc NCE:0.1139
The test feature is normalized
The number of sketch samples: 1977
The number of rgb samples: 1991
/home/zhengwei/anaconda3/envs/yzwT2V/lib/python3.9/site-packages/numpy/lib/function_base.py:2853: RuntimeWarning: invalid value encountered in divide
  c /= stddev[:, None]
/home/zhengwei/anaconda3/envs/yzwT2V/lib/python3.9/site-packages/numpy/lib/function_base.py:2854: RuntimeWarning: invalid value encountered in divide
  c /= stddev[None, :]
Epoch:50 Time:234.4 Data:0.0 Loss:6.8926 Cls Loss:5.1387 Pair Loss:0.5294 KL Loss:1.6311 Recon Loss:0.1228 Acc:0.1038 Acc NCE:0.1038
=> Test at epoch 50
==========Test with latent_z: z_c =========
==========Test with NCE LOSS=========
Extracted features for query set, obtained torch.Size([2709, 128]) matrix
Extracted features for gallery set, obtained torch.Size([2000, 128]) matrix
Extracting features complete in 0m 8s
Distance computing in 0m 0s
Results ---------------------------------------------------
top1:4.2% top5:12.1% top10:18.4% top20:27.7% mAP:6.5%
-----------------------------------------------------------
Using 0m 0s
Classifier results ---------------------------------------------------
Query acc: 0.9% Gallery acc: 19.0% Total acc: 10.0%
The test feature is normalized
The number of query sketch samples: 2709
The number of gallery rgb samples: 2000
==========Test with latent_z: new_z =========
==========Test with NCE LOSS=========
Extracted features for query set, obtained torch.Size([2709, 192]) matrix
Extracted features for gallery set, obtained torch.Size([2000, 192]) matrix
Extracting features complete in 0m 4s
Distance computing in 0m 0s
Results ---------------------------------------------------
top1:0.2% top5:0.7% top10:1.6% top20:2.7% mAP:0.6%
-----------------------------------------------------------
Using 0m 0s
Classifier results ---------------------------------------------------
Query acc: 0.9% Gallery acc: 19.1% Total acc: 10.0%
Epoch:51 Time:9.3 Data:0.0 Loss:6.9376 Cls Loss:5.1502 Pair Loss:0.5300 KL Loss:1.6646 Recon Loss:0.1228 Acc:0.1074 Acc NCE:0.1074
Epoch:52 Time:8.1 Data:0.0 Loss:6.7440 Cls Loss:5.1007 Pair Loss:0.5306 KL Loss:1.5204 Recon Loss:0.1229 Acc:0.1036 Acc NCE:0.1036
Epoch:53 Time:8.3 Data:0.0 Loss:7.3608 Cls Loss:5.1571 Pair Loss:0.5265 KL Loss:2.0806 Recon Loss:0.1230 Acc:0.1016 Acc NCE:0.1016
Epoch:54 Time:8.1 Data:0.0 Loss:6.8611 Cls Loss:5.1082 Pair Loss:0.5290 KL Loss:1.6302 Recon Loss:0.1227 Acc:0.1124 Acc NCE:0.1124
Epoch:55 Time:8.0 Data:0.0 Loss:6.6480 Cls Loss:5.1371 Pair Loss:0.5269 KL Loss:1.3881 Recon Loss:0.1229 Acc:0.1152 Acc NCE:0.1152
=> Test at epoch 55
==========Test with latent_z: z_c =========
==========Test with NCE LOSS=========
Extracted features for query set, obtained torch.Size([2709, 128]) matrix
Extracted features for gallery set, obtained torch.Size([2000, 128]) matrix
Extracting features complete in 0m 3s
Distance computing in 0m 0s
Results ---------------------------------------------------
top1:4.4% top5:13.5% top10:20.8% top20:29.6% mAP:7.3%
-----------------------------------------------------------
Using 0m 0s
Classifier results ---------------------------------------------------
Query acc: 1.4% Gallery acc: 25.7% Total acc: 13.6%
The test feature is normalized
The number of query sketch samples: 2709
The number of gallery rgb samples: 2000
==========Test with latent_z: new_z =========
==========Test with NCE LOSS=========
Extracted features for query set, obtained torch.Size([2709, 192]) matrix
Extracted features for gallery set, obtained torch.Size([2000, 192]) matrix
Extracting features complete in 0m 4s
Distance computing in 0m 0s
Results ---------------------------------------------------
top1:0.2% top5:1.2% top10:2.3% top20:3.9% mAP:0.7%
-----------------------------------------------------------
Using 0m 0s
Classifier results ---------------------------------------------------
Query acc: 1.4% Gallery acc: 25.7% Total acc: 13.6%
Epoch:56 Time:9.0 Data:0.0 Loss:7.7146 Cls Loss:5.0637 Pair Loss:0.5252 KL Loss:2.5275 Recon Loss:0.1233 Acc:0.1177 Acc NCE:0.1177
Epoch:57 Time:8.0 Data:0.0 Loss:7.6288 Cls Loss:5.0679 Pair Loss:0.5258 KL Loss:2.4379 Recon Loss:0.1231 Acc:0.1197 Acc NCE:0.1197
Epoch:58 Time:8.0 Data:0.0 Loss:6.6613 Cls Loss:5.0040 Pair Loss:0.5255 KL Loss:1.5341 Recon Loss:0.1232 Acc:0.1190 Acc NCE:0.1190
Epoch:59 Time:7.5 Data:0.0 Loss:6.3207 Cls Loss:5.0326 Pair Loss:0.5248 KL Loss:1.1651 Recon Loss:0.1229 Acc:0.1179 Acc NCE:0.1179
The test feature is normalized
The number of sketch samples: 1980
The number of rgb samples: 1988
/home/zhengwei/anaconda3/envs/yzwT2V/lib/python3.9/site-packages/numpy/lib/function_base.py:2853: RuntimeWarning: invalid value encountered in divide
  c /= stddev[:, None]
/home/zhengwei/anaconda3/envs/yzwT2V/lib/python3.9/site-packages/numpy/lib/function_base.py:2854: RuntimeWarning: invalid value encountered in divide
  c /= stddev[None, :]
Epoch:60 Time:212.0 Data:0.0 Loss:6.8968 Cls Loss:5.0838 Pair Loss:0.5250 KL Loss:1.6899 Recon Loss:0.1230 Acc:0.1144 Acc NCE:0.1144
=> Test at epoch 60
==========Test with latent_z: z_c =========
==========Test with NCE LOSS=========
Extracted features for query set, obtained torch.Size([2709, 128]) matrix
Extracted features for gallery set, obtained torch.Size([2000, 128]) matrix
Extracting features complete in 0m 6s
Distance computing in 0m 0s
Results ---------------------------------------------------
top1:5.1% top5:15.0% top10:22.1% top20:31.2% mAP:7.7%
-----------------------------------------------------------
Using 0m 0s
Classifier results ---------------------------------------------------
Query acc: 1.4% Gallery acc: 18.4% Total acc: 9.9%
The test feature is normalized
The number of query sketch samples: 2709
The number of gallery rgb samples: 2000
==========Test with latent_z: new_z =========
==========Test with NCE LOSS=========
Extracted features for query set, obtained torch.Size([2709, 192]) matrix
Extracted features for gallery set, obtained torch.Size([2000, 192]) matrix
Extracting features complete in 0m 4s
Distance computing in 0m 0s
Results ---------------------------------------------------
top1:0.6% top5:1.7% top10:2.9% top20:6.1% mAP:1.1%
-----------------------------------------------------------
Using 0m 0s
Classifier results ---------------------------------------------------
Query acc: 1.4% Gallery acc: 18.2% Total acc: 9.8%
Epoch:61 Time:8.9 Data:0.0 Loss:6.4265 Cls Loss:5.0184 Pair Loss:0.5269 KL Loss:1.2852 Recon Loss:0.1229 Acc:0.1190 Acc NCE:0.1190
Epoch:62 Time:8.0 Data:0.0 Loss:6.2688 Cls Loss:4.8975 Pair Loss:0.5250 KL Loss:1.2484 Recon Loss:0.1229 Acc:0.1212 Acc NCE:0.1212
Epoch:63 Time:7.9 Data:0.0 Loss:6.1794 Cls Loss:4.8877 Pair Loss:0.5241 KL Loss:1.1687 Recon Loss:0.1230 Acc:0.1333 Acc NCE:0.1333
Epoch:64 Time:8.2 Data:0.0 Loss:6.1905 Cls Loss:4.8445 Pair Loss:0.5220 KL Loss:1.2230 Recon Loss:0.1230 Acc:0.1333 Acc NCE:0.1333
Epoch:65 Time:8.3 Data:0.0 Loss:6.0946 Cls Loss:4.8436 Pair Loss:0.5207 KL Loss:1.1281 Recon Loss:0.1229 Acc:0.1343 Acc NCE:0.1343
=> Test at epoch 65
==========Test with latent_z: z_c =========
==========Test with NCE LOSS=========
Extracted features for query set, obtained torch.Size([2709, 128]) matrix
Extracted features for gallery set, obtained torch.Size([2000, 128]) matrix
Extracting features complete in 0m 3s
Distance computing in 0m 0s
Results ---------------------------------------------------
top1:5.0% top5:14.7% top10:21.6% top20:31.0% mAP:7.7%
-----------------------------------------------------------
Using 0m 0s
Classifier results ---------------------------------------------------
Query acc: 1.4% Gallery acc: 22.7% Total acc: 12.1%
The test feature is normalized
The number of query sketch samples: 2709
The number of gallery rgb samples: 2000
==========Test with latent_z: new_z =========
==========Test with NCE LOSS=========
Extracted features for query set, obtained torch.Size([2709, 192]) matrix
Extracted features for gallery set, obtained torch.Size([2000, 192]) matrix
Extracting features complete in 0m 4s
Distance computing in 0m 0s
Results ---------------------------------------------------
top1:0.5% top5:2.3% top10:3.9% top20:6.7% mAP:1.2%
-----------------------------------------------------------
Using 0m 0s
Classifier results ---------------------------------------------------
Query acc: 1.4% Gallery acc: 22.6% Total acc: 12.0%
Epoch:66 Time:8.7 Data:0.0 Loss:6.1104 Cls Loss:4.7783 Pair Loss:0.5249 KL Loss:1.2093 Recon Loss:0.1228 Acc:0.1409 Acc NCE:0.1409
Epoch:67 Time:7.7 Data:0.0 Loss:5.9529 Cls Loss:4.7507 Pair Loss:0.5245 KL Loss:1.0793 Recon Loss:0.1229 Acc:0.1260 Acc NCE:0.1260
Epoch:68 Time:7.4 Data:0.0 Loss:6.1603 Cls Loss:4.6880 Pair Loss:0.5213 KL Loss:1.3493 Recon Loss:0.1229 Acc:0.1404 Acc NCE:0.1404
Epoch:69 Time:7.2 Data:0.0 Loss:6.2110 Cls Loss:4.6874 Pair Loss:0.5239 KL Loss:1.4006 Recon Loss:0.1229 Acc:0.1396 Acc NCE:0.1396
The test feature is normalized
The number of sketch samples: 1978
The number of rgb samples: 1990
/home/zhengwei/anaconda3/envs/yzwT2V/lib/python3.9/site-packages/numpy/lib/function_base.py:2853: RuntimeWarning: invalid value encountered in divide
  c /= stddev[:, None]
/home/zhengwei/anaconda3/envs/yzwT2V/lib/python3.9/site-packages/numpy/lib/function_base.py:2854: RuntimeWarning: invalid value encountered in divide
  c /= stddev[None, :]
Epoch:70 Time:274.6 Data:0.0 Loss:5.9870 Cls Loss:4.6569 Pair Loss:0.5200 KL Loss:1.2072 Recon Loss:0.1230 Acc:0.1434 Acc NCE:0.1434
=> Test at epoch 70
==========Test with latent_z: z_c =========
==========Test with NCE LOSS=========
Extracted features for query set, obtained torch.Size([2709, 128]) matrix
Extracted features for gallery set, obtained torch.Size([2000, 128]) matrix
Extracting features complete in 0m 7s
Distance computing in 0m 0s
Results ---------------------------------------------------
top1:5.0% top5:14.4% top10:21.1% top20:30.9% mAP:7.6%
-----------------------------------------------------------
Using 0m 0s
Classifier results ---------------------------------------------------
Query acc: 1.6% Gallery acc: 25.5% Total acc: 13.5%
The test feature is normalized
The number of query sketch samples: 2709
The number of gallery rgb samples: 2000
==========Test with latent_z: new_z =========
==========Test with NCE LOSS=========
Extracted features for query set, obtained torch.Size([2709, 192]) matrix
Extracted features for gallery set, obtained torch.Size([2000, 192]) matrix
Extracting features complete in 0m 4s
Distance computing in 0m 0s
Results ---------------------------------------------------
top1:0.6% top5:2.3% top10:3.7% top20:6.9% mAP:1.3%
-----------------------------------------------------------
Using 0m 0s
Classifier results ---------------------------------------------------
Query acc: 1.6% Gallery acc: 25.9% Total acc: 13.8%
Epoch:71 Time:9.8 Data:0.0 Loss:5.8148 Cls Loss:4.6493 Pair Loss:0.5244 KL Loss:1.0425 Recon Loss:0.1230 Acc:0.1477 Acc NCE:0.1477
Epoch:72 Time:8.5 Data:0.0 Loss:5.7307 Cls Loss:4.6441 Pair Loss:0.5211 KL Loss:0.9637 Recon Loss:0.1230 Acc:0.1477 Acc NCE:0.1477
Epoch:73 Time:8.1 Data:0.0 Loss:5.8773 Cls Loss:4.5411 Pair Loss:0.5185 KL Loss:1.2132 Recon Loss:0.1229 Acc:0.1522 Acc NCE:0.1522
Epoch:74 Time:8.5 Data:0.0 Loss:6.0688 Cls Loss:4.6028 Pair Loss:0.5225 KL Loss:1.3431 Recon Loss:0.1229 Acc:0.1653 Acc NCE:0.1653
Epoch:75 Time:8.1 Data:0.0 Loss:6.0026 Cls Loss:4.5171 Pair Loss:0.5224 KL Loss:1.3626 Recon Loss:0.1229 Acc:0.1663 Acc NCE:0.1663
=> Test at epoch 75
==========Test with latent_z: z_c =========
==========Test with NCE LOSS=========
Extracted features for query set, obtained torch.Size([2709, 128]) matrix
Extracted features for gallery set, obtained torch.Size([2000, 128]) matrix
Extracting features complete in 0m 4s
Distance computing in 0m 0s
Results ---------------------------------------------------
top1:4.8% top5:14.4% top10:21.2% top20:30.9% mAP:7.5%
-----------------------------------------------------------
Using 0m 0s
Classifier results ---------------------------------------------------
Query acc: 1.7% Gallery acc: 28.5% Total acc: 15.1%
The test feature is normalized
The number of query sketch samples: 2709
The number of gallery rgb samples: 2000
==========Test with latent_z: new_z =========
==========Test with NCE LOSS=========
Extracted features for query set, obtained torch.Size([2709, 192]) matrix
Extracted features for gallery set, obtained torch.Size([2000, 192]) matrix
Extracting features complete in 0m 5s
Distance computing in 0m 0s
Results ---------------------------------------------------
top1:0.6% top5:2.1% top10:3.8% top20:6.6% mAP:1.2%
-----------------------------------------------------------
Using 0m 0s
Classifier results ---------------------------------------------------
Query acc: 1.7% Gallery acc: 28.8% Total acc: 15.2%
Epoch:76 Time:8.6 Data:0.0 Loss:5.9139 Cls Loss:4.5434 Pair Loss:0.5225 KL Loss:1.2477 Recon Loss:0.1228 Acc:0.1600 Acc NCE:0.1600
Epoch:77 Time:8.9 Data:0.0 Loss:5.6843 Cls Loss:4.5136 Pair Loss:0.5178 KL Loss:1.0478 Recon Loss:0.1228 Acc:0.1701 Acc NCE:0.1701
Epoch:78 Time:7.5 Data:0.0 Loss:5.8976 Cls Loss:4.5839 Pair Loss:0.5216 KL Loss:1.1908 Recon Loss:0.1228 Acc:0.1638 Acc NCE:0.1638
Epoch:79 Time:7.8 Data:0.0 Loss:5.7968 Cls Loss:4.5276 Pair Loss:0.5200 KL Loss:1.1463 Recon Loss:0.1228 Acc:0.1678 Acc NCE:0.1678
The test feature is normalized
The number of sketch samples: 1978
The number of rgb samples: 1990
/home/zhengwei/anaconda3/envs/yzwT2V/lib/python3.9/site-packages/numpy/lib/function_base.py:2853: RuntimeWarning: invalid value encountered in divide
  c /= stddev[:, None]
/home/zhengwei/anaconda3/envs/yzwT2V/lib/python3.9/site-packages/numpy/lib/function_base.py:2854: RuntimeWarning: invalid value encountered in divide
  c /= stddev[None, :]
Epoch:80 Time:230.5 Data:0.0 Loss:5.8263 Cls Loss:4.5316 Pair Loss:0.5183 KL Loss:1.1719 Recon Loss:0.1228 Acc:0.1671 Acc NCE:0.1671
=> Test at epoch 80
==========Test with latent_z: z_c =========
==========Test with NCE LOSS=========
Extracted features for query set, obtained torch.Size([2709, 128]) matrix
Extracted features for gallery set, obtained torch.Size([2000, 128]) matrix
Extracting features complete in 0m 7s
Distance computing in 0m 0s
Results ---------------------------------------------------
top1:4.8% top5:14.7% top10:21.9% top20:31.0% mAP:7.7%
-----------------------------------------------------------
Using 0m 0s
Classifier results ---------------------------------------------------
Query acc: 1.7% Gallery acc: 28.3% Total acc: 15.0%
The test feature is normalized
The number of query sketch samples: 2709
The number of gallery rgb samples: 2000
==========Test with latent_z: new_z =========
==========Test with NCE LOSS=========
Extracted features for query set, obtained torch.Size([2709, 192]) matrix
Extracted features for gallery set, obtained torch.Size([2000, 192]) matrix
Extracting features complete in 0m 5s
Distance computing in 0m 0s
Results ---------------------------------------------------
top1:0.7% top5:3.2% top10:5.5% top20:8.9% mAP:1.5%
-----------------------------------------------------------
Using 0m 0s
Classifier results ---------------------------------------------------
Query acc: 1.7% Gallery acc: 28.5% Total acc: 15.1%
Epoch:81 Time:8.9 Data:0.0 Loss:5.9292 Cls Loss:4.5176 Pair Loss:0.5175 KL Loss:1.2888 Recon Loss:0.1228 Acc:0.1585 Acc NCE:0.1585
Epoch:82 Time:7.6 Data:0.0 Loss:5.7568 Cls Loss:4.4413 Pair Loss:0.5148 KL Loss:1.1927 Recon Loss:0.1227 Acc:0.1658 Acc NCE:0.1658
Epoch:83 Time:7.8 Data:0.0 Loss:5.6640 Cls Loss:4.4979 Pair Loss:0.5213 KL Loss:1.0435 Recon Loss:0.1227 Acc:0.1641 Acc NCE:0.1641
Epoch:84 Time:8.1 Data:0.0 Loss:5.7190 Cls Loss:4.4729 Pair Loss:0.5211 KL Loss:1.1234 Recon Loss:0.1227 Acc:0.1636 Acc NCE:0.1636
Epoch:85 Time:6.6 Data:0.0 Loss:6.0373 Cls Loss:4.4947 Pair Loss:0.5191 KL Loss:1.4198 Recon Loss:0.1228 Acc:0.1774 Acc NCE:0.1774
=> Test at epoch 85
==========Test with latent_z: z_c =========
==========Test with NCE LOSS=========
Extracted features for query set, obtained torch.Size([2709, 128]) matrix
Extracted features for gallery set, obtained torch.Size([2000, 128]) matrix
Extracting features complete in 0m 4s
Distance computing in 0m 0s
Results ---------------------------------------------------
top1:5.0% top5:14.8% top10:21.9% top20:31.8% mAP:7.8%
-----------------------------------------------------------
Using 0m 0s
Classifier results ---------------------------------------------------
Query acc: 2.0% Gallery acc: 27.5% Total acc: 14.7%
The test feature is normalized
The number of query sketch samples: 2709
The number of gallery rgb samples: 2000
==========Test with latent_z: new_z =========
==========Test with NCE LOSS=========
Extracted features for query set, obtained torch.Size([2709, 192]) matrix
Extracted features for gallery set, obtained torch.Size([2000, 192]) matrix
Extracting features complete in 0m 5s
Distance computing in 0m 0s
Results ---------------------------------------------------
top1:0.6% top5:2.8% top10:4.9% top20:8.4% mAP:1.5%
-----------------------------------------------------------
Using 0m 0s
Classifier results ---------------------------------------------------
Query acc: 1.9% Gallery acc: 27.9% Total acc: 14.9%
Epoch:86 Time:8.5 Data:0.0 Loss:6.1568 Cls Loss:4.4595 Pair Loss:0.5179 KL Loss:1.5745 Recon Loss:0.1228 Acc:0.1830 Acc NCE:0.1830
Epoch:87 Time:7.9 Data:0.0 Loss:6.0057 Cls Loss:4.3996 Pair Loss:0.5176 KL Loss:1.4833 Recon Loss:0.1228 Acc:0.1671 Acc NCE:0.1671
Epoch:88 Time:7.8 Data:0.0 Loss:5.9092 Cls Loss:4.3974 Pair Loss:0.5166 KL Loss:1.3889 Recon Loss:0.1229 Acc:0.1741 Acc NCE:0.1741
Epoch:89 Time:7.9 Data:0.0 Loss:5.8906 Cls Loss:4.4342 Pair Loss:0.5158 KL Loss:1.3335 Recon Loss:0.1229 Acc:0.1830 Acc NCE:0.1830
The test feature is normalized
The number of sketch samples: 1983
The number of rgb samples: 1985
/home/zhengwei/anaconda3/envs/yzwT2V/lib/python3.9/site-packages/numpy/lib/function_base.py:2853: RuntimeWarning: invalid value encountered in divide
  c /= stddev[:, None]
/home/zhengwei/anaconda3/envs/yzwT2V/lib/python3.9/site-packages/numpy/lib/function_base.py:2854: RuntimeWarning: invalid value encountered in divide
  c /= stddev[None, :]
Epoch:90 Time:188.3 Data:0.0 Loss:5.7304 Cls Loss:4.4255 Pair Loss:0.5203 KL Loss:1.1820 Recon Loss:0.1229 Acc:0.1822 Acc NCE:0.1822
=> Test at epoch 90
==========Test with latent_z: z_c =========
==========Test with NCE LOSS=========
Extracted features for query set, obtained torch.Size([2709, 128]) matrix
Extracted features for gallery set, obtained torch.Size([2000, 128]) matrix
Extracting features complete in 0m 6s
Distance computing in 0m 0s
Results ---------------------------------------------------
top1:4.8% top5:14.8% top10:21.9% top20:31.2% mAP:7.7%
-----------------------------------------------------------
Using 0m 0s
Classifier results ---------------------------------------------------
Query acc: 2.2% Gallery acc: 30.4% Total acc: 16.3%
The test feature is normalized
The number of query sketch samples: 2709
The number of gallery rgb samples: 2000
==========Test with latent_z: new_z =========
==========Test with NCE LOSS=========
Extracted features for query set, obtained torch.Size([2709, 192]) matrix
Extracted features for gallery set, obtained torch.Size([2000, 192]) matrix
Extracting features complete in 0m 4s
Distance computing in 0m 0s
Results ---------------------------------------------------
top1:0.7% top5:3.0% top10:4.7% top20:8.6% mAP:1.6%
-----------------------------------------------------------
Using 0m 0s
Classifier results ---------------------------------------------------
Query acc: 2.1% Gallery acc: 30.7% Total acc: 16.4%
Epoch:91 Time:8.4 Data:0.0 Loss:5.6390 Cls Loss:4.4613 Pair Loss:0.5173 KL Loss:1.0549 Recon Loss:0.1228 Acc:0.1746 Acc NCE:0.1746
Epoch:92 Time:7.3 Data:0.0 Loss:5.6874 Cls Loss:4.4212 Pair Loss:0.5157 KL Loss:1.1434 Recon Loss:0.1227 Acc:0.1794 Acc NCE:0.1794
Epoch:93 Time:7.3 Data:0.0 Loss:5.6412 Cls Loss:4.3873 Pair Loss:0.5196 KL Loss:1.1311 Recon Loss:0.1228 Acc:0.1845 Acc NCE:0.1845
Epoch:94 Time:7.9 Data:0.0 Loss:5.7592 Cls Loss:4.3904 Pair Loss:0.5186 KL Loss:1.2460 Recon Loss:0.1228 Acc:0.1809 Acc NCE:0.1809
Epoch:95 Time:7.6 Data:0.0 Loss:5.6572 Cls Loss:4.4593 Pair Loss:0.5202 KL Loss:1.0750 Recon Loss:0.1229 Acc:0.1724 Acc NCE:0.1724
=> Test at epoch 95
==========Test with latent_z: z_c =========
==========Test with NCE LOSS=========
Extracted features for query set, obtained torch.Size([2709, 128]) matrix
Extracted features for gallery set, obtained torch.Size([2000, 128]) matrix
Extracting features complete in 0m 4s
Distance computing in 0m 0s
Results ---------------------------------------------------
top1:4.7% top5:15.1% top10:21.8% top20:31.4% mAP:7.8%
-----------------------------------------------------------
Using 0m 0s
Classifier results ---------------------------------------------------
Query acc: 2.0% Gallery acc: 31.7% Total acc: 16.9%
The test feature is normalized
The number of query sketch samples: 2709
The number of gallery rgb samples: 2000
==========Test with latent_z: new_z =========
==========Test with NCE LOSS=========
Extracted features for query set, obtained torch.Size([2709, 192]) matrix
Extracted features for gallery set, obtained torch.Size([2000, 192]) matrix
Extracting features complete in 0m 5s
Distance computing in 0m 0s
Results ---------------------------------------------------
top1:1.0% top5:2.4% top10:4.8% top20:8.1% mAP:1.6%
-----------------------------------------------------------
Using 0m 0s
Classifier results ---------------------------------------------------
Query acc: 2.0% Gallery acc: 31.8% Total acc: 16.9%
Epoch:96 Time:8.7 Data:0.0 Loss:5.9243 Cls Loss:4.4637 Pair Loss:0.5210 KL Loss:1.3379 Recon Loss:0.1228 Acc:0.1860 Acc NCE:0.1860
Epoch:97 Time:7.1 Data:0.0 Loss:5.7681 Cls Loss:4.4379 Pair Loss:0.5176 KL Loss:1.2074 Recon Loss:0.1228 Acc:0.1729 Acc NCE:0.1729
Epoch:98 Time:7.4 Data:0.0 Loss:5.6644 Cls Loss:4.3934 Pair Loss:0.5164 KL Loss:1.1481 Recon Loss:0.1229 Acc:0.1872 Acc NCE:0.1872
Epoch:99 Time:7.6 Data:0.0 Loss:5.5176 Cls Loss:4.3911 Pair Loss:0.5158 KL Loss:1.0035 Recon Loss:0.1229 Acc:0.1875 Acc NCE:0.1875
The test feature is normalized
The number of sketch samples: 1977
The number of rgb samples: 1991
/home/zhengwei/anaconda3/envs/yzwT2V/lib/python3.9/site-packages/numpy/lib/function_base.py:2853: RuntimeWarning: invalid value encountered in divide
  c /= stddev[:, None]
/home/zhengwei/anaconda3/envs/yzwT2V/lib/python3.9/site-packages/numpy/lib/function_base.py:2854: RuntimeWarning: invalid value encountered in divide
  c /= stddev[None, :]
Epoch:100 Time:186.3 Data:0.0 Loss:5.9147 Cls Loss:4.4190 Pair Loss:0.5222 KL Loss:1.3729 Recon Loss:0.1229 Acc:0.1827 Acc NCE:0.1827
=> Test at epoch 100
==========Test with latent_z: z_c =========
==========Test with NCE LOSS=========
Extracted features for query set, obtained torch.Size([2709, 128]) matrix
Extracted features for gallery set, obtained torch.Size([2000, 128]) matrix
Extracting features complete in 0m 6s
Distance computing in 0m 0s
Results ---------------------------------------------------
top1:4.9% top5:14.7% top10:21.6% top20:31.3% mAP:7.8%
-----------------------------------------------------------
Using 0m 0s
Classifier results ---------------------------------------------------
Query acc: 2.1% Gallery acc: 33.4% Total acc: 17.7%
The test feature is normalized
The number of query sketch samples: 2709
The number of gallery rgb samples: 2000
==========Test with latent_z: new_z =========
==========Test with NCE LOSS=========
Extracted features for query set, obtained torch.Size([2709, 192]) matrix
Extracted features for gallery set, obtained torch.Size([2000, 192]) matrix
Extracting features complete in 0m 4s
Distance computing in 0m 0s
Results ---------------------------------------------------
top1:1.2% top5:3.6% top10:6.5% top20:10.3% mAP:2.0%
-----------------------------------------------------------
Using 0m 0s
Classifier results ---------------------------------------------------
Query acc: 2.1% Gallery acc: 33.7% Total acc: 17.9%
Epoch:101 Time:9.0 Data:0.0 Loss:5.7337 Cls Loss:4.3845 Pair Loss:0.5188 KL Loss:1.2264 Recon Loss:0.1229 Acc:0.1872 Acc NCE:0.1872
Epoch:102 Time:8.3 Data:0.0 Loss:5.8631 Cls Loss:4.3793 Pair Loss:0.5156 KL Loss:1.3609 Recon Loss:0.1228 Acc:0.1825 Acc NCE:0.1825
Epoch:103 Time:8.1 Data:0.0 Loss:5.9288 Cls Loss:4.3663 Pair Loss:0.5216 KL Loss:1.4398 Recon Loss:0.1228 Acc:0.1908 Acc NCE:0.1908
Epoch:104 Time:7.9 Data:0.0 Loss:5.5865 Cls Loss:4.3746 Pair Loss:0.5205 KL Loss:1.0891 Recon Loss:0.1227 Acc:0.1862 Acc NCE:0.1862
Epoch:105 Time:7.7 Data:0.0 Loss:5.5180 Cls Loss:4.3497 Pair Loss:0.5179 KL Loss:1.0454 Recon Loss:0.1228 Acc:0.1883 Acc NCE:0.1883
=> Test at epoch 105
==========Test with latent_z: z_c =========
==========Test with NCE LOSS=========
Extracted features for query set, obtained torch.Size([2709, 128]) matrix
Extracted features for gallery set, obtained torch.Size([2000, 128]) matrix
Extracting features complete in 0m 4s
Distance computing in 0m 0s
Results ---------------------------------------------------
top1:4.6% top5:14.7% top10:21.9% top20:31.7% mAP:7.7%
-----------------------------------------------------------
Using 0m 0s
Classifier results ---------------------------------------------------
Query acc: 1.9% Gallery acc: 31.1% Total acc: 16.5%
The test feature is normalized
The number of query sketch samples: 2709
The number of gallery rgb samples: 2000
==========Test with latent_z: new_z =========
==========Test with NCE LOSS=========
Extracted features for query set, obtained torch.Size([2709, 192]) matrix
Extracted features for gallery set, obtained torch.Size([2000, 192]) matrix
Extracting features complete in 0m 5s
Distance computing in 0m 0s
Results ---------------------------------------------------
top1:1.0% top5:3.9% top10:5.8% top20:10.2% mAP:1.9%
-----------------------------------------------------------
Using 0m 0s
Classifier results ---------------------------------------------------
Query acc: 1.9% Gallery acc: 30.9% Total acc: 16.4%
Epoch:106 Time:8.5 Data:0.0 Loss:5.8917 Cls Loss:4.3897 Pair Loss:0.5181 KL Loss:1.3792 Recon Loss:0.1228 Acc:0.1782 Acc NCE:0.1782
Epoch:107 Time:7.6 Data:0.0 Loss:5.5489 Cls Loss:4.3481 Pair Loss:0.5179 KL Loss:1.0781 Recon Loss:0.1227 Acc:0.1910 Acc NCE:0.1910
Epoch:108 Time:7.5 Data:0.0 Loss:5.5701 Cls Loss:4.3584 Pair Loss:0.5163 KL Loss:1.0889 Recon Loss:0.1227 Acc:0.1860 Acc NCE:0.1860
Epoch:109 Time:7.6 Data:0.0 Loss:5.8941 Cls Loss:4.3702 Pair Loss:0.5195 KL Loss:1.4012 Recon Loss:0.1227 Acc:0.1888 Acc NCE:0.1888
The test feature is normalized
The number of sketch samples: 1981
The number of rgb samples: 1987
/home/zhengwei/anaconda3/envs/yzwT2V/lib/python3.9/site-packages/numpy/lib/function_base.py:2853: RuntimeWarning: invalid value encountered in divide
  c /= stddev[:, None]
/home/zhengwei/anaconda3/envs/yzwT2V/lib/python3.9/site-packages/numpy/lib/function_base.py:2854: RuntimeWarning: invalid value encountered in divide
  c /= stddev[None, :]
Epoch:110 Time:226.2 Data:0.0 Loss:5.7238 Cls Loss:4.3006 Pair Loss:0.5112 KL Loss:1.3005 Recon Loss:0.1227 Acc:0.2087 Acc NCE:0.2087
=> Test at epoch 110
==========Test with latent_z: z_c =========
==========Test with NCE LOSS=========
Extracted features for query set, obtained torch.Size([2709, 128]) matrix
Extracted features for gallery set, obtained torch.Size([2000, 128]) matrix
Extracting features complete in 0m 8s
Distance computing in 0m 0s
Results ---------------------------------------------------
top1:4.8% top5:14.7% top10:21.9% top20:31.3% mAP:7.7%
-----------------------------------------------------------
Using 0m 0s
Classifier results ---------------------------------------------------
Query acc: 2.0% Gallery acc: 32.5% Total acc: 17.3%
The test feature is normalized
The number of query sketch samples: 2709
The number of gallery rgb samples: 2000
==========Test with latent_z: new_z =========
==========Test with NCE LOSS=========
Extracted features for query set, obtained torch.Size([2709, 192]) matrix
Extracted features for gallery set, obtained torch.Size([2000, 192]) matrix
Extracting features complete in 0m 4s
Distance computing in 0m 0s
Results ---------------------------------------------------
top1:1.4% top5:4.2% top10:6.7% top20:10.4% mAP:2.1%
-----------------------------------------------------------
Using 0m 0s
Classifier results ---------------------------------------------------
Query acc: 2.0% Gallery acc: 32.4% Total acc: 17.2%
Epoch:111 Time:7.2 Data:0.0 Loss:5.7746 Cls Loss:4.3218 Pair Loss:0.5163 KL Loss:1.3302 Recon Loss:0.1226 Acc:0.1986 Acc NCE:0.1986
Epoch:112 Time:6.0 Data:0.0 Loss:5.5468 Cls Loss:4.3412 Pair Loss:0.5139 KL Loss:1.0828 Recon Loss:0.1228 Acc:0.2006 Acc NCE:0.2006
Epoch:113 Time:6.2 Data:0.0 Loss:5.6727 Cls Loss:4.3304 Pair Loss:0.5203 KL Loss:1.2196 Recon Loss:0.1227 Acc:0.1938 Acc NCE:0.1938
Epoch:114 Time:6.0 Data:0.0 Loss:5.7658 Cls Loss:4.3262 Pair Loss:0.5129 KL Loss:1.3170 Recon Loss:0.1226 Acc:0.1968 Acc NCE:0.1968
Epoch:115 Time:6.2 Data:0.0 Loss:5.7820 Cls Loss:4.3886 Pair Loss:0.5198 KL Loss:1.2707 Recon Loss:0.1227 Acc:0.1968 Acc NCE:0.1968
=> Test at epoch 115
==========Test with latent_z: z_c =========
==========Test with NCE LOSS=========
Extracted features for query set, obtained torch.Size([2709, 128]) matrix
Extracted features for gallery set, obtained torch.Size([2000, 128]) matrix
Extracting features complete in 0m 4s
Distance computing in 0m 0s
Results ---------------------------------------------------
top1:4.6% top5:14.5% top10:21.5% top20:31.0% mAP:7.6%
-----------------------------------------------------------
Using 0m 0s
Classifier results ---------------------------------------------------
Query acc: 2.1% Gallery acc: 32.0% Total acc: 17.1%
The test feature is normalized
The number of query sketch samples: 2709
The number of gallery rgb samples: 2000
==========Test with latent_z: new_z =========
==========Test with NCE LOSS=========
Extracted features for query set, obtained torch.Size([2709, 192]) matrix
Extracted features for gallery set, obtained torch.Size([2000, 192]) matrix
Extracting features complete in 0m 5s
Distance computing in 0m 0s
Results ---------------------------------------------------
top1:0.8% top5:4.0% top10:6.7% top20:11.0% mAP:1.9%
-----------------------------------------------------------
Using 0m 0s
Classifier results ---------------------------------------------------
Query acc: 2.1% Gallery acc: 32.1% Total acc: 17.1%
Epoch:116 Time:6.8 Data:0.0 Loss:5.6518 Cls Loss:4.3399 Pair Loss:0.5142 KL Loss:1.1893 Recon Loss:0.1227 Acc:0.1976 Acc NCE:0.1976
Epoch:117 Time:6.5 Data:0.0 Loss:5.8382 Cls Loss:4.3317 Pair Loss:0.5181 KL Loss:1.3838 Recon Loss:0.1227 Acc:0.1865 Acc NCE:0.1865
Epoch:118 Time:6.2 Data:0.0 Loss:5.6445 Cls Loss:4.2851 Pair Loss:0.5172 KL Loss:1.2369 Recon Loss:0.1226 Acc:0.2089 Acc NCE:0.2089
Epoch:119 Time:6.0 Data:0.0 Loss:5.8760 Cls Loss:4.3290 Pair Loss:0.5145 KL Loss:1.4243 Recon Loss:0.1227 Acc:0.1928 Acc NCE:0.1928
The test feature is normalized
The number of sketch samples: 1977
The number of rgb samples: 1991
/home/zhengwei/anaconda3/envs/yzwT2V/lib/python3.9/site-packages/numpy/lib/function_base.py:2853: RuntimeWarning: invalid value encountered in divide
  c /= stddev[:, None]
/home/zhengwei/anaconda3/envs/yzwT2V/lib/python3.9/site-packages/numpy/lib/function_base.py:2854: RuntimeWarning: invalid value encountered in divide
  c /= stddev[None, :]
Epoch:120 Time:45.2 Data:0.0 Loss:5.7389 Cls Loss:4.2821 Pair Loss:0.5156 KL Loss:1.3342 Recon Loss:0.1227 Acc:0.1996 Acc NCE:0.1996
=> Test at epoch 120
==========Test with latent_z: z_c =========
==========Test with NCE LOSS=========
Extracted features for query set, obtained torch.Size([2709, 128]) matrix
Extracted features for gallery set, obtained torch.Size([2000, 128]) matrix
Extracting features complete in 0m 7s
Distance computing in 0m 0s
Results ---------------------------------------------------
top1:4.9% top5:14.5% top10:21.3% top20:30.2% mAP:7.6%
-----------------------------------------------------------
Using 0m 0s
Classifier results ---------------------------------------------------
Query acc: 2.0% Gallery acc: 32.0% Total acc: 17.0%
The test feature is normalized
The number of query sketch samples: 2709
The number of gallery rgb samples: 2000
==========Test with latent_z: new_z =========
==========Test with NCE LOSS=========
Extracted features for query set, obtained torch.Size([2709, 192]) matrix
Extracted features for gallery set, obtained torch.Size([2000, 192]) matrix
Extracting features complete in 0m 5s
Distance computing in 0m 0s
Results ---------------------------------------------------
top1:1.1% top5:3.5% top10:6.1% top20:11.0% mAP:2.0%
-----------------------------------------------------------
Using 0m 0s
Classifier results ---------------------------------------------------
Query acc: 2.1% Gallery acc: 31.9% Total acc: 17.0%
Keep checkpoint file: checkpoint_ep120.pth.tar
=> Best Rank-1 4.9%, mAP 7.8% achieved at epoch 100
Finished. Total elapsed time (h:m:s): 1:38:14. Training time (h:m:s): 0:52:12.
Shutting down background jobs, please wait a moment...
Done!
Waiting for the remaining 35 operations to synchronize with Neptune. Do not kill this process.
All 35 operations synced, thanks for waiting!
Explore the metadata in the Neptune app:
https://app.neptune.ai/Zhengwei-Lab/MayCVAE/e/MAY-210/metadata
