https://app.neptune.ai/Zhengwei-Lab/MayCVAE/e/MAY-198
=> merge config from ./configs/clipreid_cvae_kl.yaml
/home/zhengwei/Desktop/Zhengwei/Projects/CVAE/main.py:91: NeptuneUnsupportedType: You're attempting to log a type that is not directly supported by Neptune (<class 'list'>).
        Convert the value to a supported type, such as a string or float, or use stringify_unsupported(obj)
        for dictionaries or collections that contain unsupported values.
        For more, see https://docs.neptune.ai/help/value_of_unsupported_type
  run["parameters"] = param
=> Configurations:
-------------------------
AMP: True
AUG:
  RC_PROB: 0.5
  RE_PROB: 0.5
DATA:
  CUHK03_CLASSIC_SPLIT: False
  CUHK03_LABELED: False
  DATASET: market1k
  FORMAT_TAG: tensor
  HEIGHT: 256
  NUM_INSTANCES: 4
  NUM_WORKERS: 4
  ROOT: /home/zhengwei/Desktop/Zhengwei/Projects/datasets
  SPLIT_ID: 0
  TEST_BATCH: 512
  TRAIN_BATCH: 64
  TRAIN_FORMAT: novel
  WIDTH: 128
EVAL_MODE: False
GPU: 0
LOSS:
  CLA_LOSS: crossentropy
  CLA_M: 0.0
  CLA_S: 16.0
  PAIR_LOSS: triplet
  PAIR_M: 0.3
  PAIR_S: 16.0
  RECON_LOSS: mse
  USE_NCE: False
MODEL:
  CONDITIONAL: False
  FEATURE_DIM: 1280
  FEAT_FUSION: True
  FLOW_TYPE: 
  GAUSSIAN: MultivariateNormal
  HIDDEN_DIM: 256
  LATENT_SIZE: 64
  NAME: CVAE
  ONLY_CVAE_KL: False
  ONLY_X_INPUT: False
  PRETRAIN: CLIPreidNew
  RES4_STRIDE: 1
  RESUME: /home/zhengwei/Desktop/Zhengwei/Projects/CVAE/outputs/market1k/clipreid_simplevae/novel/2024-06-13/fp32_SimpleVAE+2E_128+64z_1e3+3_60+120_KLtotalZ_nocls
  TRAIN_STAGE: reidstage
  USE_CENTROID: False
  USE_TWO_ENCODER: True
  VAE_TYPE: SinpleVAE
  ZC_DIM: 128
  ZS_DIM: 64
OUTPUT: ./outputs/market1k/clipreid_simplevae/novel/2024-06-14/fp32_SimpleVAE+2E_128+64z_1e3+3_60+120_KLtotalZ_S2cls
SAVED_NAME: fp32_SimpleVAE+2E_128+64z_1e3+3_60+120_KLtotalZ_S2cls
SEED: 0
TAG: clipreid_simplevae
TEST:
  DISTANCE: cosine
  EVAL_STEP: 5
  START_EVAL: -1
TRAIN:
  AMP: False
  LR_SCHEDULER:
    DECAY_RATE: 0.1
    NAME: MultiStepLR
    STEPSIZE: [60]
  MAX_EPOCH: 120
  OPTIMIZER:
    LR: 0.001
    NAME: adam
    SGDLR: 0.01
    SGD_MOMENTUM: 0.9
    SGD_WEIGHT_DECAY: 0.0005
    WEIGHT_DECAY: 0.0001
  START_EPOCH: 0
----------------------
Initializing dataset market1k
Warning: string series 'monitoring/33b56d2f/stdout' value was longer than 1000 characters and was truncated. This warning is printed only once per series.
=> Market-Sketch-1K tensor loaded
Dataset statistics:
  ------------------------------
  subset   | # ids | # images
  ------------------------------
  train    |   996 |     3992
  query    |   996 |     2709
  gallery  |   996 |     2000
  ------------------------------
  total    |  1992 |     8701
  ------------------------------
Initializing SinpleVAE model with 2 encoders
Model size: 11.81715M
Classifier size: 0.12749M
=> Start Training Classifier Only
Loading checkpoint from '/home/zhengwei/Desktop/Zhengwei/Projects/CVAE/outputs/market1k/clipreid_simplevae/novel/2024-06-13/fp32_SimpleVAE+2E_128+64z_1e3+3_60+120_KLtotalZ_nocls.best_model.pth.tar'
orginal best rank1 = 0.005906238464377999
=> Start evaluation on Novel data without finetuning
=> Test pretarined feature form VLP model
Normalizing features
Normalizing features
Extracted features for query set, obtained torch.Size([2709, 1280]) matrix
Extracted features for gallery set, obtained torch.Size([2000, 1280]) matrix
Extracting features complete in 0m 5s
Distance computing in 0m 1s
Computing CMC and mAP
Results ---------------------------------------------------
top1:3.7% top5:8.7% top10:13.0% top20:19.0% mAP:4.8%
-----------------------------------------------------------
Using 0m 0s
==========Test with latent_z: new_z =========
Extracted features for query set, obtained torch.Size([2709, 192]) matrix
Extracted features for gallery set, obtained torch.Size([2000, 192]) matrix
Extracting features complete in 0m 4s
Distance computing in 0m 0s
Results ---------------------------------------------------
top1:0.4% top5:1.6% top10:3.0% top20:5.0% mAP:1.0%
-----------------------------------------------------------
Using 0m 0s
Classifier results ---------------------------------------------------
Query acc: 0.0% Gallery acc: 0.0% Total acc: 0.0%
==========Test with latent_z: z_c =========
Extracted features for query set, obtained torch.Size([2709, 128]) matrix
Extracted features for gallery set, obtained torch.Size([2000, 128]) matrix
Extracting features complete in 0m 5s
Distance computing in 0m 0s
Results ---------------------------------------------------
top1:0.6% top5:2.1% top10:3.5% top20:5.6% mAP:1.2%
-----------------------------------------------------------
Using 0m 0s
Classifier results ---------------------------------------------------
Query acc: 0.1% Gallery acc: 0.2% Total acc: 0.1%
The test feature is normalized
The number of query sketch samples: 2709
The number of gallery rgb samples: 2000
=> Start training
Epoch:1 Time:4.9 Data:0.0 Loss:8.3854 Cls Loss:8.3854 Pair Loss:0.7633 KL Loss:486.8741 Recon Loss:0.1211 Acc:0.0005 
Epoch:2 Time:3.5 Data:0.0 Loss:6.8579 Cls Loss:6.8579 Pair Loss:0.7643 KL Loss:491.7949 Recon Loss:0.1211 Acc:0.0108 
Epoch:3 Time:6.0 Data:0.0 Loss:6.3609 Cls Loss:6.3609 Pair Loss:0.7626 KL Loss:481.3147 Recon Loss:0.1212 Acc:0.0260 
Epoch:4 Time:6.1 Data:0.0 Loss:6.0064 Cls Loss:6.0064 Pair Loss:0.7636 KL Loss:487.8810 Recon Loss:0.1212 Acc:0.0436 
Epoch:5 Time:3.5 Data:0.0 Loss:5.6992 Cls Loss:5.6992 Pair Loss:0.7648 KL Loss:487.5448 Recon Loss:0.1211 Acc:0.0756 
=> Test at epoch 5
==========Test with latent_z: z_c =========
Extracted features for query set, obtained torch.Size([2709, 128]) matrix
Extracted features for gallery set, obtained torch.Size([2000, 128]) matrix
Extracting features complete in 0m 4s
Distance computing in 0m 0s
Results ---------------------------------------------------
top1:0.4% top5:1.9% top10:3.8% top20:6.5% mAP:1.2%
-----------------------------------------------------------
Using 0m 0s
Classifier results ---------------------------------------------------
Query acc: 1.3% Gallery acc: 39.8% Total acc: 20.5%
The test feature is normalized
The number of query sketch samples: 2709
The number of gallery rgb samples: 2000
==========Test with latent_z: new_z =========
Extracted features for query set, obtained torch.Size([2709, 192]) matrix
Extracted features for gallery set, obtained torch.Size([2000, 192]) matrix
Extracting features complete in 0m 6s
Distance computing in 0m 0s
Results ---------------------------------------------------
top1:0.4% top5:1.4% top10:3.0% top20:5.9% mAP:1.0%
-----------------------------------------------------------
Using 0m 0s
Classifier results ---------------------------------------------------
Query acc: 1.6% Gallery acc: 40.6% Total acc: 21.1%
Epoch:6 Time:6.4 Data:0.0 Loss:5.4368 Cls Loss:5.4368 Pair Loss:0.7653 KL Loss:483.6613 Recon Loss:0.1211 Acc:0.1053 
Epoch:7 Time:3.7 Data:0.0 Loss:5.1938 Cls Loss:5.1938 Pair Loss:0.7660 KL Loss:485.2164 Recon Loss:0.1211 Acc:0.1404 
Epoch:8 Time:3.5 Data:0.0 Loss:4.9860 Cls Loss:4.9860 Pair Loss:0.7647 KL Loss:484.7130 Recon Loss:0.1211 Acc:0.1668 
Epoch:9 Time:6.4 Data:0.0 Loss:4.8099 Cls Loss:4.8099 Pair Loss:0.7692 KL Loss:489.3813 Recon Loss:0.1212 Acc:0.1976 
Epoch:10 Time:6.1 Data:0.0 Loss:4.6415 Cls Loss:4.6415 Pair Loss:0.7651 KL Loss:483.0424 Recon Loss:0.1211 Acc:0.2271 
=> Test at epoch 10
==========Test with latent_z: z_c =========
Extracted features for query set, obtained torch.Size([2709, 128]) matrix
Extracted features for gallery set, obtained torch.Size([2000, 128]) matrix
Extracting features complete in 0m 4s
Distance computing in 0m 0s
Results ---------------------------------------------------
top1:0.4% top5:1.7% top10:3.3% top20:6.5% mAP:1.2%
-----------------------------------------------------------
Using 0m 0s
Classifier results ---------------------------------------------------
Query acc: 2.3% Gallery acc: 63.6% Total acc: 32.9%
The test feature is normalized
The number of query sketch samples: 2709
The number of gallery rgb samples: 2000
==========Test with latent_z: new_z =========
Extracted features for query set, obtained torch.Size([2709, 192]) matrix
Extracted features for gallery set, obtained torch.Size([2000, 192]) matrix
Extracting features complete in 0m 5s
Distance computing in 0m 0s
Results ---------------------------------------------------
top1:0.4% top5:1.7% top10:3.1% top20:5.6% mAP:1.1%
-----------------------------------------------------------
Using 0m 0s
Classifier results ---------------------------------------------------
Query acc: 1.7% Gallery acc: 64.8% Total acc: 33.3%
Epoch:11 Time:5.5 Data:0.0 Loss:4.4894 Cls Loss:4.4894 Pair Loss:0.7643 KL Loss:483.3713 Recon Loss:0.1212 Acc:0.2377 
Epoch:12 Time:4.7 Data:0.0 Loss:4.3395 Cls Loss:4.3395 Pair Loss:0.7662 KL Loss:486.5407 Recon Loss:0.1212 Acc:0.2530 
Epoch:13 Time:4.8 Data:0.0 Loss:4.2155 Cls Loss:4.2155 Pair Loss:0.7647 KL Loss:485.4718 Recon Loss:0.1212 Acc:0.2848 
Epoch:14 Time:4.7 Data:0.0 Loss:4.0737 Cls Loss:4.0737 Pair Loss:0.7593 KL Loss:477.1829 Recon Loss:0.1212 Acc:0.3039 
Epoch:15 Time:4.7 Data:0.0 Loss:3.9713 Cls Loss:3.9713 Pair Loss:0.7674 KL Loss:482.7223 Recon Loss:0.1211 Acc:0.3251 
=> Test at epoch 15
==========Test with latent_z: z_c =========
Extracted features for query set, obtained torch.Size([2709, 128]) matrix
Extracted features for gallery set, obtained torch.Size([2000, 128]) matrix
Extracting features complete in 0m 5s
Distance computing in 0m 0s
Results ---------------------------------------------------
top1:0.6% top5:2.2% top10:4.4% top20:6.8% mAP:1.3%
-----------------------------------------------------------
Using 0m 0s
Classifier results ---------------------------------------------------
Query acc: 2.1% Gallery acc: 73.8% Total acc: 37.9%
The test feature is normalized
The number of query sketch samples: 2709
The number of gallery rgb samples: 2000
==========Test with latent_z: new_z =========
Extracted features for query set, obtained torch.Size([2709, 192]) matrix
Extracted features for gallery set, obtained torch.Size([2000, 192]) matrix
Extracting features complete in 0m 5s
Distance computing in 0m 0s
Results ---------------------------------------------------
top1:0.4% top5:1.8% top10:3.3% top20:5.6% mAP:1.1%
-----------------------------------------------------------
Using 0m 0s
Classifier results ---------------------------------------------------
Query acc: 2.4% Gallery acc: 75.2% Total acc: 38.8%
Epoch:16 Time:5.1 Data:0.0 Loss:3.8807 Cls Loss:3.8807 Pair Loss:0.7658 KL Loss:483.1595 Recon Loss:0.1211 Acc:0.3332 
Epoch:17 Time:4.9 Data:0.0 Loss:3.8034 Cls Loss:3.8034 Pair Loss:0.7656 KL Loss:485.9735 Recon Loss:0.1211 Acc:0.3390 
Epoch:18 Time:6.4 Data:0.0 Loss:3.6886 Cls Loss:3.6886 Pair Loss:0.7644 KL Loss:481.7739 Recon Loss:0.1211 Acc:0.3601 
Epoch:19 Time:6.1 Data:0.0 Loss:3.6066 Cls Loss:3.6066 Pair Loss:0.7640 KL Loss:482.8064 Recon Loss:0.1212 Acc:0.3649 
Epoch:20 Time:3.4 Data:0.0 Loss:3.5499 Cls Loss:3.5499 Pair Loss:0.7661 KL Loss:485.3555 Recon Loss:0.1211 Acc:0.3715 
=> Test at epoch 20
==========Test with latent_z: z_c =========
Extracted features for query set, obtained torch.Size([2709, 128]) matrix
Extracted features for gallery set, obtained torch.Size([2000, 128]) matrix
Extracting features complete in 0m 4s
Distance computing in 0m 0s
Results ---------------------------------------------------
top1:0.6% top5:2.0% top10:3.2% top20:5.8% mAP:1.2%
-----------------------------------------------------------
Using 0m 0s
Classifier results ---------------------------------------------------
Query acc: 2.7% Gallery acc: 80.4% Total acc: 41.5%
The test feature is normalized
The number of query sketch samples: 2709
The number of gallery rgb samples: 2000
==========Test with latent_z: new_z =========
Extracted features for query set, obtained torch.Size([2709, 192]) matrix
Extracted features for gallery set, obtained torch.Size([2000, 192]) matrix
Extracting features complete in 0m 4s
Distance computing in 0m 0s
Results ---------------------------------------------------
top1:0.5% top5:2.1% top10:3.2% top20:5.6% mAP:1.1%
-----------------------------------------------------------
Using 0m 0s
Classifier results ---------------------------------------------------
Query acc: 2.4% Gallery acc: 79.4% Total acc: 40.9%
Epoch:21 Time:4.5 Data:0.0 Loss:3.4614 Cls Loss:3.4614 Pair Loss:0.7629 KL Loss:482.5859 Recon Loss:0.1211 Acc:0.3911 
Epoch:22 Time:6.4 Data:0.0 Loss:3.4002 Cls Loss:3.4002 Pair Loss:0.7648 KL Loss:482.0476 Recon Loss:0.1212 Acc:0.3916 
Epoch:23 Time:5.2 Data:0.0 Loss:3.3279 Cls Loss:3.3279 Pair Loss:0.7693 KL Loss:484.6508 Recon Loss:0.1212 Acc:0.4062 
Epoch:24 Time:4.1 Data:0.0 Loss:3.2444 Cls Loss:3.2444 Pair Loss:0.7665 KL Loss:482.6961 Recon Loss:0.1211 Acc:0.4206 
Epoch:25 Time:6.5 Data:0.0 Loss:3.2148 Cls Loss:3.2148 Pair Loss:0.7718 KL Loss:486.3709 Recon Loss:0.1211 Acc:0.4229 
=> Test at epoch 25
==========Test with latent_z: z_c =========
Extracted features for query set, obtained torch.Size([2709, 128]) matrix
Extracted features for gallery set, obtained torch.Size([2000, 128]) matrix
Extracting features complete in 0m 4s
Distance computing in 0m 0s
Results ---------------------------------------------------
top1:0.2% top5:1.8% top10:3.0% top20:5.7% mAP:1.0%
-----------------------------------------------------------
Using 0m 0s
Classifier results ---------------------------------------------------
Query acc: 3.2% Gallery acc: 83.7% Total acc: 43.5%
The test feature is normalized
The number of query sketch samples: 2709
The number of gallery rgb samples: 2000
==========Test with latent_z: new_z =========
Extracted features for query set, obtained torch.Size([2709, 192]) matrix
Extracted features for gallery set, obtained torch.Size([2000, 192]) matrix
Extracting features complete in 0m 6s
Distance computing in 0m 0s
Results ---------------------------------------------------
top1:0.4% top5:2.0% top10:3.8% top20:6.0% mAP:1.1%
-----------------------------------------------------------
Using 0m 0s
Classifier results ---------------------------------------------------
Query acc: 2.5% Gallery acc: 85.2% Total acc: 43.8%
Epoch:26 Time:5.3 Data:0.0 Loss:3.1601 Cls Loss:3.1601 Pair Loss:0.7670 KL Loss:478.1936 Recon Loss:0.1212 Acc:0.4279 
Epoch:27 Time:4.7 Data:0.0 Loss:3.0972 Cls Loss:3.0972 Pair Loss:0.7617 KL Loss:476.5622 Recon Loss:0.1212 Acc:0.4410 
Epoch:28 Time:4.5 Data:0.0 Loss:3.0662 Cls Loss:3.0662 Pair Loss:0.7675 KL Loss:480.7942 Recon Loss:0.1211 Acc:0.4423 
Epoch:29 Time:4.4 Data:0.0 Loss:2.9982 Cls Loss:2.9982 Pair Loss:0.7649 KL Loss:480.5609 Recon Loss:0.1212 Acc:0.4476 
Epoch:30 Time:4.4 Data:0.0 Loss:2.9650 Cls Loss:2.9650 Pair Loss:0.7586 KL Loss:475.6799 Recon Loss:0.1211 Acc:0.4551 
=> Test at epoch 30
==========Test with latent_z: z_c =========
Extracted features for query set, obtained torch.Size([2709, 128]) matrix
Extracted features for gallery set, obtained torch.Size([2000, 128]) matrix
Extracting features complete in 0m 4s
Distance computing in 0m 0s
Results ---------------------------------------------------
top1:0.6% top5:2.0% top10:3.3% top20:5.6% mAP:1.2%
-----------------------------------------------------------
Using 0m 0s
Classifier results ---------------------------------------------------
Query acc: 2.8% Gallery acc: 85.4% Total acc: 44.1%
The test feature is normalized
The number of query sketch samples: 2709
The number of gallery rgb samples: 2000
==========Test with latent_z: new_z =========
Extracted features for query set, obtained torch.Size([2709, 192]) matrix
Extracted features for gallery set, obtained torch.Size([2000, 192]) matrix
Extracting features complete in 0m 4s
Distance computing in 0m 0s
Results ---------------------------------------------------
top1:0.4% top5:1.9% top10:3.5% top20:5.9% mAP:1.1%
-----------------------------------------------------------
Using 0m 0s
Classifier results ---------------------------------------------------
Query acc: 2.6% Gallery acc: 85.6% Total acc: 44.1%
Epoch:31 Time:5.1 Data:0.0 Loss:2.9060 Cls Loss:2.9060 Pair Loss:0.7637 KL Loss:483.1105 Recon Loss:0.1212 Acc:0.4680 
Epoch:32 Time:6.2 Data:0.0 Loss:2.8767 Cls Loss:2.8767 Pair Loss:0.7709 KL Loss:478.8934 Recon Loss:0.1212 Acc:0.4677 
Epoch:33 Time:3.9 Data:0.0 Loss:2.8328 Cls Loss:2.8328 Pair Loss:0.7644 KL Loss:483.1773 Recon Loss:0.1212 Acc:0.4655 
Epoch:34 Time:5.7 Data:0.0 Loss:2.8038 Cls Loss:2.8038 Pair Loss:0.7622 KL Loss:479.9866 Recon Loss:0.1211 Acc:0.4808 
Epoch:35 Time:6.6 Data:0.0 Loss:2.7536 Cls Loss:2.7536 Pair Loss:0.7656 KL Loss:478.7882 Recon Loss:0.1212 Acc:0.4839 
=> Test at epoch 35
==========Test with latent_z: z_c =========
Extracted features for query set, obtained torch.Size([2709, 128]) matrix
Extracted features for gallery set, obtained torch.Size([2000, 128]) matrix
Extracting features complete in 0m 5s
Distance computing in 0m 0s
Results ---------------------------------------------------
top1:0.4% top5:1.9% top10:3.7% top20:6.3% mAP:1.1%
-----------------------------------------------------------
Using 0m 0s
Classifier results ---------------------------------------------------
Query acc: 2.4% Gallery acc: 88.0% Total acc: 45.2%
The test feature is normalized
The number of query sketch samples: 2709
The number of gallery rgb samples: 2000
==========Test with latent_z: new_z =========
Extracted features for query set, obtained torch.Size([2709, 192]) matrix
Extracted features for gallery set, obtained torch.Size([2000, 192]) matrix
Extracting features complete in 0m 6s
Distance computing in 0m 0s
Results ---------------------------------------------------
top1:0.2% top5:1.2% top10:2.9% top20:5.6% mAP:0.9%
-----------------------------------------------------------
Using 0m 0s
Classifier results ---------------------------------------------------
Query acc: 2.7% Gallery acc: 87.6% Total acc: 45.2%
Epoch:36 Time:4.4 Data:0.0 Loss:2.7267 Cls Loss:2.7267 Pair Loss:0.7647 KL Loss:472.7236 Recon Loss:0.1212 Acc:0.4831 
Epoch:37 Time:3.7 Data:0.0 Loss:2.6953 Cls Loss:2.6953 Pair Loss:0.7637 KL Loss:473.4310 Recon Loss:0.1211 Acc:0.4912 
Epoch:38 Time:6.4 Data:0.0 Loss:2.6640 Cls Loss:2.6640 Pair Loss:0.7668 KL Loss:476.6782 Recon Loss:0.1212 Acc:0.4977 
Epoch:39 Time:6.4 Data:0.0 Loss:2.6207 Cls Loss:2.6207 Pair Loss:0.7674 KL Loss:480.2921 Recon Loss:0.1212 Acc:0.4987 
Epoch:40 Time:4.3 Data:0.0 Loss:2.5954 Cls Loss:2.5954 Pair Loss:0.7642 KL Loss:473.6617 Recon Loss:0.1212 Acc:0.5093 
=> Test at epoch 40
==========Test with latent_z: z_c =========
Extracted features for query set, obtained torch.Size([2709, 128]) matrix
Extracted features for gallery set, obtained torch.Size([2000, 128]) matrix
Extracting features complete in 0m 4s
Distance computing in 0m 0s
Results ---------------------------------------------------
top1:0.2% top5:1.7% top10:3.0% top20:5.9% mAP:1.1%
-----------------------------------------------------------
Using 0m 0s
Classifier results ---------------------------------------------------
Query acc: 3.1% Gallery acc: 87.9% Total acc: 45.5%
The test feature is normalized
The number of query sketch samples: 2709
The number of gallery rgb samples: 2000
==========Test with latent_z: new_z =========
Extracted features for query set, obtained torch.Size([2709, 192]) matrix
Extracted features for gallery set, obtained torch.Size([2000, 192]) matrix
Extracting features complete in 0m 5s
Distance computing in 0m 0s
Results ---------------------------------------------------
top1:0.5% top5:1.9% top10:3.6% top20:5.8% mAP:1.1%
-----------------------------------------------------------
Using 0m 0s
Classifier results ---------------------------------------------------
Query acc: 2.4% Gallery acc: 87.5% Total acc: 44.9%
Epoch:41 Time:5.4 Data:0.0 Loss:2.5629 Cls Loss:2.5629 Pair Loss:0.7642 KL Loss:480.7625 Recon Loss:0.1212 Acc:0.5129 
Epoch:42 Time:5.1 Data:0.0 Loss:2.5493 Cls Loss:2.5493 Pair Loss:0.7625 KL Loss:477.6248 Recon Loss:0.1211 Acc:0.5113 
Epoch:43 Time:5.0 Data:0.0 Loss:2.5035 Cls Loss:2.5035 Pair Loss:0.7697 KL Loss:479.1596 Recon Loss:0.1212 Acc:0.5217 
Epoch:44 Time:5.1 Data:0.0 Loss:2.4807 Cls Loss:2.4807 Pair Loss:0.7686 KL Loss:479.4646 Recon Loss:0.1212 Acc:0.5252 
Epoch:45 Time:4.9 Data:0.0 Loss:2.4567 Cls Loss:2.4567 Pair Loss:0.7634 KL Loss:475.2269 Recon Loss:0.1212 Acc:0.5260 
=> Test at epoch 45
==========Test with latent_z: z_c =========
Extracted features for query set, obtained torch.Size([2709, 128]) matrix
Extracted features for gallery set, obtained torch.Size([2000, 128]) matrix
Extracting features complete in 0m 4s
Distance computing in 0m 0s
Results ---------------------------------------------------
top1:0.5% top5:2.0% top10:3.5% top20:6.2% mAP:1.2%
-----------------------------------------------------------
Using 0m 0s
Classifier results ---------------------------------------------------
Query acc: 2.8% Gallery acc: 89.4% Total acc: 46.1%
The test feature is normalized
The number of query sketch samples: 2709
The number of gallery rgb samples: 2000
==========Test with latent_z: new_z =========
Extracted features for query set, obtained torch.Size([2709, 192]) matrix
Extracted features for gallery set, obtained torch.Size([2000, 192]) matrix
Extracting features complete in 0m 7s
Distance computing in 0m 0s
Results ---------------------------------------------------
top1:0.5% top5:2.1% top10:3.8% top20:6.4% mAP:1.2%
-----------------------------------------------------------
Using 0m 1s
Classifier results ---------------------------------------------------
Query acc: 3.5% Gallery acc: 88.7% Total acc: 46.1%
Epoch:46 Time:9.1 Data:0.0 Loss:2.4414 Cls Loss:2.4414 Pair Loss:0.7683 KL Loss:475.0456 Recon Loss:0.1211 Acc:0.5277 
Epoch:47 Time:8.2 Data:0.0 Loss:2.4072 Cls Loss:2.4072 Pair Loss:0.7656 KL Loss:474.2238 Recon Loss:0.1211 Acc:0.5277 
Epoch:48 Time:8.6 Data:0.0 Loss:2.3758 Cls Loss:2.3758 Pair Loss:0.7612 KL Loss:468.6473 Recon Loss:0.1211 Acc:0.5423 
Epoch:49 Time:8.3 Data:0.0 Loss:2.3494 Cls Loss:2.3494 Pair Loss:0.7653 KL Loss:479.3414 Recon Loss:0.1211 Acc:0.5431 
Epoch:50 Time:7.9 Data:0.0 Loss:2.3138 Cls Loss:2.3138 Pair Loss:0.7606 KL Loss:467.6001 Recon Loss:0.1211 Acc:0.5459 
=> Test at epoch 50
==========Test with latent_z: z_c =========
Extracted features for query set, obtained torch.Size([2709, 128]) matrix
Extracted features for gallery set, obtained torch.Size([2000, 128]) matrix
Extracting features complete in 0m 6s
Distance computing in 0m 0s
Results ---------------------------------------------------
top1:0.4% top5:1.8% top10:3.2% top20:5.9% mAP:1.1%
-----------------------------------------------------------
Using 0m 0s
Classifier results ---------------------------------------------------
Query acc: 3.1% Gallery acc: 89.6% Total acc: 46.3%
The test feature is normalized
The number of query sketch samples: 2709
The number of gallery rgb samples: 2000
==========Test with latent_z: new_z =========
Extracted features for query set, obtained torch.Size([2709, 192]) matrix
Extracted features for gallery set, obtained torch.Size([2000, 192]) matrix
Extracting features complete in 0m 7s
Distance computing in 0m 0s
Results ---------------------------------------------------
top1:0.3% top5:1.6% top10:3.4% top20:6.1% mAP:1.0%
-----------------------------------------------------------
Using 0m 1s
Classifier results ---------------------------------------------------
Query acc: 3.0% Gallery acc: 90.3% Total acc: 46.6%
Epoch:51 Time:8.8 Data:0.0 Loss:2.3106 Cls Loss:2.3106 Pair Loss:0.7662 KL Loss:472.5233 Recon Loss:0.1212 Acc:0.5527 
Epoch:52 Time:8.3 Data:0.0 Loss:2.2884 Cls Loss:2.2884 Pair Loss:0.7599 KL Loss:470.7955 Recon Loss:0.1211 Acc:0.5499 
Epoch:53 Time:8.2 Data:0.0 Loss:2.2510 Cls Loss:2.2510 Pair Loss:0.7603 KL Loss:473.4660 Recon Loss:0.1212 Acc:0.5519 
Epoch:54 Time:8.1 Data:0.0 Loss:2.2648 Cls Loss:2.2648 Pair Loss:0.7657 KL Loss:479.4033 Recon Loss:0.1211 Acc:0.5496 
Epoch:55 Time:8.4 Data:0.0 Loss:2.2415 Cls Loss:2.2415 Pair Loss:0.7657 KL Loss:473.9335 Recon Loss:0.1211 Acc:0.5590 
=> Test at epoch 55
==========Test with latent_z: z_c =========
Extracted features for query set, obtained torch.Size([2709, 128]) matrix
Extracted features for gallery set, obtained torch.Size([2000, 128]) matrix
Extracting features complete in 0m 6s
Distance computing in 0m 0s
Results ---------------------------------------------------
top1:0.6% top5:2.1% top10:3.3% top20:5.5% mAP:1.2%
-----------------------------------------------------------
Using 0m 1s
Classifier results ---------------------------------------------------
Query acc: 3.5% Gallery acc: 90.0% Total acc: 46.7%
The test feature is normalized
The number of query sketch samples: 2709
The number of gallery rgb samples: 2000
==========Test with latent_z: new_z =========
Extracted features for query set, obtained torch.Size([2709, 192]) matrix
Extracted features for gallery set, obtained torch.Size([2000, 192]) matrix
Extracting features complete in 0m 7s
Distance computing in 0m 0s
Results ---------------------------------------------------
top1:0.5% top5:1.6% top10:2.7% top20:5.2% mAP:1.1%
-----------------------------------------------------------
Using 0m 1s
Classifier results ---------------------------------------------------
Query acc: 3.0% Gallery acc: 89.4% Total acc: 46.2%
Epoch:56 Time:9.1 Data:0.0 Loss:2.1853 Cls Loss:2.1853 Pair Loss:0.7664 KL Loss:474.5403 Recon Loss:0.1211 Acc:0.5668 
Epoch:57 Time:8.2 Data:0.0 Loss:2.2029 Cls Loss:2.2029 Pair Loss:0.7658 KL Loss:475.0352 Recon Loss:0.1212 Acc:0.5645 
Epoch:58 Time:7.7 Data:0.0 Loss:2.1713 Cls Loss:2.1713 Pair Loss:0.7635 KL Loss:472.8778 Recon Loss:0.1212 Acc:0.5703 
Epoch:59 Time:8.1 Data:0.0 Loss:2.1712 Cls Loss:2.1712 Pair Loss:0.7668 KL Loss:475.0978 Recon Loss:0.1212 Acc:0.5691 
Epoch:60 Time:8.0 Data:0.0 Loss:2.1424 Cls Loss:2.1424 Pair Loss:0.7636 KL Loss:467.7734 Recon Loss:0.1211 Acc:0.5640 
=> Test at epoch 60
==========Test with latent_z: z_c =========
Extracted features for query set, obtained torch.Size([2709, 128]) matrix
Extracted features for gallery set, obtained torch.Size([2000, 128]) matrix
Extracting features complete in 0m 6s
Distance computing in 0m 0s
Results ---------------------------------------------------
top1:0.7% top5:2.0% top10:3.4% top20:5.2% mAP:1.2%
-----------------------------------------------------------
Using 0m 1s
Classifier results ---------------------------------------------------
Query acc: 3.1% Gallery acc: 91.4% Total acc: 47.2%
The test feature is normalized
The number of query sketch samples: 2709
The number of gallery rgb samples: 2000
==========Test with latent_z: new_z =========
Extracted features for query set, obtained torch.Size([2709, 192]) matrix
Extracted features for gallery set, obtained torch.Size([2000, 192]) matrix
Extracting features complete in 0m 7s
Distance computing in 0m 0s
Results ---------------------------------------------------
top1:0.3% top5:1.5% top10:3.2% top20:5.2% mAP:1.0%
-----------------------------------------------------------
Using 0m 1s
Classifier results ---------------------------------------------------
Query acc: 2.9% Gallery acc: 90.2% Total acc: 46.5%
Epoch:61 Time:8.6 Data:0.0 Loss:1.8601 Cls Loss:1.8601 Pair Loss:0.7647 KL Loss:472.0931 Recon Loss:0.1212 Acc:0.6499 
Epoch:62 Time:8.7 Data:0.0 Loss:1.8548 Cls Loss:1.8548 Pair Loss:0.7624 KL Loss:470.1500 Recon Loss:0.1211 Acc:0.6568 
Epoch:63 Time:7.9 Data:0.0 Loss:1.8651 Cls Loss:1.8651 Pair Loss:0.7591 KL Loss:464.0282 Recon Loss:0.1212 Acc:0.6530 
Epoch:64 Time:7.9 Data:0.0 Loss:1.8416 Cls Loss:1.8416 Pair Loss:0.7647 KL Loss:470.9467 Recon Loss:0.1211 Acc:0.6636 
Epoch:65 Time:6.7 Data:0.0 Loss:1.8227 Cls Loss:1.8227 Pair Loss:0.7673 KL Loss:476.6291 Recon Loss:0.1211 Acc:0.6628 
=> Test at epoch 65
==========Test with latent_z: z_c =========
Extracted features for query set, obtained torch.Size([2709, 128]) matrix
Extracted features for gallery set, obtained torch.Size([2000, 128]) matrix
Extracting features complete in 0m 5s
Distance computing in 0m 0s
Results ---------------------------------------------------
top1:0.6% top5:2.1% top10:3.4% top20:6.0% mAP:1.2%
-----------------------------------------------------------
Using 0m 0s
Classifier results ---------------------------------------------------
Query acc: 3.1% Gallery acc: 90.9% Total acc: 47.0%
The test feature is normalized
The number of query sketch samples: 2709
The number of gallery rgb samples: 2000
==========Test with latent_z: new_z =========
Extracted features for query set, obtained torch.Size([2709, 192]) matrix
Extracted features for gallery set, obtained torch.Size([2000, 192]) matrix
Extracting features complete in 0m 7s
Distance computing in 0m 0s
Results ---------------------------------------------------
top1:0.5% top5:2.1% top10:3.4% top20:6.2% mAP:1.2%
-----------------------------------------------------------
Using 0m 0s
Classifier results ---------------------------------------------------
Query acc: 3.5% Gallery acc: 92.2% Total acc: 47.8%
Epoch:66 Time:8.5 Data:0.0 Loss:1.8364 Cls Loss:1.8364 Pair Loss:0.7624 KL Loss:466.4063 Recon Loss:0.1211 Acc:0.6653 
Epoch:67 Time:8.4 Data:0.0 Loss:1.8566 Cls Loss:1.8566 Pair Loss:0.7671 KL Loss:470.6308 Recon Loss:0.1211 Acc:0.6641 
Epoch:68 Time:8.6 Data:0.0 Loss:1.8417 Cls Loss:1.8417 Pair Loss:0.7641 KL Loss:473.8117 Recon Loss:0.1212 Acc:0.6643 
Epoch:69 Time:7.5 Data:0.0 Loss:1.8410 Cls Loss:1.8410 Pair Loss:0.7708 KL Loss:470.1711 Recon Loss:0.1212 Acc:0.6573 
Epoch:70 Time:7.4 Data:0.0 Loss:1.8210 Cls Loss:1.8210 Pair Loss:0.7655 KL Loss:474.0479 Recon Loss:0.1211 Acc:0.6565 
=> Test at epoch 70
==========Test with latent_z: z_c =========
Extracted features for query set, obtained torch.Size([2709, 128]) matrix
Extracted features for gallery set, obtained torch.Size([2000, 128]) matrix
Extracting features complete in 0m 6s
Distance computing in 0m 1s
Results ---------------------------------------------------
top1:0.4% top5:1.9% top10:3.4% top20:5.9% mAP:1.2%
-----------------------------------------------------------
Using 0m 0s
Classifier results ---------------------------------------------------
Query acc: 3.6% Gallery acc: 91.7% Total acc: 47.6%
The test feature is normalized
The number of query sketch samples: 2709
The number of gallery rgb samples: 2000
==========Test with latent_z: new_z =========
Extracted features for query set, obtained torch.Size([2709, 192]) matrix
Extracted features for gallery set, obtained torch.Size([2000, 192]) matrix
Extracting features complete in 0m 7s
Distance computing in 0m 0s
Results ---------------------------------------------------
top1:0.4% top5:1.5% top10:3.1% top20:5.9% mAP:1.1%
-----------------------------------------------------------
Using 0m 0s
Classifier results ---------------------------------------------------
Query acc: 3.1% Gallery acc: 92.6% Total acc: 47.8%
Epoch:71 Time:7.3 Data:0.0 Loss:1.8262 Cls Loss:1.8262 Pair Loss:0.7667 KL Loss:467.2038 Recon Loss:0.1211 Acc:0.6739 
Epoch:72 Time:5.7 Data:0.0 Loss:1.8166 Cls Loss:1.8166 Pair Loss:0.7640 KL Loss:470.2220 Recon Loss:0.1212 Acc:0.6736 
Epoch:73 Time:5.3 Data:0.0 Loss:1.8202 Cls Loss:1.8202 Pair Loss:0.7631 KL Loss:470.4398 Recon Loss:0.1212 Acc:0.6608 
Epoch:74 Time:6.7 Data:0.0 Loss:1.8326 Cls Loss:1.8326 Pair Loss:0.7643 KL Loss:468.5135 Recon Loss:0.1211 Acc:0.6613 
Epoch:75 Time:6.6 Data:0.0 Loss:1.8129 Cls Loss:1.8129 Pair Loss:0.7664 KL Loss:465.3699 Recon Loss:0.1211 Acc:0.6631 
=> Test at epoch 75
==========Test with latent_z: z_c =========
Extracted features for query set, obtained torch.Size([2709, 128]) matrix
Extracted features for gallery set, obtained torch.Size([2000, 128]) matrix
Extracting features complete in 0m 5s
Distance computing in 0m 0s
Results ---------------------------------------------------
top1:0.4% top5:2.1% top10:3.7% top20:5.9% mAP:1.2%
-----------------------------------------------------------
Using 0m 0s
Classifier results ---------------------------------------------------
Query acc: 3.3% Gallery acc: 91.8% Total acc: 47.5%
The test feature is normalized
The number of query sketch samples: 2709
The number of gallery rgb samples: 2000
==========Test with latent_z: new_z =========
Extracted features for query set, obtained torch.Size([2709, 192]) matrix
Extracted features for gallery set, obtained torch.Size([2000, 192]) matrix
Extracting features complete in 0m 7s
Distance computing in 0m 0s
Results ---------------------------------------------------
top1:0.4% top5:2.0% top10:3.9% top20:5.8% mAP:1.1%
-----------------------------------------------------------
Using 0m 0s
Classifier results ---------------------------------------------------
Query acc: 3.0% Gallery acc: 93.2% Total acc: 48.1%
Epoch:76 Time:8.9 Data:0.0 Loss:1.8144 Cls Loss:1.8144 Pair Loss:0.7608 KL Loss:469.2545 Recon Loss:0.1211 Acc:0.6671 
Epoch:77 Time:8.3 Data:0.0 Loss:1.8130 Cls Loss:1.8130 Pair Loss:0.7651 KL Loss:465.6919 Recon Loss:0.1212 Acc:0.6701 
Epoch:78 Time:4.7 Data:0.0 Loss:1.8388 Cls Loss:1.8388 Pair Loss:0.7676 KL Loss:467.7350 Recon Loss:0.1211 Acc:0.6668 
Epoch:79 Time:4.0 Data:0.0 Loss:1.8158 Cls Loss:1.8158 Pair Loss:0.7645 KL Loss:472.6925 Recon Loss:0.1211 Acc:0.6651 
Epoch:80 Time:7.6 Data:0.0 Loss:1.8023 Cls Loss:1.8023 Pair Loss:0.7664 KL Loss:467.3436 Recon Loss:0.1212 Acc:0.6691 
=> Test at epoch 80
==========Test with latent_z: z_c =========
Extracted features for query set, obtained torch.Size([2709, 128]) matrix
Extracted features for gallery set, obtained torch.Size([2000, 128]) matrix
Extracting features complete in 0m 5s
Distance computing in 0m 0s
Results ---------------------------------------------------
top1:0.4% top5:1.9% top10:3.2% top20:5.9% mAP:1.2%
-----------------------------------------------------------
Using 0m 0s
Classifier results ---------------------------------------------------
Query acc: 2.8% Gallery acc: 91.3% Total acc: 47.1%
The test feature is normalized
The number of query sketch samples: 2709
The number of gallery rgb samples: 2000
==========Test with latent_z: new_z =========
Extracted features for query set, obtained torch.Size([2709, 192]) matrix
Extracted features for gallery set, obtained torch.Size([2000, 192]) matrix
Extracting features complete in 0m 7s
Distance computing in 0m 0s
Results ---------------------------------------------------
top1:0.3% top5:1.7% top10:2.9% top20:5.8% mAP:1.0%
-----------------------------------------------------------
Using 0m 0s
Classifier results ---------------------------------------------------
Query acc: 3.4% Gallery acc: 91.9% Total acc: 47.6%
Epoch:81 Time:8.2 Data:0.0 Loss:1.8091 Cls Loss:1.8091 Pair Loss:0.7655 KL Loss:468.6760 Recon Loss:0.1211 Acc:0.6769 
Epoch:82 Time:8.3 Data:0.0 Loss:1.7892 Cls Loss:1.7892 Pair Loss:0.7663 KL Loss:468.1773 Recon Loss:0.1211 Acc:0.6802 
Epoch:83 Time:8.1 Data:0.0 Loss:1.8042 Cls Loss:1.8042 Pair Loss:0.7691 KL Loss:471.7840 Recon Loss:0.1211 Acc:0.6699 
Epoch:84 Time:8.6 Data:0.0 Loss:1.8036 Cls Loss:1.8036 Pair Loss:0.7613 KL Loss:468.7635 Recon Loss:0.1211 Acc:0.6769 
Epoch:85 Time:7.9 Data:0.0 Loss:1.7906 Cls Loss:1.7906 Pair Loss:0.7611 KL Loss:467.2557 Recon Loss:0.1211 Acc:0.6754 
=> Test at epoch 85
==========Test with latent_z: z_c =========
Extracted features for query set, obtained torch.Size([2709, 128]) matrix
Extracted features for gallery set, obtained torch.Size([2000, 128]) matrix
Extracting features complete in 0m 6s
Distance computing in 0m 0s
Results ---------------------------------------------------
top1:0.6% top5:1.8% top10:3.2% top20:5.9% mAP:1.2%
-----------------------------------------------------------
Using 0m 1s
Classifier results ---------------------------------------------------
Query acc: 3.1% Gallery acc: 92.7% Total acc: 47.9%
The test feature is normalized
The number of query sketch samples: 2709
The number of gallery rgb samples: 2000
==========Test with latent_z: new_z =========
Extracted features for query set, obtained torch.Size([2709, 192]) matrix
Extracted features for gallery set, obtained torch.Size([2000, 192]) matrix
Extracting features complete in 0m 7s
Distance computing in 0m 0s
Results ---------------------------------------------------
top1:0.3% top5:1.8% top10:2.9% top20:5.2% mAP:1.0%
-----------------------------------------------------------
Using 0m 0s
Classifier results ---------------------------------------------------
Query acc: 3.2% Gallery acc: 92.4% Total acc: 47.8%
Epoch:86 Time:9.0 Data:0.0 Loss:1.7826 Cls Loss:1.7826 Pair Loss:0.7647 KL Loss:467.1517 Recon Loss:0.1211 Acc:0.6711 
Epoch:87 Time:8.0 Data:0.0 Loss:1.7945 Cls Loss:1.7945 Pair Loss:0.7615 KL Loss:468.2886 Recon Loss:0.1211 Acc:0.6661 
Epoch:88 Time:8.3 Data:0.0 Loss:1.7794 Cls Loss:1.7794 Pair Loss:0.7667 KL Loss:465.2058 Recon Loss:0.1212 Acc:0.6754 
Epoch:89 Time:8.3 Data:0.0 Loss:1.7966 Cls Loss:1.7966 Pair Loss:0.7646 KL Loss:465.9308 Recon Loss:0.1212 Acc:0.6691 
Epoch:90 Time:8.6 Data:0.0 Loss:1.7846 Cls Loss:1.7846 Pair Loss:0.7661 KL Loss:471.0111 Recon Loss:0.1211 Acc:0.6794 
=> Test at epoch 90
==========Test with latent_z: z_c =========
Extracted features for query set, obtained torch.Size([2709, 128]) matrix
Extracted features for gallery set, obtained torch.Size([2000, 128]) matrix
Extracting features complete in 0m 6s
Distance computing in 0m 0s
Results ---------------------------------------------------
top1:0.4% top5:1.6% top10:2.5% top20:5.2% mAP:1.0%
-----------------------------------------------------------
Using 0m 1s
Classifier results ---------------------------------------------------
Query acc: 3.0% Gallery acc: 92.5% Total acc: 47.7%
The test feature is normalized
The number of query sketch samples: 2709
The number of gallery rgb samples: 2000
==========Test with latent_z: new_z =========
Extracted features for query set, obtained torch.Size([2709, 192]) matrix
Extracted features for gallery set, obtained torch.Size([2000, 192]) matrix
Extracting features complete in 0m 7s
Distance computing in 0m 0s
Results ---------------------------------------------------
top1:0.3% top5:1.7% top10:3.3% top20:5.4% mAP:1.0%
-----------------------------------------------------------
Using 0m 0s
Classifier results ---------------------------------------------------
Query acc: 3.5% Gallery acc: 92.1% Total acc: 47.8%
Epoch:91 Time:8.6 Data:0.0 Loss:1.7796 Cls Loss:1.7796 Pair Loss:0.7626 KL Loss:463.9286 Recon Loss:0.1212 Acc:0.6789 
Epoch:92 Time:7.6 Data:0.0 Loss:1.7900 Cls Loss:1.7900 Pair Loss:0.7684 KL Loss:467.2649 Recon Loss:0.1211 Acc:0.6777 
Epoch:93 Time:8.5 Data:0.0 Loss:1.7662 Cls Loss:1.7662 Pair Loss:0.7629 KL Loss:468.4731 Recon Loss:0.1212 Acc:0.6772 
Epoch:94 Time:8.4 Data:0.0 Loss:1.7574 Cls Loss:1.7574 Pair Loss:0.7632 KL Loss:464.1123 Recon Loss:0.1211 Acc:0.6847 
Epoch:95 Time:8.3 Data:0.0 Loss:1.7915 Cls Loss:1.7915 Pair Loss:0.7664 KL Loss:469.1465 Recon Loss:0.1212 Acc:0.6799 
=> Test at epoch 95
==========Test with latent_z: z_c =========
Extracted features for query set, obtained torch.Size([2709, 128]) matrix
Extracted features for gallery set, obtained torch.Size([2000, 128]) matrix
Extracting features complete in 0m 6s
Distance computing in 0m 0s
Results ---------------------------------------------------
top1:0.2% top5:1.5% top10:2.8% top20:5.3% mAP:0.9%
-----------------------------------------------------------
Using 0m 0s
Classifier results ---------------------------------------------------
Query acc: 3.5% Gallery acc: 92.5% Total acc: 48.0%
The test feature is normalized
The number of query sketch samples: 2709
The number of gallery rgb samples: 2000
==========Test with latent_z: new_z =========
Extracted features for query set, obtained torch.Size([2709, 192]) matrix
Extracted features for gallery set, obtained torch.Size([2000, 192]) matrix
Extracting features complete in 0m 7s
Distance computing in 0m 0s
Results ---------------------------------------------------
top1:0.6% top5:2.1% top10:3.5% top20:5.7% mAP:1.2%
-----------------------------------------------------------
Using 0m 1s
Classifier results ---------------------------------------------------
Query acc: 3.3% Gallery acc: 93.3% Total acc: 48.3%
Epoch:96 Time:8.8 Data:0.0 Loss:1.7955 Cls Loss:1.7955 Pair Loss:0.7689 KL Loss:471.6980 Recon Loss:0.1211 Acc:0.6729 
Epoch:97 Time:8.4 Data:0.0 Loss:1.7687 Cls Loss:1.7687 Pair Loss:0.7675 KL Loss:464.5205 Recon Loss:0.1212 Acc:0.6704 
Epoch:98 Time:8.0 Data:0.0 Loss:1.7712 Cls Loss:1.7712 Pair Loss:0.7656 KL Loss:466.1073 Recon Loss:0.1211 Acc:0.6736 
Epoch:99 Time:8.0 Data:0.0 Loss:1.7641 Cls Loss:1.7641 Pair Loss:0.7628 KL Loss:467.8725 Recon Loss:0.1212 Acc:0.6709 
Epoch:100 Time:8.4 Data:0.0 Loss:1.7396 Cls Loss:1.7396 Pair Loss:0.7686 KL Loss:466.3896 Recon Loss:0.1211 Acc:0.6865 
=> Test at epoch 100
==========Test with latent_z: z_c =========
Extracted features for query set, obtained torch.Size([2709, 128]) matrix
Extracted features for gallery set, obtained torch.Size([2000, 128]) matrix
Extracting features complete in 0m 6s
Distance computing in 0m 0s
Results ---------------------------------------------------
top1:0.5% top5:1.9% top10:3.2% top20:5.8% mAP:1.2%
-----------------------------------------------------------
Using 0m 1s
Classifier results ---------------------------------------------------
Query acc: 3.2% Gallery acc: 91.7% Total acc: 47.5%
The test feature is normalized
The number of query sketch samples: 2709
The number of gallery rgb samples: 2000
==========Test with latent_z: new_z =========
Extracted features for query set, obtained torch.Size([2709, 192]) matrix
Extracted features for gallery set, obtained torch.Size([2000, 192]) matrix
Extracting features complete in 0m 7s
Distance computing in 0m 0s
Results ---------------------------------------------------
top1:0.5% top5:1.8% top10:3.0% top20:5.2% mAP:1.1%
-----------------------------------------------------------
Using 0m 1s
Classifier results ---------------------------------------------------
Query acc: 3.7% Gallery acc: 92.0% Total acc: 47.8%
Epoch:101 Time:8.7 Data:0.0 Loss:1.7521 Cls Loss:1.7521 Pair Loss:0.7696 KL Loss:472.4561 Recon Loss:0.1212 Acc:0.6837 
Epoch:102 Time:8.0 Data:0.0 Loss:1.7689 Cls Loss:1.7689 Pair Loss:0.7662 KL Loss:469.6715 Recon Loss:0.1212 Acc:0.6772 
Epoch:103 Time:8.5 Data:0.0 Loss:1.7558 Cls Loss:1.7558 Pair Loss:0.7604 KL Loss:466.1171 Recon Loss:0.1212 Acc:0.6777 
Epoch:104 Time:8.2 Data:0.0 Loss:1.7450 Cls Loss:1.7450 Pair Loss:0.7637 KL Loss:472.1804 Recon Loss:0.1211 Acc:0.6865 
Epoch:105 Time:8.2 Data:0.0 Loss:1.7544 Cls Loss:1.7544 Pair Loss:0.7661 KL Loss:464.6891 Recon Loss:0.1212 Acc:0.6862 
=> Test at epoch 105
==========Test with latent_z: z_c =========
Extracted features for query set, obtained torch.Size([2709, 128]) matrix
Extracted features for gallery set, obtained torch.Size([2000, 128]) matrix
Extracting features complete in 0m 6s
Distance computing in 0m 0s
Results ---------------------------------------------------
top1:0.3% top5:1.4% top10:3.4% top20:5.8% mAP:1.1%
-----------------------------------------------------------
Using 0m 1s
Classifier results ---------------------------------------------------
Query acc: 3.2% Gallery acc: 93.0% Total acc: 48.1%
The test feature is normalized
The number of query sketch samples: 2709
The number of gallery rgb samples: 2000
==========Test with latent_z: new_z =========
Extracted features for query set, obtained torch.Size([2709, 192]) matrix
Extracted features for gallery set, obtained torch.Size([2000, 192]) matrix
Extracting features complete in 0m 7s
Distance computing in 0m 0s
Results ---------------------------------------------------
top1:0.6% top5:2.0% top10:3.5% top20:5.4% mAP:1.1%
-----------------------------------------------------------
Using 0m 0s
Classifier results ---------------------------------------------------
Query acc: 3.9% Gallery acc: 92.3% Total acc: 48.1%
Epoch:106 Time:8.8 Data:0.0 Loss:1.7383 Cls Loss:1.7383 Pair Loss:0.7635 KL Loss:464.6546 Recon Loss:0.1211 Acc:0.6898 
Epoch:107 Time:8.1 Data:0.0 Loss:1.7544 Cls Loss:1.7544 Pair Loss:0.7626 KL Loss:462.9352 Recon Loss:0.1212 Acc:0.6804 
Epoch:108 Time:8.3 Data:0.0 Loss:1.7514 Cls Loss:1.7514 Pair Loss:0.7651 KL Loss:468.4809 Recon Loss:0.1211 Acc:0.6865 
Epoch:109 Time:8.1 Data:0.0 Loss:1.7531 Cls Loss:1.7531 Pair Loss:0.7657 KL Loss:463.7204 Recon Loss:0.1211 Acc:0.6820 
Epoch:110 Time:8.2 Data:0.0 Loss:1.7628 Cls Loss:1.7628 Pair Loss:0.7676 KL Loss:470.2862 Recon Loss:0.1212 Acc:0.6835 
=> Test at epoch 110
==========Test with latent_z: z_c =========
Extracted features for query set, obtained torch.Size([2709, 128]) matrix
Extracted features for gallery set, obtained torch.Size([2000, 128]) matrix
Extracting features complete in 0m 6s
Distance computing in 0m 0s
Results ---------------------------------------------------
top1:0.4% top5:1.7% top10:3.2% top20:5.9% mAP:1.2%
-----------------------------------------------------------
Using 0m 1s
Classifier results ---------------------------------------------------
Query acc: 3.6% Gallery acc: 92.9% Total acc: 48.3%
The test feature is normalized
The number of query sketch samples: 2709
The number of gallery rgb samples: 2000
==========Test with latent_z: new_z =========
Extracted features for query set, obtained torch.Size([2709, 192]) matrix
Extracted features for gallery set, obtained torch.Size([2000, 192]) matrix
Extracting features complete in 0m 6s
Distance computing in 0m 0s
Results ---------------------------------------------------
top1:0.4% top5:1.8% top10:3.3% top20:5.9% mAP:1.1%
-----------------------------------------------------------
Using 0m 0s
Classifier results ---------------------------------------------------
Query acc: 3.0% Gallery acc: 92.6% Total acc: 47.8%
Epoch:111 Time:7.9 Data:0.0 Loss:1.7168 Cls Loss:1.7168 Pair Loss:0.7620 KL Loss:465.0198 Recon Loss:0.1211 Acc:0.6941 
Epoch:112 Time:7.4 Data:0.0 Loss:1.7233 Cls Loss:1.7233 Pair Loss:0.7640 KL Loss:465.9441 Recon Loss:0.1212 Acc:0.6951 
Epoch:113 Time:7.1 Data:0.0 Loss:1.7537 Cls Loss:1.7537 Pair Loss:0.7638 KL Loss:468.1726 Recon Loss:0.1212 Acc:0.6840 
Epoch:114 Time:8.8 Data:0.0 Loss:1.7496 Cls Loss:1.7496 Pair Loss:0.7632 KL Loss:465.0609 Recon Loss:0.1212 Acc:0.6779 
Epoch:115 Time:8.7 Data:0.0 Loss:1.7335 Cls Loss:1.7335 Pair Loss:0.7651 KL Loss:463.8563 Recon Loss:0.1212 Acc:0.6935 
=> Test at epoch 115
==========Test with latent_z: z_c =========
Extracted features for query set, obtained torch.Size([2709, 128]) matrix
Extracted features for gallery set, obtained torch.Size([2000, 128]) matrix
Extracting features complete in 0m 6s
Distance computing in 0m 0s
Results ---------------------------------------------------
top1:0.6% top5:1.9% top10:3.3% top20:6.3% mAP:1.2%
-----------------------------------------------------------
Using 0m 1s
Classifier results ---------------------------------------------------
Query acc: 3.2% Gallery acc: 93.4% Total acc: 48.3%
The test feature is normalized
The number of query sketch samples: 2709
The number of gallery rgb samples: 2000
==========Test with latent_z: new_z =========
Extracted features for query set, obtained torch.Size([2709, 192]) matrix
Extracted features for gallery set, obtained torch.Size([2000, 192]) matrix
Extracting features complete in 0m 6s
Distance computing in 0m 0s
Results ---------------------------------------------------
top1:0.5% top5:2.0% top10:3.2% top20:6.2% mAP:1.1%
-----------------------------------------------------------
Using 0m 1s
Classifier results ---------------------------------------------------
Query acc: 3.3% Gallery acc: 92.8% Total acc: 48.0%
Epoch:116 Time:6.9 Data:0.0 Loss:1.7384 Cls Loss:1.7384 Pair Loss:0.7630 KL Loss:466.6462 Recon Loss:0.1212 Acc:0.6885 
Epoch:117 Time:8.3 Data:0.0 Loss:1.7431 Cls Loss:1.7431 Pair Loss:0.7665 KL Loss:468.4196 Recon Loss:0.1212 Acc:0.6744 
Epoch:118 Time:8.8 Data:0.0 Loss:1.7349 Cls Loss:1.7349 Pair Loss:0.7648 KL Loss:464.6810 Recon Loss:0.1212 Acc:0.6842 
Epoch:119 Time:7.5 Data:0.0 Loss:1.7423 Cls Loss:1.7423 Pair Loss:0.7713 KL Loss:470.4515 Recon Loss:0.1211 Acc:0.6842 
Epoch:120 Time:4.4 Data:0.0 Loss:1.7244 Cls Loss:1.7244 Pair Loss:0.7646 KL Loss:466.6570 Recon Loss:0.1211 Acc:0.6862 
=> Test at epoch 120
==========Test with latent_z: z_c =========
Extracted features for query set, obtained torch.Size([2709, 128]) matrix
Extracted features for gallery set, obtained torch.Size([2000, 128]) matrix
Extracting features complete in 0m 5s
Distance computing in 0m 0s
Results ---------------------------------------------------
top1:0.5% top5:2.3% top10:3.4% top20:5.9% mAP:1.2%
-----------------------------------------------------------
Using 0m 0s
Classifier results ---------------------------------------------------
Query acc: 3.9% Gallery acc: 91.8% Total acc: 47.9%
The test feature is normalized
The number of query sketch samples: 2709
The number of gallery rgb samples: 2000
==========Test with latent_z: new_z =========
Extracted features for query set, obtained torch.Size([2709, 192]) matrix
Extracted features for gallery set, obtained torch.Size([2000, 192]) matrix
Extracting features complete in 0m 7s
Distance computing in 0m 0s
Results ---------------------------------------------------
top1:0.5% top5:1.8% top10:3.3% top20:5.7% mAP:1.1%
-----------------------------------------------------------
Using 0m 0s
Classifier results ---------------------------------------------------
Query acc: 3.2% Gallery acc: 92.6% Total acc: 47.9%
Keep checkpoint file: checkpoint_ep120.pth.tar
=> Best Rank-1 0.6%, mAP 1.2% achieved at epoch 115
Finished. Total elapsed time (h:m:s): 2:10:07. Training time (h:m:s): 0:14:00.
Shutting down background jobs, please wait a moment...
Done!
Waiting for the remaining 35 operations to synchronize with Neptune. Do not kill this process.
All 35 operations synced, thanks for waiting!
Explore the metadata in the Neptune app:
https://app.neptune.ai/Zhengwei-Lab/MayCVAE/e/MAY-198/metadata
