=> merge config from ./configs/tuberlin_categray/clipreid_cvae_kl_novel.yaml
=> Configurations:
-------------------------
AMP: True
AUG:
  RC_PROB: 0.5
  RE_PROB: 0.5
DATA:
  CUHK03_CLASSIC_SPLIT: False
  CUHK03_LABELED: False
  DATASET: tuberlin
  FORMAT_TAG: tensor
  HEIGHT: 256
  NUM_INSTANCES: 4
  NUM_WORKERS: 4
  ROOT: /home/zhengwei/my_data/datasets
  SPLIT_ID: 0
  TEST_BATCH: 512
  TRAIN_BATCH: 64
  TRAIN_FORMAT: novel
  WIDTH: 128
EVAL_MODE: False
FEWSHOT:
  ENABLE: True
  EPISODE: 100
  KSHOT: 5
  NWAY: 5
GPU: 1
LOSS:
  CLA_LOSS: crossentropy
  CLA_M: 0.0
  CLA_S: 16.0
  PAIR_LOSS: triplet
  PAIR_M: 0.3
  PAIR_S: 16.0
  RECON_LOSS: mse
  USE_NCE: False
MODEL:
  CONDITIONAL: False
  FEATURE_DIM: 1280
  FEAT_FUSION: False
  FLOW_TYPE: 
  GAUSSIAN: MultivariateNormal
  HIDDEN_DIM: 256
  LATENT_SIZE: 64
  NAME: CVAE
  ONLY_CVAE_KL: False
  ONLY_X_INPUT: False
  PRETRAIN: CLIPreID_Novel_TUBerlin
  PROJECTION_TYPE: None
  RES4_STRIDE: 1
  RESUME: /data/zhengwei/CVAE/outputs/tuberlin/clipreid_simplevae_base/novel/2024-09-19/novelTUBerlin_SimpleVAE+2E_128+64z_1e3_60+120_KLtotalZ+lessC_all5w5s_noCLS_forLinear
  STYLE_NUM: 0
  TRAIN_STAGE: reid+cls_stage
  USE_CENTROID: False
  USE_TWO_ENCODER: True
  VAE_TYPE: SinpleVAE
  ZC_DIM: 128
  ZS_DIM: 64
OUTPUT: /data/zhengwei/CVAE/outputs/tuberlin/clipreid_simplevae_base/novel/2024-09-19/novelTUBerlin_SimpleVAE+2E_128+64z_1e3_60_KLtotalZ+lessC_all5w5s_L1280+bnTuneVersion+CLS_Trip+Center+Ce_sysSeed1
SAVED_NAME: novelTUBerlin_SimpleVAE+2E_128+64z_1e3_60_KLtotalZ+lessC_all5w5s_L1280+bnTuneVersion+CLS_Trip+Center+Ce_sysSeed1
SEED: 1
TAG: clipreid_simplevae_base
TEST:
  DISTANCE: cosine
  EVAL_STEP: 5
  START_EVAL: -1
TRAIN:
  AMP: False
  LR_SCHEDULER:
    DECAY_RATE: 0.1
    NAME: MultiStepLR
    STEPSIZE: [30]
  MAX_EPOCH: 60
  OPTIMIZER:
    LR: 0.001
    NAME: adam
    SGDLR: 0.01
    SGD_MOMENTUM: 0.9
    SGD_WEIGHT_DECAY: 0.0005
    WEIGHT_DECAY: 0.0001
  START_EPOCH: 0
----------------------
Initializing dataset tuberlin
=> TUBerlin dataset loaded
Dataset statistics:
  ----------------------------------------
  subset   | # ids | # images | # cameras
  ----------------------------------------
  train    |   125 |     1250 |         1
  query    |   125 |     9375 |         1
  gallery  |   125 |   101627 |         1
  val      |   125 |   111002 |         1
  ----------------------------------------
Initializing SinpleVAE model with 2 encoders
============Warning! No projection layer is used in Training!=================
============Warning! Using Defalt Linear 1280 to intialize!=================
Model size: 13.60672M
Using Linear classifier
Initialized classifier with feature_dim: 1280, num_classes: 125
Classifier size: 0.16000M
reid_projector.weight is tuneable
bottlenect.weight is tuneable
bottlenect.bias is tuneable
i2t_projector.weight is tuneable
i2t_projector.bias is tuneable
=> Start Training ReID projector and Classifier
Loading checkpoint from '/data/zhengwei/CVAE/outputs/tuberlin/clipreid_simplevae_base/novel/2024-09-19/novelTUBerlin_SimpleVAE+2E_128+64z_1e3_60+120_KLtotalZ+lessC_all5w5s_noCLS_forLinear/checkpoint_ep60.pth.tar'
Loading all parameter:  encoder_zc.0.weight
Loading all parameter:  encoder_zc.0.bias
Loading all parameter:  encoder_zc.1.weight
Loading all parameter:  encoder_zc.1.bias
Loading all parameter:  encoder_zc.1.running_mean
Loading all parameter:  encoder_zc.1.running_var
Loading all parameter:  encoder_zc.1.num_batches_tracked
Loading all parameter:  fc_mu_zc.0.weight
Loading all parameter:  fc_mu_zc.0.bias
Loading all parameter:  fc_logvar_zc.0.weight
Loading all parameter:  fc_logvar_zc.0.bias
Loading all parameter:  encoder_zs.0.weight
Loading all parameter:  encoder_zs.0.bias
Loading all parameter:  encoder_zs.1.weight
Loading all parameter:  encoder_zs.1.bias
Loading all parameter:  encoder_zs.1.running_mean
Loading all parameter:  encoder_zs.1.running_var
Loading all parameter:  encoder_zs.1.num_batches_tracked
Loading all parameter:  fc_mu_zs.0.weight
Loading all parameter:  fc_mu_zs.0.bias
Loading all parameter:  fc_logvar_zs.0.weight
Loading all parameter:  fc_logvar_zs.0.bias
Loading all parameter:  decoder.0.weight
Loading all parameter:  decoder.0.bias
Loading all parameter:  decoder.1.weight
Loading all parameter:  decoder.1.bias
Loading all parameter:  decoder.1.running_mean
Loading all parameter:  decoder.1.running_var
Loading all parameter:  decoder.1.num_batches_tracked
Loading all parameter:  decoder.3.weight
Loading all parameter:  decoder.3.bias
Loading all parameter:  u_embedding.gate.0.weight
Loading all parameter:  u_embedding.gate.0.bias
Loading all parameter:  u_embedding.adapters.0.weight
Loading all parameter:  u_embedding.adapters.0.bias
Loading all parameter:  u_embedding.adapters.1.weight
Loading all parameter:  u_embedding.adapters.1.bias
Loading all parameter:  u_embedding.adapters.2.weight
Loading all parameter:  u_embedding.adapters.2.bias
Loading all parameter:  u_embedding.adapters.3.weight
Loading all parameter:  u_embedding.adapters.3.bias
Loading all parameter:  u_embedding.adapters.4.weight
Loading all parameter:  u_embedding.adapters.4.bias
Loading all parameter:  u_embedding.adapters.5.weight
Loading all parameter:  u_embedding.adapters.5.bias
Loading all parameter:  u_embedding.adapters.6.weight
Loading all parameter:  u_embedding.adapters.6.bias
Loading all parameter:  u_embedding.adapters.7.weight
Loading all parameter:  u_embedding.adapters.7.bias
Loading all parameter:  u_embedding.adapters.8.weight
Loading all parameter:  u_embedding.adapters.8.bias
Loading all parameter:  u_embedding.adapters.9.weight
Loading all parameter:  u_embedding.adapters.9.bias
Loading all parameter:  u_embedding.adapters.10.weight
Loading all parameter:  u_embedding.adapters.10.bias
Loading all parameter:  u_embedding.adapters.11.weight
Loading all parameter:  u_embedding.adapters.11.bias
Loading all parameter:  u_embedding.adapters.12.weight
Loading all parameter:  u_embedding.adapters.12.bias
Loading all parameter:  u_embedding.adapters.13.weight
Loading all parameter:  u_embedding.adapters.13.bias
Loading all parameter:  u_embedding.adapters.14.weight
Loading all parameter:  u_embedding.adapters.14.bias
Loading all parameter:  u_embedding.adapters.15.weight
Loading all parameter:  u_embedding.adapters.15.bias
Loading all parameter:  u_embedding.adapters.16.weight
Loading all parameter:  u_embedding.adapters.16.bias
Loading all parameter:  u_embedding.adapters.17.weight
Loading all parameter:  u_embedding.adapters.17.bias
Loading all parameter:  u_embedding.adapters.18.weight
Loading all parameter:  u_embedding.adapters.18.bias
Loading all parameter:  u_embedding.adapters.19.weight
Loading all parameter:  u_embedding.adapters.19.bias
Loading all parameter:  u_embedding.adapters.20.weight
Loading all parameter:  u_embedding.adapters.20.bias
Loading all parameter:  u_embedding.adapters.21.weight
Loading all parameter:  u_embedding.adapters.21.bias
Loading all parameter:  u_embedding.adapters.22.weight
Loading all parameter:  u_embedding.adapters.22.bias
Loading all parameter:  u_embedding.adapters.23.weight
Loading all parameter:  u_embedding.adapters.23.bias
Loading all parameter:  u_embedding.adapters.24.weight
Loading all parameter:  u_embedding.adapters.24.bias
Loading all parameter:  u_embedding.adapters.25.weight
Loading all parameter:  u_embedding.adapters.25.bias
Loading all parameter:  u_embedding.adapters.26.weight
Loading all parameter:  u_embedding.adapters.26.bias
Loading all parameter:  u_embedding.adapters.27.weight
Loading all parameter:  u_embedding.adapters.27.bias
Loading all parameter:  u_embedding.adapters.28.weight
Loading all parameter:  u_embedding.adapters.28.bias
Loading all parameter:  u_embedding.adapters.29.weight
Loading all parameter:  u_embedding.adapters.29.bias
Loading all parameter:  u_embedding.adapters.30.weight
Loading all parameter:  u_embedding.adapters.30.bias
Loading all parameter:  u_embedding.adapters.31.weight
Loading all parameter:  u_embedding.adapters.31.bias
Loading all parameter:  u_embedding.adapters.32.weight
Loading all parameter:  u_embedding.adapters.32.bias
Loading all parameter:  u_embedding.adapters.33.weight
Loading all parameter:  u_embedding.adapters.33.bias
Loading all parameter:  u_embedding.adapters.34.weight
Loading all parameter:  u_embedding.adapters.34.bias
Loading all parameter:  u_embedding.adapters.35.weight
Loading all parameter:  u_embedding.adapters.35.bias
Loading all parameter:  u_embedding.adapters.36.weight
Loading all parameter:  u_embedding.adapters.36.bias
Loading all parameter:  u_embedding.adapters.37.weight
Loading all parameter:  u_embedding.adapters.37.bias
Loading all parameter:  u_embedding.adapters.38.weight
Loading all parameter:  u_embedding.adapters.38.bias
Loading all parameter:  u_embedding.adapters.39.weight
Loading all parameter:  u_embedding.adapters.39.bias
Loading all parameter:  u_embedding.adapters.40.weight
Loading all parameter:  u_embedding.adapters.40.bias
Loading all parameter:  u_embedding.adapters.41.weight
Loading all parameter:  u_embedding.adapters.41.bias
Loading all parameter:  u_embedding.adapters.42.weight
Loading all parameter:  u_embedding.adapters.42.bias
Loading all parameter:  u_embedding.adapters.43.weight
Loading all parameter:  u_embedding.adapters.43.bias
Loading all parameter:  u_embedding.adapters.44.weight
Loading all parameter:  u_embedding.adapters.44.bias
Loading all parameter:  u_embedding.adapters.45.weight
Loading all parameter:  u_embedding.adapters.45.bias
Loading all parameter:  u_embedding.adapters.46.weight
Loading all parameter:  u_embedding.adapters.46.bias
Loading all parameter:  u_embedding.adapters.47.weight
Loading all parameter:  u_embedding.adapters.47.bias
Loading all parameter:  u_embedding.adapters.48.weight
Loading all parameter:  u_embedding.adapters.48.bias
Loading all parameter:  u_embedding.adapters.49.weight
Loading all parameter:  u_embedding.adapters.49.bias
Loading all parameter:  u_embedding.adapters.50.weight
Loading all parameter:  u_embedding.adapters.50.bias
Loading all parameter:  u_embedding.adapters.51.weight
Loading all parameter:  u_embedding.adapters.51.bias
Loading all parameter:  u_embedding.adapters.52.weight
Loading all parameter:  u_embedding.adapters.52.bias
Loading all parameter:  u_embedding.adapters.53.weight
Loading all parameter:  u_embedding.adapters.53.bias
Loading all parameter:  u_embedding.adapters.54.weight
Loading all parameter:  u_embedding.adapters.54.bias
Loading all parameter:  u_embedding.adapters.55.weight
Loading all parameter:  u_embedding.adapters.55.bias
Loading all parameter:  u_embedding.adapters.56.weight
Loading all parameter:  u_embedding.adapters.56.bias
Loading all parameter:  u_embedding.adapters.57.weight
Loading all parameter:  u_embedding.adapters.57.bias
Loading all parameter:  u_embedding.adapters.58.weight
Loading all parameter:  u_embedding.adapters.58.bias
Loading all parameter:  u_embedding.adapters.59.weight
Loading all parameter:  u_embedding.adapters.59.bias
Loading all parameter:  u_embedding.adapters.60.weight
Loading all parameter:  u_embedding.adapters.60.bias
Loading all parameter:  u_embedding.adapters.61.weight
Loading all parameter:  u_embedding.adapters.61.bias
Loading all parameter:  u_embedding.adapters.62.weight
Loading all parameter:  u_embedding.adapters.62.bias
Loading all parameter:  u_embedding.adapters.63.weight
Loading all parameter:  u_embedding.adapters.63.bias
Loading all parameter:  u_embedding.adapters.64.weight
Loading all parameter:  u_embedding.adapters.64.bias
Loading all parameter:  u_embedding.adapters.65.weight
Loading all parameter:  u_embedding.adapters.65.bias
Loading all parameter:  u_embedding.adapters.66.weight
Loading all parameter:  u_embedding.adapters.66.bias
Loading all parameter:  u_embedding.adapters.67.weight
Loading all parameter:  u_embedding.adapters.67.bias
Loading all parameter:  u_embedding.adapters.68.weight
Loading all parameter:  u_embedding.adapters.68.bias
Loading all parameter:  u_embedding.adapters.69.weight
Loading all parameter:  u_embedding.adapters.69.bias
Loading all parameter:  u_embedding.adapters.70.weight
Loading all parameter:  u_embedding.adapters.70.bias
Loading all parameter:  u_embedding.adapters.71.weight
Loading all parameter:  u_embedding.adapters.71.bias
Loading all parameter:  u_embedding.adapters.72.weight
Loading all parameter:  u_embedding.adapters.72.bias
Loading all parameter:  u_embedding.adapters.73.weight
Loading all parameter:  u_embedding.adapters.73.bias
Loading all parameter:  u_embedding.adapters.74.weight
Loading all parameter:  u_embedding.adapters.74.bias
Loading all parameter:  u_embedding.adapters.75.weight
Loading all parameter:  u_embedding.adapters.75.bias
Loading all parameter:  u_embedding.adapters.76.weight
Loading all parameter:  u_embedding.adapters.76.bias
Loading all parameter:  u_embedding.adapters.77.weight
Loading all parameter:  u_embedding.adapters.77.bias
Loading all parameter:  u_embedding.adapters.78.weight
Loading all parameter:  u_embedding.adapters.78.bias
Loading all parameter:  u_embedding.adapters.79.weight
Loading all parameter:  u_embedding.adapters.79.bias
Loading all parameter:  u_embedding.adapters.80.weight
Loading all parameter:  u_embedding.adapters.80.bias
Loading all parameter:  u_embedding.adapters.81.weight
Loading all parameter:  u_embedding.adapters.81.bias
Loading all parameter:  u_embedding.adapters.82.weight
Loading all parameter:  u_embedding.adapters.82.bias
Loading all parameter:  u_embedding.adapters.83.weight
Loading all parameter:  u_embedding.adapters.83.bias
Loading all parameter:  u_embedding.adapters.84.weight
Loading all parameter:  u_embedding.adapters.84.bias
Loading all parameter:  u_embedding.adapters.85.weight
Loading all parameter:  u_embedding.adapters.85.bias
Loading all parameter:  u_embedding.adapters.86.weight
Loading all parameter:  u_embedding.adapters.86.bias
Loading all parameter:  u_embedding.adapters.87.weight
Loading all parameter:  u_embedding.adapters.87.bias
Loading all parameter:  u_embedding.adapters.88.weight
Loading all parameter:  u_embedding.adapters.88.bias
Loading all parameter:  u_embedding.adapters.89.weight
Loading all parameter:  u_embedding.adapters.89.bias
Loading all parameter:  u_embedding.adapters.90.weight
Loading all parameter:  u_embedding.adapters.90.bias
Loading all parameter:  u_embedding.adapters.91.weight
Loading all parameter:  u_embedding.adapters.91.bias
Loading all parameter:  u_embedding.adapters.92.weight
Loading all parameter:  u_embedding.adapters.92.bias
Loading all parameter:  u_embedding.adapters.93.weight
Loading all parameter:  u_embedding.adapters.93.bias
Loading all parameter:  u_embedding.adapters.94.weight
Loading all parameter:  u_embedding.adapters.94.bias
Loading all parameter:  u_embedding.adapters.95.weight
Loading all parameter:  u_embedding.adapters.95.bias
Loading all parameter:  u_embedding.adapters.96.weight
Loading all parameter:  u_embedding.adapters.96.bias
Loading all parameter:  u_embedding.adapters.97.weight
Loading all parameter:  u_embedding.adapters.97.bias
Loading all parameter:  u_embedding.adapters.98.weight
Loading all parameter:  u_embedding.adapters.98.bias
Loading all parameter:  u_embedding.adapters.99.weight
Loading all parameter:  u_embedding.adapters.99.bias
Loading all parameter:  u_embedding.adapters.100.weight
Loading all parameter:  u_embedding.adapters.100.bias
Loading all parameter:  u_embedding.adapters.101.weight
Loading all parameter:  u_embedding.adapters.101.bias
Loading all parameter:  u_embedding.adapters.102.weight
Loading all parameter:  u_embedding.adapters.102.bias
Loading all parameter:  u_embedding.adapters.103.weight
Loading all parameter:  u_embedding.adapters.103.bias
Loading all parameter:  u_embedding.adapters.104.weight
Loading all parameter:  u_embedding.adapters.104.bias
Loading all parameter:  u_embedding.adapters.105.weight
Loading all parameter:  u_embedding.adapters.105.bias
Loading all parameter:  u_embedding.adapters.106.weight
Loading all parameter:  u_embedding.adapters.106.bias
Loading all parameter:  u_embedding.adapters.107.weight
Loading all parameter:  u_embedding.adapters.107.bias
Loading all parameter:  u_embedding.adapters.108.weight
Loading all parameter:  u_embedding.adapters.108.bias
Loading all parameter:  u_embedding.adapters.109.weight
Loading all parameter:  u_embedding.adapters.109.bias
Loading all parameter:  u_embedding.adapters.110.weight
Loading all parameter:  u_embedding.adapters.110.bias
Loading all parameter:  u_embedding.adapters.111.weight
Loading all parameter:  u_embedding.adapters.111.bias
Loading all parameter:  u_embedding.adapters.112.weight
Loading all parameter:  u_embedding.adapters.112.bias
Loading all parameter:  u_embedding.adapters.113.weight
Loading all parameter:  u_embedding.adapters.113.bias
Loading all parameter:  u_embedding.adapters.114.weight
Loading all parameter:  u_embedding.adapters.114.bias
Loading all parameter:  u_embedding.adapters.115.weight
Loading all parameter:  u_embedding.adapters.115.bias
Loading all parameter:  u_embedding.adapters.116.weight
Loading all parameter:  u_embedding.adapters.116.bias
Loading all parameter:  u_embedding.adapters.117.weight
Loading all parameter:  u_embedding.adapters.117.bias
Loading all parameter:  u_embedding.adapters.118.weight
Loading all parameter:  u_embedding.adapters.118.bias
Loading all parameter:  u_embedding.adapters.119.weight
Loading all parameter:  u_embedding.adapters.119.bias
Loading all parameter:  u_embedding.adapters.120.weight
Loading all parameter:  u_embedding.adapters.120.bias
Loading all parameter:  u_embedding.adapters.121.weight
Loading all parameter:  u_embedding.adapters.121.bias
Loading all parameter:  u_embedding.adapters.122.weight
Loading all parameter:  u_embedding.adapters.122.bias
Loading all parameter:  u_embedding.adapters.123.weight
Loading all parameter:  u_embedding.adapters.123.bias
Loading all parameter:  u_embedding.adapters.124.weight
Loading all parameter:  u_embedding.adapters.124.bias
Loading all parameter:  u_embedding.adapters.125.weight
Loading all parameter:  u_embedding.adapters.125.bias
Loading all parameter:  u_embedding.adapters.126.weight
Loading all parameter:  u_embedding.adapters.126.bias
Loading all parameter:  u_embedding.adapters.127.weight
Loading all parameter:  u_embedding.adapters.127.bias
Loading all parameter:  zs_embedding.0.weight
Loading all parameter:  zs_embedding.0.bias
Loading all parameter:  reid_projector.weight
Loading parameter:  reid_projector.weight
Loading all parameter:  bottlenect.weight
Loading all parameter:  bottlenect.bias
Loading all parameter:  bottlenect.running_mean
Loading all parameter:  bottlenect.running_var
Loading all parameter:  bottlenect.num_batches_tracked
Loading all parameter:  i2t_projector.weight
Ignores parameter:  i2t_projector.weight
Loading all parameter:  i2t_projector.bias
Ignores parameter:  i2t_projector.bias
orginal best rank1 = 0
=> Start evaluation on Novel data without finetuning
=> Test CLASSIFICATION performance
==========Test with latent_z: z_c =========
Extracted features for query set, obtained torch.Size([9375, 1280]) matrix
Extracted features for gallery set, obtained torch.Size([101627, 1280]) matrix
Extracted features for validation set, obtained torch.Size([111002, 1280]) matrix
Extracting features complete in 0m 44s
Using 0m 44s
Val Classifier results ---------------------------------------------------
Total acc: 1.5%
Test Classifier results ---------------------------------------------------
Query acc: 1.4% Gallery acc: 1.5% Total acc: 1.5%
=> Start training
Epoch:1 Time:6.3 Data:0.0 Loss:685.5836 Cls Loss:4.6003 Pair Loss:0.3129 Center Loss:680.6704 KL Loss:19.8147 Recon Loss:0.0550 Acc:0.0452 
=> Current learning rate: 0.000200
Epoch:2 Time:6.1 Data:0.0 Loss:155.9039 Cls Loss:4.2323 Pair Loss:0.3113 Center Loss:151.3604 KL Loss:18.8148 Recon Loss:0.0553 Acc:0.0552 
=> Current learning rate: 0.000400
Epoch:3 Time:5.8 Data:0.0 Loss:46.8705 Cls Loss:4.1148 Pair Loss:0.3098 Center Loss:42.4459 KL Loss:17.8150 Recon Loss:0.0551 Acc:0.0684 
=> Current learning rate: 0.000600
Epoch:4 Time:6.2 Data:0.0 Loss:13.7402 Cls Loss:3.9500 Pair Loss:0.3061 Center Loss:9.4841 KL Loss:16.8149 Recon Loss:0.0549 Acc:0.0904 
=> Current learning rate: 0.000800
Epoch:5 Time:6.1 Data:0.0 Loss:6.5384 Cls Loss:3.9127 Pair Loss:0.3039 Center Loss:2.3218 KL Loss:15.8146 Recon Loss:0.0553 Acc:0.1004 
=> Test at epoch 5
==========Test with latent_z: z_c =========
Extracted features for query set, obtained torch.Size([9375, 1280]) matrix
Extracted features for gallery set, obtained torch.Size([101627, 1280]) matrix
Extracted features for validation set, obtained torch.Size([111002, 1280]) matrix
Extracting features complete in 0m 45s
Using 0m 45s
Val Classifier results ---------------------------------------------------
Total acc: 9.7%
Test Classifier results ---------------------------------------------------
Query acc: 12.7% Gallery acc: 9.4% Total acc: 9.7%
=> Current learning rate: 0.001000
Epoch:6 Time:6.0 Data:0.0 Loss:4.8047 Cls Loss:3.9265 Pair Loss:0.3039 Center Loss:0.5743 KL Loss:14.8154 Recon Loss:0.0555 Acc:0.0836 
=> Current learning rate: 0.001000
Epoch:7 Time:5.9 Data:0.0 Loss:4.2696 Cls Loss:3.8432 Pair Loss:0.3029 Center Loss:0.1235 KL Loss:13.8146 Recon Loss:0.0554 Acc:0.0908 
=> Current learning rate: 0.001000
Epoch:8 Time:6.2 Data:0.0 Loss:4.1366 Cls Loss:3.8184 Pair Loss:0.3025 Center Loss:0.0157 KL Loss:12.8149 Recon Loss:0.0552 Acc:0.0976 
=> Current learning rate: 0.001000
Epoch:9 Time:5.9 Data:0.0 Loss:4.1083 Cls Loss:3.8021 Pair Loss:0.3025 Center Loss:0.0037 KL Loss:11.8143 Recon Loss:0.0555 Acc:0.1164 
=> Current learning rate: 0.001000
Epoch:10 Time:6.3 Data:0.0 Loss:4.0890 Cls Loss:3.7855 Pair Loss:0.3021 Center Loss:0.0014 KL Loss:10.8151 Recon Loss:0.0553 Acc:0.1056 
=> Test at epoch 10
==========Test with latent_z: z_c =========
Extracted features for query set, obtained torch.Size([9375, 1280]) matrix
Extracted features for gallery set, obtained torch.Size([101627, 1280]) matrix
Extracted features for validation set, obtained torch.Size([111002, 1280]) matrix
Extracting features complete in 0m 44s
Using 0m 44s
Val Classifier results ---------------------------------------------------
Total acc: 12.4%
Test Classifier results ---------------------------------------------------
Query acc: 14.2% Gallery acc: 12.2% Total acc: 12.4%
=> Current learning rate: 0.001000
Epoch:11 Time:6.1 Data:0.0 Loss:4.1012 Cls Loss:3.7981 Pair Loss:0.3026 Center Loss:0.0006 KL Loss:9.8153 Recon Loss:0.0552 Acc:0.1140 
=> Current learning rate: 0.001000
Epoch:12 Time:5.9 Data:0.0 Loss:4.0248 Cls Loss:3.7218 Pair Loss:0.3025 Center Loss:0.0004 KL Loss:8.8145 Recon Loss:0.0556 Acc:0.1400 
=> Current learning rate: 0.001000
Epoch:13 Time:5.9 Data:0.0 Loss:4.0938 Cls Loss:3.7911 Pair Loss:0.3023 Center Loss:0.0004 KL Loss:7.8149 Recon Loss:0.0550 Acc:0.0988 
=> Current learning rate: 0.001000
Epoch:14 Time:6.3 Data:0.0 Loss:4.0580 Cls Loss:3.7554 Pair Loss:0.3022 Center Loss:0.0003 KL Loss:6.8147 Recon Loss:0.0554 Acc:0.1064 
=> Current learning rate: 0.001000
Epoch:15 Time:6.0 Data:0.0 Loss:3.9971 Cls Loss:3.6941 Pair Loss:0.3027 Center Loss:0.0004 KL Loss:5.8150 Recon Loss:0.0553 Acc:0.1108 
=> Test at epoch 15
==========Test with latent_z: z_c =========
Extracted features for query set, obtained torch.Size([9375, 1280]) matrix
Extracted features for gallery set, obtained torch.Size([101627, 1280]) matrix
Extracted features for validation set, obtained torch.Size([111002, 1280]) matrix
Extracting features complete in 0m 45s
Using 0m 45s
Val Classifier results ---------------------------------------------------
Total acc: 10.9%
Test Classifier results ---------------------------------------------------
Query acc: 13.4% Gallery acc: 10.7% Total acc: 10.9%
=> Current learning rate: 0.001000
Epoch:16 Time:6.0 Data:0.0 Loss:4.0628 Cls Loss:3.7602 Pair Loss:0.3023 Center Loss:0.0003 KL Loss:4.8149 Recon Loss:0.0555 Acc:0.1052 
=> Current learning rate: 0.001000
Epoch:17 Time:6.3 Data:0.0 Loss:4.0685 Cls Loss:3.7656 Pair Loss:0.3025 Center Loss:0.0004 KL Loss:3.8148 Recon Loss:0.0552 Acc:0.1176 
=> Current learning rate: 0.001000
Epoch:18 Time:6.0 Data:0.0 Loss:3.9687 Cls Loss:3.6656 Pair Loss:0.3027 Center Loss:0.0004 KL Loss:2.8148 Recon Loss:0.0553 Acc:0.1244 
=> Current learning rate: 0.001000
Epoch:19 Time:6.0 Data:0.0 Loss:4.0166 Cls Loss:3.7141 Pair Loss:0.3022 Center Loss:0.0003 KL Loss:1.8153 Recon Loss:0.0552 Acc:0.1072 
=> Current learning rate: 0.001000
Epoch:20 Time:6.3 Data:0.0 Loss:4.0358 Cls Loss:3.7326 Pair Loss:0.3028 Center Loss:0.0004 KL Loss:0.8150 Recon Loss:0.0552 Acc:0.1128 
=> Test at epoch 20
==========Test with latent_z: z_c =========
Extracted features for query set, obtained torch.Size([9375, 1280]) matrix
Extracted features for gallery set, obtained torch.Size([101627, 1280]) matrix
Extracted features for validation set, obtained torch.Size([111002, 1280]) matrix
Extracting features complete in 0m 44s
Using 0m 44s
Val Classifier results ---------------------------------------------------
Total acc: 12.4%
Test Classifier results ---------------------------------------------------
Query acc: 16.9% Gallery acc: 12.0% Total acc: 12.4%
=> Current learning rate: 0.001000
Epoch:21 Time:5.9 Data:0.0 Loss:3.9514 Cls Loss:3.6484 Pair Loss:0.3026 Center Loss:0.0004 KL Loss:0.3205 Recon Loss:0.0554 Acc:0.1468 
=> Current learning rate: 0.001000
Epoch:22 Time:5.8 Data:0.0 Loss:4.0005 Cls Loss:3.6974 Pair Loss:0.3027 Center Loss:0.0004 KL Loss:0.3205 Recon Loss:0.0555 Acc:0.1256 
=> Current learning rate: 0.001000
Epoch:23 Time:5.9 Data:0.0 Loss:4.0357 Cls Loss:3.7321 Pair Loss:0.3031 Center Loss:0.0004 KL Loss:0.3199 Recon Loss:0.0551 Acc:0.1156 
=> Current learning rate: 0.001000
Epoch:24 Time:5.1 Data:0.0 Loss:4.0837 Cls Loss:3.7801 Pair Loss:0.3031 Center Loss:0.0004 KL Loss:0.3204 Recon Loss:0.0556 Acc:0.1120 
=> Current learning rate: 0.001000
Epoch:25 Time:5.8 Data:0.0 Loss:3.9511 Cls Loss:3.6478 Pair Loss:0.3029 Center Loss:0.0004 KL Loss:0.3202 Recon Loss:0.0556 Acc:0.1348 
=> Test at epoch 25
==========Test with latent_z: z_c =========
Extracted features for query set, obtained torch.Size([9375, 1280]) matrix
Extracted features for gallery set, obtained torch.Size([101627, 1280]) matrix
Extracted features for validation set, obtained torch.Size([111002, 1280]) matrix
Extracting features complete in 0m 43s
Using 0m 43s
Val Classifier results ---------------------------------------------------
Total acc: 15.8%
Test Classifier results ---------------------------------------------------
Query acc: 16.7% Gallery acc: 15.8% Total acc: 15.8%
=> Current learning rate: 0.001000
Epoch:26 Time:5.6 Data:0.0 Loss:4.0329 Cls Loss:3.7294 Pair Loss:0.3030 Center Loss:0.0005 KL Loss:0.3203 Recon Loss:0.0549 Acc:0.1216 
=> Current learning rate: 0.001000
Epoch:27 Time:6.2 Data:0.0 Loss:3.9214 Cls Loss:3.6176 Pair Loss:0.3033 Center Loss:0.0005 KL Loss:0.3198 Recon Loss:0.0554 Acc:0.1272 
=> Current learning rate: 0.001000
Epoch:28 Time:6.0 Data:0.0 Loss:3.9259 Cls Loss:3.6223 Pair Loss:0.3031 Center Loss:0.0005 KL Loss:0.3198 Recon Loss:0.0555 Acc:0.1328 
=> Current learning rate: 0.001000
Epoch:29 Time:6.1 Data:0.0 Loss:3.8248 Cls Loss:3.5211 Pair Loss:0.3032 Center Loss:0.0005 KL Loss:0.3203 Recon Loss:0.0554 Acc:0.1504 
=> Current learning rate: 0.001000
Epoch:30 Time:6.3 Data:0.0 Loss:3.9154 Cls Loss:3.6116 Pair Loss:0.3033 Center Loss:0.0005 KL Loss:0.3204 Recon Loss:0.0555 Acc:0.1220 
=> Test at epoch 30
==========Test with latent_z: z_c =========
Extracted features for query set, obtained torch.Size([9375, 1280]) matrix
Extracted features for gallery set, obtained torch.Size([101627, 1280]) matrix
Extracted features for validation set, obtained torch.Size([111002, 1280]) matrix
Extracting features complete in 0m 45s
Using 0m 45s
Val Classifier results ---------------------------------------------------
Total acc: 15.0%
Test Classifier results ---------------------------------------------------
Query acc: 15.2% Gallery acc: 15.0% Total acc: 15.0%
=> Current learning rate: 0.001000
Epoch:31 Time:6.0 Data:0.0 Loss:3.8790 Cls Loss:3.5755 Pair Loss:0.3030 Center Loss:0.0004 KL Loss:0.3196 Recon Loss:0.0553 Acc:0.1532 
=> Current learning rate: 0.000100
Epoch:32 Time:6.0 Data:0.0 Loss:3.8534 Cls Loss:3.5495 Pair Loss:0.3034 Center Loss:0.0005 KL Loss:0.3202 Recon Loss:0.0552 Acc:0.1488 
=> Current learning rate: 0.000100
Epoch:33 Time:6.2 Data:0.0 Loss:3.7845 Cls Loss:3.4806 Pair Loss:0.3034 Center Loss:0.0005 KL Loss:0.3198 Recon Loss:0.0553 Acc:0.1616 
=> Current learning rate: 0.000100
Epoch:34 Time:6.2 Data:0.0 Loss:3.8482 Cls Loss:3.5437 Pair Loss:0.3039 Center Loss:0.0005 KL Loss:0.3207 Recon Loss:0.0553 Acc:0.1512 
=> Current learning rate: 0.000100
Epoch:35 Time:5.9 Data:0.0 Loss:3.8401 Cls Loss:3.5362 Pair Loss:0.3034 Center Loss:0.0005 KL Loss:0.3195 Recon Loss:0.0552 Acc:0.1596 
=> Test at epoch 35
==========Test with latent_z: z_c =========
Extracted features for query set, obtained torch.Size([9375, 1280]) matrix
Extracted features for gallery set, obtained torch.Size([101627, 1280]) matrix
Extracted features for validation set, obtained torch.Size([111002, 1280]) matrix
Extracting features complete in 0m 45s
Using 0m 45s
Val Classifier results ---------------------------------------------------
Total acc: 19.2%
Test Classifier results ---------------------------------------------------
Query acc: 21.2% Gallery acc: 19.0% Total acc: 19.2%
=> Current learning rate: 0.000100
Epoch:36 Time:6.2 Data:0.0 Loss:3.7884 Cls Loss:3.4847 Pair Loss:0.3032 Center Loss:0.0005 KL Loss:0.3198 Recon Loss:0.0556 Acc:0.1560 
=> Current learning rate: 0.000100
Epoch:37 Time:6.3 Data:0.0 Loss:3.8533 Cls Loss:3.5492 Pair Loss:0.3036 Center Loss:0.0005 KL Loss:0.3194 Recon Loss:0.0556 Acc:0.1540 
=> Current learning rate: 0.000100
Epoch:38 Time:6.2 Data:0.0 Loss:3.8072 Cls Loss:3.5037 Pair Loss:0.3030 Center Loss:0.0004 KL Loss:0.3203 Recon Loss:0.0556 Acc:0.1468 
=> Current learning rate: 0.000100
Epoch:39 Time:6.3 Data:0.0 Loss:3.7907 Cls Loss:3.4870 Pair Loss:0.3033 Center Loss:0.0005 KL Loss:0.3198 Recon Loss:0.0552 Acc:0.1796 
=> Current learning rate: 0.000100
Epoch:40 Time:6.2 Data:0.0 Loss:3.7578 Cls Loss:3.4543 Pair Loss:0.3030 Center Loss:0.0005 KL Loss:0.3195 Recon Loss:0.0556 Acc:0.1840 
=> Test at epoch 40
==========Test with latent_z: z_c =========
Extracted features for query set, obtained torch.Size([9375, 1280]) matrix
Extracted features for gallery set, obtained torch.Size([101627, 1280]) matrix
Extracted features for validation set, obtained torch.Size([111002, 1280]) matrix
Extracting features complete in 0m 45s
Using 0m 45s
Val Classifier results ---------------------------------------------------
Total acc: 18.4%
Test Classifier results ---------------------------------------------------
Query acc: 21.3% Gallery acc: 18.2% Total acc: 18.4%
=> Current learning rate: 0.000100
Epoch:41 Time:5.7 Data:0.0 Loss:3.8334 Cls Loss:3.5297 Pair Loss:0.3032 Center Loss:0.0005 KL Loss:0.3202 Recon Loss:0.0556 Acc:0.1588 
=> Current learning rate: 0.000100
Epoch:42 Time:5.6 Data:0.0 Loss:3.7682 Cls Loss:3.4642 Pair Loss:0.3035 Center Loss:0.0005 KL Loss:0.3198 Recon Loss:0.0556 Acc:0.1876 
=> Current learning rate: 0.000100
Epoch:43 Time:5.7 Data:0.0 Loss:3.8351 Cls Loss:3.5316 Pair Loss:0.3030 Center Loss:0.0005 KL Loss:0.3204 Recon Loss:0.0553 Acc:0.1420 
=> Current learning rate: 0.000100
Epoch:44 Time:5.7 Data:0.0 Loss:3.6981 Cls Loss:3.3949 Pair Loss:0.3027 Center Loss:0.0004 KL Loss:0.3199 Recon Loss:0.0555 Acc:0.1832 
=> Current learning rate: 0.000100
Epoch:45 Time:6.2 Data:0.0 Loss:3.8338 Cls Loss:3.5299 Pair Loss:0.3035 Center Loss:0.0005 KL Loss:0.3208 Recon Loss:0.0551 Acc:0.1616 
=> Test at epoch 45
==========Test with latent_z: z_c =========
Extracted features for query set, obtained torch.Size([9375, 1280]) matrix
Extracted features for gallery set, obtained torch.Size([101627, 1280]) matrix
Extracted features for validation set, obtained torch.Size([111002, 1280]) matrix
Extracting features complete in 0m 45s
Using 0m 45s
Val Classifier results ---------------------------------------------------
Total acc: 19.9%
Test Classifier results ---------------------------------------------------
Query acc: 20.7% Gallery acc: 19.9% Total acc: 19.9%
=> Current learning rate: 0.000100
Epoch:46 Time:5.8 Data:0.0 Loss:3.8646 Cls Loss:3.5606 Pair Loss:0.3035 Center Loss:0.0005 KL Loss:0.3204 Recon Loss:0.0552 Acc:0.1560 
=> Current learning rate: 0.000100
Epoch:47 Time:5.6 Data:0.0 Loss:3.7786 Cls Loss:3.4745 Pair Loss:0.3037 Center Loss:0.0005 KL Loss:0.3199 Recon Loss:0.0551 Acc:0.1676 
=> Current learning rate: 0.000100
Epoch:48 Time:5.7 Data:0.0 Loss:3.8490 Cls Loss:3.5453 Pair Loss:0.3033 Center Loss:0.0005 KL Loss:0.3200 Recon Loss:0.0554 Acc:0.1524 
=> Current learning rate: 0.000100
Epoch:49 Time:6.0 Data:0.0 Loss:3.7936 Cls Loss:3.4901 Pair Loss:0.3030 Center Loss:0.0005 KL Loss:0.3203 Recon Loss:0.0557 Acc:0.1716 
=> Current learning rate: 0.000100
Epoch:50 Time:5.9 Data:0.0 Loss:3.7880 Cls Loss:3.4837 Pair Loss:0.3038 Center Loss:0.0006 KL Loss:0.3202 Recon Loss:0.0551 Acc:0.1632 
=> Test at epoch 50
==========Test with latent_z: z_c =========
Extracted features for query set, obtained torch.Size([9375, 1280]) matrix
Extracted features for gallery set, obtained torch.Size([101627, 1280]) matrix
Extracted features for validation set, obtained torch.Size([111002, 1280]) matrix
Extracting features complete in 0m 45s
Using 0m 45s
Val Classifier results ---------------------------------------------------
Total acc: 18.5%
Test Classifier results ---------------------------------------------------
Query acc: 21.4% Gallery acc: 18.3% Total acc: 18.5%
=> Current learning rate: 0.000100
Epoch:51 Time:6.3 Data:0.0 Loss:3.8702 Cls Loss:3.5661 Pair Loss:0.3036 Center Loss:0.0005 KL Loss:0.3205 Recon Loss:0.0555 Acc:0.1456 
=> Current learning rate: 0.000100
Epoch:52 Time:5.8 Data:0.0 Loss:3.7321 Cls Loss:3.4283 Pair Loss:0.3034 Center Loss:0.0005 KL Loss:0.3200 Recon Loss:0.0552 Acc:0.1868 
=> Current learning rate: 0.000100
Epoch:53 Time:5.6 Data:0.0 Loss:3.7644 Cls Loss:3.4607 Pair Loss:0.3033 Center Loss:0.0005 KL Loss:0.3200 Recon Loss:0.0549 Acc:0.1696 
=> Current learning rate: 0.000100
Epoch:54 Time:5.7 Data:0.0 Loss:3.8558 Cls Loss:3.5515 Pair Loss:0.3038 Center Loss:0.0005 KL Loss:0.3202 Recon Loss:0.0552 Acc:0.1484 
=> Current learning rate: 0.000100
Epoch:55 Time:5.6 Data:0.0 Loss:3.7171 Cls Loss:3.4132 Pair Loss:0.3034 Center Loss:0.0005 KL Loss:0.3194 Recon Loss:0.0557 Acc:0.1964 
=> Test at epoch 55
==========Test with latent_z: z_c =========
Extracted features for query set, obtained torch.Size([9375, 1280]) matrix
Extracted features for gallery set, obtained torch.Size([101627, 1280]) matrix
Extracted features for validation set, obtained torch.Size([111002, 1280]) matrix
Extracting features complete in 0m 43s
Using 0m 43s
Val Classifier results ---------------------------------------------------
Total acc: 19.2%
Test Classifier results ---------------------------------------------------
Query acc: 21.1% Gallery acc: 19.0% Total acc: 19.2%
=> Current learning rate: 0.000100
Epoch:56 Time:5.9 Data:0.0 Loss:3.7495 Cls Loss:3.4456 Pair Loss:0.3034 Center Loss:0.0005 KL Loss:0.3195 Recon Loss:0.0554 Acc:0.1856 
=> Current learning rate: 0.000100
Epoch:57 Time:5.8 Data:0.0 Loss:3.7678 Cls Loss:3.4640 Pair Loss:0.3033 Center Loss:0.0005 KL Loss:0.3197 Recon Loss:0.0554 Acc:0.2020 
=> Current learning rate: 0.000100
Epoch:58 Time:6.4 Data:0.0 Loss:3.7249 Cls Loss:3.4214 Pair Loss:0.3030 Center Loss:0.0005 KL Loss:0.3198 Recon Loss:0.0551 Acc:0.1884 
=> Current learning rate: 0.000100
Epoch:59 Time:6.1 Data:0.0 Loss:3.8563 Cls Loss:3.5523 Pair Loss:0.3036 Center Loss:0.0005 KL Loss:0.3202 Recon Loss:0.0553 Acc:0.1580 
=> Current learning rate: 0.000100
Epoch:60 Time:6.1 Data:0.0 Loss:3.7969 Cls Loss:3.4931 Pair Loss:0.3033 Center Loss:0.0005 KL Loss:0.3202 Recon Loss:0.0556 Acc:0.1556 
=> Test at epoch 60
==========Test with latent_z: z_c =========
Extracted features for query set, obtained torch.Size([9375, 1280]) matrix
Extracted features for gallery set, obtained torch.Size([101627, 1280]) matrix
Extracted features for validation set, obtained torch.Size([111002, 1280]) matrix
Extracting features complete in 0m 45s
Using 0m 45s
Val Classifier results ---------------------------------------------------
Total acc: 21.5%
Test Classifier results ---------------------------------------------------
Query acc: 23.6% Gallery acc: 21.3% Total acc: 21.5%
Keep checkpoint file: checkpoint_ep60.pth.tar
=> Current learning rate: 0.000100
=> Best Val Acc 21.5% at epoch 60: 
 Test Acc: Query 23.6%, Gallery 21.3%, Total 21.5%
Finished. Total elapsed time (h:m:s): 0:15:26. Training time (h:m:s): 0:06:26.
