=> merge config from ./configs/tuberlin_categray/clipreid_cvae_kl_novel.yaml
=> Configurations:
-------------------------
AMP: True
AUG:
  RC_PROB: 0.5
  RE_PROB: 0.5
DATA:
  CUHK03_CLASSIC_SPLIT: False
  CUHK03_LABELED: False
  DATASET: tuberlin
  FORMAT_TAG: tensor
  HEIGHT: 256
  NUM_INSTANCES: 4
  NUM_WORKERS: 4
  ROOT: /home/zhengwei/my_data/datasets
  SPLIT_ID: 0
  TEST_BATCH: 512
  TRAIN_BATCH: 64
  TRAIN_FORMAT: novel
  WIDTH: 128
EVAL_MODE: False
FEWSHOT:
  ENABLE: True
  EPISODE: 100
  KSHOT: 1
  NWAY: 5
GPU: 0
LOSS:
  CLA_LOSS: crossentropy
  CLA_M: 0.0
  CLA_S: 16.0
  PAIR_LOSS: triplet
  PAIR_M: 0.3
  PAIR_S: 16.0
  RECON_LOSS: mse
  USE_NCE: False
MODEL:
  CONDITIONAL: False
  FEATURE_DIM: 1280
  FEAT_FUSION: False
  FLOW_TYPE: 
  GAUSSIAN: MultivariateNormal
  HIDDEN_DIM: 256
  LATENT_SIZE: 64
  NAME: CVAE
  ONLY_CVAE_KL: False
  ONLY_X_INPUT: False
  PRETRAIN: CLIPreID_Novel_TUBerlin_a5w1s
  PROJECTION_TYPE: None
  RES4_STRIDE: 1
  RESUME: /data/zhengwei/CVAE/outputs/tuberlin/clipreid_simplevae_base/novel/2024-09-19/novelTUBerlin_SimpleVAE+2E_128+64z_1e3_60+120_KLtotalZ+lessC_all5w1s_noCLS_forLinear
  STYLE_NUM: 0
  TRAIN_STAGE: reid+cls_stage
  USE_CENTROID: False
  USE_TWO_ENCODER: True
  VAE_TYPE: SinpleVAE
  ZC_DIM: 128
  ZS_DIM: 64
OUTPUT: /data/zhengwei/CVAE/outputs/tuberlin/clipreid_simplevae_base/novel/2024-09-19/novelTUBerlin_SimpleVAE+2E_128+64z_1e4_60+120_KLtotalZ+lessC_all5w1s_L1280+bnTuneVersion+CLS_Trip+Center+Ce
SAVED_NAME: novelTUBerlin_SimpleVAE+2E_128+64z_1e4_60+120_KLtotalZ+lessC_all5w1s_L1280+bnTuneVersion+CLS_Trip+Center+Ce
SEED: 0
TAG: clipreid_simplevae_base
TEST:
  DISTANCE: cosine
  EVAL_STEP: 5
  START_EVAL: -1
TRAIN:
  AMP: False
  LR_SCHEDULER:
    DECAY_RATE: 0.1
    NAME: MultiStepLR
    STEPSIZE: [30]
  MAX_EPOCH: 60
  OPTIMIZER:
    LR: 0.0001
    NAME: adam
    SGDLR: 0.01
    SGD_MOMENTUM: 0.9
    SGD_WEIGHT_DECAY: 0.0005
    WEIGHT_DECAY: 0.0001
  START_EPOCH: 0
----------------------
Initializing dataset tuberlin
=> TUBerlin dataset loaded
Dataset statistics:
  ----------------------------------------
  subset   | # ids | # images | # cameras
  ----------------------------------------
  train    |   125 |      250 |         1
  query    |   125 |     9875 |         1
  gallery  |   125 |   102127 |         1
  val      |   125 |   112002 |         1
  ----------------------------------------
Initializing SinpleVAE model with 2 encoders
============Warning! No projection layer is used in Training!=================
============Warning! Using Defalt Linear 1280 to intialize!=================
Model size: 13.60672M
Using Linear classifier
Initialized classifier with feature_dim: 1280, num_classes: 125
Classifier size: 0.16000M
reid_projector.weight is tuneable
bottlenect.weight is tuneable
bottlenect.bias is tuneable
i2t_projector.weight is tuneable
i2t_projector.bias is tuneable
=> Start Training ReID projector and Classifier
Loading checkpoint from '/data/zhengwei/CVAE/outputs/tuberlin/clipreid_simplevae_base/novel/2024-09-19/novelTUBerlin_SimpleVAE+2E_128+64z_1e3_60+120_KLtotalZ+lessC_all5w1s_noCLS_forLinear/checkpoint_ep60.pth.tar'
Loading all parameter:  encoder_zc.0.weight
Loading all parameter:  encoder_zc.0.bias
Loading all parameter:  encoder_zc.1.weight
Loading all parameter:  encoder_zc.1.bias
Loading all parameter:  encoder_zc.1.running_mean
Loading all parameter:  encoder_zc.1.running_var
Loading all parameter:  encoder_zc.1.num_batches_tracked
Loading all parameter:  fc_mu_zc.0.weight
Loading all parameter:  fc_mu_zc.0.bias
Loading all parameter:  fc_logvar_zc.0.weight
Loading all parameter:  fc_logvar_zc.0.bias
Loading all parameter:  encoder_zs.0.weight
Loading all parameter:  encoder_zs.0.bias
Loading all parameter:  encoder_zs.1.weight
Loading all parameter:  encoder_zs.1.bias
Loading all parameter:  encoder_zs.1.running_mean
Loading all parameter:  encoder_zs.1.running_var
Loading all parameter:  encoder_zs.1.num_batches_tracked
Loading all parameter:  fc_mu_zs.0.weight
Loading all parameter:  fc_mu_zs.0.bias
Loading all parameter:  fc_logvar_zs.0.weight
Loading all parameter:  fc_logvar_zs.0.bias
Loading all parameter:  decoder.0.weight
Loading all parameter:  decoder.0.bias
Loading all parameter:  decoder.1.weight
Loading all parameter:  decoder.1.bias
Loading all parameter:  decoder.1.running_mean
Loading all parameter:  decoder.1.running_var
Loading all parameter:  decoder.1.num_batches_tracked
Loading all parameter:  decoder.3.weight
Loading all parameter:  decoder.3.bias
Loading all parameter:  u_embedding.gate.0.weight
Loading all parameter:  u_embedding.gate.0.bias
Loading all parameter:  u_embedding.adapters.0.weight
Loading all parameter:  u_embedding.adapters.0.bias
Loading all parameter:  u_embedding.adapters.1.weight
Loading all parameter:  u_embedding.adapters.1.bias
Loading all parameter:  u_embedding.adapters.2.weight
Loading all parameter:  u_embedding.adapters.2.bias
Loading all parameter:  u_embedding.adapters.3.weight
Loading all parameter:  u_embedding.adapters.3.bias
Loading all parameter:  u_embedding.adapters.4.weight
Loading all parameter:  u_embedding.adapters.4.bias
Loading all parameter:  u_embedding.adapters.5.weight
Loading all parameter:  u_embedding.adapters.5.bias
Loading all parameter:  u_embedding.adapters.6.weight
Loading all parameter:  u_embedding.adapters.6.bias
Loading all parameter:  u_embedding.adapters.7.weight
Loading all parameter:  u_embedding.adapters.7.bias
Loading all parameter:  u_embedding.adapters.8.weight
Loading all parameter:  u_embedding.adapters.8.bias
Loading all parameter:  u_embedding.adapters.9.weight
Loading all parameter:  u_embedding.adapters.9.bias
Loading all parameter:  u_embedding.adapters.10.weight
Loading all parameter:  u_embedding.adapters.10.bias
Loading all parameter:  u_embedding.adapters.11.weight
Loading all parameter:  u_embedding.adapters.11.bias
Loading all parameter:  u_embedding.adapters.12.weight
Loading all parameter:  u_embedding.adapters.12.bias
Loading all parameter:  u_embedding.adapters.13.weight
Loading all parameter:  u_embedding.adapters.13.bias
Loading all parameter:  u_embedding.adapters.14.weight
Loading all parameter:  u_embedding.adapters.14.bias
Loading all parameter:  u_embedding.adapters.15.weight
Loading all parameter:  u_embedding.adapters.15.bias
Loading all parameter:  u_embedding.adapters.16.weight
Loading all parameter:  u_embedding.adapters.16.bias
Loading all parameter:  u_embedding.adapters.17.weight
Loading all parameter:  u_embedding.adapters.17.bias
Loading all parameter:  u_embedding.adapters.18.weight
Loading all parameter:  u_embedding.adapters.18.bias
Loading all parameter:  u_embedding.adapters.19.weight
Loading all parameter:  u_embedding.adapters.19.bias
Loading all parameter:  u_embedding.adapters.20.weight
Loading all parameter:  u_embedding.adapters.20.bias
Loading all parameter:  u_embedding.adapters.21.weight
Loading all parameter:  u_embedding.adapters.21.bias
Loading all parameter:  u_embedding.adapters.22.weight
Loading all parameter:  u_embedding.adapters.22.bias
Loading all parameter:  u_embedding.adapters.23.weight
Loading all parameter:  u_embedding.adapters.23.bias
Loading all parameter:  u_embedding.adapters.24.weight
Loading all parameter:  u_embedding.adapters.24.bias
Loading all parameter:  u_embedding.adapters.25.weight
Loading all parameter:  u_embedding.adapters.25.bias
Loading all parameter:  u_embedding.adapters.26.weight
Loading all parameter:  u_embedding.adapters.26.bias
Loading all parameter:  u_embedding.adapters.27.weight
Loading all parameter:  u_embedding.adapters.27.bias
Loading all parameter:  u_embedding.adapters.28.weight
Loading all parameter:  u_embedding.adapters.28.bias
Loading all parameter:  u_embedding.adapters.29.weight
Loading all parameter:  u_embedding.adapters.29.bias
Loading all parameter:  u_embedding.adapters.30.weight
Loading all parameter:  u_embedding.adapters.30.bias
Loading all parameter:  u_embedding.adapters.31.weight
Loading all parameter:  u_embedding.adapters.31.bias
Loading all parameter:  u_embedding.adapters.32.weight
Loading all parameter:  u_embedding.adapters.32.bias
Loading all parameter:  u_embedding.adapters.33.weight
Loading all parameter:  u_embedding.adapters.33.bias
Loading all parameter:  u_embedding.adapters.34.weight
Loading all parameter:  u_embedding.adapters.34.bias
Loading all parameter:  u_embedding.adapters.35.weight
Loading all parameter:  u_embedding.adapters.35.bias
Loading all parameter:  u_embedding.adapters.36.weight
Loading all parameter:  u_embedding.adapters.36.bias
Loading all parameter:  u_embedding.adapters.37.weight
Loading all parameter:  u_embedding.adapters.37.bias
Loading all parameter:  u_embedding.adapters.38.weight
Loading all parameter:  u_embedding.adapters.38.bias
Loading all parameter:  u_embedding.adapters.39.weight
Loading all parameter:  u_embedding.adapters.39.bias
Loading all parameter:  u_embedding.adapters.40.weight
Loading all parameter:  u_embedding.adapters.40.bias
Loading all parameter:  u_embedding.adapters.41.weight
Loading all parameter:  u_embedding.adapters.41.bias
Loading all parameter:  u_embedding.adapters.42.weight
Loading all parameter:  u_embedding.adapters.42.bias
Loading all parameter:  u_embedding.adapters.43.weight
Loading all parameter:  u_embedding.adapters.43.bias
Loading all parameter:  u_embedding.adapters.44.weight
Loading all parameter:  u_embedding.adapters.44.bias
Loading all parameter:  u_embedding.adapters.45.weight
Loading all parameter:  u_embedding.adapters.45.bias
Loading all parameter:  u_embedding.adapters.46.weight
Loading all parameter:  u_embedding.adapters.46.bias
Loading all parameter:  u_embedding.adapters.47.weight
Loading all parameter:  u_embedding.adapters.47.bias
Loading all parameter:  u_embedding.adapters.48.weight
Loading all parameter:  u_embedding.adapters.48.bias
Loading all parameter:  u_embedding.adapters.49.weight
Loading all parameter:  u_embedding.adapters.49.bias
Loading all parameter:  u_embedding.adapters.50.weight
Loading all parameter:  u_embedding.adapters.50.bias
Loading all parameter:  u_embedding.adapters.51.weight
Loading all parameter:  u_embedding.adapters.51.bias
Loading all parameter:  u_embedding.adapters.52.weight
Loading all parameter:  u_embedding.adapters.52.bias
Loading all parameter:  u_embedding.adapters.53.weight
Loading all parameter:  u_embedding.adapters.53.bias
Loading all parameter:  u_embedding.adapters.54.weight
Loading all parameter:  u_embedding.adapters.54.bias
Loading all parameter:  u_embedding.adapters.55.weight
Loading all parameter:  u_embedding.adapters.55.bias
Loading all parameter:  u_embedding.adapters.56.weight
Loading all parameter:  u_embedding.adapters.56.bias
Loading all parameter:  u_embedding.adapters.57.weight
Loading all parameter:  u_embedding.adapters.57.bias
Loading all parameter:  u_embedding.adapters.58.weight
Loading all parameter:  u_embedding.adapters.58.bias
Loading all parameter:  u_embedding.adapters.59.weight
Loading all parameter:  u_embedding.adapters.59.bias
Loading all parameter:  u_embedding.adapters.60.weight
Loading all parameter:  u_embedding.adapters.60.bias
Loading all parameter:  u_embedding.adapters.61.weight
Loading all parameter:  u_embedding.adapters.61.bias
Loading all parameter:  u_embedding.adapters.62.weight
Loading all parameter:  u_embedding.adapters.62.bias
Loading all parameter:  u_embedding.adapters.63.weight
Loading all parameter:  u_embedding.adapters.63.bias
Loading all parameter:  u_embedding.adapters.64.weight
Loading all parameter:  u_embedding.adapters.64.bias
Loading all parameter:  u_embedding.adapters.65.weight
Loading all parameter:  u_embedding.adapters.65.bias
Loading all parameter:  u_embedding.adapters.66.weight
Loading all parameter:  u_embedding.adapters.66.bias
Loading all parameter:  u_embedding.adapters.67.weight
Loading all parameter:  u_embedding.adapters.67.bias
Loading all parameter:  u_embedding.adapters.68.weight
Loading all parameter:  u_embedding.adapters.68.bias
Loading all parameter:  u_embedding.adapters.69.weight
Loading all parameter:  u_embedding.adapters.69.bias
Loading all parameter:  u_embedding.adapters.70.weight
Loading all parameter:  u_embedding.adapters.70.bias
Loading all parameter:  u_embedding.adapters.71.weight
Loading all parameter:  u_embedding.adapters.71.bias
Loading all parameter:  u_embedding.adapters.72.weight
Loading all parameter:  u_embedding.adapters.72.bias
Loading all parameter:  u_embedding.adapters.73.weight
Loading all parameter:  u_embedding.adapters.73.bias
Loading all parameter:  u_embedding.adapters.74.weight
Loading all parameter:  u_embedding.adapters.74.bias
Loading all parameter:  u_embedding.adapters.75.weight
Loading all parameter:  u_embedding.adapters.75.bias
Loading all parameter:  u_embedding.adapters.76.weight
Loading all parameter:  u_embedding.adapters.76.bias
Loading all parameter:  u_embedding.adapters.77.weight
Loading all parameter:  u_embedding.adapters.77.bias
Loading all parameter:  u_embedding.adapters.78.weight
Loading all parameter:  u_embedding.adapters.78.bias
Loading all parameter:  u_embedding.adapters.79.weight
Loading all parameter:  u_embedding.adapters.79.bias
Loading all parameter:  u_embedding.adapters.80.weight
Loading all parameter:  u_embedding.adapters.80.bias
Loading all parameter:  u_embedding.adapters.81.weight
Loading all parameter:  u_embedding.adapters.81.bias
Loading all parameter:  u_embedding.adapters.82.weight
Loading all parameter:  u_embedding.adapters.82.bias
Loading all parameter:  u_embedding.adapters.83.weight
Loading all parameter:  u_embedding.adapters.83.bias
Loading all parameter:  u_embedding.adapters.84.weight
Loading all parameter:  u_embedding.adapters.84.bias
Loading all parameter:  u_embedding.adapters.85.weight
Loading all parameter:  u_embedding.adapters.85.bias
Loading all parameter:  u_embedding.adapters.86.weight
Loading all parameter:  u_embedding.adapters.86.bias
Loading all parameter:  u_embedding.adapters.87.weight
Loading all parameter:  u_embedding.adapters.87.bias
Loading all parameter:  u_embedding.adapters.88.weight
Loading all parameter:  u_embedding.adapters.88.bias
Loading all parameter:  u_embedding.adapters.89.weight
Loading all parameter:  u_embedding.adapters.89.bias
Loading all parameter:  u_embedding.adapters.90.weight
Loading all parameter:  u_embedding.adapters.90.bias
Loading all parameter:  u_embedding.adapters.91.weight
Loading all parameter:  u_embedding.adapters.91.bias
Loading all parameter:  u_embedding.adapters.92.weight
Loading all parameter:  u_embedding.adapters.92.bias
Loading all parameter:  u_embedding.adapters.93.weight
Loading all parameter:  u_embedding.adapters.93.bias
Loading all parameter:  u_embedding.adapters.94.weight
Loading all parameter:  u_embedding.adapters.94.bias
Loading all parameter:  u_embedding.adapters.95.weight
Loading all parameter:  u_embedding.adapters.95.bias
Loading all parameter:  u_embedding.adapters.96.weight
Loading all parameter:  u_embedding.adapters.96.bias
Loading all parameter:  u_embedding.adapters.97.weight
Loading all parameter:  u_embedding.adapters.97.bias
Loading all parameter:  u_embedding.adapters.98.weight
Loading all parameter:  u_embedding.adapters.98.bias
Loading all parameter:  u_embedding.adapters.99.weight
Loading all parameter:  u_embedding.adapters.99.bias
Loading all parameter:  u_embedding.adapters.100.weight
Loading all parameter:  u_embedding.adapters.100.bias
Loading all parameter:  u_embedding.adapters.101.weight
Loading all parameter:  u_embedding.adapters.101.bias
Loading all parameter:  u_embedding.adapters.102.weight
Loading all parameter:  u_embedding.adapters.102.bias
Loading all parameter:  u_embedding.adapters.103.weight
Loading all parameter:  u_embedding.adapters.103.bias
Loading all parameter:  u_embedding.adapters.104.weight
Loading all parameter:  u_embedding.adapters.104.bias
Loading all parameter:  u_embedding.adapters.105.weight
Loading all parameter:  u_embedding.adapters.105.bias
Loading all parameter:  u_embedding.adapters.106.weight
Loading all parameter:  u_embedding.adapters.106.bias
Loading all parameter:  u_embedding.adapters.107.weight
Loading all parameter:  u_embedding.adapters.107.bias
Loading all parameter:  u_embedding.adapters.108.weight
Loading all parameter:  u_embedding.adapters.108.bias
Loading all parameter:  u_embedding.adapters.109.weight
Loading all parameter:  u_embedding.adapters.109.bias
Loading all parameter:  u_embedding.adapters.110.weight
Loading all parameter:  u_embedding.adapters.110.bias
Loading all parameter:  u_embedding.adapters.111.weight
Loading all parameter:  u_embedding.adapters.111.bias
Loading all parameter:  u_embedding.adapters.112.weight
Loading all parameter:  u_embedding.adapters.112.bias
Loading all parameter:  u_embedding.adapters.113.weight
Loading all parameter:  u_embedding.adapters.113.bias
Loading all parameter:  u_embedding.adapters.114.weight
Loading all parameter:  u_embedding.adapters.114.bias
Loading all parameter:  u_embedding.adapters.115.weight
Loading all parameter:  u_embedding.adapters.115.bias
Loading all parameter:  u_embedding.adapters.116.weight
Loading all parameter:  u_embedding.adapters.116.bias
Loading all parameter:  u_embedding.adapters.117.weight
Loading all parameter:  u_embedding.adapters.117.bias
Loading all parameter:  u_embedding.adapters.118.weight
Loading all parameter:  u_embedding.adapters.118.bias
Loading all parameter:  u_embedding.adapters.119.weight
Loading all parameter:  u_embedding.adapters.119.bias
Loading all parameter:  u_embedding.adapters.120.weight
Loading all parameter:  u_embedding.adapters.120.bias
Loading all parameter:  u_embedding.adapters.121.weight
Loading all parameter:  u_embedding.adapters.121.bias
Loading all parameter:  u_embedding.adapters.122.weight
Loading all parameter:  u_embedding.adapters.122.bias
Loading all parameter:  u_embedding.adapters.123.weight
Loading all parameter:  u_embedding.adapters.123.bias
Loading all parameter:  u_embedding.adapters.124.weight
Loading all parameter:  u_embedding.adapters.124.bias
Loading all parameter:  u_embedding.adapters.125.weight
Loading all parameter:  u_embedding.adapters.125.bias
Loading all parameter:  u_embedding.adapters.126.weight
Loading all parameter:  u_embedding.adapters.126.bias
Loading all parameter:  u_embedding.adapters.127.weight
Loading all parameter:  u_embedding.adapters.127.bias
Loading all parameter:  zs_embedding.0.weight
Loading all parameter:  zs_embedding.0.bias
Loading all parameter:  reid_projector.weight
Loading parameter:  reid_projector.weight
Loading all parameter:  bottlenect.weight
Loading all parameter:  bottlenect.bias
Loading all parameter:  bottlenect.running_mean
Loading all parameter:  bottlenect.running_var
Loading all parameter:  bottlenect.num_batches_tracked
Loading all parameter:  i2t_projector.weight
Ignores parameter:  i2t_projector.weight
Loading all parameter:  i2t_projector.bias
Ignores parameter:  i2t_projector.bias
orginal best rank1 = 0
=> Start evaluation on Novel data without finetuning
=> Test CLASSIFICATION performance
==========Test with latent_z: z_c =========
Extracted features for query set, obtained torch.Size([9875, 1280]) matrix
Extracted features for gallery set, obtained torch.Size([102127, 1280]) matrix
Extracted features for validation set, obtained torch.Size([112002, 1280]) matrix
Extracting features complete in 1m 19s
Using 1m 19s
Val Classifier results ---------------------------------------------------
Total acc: 1.0%
Test Classifier results ---------------------------------------------------
Query acc: 0.8% Gallery acc: 1.0% Total acc: 1.0%
=> Start training
Epoch:1 Time:7.0 Data:0.0 Loss:676.6242 Cls Loss:4.8202 Pair Loss:0.2981 Center Loss:671.5058 KL Loss:19.7231 Recon Loss:0.0952 Acc:0.0080 
=> Current learning rate: 0.000020
Epoch:2 Time:5.0 Data:0.0 Loss:168.4431 Cls Loss:4.7945 Pair Loss:0.2987 Center Loss:163.3499 KL Loss:18.7232 Recon Loss:0.0966 Acc:0.0320 
=> Current learning rate: 0.000040
Epoch:3 Time:4.5 Data:0.0 Loss:43.7198 Cls Loss:4.7682 Pair Loss:0.2984 Center Loss:38.6532 KL Loss:17.7230 Recon Loss:0.0971 Acc:0.0160 
=> Current learning rate: 0.000060
Epoch:4 Time:4.3 Data:0.0 Loss:13.1751 Cls Loss:4.7180 Pair Loss:0.2977 Center Loss:8.1594 KL Loss:16.7231 Recon Loss:0.0976 Acc:0.0280 
=> Current learning rate: 0.000080
Epoch:5 Time:4.1 Data:0.0 Loss:7.2488 Cls Loss:4.7182 Pair Loss:0.2988 Center Loss:2.2318 KL Loss:15.7237 Recon Loss:0.0978 Acc:0.0140 
=> Test at epoch 5
==========Test with latent_z: z_c =========
Extracted features for query set, obtained torch.Size([9875, 1280]) matrix
Extracted features for gallery set, obtained torch.Size([102127, 1280]) matrix
Extracted features for validation set, obtained torch.Size([112002, 1280]) matrix
Extracting features complete in 1m 22s
Using 1m 22s
Val Classifier results ---------------------------------------------------
Total acc: 1.4%
Test Classifier results ---------------------------------------------------
Query acc: 1.4% Gallery acc: 1.4% Total acc: 1.4%
=> Current learning rate: 0.000100
Epoch:6 Time:4.4 Data:0.0 Loss:5.4189 Cls Loss:4.6543 Pair Loss:0.2977 Center Loss:0.4669 KL Loss:14.7236 Recon Loss:0.0965 Acc:0.0120 
=> Current learning rate: 0.000100
Epoch:7 Time:4.6 Data:0.0 Loss:5.1603 Cls Loss:4.7233 Pair Loss:0.2984 Center Loss:0.1385 KL Loss:13.7240 Recon Loss:0.0984 Acc:0.0200 
=> Current learning rate: 0.000100
Epoch:8 Time:4.8 Data:0.0 Loss:4.9869 Cls Loss:4.6648 Pair Loss:0.2984 Center Loss:0.0236 KL Loss:12.7234 Recon Loss:0.0969 Acc:0.0260 
=> Current learning rate: 0.000100
Epoch:9 Time:4.5 Data:0.0 Loss:4.9639 Cls Loss:4.6571 Pair Loss:0.2977 Center Loss:0.0091 KL Loss:11.7230 Recon Loss:0.0977 Acc:0.0300 
=> Current learning rate: 0.000100
Epoch:10 Time:3.5 Data:0.0 Loss:4.9663 Cls Loss:4.6670 Pair Loss:0.2983 Center Loss:0.0010 KL Loss:10.7239 Recon Loss:0.0981 Acc:0.0140 
=> Test at epoch 10
==========Test with latent_z: z_c =========
Extracted features for query set, obtained torch.Size([9875, 1280]) matrix
Extracted features for gallery set, obtained torch.Size([102127, 1280]) matrix
Extracted features for validation set, obtained torch.Size([112002, 1280]) matrix
Extracting features complete in 1m 8s
Using 1m 8s
Val Classifier results ---------------------------------------------------
Total acc: 2.8%
Test Classifier results ---------------------------------------------------
Query acc: 1.0% Gallery acc: 2.9% Total acc: 2.8%
=> Current learning rate: 0.000100
Epoch:11 Time:4.6 Data:0.0 Loss:4.9710 Cls Loss:4.6734 Pair Loss:0.2973 Center Loss:0.0004 KL Loss:9.7233 Recon Loss:0.0971 Acc:0.0060 
=> Current learning rate: 0.000100
Epoch:12 Time:3.9 Data:0.0 Loss:4.9658 Cls Loss:4.6675 Pair Loss:0.2981 Center Loss:0.0002 KL Loss:8.7232 Recon Loss:0.0976 Acc:0.0200 
=> Current learning rate: 0.000100
Epoch:13 Time:4.5 Data:0.0 Loss:4.9400 Cls Loss:4.6429 Pair Loss:0.2970 Center Loss:0.0002 KL Loss:7.7231 Recon Loss:0.0965 Acc:0.0180 
=> Current learning rate: 0.000100
Epoch:14 Time:4.3 Data:0.0 Loss:4.9377 Cls Loss:4.6398 Pair Loss:0.2978 Center Loss:0.0001 KL Loss:6.7236 Recon Loss:0.0975 Acc:0.0220 
=> Current learning rate: 0.000100
Epoch:15 Time:4.1 Data:0.0 Loss:4.9433 Cls Loss:4.6463 Pair Loss:0.2968 Center Loss:0.0001 KL Loss:5.7230 Recon Loss:0.0962 Acc:0.0300 
=> Test at epoch 15
==========Test with latent_z: z_c =========
Extracted features for query set, obtained torch.Size([9875, 1280]) matrix
Extracted features for gallery set, obtained torch.Size([102127, 1280]) matrix
Extracted features for validation set, obtained torch.Size([112002, 1280]) matrix
Extracting features complete in 1m 9s
Using 1m 9s
Val Classifier results ---------------------------------------------------
Total acc: 1.2%
Test Classifier results ---------------------------------------------------
Query acc: 0.9% Gallery acc: 1.3% Total acc: 1.2%
=> Current learning rate: 0.000100
Epoch:16 Time:4.6 Data:0.0 Loss:4.9304 Cls Loss:4.6329 Pair Loss:0.2974 Center Loss:0.0001 KL Loss:4.7229 Recon Loss:0.0970 Acc:0.0300 
=> Current learning rate: 0.000100
Epoch:17 Time:4.9 Data:0.0 Loss:4.9518 Cls Loss:4.6539 Pair Loss:0.2978 Center Loss:0.0001 KL Loss:3.7236 Recon Loss:0.0976 Acc:0.0160 
=> Current learning rate: 0.000100
Epoch:18 Time:4.2 Data:0.0 Loss:4.9468 Cls Loss:4.6484 Pair Loss:0.2983 Center Loss:0.0001 KL Loss:2.7232 Recon Loss:0.0971 Acc:0.0200 
=> Current learning rate: 0.000100
Epoch:19 Time:3.8 Data:0.0 Loss:4.9244 Cls Loss:4.6269 Pair Loss:0.2974 Center Loss:0.0001 KL Loss:1.7231 Recon Loss:0.0974 Acc:0.0220 
=> Current learning rate: 0.000100
Epoch:20 Time:5.1 Data:0.0 Loss:4.9332 Cls Loss:4.6347 Pair Loss:0.2984 Center Loss:0.0001 KL Loss:0.7230 Recon Loss:0.0984 Acc:0.0140 
=> Test at epoch 20
==========Test with latent_z: z_c =========
Extracted features for query set, obtained torch.Size([9875, 1280]) matrix
Extracted features for gallery set, obtained torch.Size([102127, 1280]) matrix
Extracted features for validation set, obtained torch.Size([112002, 1280]) matrix
Extracting features complete in 1m 22s
Using 1m 22s
Val Classifier results ---------------------------------------------------
Total acc: 0.8%
Test Classifier results ---------------------------------------------------
Query acc: 1.4% Gallery acc: 0.8% Total acc: 0.8%
=> Current learning rate: 0.000100
Epoch:21 Time:5.4 Data:0.0 Loss:4.9561 Cls Loss:4.6583 Pair Loss:0.2976 Center Loss:0.0001 KL Loss:0.2283 Recon Loss:0.0964 Acc:0.0140 
=> Current learning rate: 0.000100
Epoch:22 Time:5.5 Data:0.0 Loss:4.9557 Cls Loss:4.6584 Pair Loss:0.2973 Center Loss:0.0001 KL Loss:0.2281 Recon Loss:0.0968 Acc:0.0240 
=> Current learning rate: 0.000100
Epoch:23 Time:4.6 Data:0.0 Loss:4.8965 Cls Loss:4.6006 Pair Loss:0.2958 Center Loss:0.0001 KL Loss:0.2293 Recon Loss:0.0977 Acc:0.0420 
=> Current learning rate: 0.000100
Epoch:24 Time:4.3 Data:0.0 Loss:4.8822 Cls Loss:4.5863 Pair Loss:0.2957 Center Loss:0.0002 KL Loss:0.2282 Recon Loss:0.0976 Acc:0.0380 
=> Current learning rate: 0.000100
Epoch:25 Time:4.5 Data:0.0 Loss:4.9200 Cls Loss:4.6237 Pair Loss:0.2961 Center Loss:0.0002 KL Loss:0.2288 Recon Loss:0.0977 Acc:0.0260 
=> Test at epoch 25
==========Test with latent_z: z_c =========
Extracted features for query set, obtained torch.Size([9875, 1280]) matrix
Extracted features for gallery set, obtained torch.Size([102127, 1280]) matrix
Extracted features for validation set, obtained torch.Size([112002, 1280]) matrix
Extracting features complete in 1m 31s
Using 1m 31s
Val Classifier results ---------------------------------------------------
Total acc: 0.6%
Test Classifier results ---------------------------------------------------
Query acc: 1.0% Gallery acc: 0.5% Total acc: 0.6%
=> Current learning rate: 0.000100
Epoch:26 Time:5.1 Data:0.0 Loss:4.9045 Cls Loss:4.6082 Pair Loss:0.2962 Center Loss:0.0001 KL Loss:0.2284 Recon Loss:0.0961 Acc:0.0200 
=> Current learning rate: 0.000100
Epoch:27 Time:5.0 Data:0.0 Loss:4.9380 Cls Loss:4.6405 Pair Loss:0.2973 Center Loss:0.0002 KL Loss:0.2280 Recon Loss:0.0969 Acc:0.0180 
=> Current learning rate: 0.000100
Epoch:28 Time:4.5 Data:0.0 Loss:4.9480 Cls Loss:4.6503 Pair Loss:0.2975 Center Loss:0.0001 KL Loss:0.2285 Recon Loss:0.0982 Acc:0.0120 
=> Current learning rate: 0.000100
Epoch:29 Time:4.3 Data:0.0 Loss:4.8763 Cls Loss:4.5794 Pair Loss:0.2968 Center Loss:0.0001 KL Loss:0.2277 Recon Loss:0.0966 Acc:0.0300 
=> Current learning rate: 0.000100
Epoch:30 Time:4.5 Data:0.0 Loss:4.9202 Cls Loss:4.6224 Pair Loss:0.2976 Center Loss:0.0002 KL Loss:0.2276 Recon Loss:0.0972 Acc:0.0140 
=> Test at epoch 30
==========Test with latent_z: z_c =========
Extracted features for query set, obtained torch.Size([9875, 1280]) matrix
Extracted features for gallery set, obtained torch.Size([102127, 1280]) matrix
Extracted features for validation set, obtained torch.Size([112002, 1280]) matrix
Extracting features complete in 1m 31s
Using 1m 31s
Val Classifier results ---------------------------------------------------
Total acc: 1.7%
Test Classifier results ---------------------------------------------------
Query acc: 1.0% Gallery acc: 1.8% Total acc: 1.7%
=> Current learning rate: 0.000100
Epoch:31 Time:5.1 Data:0.0 Loss:4.9540 Cls Loss:4.6562 Pair Loss:0.2977 Center Loss:0.0001 KL Loss:0.2287 Recon Loss:0.0976 Acc:0.0140 
=> Current learning rate: 0.000010
Epoch:32 Time:5.4 Data:0.0 Loss:4.8929 Cls Loss:4.5968 Pair Loss:0.2960 Center Loss:0.0001 KL Loss:0.2285 Recon Loss:0.0985 Acc:0.0300 
=> Current learning rate: 0.000010
Epoch:33 Time:5.3 Data:0.0 Loss:4.9352 Cls Loss:4.6384 Pair Loss:0.2966 Center Loss:0.0002 KL Loss:0.2284 Recon Loss:0.0981 Acc:0.0180 
=> Current learning rate: 0.000010
Epoch:34 Time:4.4 Data:0.0 Loss:4.9065 Cls Loss:4.6092 Pair Loss:0.2971 Center Loss:0.0001 KL Loss:0.2285 Recon Loss:0.0968 Acc:0.0060 
=> Current learning rate: 0.000010
Epoch:35 Time:5.8 Data:0.0 Loss:4.9623 Cls Loss:4.6644 Pair Loss:0.2978 Center Loss:0.0001 KL Loss:0.2293 Recon Loss:0.0965 Acc:0.0020 
=> Test at epoch 35
==========Test with latent_z: z_c =========
Extracted features for query set, obtained torch.Size([9875, 1280]) matrix
Extracted features for gallery set, obtained torch.Size([102127, 1280]) matrix
Extracted features for validation set, obtained torch.Size([112002, 1280]) matrix
Extracting features complete in 1m 22s
Using 1m 22s
Val Classifier results ---------------------------------------------------
Total acc: 2.0%
Test Classifier results ---------------------------------------------------
Query acc: 1.3% Gallery acc: 2.0% Total acc: 2.0%
=> Current learning rate: 0.000010
Epoch:36 Time:3.7 Data:0.0 Loss:4.8916 Cls Loss:4.5955 Pair Loss:0.2959 Center Loss:0.0002 KL Loss:0.2284 Recon Loss:0.0970 Acc:0.0160 
=> Current learning rate: 0.000010
Epoch:37 Time:5.1 Data:0.0 Loss:4.9163 Cls Loss:4.6203 Pair Loss:0.2959 Center Loss:0.0001 KL Loss:0.2288 Recon Loss:0.0979 Acc:0.0280 
=> Current learning rate: 0.000010
Epoch:38 Time:5.0 Data:0.0 Loss:4.9194 Cls Loss:4.6219 Pair Loss:0.2974 Center Loss:0.0001 KL Loss:0.2294 Recon Loss:0.0983 Acc:0.0160 
=> Current learning rate: 0.000010
Epoch:39 Time:3.8 Data:0.0 Loss:4.9125 Cls Loss:4.6176 Pair Loss:0.2947 Center Loss:0.0002 KL Loss:0.2286 Recon Loss:0.0991 Acc:0.0280 
=> Current learning rate: 0.000010
Epoch:40 Time:5.3 Data:0.0 Loss:4.9395 Cls Loss:4.6425 Pair Loss:0.2968 Center Loss:0.0002 KL Loss:0.2286 Recon Loss:0.0961 Acc:0.0060 
=> Test at epoch 40
==========Test with latent_z: z_c =========
Extracted features for query set, obtained torch.Size([9875, 1280]) matrix
Extracted features for gallery set, obtained torch.Size([102127, 1280]) matrix
Extracted features for validation set, obtained torch.Size([112002, 1280]) matrix
Extracting features complete in 1m 17s
Using 1m 17s
Val Classifier results ---------------------------------------------------
Total acc: 2.0%
Test Classifier results ---------------------------------------------------
Query acc: 1.8% Gallery acc: 2.0% Total acc: 2.0%
=> Current learning rate: 0.000010
Epoch:41 Time:4.2 Data:0.0 Loss:4.9193 Cls Loss:4.6225 Pair Loss:0.2966 Center Loss:0.0002 KL Loss:0.2280 Recon Loss:0.0966 Acc:0.0080 
=> Current learning rate: 0.000010
Epoch:42 Time:5.1 Data:0.0 Loss:4.8827 Cls Loss:4.5859 Pair Loss:0.2967 Center Loss:0.0001 KL Loss:0.2290 Recon Loss:0.0976 Acc:0.0220 
=> Current learning rate: 0.000010
Epoch:43 Time:5.8 Data:0.0 Loss:4.8878 Cls Loss:4.5924 Pair Loss:0.2952 Center Loss:0.0002 KL Loss:0.2282 Recon Loss:0.0977 Acc:0.0260 
=> Current learning rate: 0.000010
Epoch:44 Time:4.0 Data:0.0 Loss:4.9291 Cls Loss:4.6322 Pair Loss:0.2967 Center Loss:0.0001 KL Loss:0.2290 Recon Loss:0.0978 Acc:0.0160 
=> Current learning rate: 0.000010
Epoch:45 Time:4.6 Data:0.0 Loss:4.9232 Cls Loss:4.6262 Pair Loss:0.2969 Center Loss:0.0002 KL Loss:0.2286 Recon Loss:0.0985 Acc:0.0240 
=> Test at epoch 45
==========Test with latent_z: z_c =========
Extracted features for query set, obtained torch.Size([9875, 1280]) matrix
Extracted features for gallery set, obtained torch.Size([102127, 1280]) matrix
Extracted features for validation set, obtained torch.Size([112002, 1280]) matrix
Extracting features complete in 1m 6s
Using 1m 6s
Val Classifier results ---------------------------------------------------
Total acc: 1.6%
Test Classifier results ---------------------------------------------------
Query acc: 1.5% Gallery acc: 1.7% Total acc: 1.6%
=> Current learning rate: 0.000010
Epoch:46 Time:3.8 Data:0.0 Loss:4.8992 Cls Loss:4.6026 Pair Loss:0.2965 Center Loss:0.0002 KL Loss:0.2289 Recon Loss:0.0971 Acc:0.0200 
=> Current learning rate: 0.000010
Epoch:47 Time:3.8 Data:0.0 Loss:4.8775 Cls Loss:4.5814 Pair Loss:0.2959 Center Loss:0.0002 KL Loss:0.2293 Recon Loss:0.0981 Acc:0.0240 
=> Current learning rate: 0.000010
Epoch:48 Time:4.2 Data:0.0 Loss:4.9076 Cls Loss:4.6101 Pair Loss:0.2973 Center Loss:0.0002 KL Loss:0.2285 Recon Loss:0.0966 Acc:0.0120 
=> Current learning rate: 0.000010
Epoch:49 Time:4.7 Data:0.0 Loss:4.9409 Cls Loss:4.6435 Pair Loss:0.2973 Center Loss:0.0001 KL Loss:0.2290 Recon Loss:0.0992 Acc:0.0100 
=> Current learning rate: 0.000010
Epoch:50 Time:3.7 Data:0.0 Loss:4.8992 Cls Loss:4.6017 Pair Loss:0.2973 Center Loss:0.0002 KL Loss:0.2289 Recon Loss:0.0974 Acc:0.0120 
=> Test at epoch 50
==========Test with latent_z: z_c =========
Extracted features for query set, obtained torch.Size([9875, 1280]) matrix
Extracted features for gallery set, obtained torch.Size([102127, 1280]) matrix
Extracted features for validation set, obtained torch.Size([112002, 1280]) matrix
Extracting features complete in 1m 14s
Using 1m 14s
Val Classifier results ---------------------------------------------------
Total acc: 0.8%
Test Classifier results ---------------------------------------------------
Query acc: 1.7% Gallery acc: 0.7% Total acc: 0.8%
=> Current learning rate: 0.000010
Epoch:51 Time:3.6 Data:0.0 Loss:4.9026 Cls Loss:4.6066 Pair Loss:0.2959 Center Loss:0.0002 KL Loss:0.2284 Recon Loss:0.0964 Acc:0.0240 
=> Current learning rate: 0.000010
Epoch:52 Time:5.0 Data:0.0 Loss:4.9287 Cls Loss:4.6307 Pair Loss:0.2979 Center Loss:0.0001 KL Loss:0.2291 Recon Loss:0.0984 Acc:0.0160 
=> Current learning rate: 0.000010
Epoch:53 Time:5.6 Data:0.0 Loss:4.9265 Cls Loss:4.6299 Pair Loss:0.2964 Center Loss:0.0002 KL Loss:0.2292 Recon Loss:0.0957 Acc:0.0140 
=> Current learning rate: 0.000010
Epoch:54 Time:5.2 Data:0.0 Loss:4.9082 Cls Loss:4.6118 Pair Loss:0.2962 Center Loss:0.0002 KL Loss:0.2284 Recon Loss:0.0980 Acc:0.0160 
=> Current learning rate: 0.000010
Epoch:55 Time:4.1 Data:0.0 Loss:4.8852 Cls Loss:4.5887 Pair Loss:0.2963 Center Loss:0.0002 KL Loss:0.2286 Recon Loss:0.0983 Acc:0.0240 
=> Test at epoch 55
==========Test with latent_z: z_c =========
Extracted features for query set, obtained torch.Size([9875, 1280]) matrix
Extracted features for gallery set, obtained torch.Size([102127, 1280]) matrix
Extracted features for validation set, obtained torch.Size([112002, 1280]) matrix
Extracting features complete in 1m 17s
Using 1m 17s
Val Classifier results ---------------------------------------------------
Total acc: 0.7%
Test Classifier results ---------------------------------------------------
Query acc: 1.6% Gallery acc: 0.6% Total acc: 0.7%
=> Current learning rate: 0.000010
Epoch:56 Time:5.7 Data:0.0 Loss:4.8979 Cls Loss:4.6018 Pair Loss:0.2959 Center Loss:0.0002 KL Loss:0.2284 Recon Loss:0.0958 Acc:0.0200 
=> Current learning rate: 0.000010
Epoch:57 Time:4.8 Data:0.0 Loss:4.9187 Cls Loss:4.6228 Pair Loss:0.2957 Center Loss:0.0002 KL Loss:0.2292 Recon Loss:0.0975 Acc:0.0280 
=> Current learning rate: 0.000010
Epoch:58 Time:4.5 Data:0.0 Loss:4.8778 Cls Loss:4.5822 Pair Loss:0.2954 Center Loss:0.0002 KL Loss:0.2287 Recon Loss:0.0968 Acc:0.0160 
=> Current learning rate: 0.000010
Epoch:59 Time:3.6 Data:0.0 Loss:4.9170 Cls Loss:4.6205 Pair Loss:0.2964 Center Loss:0.0002 KL Loss:0.2280 Recon Loss:0.0976 Acc:0.0140 
=> Current learning rate: 0.000010
Epoch:60 Time:3.6 Data:0.0 Loss:4.9549 Cls Loss:4.6569 Pair Loss:0.2978 Center Loss:0.0001 KL Loss:0.2290 Recon Loss:0.1002 Acc:0.0100 
=> Test at epoch 60
==========Test with latent_z: z_c =========
Extracted features for query set, obtained torch.Size([9875, 1280]) matrix
Extracted features for gallery set, obtained torch.Size([102127, 1280]) matrix
Extracted features for validation set, obtained torch.Size([112002, 1280]) matrix
Extracting features complete in 1m 25s
Using 1m 25s
Val Classifier results ---------------------------------------------------
Total acc: 1.4%
Test Classifier results ---------------------------------------------------
Query acc: 1.5% Gallery acc: 1.4% Total acc: 1.4%
Keep checkpoint file: checkpoint_ep60.pth.tar
=> Current learning rate: 0.000010
=> Best Val Acc 2.8% at epoch 10: 
 Test Acc: Query 1.0%, Gallery 2.9%, Total 2.8%
Finished. Total elapsed time (h:m:s): 0:21:21. Training time (h:m:s): 0:05:31.
