=> merge config from ./configs/tuberlin_categray/clipreid_cvae_kl_novel.yaml
=> Configurations:
-------------------------
AMP: True
AUG:
  RC_PROB: 0.5
  RE_PROB: 0.5
DATA:
  CUHK03_CLASSIC_SPLIT: False
  CUHK03_LABELED: False
  DATASET: tuberlin
  FORMAT_TAG: tensor
  HEIGHT: 256
  NUM_INSTANCES: 4
  NUM_WORKERS: 4
  ROOT: /home/zhengwei/my_data/datasets
  SPLIT_ID: 0
  TEST_BATCH: 512
  TRAIN_BATCH: 64
  TRAIN_FORMAT: novel
  WIDTH: 128
EVAL_MODE: False
FEWSHOT:
  ENABLE: True
  EPISODE: 100
  KSHOT: 5
  NWAY: 5
GPU: 3
LOSS:
  CLA_LOSS: crossentropy
  CLA_M: 0.0
  CLA_S: 16.0
  PAIR_LOSS: triplet
  PAIR_M: 0.3
  PAIR_S: 16.0
  RECON_LOSS: mse
  USE_NCE: False
MODEL:
  CONDITIONAL: False
  FEATURE_DIM: 1280
  FEAT_FUSION: False
  FLOW_TYPE: 
  GAUSSIAN: MultivariateNormal
  HIDDEN_DIM: 256
  LATENT_SIZE: 64
  NAME: CVAE
  ONLY_CVAE_KL: False
  ONLY_X_INPUT: False
  PRETRAIN: CLIPreID_Novel_TUBerlin
  PROJECTION_TYPE: None
  RES4_STRIDE: 1
  RESUME: /data/zhengwei/CVAE/outputs/tuberlin/clipreid_simplevae_base/2024-09-18/baseTuberlin_SimpleVAE_128+64z_1e3_60+120_KLtotalZ_noCLS/2nd_stage/2024-09-18/baseTUBerlin_SimpleVAE_128+64z_1e4_60+120_KLtotalZ_L1280+bnTuneVersion+CLS_Trip+Center+Ce
  STYLE_NUM: 0
  TRAIN_STAGE: klNocls_stage
  USE_CENTROID: False
  USE_TWO_ENCODER: False
  VAE_TYPE: SinpleVAE
  ZC_DIM: 128
  ZS_DIM: 64
OUTPUT: /data/zhengwei/CVAE/outputs/tuberlin/clipreid_simplevae_base/novel/2024-09-19/novelTUBerlin_SimpleVAE_128+64z_1e3_60+120_KLtotalZ+lessC_all5w5s_noCLS_forLinear
SAVED_NAME: novelTUBerlin_SimpleVAE_128+64z_1e3_60+120_KLtotalZ+lessC_all5w5s_noCLS_forLinear
SEED: 0
TAG: clipreid_simplevae_base
TEST:
  DISTANCE: cosine
  EVAL_STEP: 5
  START_EVAL: -1
TRAIN:
  AMP: False
  LR_SCHEDULER:
    DECAY_RATE: 0.1
    NAME: MultiStepLR
    STEPSIZE: [30]
  MAX_EPOCH: 60
  OPTIMIZER:
    LR: 0.001
    NAME: adam
    SGDLR: 0.01
    SGD_MOMENTUM: 0.9
    SGD_WEIGHT_DECAY: 0.0005
    WEIGHT_DECAY: 0.0001
  START_EPOCH: 0
----------------------
Initializing dataset tuberlin
=> TUBerlin dataset loaded
Dataset statistics:
  ----------------------------------------
  subset   | # ids | # images | # cameras
  ----------------------------------------
  train    |   125 |     1250 |         1
  query    |   125 |     9375 |         1
  gallery  |   125 |   101627 |         1
  val      |   125 |   111002 |         1
  ----------------------------------------
Initializing SinpleVAE model
============Warning! No projection layer is used in Training!=================
============Warning! Using Defalt Linear 1280 to intialize!=================
Model size: 13.27827M
Using Linear classifier
Initialized classifier with feature_dim: 1280, num_classes: 125
Classifier size: 0.16000M
=> Start tuning the model on Novel data
Loading checkpoint from '/data/zhengwei/CVAE/outputs/tuberlin/clipreid_simplevae_base/2024-09-18/baseTuberlin_SimpleVAE_128+64z_1e3_60+120_KLtotalZ_noCLS/2nd_stage/2024-09-18/baseTUBerlin_SimpleVAE_128+64z_1e4_60+120_KLtotalZ_L1280+bnTuneVersion+CLS_Trip+Center+Ce/best_model.pth.tar'
Loading all parameter:  encoder.0.weight
Loading all parameter:  encoder.0.bias
Loading all parameter:  encoder.1.weight
Loading all parameter:  encoder.1.bias
Loading all parameter:  encoder.1.running_mean
Loading all parameter:  encoder.1.running_var
Loading all parameter:  encoder.1.num_batches_tracked
Loading all parameter:  fc_mu.0.weight
Loading all parameter:  fc_mu.0.bias
Loading all parameter:  fc_logvar.0.weight
Loading all parameter:  fc_logvar.0.bias
Loading all parameter:  decoder.0.weight
Loading all parameter:  decoder.0.bias
Loading all parameter:  decoder.1.weight
Loading all parameter:  decoder.1.bias
Loading all parameter:  decoder.1.running_mean
Loading all parameter:  decoder.1.running_var
Loading all parameter:  decoder.1.num_batches_tracked
Loading all parameter:  decoder.3.weight
Loading all parameter:  decoder.3.bias
Loading all parameter:  u_embedding.gate.0.weight
Loading all parameter:  u_embedding.gate.0.bias
Loading all parameter:  u_embedding.adapters.0.weight
Loading all parameter:  u_embedding.adapters.0.bias
Loading all parameter:  u_embedding.adapters.1.weight
Loading all parameter:  u_embedding.adapters.1.bias
Loading all parameter:  u_embedding.adapters.2.weight
Loading all parameter:  u_embedding.adapters.2.bias
Loading all parameter:  u_embedding.adapters.3.weight
Loading all parameter:  u_embedding.adapters.3.bias
Loading all parameter:  u_embedding.adapters.4.weight
Loading all parameter:  u_embedding.adapters.4.bias
Loading all parameter:  u_embedding.adapters.5.weight
Loading all parameter:  u_embedding.adapters.5.bias
Loading all parameter:  u_embedding.adapters.6.weight
Loading all parameter:  u_embedding.adapters.6.bias
Loading all parameter:  u_embedding.adapters.7.weight
Loading all parameter:  u_embedding.adapters.7.bias
Loading all parameter:  u_embedding.adapters.8.weight
Loading all parameter:  u_embedding.adapters.8.bias
Loading all parameter:  u_embedding.adapters.9.weight
Loading all parameter:  u_embedding.adapters.9.bias
Loading all parameter:  u_embedding.adapters.10.weight
Loading all parameter:  u_embedding.adapters.10.bias
Loading all parameter:  u_embedding.adapters.11.weight
Loading all parameter:  u_embedding.adapters.11.bias
Loading all parameter:  u_embedding.adapters.12.weight
Loading all parameter:  u_embedding.adapters.12.bias
Loading all parameter:  u_embedding.adapters.13.weight
Loading all parameter:  u_embedding.adapters.13.bias
Loading all parameter:  u_embedding.adapters.14.weight
Loading all parameter:  u_embedding.adapters.14.bias
Loading all parameter:  u_embedding.adapters.15.weight
Loading all parameter:  u_embedding.adapters.15.bias
Loading all parameter:  u_embedding.adapters.16.weight
Loading all parameter:  u_embedding.adapters.16.bias
Loading all parameter:  u_embedding.adapters.17.weight
Loading all parameter:  u_embedding.adapters.17.bias
Loading all parameter:  u_embedding.adapters.18.weight
Loading all parameter:  u_embedding.adapters.18.bias
Loading all parameter:  u_embedding.adapters.19.weight
Loading all parameter:  u_embedding.adapters.19.bias
Loading all parameter:  u_embedding.adapters.20.weight
Loading all parameter:  u_embedding.adapters.20.bias
Loading all parameter:  u_embedding.adapters.21.weight
Loading all parameter:  u_embedding.adapters.21.bias
Loading all parameter:  u_embedding.adapters.22.weight
Loading all parameter:  u_embedding.adapters.22.bias
Loading all parameter:  u_embedding.adapters.23.weight
Loading all parameter:  u_embedding.adapters.23.bias
Loading all parameter:  u_embedding.adapters.24.weight
Loading all parameter:  u_embedding.adapters.24.bias
Loading all parameter:  u_embedding.adapters.25.weight
Loading all parameter:  u_embedding.adapters.25.bias
Loading all parameter:  u_embedding.adapters.26.weight
Loading all parameter:  u_embedding.adapters.26.bias
Loading all parameter:  u_embedding.adapters.27.weight
Loading all parameter:  u_embedding.adapters.27.bias
Loading all parameter:  u_embedding.adapters.28.weight
Loading all parameter:  u_embedding.adapters.28.bias
Loading all parameter:  u_embedding.adapters.29.weight
Loading all parameter:  u_embedding.adapters.29.bias
Loading all parameter:  u_embedding.adapters.30.weight
Loading all parameter:  u_embedding.adapters.30.bias
Loading all parameter:  u_embedding.adapters.31.weight
Loading all parameter:  u_embedding.adapters.31.bias
Loading all parameter:  u_embedding.adapters.32.weight
Loading all parameter:  u_embedding.adapters.32.bias
Loading all parameter:  u_embedding.adapters.33.weight
Loading all parameter:  u_embedding.adapters.33.bias
Loading all parameter:  u_embedding.adapters.34.weight
Loading all parameter:  u_embedding.adapters.34.bias
Loading all parameter:  u_embedding.adapters.35.weight
Loading all parameter:  u_embedding.adapters.35.bias
Loading all parameter:  u_embedding.adapters.36.weight
Loading all parameter:  u_embedding.adapters.36.bias
Loading all parameter:  u_embedding.adapters.37.weight
Loading all parameter:  u_embedding.adapters.37.bias
Loading all parameter:  u_embedding.adapters.38.weight
Loading all parameter:  u_embedding.adapters.38.bias
Loading all parameter:  u_embedding.adapters.39.weight
Loading all parameter:  u_embedding.adapters.39.bias
Loading all parameter:  u_embedding.adapters.40.weight
Loading all parameter:  u_embedding.adapters.40.bias
Loading all parameter:  u_embedding.adapters.41.weight
Loading all parameter:  u_embedding.adapters.41.bias
Loading all parameter:  u_embedding.adapters.42.weight
Loading all parameter:  u_embedding.adapters.42.bias
Loading all parameter:  u_embedding.adapters.43.weight
Loading all parameter:  u_embedding.adapters.43.bias
Loading all parameter:  u_embedding.adapters.44.weight
Loading all parameter:  u_embedding.adapters.44.bias
Loading all parameter:  u_embedding.adapters.45.weight
Loading all parameter:  u_embedding.adapters.45.bias
Loading all parameter:  u_embedding.adapters.46.weight
Loading all parameter:  u_embedding.adapters.46.bias
Loading all parameter:  u_embedding.adapters.47.weight
Loading all parameter:  u_embedding.adapters.47.bias
Loading all parameter:  u_embedding.adapters.48.weight
Loading all parameter:  u_embedding.adapters.48.bias
Loading all parameter:  u_embedding.adapters.49.weight
Loading all parameter:  u_embedding.adapters.49.bias
Loading all parameter:  u_embedding.adapters.50.weight
Loading all parameter:  u_embedding.adapters.50.bias
Loading all parameter:  u_embedding.adapters.51.weight
Loading all parameter:  u_embedding.adapters.51.bias
Loading all parameter:  u_embedding.adapters.52.weight
Loading all parameter:  u_embedding.adapters.52.bias
Loading all parameter:  u_embedding.adapters.53.weight
Loading all parameter:  u_embedding.adapters.53.bias
Loading all parameter:  u_embedding.adapters.54.weight
Loading all parameter:  u_embedding.adapters.54.bias
Loading all parameter:  u_embedding.adapters.55.weight
Loading all parameter:  u_embedding.adapters.55.bias
Loading all parameter:  u_embedding.adapters.56.weight
Loading all parameter:  u_embedding.adapters.56.bias
Loading all parameter:  u_embedding.adapters.57.weight
Loading all parameter:  u_embedding.adapters.57.bias
Loading all parameter:  u_embedding.adapters.58.weight
Loading all parameter:  u_embedding.adapters.58.bias
Loading all parameter:  u_embedding.adapters.59.weight
Loading all parameter:  u_embedding.adapters.59.bias
Loading all parameter:  u_embedding.adapters.60.weight
Loading all parameter:  u_embedding.adapters.60.bias
Loading all parameter:  u_embedding.adapters.61.weight
Loading all parameter:  u_embedding.adapters.61.bias
Loading all parameter:  u_embedding.adapters.62.weight
Loading all parameter:  u_embedding.adapters.62.bias
Loading all parameter:  u_embedding.adapters.63.weight
Loading all parameter:  u_embedding.adapters.63.bias
Loading all parameter:  u_embedding.adapters.64.weight
Loading all parameter:  u_embedding.adapters.64.bias
Loading all parameter:  u_embedding.adapters.65.weight
Loading all parameter:  u_embedding.adapters.65.bias
Loading all parameter:  u_embedding.adapters.66.weight
Loading all parameter:  u_embedding.adapters.66.bias
Loading all parameter:  u_embedding.adapters.67.weight
Loading all parameter:  u_embedding.adapters.67.bias
Loading all parameter:  u_embedding.adapters.68.weight
Loading all parameter:  u_embedding.adapters.68.bias
Loading all parameter:  u_embedding.adapters.69.weight
Loading all parameter:  u_embedding.adapters.69.bias
Loading all parameter:  u_embedding.adapters.70.weight
Loading all parameter:  u_embedding.adapters.70.bias
Loading all parameter:  u_embedding.adapters.71.weight
Loading all parameter:  u_embedding.adapters.71.bias
Loading all parameter:  u_embedding.adapters.72.weight
Loading all parameter:  u_embedding.adapters.72.bias
Loading all parameter:  u_embedding.adapters.73.weight
Loading all parameter:  u_embedding.adapters.73.bias
Loading all parameter:  u_embedding.adapters.74.weight
Loading all parameter:  u_embedding.adapters.74.bias
Loading all parameter:  u_embedding.adapters.75.weight
Loading all parameter:  u_embedding.adapters.75.bias
Loading all parameter:  u_embedding.adapters.76.weight
Loading all parameter:  u_embedding.adapters.76.bias
Loading all parameter:  u_embedding.adapters.77.weight
Loading all parameter:  u_embedding.adapters.77.bias
Loading all parameter:  u_embedding.adapters.78.weight
Loading all parameter:  u_embedding.adapters.78.bias
Loading all parameter:  u_embedding.adapters.79.weight
Loading all parameter:  u_embedding.adapters.79.bias
Loading all parameter:  u_embedding.adapters.80.weight
Loading all parameter:  u_embedding.adapters.80.bias
Loading all parameter:  u_embedding.adapters.81.weight
Loading all parameter:  u_embedding.adapters.81.bias
Loading all parameter:  u_embedding.adapters.82.weight
Loading all parameter:  u_embedding.adapters.82.bias
Loading all parameter:  u_embedding.adapters.83.weight
Loading all parameter:  u_embedding.adapters.83.bias
Loading all parameter:  u_embedding.adapters.84.weight
Loading all parameter:  u_embedding.adapters.84.bias
Loading all parameter:  u_embedding.adapters.85.weight
Loading all parameter:  u_embedding.adapters.85.bias
Loading all parameter:  u_embedding.adapters.86.weight
Loading all parameter:  u_embedding.adapters.86.bias
Loading all parameter:  u_embedding.adapters.87.weight
Loading all parameter:  u_embedding.adapters.87.bias
Loading all parameter:  u_embedding.adapters.88.weight
Loading all parameter:  u_embedding.adapters.88.bias
Loading all parameter:  u_embedding.adapters.89.weight
Loading all parameter:  u_embedding.adapters.89.bias
Loading all parameter:  u_embedding.adapters.90.weight
Loading all parameter:  u_embedding.adapters.90.bias
Loading all parameter:  u_embedding.adapters.91.weight
Loading all parameter:  u_embedding.adapters.91.bias
Loading all parameter:  u_embedding.adapters.92.weight
Loading all parameter:  u_embedding.adapters.92.bias
Loading all parameter:  u_embedding.adapters.93.weight
Loading all parameter:  u_embedding.adapters.93.bias
Loading all parameter:  u_embedding.adapters.94.weight
Loading all parameter:  u_embedding.adapters.94.bias
Loading all parameter:  u_embedding.adapters.95.weight
Loading all parameter:  u_embedding.adapters.95.bias
Loading all parameter:  u_embedding.adapters.96.weight
Loading all parameter:  u_embedding.adapters.96.bias
Loading all parameter:  u_embedding.adapters.97.weight
Loading all parameter:  u_embedding.adapters.97.bias
Loading all parameter:  u_embedding.adapters.98.weight
Loading all parameter:  u_embedding.adapters.98.bias
Loading all parameter:  u_embedding.adapters.99.weight
Loading all parameter:  u_embedding.adapters.99.bias
Loading all parameter:  u_embedding.adapters.100.weight
Loading all parameter:  u_embedding.adapters.100.bias
Loading all parameter:  u_embedding.adapters.101.weight
Loading all parameter:  u_embedding.adapters.101.bias
Loading all parameter:  u_embedding.adapters.102.weight
Loading all parameter:  u_embedding.adapters.102.bias
Loading all parameter:  u_embedding.adapters.103.weight
Loading all parameter:  u_embedding.adapters.103.bias
Loading all parameter:  u_embedding.adapters.104.weight
Loading all parameter:  u_embedding.adapters.104.bias
Loading all parameter:  u_embedding.adapters.105.weight
Loading all parameter:  u_embedding.adapters.105.bias
Loading all parameter:  u_embedding.adapters.106.weight
Loading all parameter:  u_embedding.adapters.106.bias
Loading all parameter:  u_embedding.adapters.107.weight
Loading all parameter:  u_embedding.adapters.107.bias
Loading all parameter:  u_embedding.adapters.108.weight
Loading all parameter:  u_embedding.adapters.108.bias
Loading all parameter:  u_embedding.adapters.109.weight
Loading all parameter:  u_embedding.adapters.109.bias
Loading all parameter:  u_embedding.adapters.110.weight
Loading all parameter:  u_embedding.adapters.110.bias
Loading all parameter:  u_embedding.adapters.111.weight
Loading all parameter:  u_embedding.adapters.111.bias
Loading all parameter:  u_embedding.adapters.112.weight
Loading all parameter:  u_embedding.adapters.112.bias
Loading all parameter:  u_embedding.adapters.113.weight
Loading all parameter:  u_embedding.adapters.113.bias
Loading all parameter:  u_embedding.adapters.114.weight
Loading all parameter:  u_embedding.adapters.114.bias
Loading all parameter:  u_embedding.adapters.115.weight
Loading all parameter:  u_embedding.adapters.115.bias
Loading all parameter:  u_embedding.adapters.116.weight
Loading all parameter:  u_embedding.adapters.116.bias
Loading all parameter:  u_embedding.adapters.117.weight
Loading all parameter:  u_embedding.adapters.117.bias
Loading all parameter:  u_embedding.adapters.118.weight
Loading all parameter:  u_embedding.adapters.118.bias
Loading all parameter:  u_embedding.adapters.119.weight
Loading all parameter:  u_embedding.adapters.119.bias
Loading all parameter:  u_embedding.adapters.120.weight
Loading all parameter:  u_embedding.adapters.120.bias
Loading all parameter:  u_embedding.adapters.121.weight
Loading all parameter:  u_embedding.adapters.121.bias
Loading all parameter:  u_embedding.adapters.122.weight
Loading all parameter:  u_embedding.adapters.122.bias
Loading all parameter:  u_embedding.adapters.123.weight
Loading all parameter:  u_embedding.adapters.123.bias
Loading all parameter:  u_embedding.adapters.124.weight
Loading all parameter:  u_embedding.adapters.124.bias
Loading all parameter:  u_embedding.adapters.125.weight
Loading all parameter:  u_embedding.adapters.125.bias
Loading all parameter:  u_embedding.adapters.126.weight
Loading all parameter:  u_embedding.adapters.126.bias
Loading all parameter:  u_embedding.adapters.127.weight
Loading all parameter:  u_embedding.adapters.127.bias
Loading all parameter:  zs_embedding.0.weight
Loading all parameter:  zs_embedding.0.bias
Loading all parameter:  reid_projector.weight
Loading parameter:  reid_projector.weight
Loading all parameter:  bottlenect.weight
Loading all parameter:  bottlenect.bias
Loading all parameter:  bottlenect.running_mean
Loading all parameter:  bottlenect.running_var
Loading all parameter:  bottlenect.num_batches_tracked
Loading all parameter:  i2t_projector.weight
Loading all parameter:  i2t_projector.bias
orginal best rank1 = 0
=> Copy the checkpoint to the output folder
=> Start evaluation on Novel data without finetuning
=> Test CLASSIFICATION performance
==========Test with latent_z: z_c =========
Extracted features for query set, obtained torch.Size([9375, 128]) matrix
Extracted features for gallery set, obtained torch.Size([101627, 128]) matrix
Extracted features for validation set, obtained torch.Size([111002, 128]) matrix
Extracting features complete in 1m 44s
Using 1m 44s
Val Classifier results ---------------------------------------------------
Total acc: 0.2%
Test Classifier results ---------------------------------------------------
Query acc: 0.1% Gallery acc: 0.2% Total acc: 0.2%
=> Start training
Epoch:1 Time:16.6 Data:0.0 Loss:6.5335 Cls Loss:42.4450 Pair Loss:1.4254 Center Loss:2466.3129 KL Loss:6.4783 Recon Loss:0.0552 Acc:0.0060 
=> Current learning rate: 0.000200
Epoch:2 Time:17.4 Data:0.0 Loss:1.4435 Cls Loss:42.9425 Pair Loss:1.4259 Center Loss:2480.0075 KL Loss:1.3878 Recon Loss:0.0557 Acc:0.0072 
=> Current learning rate: 0.000400
Epoch:3 Time:16.5 Data:0.0 Loss:1.1334 Cls Loss:43.2634 Pair Loss:1.4386 Center Loss:2486.2698 KL Loss:1.0782 Recon Loss:0.0552 Acc:0.0116 
=> Current learning rate: 0.000600
Epoch:4 Time:12.7 Data:0.0 Loss:1.3697 Cls Loss:44.6898 Pair Loss:1.4289 Center Loss:2531.7940 KL Loss:1.3147 Recon Loss:0.0550 Acc:0.0044 
=> Current learning rate: 0.000800
Epoch:5 Time:13.3 Data:0.0 Loss:0.8001 Cls Loss:45.3461 Pair Loss:1.4170 Center Loss:2585.1260 KL Loss:0.7447 Recon Loss:0.0554 Acc:0.0060 
=> Test at epoch 5
==========Test with latent_z: z_c =========
Extracted features for query set, obtained torch.Size([9375, 128]) matrix
Extracted features for gallery set, obtained torch.Size([101627, 128]) matrix
Extracted features for validation set, obtained torch.Size([111002, 128]) matrix
Extracting features complete in 1m 3s
Using 1m 3s
Val Classifier results ---------------------------------------------------
Total acc: 0.2%
Test Classifier results ---------------------------------------------------
Query acc: 0.8% Gallery acc: 0.2% Total acc: 0.2%
=> Current learning rate: 0.001000
Epoch:6 Time:16.4 Data:0.0 Loss:0.8282 Cls Loss:44.4987 Pair Loss:1.4076 Center Loss:2584.0490 KL Loss:0.7726 Recon Loss:0.0557 Acc:0.0084 
=> Current learning rate: 0.001000
Epoch:7 Time:15.4 Data:0.0 Loss:0.7423 Cls Loss:45.6831 Pair Loss:1.4324 Center Loss:2621.6209 KL Loss:0.6867 Recon Loss:0.0556 Acc:0.0080 
=> Current learning rate: 0.001000
Epoch:8 Time:13.5 Data:0.0 Loss:0.6304 Cls Loss:44.7393 Pair Loss:1.4225 Center Loss:2586.7017 KL Loss:0.5752 Recon Loss:0.0552 Acc:0.0096 
=> Current learning rate: 0.001000
Epoch:9 Time:14.2 Data:0.0 Loss:0.8017 Cls Loss:43.7584 Pair Loss:1.4142 Center Loss:2589.2868 KL Loss:0.7461 Recon Loss:0.0556 Acc:0.0084 
=> Current learning rate: 0.001000
Epoch:10 Time:15.6 Data:0.0 Loss:0.7802 Cls Loss:45.2289 Pair Loss:1.4184 Center Loss:2637.8029 KL Loss:0.7247 Recon Loss:0.0555 Acc:0.0040 
Jump TSNE
=> Test at epoch 10
==========Test with latent_z: z_c =========
Extracted features for query set, obtained torch.Size([9375, 128]) matrix
Extracted features for gallery set, obtained torch.Size([101627, 128]) matrix
Extracted features for validation set, obtained torch.Size([111002, 128]) matrix
Extracting features complete in 0m 45s
Using 0m 45s
Val Classifier results ---------------------------------------------------
Total acc: 0.5%
Test Classifier results ---------------------------------------------------
Query acc: 0.8% Gallery acc: 0.4% Total acc: 0.5%
=> Current learning rate: 0.001000
Epoch:11 Time:15.3 Data:0.0 Loss:0.6388 Cls Loss:44.5482 Pair Loss:1.4203 Center Loss:2598.0711 KL Loss:0.5834 Recon Loss:0.0554 Acc:0.0116 
=> Current learning rate: 0.001000
Epoch:12 Time:14.5 Data:0.0 Loss:0.6846 Cls Loss:44.5545 Pair Loss:1.4290 Center Loss:2601.8007 KL Loss:0.6289 Recon Loss:0.0557 Acc:0.0072 
=> Current learning rate: 0.001000
Epoch:13 Time:14.2 Data:0.0 Loss:0.6880 Cls Loss:44.7014 Pair Loss:1.4118 Center Loss:2624.4698 KL Loss:0.6327 Recon Loss:0.0553 Acc:0.0060 
=> Current learning rate: 0.001000
Epoch:14 Time:16.1 Data:0.0 Loss:0.6862 Cls Loss:45.1426 Pair Loss:1.4279 Center Loss:2600.4238 KL Loss:0.6305 Recon Loss:0.0557 Acc:0.0080 
=> Current learning rate: 0.001000
Epoch:15 Time:16.9 Data:0.0 Loss:0.6920 Cls Loss:44.8046 Pair Loss:1.4095 Center Loss:2572.7340 KL Loss:0.6366 Recon Loss:0.0554 Acc:0.0084 
=> Test at epoch 15
==========Test with latent_z: z_c =========
Extracted features for query set, obtained torch.Size([9375, 128]) matrix
Extracted features for gallery set, obtained torch.Size([101627, 128]) matrix
Extracted features for validation set, obtained torch.Size([111002, 128]) matrix
Extracting features complete in 1m 10s
Using 1m 10s
Val Classifier results ---------------------------------------------------
Total acc: 0.5%
Test Classifier results ---------------------------------------------------
Query acc: 0.8% Gallery acc: 0.4% Total acc: 0.5%
=> Current learning rate: 0.001000
Epoch:16 Time:18.4 Data:0.0 Loss:0.6428 Cls Loss:45.1552 Pair Loss:1.4039 Center Loss:2582.0765 KL Loss:0.5873 Recon Loss:0.0556 Acc:0.0100 
=> Current learning rate: 0.001000
Epoch:17 Time:18.0 Data:0.0 Loss:0.7092 Cls Loss:45.1027 Pair Loss:1.4076 Center Loss:2587.8652 KL Loss:0.6539 Recon Loss:0.0553 Acc:0.0088 
=> Current learning rate: 0.001000
Epoch:18 Time:25.6 Data:0.0 Loss:0.6895 Cls Loss:45.0142 Pair Loss:1.4201 Center Loss:2562.6073 KL Loss:0.6342 Recon Loss:0.0553 Acc:0.0096 
=> Current learning rate: 0.001000
Epoch:19 Time:23.3 Data:0.0 Loss:0.7666 Cls Loss:44.8546 Pair Loss:1.4231 Center Loss:2560.3756 KL Loss:0.7113 Recon Loss:0.0553 Acc:0.0076 
=> Current learning rate: 0.001000
Epoch:20 Time:24.7 Data:0.0 Loss:0.7510 Cls Loss:43.6538 Pair Loss:1.4212 Center Loss:2525.5281 KL Loss:0.6956 Recon Loss:0.0554 Acc:0.0096 
Jump TSNE
=> Test at epoch 20
==========Test with latent_z: z_c =========
Extracted features for query set, obtained torch.Size([9375, 128]) matrix
Extracted features for gallery set, obtained torch.Size([101627, 128]) matrix
Extracted features for validation set, obtained torch.Size([111002, 128]) matrix
Extracting features complete in 1m 22s
Using 1m 22s
Val Classifier results ---------------------------------------------------
Total acc: 1.3%
Test Classifier results ---------------------------------------------------
Query acc: 0.8% Gallery acc: 1.3% Total acc: 1.3%
=> Current learning rate: 0.001000
Epoch:21 Time:22.5 Data:0.0 Loss:0.6878 Cls Loss:43.9819 Pair Loss:1.4050 Center Loss:2540.2648 KL Loss:0.6323 Recon Loss:0.0555 Acc:0.0072 
=> Current learning rate: 0.001000
Epoch:22 Time:24.9 Data:0.0 Loss:0.6412 Cls Loss:43.7396 Pair Loss:1.4208 Center Loss:2493.6536 KL Loss:0.5858 Recon Loss:0.0555 Acc:0.0044 
=> Current learning rate: 0.001000
Epoch:23 Time:24.8 Data:0.0 Loss:0.6924 Cls Loss:43.3211 Pair Loss:1.4113 Center Loss:2528.6642 KL Loss:0.6371 Recon Loss:0.0552 Acc:0.0088 
=> Current learning rate: 0.001000
Epoch:24 Time:24.7 Data:0.0 Loss:0.7111 Cls Loss:43.5633 Pair Loss:1.4211 Center Loss:2523.6085 KL Loss:0.6554 Recon Loss:0.0557 Acc:0.0104 
=> Current learning rate: 0.001000
Epoch:25 Time:23.5 Data:0.0 Loss:0.8929 Cls Loss:43.8710 Pair Loss:1.4055 Center Loss:2517.5014 KL Loss:0.8372 Recon Loss:0.0557 Acc:0.0068 
=> Test at epoch 25
==========Test with latent_z: z_c =========
Extracted features for query set, obtained torch.Size([9375, 128]) matrix
Extracted features for gallery set, obtained torch.Size([101627, 128]) matrix
Extracted features for validation set, obtained torch.Size([111002, 128]) matrix
Extracting features complete in 1m 26s
Using 1m 26s
Val Classifier results ---------------------------------------------------
Total acc: 1.3%
Test Classifier results ---------------------------------------------------
Query acc: 0.8% Gallery acc: 1.3% Total acc: 1.3%
=> Current learning rate: 0.001000
Epoch:26 Time:23.5 Data:0.0 Loss:0.8356 Cls Loss:44.9851 Pair Loss:1.4400 Center Loss:2541.4079 KL Loss:0.7806 Recon Loss:0.0550 Acc:0.0052 
=> Current learning rate: 0.001000
Epoch:27 Time:25.8 Data:0.0 Loss:0.7608 Cls Loss:44.2580 Pair Loss:1.4103 Center Loss:2530.8202 KL Loss:0.7052 Recon Loss:0.0555 Acc:0.0076 
=> Current learning rate: 0.001000
Epoch:28 Time:24.8 Data:0.0 Loss:0.6588 Cls Loss:44.2336 Pair Loss:1.4149 Center Loss:2534.8245 KL Loss:0.6032 Recon Loss:0.0556 Acc:0.0080 
=> Current learning rate: 0.001000
Epoch:29 Time:22.3 Data:0.0 Loss:0.6574 Cls Loss:43.9893 Pair Loss:1.4250 Center Loss:2501.1010 KL Loss:0.6019 Recon Loss:0.0555 Acc:0.0044 
=> Current learning rate: 0.001000
Epoch:30 Time:24.7 Data:0.0 Loss:0.5494 Cls Loss:44.6408 Pair Loss:1.4118 Center Loss:2562.6142 KL Loss:0.4939 Recon Loss:0.0556 Acc:0.0068 
Jump TSNE
=> Test at epoch 30
==========Test with latent_z: z_c =========
Extracted features for query set, obtained torch.Size([9375, 128]) matrix
Extracted features for gallery set, obtained torch.Size([101627, 128]) matrix
Extracted features for validation set, obtained torch.Size([111002, 128]) matrix
Extracting features complete in 1m 45s
Using 1m 45s
Val Classifier results ---------------------------------------------------
Total acc: 0.1%
Test Classifier results ---------------------------------------------------
Query acc: 0.0% Gallery acc: 0.1% Total acc: 0.1%
=> Current learning rate: 0.001000
Epoch:31 Time:24.3 Data:0.0 Loss:0.6639 Cls Loss:44.0579 Pair Loss:1.4100 Center Loss:2523.8056 KL Loss:0.6085 Recon Loss:0.0554 Acc:0.0076 
=> Current learning rate: 0.000100
Epoch:32 Time:24.2 Data:0.0 Loss:0.6212 Cls Loss:44.8241 Pair Loss:1.4185 Center Loss:2544.7495 KL Loss:0.5659 Recon Loss:0.0553 Acc:0.0112 
=> Current learning rate: 0.000100
Epoch:33 Time:23.5 Data:0.0 Loss:0.5244 Cls Loss:44.4313 Pair Loss:1.4213 Center Loss:2550.2661 KL Loss:0.4690 Recon Loss:0.0554 Acc:0.0048 
=> Current learning rate: 0.000100
Epoch:34 Time:25.7 Data:0.0 Loss:0.5756 Cls Loss:43.7811 Pair Loss:1.3968 Center Loss:2521.5802 KL Loss:0.5201 Recon Loss:0.0555 Acc:0.0120 
=> Current learning rate: 0.000100
Epoch:35 Time:21.9 Data:0.0 Loss:0.5408 Cls Loss:44.7557 Pair Loss:1.4048 Center Loss:2561.3869 KL Loss:0.4854 Recon Loss:0.0553 Acc:0.0088 
=> Test at epoch 35
==========Test with latent_z: z_c =========
Extracted features for query set, obtained torch.Size([9375, 128]) matrix
Extracted features for gallery set, obtained torch.Size([101627, 128]) matrix
Extracted features for validation set, obtained torch.Size([111002, 128]) matrix
Extracting features complete in 1m 34s
Using 1m 34s
Val Classifier results ---------------------------------------------------
Total acc: 1.2%
Test Classifier results ---------------------------------------------------
Query acc: 0.2% Gallery acc: 1.3% Total acc: 1.2%
=> Current learning rate: 0.000100
Epoch:36 Time:26.7 Data:0.0 Loss:0.5796 Cls Loss:44.5036 Pair Loss:1.4265 Center Loss:2546.5303 KL Loss:0.5239 Recon Loss:0.0557 Acc:0.0100 
=> Current learning rate: 0.000100
Epoch:37 Time:25.2 Data:0.0 Loss:0.6134 Cls Loss:44.4347 Pair Loss:1.4074 Center Loss:2573.0272 KL Loss:0.5575 Recon Loss:0.0559 Acc:0.0100 
=> Current learning rate: 0.000100
Epoch:38 Time:23.5 Data:0.0 Loss:0.6243 Cls Loss:43.9322 Pair Loss:1.4188 Center Loss:2560.5238 KL Loss:0.5685 Recon Loss:0.0557 Acc:0.0100 
=> Current learning rate: 0.000100
Epoch:39 Time:22.4 Data:0.0 Loss:0.6105 Cls Loss:44.2390 Pair Loss:1.4115 Center Loss:2552.3344 KL Loss:0.5550 Recon Loss:0.0554 Acc:0.0080 
=> Current learning rate: 0.000100
Epoch:40 Time:19.2 Data:0.0 Loss:0.6493 Cls Loss:44.4969 Pair Loss:1.4285 Center Loss:2529.8405 KL Loss:0.5936 Recon Loss:0.0557 Acc:0.0076 
Jump TSNE
=> Test at epoch 40
==========Test with latent_z: z_c =========
Extracted features for query set, obtained torch.Size([9375, 128]) matrix
Extracted features for gallery set, obtained torch.Size([101627, 128]) matrix
Extracted features for validation set, obtained torch.Size([111002, 128]) matrix
Extracting features complete in 0m 54s
Using 0m 54s
Val Classifier results ---------------------------------------------------
Total acc: 0.1%
Test Classifier results ---------------------------------------------------
Query acc: 0.1% Gallery acc: 0.1% Total acc: 0.1%
=> Current learning rate: 0.000100
Epoch:41 Time:17.4 Data:0.0 Loss:0.5652 Cls Loss:44.5359 Pair Loss:1.4228 Center Loss:2556.7024 KL Loss:0.5096 Recon Loss:0.0556 Acc:0.0072 
=> Current learning rate: 0.000100
Epoch:42 Time:18.1 Data:0.0 Loss:0.5993 Cls Loss:44.7395 Pair Loss:1.4222 Center Loss:2581.0466 KL Loss:0.5436 Recon Loss:0.0557 Acc:0.0080 
=> Current learning rate: 0.000100
Epoch:43 Time:20.9 Data:0.0 Loss:0.6048 Cls Loss:43.4780 Pair Loss:1.4049 Center Loss:2495.4169 KL Loss:0.5493 Recon Loss:0.0555 Acc:0.0092 
=> Current learning rate: 0.000100
Epoch:44 Time:24.6 Data:0.0 Loss:0.5758 Cls Loss:44.6415 Pair Loss:1.4213 Center Loss:2581.5283 KL Loss:0.5202 Recon Loss:0.0556 Acc:0.0092 
=> Current learning rate: 0.000100
Epoch:45 Time:23.3 Data:0.0 Loss:0.5667 Cls Loss:44.7354 Pair Loss:1.4011 Center Loss:2549.1539 KL Loss:0.5114 Recon Loss:0.0553 Acc:0.0092 
=> Test at epoch 45
==========Test with latent_z: z_c =========
Extracted features for query set, obtained torch.Size([9375, 128]) matrix
Extracted features for gallery set, obtained torch.Size([101627, 128]) matrix
Extracted features for validation set, obtained torch.Size([111002, 128]) matrix
Extracting features complete in 0m 53s
Using 0m 53s
Val Classifier results ---------------------------------------------------
Total acc: 0.1%
Test Classifier results ---------------------------------------------------
Query acc: 0.1% Gallery acc: 0.1% Total acc: 0.1%
=> Current learning rate: 0.000100
Epoch:46 Time:13.5 Data:0.0 Loss:0.5656 Cls Loss:44.4669 Pair Loss:1.4170 Center Loss:2571.1790 KL Loss:0.5104 Recon Loss:0.0552 Acc:0.0092 
=> Current learning rate: 0.000100
Epoch:47 Time:13.8 Data:0.0 Loss:0.6809 Cls Loss:44.8248 Pair Loss:1.4166 Center Loss:2576.7433 KL Loss:0.6257 Recon Loss:0.0552 Acc:0.0064 
=> Current learning rate: 0.000100
Epoch:48 Time:12.2 Data:0.0 Loss:0.6386 Cls Loss:45.1138 Pair Loss:1.4260 Center Loss:2549.3882 KL Loss:0.5829 Recon Loss:0.0557 Acc:0.0104 
=> Current learning rate: 0.000100
Epoch:49 Time:13.1 Data:0.0 Loss:0.6509 Cls Loss:44.4416 Pair Loss:1.4235 Center Loss:2581.9188 KL Loss:0.5952 Recon Loss:0.0558 Acc:0.0104 
=> Current learning rate: 0.000100
Epoch:50 Time:13.2 Data:0.0 Loss:0.5904 Cls Loss:43.3129 Pair Loss:1.4054 Center Loss:2532.7024 KL Loss:0.5353 Recon Loss:0.0551 Acc:0.0080 
Jump TSNE
=> Test at epoch 50
==========Test with latent_z: z_c =========
Extracted features for query set, obtained torch.Size([9375, 128]) matrix
Extracted features for gallery set, obtained torch.Size([101627, 128]) matrix
Extracted features for validation set, obtained torch.Size([111002, 128]) matrix
Extracting features complete in 0m 51s
Using 0m 51s
Val Classifier results ---------------------------------------------------
Total acc: 0.1%
Test Classifier results ---------------------------------------------------
Query acc: 0.1% Gallery acc: 0.1% Total acc: 0.1%
=> Current learning rate: 0.000100
Epoch:51 Time:13.1 Data:0.0 Loss:0.5938 Cls Loss:44.4350 Pair Loss:1.4295 Center Loss:2546.4023 KL Loss:0.5382 Recon Loss:0.0556 Acc:0.0072 
=> Current learning rate: 0.000100
Epoch:52 Time:12.5 Data:0.0 Loss:0.5996 Cls Loss:44.8198 Pair Loss:1.4163 Center Loss:2564.9051 KL Loss:0.5443 Recon Loss:0.0553 Acc:0.0076 
=> Current learning rate: 0.000100
Epoch:53 Time:13.6 Data:0.0 Loss:0.6365 Cls Loss:43.6606 Pair Loss:1.3847 Center Loss:2526.5406 KL Loss:0.5813 Recon Loss:0.0551 Acc:0.0092 
=> Current learning rate: 0.000100
Epoch:54 Time:11.6 Data:0.0 Loss:0.6495 Cls Loss:44.9439 Pair Loss:1.4450 Center Loss:2569.5888 KL Loss:0.5942 Recon Loss:0.0554 Acc:0.0080 
=> Current learning rate: 0.000100
Epoch:55 Time:9.1 Data:0.0 Loss:0.6359 Cls Loss:44.4476 Pair Loss:1.4035 Center Loss:2534.2228 KL Loss:0.5800 Recon Loss:0.0559 Acc:0.0084 
=> Test at epoch 55
==========Test with latent_z: z_c =========
Extracted features for query set, obtained torch.Size([9375, 128]) matrix
Extracted features for gallery set, obtained torch.Size([101627, 128]) matrix
Extracted features for validation set, obtained torch.Size([111002, 128]) matrix
Extracting features complete in 0m 45s
Using 0m 45s
Val Classifier results ---------------------------------------------------
Total acc: 0.1%
Test Classifier results ---------------------------------------------------
Query acc: 0.0% Gallery acc: 0.1% Total acc: 0.1%
=> Current learning rate: 0.000100
Epoch:56 Time:6.8 Data:0.0 Loss:0.6534 Cls Loss:44.4679 Pair Loss:1.4079 Center Loss:2566.8740 KL Loss:0.5980 Recon Loss:0.0554 Acc:0.0092 
=> Current learning rate: 0.000100
Epoch:57 Time:8.8 Data:0.0 Loss:0.5758 Cls Loss:44.8990 Pair Loss:1.4262 Center Loss:2560.4787 KL Loss:0.5202 Recon Loss:0.0555 Acc:0.0080 
=> Current learning rate: 0.000100
Epoch:58 Time:8.8 Data:0.0 Loss:0.6092 Cls Loss:43.5495 Pair Loss:1.4221 Center Loss:2527.0810 KL Loss:0.5537 Recon Loss:0.0554 Acc:0.0092 
=> Current learning rate: 0.000100
Epoch:59 Time:8.7 Data:0.0 Loss:0.5711 Cls Loss:44.7798 Pair Loss:1.4174 Center Loss:2583.9773 KL Loss:0.5158 Recon Loss:0.0553 Acc:0.0096 
=> Current learning rate: 0.000100
/home/zhengwei/yzwT2V/lib/python3.9/site-packages/numpy/lib/function_base.py:2897: RuntimeWarning: invalid value encountered in divide
  c /= stddev[:, None]
/home/zhengwei/yzwT2V/lib/python3.9/site-packages/numpy/lib/function_base.py:2898: RuntimeWarning: invalid value encountered in divide
  c /= stddev[None, :]
Epoch:60 Time:41.0 Data:0.0 Loss:0.5220 Cls Loss:44.3551 Pair Loss:1.4189 Center Loss:2552.3136 KL Loss:0.4664 Recon Loss:0.0556 Acc:0.0072 
Jump TSNE
=> Test at epoch 60
==========Test with latent_z: z_c =========
Extracted features for query set, obtained torch.Size([9375, 128]) matrix
Extracted features for gallery set, obtained torch.Size([101627, 128]) matrix
Extracted features for validation set, obtained torch.Size([111002, 128]) matrix
Extracting features complete in 0m 37s
Using 0m 37s
Val Classifier results ---------------------------------------------------
Total acc: 0.3%
Test Classifier results ---------------------------------------------------
Query acc: 0.1% Gallery acc: 0.3% Total acc: 0.3%
Keep checkpoint file: checkpoint_ep60.pth.tar
=> Current learning rate: 0.000100
=> Best Val Acc 1.3% at epoch 20: 
 Test Acc: Query 0.8%, Gallery 1.3%, Total 1.3%
Finished. Total elapsed time (h:m:s): 0:32:25. Training time (h:m:s): 0:19:09.
