https://app.neptune.ai/Zhengwei-Lab/NIPSTransferReID/e/NIPS-698
=> merge config from ./configs/clipreid_cvae_kl.yaml
Use centroid as domain embedding
/home/zhengwei/Desktop/Zhengwei/Projects/CVAE/main.py:95: NeptuneUnsupportedType: You're attempting to log a type that is not directly supported by Neptune (<class 'list'>).
        Convert the value to a supported type, such as a string or float, or use stringify_unsupported(obj)
        for dictionaries or collections that contain unsupported values.
        For more, see https://docs.neptune.ai/help/value_of_unsupported_type
  run["parameters"] = param
=> Configurations:
-------------------------
AMP: True
AUG:
  RC_PROB: 0.5
  RE_PROB: 0.5
DATA:
  CUHK03_CLASSIC_SPLIT: False
  CUHK03_LABELED: False
  DATASET: duke
  FORMAT_TAG: tensor
  HEIGHT: 256
  NUM_INSTANCES: 4
  NUM_WORKERS: 4
  ROOT: /home/zhengwei/Desktop/Zhengwei/Projects/datasets
  SPLIT_ID: 0
  TEST_BATCH: 512
  TRAIN_BATCH: 64
  TRAIN_FORMAT: base
  WIDTH: 128
EVAL_MODE: False
GPU: 0
LOSS:
  CLA_LOSS: crossentropylabelsmooth
  CLA_M: 0.0
  CLA_S: 16.0
  PAIR_LOSS: triplet
  PAIR_M: 0.3
  PAIR_S: 16.0
  RECON_LOSS: mse
MODEL:
  CONDITIONAL: False
  FEATURE_DIM: 1280
  FEAT_FUSION: True
  FLOW_TYPE: yuke_mlpflow
  GAUSSIAN: MultivariateNormal
  LATENT_SIZE: 64
  NAME: CVAE
  ONLY_CVAE_KL: False
  ONLY_X_INPUT: False
  PRETRAIN: CLIPreidNew
  RES4_STRIDE: 1
  RESUME: 
  TRAIN_STAGE: klstage
  USE_CENTROID: True
  VAE_TYPE: cvae
OUTPUT: ./outputs/duke/clipreid_cvae_decouple/2024-05-09/fp32_l4vae+LeakRelu+bn_64z_AdapterU_normUZ_bpfusion_Lrecon+trip_1e3
SAVED_NAME: fp32_l4vae+LeakRelu+bn_64z_AdapterU_normUZ_bpfusion_Lrecon+trip_1e3
SEED: 0
TAG: clipreid_cvae_decouple
TEST:
  DISTANCE: cosine
  EVAL_STEP: 5
  START_EVAL: -1
TRAIN:
  AMP: False
  LR_SCHEDULER:
    DECAY_RATE: 0.1
    NAME: MultiStepLR
    STEPSIZE: [20, 40]
  MAX_EPOCH: 60
  OPTIMIZER:
    LR: 0.001
    NAME: adam
    WEIGHT_DECAY: 0.0001
  START_EPOCH: 0Warning: string series 'monitoring/a0f3cba0/stdout' value was longer than 1000 characters and was truncated. This warning is printed only once per series.

----------------------
Initializing dataset duke
Loading cluster results from '/home/zhengwei/Desktop/Zhengwei/Projects/datasets/DukeMTMC-reID/kmeans_results/CLIPreidNew/train_all_129k_euclidean.pt'
Clustering stastistics: [(0, 83), (1, 48), (2, 58), (3, 100), (4, 96), (5, 59), (6, 109), (7, 142), (8, 122), (9, 100), (10, 53), (11, 138), (12, 83), (13, 99), (14, 142), (15, 224), (16, 181), (17, 153), (18, 172), (19, 254), (20, 162), (21, 110), (22, 191), (23, 102), (24, 41), (25, 136), (26, 144), (27, 152), (28, 151), (29, 142), (30, 100), (31, 128), (32, 245), (33, 131), (34, 85), (35, 81), (36, 58), (37, 143), (38, 71), (39, 219), (40, 113), (41, 56), (42, 61), (43, 158), (44, 116), (45, 33), (46, 143), (47, 95), (48, 325), (49, 145), (50, 63), (51, 150), (52, 75), (53, 111), (54, 108), (55, 88), (56, 108), (57, 158), (58, 333), (59, 38), (60, 165), (61, 159), (62, 175), (63, 173), (64, 71), (65, 68), (66, 90), (67, 194), (68, 66), (69, 75), (70, 199), (71, 119), (72, 83), (73, 63), (74, 213), (75, 369), (76, 137), (77, 126), (78, 51), (79, 196), (80, 134), (81, 189), (82, 100), (83, 250), (84, 23), (85, 100), (86, 149), (87, 231), (88, 66), (89, 40), (90, 181), (91, 77), (92, 143), (93, 145), (94, 126), (95, 159), (96, 219), (97, 117), (98, 185), (99, 139), (100, 135), (101, 108), (102, 64), (103, 178), (104, 104), (105, 131), (106, 64), (107, 106), (108, 153), (109, 133), (110, 75), (111, 83), (112, 94), (113, 255), (114, 80), (115, 99), (116, 209), (117, 90), (118, 189), (119, 103), (120, 236), (121, 163), (122, 9), (123, 47), (124, 33), (125, 97), (126, 121), (127, 153), (128, 160)]
Loading cluster results from '/home/zhengwei/Desktop/Zhengwei/Projects/datasets/DukeMTMC-reID/kmeans_results/CLIPreidNew/query_129k_euclidean.pt'
Clustering stastistics: [(0, 7), (1, 22), (2, 26), (3, 6), (4, 35), (5, 24), (6, 10), (7, 12), (8, 9), (9, 8), (10, 22), (11, 7), (12, 22), (13, 6), (14, 33), (15, 16), (16, 43), (17, 11), (18, 9), (19, 17), (20, 9), (21, 28), (22, 26), (23, 12), (24, 10), (25, 9), (26, 8), (27, 15), (28, 15), (29, 40), (30, 3), (31, 9), (32, 11), (33, 9), (34, 33), (35, 12), (36, 19), (37, 13), (38, 10), (39, 26), (40, 29), (41, 9), (42, 14), (43, 12), (44, 17), (45, 10), (46, 12), (47, 12), (48, 31), (49, 28), (50, 21), (51, 9), (52, 17), (53, 18), (54, 13), (55, 7), (56, 13), (57, 31), (58, 17), (59, 55), (60, 26), (61, 6), (62, 18), (63, 15), (64, 26), (65, 28), (66, 23), (67, 35), (68, 20), (69, 27), (70, 22), (71, 19), (72, 7), (73, 13), (74, 13), (75, 27), (76, 12), (77, 18), (78, 23), (79, 11), (80, 19), (81, 21), (82, 14), (83, 15), (84, 6), (85, 19), (86, 24), (87, 4), (88, 21), (89, 12), (90, 12), (91, 27), (92, 27), (93, 8), (94, 20), (95, 25), (96, 18), (97, 17), (98, 8), (99, 22), (100, 4), (101, 13), (102, 25), (103, 16), (104, 19), (105, 26), (106, 9), (107, 14), (108, 21), (109, 12), (110, 15), (111, 19), (112, 22), (113, 37), (114, 7), (115, 23), (116, 4), (117, 30), (118, 20), (119, 29), (120, 17), (121, 9), (122, 6), (123, 8), (124, 13), (125, 16), (126, 8), (127, 5), (128, 16)]
Loading cluster results from '/home/zhengwei/Desktop/Zhengwei/Projects/datasets/DukeMTMC-reID/kmeans_results/CLIPreidNew/gallery_129k_euclidean.pt'
Clustering stastistics: [(0, 166), (1, 257), (2, 94), (3, 25), (4, 246), (5, 88), (6, 199), (7, 160), (8, 125), (9, 124), (10, 195), (11, 90), (12, 94), (13, 155), (14, 179), (15, 172), (16, 73), (17, 139), (18, 55), (19, 88), (20, 115), (21, 118), (22, 140), (23, 114), (24, 74), (25, 194), (26, 190), (27, 80), (28, 202), (29, 117), (30, 185), (31, 156), (32, 63), (33, 149), (34, 161), (35, 102), (36, 127), (37, 92), (38, 143), (39, 188), (40, 79), (41, 191), (42, 128), (43, 105), (44, 167), (45, 255), (46, 213), (47, 67), (48, 193), (49, 118), (50, 127), (51, 213), (52, 84), (53, 147), (54, 61), (55, 91), (56, 159), (57, 116), (58, 146), (59, 189), (60, 100), (61, 159), (62, 166), (63, 142), (64, 183), (65, 120), (66, 118), (67, 70), (68, 150), (69, 113), (70, 167), (71, 93), (72, 107), (73, 138), (74, 191), (75, 154), (76, 72), (77, 255), (78, 83), (79, 102), (80, 129), (81, 48), (82, 97), (83, 129), (84, 216), (85, 178), (86, 127), (87, 254), (88, 191), (89, 126), (90, 170), (91, 154), (92, 52), (93, 149), (94, 179), (95, 99), (96, 96), (97, 142), (98, 154), (99, 193), (100, 143), (101, 118), (102, 153), (103, 44), (104, 142), (105, 87), (106, 84), (107, 196), (108, 143), (109, 156), (110, 63), (111, 178), (112, 52), (113, 165), (114, 106), (115, 38), (116, 112), (117, 183), (118, 63), (119, 299), (120, 96), (121, 53), (122, 143), (123, 132), (124, 288), (125, 151), (126, 104), (127, 95), (128, 225)]
=> DukeMTMC-reID tensor loaded
Dataset statistics:
  ------------------------------
  subset   | # ids | # images
  ------------------------------
  train    |   702 |    16522
  query    |   702 |     2228
  gallery  |  1110 |    17661
  ------------------------------
  total    |  1404 |    36411
  ------------------------------
Initializing vae model: cvae
Using Adapter for domain feature
Model size: 105.88608M
Using MLPClassBlock with hiidem_dim_list: [64, 128, 256, 512]
Classifier size: 0.53555M
=> Start training
=> centroids.dtype: torch.float32
UZ fusion: tensor([ 0.0155, -0.1418,  0.0217, -0.0305, -0.0915, -0.2667, -0.1694, -0.2320,
         0.0452,  0.1005], device='cuda:0', grad_fn=<SliceBackward0>)
Epoch:1 Time:153.8 Data:0.0 Loss:0.6076 Cls Loss:6.5540 Pair Loss:0.1690 Recon Loss:0.4386 Acc:0.0014 
=> centroids.dtype: torch.float32
UZ fusion: tensor([ 0.0030,  0.0138, -0.5637, -0.0329,  0.0352,  0.1797,  0.0013,  0.2629,
         0.0660,  0.0277], device='cuda:0', grad_fn=<SliceBackward0>)
Epoch:2 Time:141.7 Data:0.0 Loss:0.4417 Cls Loss:6.5540 Pair Loss:0.0495 Recon Loss:0.3922 Acc:0.0014 
=> centroids.dtype: torch.float32
UZ fusion: tensor([-0.1583,  0.2521, -0.2416,  0.0096,  0.1467,  0.1810,  0.0755, -0.1311,
        -0.1730, -0.1965], device='cuda:0', grad_fn=<SliceBackward0>)
Epoch:3 Time:139.8 Data:0.0 Loss:0.4245 Cls Loss:6.5540 Pair Loss:0.0374 Recon Loss:0.3871 Acc:0.0002 
=> centroids.dtype: torch.float32
UZ fusion: tensor([-0.1183, -0.0608, -0.3957, -0.1139,  0.1473, -0.0518, -0.0032,  0.0084,
         0.1242,  0.0153], device='cuda:0', grad_fn=<SliceBackward0>)
Epoch:4 Time:143.8 Data:0.0 Loss:0.4162 Cls Loss:6.5540 Pair Loss:0.0309 Recon Loss:0.3853 Acc:0.0010 
=> centroids.dtype: torch.float32
UZ fusion: tensor([ 0.0517,  0.0998, -0.3240, -0.2682,  0.1132,  0.0024, -0.1928, -0.1877,
        -0.0431, -0.0897], device='cuda:0', grad_fn=<SliceBackward0>)
Epoch:5 Time:140.0 Data:0.0 Loss:0.4139 Cls Loss:6.5540 Pair Loss:0.0300 Recon Loss:0.3840 Acc:0.0006 
=> Test at epoch 5
Extracted features for query set, obtained torch.Size([2228, 64]) matrix
Extracted features for gallery set, obtained torch.Size([17661, 64]) matrix
Extracting features complete in 0m 9s
Distance computing in 0m 1s
Computing CMC and mAP
Results ---------------------------------------------------
top1:77.1% top5:87.4% top10:91.0% top20:93.1% mAP:61.0%
-----------------------------------------------------------
Using 0m 3s
Extracted features for query set, obtained torch.Size([2228, 1280]) matrix
Extracted features for gallery set, obtained torch.Size([17661, 1280]) matrix
Extracting features complete in 0m 8s
Distance computing in 0m 2s
Computing CMC and mAP
Results ---------------------------------------------------
top1:72.0% top5:84.0% top10:87.9% top20:91.0% mAP:54.2%
-----------------------------------------------------------
Using 0m 3s
Extracted features for query set, obtained torch.Size([2228, 64]) matrix
Extracted features for gallery set, obtained torch.Size([17661, 64]) matrix
Extracting features complete in 0m 7s
Distance computing in 0m 0s
Computing CMC and mAP
Results ---------------------------------------------------
top1:75.6% top5:85.6% top10:89.5% top20:92.0% mAP:58.3%
-----------------------------------------------------------
Using 0m 3s
=> centroids.dtype: torch.float32
UZ fusion: tensor([ 0.4798, -0.0767,  0.0970, -0.1621, -0.0242,  0.0154, -0.3455,  0.0978,
        -0.2947, -0.0259], device='cuda:0', grad_fn=<SliceBackward0>)
Epoch:6 Time:139.2 Data:0.0 Loss:0.4141 Cls Loss:6.5540 Pair Loss:0.0300 Recon Loss:0.3841 Acc:0.0008 
=> centroids.dtype: torch.float32
UZ fusion: tensor([ 0.1036, -0.2104,  0.2238,  0.0609, -0.2804,  0.1370, -0.1246, -0.2223,
         0.4125,  0.2029], device='cuda:0', grad_fn=<SliceBackward0>)
Epoch:7 Time:142.5 Data:0.0 Loss:0.4121 Cls Loss:6.5540 Pair Loss:0.0293 Recon Loss:0.3827 Acc:0.0005 
=> centroids.dtype: torch.float32
UZ fusion: tensor([-0.4042,  0.0089,  0.0214,  0.0344,  0.2768, -0.0457, -0.0298,  0.0594,
        -0.2635, -0.1502], device='cuda:0', grad_fn=<SliceBackward0>)
Epoch:8 Time:143.9 Data:0.0 Loss:0.4095 Cls Loss:6.5540 Pair Loss:0.0269 Recon Loss:0.3825 Acc:0.0006 
=> centroids.dtype: torch.float32
UZ fusion: tensor([ 0.0738,  0.2156,  0.3341, -0.1558,  0.0374, -0.2508,  0.0727,  0.0277,
        -0.2810,  0.0525], device='cuda:0', grad_fn=<SliceBackward0>)
Epoch:9 Time:145.8 Data:0.0 Loss:0.4112 Cls Loss:6.5540 Pair Loss:0.0285 Recon Loss:0.3827 Acc:0.0008 
=> centroids.dtype: torch.float32
UZ fusion: tensor([-0.2306,  0.1288,  0.2960, -0.0931,  0.2048, -0.1581,  0.0643,  0.0119,
         0.0942, -0.1175], device='cuda:0', grad_fn=<SliceBackward0>)
Epoch:10 Time:144.5 Data:0.0 Loss:0.4071 Cls Loss:6.5540 Pair Loss:0.0251 Recon Loss:0.3820 Acc:0.0012 
=> Test at epoch 10
Extracted features for query set, obtained torch.Size([2228, 64]) matrix
Extracted features for gallery set, obtained torch.Size([17661, 64]) matrix
Extracting features complete in 0m 8s
Distance computing in 0m 0s
Computing CMC and mAP
Results ---------------------------------------------------
top1:76.8% top5:86.6% top10:90.3% top20:92.6% mAP:61.5%
-----------------------------------------------------------
Using 0m 3s
Extracted features for query set, obtained torch.Size([2228, 1280]) matrix
Extracted features for gallery set, obtained torch.Size([17661, 1280]) matrix
Extracting features complete in 0m 7s
Distance computing in 0m 0s
Computing CMC and mAP
Results ---------------------------------------------------
top1:72.6% top5:84.2% top10:87.9% top20:90.8% mAP:54.1%
-----------------------------------------------------------
Using 0m 3s
Extracted features for query set, obtained torch.Size([2228, 64]) matrix
Extracted features for gallery set, obtained torch.Size([17661, 64]) matrix
Extracting features complete in 0m 6s
Distance computing in 0m 0s
Computing CMC and mAP
Results ---------------------------------------------------
top1:75.9% top5:86.0% top10:89.5% top20:92.1% mAP:58.8%
-----------------------------------------------------------
Using 0m 3s
=> centroids.dtype: torch.float32
UZ fusion: tensor([-0.0418, -0.2589, -0.0090, -0.0621, -0.0491, -0.2480,  0.0297,  0.0091,
        -0.0101, -0.1592], device='cuda:0', grad_fn=<SliceBackward0>)
Epoch:11 Time:141.4 Data:0.0 Loss:0.4069 Cls Loss:6.5540 Pair Loss:0.0256 Recon Loss:0.3813 Acc:0.0006 
=> centroids.dtype: torch.float32
UZ fusion: tensor([-0.2012, -0.2363,  0.2316, -0.0551,  0.0699, -0.0542, -0.0362,  0.0603,
        -0.1531,  0.1802], device='cuda:0', grad_fn=<SliceBackward0>)
Epoch:12 Time:141.4 Data:0.0 Loss:0.4050 Cls Loss:6.5540 Pair Loss:0.0233 Recon Loss:0.3817 Acc:0.0010 
=> centroids.dtype: torch.float32
UZ fusion: tensor([ 0.0019,  0.3566,  0.2476, -0.0824, -0.0267,  0.1234, -0.1063, -0.0662,
        -0.1936, -0.0968], device='cuda:0', grad_fn=<SliceBackward0>)
Epoch:13 Time:132.1 Data:0.0 Loss:0.4070 Cls Loss:6.5540 Pair Loss:0.0257 Recon Loss:0.3813 Acc:0.0009 
=> centroids.dtype: torch.float32
UZ fusion: tensor([-0.0056, -0.0342, -0.0473, -0.0794, -0.0199,  0.2362, -0.0998, -0.1767,
        -0.3998,  0.1321], device='cuda:0', grad_fn=<SliceBackward0>)
Epoch:14 Time:130.9 Data:0.0 Loss:0.4079 Cls Loss:6.5540 Pair Loss:0.0264 Recon Loss:0.3815 Acc:0.0006 
=> centroids.dtype: torch.float32
UZ fusion: tensor([ 0.0440,  0.5590,  0.2192,  0.1471,  0.1957, -0.0648,  0.3925,  0.2786,
         0.1668, -0.0337], device='cuda:0', grad_fn=<SliceBackward0>)
Epoch:15 Time:131.6 Data:0.0 Loss:0.4078 Cls Loss:6.5540 Pair Loss:0.0263 Recon Loss:0.3814 Acc:0.0010 
=> Test at epoch 15
Extracted features for query set, obtained torch.Size([2228, 64]) matrix
Extracted features for gallery set, obtained torch.Size([17661, 64]) matrix
Extracting features complete in 0m 9s
Distance computing in 0m 0s
Computing CMC and mAP
Results ---------------------------------------------------
top1:77.3% top5:87.1% top10:90.4% top20:92.9% mAP:61.0%
-----------------------------------------------------------
Using 0m 3s
Extracted features for query set, obtained torch.Size([2228, 1280]) matrix
Extracted features for gallery set, obtained torch.Size([17661, 1280]) matrix
Extracting features complete in 0m 6s
Distance computing in 0m 1s
Computing CMC and mAP
Results ---------------------------------------------------
top1:73.6% top5:85.1% top10:88.0% top20:90.8% mAP:54.9%
-----------------------------------------------------------
Using 0m 3s
Extracted features for query set, obtained torch.Size([2228, 64]) matrix
Extracted features for gallery set, obtained torch.Size([17661, 64]) matrix
Extracting features complete in 0m 6s
Distance computing in 0m 0s
Computing CMC and mAP
Results ---------------------------------------------------
top1:76.5% top5:86.2% top10:89.4% top20:91.9% mAP:58.5%
-----------------------------------------------------------
Using 0m 3s
=> centroids.dtype: torch.float32
UZ fusion: tensor([-0.0815, -0.3639, -0.3037,  0.2755,  0.1055,  0.0701,  0.2183,  0.0794,
         0.0600, -0.0444], device='cuda:0', grad_fn=<SliceBackward0>)
Epoch:16 Time:129.3 Data:0.0 Loss:0.4049 Cls Loss:6.5540 Pair Loss:0.0238 Recon Loss:0.3811 Acc:0.0009 
=> centroids.dtype: torch.float32
UZ fusion: tensor([ 0.1297,  0.3054,  0.1021,  0.1606,  0.0064, -0.0057,  0.1285, -0.1416,
        -0.1338,  0.0230], device='cuda:0', grad_fn=<SliceBackward0>)
Epoch:17 Time:131.2 Data:0.0 Loss:0.4062 Cls Loss:6.5540 Pair Loss:0.0256 Recon Loss:0.3806 Acc:0.0011 
=> centroids.dtype: torch.float32
UZ fusion: tensor([-0.0800,  0.0701,  0.1553,  0.3131, -0.1000,  0.2159,  0.0730,  0.0073,
        -0.0995, -0.0185], device='cuda:0', grad_fn=<SliceBackward0>)
Epoch:18 Time:130.9 Data:0.0 Loss:0.4046 Cls Loss:6.5540 Pair Loss:0.0240 Recon Loss:0.3806 Acc:0.0012 
=> centroids.dtype: torch.float32
UZ fusion: tensor([ 0.1331, -0.3478,  0.2558,  0.0581,  0.0012, -0.0286, -0.1838, -0.1085,
        -0.0041, -0.0030], device='cuda:0', grad_fn=<SliceBackward0>)
Epoch:19 Time:128.6 Data:0.0 Loss:0.4047 Cls Loss:6.5539 Pair Loss:0.0240 Recon Loss:0.3807 Acc:0.0009 
=> centroids.dtype: torch.float32
UZ fusion: tensor([-0.0634, -0.1885, -0.0216, -0.1472,  0.0041,  0.0247, -0.1373, -0.0144,
         0.2045,  0.0144], device='cuda:0', grad_fn=<SliceBackward0>)
Epoch:20 Time:131.9 Data:0.0 Loss:0.4023 Cls Loss:6.5540 Pair Loss:0.0218 Recon Loss:0.3805 Acc:0.0011 
=> Test at epoch 20
Extracted features for query set, obtained torch.Size([2228, 64]) matrix
Extracted features for gallery set, obtained torch.Size([17661, 64]) matrix
Extracting features complete in 0m 8s
Distance computing in 0m 0s
Computing CMC and mAP
Results ---------------------------------------------------
top1:77.8% top5:87.9% top10:91.5% top20:93.5% mAP:61.7%
-----------------------------------------------------------
Using 0m 3s
Extracted features for query set, obtained torch.Size([2228, 1280]) matrix
Extracted features for gallery set, obtained torch.Size([17661, 1280]) matrix
Extracting features complete in 0m 7s
Distance computing in 0m 1s
Computing CMC and mAP
Results ---------------------------------------------------
top1:72.3% top5:83.8% top10:87.2% top20:90.9% mAP:54.0%
-----------------------------------------------------------
Using 0m 3s
Extracted features for query set, obtained torch.Size([2228, 64]) matrix
Extracted features for gallery set, obtained torch.Size([17661, 64]) matrix
Extracting features complete in 0m 6s
Distance computing in 0m 0s
Computing CMC and mAP
Results ---------------------------------------------------
top1:76.2% top5:87.3% top10:90.0% top20:93.0% mAP:58.8%
-----------------------------------------------------------
Using 0m 3s
=> centroids.dtype: torch.float32
UZ fusion: tensor([-0.2629,  0.0530,  0.1830,  0.1511, -0.0098,  0.1810, -0.0623, -0.1668,
        -0.0232,  0.0229], device='cuda:0', grad_fn=<SliceBackward0>)
Epoch:21 Time:129.5 Data:0.0 Loss:0.3909 Cls Loss:6.5540 Pair Loss:0.0160 Recon Loss:0.3749 Acc:0.0016 
=> centroids.dtype: torch.float32
UZ fusion: tensor([ 0.0181, -0.0146, -0.0136,  0.1673, -0.0419,  0.1331,  0.1732,  0.0175,
        -0.0560, -0.0420], device='cuda:0', grad_fn=<SliceBackward0>)
Epoch:22 Time:130.6 Data:0.0 Loss:0.3844 Cls Loss:6.5540 Pair Loss:0.0114 Recon Loss:0.3730 Acc:0.0034 
=> centroids.dtype: torch.float32
UZ fusion: tensor([-0.1495,  0.1958,  0.1537,  0.0832,  0.0131, -0.1959,  0.1499,  0.2147,
         0.1125,  0.0021], device='cuda:0', grad_fn=<SliceBackward0>)
Epoch:23 Time:131.7 Data:0.0 Loss:0.3815 Cls Loss:6.5540 Pair Loss:0.0096 Recon Loss:0.3719 Acc:0.0022 
=> centroids.dtype: torch.float32
UZ fusion: tensor([ 0.0221, -0.1175, -0.0159, -0.1500, -0.0054, -0.1273, -0.1651, -0.0885,
        -0.0866,  0.0314], device='cuda:0', grad_fn=<SliceBackward0>)
Epoch:24 Time:129.9 Data:0.0 Loss:0.3815 Cls Loss:6.5540 Pair Loss:0.0102 Recon Loss:0.3713 Acc:0.0026 
=> centroids.dtype: torch.float32
UZ fusion: tensor([-0.0522,  0.1749, -0.0328, -0.0586,  0.0122,  0.0111,  0.0021, -0.0541,
         0.0058,  0.0472], device='cuda:0', grad_fn=<SliceBackward0>)
Epoch:25 Time:130.8 Data:0.0 Loss:0.3801 Cls Loss:6.5540 Pair Loss:0.0094 Recon Loss:0.3706 Acc:0.0028 
=> Test at epoch 25
Extracted features for query set, obtained torch.Size([2228, 64]) matrix
Extracted features for gallery set, obtained torch.Size([17661, 64]) matrix
Extracting features complete in 0m 9s
Distance computing in 0m 0s
Computing CMC and mAP
Results ---------------------------------------------------
top1:79.8% top5:89.1% top10:91.8% top20:94.5% mAP:65.0%
-----------------------------------------------------------
Using 0m 3s
Extracted features for query set, obtained torch.Size([2228, 1280]) matrix
Extracted features for gallery set, obtained torch.Size([17661, 1280]) matrix
Extracting features complete in 0m 6s
Distance computing in 0m 1s
Computing CMC and mAP
Results ---------------------------------------------------
top1:76.5% top5:86.5% top10:89.4% top20:92.1% mAP:59.5%
-----------------------------------------------------------
Using 0m 3s
Extracted features for query set, obtained torch.Size([2228, 64]) matrix
Extracted features for gallery set, obtained torch.Size([17661, 64]) matrix
Extracting features complete in 0m 6s
Distance computing in 0m 0s
Computing CMC and mAP
Results ---------------------------------------------------
top1:79.4% top5:89.0% top10:91.6% top20:94.2% mAP:64.7%
-----------------------------------------------------------
Using 0m 3s
=> centroids.dtype: torch.float32
UZ fusion: tensor([-0.2397, -0.3631, -0.0526, -0.0081,  0.0131,  0.0048, -0.1693, -0.1302,
         0.1688, -0.0318], device='cuda:0', grad_fn=<SliceBackward0>)
Epoch:26 Time:130.5 Data:0.0 Loss:0.3811 Cls Loss:6.5540 Pair Loss:0.0106 Recon Loss:0.3704 Acc:0.0023 
=> centroids.dtype: torch.float32
UZ fusion: tensor([-0.0701,  0.1729, -0.0818,  0.1294, -0.0323,  0.0984,  0.1695,  0.1421,
        -0.0370, -0.0251], device='cuda:0', grad_fn=<SliceBackward0>)
Epoch:27 Time:132.4 Data:0.0 Loss:0.3799 Cls Loss:6.5540 Pair Loss:0.0093 Recon Loss:0.3706 Acc:0.0025 
=> centroids.dtype: torch.float32
UZ fusion: tensor([-0.2852, -0.1901,  0.1872,  0.0100,  0.0037, -0.2673, -0.0314, -0.2313,
         0.0504,  0.0025], device='cuda:0', grad_fn=<SliceBackward0>)
Epoch:28 Time:132.5 Data:0.0 Loss:0.3773 Cls Loss:6.5540 Pair Loss:0.0076 Recon Loss:0.3697 Acc:0.0023 
=> centroids.dtype: torch.float32
UZ fusion: tensor([-0.1876, -0.3107, -0.1547, -0.0105, -0.0117,  0.1260, -0.1636, -0.0300,
         0.1331,  0.0048], device='cuda:0', grad_fn=<SliceBackward0>)
Epoch:29 Time:131.0 Data:0.0 Loss:0.3783 Cls Loss:6.5540 Pair Loss:0.0086 Recon Loss:0.3697 Acc:0.0025 
=> centroids.dtype: torch.float32
UZ fusion: tensor([ 0.1121, -0.1225,  0.0510, -0.0389,  0.0024,  0.0138, -0.2050,  0.0765,
         0.0959,  0.0040], device='cuda:0', grad_fn=<SliceBackward0>)
Epoch:30 Time:133.1 Data:0.0 Loss:0.3763 Cls Loss:6.5539 Pair Loss:0.0072 Recon Loss:0.3690 Acc:0.0023 
=> Test at epoch 30
Extracted features for query set, obtained torch.Size([2228, 64]) matrix
Extracted features for gallery set, obtained torch.Size([17661, 64]) matrix
Extracting features complete in 0m 9s
Distance computing in 0m 0s
Computing CMC and mAP
Results ---------------------------------------------------
top1:80.2% top5:89.3% top10:92.2% top20:94.5% mAP:65.6%
-----------------------------------------------------------
Using 0m 3s
Extracted features for query set, obtained torch.Size([2228, 1280]) matrix
Extracted features for gallery set, obtained torch.Size([17661, 1280]) matrix
Extracting features complete in 0m 7s
Distance computing in 0m 1s
Computing CMC and mAP
Results ---------------------------------------------------
top1:76.9% top5:87.4% top10:89.8% top20:92.2% mAP:60.3%
-----------------------------------------------------------
Using 0m 3s
Extracted features for query set, obtained torch.Size([2228, 64]) matrix
Extracted features for gallery set, obtained torch.Size([17661, 64]) matrix
Extracting features complete in 0m 7s
Distance computing in 0m 0s
Computing CMC and mAP
Results ---------------------------------------------------
top1:79.9% top5:89.2% top10:91.8% top20:94.3% mAP:65.2%
-----------------------------------------------------------
Using 0m 3s
=> centroids.dtype: torch.float32
UZ fusion: tensor([ 0.1373,  0.1824,  0.0634, -0.0292, -0.0057, -0.0564,  0.1447,  0.1310,
        -0.1062,  0.0093], device='cuda:0', grad_fn=<SliceBackward0>)
Epoch:31 Time:128.3 Data:0.0 Loss:0.3770 Cls Loss:6.5540 Pair Loss:0.0080 Recon Loss:0.3690 Acc:0.0017 
=> centroids.dtype: torch.float32
UZ fusion: tensor([ 1.3289e-01,  2.7338e-01, -1.2249e-01, -9.6125e-02, -1.6024e-02,
         1.5326e-01,  1.9515e-02, -1.1404e-01,  2.0212e-02, -1.8068e-04],
       device='cuda:0', grad_fn=<SliceBackward0>)
Epoch:32 Time:131.2 Data:0.0 Loss:0.3757 Cls Loss:6.5540 Pair Loss:0.0071 Recon Loss:0.3686 Acc:0.0018 
=> centroids.dtype: torch.float32
UZ fusion: tensor([-0.2148, -0.1645, -0.1149, -0.1517, -0.0005, -0.0956, -0.1856, -0.1111,
         0.0555, -0.0247], device='cuda:0', grad_fn=<SliceBackward0>)
Epoch:33 Time:130.7 Data:0.0 Loss:0.3772 Cls Loss:6.5540 Pair Loss:0.0086 Recon Loss:0.3686 Acc:0.0022 
=> centroids.dtype: torch.float32
UZ fusion: tensor([ 0.2337, -0.0094, -0.1024, -0.1108,  0.0258,  0.1063, -0.0164, -0.0637,
        -0.1241, -0.0176], device='cuda:0', grad_fn=<SliceBackward0>)
Epoch:34 Time:130.8 Data:0.0 Loss:0.3759 Cls Loss:6.5540 Pair Loss:0.0075 Recon Loss:0.3683 Acc:0.0019 
=> centroids.dtype: torch.float32
UZ fusion: tensor([ 0.2777, -0.1487, -0.3032, -0.0189,  0.0058,  0.2294, -0.0188,  0.1219,
         0.1227, -0.0122], device='cuda:0', grad_fn=<SliceBackward0>)
Epoch:35 Time:132.0 Data:0.0 Loss:0.3754 Cls Loss:6.5540 Pair Loss:0.0073 Recon Loss:0.3682 Acc:0.0028 
=> Test at epoch 35
Extracted features for query set, obtained torch.Size([2228, 64]) matrix
Extracted features for gallery set, obtained torch.Size([17661, 64]) matrix
Extracting features complete in 0m 8s
Distance computing in 0m 0s
Computing CMC and mAP
Results ---------------------------------------------------
top1:79.9% top5:89.5% top10:92.1% top20:94.4% mAP:65.5%
-----------------------------------------------------------
Using 0m 3s
Extracted features for query set, obtained torch.Size([2228, 1280]) matrix
Extracted features for gallery set, obtained torch.Size([17661, 1280]) matrix
Extracting features complete in 0m 7s
Distance computing in 0m 1s
Computing CMC and mAP
Results ---------------------------------------------------
top1:77.2% top5:86.5% top10:89.9% top20:92.2% mAP:60.4%
-----------------------------------------------------------
Using 0m 3s
Extracted features for query set, obtained torch.Size([2228, 64]) matrix
Extracted features for gallery set, obtained torch.Size([17661, 64]) matrix
Extracting features complete in 0m 6s
Distance computing in 0m 0s
Computing CMC and mAP
Results ---------------------------------------------------
top1:80.3% top5:89.0% top10:91.8% top20:94.0% mAP:65.1%
-----------------------------------------------------------
Using 0m 3s
=> centroids.dtype: torch.float32
UZ fusion: tensor([ 0.0270, -0.1741,  0.0285, -0.0270, -0.0078, -0.1058, -0.1245,  0.0932,
        -0.0325, -0.0030], device='cuda:0', grad_fn=<SliceBackward0>)
Epoch:36 Time:128.4 Data:0.0 Loss:0.3751 Cls Loss:6.5540 Pair Loss:0.0071 Recon Loss:0.3680 Acc:0.0023 
=> centroids.dtype: torch.float32
UZ fusion: tensor([ 0.0111,  0.2953,  0.0124, -0.0642, -0.0085, -0.1015,  0.0653, -0.1582,
        -0.0584,  0.0111], device='cuda:0', grad_fn=<SliceBackward0>)
Epoch:37 Time:130.7 Data:0.0 Loss:0.3761 Cls Loss:6.5540 Pair Loss:0.0081 Recon Loss:0.3679 Acc:0.0024 
=> centroids.dtype: torch.float32
UZ fusion: tensor([ 0.0198, -0.0492,  0.1158,  0.0322, -0.0185, -0.1372,  0.0129, -0.0702,
         0.1156,  0.0045], device='cuda:0', grad_fn=<SliceBackward0>)
Epoch:38 Time:131.0 Data:0.0 Loss:0.3743 Cls Loss:6.5540 Pair Loss:0.0067 Recon Loss:0.3677 Acc:0.0023 
=> centroids.dtype: torch.float32
UZ fusion: tensor([ 0.0031, -0.2082,  0.1927,  0.0210,  0.0126, -0.1046, -0.1019, -0.0056,
        -0.0318, -0.0112], device='cuda:0', grad_fn=<SliceBackward0>)
Epoch:39 Time:131.6 Data:0.0 Loss:0.3747 Cls Loss:6.5540 Pair Loss:0.0072 Recon Loss:0.3675 Acc:0.0017 
=> centroids.dtype: torch.float32
UZ fusion: tensor([ 1.1227e-02, -6.1397e-02,  8.4884e-02,  5.4195e-02,  2.1150e-02,
         3.9384e-02, -3.0667e-02,  8.7758e-02,  7.2070e-05, -1.2801e-02],
       device='cuda:0', grad_fn=<SliceBackward0>)
Epoch:40 Time:131.7 Data:0.0 Loss:0.3743 Cls Loss:6.5540 Pair Loss:0.0070 Recon Loss:0.3673 Acc:0.0017 
=> Test at epoch 40
Extracted features for query set, obtained torch.Size([2228, 64]) matrix
Extracted features for gallery set, obtained torch.Size([17661, 64]) matrix
Extracting features complete in 0m 9s
Distance computing in 0m 0s
Computing CMC and mAP
Results ---------------------------------------------------
top1:80.5% top5:89.5% top10:92.1% top20:94.5% mAP:65.8%
-----------------------------------------------------------
Using 0m 3s
Extracted features for query set, obtained torch.Size([2228, 1280]) matrix
Extracted features for gallery set, obtained torch.Size([17661, 1280]) matrix
Extracting features complete in 0m 6s
Distance computing in 0m 1s
Computing CMC and mAP
Results ---------------------------------------------------
top1:76.6% top5:87.2% top10:90.1% top20:92.4% mAP:60.4%
-----------------------------------------------------------
Using 0m 3s
Extracted features for query set, obtained torch.Size([2228, 64]) matrix
Extracted features for gallery set, obtained torch.Size([17661, 64]) matrix
Extracting features complete in 0m 6s
Distance computing in 0m 0s
Computing CMC and mAP
Results ---------------------------------------------------
top1:80.6% top5:89.9% top10:91.8% top20:94.0% mAP:65.5%
-----------------------------------------------------------
Using 0m 3s
=> centroids.dtype: torch.float32
UZ fusion: tensor([ 0.3159, -0.1325, -0.0454, -0.0736, -0.0015, -0.2711, -0.0021,  0.0264,
        -0.0438, -0.0063], device='cuda:0', grad_fn=<SliceBackward0>)
Epoch:41 Time:131.1 Data:0.0 Loss:0.3725 Cls Loss:6.5540 Pair Loss:0.0061 Recon Loss:0.3664 Acc:0.0015 
=> centroids.dtype: torch.float32
UZ fusion: tensor([ 0.0823, -0.0521, -0.0168,  0.0907,  0.0115, -0.0324,  0.0255, -0.1025,
         0.0366, -0.0114], device='cuda:0', grad_fn=<SliceBackward0>)
Epoch:42 Time:133.5 Data:0.0 Loss:0.3719 Cls Loss:6.5540 Pair Loss:0.0058 Recon Loss:0.3661 Acc:0.0009 
=> centroids.dtype: torch.float32
UZ fusion: tensor([ 0.0735, -0.1572,  0.0626, -0.0215,  0.0098, -0.0008, -0.1520,  0.0826,
         0.0771, -0.0043], device='cuda:0', grad_fn=<SliceBackward0>)
Epoch:43 Time:132.5 Data:0.0 Loss:0.3718 Cls Loss:6.5540 Pair Loss:0.0057 Recon Loss:0.3660 Acc:0.0021 
=> centroids.dtype: torch.float32
UZ fusion: tensor([ 0.2478,  0.2444, -0.0057, -0.0550, -0.0062,  0.0574,  0.0384,  0.1355,
         0.0426, -0.0205], device='cuda:0', grad_fn=<SliceBackward0>)
Epoch:44 Time:131.7 Data:0.0 Loss:0.3719 Cls Loss:6.5540 Pair Loss:0.0059 Recon Loss:0.3661 Acc:0.0012 
=> centroids.dtype: torch.float32
UZ fusion: tensor([-0.1129,  0.2597,  0.0281, -0.0600, -0.0158, -0.0825,  0.0031,  0.0129,
        -0.1030, -0.0028], device='cuda:0', grad_fn=<SliceBackward0>)
Epoch:45 Time:132.7 Data:0.0 Loss:0.3712 Cls Loss:6.5540 Pair Loss:0.0055 Recon Loss:0.3656 Acc:0.0019 
=> Test at epoch 45
Extracted features for query set, obtained torch.Size([2228, 64]) matrix
Extracted features for gallery set, obtained torch.Size([17661, 64]) matrix
Extracting features complete in 0m 8s
Distance computing in 0m 0s
Computing CMC and mAP
Results ---------------------------------------------------
top1:80.8% top5:89.6% top10:92.0% top20:94.5% mAP:66.0%
-----------------------------------------------------------
Using 0m 3s
Extracted features for query set, obtained torch.Size([2228, 1280]) matrix
Extracted features for gallery set, obtained torch.Size([17661, 1280]) matrix
Extracting features complete in 0m 7s
Distance computing in 0m 1s
Computing CMC and mAP
Results ---------------------------------------------------
top1:76.5% top5:86.8% top10:89.9% top20:92.7% mAP:60.5%
-----------------------------------------------------------
Using 0m 3s
Extracted features for query set, obtained torch.Size([2228, 64]) matrix
Extracted features for gallery set, obtained torch.Size([17661, 64]) matrix
Extracting features complete in 0m 6s
Distance computing in 0m 0s
Computing CMC and mAP
Results ---------------------------------------------------
top1:80.4% top5:89.6% top10:92.0% top20:94.3% mAP:65.8%
-----------------------------------------------------------
Using 0m 3s
=> centroids.dtype: torch.float32
UZ fusion: tensor([ 0.2670,  0.0894, -0.0933, -0.0398,  0.0196,  0.0589, -0.0304,  0.0741,
         0.0847, -0.0197], device='cuda:0', grad_fn=<SliceBackward0>)
Epoch:46 Time:128.9 Data:0.0 Loss:0.3720 Cls Loss:6.5540 Pair Loss:0.0060 Recon Loss:0.3660 Acc:0.0024 
=> centroids.dtype: torch.float32
UZ fusion: tensor([-0.1074,  0.2945,  0.0932, -0.0196, -0.0128,  0.1901, -0.0334, -0.2058,
         0.0053,  0.0372], device='cuda:0', grad_fn=<SliceBackward0>)
Epoch:47 Time:130.6 Data:0.0 Loss:0.3719 Cls Loss:6.5540 Pair Loss:0.0057 Recon Loss:0.3662 Acc:0.0018 
=> centroids.dtype: torch.float32
UZ fusion: tensor([-0.1476,  0.2044, -0.0599,  0.0331, -0.0083,  0.0007,  0.0675,  0.1291,
        -0.0569, -0.0095], device='cuda:0', grad_fn=<SliceBackward0>)
Epoch:48 Time:121.5 Data:0.0 Loss:0.3715 Cls Loss:6.5540 Pair Loss:0.0057 Recon Loss:0.3659 Acc:0.0014 
=> centroids.dtype: torch.float32
UZ fusion: tensor([-0.0951,  0.1489, -0.0499,  0.1289,  0.0004,  0.1562,  0.1881,  0.1727,
        -0.0314, -0.0163], device='cuda:0', grad_fn=<SliceBackward0>)
Epoch:49 Time:119.8 Data:0.0 Loss:0.3707 Cls Loss:6.5540 Pair Loss:0.0050 Recon Loss:0.3657 Acc:0.0019 
=> centroids.dtype: torch.float32
UZ fusion: tensor([ 0.1951, -0.2077,  0.0434, -0.0771,  0.0226, -0.2600, -0.0616, -0.0508,
         0.0141, -0.0052], device='cuda:0', grad_fn=<SliceBackward0>)
Epoch:50 Time:118.0 Data:0.0 Loss:0.3709 Cls Loss:6.5540 Pair Loss:0.0054 Recon Loss:0.3654 Acc:0.0019 
=> Test at epoch 50
Extracted features for query set, obtained torch.Size([2228, 64]) matrix
Extracted features for gallery set, obtained torch.Size([17661, 64]) matrix
Extracting features complete in 0m 8s
Distance computing in 0m 0s
Computing CMC and mAP
Results ---------------------------------------------------
top1:80.7% top5:89.5% top10:92.1% top20:94.7% mAP:66.2%
-----------------------------------------------------------
Using 0m 3s
Extracted features for query set, obtained torch.Size([2228, 1280]) matrix
Extracted features for gallery set, obtained torch.Size([17661, 1280]) matrix
Extracting features complete in 0m 5s
Distance computing in 0m 0s
Computing CMC and mAP
Results ---------------------------------------------------
top1:77.2% top5:87.1% top10:90.4% top20:92.7% mAP:60.7%
-----------------------------------------------------------
Using 0m 3s
Extracted features for query set, obtained torch.Size([2228, 64]) matrix
Extracted features for gallery set, obtained torch.Size([17661, 64]) matrix
Extracting features complete in 0m 6s
Distance computing in 0m 0s
Computing CMC and mAP
Results ---------------------------------------------------
top1:80.4% top5:89.9% top10:92.1% top20:94.3% mAP:66.1%
-----------------------------------------------------------
Using 0m 3s
=> centroids.dtype: torch.float32
UZ fusion: tensor([-0.0526, -0.3857, -0.1197,  0.3024,  0.0269, -0.0433,  0.0848,  0.1055,
        -0.1191,  0.0006], device='cuda:0', grad_fn=<SliceBackward0>)
Epoch:51 Time:116.8 Data:0.0 Loss:0.3702 Cls Loss:6.5540 Pair Loss:0.0046 Recon Loss:0.3656 Acc:0.0019 
=> centroids.dtype: torch.float32
UZ fusion: tensor([-0.0837,  0.2212, -0.1805,  0.1481, -0.0234,  0.0740,  0.2017,  0.0950,
        -0.0185, -0.0150], device='cuda:0', grad_fn=<SliceBackward0>)
Epoch:52 Time:120.1 Data:0.0 Loss:0.3700 Cls Loss:6.5540 Pair Loss:0.0049 Recon Loss:0.3652 Acc:0.0019 
=> centroids.dtype: torch.float32
UZ fusion: tensor([ 0.2027,  0.2127,  0.1356, -0.1005, -0.0020,  0.0959, -0.0610, -0.0273,
         0.0184,  0.0141], device='cuda:0', grad_fn=<SliceBackward0>)
Epoch:53 Time:118.9 Data:0.0 Loss:0.3703 Cls Loss:6.5540 Pair Loss:0.0050 Recon Loss:0.3654 Acc:0.0019 
=> centroids.dtype: torch.float32
UZ fusion: tensor([ 0.0550, -0.2942,  0.0152, -0.0556,  0.0333, -0.0605, -0.0945, -0.0627,
        -0.0638, -0.0173], device='cuda:0', grad_fn=<SliceBackward0>)
Epoch:54 Time:120.2 Data:0.0 Loss:0.3700 Cls Loss:6.5540 Pair Loss:0.0048 Recon Loss:0.3652 Acc:0.0012 
=> centroids.dtype: torch.float32
UZ fusion: tensor([-0.0461,  0.1511,  0.0319,  0.1351, -0.0241,  0.0221,  0.0375, -0.1123,
        -0.1071, -0.0091], device='cuda:0', grad_fn=<SliceBackward0>)
Epoch:55 Time:118.4 Data:0.0 Loss:0.3711 Cls Loss:6.5540 Pair Loss:0.0062 Recon Loss:0.3649 Acc:0.0016 
=> Test at epoch 55
Extracted features for query set, obtained torch.Size([2228, 64]) matrix
Extracted features for gallery set, obtained torch.Size([17661, 64]) matrix
Extracting features complete in 0m 7s
Distance computing in 0m 0s
Computing CMC and mAP
Results ---------------------------------------------------
top1:80.6% top5:89.5% top10:92.2% top20:94.4% mAP:66.3%
-----------------------------------------------------------
Using 0m 3s
Extracted features for query set, obtained torch.Size([2228, 1280]) matrix
Extracted features for gallery set, obtained torch.Size([17661, 1280]) matrix
Extracting features complete in 0m 6s
Distance computing in 0m 0s
Computing CMC and mAP
Results ---------------------------------------------------
top1:76.6% top5:87.1% top10:90.5% top20:92.4% mAP:60.6%
-----------------------------------------------------------
Using 0m 3s
Extracted features for query set, obtained torch.Size([2228, 64]) matrix
Extracted features for gallery set, obtained torch.Size([17661, 64]) matrix
Extracting features complete in 0m 6s
Distance computing in 0m 0s
Computing CMC and mAP
Results ---------------------------------------------------
top1:80.7% top5:89.7% top10:92.1% top20:94.4% mAP:66.3%
-----------------------------------------------------------
Using 0m 3s
=> centroids.dtype: torch.float32
UZ fusion: tensor([-0.0577, -0.4091,  0.0400,  0.0852, -0.0051, -0.1737, -0.0467, -0.0053,
         0.1173, -0.0005], device='cuda:0', grad_fn=<SliceBackward0>)
Epoch:56 Time:118.1 Data:0.0 Loss:0.3707 Cls Loss:6.5540 Pair Loss:0.0052 Recon Loss:0.3655 Acc:0.0019 
=> centroids.dtype: torch.float32
UZ fusion: tensor([-0.1317,  0.0907, -0.0295,  0.1904, -0.0248,  0.1041,  0.1131,  0.1024,
        -0.0296, -0.0192], device='cuda:0', grad_fn=<SliceBackward0>)
Epoch:57 Time:120.7 Data:0.0 Loss:0.3707 Cls Loss:6.5540 Pair Loss:0.0052 Recon Loss:0.3654 Acc:0.0016 
=> centroids.dtype: torch.float32
UZ fusion: tensor([-0.1640, -0.1207, -0.0759, -0.1156, -0.0113,  0.0258, -0.1419, -0.1114,
         0.0354,  0.0179], device='cuda:0', grad_fn=<SliceBackward0>)
Epoch:58 Time:120.8 Data:0.0 Loss:0.3706 Cls Loss:6.5540 Pair Loss:0.0056 Recon Loss:0.3651 Acc:0.0019 
=> centroids.dtype: torch.float32
UZ fusion: tensor([ 0.1025,  0.0505, -0.0924, -0.0943,  0.0232, -0.0039, -0.0526, -0.0646,
        -0.1280, -0.0283], device='cuda:0', grad_fn=<SliceBackward0>)
Epoch:59 Time:121.2 Data:0.0 Loss:0.3712 Cls Loss:6.5540 Pair Loss:0.0056 Recon Loss:0.3655 Acc:0.0017 
=> centroids.dtype: torch.float32
UZ fusion: tensor([ 0.0464, -0.1385, -0.0957,  0.1268,  0.0167,  0.0557,  0.0428, -0.2152,
        -0.1459,  0.0048], device='cuda:0', grad_fn=<SliceBackward0>)
Epoch:60 Time:119.6 Data:0.0 Loss:0.3711 Cls Loss:6.5540 Pair Loss:0.0062 Recon Loss:0.3649 Acc:0.0016 
=> Test at epoch 60
Extracted features for query set, obtained torch.Size([2228, 64]) matrix
Extracted features for gallery set, obtained torch.Size([17661, 64]) matrix
Extracting features complete in 0m 8s
Distance computing in 0m 0s
Computing CMC and mAP
Results ---------------------------------------------------
top1:80.7% top5:89.8% top10:92.4% top20:94.6% mAP:66.3%
-----------------------------------------------------------
Using 0m 3s
Extracted features for query set, obtained torch.Size([2228, 1280]) matrix
Extracted features for gallery set, obtained torch.Size([17661, 1280]) matrix
Extracting features complete in 0m 6s
Distance computing in 0m 0s
Computing CMC and mAP
Results ---------------------------------------------------
top1:77.1% top5:87.1% top10:90.3% top20:92.6% mAP:60.7%
-----------------------------------------------------------
Using 0m 3s
Extracted features for query set, obtained torch.Size([2228, 64]) matrix
Extracted features for gallery set, obtained torch.Size([17661, 64]) matrix
Extracting features complete in 0m 6s
Distance computing in 0m 0s
Computing CMC and mAP
Results ---------------------------------------------------
top1:80.6% top5:89.5% top10:92.1% top20:94.3% mAP:66.3%
-----------------------------------------------------------
Using 0m 3s
=> Best Rank-1 80.7% achieved at epoch 55
Finished. Total elapsed time (h:m:s): 2:18:42. Training time (h:m:s): 2:11:58.
Shutting down background jobs, please wait a moment...
Done!
Waiting for the remaining 8 operations to synchronize with Neptune. Do not kill this process.
All 8 operations synced, thanks for waiting!
Explore the metadata in the Neptune app:
https://app.neptune.ai/Zhengwei-Lab/NIPSTransferReID/e/NIPS-698/metadata
