https://app.neptune.ai/Zhengwei-Lab/NIPSTransferReID/e/NIPS-708
=> merge config from ./configs/clipreid_cvae_kl.yaml
Use centroid as domain embedding
/home/zhengwei/Desktop/Zhengwei/Projects/CVAE/main.py:95: NeptuneUnsupportedType: You're attempting to log a type that is not directly supported by Neptune (<class 'list'>).
        Convert the value to a supported type, such as a string or float, or use stringify_unsupported(obj)
        for dictionaries or collections that contain unsupported values.
        For more, see https://docs.neptune.ai/help/value_of_unsupported_type
  run["parameters"] = param
=> Configurations:
-------------------------
AMP: True
AUG:
  RC_PROB: 0.5
  RE_PROB: 0.5
DATA:
  CUHK03_CLASSIC_SPLIT: False
  CUHK03_LABELED: False
  DATASET: duke
  FORMAT_TAG: tensor
  HEIGHT: 256
  NUM_INSTANCES: 4
  NUM_WORKERS: 4
  ROOT: /home/zhengwei/Desktop/Zhengwei/Projects/datasets
  SPLIT_ID: 0
  TEST_BATCH: 512
  TRAIN_BATCH: 64
  TRAIN_FORMAT: base
  WIDTH: 128
EVAL_MODE: False
GPU: 0
LOSS:
  CLA_LOSS: crossentropylabelsmooth
  CLA_M: 0.0
  CLA_S: 16.0
  PAIR_LOSS: triplet
  PAIR_M: 0.3
  PAIR_S: 16.0
  RECON_LOSS: mse
MODEL:
  CONDITIONAL: False
  FEATURE_DIM: 1280
  FEAT_FUSION: True
  FLOW_TYPE: yuke_mlpflow
  GAUSSIAN: MultivariateNormal
  LATENT_SIZE: 64
  NAME: CVAE
  ONLY_CVAE_KL: False
  ONLY_X_INPUT: False
  PRETRAIN: CLIPreidNew
  RES4_STRIDE: 1
  RESUME: 
  TRAIN_STAGE: klstage
  USE_CENTROID: True
  VAE_TYPE: cvae
OUTPUT: ./outputs/duke/clipreid_cvae_decouple/2024-05-10/fp32_l4vae+LeakRelu+bn_64z_SingleAdapterU_normUZ_bpfusion_Lrecon_1e3
SAVED_NAME: fp32_l4vae+LeakRelu+bn_64z_SingleAdapterU_normUZ_bpfusion_Lrecon_1e3
SEED: 0
TAG: clipreid_cvae_decouple
TEST:
  DISTANCE: cosine
  EVAL_STEP: 5
  START_EVAL: -1
TRAIN:
  AMP: False
  LR_SCHEDULER:
    DECAY_RATE: 0.1
    NAME: MultiStepLR
    STEPSIZE: [20, 40]
  MAX_EPOCH: 60
  OPTIMIZER:
    LR: 0.001
    NAME: adam
    WEIGHT_DECAY: 0.0001
  START_EPOCH: 0
----------------------
Initializing dataset duke
Warning: string series 'monitoring/b65b6281/stdout' value was longer than 1000 characters and was truncated. This warning is printed only once per series.
Loading cluster results from '/home/zhengwei/Desktop/Zhengwei/Projects/datasets/DukeMTMC-reID/kmeans_results/CLIPreidNew/train_all_129k_euclidean.pt'
Clustering stastistics: [(0, 83), (1, 48), (2, 58), (3, 100), (4, 96), (5, 59), (6, 109), (7, 142), (8, 122), (9, 100), (10, 53), (11, 138), (12, 83), (13, 99), (14, 142), (15, 224), (16, 181), (17, 153), (18, 172), (19, 254), (20, 162), (21, 110), (22, 191), (23, 102), (24, 41), (25, 136), (26, 144), (27, 152), (28, 151), (29, 142), (30, 100), (31, 128), (32, 245), (33, 131), (34, 85), (35, 81), (36, 58), (37, 143), (38, 71), (39, 219), (40, 113), (41, 56), (42, 61), (43, 158), (44, 116), (45, 33), (46, 143), (47, 95), (48, 325), (49, 145), (50, 63), (51, 150), (52, 75), (53, 111), (54, 108), (55, 88), (56, 108), (57, 158), (58, 333), (59, 38), (60, 165), (61, 159), (62, 175), (63, 173), (64, 71), (65, 68), (66, 90), (67, 194), (68, 66), (69, 75), (70, 199), (71, 119), (72, 83), (73, 63), (74, 213), (75, 369), (76, 137), (77, 126), (78, 51), (79, 196), (80, 134), (81, 189), (82, 100), (83, 250), (84, 23), (85, 100), (86, 149), (87, 231), (88, 66), (89, 40), (90, 181), (91, 77), (92, 143), (93, 145), (94, 126), (95, 159), (96, 219), (97, 117), (98, 185), (99, 139), (100, 135), (101, 108), (102, 64), (103, 178), (104, 104), (105, 131), (106, 64), (107, 106), (108, 153), (109, 133), (110, 75), (111, 83), (112, 94), (113, 255), (114, 80), (115, 99), (116, 209), (117, 90), (118, 189), (119, 103), (120, 236), (121, 163), (122, 9), (123, 47), (124, 33), (125, 97), (126, 121), (127, 153), (128, 160)]
Loading cluster results from '/home/zhengwei/Desktop/Zhengwei/Projects/datasets/DukeMTMC-reID/kmeans_results/CLIPreidNew/query_129k_euclidean.pt'
Clustering stastistics: [(0, 7), (1, 22), (2, 26), (3, 6), (4, 35), (5, 24), (6, 10), (7, 12), (8, 9), (9, 8), (10, 22), (11, 7), (12, 22), (13, 6), (14, 33), (15, 16), (16, 43), (17, 11), (18, 9), (19, 17), (20, 9), (21, 28), (22, 26), (23, 12), (24, 10), (25, 9), (26, 8), (27, 15), (28, 15), (29, 40), (30, 3), (31, 9), (32, 11), (33, 9), (34, 33), (35, 12), (36, 19), (37, 13), (38, 10), (39, 26), (40, 29), (41, 9), (42, 14), (43, 12), (44, 17), (45, 10), (46, 12), (47, 12), (48, 31), (49, 28), (50, 21), (51, 9), (52, 17), (53, 18), (54, 13), (55, 7), (56, 13), (57, 31), (58, 17), (59, 55), (60, 26), (61, 6), (62, 18), (63, 15), (64, 26), (65, 28), (66, 23), (67, 35), (68, 20), (69, 27), (70, 22), (71, 19), (72, 7), (73, 13), (74, 13), (75, 27), (76, 12), (77, 18), (78, 23), (79, 11), (80, 19), (81, 21), (82, 14), (83, 15), (84, 6), (85, 19), (86, 24), (87, 4), (88, 21), (89, 12), (90, 12), (91, 27), (92, 27), (93, 8), (94, 20), (95, 25), (96, 18), (97, 17), (98, 8), (99, 22), (100, 4), (101, 13), (102, 25), (103, 16), (104, 19), (105, 26), (106, 9), (107, 14), (108, 21), (109, 12), (110, 15), (111, 19), (112, 22), (113, 37), (114, 7), (115, 23), (116, 4), (117, 30), (118, 20), (119, 29), (120, 17), (121, 9), (122, 6), (123, 8), (124, 13), (125, 16), (126, 8), (127, 5), (128, 16)]
Loading cluster results from '/home/zhengwei/Desktop/Zhengwei/Projects/datasets/DukeMTMC-reID/kmeans_results/CLIPreidNew/gallery_129k_euclidean.pt'
Clustering stastistics: [(0, 166), (1, 257), (2, 94), (3, 25), (4, 246), (5, 88), (6, 199), (7, 160), (8, 125), (9, 124), (10, 195), (11, 90), (12, 94), (13, 155), (14, 179), (15, 172), (16, 73), (17, 139), (18, 55), (19, 88), (20, 115), (21, 118), (22, 140), (23, 114), (24, 74), (25, 194), (26, 190), (27, 80), (28, 202), (29, 117), (30, 185), (31, 156), (32, 63), (33, 149), (34, 161), (35, 102), (36, 127), (37, 92), (38, 143), (39, 188), (40, 79), (41, 191), (42, 128), (43, 105), (44, 167), (45, 255), (46, 213), (47, 67), (48, 193), (49, 118), (50, 127), (51, 213), (52, 84), (53, 147), (54, 61), (55, 91), (56, 159), (57, 116), (58, 146), (59, 189), (60, 100), (61, 159), (62, 166), (63, 142), (64, 183), (65, 120), (66, 118), (67, 70), (68, 150), (69, 113), (70, 167), (71, 93), (72, 107), (73, 138), (74, 191), (75, 154), (76, 72), (77, 255), (78, 83), (79, 102), (80, 129), (81, 48), (82, 97), (83, 129), (84, 216), (85, 178), (86, 127), (87, 254), (88, 191), (89, 126), (90, 170), (91, 154), (92, 52), (93, 149), (94, 179), (95, 99), (96, 96), (97, 142), (98, 154), (99, 193), (100, 143), (101, 118), (102, 153), (103, 44), (104, 142), (105, 87), (106, 84), (107, 196), (108, 143), (109, 156), (110, 63), (111, 178), (112, 52), (113, 165), (114, 106), (115, 38), (116, 112), (117, 183), (118, 63), (119, 299), (120, 96), (121, 53), (122, 143), (123, 132), (124, 288), (125, 151), (126, 104), (127, 95), (128, 225)]
=> DukeMTMC-reID tensor loaded
Dataset statistics:
  ------------------------------
  subset   | # ids | # images
  ------------------------------
  train    |   702 |    16522
  query    |   702 |     2228
  gallery  |  1110 |    17661
  ------------------------------
  total    |  1404 |    36411
  ------------------------------
Initializing vae model: cvae
Using Adapter for domain feature
Model size: 12.00550M
Using MLPClassBlock with hiidem_dim_list: [64, 128, 256, 512]
Classifier size: 0.53555M
=> Start training
=> centroids.dtype: torch.float32
UZ fusion: tensor([-0.1360,  0.2228,  0.0802,  0.1805, -0.0401,  0.1203, -0.1242, -0.0753,
        -0.1013,  0.0660], device='cuda:0', grad_fn=<SliceBackward0>)
Epoch:1 Time:55.1 Data:0.0 Loss:0.4361 Cls Loss:6.5540 Pair Loss:0.2583 Recon Loss:0.4361 Acc:0.0010 
=> centroids.dtype: torch.float32
UZ fusion: tensor([-0.1109, -0.0007,  0.0371,  0.1330,  0.0565, -0.1642,  0.0158,  0.0427,
        -0.0969, -0.0738], device='cuda:0', grad_fn=<SliceBackward0>)
Epoch:2 Time:44.8 Data:0.0 Loss:0.3981 Cls Loss:6.5540 Pair Loss:0.1124 Recon Loss:0.3981 Acc:0.0012 
=> centroids.dtype: torch.float32
UZ fusion: tensor([-0.0742, -0.0718, -0.0608,  0.0569,  0.1029, -0.1467, -0.0403,  0.0309,
        -0.1452,  0.1049], device='cuda:0', grad_fn=<SliceBackward0>)
Epoch:3 Time:51.2 Data:0.0 Loss:0.3867 Cls Loss:6.5540 Pair Loss:0.0612 Recon Loss:0.3867 Acc:0.0008 
=> centroids.dtype: torch.float32
UZ fusion: tensor([-0.1342,  0.0395, -0.0494,  0.1371,  0.0949, -0.0265,  0.0376, -0.0036,
         0.0211, -0.0684], device='cuda:0', grad_fn=<SliceBackward0>)
Epoch:4 Time:50.3 Data:0.0 Loss:0.3793 Cls Loss:6.5540 Pair Loss:0.0437 Recon Loss:0.3793 Acc:0.0006 
=> centroids.dtype: torch.float32
UZ fusion: tensor([-0.1236, -0.0649, -0.0332,  0.0354,  0.0719, -0.0131,  0.0197, -0.0615,
        -0.0856,  0.0143], device='cuda:0', grad_fn=<SliceBackward0>)
Epoch:5 Time:52.6 Data:0.0 Loss:0.3731 Cls Loss:6.5540 Pair Loss:0.0342 Recon Loss:0.3731 Acc:0.0006 
=> Test at epoch 5
Extracted features for query set, obtained torch.Size([2228, 64]) matrix
Extracted features for gallery set, obtained torch.Size([17661, 64]) matrix
Extracting features complete in 0m 8s
Distance computing in 0m 0s
Computing CMC and mAP
Results ---------------------------------------------------
top1:46.4% top5:64.5% top10:70.6% top20:76.3% mAP:22.9%
-----------------------------------------------------------
Using 0m 3s
Extracted features for query set, obtained torch.Size([2228, 1280]) matrix
Extracted features for gallery set, obtained torch.Size([17661, 1280]) matrix
Extracting features complete in 0m 6s
Distance computing in 0m 1s
Computing CMC and mAP
Results ---------------------------------------------------
top1:81.5% top5:90.0% top10:92.4% top20:94.3% mAP:66.8%
-----------------------------------------------------------
Using 0m 3s
Extracted features for query set, obtained torch.Size([2228, 64]) matrix
Extracted features for gallery set, obtained torch.Size([17661, 64]) matrix
Extracting features complete in 0m 5s
Distance computing in 0m 1s
Computing CMC and mAP
Results ---------------------------------------------------
top1:85.9% top5:92.8% top10:94.7% top20:96.2% mAP:73.6%
-----------------------------------------------------------
Using 0m 3s
=> centroids.dtype: torch.float32
UZ fusion: tensor([-0.0483,  0.1512, -0.0384, -0.0039,  0.0146,  0.0518,  0.0674,  0.0273,
        -0.0312,  0.0709], device='cuda:0', grad_fn=<SliceBackward0>)
Epoch:6 Time:46.2 Data:0.0 Loss:0.3691 Cls Loss:6.5540 Pair Loss:0.0312 Recon Loss:0.3691 Acc:0.0013 
=> centroids.dtype: torch.float32
UZ fusion: tensor([-0.0129,  0.0549, -0.0381, -0.0479,  0.0371, -0.0107,  0.0505,  0.0130,
        -0.1337, -0.0003], device='cuda:0', grad_fn=<SliceBackward0>)
Epoch:7 Time:50.3 Data:0.0 Loss:0.3659 Cls Loss:6.5540 Pair Loss:0.0327 Recon Loss:0.3659 Acc:0.0010 
=> centroids.dtype: torch.float32
UZ fusion: tensor([-0.0312, -0.0692,  0.0020,  0.0704, -0.0049,  0.0009, -0.0205,  0.0039,
         0.0848, -0.0125], device='cuda:0', grad_fn=<SliceBackward0>)
Epoch:8 Time:48.5 Data:0.0 Loss:0.3645 Cls Loss:6.5540 Pair Loss:0.0307 Recon Loss:0.3645 Acc:0.0010 
=> centroids.dtype: torch.float32
UZ fusion: tensor([ 0.0123, -0.0685, -0.0311,  0.0120, -0.0068,  0.0374,  0.0085, -0.0062,
        -0.0079,  0.0292], device='cuda:0', grad_fn=<SliceBackward0>)
Epoch:9 Time:45.8 Data:0.0 Loss:0.3627 Cls Loss:6.5540 Pair Loss:0.0341 Recon Loss:0.3627 Acc:0.0010 
=> centroids.dtype: torch.float32
UZ fusion: tensor([-0.0325,  0.0015, -0.0254,  0.0189,  0.0313, -0.0049, -0.0116,  0.0096,
         0.0498,  0.0500], device='cuda:0', grad_fn=<SliceBackward0>)
Epoch:10 Time:49.5 Data:0.0 Loss:0.3617 Cls Loss:6.5540 Pair Loss:0.0309 Recon Loss:0.3617 Acc:0.0009 
=> Test at epoch 10
Extracted features for query set, obtained torch.Size([2228, 64]) matrix
Extracted features for gallery set, obtained torch.Size([17661, 64]) matrix
Extracting features complete in 0m 8s
Distance computing in 0m 1s
Computing CMC and mAP
Results ---------------------------------------------------
top1:1.3% top5:6.5% top10:10.1% top20:15.5% mAP:0.9%
-----------------------------------------------------------
Using 0m 3s
Extracted features for query set, obtained torch.Size([2228, 1280]) matrix
Extracted features for gallery set, obtained torch.Size([17661, 1280]) matrix
Extracting features complete in 0m 6s
Distance computing in 0m 1s
Computing CMC and mAP
Results ---------------------------------------------------
top1:83.3% top5:90.4% top10:92.9% top20:94.9% mAP:66.9%
-----------------------------------------------------------
Using 0m 3s
Extracted features for query set, obtained torch.Size([2228, 64]) matrix
Extracted features for gallery set, obtained torch.Size([17661, 64]) matrix
Extracting features complete in 0m 4s
Distance computing in 0m 0s
Computing CMC and mAP
Results ---------------------------------------------------
top1:87.0% top5:93.7% top10:95.6% top20:96.5% mAP:75.7%
-----------------------------------------------------------
Using 0m 3s
=> centroids.dtype: torch.float32
UZ fusion: tensor([-0.0492,  0.0079, -0.0019,  0.0007, -0.0568,  0.0082,  0.0178,  0.0031,
         0.0541,  0.0355], device='cuda:0', grad_fn=<SliceBackward0>)
Epoch:11 Time:47.8 Data:0.0 Loss:0.3609 Cls Loss:6.5540 Pair Loss:0.0325 Recon Loss:0.3609 Acc:0.0020 
=> centroids.dtype: torch.float32
UZ fusion: tensor([ 0.0028, -0.0349,  0.0043,  0.0052,  0.0370, -0.0003,  0.0108, -0.0007,
        -0.0076,  0.0490], device='cuda:0', grad_fn=<SliceBackward0>)
Epoch:12 Time:50.3 Data:0.0 Loss:0.3607 Cls Loss:6.5540 Pair Loss:0.0314 Recon Loss:0.3607 Acc:0.0011 
=> centroids.dtype: torch.float32
UZ fusion: tensor([-0.0151, -0.0108,  0.0031,  0.0881,  0.0010, -0.0084, -0.0851,  0.0071,
        -0.0441,  0.0747], device='cuda:0', grad_fn=<SliceBackward0>)
Epoch:13 Time:52.1 Data:0.0 Loss:0.3598 Cls Loss:6.5539 Pair Loss:0.0349 Recon Loss:0.3598 Acc:0.0011 
=> centroids.dtype: torch.float32
UZ fusion: tensor([-0.0505, -0.0632,  0.0041, -0.0546,  0.0712,  0.0131, -0.0082,  0.0047,
        -0.0458,  0.0231], device='cuda:0', grad_fn=<SliceBackward0>)
Epoch:14 Time:53.9 Data:0.0 Loss:0.3595 Cls Loss:6.5539 Pair Loss:0.0374 Recon Loss:0.3595 Acc:0.0016 
=> centroids.dtype: torch.float32
UZ fusion: tensor([-0.0512, -0.0422, -0.0048,  0.0745,  0.0056,  0.0064,  0.0104, -0.0041,
        -0.0033, -0.0473], device='cuda:0', grad_fn=<SliceBackward0>)
Epoch:15 Time:52.8 Data:0.0 Loss:0.3594 Cls Loss:6.5539 Pair Loss:0.0372 Recon Loss:0.3594 Acc:0.0014 
=> Test at epoch 15
Extracted features for query set, obtained torch.Size([2228, 64]) matrix
Extracted features for gallery set, obtained torch.Size([17661, 64]) matrix
Extracting features complete in 0m 8s
Distance computing in 0m 0s
Computing CMC and mAP
Results ---------------------------------------------------
top1:1.9% top5:6.5% top10:10.9% top20:16.5% mAP:1.2%
-----------------------------------------------------------
Using 0m 3s
Extracted features for query set, obtained torch.Size([2228, 1280]) matrix
Extracted features for gallery set, obtained torch.Size([17661, 1280]) matrix
Extracting features complete in 0m 5s
Distance computing in 0m 1s
Computing CMC and mAP
Results ---------------------------------------------------
top1:82.0% top5:89.4% top10:91.9% top20:93.9% mAP:65.4%
-----------------------------------------------------------
Using 0m 3s
Extracted features for query set, obtained torch.Size([2228, 64]) matrix
Extracted features for gallery set, obtained torch.Size([17661, 64]) matrix
Extracting features complete in 0m 5s
Distance computing in 0m 0s
Computing CMC and mAP
Results ---------------------------------------------------
top1:87.5% top5:93.9% top10:95.8% top20:96.8% mAP:76.9%
-----------------------------------------------------------
Using 0m 3s
=> centroids.dtype: torch.float32
UZ fusion: tensor([-0.0711, -0.0097,  0.0076, -0.0706,  0.0260,  0.0006,  0.0471, -0.0009,
         0.0014,  0.0070], device='cuda:0', grad_fn=<SliceBackward0>)
Epoch:16 Time:46.7 Data:0.0 Loss:0.3590 Cls Loss:6.5539 Pair Loss:0.0344 Recon Loss:0.3590 Acc:0.0016 
=> centroids.dtype: torch.float32
UZ fusion: tensor([-0.0125, -0.0453,  0.0069,  0.0141, -0.0269,  0.0032,  0.0020,  0.0021,
        -0.0271,  0.0640], device='cuda:0', grad_fn=<SliceBackward0>)
Epoch:17 Time:50.4 Data:0.0 Loss:0.3587 Cls Loss:6.5539 Pair Loss:0.0368 Recon Loss:0.3587 Acc:0.0017 
=> centroids.dtype: torch.float32
UZ fusion: tensor([-0.0386, -0.0398, -0.0008, -0.0101, -0.0156, -0.0328,  0.0701, -0.0020,
         0.0343, -0.0276], device='cuda:0', grad_fn=<SliceBackward0>)
Epoch:18 Time:51.2 Data:0.0 Loss:0.3584 Cls Loss:6.5539 Pair Loss:0.0361 Recon Loss:0.3584 Acc:0.0012 
=> centroids.dtype: torch.float32
UZ fusion: tensor([-3.8995e-02, -1.3187e-03, -2.5517e-03,  1.1661e-05,  1.7064e-03,
        -1.2296e-02, -4.5979e-03,  2.0716e-03, -8.6315e-02,  3.5003e-03],
       device='cuda:0', grad_fn=<SliceBackward0>)
Epoch:19 Time:50.5 Data:0.0 Loss:0.3586 Cls Loss:6.5539 Pair Loss:0.0370 Recon Loss:0.3586 Acc:0.0012 
=> centroids.dtype: torch.float32
UZ fusion: tensor([-0.0200, -0.0076,  0.0020, -0.0017,  0.0185, -0.0324, -0.0014,  0.0005,
         0.0083,  0.0145], device='cuda:0', grad_fn=<SliceBackward0>)
Epoch:20 Time:46.5 Data:0.0 Loss:0.3582 Cls Loss:6.5539 Pair Loss:0.0379 Recon Loss:0.3582 Acc:0.0023 
=> Test at epoch 20
Extracted features for query set, obtained torch.Size([2228, 64]) matrix
Extracted features for gallery set, obtained torch.Size([17661, 64]) matrix
Extracting features complete in 0m 8s
Distance computing in 0m 0s
Computing CMC and mAP
Results ---------------------------------------------------
top1:0.5% top5:2.6% top10:4.9% top20:7.5% mAP:0.6%
-----------------------------------------------------------
Using 0m 2s
Extracted features for query set, obtained torch.Size([2228, 1280]) matrix
Extracted features for gallery set, obtained torch.Size([17661, 1280]) matrix
Extracting features complete in 0m 6s
Distance computing in 0m 1s
Computing CMC and mAP
Results ---------------------------------------------------
top1:82.9% top5:90.0% top10:91.7% top20:93.1% mAP:65.9%
-----------------------------------------------------------
Using 0m 3s
Extracted features for query set, obtained torch.Size([2228, 64]) matrix
Extracted features for gallery set, obtained torch.Size([17661, 64]) matrix
Extracting features complete in 0m 4s
Distance computing in 0m 0s
Computing CMC and mAP
Results ---------------------------------------------------
top1:88.2% top5:93.9% top10:95.6% top20:96.5% mAP:77.5%
-----------------------------------------------------------
Using 0m 3s
=> centroids.dtype: torch.float32
UZ fusion: tensor([-0.0153, -0.0110, -0.0017, -0.0218, -0.0340, -0.0485,  0.0059, -0.0109,
         0.0017, -0.0049], device='cuda:0', grad_fn=<SliceBackward0>)
Epoch:21 Time:49.8 Data:0.0 Loss:0.3528 Cls Loss:6.5539 Pair Loss:0.0393 Recon Loss:0.3528 Acc:0.0016 
=> centroids.dtype: torch.float32
UZ fusion: tensor([-0.0351,  0.0119,  0.0003,  0.0149, -0.0259, -0.0181,  0.0346,  0.0047,
        -0.0184,  0.0688], device='cuda:0', grad_fn=<SliceBackward0>)
Epoch:22 Time:50.3 Data:0.0 Loss:0.3515 Cls Loss:6.5539 Pair Loss:0.0443 Recon Loss:0.3515 Acc:0.0016 
=> centroids.dtype: torch.float32
UZ fusion: tensor([-0.0284, -0.0450,  0.0008,  0.0449, -0.0301, -0.0019,  0.0123, -0.0047,
         0.0293, -0.0201], device='cuda:0', grad_fn=<SliceBackward0>)
Epoch:23 Time:49.7 Data:0.0 Loss:0.3508 Cls Loss:6.5539 Pair Loss:0.0478 Recon Loss:0.3508 Acc:0.0016 
=> centroids.dtype: torch.float32
UZ fusion: tensor([-0.0302,  0.0047,  0.0018, -0.0178,  0.0002,  0.0109,  0.0036, -0.0025,
         0.0052,  0.0266], device='cuda:0', grad_fn=<SliceBackward0>)
Epoch:24 Time:51.8 Data:0.0 Loss:0.3504 Cls Loss:6.5539 Pair Loss:0.0529 Recon Loss:0.3504 Acc:0.0018 
=> centroids.dtype: torch.float32
UZ fusion: tensor([-0.0205, -0.0206,  0.0026,  0.0120,  0.0002,  0.0111, -0.0001,  0.0027,
         0.0104,  0.0035], device='cuda:0', grad_fn=<SliceBackward0>)
Epoch:25 Time:52.5 Data:0.0 Loss:0.3500 Cls Loss:6.5539 Pair Loss:0.0570 Recon Loss:0.3500 Acc:0.0016 
=> Test at epoch 25
Extracted features for query set, obtained torch.Size([2228, 64]) matrix
Extracted features for gallery set, obtained torch.Size([17661, 64]) matrix
Extracting features complete in 0m 9s
Distance computing in 0m 0s
Computing CMC and mAP
Results ---------------------------------------------------
top1:0.3% top5:2.0% top10:3.3% top20:5.3% mAP:0.5%
-----------------------------------------------------------
Using 0m 2s
Extracted features for query set, obtained torch.Size([2228, 1280]) matrix
Extracted features for gallery set, obtained torch.Size([17661, 1280]) matrix
Extracting features complete in 0m 5s
Distance computing in 0m 1s
Computing CMC and mAP
Results ---------------------------------------------------
top1:82.9% top5:89.7% top10:92.0% top20:93.5% mAP:65.7%
-----------------------------------------------------------
Using 0m 3s
Extracted features for query set, obtained torch.Size([2228, 64]) matrix
Extracted features for gallery set, obtained torch.Size([17661, 64]) matrix
Extracting features complete in 0m 5s
Distance computing in 0m 0s
Computing CMC and mAP
Results ---------------------------------------------------
top1:88.6% top5:94.3% top10:95.6% top20:96.9% mAP:78.4%
-----------------------------------------------------------
Using 0m 3s
=> centroids.dtype: torch.float32
UZ fusion: tensor([-0.0318,  0.0050,  0.0023, -0.0102,  0.0045, -0.0262,  0.0069, -0.0043,
        -0.0240,  0.0320], device='cuda:0', grad_fn=<SliceBackward0>)
Epoch:26 Time:46.1 Data:0.0 Loss:0.3499 Cls Loss:6.5539 Pair Loss:0.0652 Recon Loss:0.3499 Acc:0.0016 
=> centroids.dtype: torch.float32
UZ fusion: tensor([-0.0111, -0.0093,  0.0031,  0.0130,  0.0041, -0.0110, -0.0060, -0.0070,
        -0.0334,  0.0512], device='cuda:0', grad_fn=<SliceBackward0>)
Epoch:27 Time:47.9 Data:0.0 Loss:0.3499 Cls Loss:6.5539 Pair Loss:0.0664 Recon Loss:0.3499 Acc:0.0017 
=> centroids.dtype: torch.float32
UZ fusion: tensor([-0.0189, -0.0076,  0.0046,  0.0185, -0.0237, -0.0029,  0.0016, -0.0036,
         0.0337,  0.0184], device='cuda:0', grad_fn=<SliceBackward0>)
Epoch:28 Time:51.7 Data:0.0 Loss:0.3494 Cls Loss:6.5539 Pair Loss:0.0709 Recon Loss:0.3494 Acc:0.0018 
=> centroids.dtype: torch.float32
UZ fusion: tensor([-2.2914e-02,  2.8331e-03,  2.8903e-03,  8.1935e-03, -1.0474e-02,
        -2.9936e-02,  5.3354e-03, -4.7075e-03,  1.5135e-05,  3.2742e-02],
       device='cuda:0', grad_fn=<SliceBackward0>)
Epoch:29 Time:51.3 Data:0.0 Loss:0.3494 Cls Loss:6.5539 Pair Loss:0.0798 Recon Loss:0.3494 Acc:0.0018 
=> centroids.dtype: torch.float32
UZ fusion: tensor([-0.0279, -0.0115,  0.0012, -0.0047, -0.0030, -0.0093,  0.0154, -0.0051,
         0.0063, -0.0243], device='cuda:0', grad_fn=<SliceBackward0>)
Epoch:30 Time:47.6 Data:0.0 Loss:0.3489 Cls Loss:6.5539 Pair Loss:0.0864 Recon Loss:0.3489 Acc:0.0019 
=> Test at epoch 30
Extracted features for query set, obtained torch.Size([2228, 64]) matrix
Extracted features for gallery set, obtained torch.Size([17661, 64]) matrix
Extracting features complete in 0m 7s
Distance computing in 0m 0s
Computing CMC and mAP
Results ---------------------------------------------------
top1:0.2% top5:1.4% top10:3.1% top20:5.8% mAP:0.5%
-----------------------------------------------------------
Using 0m 2s
Extracted features for query set, obtained torch.Size([2228, 1280]) matrix
Extracted features for gallery set, obtained torch.Size([17661, 1280]) matrix
Extracting features complete in 0m 5s
Distance computing in 0m 1s
Computing CMC and mAP
Results ---------------------------------------------------
top1:83.2% top5:90.1% top10:91.9% top20:93.8% mAP:63.8%
-----------------------------------------------------------
Using 0m 3s
Extracted features for query set, obtained torch.Size([2228, 64]) matrix
Extracted features for gallery set, obtained torch.Size([17661, 64]) matrix
Extracting features complete in 0m 5s
Distance computing in 0m 0s
Computing CMC and mAP
Results ---------------------------------------------------
top1:88.3% top5:94.3% top10:95.7% top20:96.9% mAP:78.3%
-----------------------------------------------------------
Using 0m 3s
=> centroids.dtype: torch.float32
UZ fusion: tensor([-0.0205, -0.0129,  0.0032, -0.0041, -0.0059,  0.0022,  0.0048, -0.0042,
        -0.0199,  0.0091], device='cuda:0', grad_fn=<SliceBackward0>)
Epoch:31 Time:47.9 Data:0.0 Loss:0.3490 Cls Loss:6.5539 Pair Loss:0.0955 Recon Loss:0.3490 Acc:0.0015 
=> centroids.dtype: torch.float32
UZ fusion: tensor([-0.0524, -0.0018,  0.0018,  0.0160,  0.0014, -0.0127,  0.0019, -0.0017,
        -0.0193, -0.0049], device='cuda:0', grad_fn=<SliceBackward0>)
Epoch:32 Time:49.2 Data:0.0 Loss:0.3487 Cls Loss:6.5539 Pair Loss:0.1026 Recon Loss:0.3487 Acc:0.0019 
=> centroids.dtype: torch.float32
UZ fusion: tensor([ 0.0007, -0.0101,  0.0013, -0.0071, -0.0056, -0.0072, -0.0026, -0.0002,
         0.0200,  0.0155], device='cuda:0', grad_fn=<SliceBackward0>)
Epoch:33 Time:48.7 Data:0.0 Loss:0.3486 Cls Loss:6.5539 Pair Loss:0.1120 Recon Loss:0.3486 Acc:0.0019 
=> centroids.dtype: torch.float32
UZ fusion: tensor([-1.5408e-02, -1.1396e-02,  2.2877e-05, -7.3933e-03,  1.9768e-02,
        -7.6407e-03,  1.4810e-02, -1.9029e-03, -1.8175e-02,  4.3131e-04],
       device='cuda:0', grad_fn=<SliceBackward0>)
Epoch:34 Time:47.4 Data:0.0 Loss:0.3485 Cls Loss:6.5539 Pair Loss:0.1230 Recon Loss:0.3485 Acc:0.0018 
=> centroids.dtype: torch.float32
UZ fusion: tensor([-0.0349,  0.0001,  0.0004,  0.0010,  0.0098, -0.0068,  0.0035, -0.0013,
        -0.0199,  0.0027], device='cuda:0', grad_fn=<SliceBackward0>)
Epoch:35 Time:53.7 Data:0.0 Loss:0.3484 Cls Loss:6.5539 Pair Loss:0.1339 Recon Loss:0.3484 Acc:0.0018 
=> Test at epoch 35
Extracted features for query set, obtained torch.Size([2228, 64]) matrix
Extracted features for gallery set, obtained torch.Size([17661, 64]) matrix
Extracting features complete in 0m 7s
Distance computing in 0m 0s
Computing CMC and mAP
Results ---------------------------------------------------
top1:0.9% top5:3.2% top10:5.0% top20:8.3% mAP:0.7%
-----------------------------------------------------------
Using 0m 2s
Extracted features for query set, obtained torch.Size([2228, 1280]) matrix
Extracted features for gallery set, obtained torch.Size([17661, 1280]) matrix
Extracting features complete in 0m 6s
Distance computing in 0m 1s
Computing CMC and mAP
Results ---------------------------------------------------
top1:84.0% top5:90.7% top10:92.6% top20:94.0% mAP:66.0%
-----------------------------------------------------------
Using 0m 3s
Extracted features for query set, obtained torch.Size([2228, 64]) matrix
Extracted features for gallery set, obtained torch.Size([17661, 64]) matrix
Extracting features complete in 0m 5s
Distance computing in 0m 0s
Computing CMC and mAP
Results ---------------------------------------------------
top1:88.3% top5:94.5% top10:96.0% top20:96.7% mAP:78.3%
-----------------------------------------------------------
Using 0m 3s
=> centroids.dtype: torch.float32
UZ fusion: tensor([-0.0325, -0.0107,  0.0006, -0.0029, -0.0026, -0.0074, -0.0068, -0.0011,
         0.0048,  0.0178], device='cuda:0', grad_fn=<SliceBackward0>)
Epoch:36 Time:45.3 Data:0.0 Loss:0.3482 Cls Loss:6.5539 Pair Loss:0.1413 Recon Loss:0.3482 Acc:0.0018 
=> centroids.dtype: torch.float32
UZ fusion: tensor([-0.0214, -0.0040,  0.0029,  0.0184,  0.0055, -0.0013, -0.0068, -0.0025,
        -0.0081,  0.0056], device='cuda:0', grad_fn=<SliceBackward0>)
Epoch:37 Time:49.3 Data:0.0 Loss:0.3481 Cls Loss:6.5539 Pair Loss:0.1527 Recon Loss:0.3481 Acc:0.0017 
=> centroids.dtype: torch.float32
UZ fusion: tensor([-2.6854e-02,  6.6093e-03,  8.9569e-05,  7.5056e-03, -2.1485e-03,
        -5.5096e-03,  6.7550e-03, -2.7456e-04, -6.8286e-04, -2.7069e-03],
       device='cuda:0', grad_fn=<SliceBackward0>)
Epoch:38 Time:53.2 Data:0.0 Loss:0.3479 Cls Loss:6.5539 Pair Loss:0.1656 Recon Loss:0.3479 Acc:0.0020 
=> centroids.dtype: torch.float32
UZ fusion: tensor([-0.0256, -0.0138,  0.0002,  0.0077,  0.0023, -0.0023,  0.0076, -0.0009,
        -0.0130,  0.0129], device='cuda:0', grad_fn=<SliceBackward0>)
Epoch:39 Time:54.0 Data:0.0 Loss:0.3478 Cls Loss:6.5539 Pair Loss:0.1752 Recon Loss:0.3478 Acc:0.0018 
=> centroids.dtype: torch.float32
UZ fusion: tensor([-0.0265, -0.0126,  0.0016,  0.0121,  0.0034, -0.0037,  0.0035, -0.0002,
        -0.0067,  0.0094], device='cuda:0', grad_fn=<SliceBackward0>)
Epoch:40 Time:48.8 Data:0.0 Loss:0.3476 Cls Loss:6.5539 Pair Loss:0.1838 Recon Loss:0.3476 Acc:0.0012 
=> Test at epoch 40
Extracted features for query set, obtained torch.Size([2228, 64]) matrix
Extracted features for gallery set, obtained torch.Size([17661, 64]) matrix
Extracting features complete in 0m 8s
Distance computing in 0m 0s
Computing CMC and mAP
Results ---------------------------------------------------
top1:0.6% top5:2.5% top10:4.8% top20:7.6% mAP:0.7%
-----------------------------------------------------------
Using 0m 2s
Extracted features for query set, obtained torch.Size([2228, 1280]) matrix
Extracted features for gallery set, obtained torch.Size([17661, 1280]) matrix
Extracting features complete in 0m 5s
Distance computing in 0m 1s
Computing CMC and mAP
Results ---------------------------------------------------
top1:82.9% top5:89.9% top10:91.7% top20:92.9% mAP:62.0%
-----------------------------------------------------------
Using 0m 3s
Extracted features for query set, obtained torch.Size([2228, 64]) matrix
Extracted features for gallery set, obtained torch.Size([17661, 64]) matrix
Extracting features complete in 0m 4s
Distance computing in 0m 0s
Computing CMC and mAP
Results ---------------------------------------------------
top1:88.3% top5:94.3% top10:96.1% top20:96.7% mAP:78.1%
-----------------------------------------------------------
Using 0m 3s
=> centroids.dtype: torch.float32
UZ fusion: tensor([-0.0222,  0.0089,  0.0007,  0.0153, -0.0039,  0.0038,  0.0027, -0.0008,
        -0.0020, -0.0087], device='cuda:0', grad_fn=<SliceBackward0>)
Epoch:41 Time:48.7 Data:0.0 Loss:0.3468 Cls Loss:6.5539 Pair Loss:0.1860 Recon Loss:0.3468 Acc:0.0010 
=> centroids.dtype: torch.float32
UZ fusion: tensor([-2.9035e-02, -3.5842e-03,  6.3634e-04,  4.4368e-03, -1.1852e-02,
        -1.2117e-02, -7.4688e-05, -7.1966e-04, -1.2364e-02,  4.3241e-03],
       device='cuda:0', grad_fn=<SliceBackward0>)
Epoch:42 Time:48.9 Data:0.0 Loss:0.3465 Cls Loss:6.5539 Pair Loss:0.1895 Recon Loss:0.3465 Acc:0.0010 
=> centroids.dtype: torch.float32
UZ fusion: tensor([-2.1127e-02, -5.9799e-03,  7.9638e-04,  4.1832e-03, -2.5233e-03,
        -8.3283e-03,  1.0979e-02, -9.9681e-05,  4.9164e-03, -6.7035e-03],
       device='cuda:0', grad_fn=<SliceBackward0>)
Epoch:43 Time:49.1 Data:0.0 Loss:0.3465 Cls Loss:6.5539 Pair Loss:0.1905 Recon Loss:0.3465 Acc:0.0011 
=> centroids.dtype: torch.float32
UZ fusion: tensor([-0.0230,  0.0032, -0.0014,  0.0053, -0.0093, -0.0151,  0.0003,  0.0004,
        -0.0146,  0.0174], device='cuda:0', grad_fn=<SliceBackward0>)
Epoch:44 Time:47.6 Data:0.0 Loss:0.3466 Cls Loss:6.5539 Pair Loss:0.1924 Recon Loss:0.3466 Acc:0.0009 
=> centroids.dtype: torch.float32
UZ fusion: tensor([-0.0152, -0.0168,  0.0002,  0.0174,  0.0021, -0.0015, -0.0019,  0.0002,
         0.0054,  0.0111], device='cuda:0', grad_fn=<SliceBackward0>)
Epoch:45 Time:48.6 Data:0.0 Loss:0.3463 Cls Loss:6.5539 Pair Loss:0.1948 Recon Loss:0.3463 Acc:0.0008 
=> Test at epoch 45
Extracted features for query set, obtained torch.Size([2228, 64]) matrix
Extracted features for gallery set, obtained torch.Size([17661, 64]) matrix
Extracting features complete in 0m 7s
Distance computing in 0m 0s
Computing CMC and mAP
Results ---------------------------------------------------
top1:0.6% top5:2.9% top10:5.0% top20:8.7% mAP:0.7%
-----------------------------------------------------------
Using 0m 2s
Extracted features for query set, obtained torch.Size([2228, 1280]) matrix
Extracted features for gallery set, obtained torch.Size([17661, 1280]) matrix
Extracting features complete in 0m 5s
Distance computing in 0m 1s
Computing CMC and mAP
Results ---------------------------------------------------
top1:82.9% top5:89.2% top10:91.2% top20:92.8% mAP:62.6%
-----------------------------------------------------------
Using 0m 3s
Extracted features for query set, obtained torch.Size([2228, 64]) matrix
Extracted features for gallery set, obtained torch.Size([17661, 64]) matrix
Extracting features complete in 0m 5s
Distance computing in 0m 0s
Computing CMC and mAP
Results ---------------------------------------------------
top1:88.4% top5:94.4% top10:96.1% top20:96.9% mAP:78.0%
-----------------------------------------------------------
Using 0m 3s
=> centroids.dtype: torch.float32
UZ fusion: tensor([-0.0199, -0.0071, -0.0014,  0.0127, -0.0079, -0.0112, -0.0022, -0.0002,
        -0.0109,  0.0028], device='cuda:0', grad_fn=<SliceBackward0>)
Epoch:46 Time:49.6 Data:0.0 Loss:0.3466 Cls Loss:6.5539 Pair Loss:0.1965 Recon Loss:0.3466 Acc:0.0007 
=> centroids.dtype: torch.float32
UZ fusion: tensor([-2.6267e-02, -1.6231e-02,  2.9569e-04,  1.4626e-02,  7.0597e-05,
        -1.5423e-02,  1.1912e-02, -2.4954e-04,  4.8469e-03,  1.8956e-03],
       device='cuda:0', grad_fn=<SliceBackward0>)
Epoch:47 Time:54.3 Data:0.0 Loss:0.3468 Cls Loss:6.5539 Pair Loss:0.1987 Recon Loss:0.3468 Acc:0.0007 
=> centroids.dtype: torch.float32
UZ fusion: tensor([-2.1599e-02, -1.1088e-02,  4.1531e-05,  1.7062e-02,  7.3623e-03,
        -8.3136e-03, -1.2599e-04, -3.9123e-04,  9.8876e-03,  2.2392e-03],
       device='cuda:0', grad_fn=<SliceBackward0>)
Epoch:48 Time:52.9 Data:0.0 Loss:0.3465 Cls Loss:6.5539 Pair Loss:0.1996 Recon Loss:0.3465 Acc:0.0006 
=> centroids.dtype: torch.float32
UZ fusion: tensor([-0.0226, -0.0167,  0.0005,  0.0110,  0.0029, -0.0019,  0.0044, -0.0010,
        -0.0064,  0.0158], device='cuda:0', grad_fn=<SliceBackward0>)
Epoch:49 Time:52.0 Data:0.0 Loss:0.3464 Cls Loss:6.5539 Pair Loss:0.2013 Recon Loss:0.3464 Acc:0.0004 
=> centroids.dtype: torch.float32
UZ fusion: tensor([-0.0320,  0.0082,  0.0022, -0.0006, -0.0035, -0.0093,  0.0130, -0.0005,
         0.0070,  0.0085], device='cuda:0', grad_fn=<SliceBackward0>)
Epoch:50 Time:52.1 Data:0.0 Loss:0.3462 Cls Loss:6.5539 Pair Loss:0.2023 Recon Loss:0.3462 Acc:0.0004 
=> Test at epoch 50
Extracted features for query set, obtained torch.Size([2228, 64]) matrix
Extracted features for gallery set, obtained torch.Size([17661, 64]) matrix
Extracting features complete in 0m 6s
Distance computing in 0m 0s
Computing CMC and mAP
Results ---------------------------------------------------
top1:0.6% top5:2.5% top10:4.0% top20:7.5% mAP:0.6%
-----------------------------------------------------------
Using 0m 2s
Extracted features for query set, obtained torch.Size([2228, 1280]) matrix
Extracted features for gallery set, obtained torch.Size([17661, 1280]) matrix
Extracting features complete in 0m 5s
Distance computing in 0m 1s
Computing CMC and mAP
Results ---------------------------------------------------
top1:83.7% top5:90.2% top10:92.1% top20:94.0% mAP:65.3%
-----------------------------------------------------------
Using 0m 3s
Extracted features for query set, obtained torch.Size([2228, 64]) matrix
Extracted features for gallery set, obtained torch.Size([17661, 64]) matrix
Extracting features complete in 0m 4s
Distance computing in 0m 0s
Computing CMC and mAP
Results ---------------------------------------------------
top1:88.5% top5:94.2% top10:96.0% top20:96.7% mAP:78.1%
-----------------------------------------------------------
Using 0m 3s
=> centroids.dtype: torch.float32
UZ fusion: tensor([-0.0427, -0.0185, -0.0017, -0.0107, -0.0119, -0.0058, -0.0028,  0.0003,
        -0.0051,  0.0155], device='cuda:0', grad_fn=<SliceBackward0>)
Epoch:51 Time:48.9 Data:0.0 Loss:0.3463 Cls Loss:6.5539 Pair Loss:0.2045 Recon Loss:0.3463 Acc:0.0001 
=> centroids.dtype: torch.float32
UZ fusion: tensor([-0.0225, -0.0165,  0.0006,  0.0144, -0.0031, -0.0123, -0.0026, -0.0011,
         0.0006,  0.0056], device='cuda:0', grad_fn=<SliceBackward0>)
Epoch:52 Time:48.5 Data:0.0 Loss:0.3461 Cls Loss:6.5539 Pair Loss:0.2056 Recon Loss:0.3461 Acc:0.0003 
=> centroids.dtype: torch.float32
UZ fusion: tensor([-0.0261, -0.0052,  0.0008,  0.0138,  0.0027, -0.0080,  0.0039, -0.0012,
        -0.0087,  0.0126], device='cuda:0', grad_fn=<SliceBackward0>)
Epoch:53 Time:83.9 Data:0.0 Loss:0.3461 Cls Loss:6.5539 Pair Loss:0.2076 Recon Loss:0.3461 Acc:0.0003 
=> centroids.dtype: torch.float32
UZ fusion: tensor([-0.0275, -0.0089,  0.0018,  0.0014,  0.0089, -0.0056,  0.0034, -0.0016,
        -0.0124,  0.0047], device='cuda:0', grad_fn=<SliceBackward0>)
Epoch:54 Time:54.4 Data:0.0 Loss:0.3460 Cls Loss:6.5539 Pair Loss:0.2095 Recon Loss:0.3460 Acc:0.0002 
=> centroids.dtype: torch.float32
UZ fusion: tensor([-0.0223, -0.0178,  0.0003,  0.0051, -0.0078, -0.0090,  0.0037,  0.0007,
        -0.0034,  0.0159], device='cuda:0', grad_fn=<SliceBackward0>)
Epoch:55 Time:51.6 Data:0.0 Loss:0.3458 Cls Loss:6.5539 Pair Loss:0.2114 Recon Loss:0.3458 Acc:0.0001 
=> Test at epoch 55
Extracted features for query set, obtained torch.Size([2228, 64]) matrix
Extracted features for gallery set, obtained torch.Size([17661, 64]) matrix
Extracting features complete in 0m 8s
Distance computing in 0m 0s
Computing CMC and mAP
Results ---------------------------------------------------
top1:0.7% top5:2.2% top10:4.3% top20:6.9% mAP:0.7%
-----------------------------------------------------------
Using 0m 2s
Extracted features for query set, obtained torch.Size([2228, 1280]) matrix
Extracted features for gallery set, obtained torch.Size([17661, 1280]) matrix
Extracting features complete in 0m 5s
Distance computing in 0m 1s
Computing CMC and mAP
Results ---------------------------------------------------
top1:82.5% top5:89.1% top10:91.2% top20:92.9% mAP:63.0%
-----------------------------------------------------------
Using 0m 3s
Extracted features for query set, obtained torch.Size([2228, 64]) matrix
Extracted features for gallery set, obtained torch.Size([17661, 64]) matrix
Extracting features complete in 0m 5s
Distance computing in 0m 0s
Computing CMC and mAP
Results ---------------------------------------------------
top1:88.2% top5:94.2% top10:96.0% top20:96.8% mAP:77.8%
-----------------------------------------------------------
Using 0m 3s
=> centroids.dtype: torch.float32
UZ fusion: tensor([-0.0294, -0.0104, -0.0029,  0.0014, -0.0163, -0.0142,  0.0105,  0.0009,
         0.0028,  0.0051], device='cuda:0', grad_fn=<SliceBackward0>)
Epoch:56 Time:49.5 Data:0.0 Loss:0.3462 Cls Loss:6.5539 Pair Loss:0.2132 Recon Loss:0.3462 Acc:0.0001 
=> centroids.dtype: torch.float32
UZ fusion: tensor([-0.0154, -0.0092, -0.0015,  0.0076,  0.0020, -0.0092, -0.0007, -0.0008,
        -0.0135,  0.0237], device='cuda:0', grad_fn=<SliceBackward0>)
Epoch:57 Time:49.4 Data:0.0 Loss:0.3462 Cls Loss:6.5539 Pair Loss:0.2145 Recon Loss:0.3462 Acc:0.0001 
=> centroids.dtype: torch.float32
UZ fusion: tensor([-0.0072, -0.0087, -0.0001, -0.0039, -0.0029, -0.0084,  0.0016,  0.0003,
         0.0100,  0.0114], device='cuda:0', grad_fn=<SliceBackward0>)
Epoch:58 Time:47.0 Data:0.0 Loss:0.3459 Cls Loss:6.5539 Pair Loss:0.2169 Recon Loss:0.3459 Acc:0.0001 
=> centroids.dtype: torch.float32
UZ fusion: tensor([-2.2872e-02, -1.6744e-02,  2.2909e-04, -7.8854e-05,  3.1812e-03,
        -5.6520e-03, -5.8129e-03, -1.2859e-03, -4.0974e-03,  9.6463e-03],
       device='cuda:0', grad_fn=<SliceBackward0>)
Epoch:59 Time:48.2 Data:0.0 Loss:0.3463 Cls Loss:6.5539 Pair Loss:0.2179 Recon Loss:0.3463 Acc:0.0001 
=> centroids.dtype: torch.float32
UZ fusion: tensor([-2.5924e-02, -7.8911e-03,  1.3155e-05,  3.4707e-03, -6.3017e-04,
        -8.6358e-03,  8.0957e-03, -1.7375e-04,  8.8352e-04,  7.1198e-03],
       device='cuda:0', grad_fn=<SliceBackward0>)
Epoch:60 Time:50.2 Data:0.0 Loss:0.3459 Cls Loss:6.5539 Pair Loss:0.2191 Recon Loss:0.3459 Acc:0.0000 
=> Test at epoch 60
Extracted features for query set, obtained torch.Size([2228, 64]) matrix
Extracted features for gallery set, obtained torch.Size([17661, 64]) matrix
Extracting features complete in 0m 7s
Distance computing in 0m 0s
Computing CMC and mAP
Results ---------------------------------------------------
top1:0.5% top5:2.2% top10:4.0% top20:6.5% mAP:0.6%
-----------------------------------------------------------
Using 0m 2s
Extracted features for query set, obtained torch.Size([2228, 1280]) matrix
Extracted features for gallery set, obtained torch.Size([17661, 1280]) matrix
Extracting features complete in 0m 6s
Distance computing in 0m 1s
Computing CMC and mAP
Results ---------------------------------------------------
top1:82.1% top5:88.8% top10:90.6% top20:92.4% mAP:62.1%
-----------------------------------------------------------
Using 0m 3s
Extracted features for query set, obtained torch.Size([2228, 64]) matrix
Extracted features for gallery set, obtained torch.Size([17661, 64]) matrix
Extracting features complete in 0m 5s
Distance computing in 0m 0s
Computing CMC and mAP
Results ---------------------------------------------------
top1:88.2% top5:94.2% top10:95.9% top20:96.7% mAP:77.7%
-----------------------------------------------------------
Using 0m 3s
=> Best Rank-1 88.6% achieved at epoch 25
Finished. Total elapsed time (h:m:s): 0:56:11. Training time (h:m:s): 0:50:47.
Shutting down background jobs, please wait a moment...
Done!
Waiting for the remaining 32 operations to synchronize with Neptune. Do not kill this process.
All 32 operations synced, thanks for waiting!
Explore the metadata in the Neptune app:
https://app.neptune.ai/Zhengwei-Lab/NIPSTransferReID/e/NIPS-708/metadata
