=> merge config from ./configs/clipreid_cvae_kl.yaml
=> Configurations:
-------------------------
AMP: True
AUG:
  RC_PROB: 0.5
  RE_PROB: 0.5
DATA:
  CUHK03_CLASSIC_SPLIT: False
  CUHK03_LABELED: False
  DATASET: market1k
  FORMAT_TAG: tensor
  HEIGHT: 256
  NUM_INSTANCES: 4
  NUM_WORKERS: 4
  ROOT: /home/zhengwei/my_data/datasets
  SPLIT_ID: 0
  TEST_BATCH: 512
  TRAIN_BATCH: 64
  TRAIN_FORMAT: novel
  WIDTH: 128
EVAL_MODE: False
GPU: 1
LOSS:
  CLA_LOSS: crossentropy
  CLA_M: 0.0
  CLA_S: 16.0
  PAIR_LOSS: triplet
  PAIR_M: 0.3
  PAIR_S: 16.0
  RECON_LOSS: mse
  USE_NCE: False
MODEL:
  CONDITIONAL: False
  FEATURE_DIM: 1280
  FEAT_FUSION: False
  FLOW_TYPE: 
  GAUSSIAN: MultivariateNormal
  HIDDEN_DIM: 256
  LATENT_SIZE: 64
  NAME: CVAE
  ONLY_CVAE_KL: False
  ONLY_X_INPUT: False
  PRETRAIN: CLIPreID_Tune_MSMT17
  PROJECTION_TYPE: None
  RES4_STRIDE: 1
  RESUME: /data/zhengwei/CVAE/outputs/msmt17/clipreid_simplevae_base/2024-08-31/baseMSMT17_SimpleVAE_128+64z_1e3_60+120_KLtotalZ_noCLS/2nd_stage/2024-09-05/baseMSMT17_SimpleVAE_128+64z_1e3_60+120_KLtotalZ_L1280+bnTuneVersion+CLS_Trip+Center+Ce
  STYLE_NUM: 0
  TRAIN_STAGE: klNocls_stage
  USE_CENTROID: False
  USE_TWO_ENCODER: False
  VAE_TYPE: SinpleVAE
  ZC_DIM: 128
  ZS_DIM: 64
OUTPUT: /data/zhengwei/CVAE/outputs/market1k/clipreid_tuned_person/novel/2024-09-05/novelMask1K_SimpleVAE_128+64z_1e3_60+120_KLtotalZ_noCLS_forLinear
SAVED_NAME: novelMask1K_SimpleVAE_128+64z_1e3_60+120_KLtotalZ_noCLS_forLinear
SEED: 0
TAG: clipreid_tuned_person
TEST:
  DISTANCE: cosine
  EVAL_STEP: 5
  START_EVAL: -1
TRAIN:
  AMP: False
  LR_SCHEDULER:
    DECAY_RATE: 0.1
    NAME: MultiStepLR
    STEPSIZE: [60]
  MAX_EPOCH: 120
  OPTIMIZER:
    LR: 0.001
    NAME: adam
    SGDLR: 0.01
    SGD_MOMENTUM: 0.9
    SGD_WEIGHT_DECAY: 0.0005
    WEIGHT_DECAY: 0.0001
  START_EPOCH: 0
----------------------
Initializing dataset market1k
=> Market-Sketch-1K tensor loaded
Dataset statistics:
  ------------------------------
  subset   | # ids | # images
  ------------------------------
  train    |   996 |     3992
  query    |   996 |     2709
  gallery  |   996 |     2000
  ------------------------------
  total    |  1992 |     8701
  ------------------------------
Initializing SinpleVAE model
============Warning! No projection layer is used in Training!=================
============Warning! Using Defalt Linear 1280 to intialize!=================
Model size: 13.27827M
Using Dist classifier
Initialized classifier with feature_dim: 1280, num_classes: 996
Classifier size: 1.27588M
=> Start tuning the model on Novel data
Loading checkpoint from '/data/zhengwei/CVAE/outputs/msmt17/clipreid_simplevae_base/2024-08-31/baseMSMT17_SimpleVAE_128+64z_1e3_60+120_KLtotalZ_noCLS/2nd_stage/2024-09-05/baseMSMT17_SimpleVAE_128+64z_1e3_60+120_KLtotalZ_L1280+bnTuneVersion+CLS_Trip+Center+Ce/best_model.pth.tar'
Loading all parameter:  encoder.0.weight
Loading all parameter:  encoder.0.bias
Loading all parameter:  encoder.1.weight
Loading all parameter:  encoder.1.bias
Loading all parameter:  encoder.1.running_mean
Loading all parameter:  encoder.1.running_var
Loading all parameter:  encoder.1.num_batches_tracked
Loading all parameter:  fc_mu.0.weight
Loading all parameter:  fc_mu.0.bias
Loading all parameter:  fc_logvar.0.weight
Loading all parameter:  fc_logvar.0.bias
Loading all parameter:  decoder.0.weight
Loading all parameter:  decoder.0.bias
Loading all parameter:  decoder.1.weight
Loading all parameter:  decoder.1.bias
Loading all parameter:  decoder.1.running_mean
Loading all parameter:  decoder.1.running_var
Loading all parameter:  decoder.1.num_batches_tracked
Loading all parameter:  decoder.3.weight
Loading all parameter:  decoder.3.bias
Loading all parameter:  u_embedding.gate.0.weight
Loading all parameter:  u_embedding.gate.0.bias
Loading all parameter:  u_embedding.adapters.0.weight
Loading all parameter:  u_embedding.adapters.0.bias
Loading all parameter:  u_embedding.adapters.1.weight
Loading all parameter:  u_embedding.adapters.1.bias
Loading all parameter:  u_embedding.adapters.2.weight
Loading all parameter:  u_embedding.adapters.2.bias
Loading all parameter:  u_embedding.adapters.3.weight
Loading all parameter:  u_embedding.adapters.3.bias
Loading all parameter:  u_embedding.adapters.4.weight
Loading all parameter:  u_embedding.adapters.4.bias
Loading all parameter:  u_embedding.adapters.5.weight
Loading all parameter:  u_embedding.adapters.5.bias
Loading all parameter:  u_embedding.adapters.6.weight
Loading all parameter:  u_embedding.adapters.6.bias
Loading all parameter:  u_embedding.adapters.7.weight
Loading all parameter:  u_embedding.adapters.7.bias
Loading all parameter:  u_embedding.adapters.8.weight
Loading all parameter:  u_embedding.adapters.8.bias
Loading all parameter:  u_embedding.adapters.9.weight
Loading all parameter:  u_embedding.adapters.9.bias
Loading all parameter:  u_embedding.adapters.10.weight
Loading all parameter:  u_embedding.adapters.10.bias
Loading all parameter:  u_embedding.adapters.11.weight
Loading all parameter:  u_embedding.adapters.11.bias
Loading all parameter:  u_embedding.adapters.12.weight
Loading all parameter:  u_embedding.adapters.12.bias
Loading all parameter:  u_embedding.adapters.13.weight
Loading all parameter:  u_embedding.adapters.13.bias
Loading all parameter:  u_embedding.adapters.14.weight
Loading all parameter:  u_embedding.adapters.14.bias
Loading all parameter:  u_embedding.adapters.15.weight
Loading all parameter:  u_embedding.adapters.15.bias
Loading all parameter:  u_embedding.adapters.16.weight
Loading all parameter:  u_embedding.adapters.16.bias
Loading all parameter:  u_embedding.adapters.17.weight
Loading all parameter:  u_embedding.adapters.17.bias
Loading all parameter:  u_embedding.adapters.18.weight
Loading all parameter:  u_embedding.adapters.18.bias
Loading all parameter:  u_embedding.adapters.19.weight
Loading all parameter:  u_embedding.adapters.19.bias
Loading all parameter:  u_embedding.adapters.20.weight
Loading all parameter:  u_embedding.adapters.20.bias
Loading all parameter:  u_embedding.adapters.21.weight
Loading all parameter:  u_embedding.adapters.21.bias
Loading all parameter:  u_embedding.adapters.22.weight
Loading all parameter:  u_embedding.adapters.22.bias
Loading all parameter:  u_embedding.adapters.23.weight
Loading all parameter:  u_embedding.adapters.23.bias
Loading all parameter:  u_embedding.adapters.24.weight
Loading all parameter:  u_embedding.adapters.24.bias
Loading all parameter:  u_embedding.adapters.25.weight
Loading all parameter:  u_embedding.adapters.25.bias
Loading all parameter:  u_embedding.adapters.26.weight
Loading all parameter:  u_embedding.adapters.26.bias
Loading all parameter:  u_embedding.adapters.27.weight
Loading all parameter:  u_embedding.adapters.27.bias
Loading all parameter:  u_embedding.adapters.28.weight
Loading all parameter:  u_embedding.adapters.28.bias
Loading all parameter:  u_embedding.adapters.29.weight
Loading all parameter:  u_embedding.adapters.29.bias
Loading all parameter:  u_embedding.adapters.30.weight
Loading all parameter:  u_embedding.adapters.30.bias
Loading all parameter:  u_embedding.adapters.31.weight
Loading all parameter:  u_embedding.adapters.31.bias
Loading all parameter:  u_embedding.adapters.32.weight
Loading all parameter:  u_embedding.adapters.32.bias
Loading all parameter:  u_embedding.adapters.33.weight
Loading all parameter:  u_embedding.adapters.33.bias
Loading all parameter:  u_embedding.adapters.34.weight
Loading all parameter:  u_embedding.adapters.34.bias
Loading all parameter:  u_embedding.adapters.35.weight
Loading all parameter:  u_embedding.adapters.35.bias
Loading all parameter:  u_embedding.adapters.36.weight
Loading all parameter:  u_embedding.adapters.36.bias
Loading all parameter:  u_embedding.adapters.37.weight
Loading all parameter:  u_embedding.adapters.37.bias
Loading all parameter:  u_embedding.adapters.38.weight
Loading all parameter:  u_embedding.adapters.38.bias
Loading all parameter:  u_embedding.adapters.39.weight
Loading all parameter:  u_embedding.adapters.39.bias
Loading all parameter:  u_embedding.adapters.40.weight
Loading all parameter:  u_embedding.adapters.40.bias
Loading all parameter:  u_embedding.adapters.41.weight
Loading all parameter:  u_embedding.adapters.41.bias
Loading all parameter:  u_embedding.adapters.42.weight
Loading all parameter:  u_embedding.adapters.42.bias
Loading all parameter:  u_embedding.adapters.43.weight
Loading all parameter:  u_embedding.adapters.43.bias
Loading all parameter:  u_embedding.adapters.44.weight
Loading all parameter:  u_embedding.adapters.44.bias
Loading all parameter:  u_embedding.adapters.45.weight
Loading all parameter:  u_embedding.adapters.45.bias
Loading all parameter:  u_embedding.adapters.46.weight
Loading all parameter:  u_embedding.adapters.46.bias
Loading all parameter:  u_embedding.adapters.47.weight
Loading all parameter:  u_embedding.adapters.47.bias
Loading all parameter:  u_embedding.adapters.48.weight
Loading all parameter:  u_embedding.adapters.48.bias
Loading all parameter:  u_embedding.adapters.49.weight
Loading all parameter:  u_embedding.adapters.49.bias
Loading all parameter:  u_embedding.adapters.50.weight
Loading all parameter:  u_embedding.adapters.50.bias
Loading all parameter:  u_embedding.adapters.51.weight
Loading all parameter:  u_embedding.adapters.51.bias
Loading all parameter:  u_embedding.adapters.52.weight
Loading all parameter:  u_embedding.adapters.52.bias
Loading all parameter:  u_embedding.adapters.53.weight
Loading all parameter:  u_embedding.adapters.53.bias
Loading all parameter:  u_embedding.adapters.54.weight
Loading all parameter:  u_embedding.adapters.54.bias
Loading all parameter:  u_embedding.adapters.55.weight
Loading all parameter:  u_embedding.adapters.55.bias
Loading all parameter:  u_embedding.adapters.56.weight
Loading all parameter:  u_embedding.adapters.56.bias
Loading all parameter:  u_embedding.adapters.57.weight
Loading all parameter:  u_embedding.adapters.57.bias
Loading all parameter:  u_embedding.adapters.58.weight
Loading all parameter:  u_embedding.adapters.58.bias
Loading all parameter:  u_embedding.adapters.59.weight
Loading all parameter:  u_embedding.adapters.59.bias
Loading all parameter:  u_embedding.adapters.60.weight
Loading all parameter:  u_embedding.adapters.60.bias
Loading all parameter:  u_embedding.adapters.61.weight
Loading all parameter:  u_embedding.adapters.61.bias
Loading all parameter:  u_embedding.adapters.62.weight
Loading all parameter:  u_embedding.adapters.62.bias
Loading all parameter:  u_embedding.adapters.63.weight
Loading all parameter:  u_embedding.adapters.63.bias
Loading all parameter:  u_embedding.adapters.64.weight
Loading all parameter:  u_embedding.adapters.64.bias
Loading all parameter:  u_embedding.adapters.65.weight
Loading all parameter:  u_embedding.adapters.65.bias
Loading all parameter:  u_embedding.adapters.66.weight
Loading all parameter:  u_embedding.adapters.66.bias
Loading all parameter:  u_embedding.adapters.67.weight
Loading all parameter:  u_embedding.adapters.67.bias
Loading all parameter:  u_embedding.adapters.68.weight
Loading all parameter:  u_embedding.adapters.68.bias
Loading all parameter:  u_embedding.adapters.69.weight
Loading all parameter:  u_embedding.adapters.69.bias
Loading all parameter:  u_embedding.adapters.70.weight
Loading all parameter:  u_embedding.adapters.70.bias
Loading all parameter:  u_embedding.adapters.71.weight
Loading all parameter:  u_embedding.adapters.71.bias
Loading all parameter:  u_embedding.adapters.72.weight
Loading all parameter:  u_embedding.adapters.72.bias
Loading all parameter:  u_embedding.adapters.73.weight
Loading all parameter:  u_embedding.adapters.73.bias
Loading all parameter:  u_embedding.adapters.74.weight
Loading all parameter:  u_embedding.adapters.74.bias
Loading all parameter:  u_embedding.adapters.75.weight
Loading all parameter:  u_embedding.adapters.75.bias
Loading all parameter:  u_embedding.adapters.76.weight
Loading all parameter:  u_embedding.adapters.76.bias
Loading all parameter:  u_embedding.adapters.77.weight
Loading all parameter:  u_embedding.adapters.77.bias
Loading all parameter:  u_embedding.adapters.78.weight
Loading all parameter:  u_embedding.adapters.78.bias
Loading all parameter:  u_embedding.adapters.79.weight
Loading all parameter:  u_embedding.adapters.79.bias
Loading all parameter:  u_embedding.adapters.80.weight
Loading all parameter:  u_embedding.adapters.80.bias
Loading all parameter:  u_embedding.adapters.81.weight
Loading all parameter:  u_embedding.adapters.81.bias
Loading all parameter:  u_embedding.adapters.82.weight
Loading all parameter:  u_embedding.adapters.82.bias
Loading all parameter:  u_embedding.adapters.83.weight
Loading all parameter:  u_embedding.adapters.83.bias
Loading all parameter:  u_embedding.adapters.84.weight
Loading all parameter:  u_embedding.adapters.84.bias
Loading all parameter:  u_embedding.adapters.85.weight
Loading all parameter:  u_embedding.adapters.85.bias
Loading all parameter:  u_embedding.adapters.86.weight
Loading all parameter:  u_embedding.adapters.86.bias
Loading all parameter:  u_embedding.adapters.87.weight
Loading all parameter:  u_embedding.adapters.87.bias
Loading all parameter:  u_embedding.adapters.88.weight
Loading all parameter:  u_embedding.adapters.88.bias
Loading all parameter:  u_embedding.adapters.89.weight
Loading all parameter:  u_embedding.adapters.89.bias
Loading all parameter:  u_embedding.adapters.90.weight
Loading all parameter:  u_embedding.adapters.90.bias
Loading all parameter:  u_embedding.adapters.91.weight
Loading all parameter:  u_embedding.adapters.91.bias
Loading all parameter:  u_embedding.adapters.92.weight
Loading all parameter:  u_embedding.adapters.92.bias
Loading all parameter:  u_embedding.adapters.93.weight
Loading all parameter:  u_embedding.adapters.93.bias
Loading all parameter:  u_embedding.adapters.94.weight
Loading all parameter:  u_embedding.adapters.94.bias
Loading all parameter:  u_embedding.adapters.95.weight
Loading all parameter:  u_embedding.adapters.95.bias
Loading all parameter:  u_embedding.adapters.96.weight
Loading all parameter:  u_embedding.adapters.96.bias
Loading all parameter:  u_embedding.adapters.97.weight
Loading all parameter:  u_embedding.adapters.97.bias
Loading all parameter:  u_embedding.adapters.98.weight
Loading all parameter:  u_embedding.adapters.98.bias
Loading all parameter:  u_embedding.adapters.99.weight
Loading all parameter:  u_embedding.adapters.99.bias
Loading all parameter:  u_embedding.adapters.100.weight
Loading all parameter:  u_embedding.adapters.100.bias
Loading all parameter:  u_embedding.adapters.101.weight
Loading all parameter:  u_embedding.adapters.101.bias
Loading all parameter:  u_embedding.adapters.102.weight
Loading all parameter:  u_embedding.adapters.102.bias
Loading all parameter:  u_embedding.adapters.103.weight
Loading all parameter:  u_embedding.adapters.103.bias
Loading all parameter:  u_embedding.adapters.104.weight
Loading all parameter:  u_embedding.adapters.104.bias
Loading all parameter:  u_embedding.adapters.105.weight
Loading all parameter:  u_embedding.adapters.105.bias
Loading all parameter:  u_embedding.adapters.106.weight
Loading all parameter:  u_embedding.adapters.106.bias
Loading all parameter:  u_embedding.adapters.107.weight
Loading all parameter:  u_embedding.adapters.107.bias
Loading all parameter:  u_embedding.adapters.108.weight
Loading all parameter:  u_embedding.adapters.108.bias
Loading all parameter:  u_embedding.adapters.109.weight
Loading all parameter:  u_embedding.adapters.109.bias
Loading all parameter:  u_embedding.adapters.110.weight
Loading all parameter:  u_embedding.adapters.110.bias
Loading all parameter:  u_embedding.adapters.111.weight
Loading all parameter:  u_embedding.adapters.111.bias
Loading all parameter:  u_embedding.adapters.112.weight
Loading all parameter:  u_embedding.adapters.112.bias
Loading all parameter:  u_embedding.adapters.113.weight
Loading all parameter:  u_embedding.adapters.113.bias
Loading all parameter:  u_embedding.adapters.114.weight
Loading all parameter:  u_embedding.adapters.114.bias
Loading all parameter:  u_embedding.adapters.115.weight
Loading all parameter:  u_embedding.adapters.115.bias
Loading all parameter:  u_embedding.adapters.116.weight
Loading all parameter:  u_embedding.adapters.116.bias
Loading all parameter:  u_embedding.adapters.117.weight
Loading all parameter:  u_embedding.adapters.117.bias
Loading all parameter:  u_embedding.adapters.118.weight
Loading all parameter:  u_embedding.adapters.118.bias
Loading all parameter:  u_embedding.adapters.119.weight
Loading all parameter:  u_embedding.adapters.119.bias
Loading all parameter:  u_embedding.adapters.120.weight
Loading all parameter:  u_embedding.adapters.120.bias
Loading all parameter:  u_embedding.adapters.121.weight
Loading all parameter:  u_embedding.adapters.121.bias
Loading all parameter:  u_embedding.adapters.122.weight
Loading all parameter:  u_embedding.adapters.122.bias
Loading all parameter:  u_embedding.adapters.123.weight
Loading all parameter:  u_embedding.adapters.123.bias
Loading all parameter:  u_embedding.adapters.124.weight
Loading all parameter:  u_embedding.adapters.124.bias
Loading all parameter:  u_embedding.adapters.125.weight
Loading all parameter:  u_embedding.adapters.125.bias
Loading all parameter:  u_embedding.adapters.126.weight
Loading all parameter:  u_embedding.adapters.126.bias
Loading all parameter:  u_embedding.adapters.127.weight
Loading all parameter:  u_embedding.adapters.127.bias
Loading all parameter:  zs_embedding.0.weight
Loading all parameter:  zs_embedding.0.bias
Loading all parameter:  reid_projector.weight
Loading parameter:  reid_projector.weight
Loading all parameter:  bottlenect.weight
Loading all parameter:  bottlenect.bias
Loading all parameter:  bottlenect.running_mean
Loading all parameter:  bottlenect.running_var
Loading all parameter:  bottlenect.num_batches_tracked
Loading all parameter:  i2t_projector.weight
Loading all parameter:  i2t_projector.bias
orginal best rank1 = 0.8173085170254739
=> Copy the checkpoint to the output folder
=> Start evaluation on Novel data without finetuning
=> Test pretarined feature form VLP model
Normalizing features
Normalizing features
Extracted features for query set, obtained torch.Size([2709, 1280]) matrix
Extracted features for gallery set, obtained torch.Size([2000, 1280]) matrix
Extracting features complete in 0m 1s
Distance computing in 0m 1s
Computing CMC and mAP
Positive values in distance matrix: 0
Negative values in distance matrix: 5418000
Adjusted 0 distances
Results ---------------------------------------------------
top1:34.1% top5:58.6% top10:69.7% top20:79.9% mAP:38.7%
-----------------------------------------------------------
Using 0m 1s
==========Test with latent_z: new_z =========
Extracted features for query set, obtained torch.Size([2709, 192]) matrix
Extracted features for gallery set, obtained torch.Size([2000, 192]) matrix
Extracting features complete in 0m 2s
Distance computing in 0m 0s
Positive values in distance matrix: 0
Negative values in distance matrix: 5418000
Adjusted 0 distances
Results ---------------------------------------------------
top1:9.8% top5:20.7% top10:29.0% top20:38.5% mAP:11.9%
-----------------------------------------------------------
Classification accuracy before cls-ranking: 10.9%
query accuracy after cls-ranking: 0.1%
gallery accuracy after cls-ranking: 0.0%
Classification accuracy after cls-ranking: 10.9%
query accuracy after cls-ranking: 0.1%
gallery accuracy after cls-ranking: 0.0%
Using 0m 2s
Classifier results ---------------------------------------------------
Query acc: 0.1% Gallery acc: 0.0% Total acc: 0.1%
==========Test with latent_z: z_c =========
Extracted features for query set, obtained torch.Size([2709, 128]) matrix
Extracted features for gallery set, obtained torch.Size([2000, 128]) matrix
Extracting features complete in 0m 2s
Distance computing in 0m 0s
Positive values in distance matrix: 10
Negative values in distance matrix: 5417990
Adjusted 0 distances
Results ---------------------------------------------------
top1:9.5% top5:20.9% top10:28.2% top20:38.0% mAP:11.7%
-----------------------------------------------------------
Classification accuracy before cls-ranking: 10.5%
query accuracy after cls-ranking: 0.1%
gallery accuracy after cls-ranking: 0.0%
Classification accuracy after cls-ranking: 10.5%
query accuracy after cls-ranking: 0.1%
gallery accuracy after cls-ranking: 0.0%
Using 0m 3s
Classifier results ---------------------------------------------------
Query acc: 0.1% Gallery acc: 0.0% Total acc: 0.1%
=> Start training
Epoch:1 Time:11.4 Data:0.0 Loss:10.3590 Cls Loss:6.9174 Pair Loss:0.7623 Center Loss:1302.7876 KL Loss:10.2053 Recon Loss:0.1537 Acc:0.0020 
=> Current learning rate: 0.000200
Epoch:2 Time:12.6 Data:0.0 Loss:0.9116 Cls Loss:6.9196 Pair Loss:0.7667 Center Loss:1303.2653 KL Loss:0.7601 Recon Loss:0.1515 Acc:0.0008 
=> Current learning rate: 0.000400
Epoch:3 Time:10.3 Data:0.0 Loss:1.2063 Cls Loss:6.9136 Pair Loss:0.7657 Center Loss:1303.2862 KL Loss:1.0547 Recon Loss:0.1516 Acc:0.0005 
=> Current learning rate: 0.000600
Epoch:4 Time:10.7 Data:0.0 Loss:1.2241 Cls Loss:6.9132 Pair Loss:0.7630 Center Loss:1303.1870 KL Loss:1.0728 Recon Loss:0.1514 Acc:0.0008 
=> Current learning rate: 0.000800
Epoch:5 Time:11.0 Data:0.0 Loss:1.0537 Cls Loss:6.9134 Pair Loss:0.7678 Center Loss:1303.4602 KL Loss:0.9023 Recon Loss:0.1514 Acc:0.0003 
=> Test at epoch 5
==========Test with latent_z: z_c =========
Extracted features for query set, obtained torch.Size([2709, 128]) matrix
Extracted features for gallery set, obtained torch.Size([2000, 128]) matrix
Extracting features complete in 0m 2s
Distance computing in 0m 1s
Positive values in distance matrix: 4105
Negative values in distance matrix: 5413895
Adjusted 0 distances
Results ---------------------------------------------------
top1:8.8% top5:21.0% top10:29.8% top20:39.5% mAP:11.6%
-----------------------------------------------------------
Classification accuracy before cls-ranking: 12.9%
query accuracy after cls-ranking: 0.1%
gallery accuracy after cls-ranking: 0.2%
Classification accuracy after cls-ranking: 12.9%
query accuracy after cls-ranking: 0.1%
gallery accuracy after cls-ranking: 0.2%
Using 0m 2s
Classifier results ---------------------------------------------------
Query acc: 0.1% Gallery acc: 0.2% Total acc: 0.1%
=> Current learning rate: 0.001000
Epoch:6 Time:12.6 Data:0.0 Loss:1.5288 Cls Loss:6.9151 Pair Loss:0.7664 Center Loss:1302.8886 KL Loss:1.3776 Recon Loss:0.1512 Acc:0.0008 
=> Current learning rate: 0.001000
Epoch:7 Time:11.7 Data:0.0 Loss:1.5292 Cls Loss:6.9175 Pair Loss:0.7729 Center Loss:1303.5789 KL Loss:1.3776 Recon Loss:0.1516 Acc:0.0013 
=> Current learning rate: 0.001000
Epoch:8 Time:11.7 Data:0.0 Loss:1.0704 Cls Loss:6.9190 Pair Loss:0.7660 Center Loss:1304.3162 KL Loss:0.9187 Recon Loss:0.1518 Acc:0.0013 
=> Current learning rate: 0.001000
Epoch:9 Time:10.7 Data:0.0 Loss:0.9995 Cls Loss:6.9202 Pair Loss:0.7652 Center Loss:1304.7914 KL Loss:0.8474 Recon Loss:0.1521 Acc:0.0010 
=> Current learning rate: 0.001000
Epoch:10 Time:11.6 Data:0.0 Loss:0.8940 Cls Loss:6.9199 Pair Loss:0.7709 Center Loss:1305.7318 KL Loss:0.7409 Recon Loss:0.1531 Acc:0.0013 
Jump TSNE
=> Test at epoch 10
==========Test with latent_z: z_c =========
Extracted features for query set, obtained torch.Size([2709, 128]) matrix
Extracted features for gallery set, obtained torch.Size([2000, 128]) matrix
Extracting features complete in 0m 2s
Distance computing in 0m 0s
Positive values in distance matrix: 55
Negative values in distance matrix: 5417945
Adjusted 0 distances
Results ---------------------------------------------------
top1:11.6% top5:25.3% top10:34.2% top20:44.5% mAP:14.5%
-----------------------------------------------------------
Classification accuracy before cls-ranking: 38.9%
query accuracy after cls-ranking: 0.1%
gallery accuracy after cls-ranking: 0.4%
Classification accuracy after cls-ranking: 38.9%
query accuracy after cls-ranking: 0.1%
gallery accuracy after cls-ranking: 0.4%
Using 0m 2s
Classifier results ---------------------------------------------------
Query acc: 0.1% Gallery acc: 0.4% Total acc: 0.3%
=> Current learning rate: 0.001000
Epoch:11 Time:9.6 Data:0.0 Loss:0.6952 Cls Loss:6.9164 Pair Loss:0.7697 Center Loss:1306.0148 KL Loss:0.5418 Recon Loss:0.1535 Acc:0.0003 
=> Current learning rate: 0.001000
Epoch:12 Time:11.5 Data:0.0 Loss:0.5563 Cls Loss:6.9179 Pair Loss:0.7687 Center Loss:1306.7716 KL Loss:0.4012 Recon Loss:0.1551 Acc:0.0010 
=> Current learning rate: 0.001000
Epoch:13 Time:9.7 Data:0.0 Loss:0.6680 Cls Loss:6.9155 Pair Loss:0.7685 Center Loss:1306.5996 KL Loss:0.5129 Recon Loss:0.1551 Acc:0.0005 
=> Current learning rate: 0.001000
Epoch:14 Time:12.3 Data:0.0 Loss:0.6631 Cls Loss:6.9208 Pair Loss:0.7655 Center Loss:1307.2384 KL Loss:0.5079 Recon Loss:0.1552 Acc:0.0015 
=> Current learning rate: 0.001000
Epoch:15 Time:11.0 Data:0.0 Loss:0.6003 Cls Loss:6.9147 Pair Loss:0.7714 Center Loss:1307.3466 KL Loss:0.4452 Recon Loss:0.1552 Acc:0.0008 
=> Test at epoch 15
==========Test with latent_z: z_c =========
Extracted features for query set, obtained torch.Size([2709, 128]) matrix
Extracted features for gallery set, obtained torch.Size([2000, 128]) matrix
Extracting features complete in 0m 2s
Distance computing in 0m 1s
Positive values in distance matrix: 8
Negative values in distance matrix: 5417992
Adjusted 0 distances
Results ---------------------------------------------------
top1:12.8% top5:31.0% top10:39.8% top20:50.9% mAP:16.8%
-----------------------------------------------------------
Classification accuracy before cls-ranking: 50.2%
query accuracy after cls-ranking: 0.0%
gallery accuracy after cls-ranking: 0.1%
Classification accuracy after cls-ranking: 50.2%
query accuracy after cls-ranking: 0.0%
gallery accuracy after cls-ranking: 0.1%
Using 0m 3s
Classifier results ---------------------------------------------------
Query acc: 0.0% Gallery acc: 0.1% Total acc: 0.1%
=> Current learning rate: 0.001000
Epoch:16 Time:11.0 Data:0.0 Loss:0.6830 Cls Loss:6.9225 Pair Loss:0.7656 Center Loss:1306.8317 KL Loss:0.5266 Recon Loss:0.1564 Acc:0.0003 
=> Current learning rate: 0.001000
Epoch:17 Time:10.5 Data:0.0 Loss:0.7425 Cls Loss:6.9163 Pair Loss:0.7663 Center Loss:1307.1765 KL Loss:0.5869 Recon Loss:0.1556 Acc:0.0010 
=> Current learning rate: 0.001000
Epoch:18 Time:10.6 Data:0.0 Loss:0.5931 Cls Loss:6.9164 Pair Loss:0.7699 Center Loss:1307.6194 KL Loss:0.4372 Recon Loss:0.1559 Acc:0.0015 
=> Current learning rate: 0.001000
Epoch:19 Time:12.8 Data:0.0 Loss:0.6192 Cls Loss:6.9166 Pair Loss:0.7673 Center Loss:1307.5426 KL Loss:0.4620 Recon Loss:0.1572 Acc:0.0003 
=> Current learning rate: 0.001000
Epoch:20 Time:11.6 Data:0.0 Loss:0.5454 Cls Loss:6.9151 Pair Loss:0.7701 Center Loss:1307.1505 KL Loss:0.3881 Recon Loss:0.1573 Acc:0.0018 
Jump TSNE
=> Test at epoch 20
==========Test with latent_z: z_c =========
Extracted features for query set, obtained torch.Size([2709, 128]) matrix
Extracted features for gallery set, obtained torch.Size([2000, 128]) matrix
Extracting features complete in 0m 2s
Distance computing in 0m 0s
Positive values in distance matrix: 0
Negative values in distance matrix: 5418000
Adjusted 0 distances
Results ---------------------------------------------------
top1:14.0% top5:32.7% top10:42.9% top20:54.0% mAP:18.1%
-----------------------------------------------------------
Classification accuracy before cls-ranking: 58.0%
query accuracy after cls-ranking: 0.1%
gallery accuracy after cls-ranking: 0.1%
Classification accuracy after cls-ranking: 58.0%
query accuracy after cls-ranking: 0.1%
gallery accuracy after cls-ranking: 0.1%
Using 0m 2s
Classifier results ---------------------------------------------------
Query acc: 0.1% Gallery acc: 0.1% Total acc: 0.1%
=> Current learning rate: 0.001000
Epoch:21 Time:9.1 Data:0.0 Loss:0.4853 Cls Loss:6.9117 Pair Loss:0.7648 Center Loss:1307.3666 KL Loss:0.3292 Recon Loss:0.1561 Acc:0.0005 
=> Current learning rate: 0.001000
Epoch:22 Time:11.3 Data:0.0 Loss:0.5880 Cls Loss:6.9162 Pair Loss:0.7673 Center Loss:1307.0638 KL Loss:0.4322 Recon Loss:0.1558 Acc:0.0010 
=> Current learning rate: 0.001000
Epoch:23 Time:13.2 Data:0.0 Loss:0.5033 Cls Loss:6.9176 Pair Loss:0.7711 Center Loss:1307.3603 KL Loss:0.3455 Recon Loss:0.1578 Acc:0.0005 
=> Current learning rate: 0.001000
Epoch:24 Time:13.0 Data:0.0 Loss:0.5797 Cls Loss:6.9137 Pair Loss:0.7676 Center Loss:1307.7168 KL Loss:0.4225 Recon Loss:0.1572 Acc:0.0010 
=> Current learning rate: 0.001000
Epoch:25 Time:10.6 Data:0.0 Loss:0.4971 Cls Loss:6.9220 Pair Loss:0.7674 Center Loss:1307.4725 KL Loss:0.3405 Recon Loss:0.1565 Acc:0.0000 
=> Test at epoch 25
==========Test with latent_z: z_c =========
Extracted features for query set, obtained torch.Size([2709, 128]) matrix
Extracted features for gallery set, obtained torch.Size([2000, 128]) matrix
Extracting features complete in 0m 2s
Distance computing in 0m 0s
Positive values in distance matrix: 0
Negative values in distance matrix: 5418000
Adjusted 0 distances
Results ---------------------------------------------------
top1:14.0% top5:32.3% top10:42.7% top20:54.1% mAP:18.1%
-----------------------------------------------------------
Classification accuracy before cls-ranking: 41.2%
query accuracy after cls-ranking: 0.0%
gallery accuracy after cls-ranking: 0.0%
Classification accuracy after cls-ranking: 41.2%
query accuracy after cls-ranking: 0.0%
gallery accuracy after cls-ranking: 0.0%
Using 0m 2s
Classifier results ---------------------------------------------------
Query acc: 0.0% Gallery acc: 0.1% Total acc: 0.0%
=> Current learning rate: 0.001000
Epoch:26 Time:11.5 Data:0.0 Loss:0.4600 Cls Loss:6.9165 Pair Loss:0.7594 Center Loss:1307.0950 KL Loss:0.3031 Recon Loss:0.1569 Acc:0.0013 
=> Current learning rate: 0.001000
Epoch:27 Time:13.0 Data:0.0 Loss:0.5357 Cls Loss:6.9130 Pair Loss:0.7625 Center Loss:1307.3432 KL Loss:0.3778 Recon Loss:0.1579 Acc:0.0005 
=> Current learning rate: 0.001000
Epoch:28 Time:12.5 Data:0.0 Loss:0.6286 Cls Loss:6.9144 Pair Loss:0.7621 Center Loss:1306.9777 KL Loss:0.4712 Recon Loss:0.1574 Acc:0.0010 
=> Current learning rate: 0.001000
Epoch:29 Time:12.7 Data:0.0 Loss:0.5598 Cls Loss:6.9192 Pair Loss:0.7586 Center Loss:1307.3293 KL Loss:0.4035 Recon Loss:0.1563 Acc:0.0008 
=> Current learning rate: 0.001000
Epoch:30 Time:13.5 Data:0.0 Loss:0.5338 Cls Loss:6.9247 Pair Loss:0.7649 Center Loss:1306.9757 KL Loss:0.3783 Recon Loss:0.1556 Acc:0.0013 
Jump TSNE
=> Test at epoch 30
==========Test with latent_z: z_c =========
Extracted features for query set, obtained torch.Size([2709, 128]) matrix
Extracted features for gallery set, obtained torch.Size([2000, 128]) matrix
Extracting features complete in 0m 2s
Distance computing in 0m 1s
Positive values in distance matrix: 0
Negative values in distance matrix: 5418000
Adjusted 0 distances
Results ---------------------------------------------------
top1:14.6% top5:31.9% top10:42.2% top20:54.0% mAP:18.4%
-----------------------------------------------------------
Classification accuracy before cls-ranking: 43.7%
query accuracy after cls-ranking: 0.1%
gallery accuracy after cls-ranking: 0.0%
Classification accuracy after cls-ranking: 43.7%
query accuracy after cls-ranking: 0.1%
gallery accuracy after cls-ranking: 0.0%
Using 0m 2s
Classifier results ---------------------------------------------------
Query acc: 0.1% Gallery acc: 0.1% Total acc: 0.1%
=> Current learning rate: 0.001000
Epoch:31 Time:11.0 Data:0.0 Loss:0.6012 Cls Loss:6.9125 Pair Loss:0.7605 Center Loss:1306.7985 KL Loss:0.4439 Recon Loss:0.1573 Acc:0.0018 
=> Current learning rate: 0.001000
Epoch:32 Time:9.8 Data:0.0 Loss:0.4899 Cls Loss:6.9150 Pair Loss:0.7608 Center Loss:1307.0217 KL Loss:0.3322 Recon Loss:0.1576 Acc:0.0000 
=> Current learning rate: 0.001000
Epoch:33 Time:10.6 Data:0.0 Loss:0.5355 Cls Loss:6.9121 Pair Loss:0.7593 Center Loss:1306.6957 KL Loss:0.3767 Recon Loss:0.1588 Acc:0.0008 
=> Current learning rate: 0.001000
Epoch:34 Time:11.8 Data:0.0 Loss:0.6457 Cls Loss:6.9146 Pair Loss:0.7617 Center Loss:1306.7625 KL Loss:0.4881 Recon Loss:0.1576 Acc:0.0018 
=> Current learning rate: 0.001000
Epoch:35 Time:11.1 Data:0.0 Loss:0.6102 Cls Loss:6.9146 Pair Loss:0.7591 Center Loss:1306.1689 KL Loss:0.4527 Recon Loss:0.1575 Acc:0.0005 
=> Test at epoch 35
==========Test with latent_z: z_c =========
Extracted features for query set, obtained torch.Size([2709, 128]) matrix
Extracted features for gallery set, obtained torch.Size([2000, 128]) matrix
Extracting features complete in 0m 2s
Distance computing in 0m 1s
Positive values in distance matrix: 0
Negative values in distance matrix: 5418000
Adjusted 0 distances
Results ---------------------------------------------------
top1:14.0% top5:30.7% top10:41.3% top20:53.2% mAP:17.8%
-----------------------------------------------------------
Classification accuracy before cls-ranking: 48.5%
query accuracy after cls-ranking: 0.0%
gallery accuracy after cls-ranking: 0.0%
Classification accuracy after cls-ranking: 48.5%
query accuracy after cls-ranking: 0.0%
gallery accuracy after cls-ranking: 0.0%
Using 0m 2s
Classifier results ---------------------------------------------------
Query acc: 0.0% Gallery acc: 0.0% Total acc: 0.0%
=> Current learning rate: 0.001000
Epoch:36 Time:11.4 Data:0.0 Loss:0.5461 Cls Loss:6.9195 Pair Loss:0.7615 Center Loss:1306.3320 KL Loss:0.3887 Recon Loss:0.1574 Acc:0.0008 
=> Current learning rate: 0.001000
Epoch:37 Time:10.8 Data:0.0 Loss:0.5249 Cls Loss:6.9174 Pair Loss:0.7658 Center Loss:1306.2147 KL Loss:0.3675 Recon Loss:0.1574 Acc:0.0013 
=> Current learning rate: 0.001000
Epoch:38 Time:12.3 Data:0.0 Loss:0.4797 Cls Loss:6.9146 Pair Loss:0.7628 Center Loss:1306.2921 KL Loss:0.3226 Recon Loss:0.1571 Acc:0.0015 
=> Current learning rate: 0.001000
Epoch:39 Time:11.4 Data:0.0 Loss:0.5599 Cls Loss:6.9193 Pair Loss:0.7570 Center Loss:1305.6298 KL Loss:0.4026 Recon Loss:0.1573 Acc:0.0008 
=> Current learning rate: 0.001000
Epoch:40 Time:12.2 Data:0.0 Loss:0.6154 Cls Loss:6.9154 Pair Loss:0.7674 Center Loss:1305.7067 KL Loss:0.4579 Recon Loss:0.1575 Acc:0.0005 
Jump TSNE
=> Test at epoch 40
==========Test with latent_z: z_c =========
Extracted features for query set, obtained torch.Size([2709, 128]) matrix
Extracted features for gallery set, obtained torch.Size([2000, 128]) matrix
Extracting features complete in 0m 2s
Distance computing in 0m 0s
Positive values in distance matrix: 2
Negative values in distance matrix: 5417998
Adjusted 0 distances
Results ---------------------------------------------------
top1:13.8% top5:30.1% top10:40.6% top20:52.5% mAP:17.6%
-----------------------------------------------------------
Classification accuracy before cls-ranking: 68.5%
query accuracy after cls-ranking: 0.0%
gallery accuracy after cls-ranking: 0.0%
Classification accuracy after cls-ranking: 68.5%
query accuracy after cls-ranking: 0.0%
gallery accuracy after cls-ranking: 0.0%
Using 0m 3s
Classifier results ---------------------------------------------------
Query acc: 0.0% Gallery acc: 0.1% Total acc: 0.0%
=> Current learning rate: 0.001000
Epoch:41 Time:9.1 Data:0.0 Loss:0.6273 Cls Loss:6.9206 Pair Loss:0.7607 Center Loss:1305.6456 KL Loss:0.4688 Recon Loss:0.1585 Acc:0.0013 
=> Current learning rate: 0.001000
Epoch:42 Time:12.7 Data:0.0 Loss:0.5653 Cls Loss:6.9178 Pair Loss:0.7584 Center Loss:1305.7267 KL Loss:0.4070 Recon Loss:0.1582 Acc:0.0005 
=> Current learning rate: 0.001000
Epoch:43 Time:11.0 Data:0.0 Loss:0.5116 Cls Loss:6.9173 Pair Loss:0.7592 Center Loss:1306.0368 KL Loss:0.3531 Recon Loss:0.1585 Acc:0.0010 
=> Current learning rate: 0.001000
Epoch:44 Time:10.5 Data:0.0 Loss:0.6308 Cls Loss:6.9174 Pair Loss:0.7584 Center Loss:1305.7402 KL Loss:0.4727 Recon Loss:0.1581 Acc:0.0010 
=> Current learning rate: 0.001000
Epoch:45 Time:11.3 Data:0.0 Loss:0.5615 Cls Loss:6.9160 Pair Loss:0.7632 Center Loss:1306.0222 KL Loss:0.4033 Recon Loss:0.1582 Acc:0.0010 
=> Test at epoch 45
==========Test with latent_z: z_c =========
Extracted features for query set, obtained torch.Size([2709, 128]) matrix
Extracted features for gallery set, obtained torch.Size([2000, 128]) matrix
Extracting features complete in 0m 2s
Distance computing in 0m 1s
Positive values in distance matrix: 0
Negative values in distance matrix: 5418000
Adjusted 0 distances
Results ---------------------------------------------------
top1:14.2% top5:31.0% top10:42.2% top20:53.6% mAP:18.1%
-----------------------------------------------------------
Classification accuracy before cls-ranking: 61.1%
query accuracy after cls-ranking: 0.0%
gallery accuracy after cls-ranking: 0.0%
Classification accuracy after cls-ranking: 61.1%
query accuracy after cls-ranking: 0.0%
gallery accuracy after cls-ranking: 0.0%
Using 0m 3s
Classifier results ---------------------------------------------------
Query acc: 0.0% Gallery acc: 0.2% Total acc: 0.1%
=> Current learning rate: 0.001000
Epoch:46 Time:10.6 Data:0.0 Loss:0.6618 Cls Loss:6.9168 Pair Loss:0.7597 Center Loss:1305.5157 KL Loss:0.5038 Recon Loss:0.1579 Acc:0.0018 
=> Current learning rate: 0.001000
Epoch:47 Time:12.1 Data:0.0 Loss:0.5559 Cls Loss:6.9190 Pair Loss:0.7591 Center Loss:1305.7378 KL Loss:0.3982 Recon Loss:0.1578 Acc:0.0010 
=> Current learning rate: 0.001000
Epoch:48 Time:10.3 Data:0.0 Loss:0.6546 Cls Loss:6.9162 Pair Loss:0.7636 Center Loss:1305.4037 KL Loss:0.4969 Recon Loss:0.1577 Acc:0.0013 
=> Current learning rate: 0.001000
Epoch:49 Time:12.4 Data:0.0 Loss:0.5568 Cls Loss:6.9179 Pair Loss:0.7615 Center Loss:1304.7599 KL Loss:0.3986 Recon Loss:0.1582 Acc:0.0005 
=> Current learning rate: 0.001000
Epoch:50 Time:11.6 Data:0.0 Loss:0.6480 Cls Loss:6.9155 Pair Loss:0.7637 Center Loss:1305.1898 KL Loss:0.4902 Recon Loss:0.1578 Acc:0.0005 
Jump TSNE
=> Test at epoch 50
==========Test with latent_z: z_c =========
Extracted features for query set, obtained torch.Size([2709, 128]) matrix
Extracted features for gallery set, obtained torch.Size([2000, 128]) matrix
Extracting features complete in 0m 1s
Distance computing in 0m 0s
Positive values in distance matrix: 0
Negative values in distance matrix: 5418000
Adjusted 0 distances
Results ---------------------------------------------------
top1:14.2% top5:30.1% top10:40.8% top20:52.6% mAP:17.7%
-----------------------------------------------------------
Classification accuracy before cls-ranking: 68.4%
query accuracy after cls-ranking: 0.1%
gallery accuracy after cls-ranking: 0.1%
Classification accuracy after cls-ranking: 68.4%
query accuracy after cls-ranking: 0.1%
gallery accuracy after cls-ranking: 0.1%
Using 0m 3s
Classifier results ---------------------------------------------------
Query acc: 0.1% Gallery acc: 0.2% Total acc: 0.1%
=> Current learning rate: 0.001000
Epoch:51 Time:11.8 Data:0.0 Loss:0.5959 Cls Loss:6.9160 Pair Loss:0.7633 Center Loss:1304.9983 KL Loss:0.4380 Recon Loss:0.1579 Acc:0.0013 
=> Current learning rate: 0.001000
Epoch:52 Time:9.9 Data:0.0 Loss:0.6076 Cls Loss:6.9185 Pair Loss:0.7573 Center Loss:1305.1356 KL Loss:0.4501 Recon Loss:0.1575 Acc:0.0010 
=> Current learning rate: 0.001000
Epoch:53 Time:12.2 Data:0.0 Loss:0.6225 Cls Loss:6.9194 Pair Loss:0.7647 Center Loss:1305.2274 KL Loss:0.4645 Recon Loss:0.1580 Acc:0.0013 
=> Current learning rate: 0.001000
Epoch:54 Time:11.3 Data:0.0 Loss:0.5272 Cls Loss:6.9178 Pair Loss:0.7582 Center Loss:1304.7358 KL Loss:0.3692 Recon Loss:0.1580 Acc:0.0008 
=> Current learning rate: 0.001000
Epoch:55 Time:11.1 Data:0.0 Loss:0.6225 Cls Loss:6.9119 Pair Loss:0.7584 Center Loss:1304.8235 KL Loss:0.4636 Recon Loss:0.1588 Acc:0.0015 
=> Test at epoch 55
==========Test with latent_z: z_c =========
Extracted features for query set, obtained torch.Size([2709, 128]) matrix
Extracted features for gallery set, obtained torch.Size([2000, 128]) matrix
Extracting features complete in 0m 2s
Distance computing in 0m 0s
Positive values in distance matrix: 1
Negative values in distance matrix: 5417999
Adjusted 0 distances
Results ---------------------------------------------------
top1:14.1% top5:31.3% top10:41.4% top20:53.9% mAP:18.0%
-----------------------------------------------------------
Classification accuracy before cls-ranking: 61.2%
query accuracy after cls-ranking: 0.0%
gallery accuracy after cls-ranking: 0.2%
Classification accuracy after cls-ranking: 61.2%
query accuracy after cls-ranking: 0.0%
gallery accuracy after cls-ranking: 0.2%
Using 0m 2s
Classifier results ---------------------------------------------------
Query acc: 0.0% Gallery acc: 0.2% Total acc: 0.1%
=> Current learning rate: 0.001000
Epoch:56 Time:10.7 Data:0.0 Loss:0.5769 Cls Loss:6.9196 Pair Loss:0.7590 Center Loss:1304.7801 KL Loss:0.4188 Recon Loss:0.1581 Acc:0.0008 
=> Current learning rate: 0.001000
Epoch:57 Time:12.3 Data:0.0 Loss:0.5722 Cls Loss:6.9163 Pair Loss:0.7609 Center Loss:1304.5210 KL Loss:0.4140 Recon Loss:0.1582 Acc:0.0018 
=> Current learning rate: 0.001000
Epoch:58 Time:12.5 Data:0.0 Loss:0.6434 Cls Loss:6.9170 Pair Loss:0.7565 Center Loss:1304.7382 KL Loss:0.4856 Recon Loss:0.1578 Acc:0.0010 
=> Current learning rate: 0.001000
Epoch:59 Time:11.1 Data:0.0 Loss:0.5529 Cls Loss:6.9172 Pair Loss:0.7618 Center Loss:1304.6014 KL Loss:0.3951 Recon Loss:0.1578 Acc:0.0008 
=> Current learning rate: 0.001000
Epoch:60 Time:10.4 Data:0.0 Loss:0.5165 Cls Loss:6.9124 Pair Loss:0.7582 Center Loss:1304.5409 KL Loss:0.3584 Recon Loss:0.1582 Acc:0.0013 
Jump TSNE
=> Test at epoch 60
==========Test with latent_z: z_c =========
Extracted features for query set, obtained torch.Size([2709, 128]) matrix
Extracted features for gallery set, obtained torch.Size([2000, 128]) matrix
Extracting features complete in 0m 2s
Distance computing in 0m 0s
Positive values in distance matrix: 2
Negative values in distance matrix: 5417998
Adjusted 0 distances
Results ---------------------------------------------------
top1:13.9% top5:31.4% top10:41.7% top20:53.6% mAP:18.1%
-----------------------------------------------------------
Classification accuracy before cls-ranking: 56.6%
query accuracy after cls-ranking: 0.1%
gallery accuracy after cls-ranking: 0.1%
Classification accuracy after cls-ranking: 56.6%
query accuracy after cls-ranking: 0.1%
gallery accuracy after cls-ranking: 0.1%
Using 0m 2s
Classifier results ---------------------------------------------------
Query acc: 0.1% Gallery acc: 0.2% Total acc: 0.1%
=> Current learning rate: 0.001000
Epoch:61 Time:12.0 Data:0.0 Loss:0.6114 Cls Loss:6.9168 Pair Loss:0.7589 Center Loss:1304.8079 KL Loss:0.4534 Recon Loss:0.1580 Acc:0.0003 
=> Current learning rate: 0.000100
Epoch:62 Time:9.8 Data:0.0 Loss:0.5898 Cls Loss:6.9175 Pair Loss:0.7540 Center Loss:1304.7093 KL Loss:0.4320 Recon Loss:0.1578 Acc:0.0008 
=> Current learning rate: 0.000100
Epoch:63 Time:11.0 Data:0.0 Loss:0.5396 Cls Loss:6.9147 Pair Loss:0.7583 Center Loss:1304.5594 KL Loss:0.3818 Recon Loss:0.1578 Acc:0.0003 
=> Current learning rate: 0.000100
Epoch:64 Time:14.0 Data:0.0 Loss:0.5510 Cls Loss:6.9154 Pair Loss:0.7655 Center Loss:1304.3060 KL Loss:0.3935 Recon Loss:0.1575 Acc:0.0013 
=> Current learning rate: 0.000100
Epoch:65 Time:12.3 Data:0.0 Loss:0.6170 Cls Loss:6.9167 Pair Loss:0.7587 Center Loss:1304.5142 KL Loss:0.4596 Recon Loss:0.1574 Acc:0.0008 
=> Test at epoch 65
==========Test with latent_z: z_c =========
Extracted features for query set, obtained torch.Size([2709, 128]) matrix
Extracted features for gallery set, obtained torch.Size([2000, 128]) matrix
Extracting features complete in 0m 2s
Distance computing in 0m 0s
Positive values in distance matrix: 0
Negative values in distance matrix: 5418000
Adjusted 0 distances
Results ---------------------------------------------------
top1:13.9% top5:31.6% top10:41.7% top20:53.5% mAP:18.1%
-----------------------------------------------------------
Classification accuracy before cls-ranking: 56.9%
query accuracy after cls-ranking: 0.1%
gallery accuracy after cls-ranking: 0.1%
Classification accuracy after cls-ranking: 56.9%
query accuracy after cls-ranking: 0.1%
gallery accuracy after cls-ranking: 0.1%
Using 0m 3s
Classifier results ---------------------------------------------------
Query acc: 0.1% Gallery acc: 0.2% Total acc: 0.1%
=> Current learning rate: 0.000100
Epoch:66 Time:11.8 Data:0.0 Loss:0.5308 Cls Loss:6.9186 Pair Loss:0.7575 Center Loss:1304.4775 KL Loss:0.3734 Recon Loss:0.1573 Acc:0.0010 
=> Current learning rate: 0.000100
Epoch:67 Time:14.1 Data:0.0 Loss:0.5541 Cls Loss:6.9186 Pair Loss:0.7604 Center Loss:1304.4022 KL Loss:0.3970 Recon Loss:0.1571 Acc:0.0005 
=> Current learning rate: 0.000100
Epoch:68 Time:13.2 Data:0.0 Loss:0.5430 Cls Loss:6.9214 Pair Loss:0.7535 Center Loss:1304.1525 KL Loss:0.3861 Recon Loss:0.1569 Acc:0.0010 
=> Current learning rate: 0.000100
Epoch:69 Time:10.5 Data:0.0 Loss:0.5558 Cls Loss:6.9213 Pair Loss:0.7573 Center Loss:1304.3214 KL Loss:0.3990 Recon Loss:0.1568 Acc:0.0008 
=> Current learning rate: 0.000100
Epoch:70 Time:8.6 Data:0.0 Loss:0.5403 Cls Loss:6.9153 Pair Loss:0.7578 Center Loss:1304.0968 KL Loss:0.3839 Recon Loss:0.1565 Acc:0.0013 
Jump TSNE
=> Test at epoch 70
==========Test with latent_z: z_c =========
Extracted features for query set, obtained torch.Size([2709, 128]) matrix
Extracted features for gallery set, obtained torch.Size([2000, 128]) matrix
Extracting features complete in 0m 2s
Distance computing in 0m 0s
Positive values in distance matrix: 0
Negative values in distance matrix: 5418000
Adjusted 0 distances
Results ---------------------------------------------------
top1:13.7% top5:31.6% top10:41.6% top20:53.3% mAP:17.9%
-----------------------------------------------------------
Classification accuracy before cls-ranking: 57.0%
query accuracy after cls-ranking: 0.1%
gallery accuracy after cls-ranking: 0.0%
Classification accuracy after cls-ranking: 57.0%
query accuracy after cls-ranking: 0.1%
gallery accuracy after cls-ranking: 0.0%
Using 0m 3s
Classifier results ---------------------------------------------------
Query acc: 0.1% Gallery acc: 0.1% Total acc: 0.1%
=> Current learning rate: 0.000100
Epoch:71 Time:11.8 Data:0.0 Loss:0.6180 Cls Loss:6.9150 Pair Loss:0.7557 Center Loss:1304.1823 KL Loss:0.4619 Recon Loss:0.1561 Acc:0.0013 
=> Current learning rate: 0.000100
Epoch:72 Time:11.4 Data:0.0 Loss:0.5301 Cls Loss:6.9176 Pair Loss:0.7590 Center Loss:1304.5461 KL Loss:0.3740 Recon Loss:0.1561 Acc:0.0015 
=> Current learning rate: 0.000100
Epoch:73 Time:9.5 Data:0.0 Loss:0.5841 Cls Loss:6.9158 Pair Loss:0.7582 Center Loss:1303.9685 KL Loss:0.4281 Recon Loss:0.1560 Acc:0.0008 
=> Current learning rate: 0.000100
Epoch:74 Time:9.0 Data:0.0 Loss:0.5507 Cls Loss:6.9153 Pair Loss:0.7525 Center Loss:1304.1305 KL Loss:0.3950 Recon Loss:0.1558 Acc:0.0015 
=> Current learning rate: 0.000100
Epoch:75 Time:11.0 Data:0.0 Loss:0.6641 Cls Loss:6.9172 Pair Loss:0.7537 Center Loss:1304.0906 KL Loss:0.5084 Recon Loss:0.1556 Acc:0.0005 
=> Test at epoch 75
==========Test with latent_z: z_c =========
Extracted features for query set, obtained torch.Size([2709, 128]) matrix
Extracted features for gallery set, obtained torch.Size([2000, 128]) matrix
Extracting features complete in 0m 2s
Distance computing in 0m 0s
Positive values in distance matrix: 0
Negative values in distance matrix: 5418000
Adjusted 0 distances
Results ---------------------------------------------------
top1:13.8% top5:31.0% top10:41.8% top20:53.1% mAP:18.0%
-----------------------------------------------------------
Classification accuracy before cls-ranking: 57.0%
query accuracy after cls-ranking: 0.1%
gallery accuracy after cls-ranking: 0.0%
Classification accuracy after cls-ranking: 57.0%
query accuracy after cls-ranking: 0.1%
gallery accuracy after cls-ranking: 0.0%
Using 0m 2s
Classifier results ---------------------------------------------------
Query acc: 0.1% Gallery acc: 0.1% Total acc: 0.1%
=> Current learning rate: 0.000100
Epoch:76 Time:9.8 Data:0.0 Loss:0.7218 Cls Loss:6.9143 Pair Loss:0.7549 Center Loss:1304.5856 KL Loss:0.5663 Recon Loss:0.1555 Acc:0.0013 
=> Current learning rate: 0.000100
Epoch:77 Time:9.0 Data:0.0 Loss:0.7197 Cls Loss:6.9175 Pair Loss:0.7524 Center Loss:1304.2737 KL Loss:0.5642 Recon Loss:0.1555 Acc:0.0008 
=> Current learning rate: 0.000100
Epoch:78 Time:10.7 Data:0.0 Loss:0.5453 Cls Loss:6.9152 Pair Loss:0.7546 Center Loss:1304.2528 KL Loss:0.3899 Recon Loss:0.1553 Acc:0.0015 
=> Current learning rate: 0.000100
Epoch:79 Time:11.5 Data:0.0 Loss:0.6438 Cls Loss:6.9161 Pair Loss:0.7575 Center Loss:1303.6581 KL Loss:0.4886 Recon Loss:0.1553 Acc:0.0015 
=> Current learning rate: 0.000100
Epoch:80 Time:10.8 Data:0.0 Loss:0.6285 Cls Loss:6.9171 Pair Loss:0.7546 Center Loss:1303.9223 KL Loss:0.4733 Recon Loss:0.1551 Acc:0.0010 
Jump TSNE
=> Test at epoch 80
==========Test with latent_z: z_c =========
Extracted features for query set, obtained torch.Size([2709, 128]) matrix
Extracted features for gallery set, obtained torch.Size([2000, 128]) matrix
Extracting features complete in 0m 2s
Distance computing in 0m 0s
Positive values in distance matrix: 0
Negative values in distance matrix: 5418000
Adjusted 0 distances
Results ---------------------------------------------------
top1:13.8% top5:30.9% top10:41.7% top20:53.0% mAP:17.9%
-----------------------------------------------------------
Classification accuracy before cls-ranking: 57.0%
query accuracy after cls-ranking: 0.1%
gallery accuracy after cls-ranking: 0.0%
Classification accuracy after cls-ranking: 57.0%
query accuracy after cls-ranking: 0.1%
gallery accuracy after cls-ranking: 0.0%
Using 0m 2s
Classifier results ---------------------------------------------------
Query acc: 0.1% Gallery acc: 0.1% Total acc: 0.1%
=> Current learning rate: 0.000100
Epoch:81 Time:10.7 Data:0.0 Loss:0.6177 Cls Loss:6.9200 Pair Loss:0.7542 Center Loss:1304.3194 KL Loss:0.4627 Recon Loss:0.1551 Acc:0.0003 
=> Current learning rate: 0.000100
Epoch:82 Time:9.4 Data:0.0 Loss:0.7298 Cls Loss:6.9112 Pair Loss:0.7590 Center Loss:1304.1182 KL Loss:0.5746 Recon Loss:0.1552 Acc:0.0025 
=> Current learning rate: 0.000100
Epoch:83 Time:11.1 Data:0.0 Loss:0.6823 Cls Loss:6.9182 Pair Loss:0.7597 Center Loss:1304.2487 KL Loss:0.5272 Recon Loss:0.1551 Acc:0.0025 
=> Current learning rate: 0.000100
Epoch:84 Time:12.1 Data:0.0 Loss:0.6997 Cls Loss:6.9209 Pair Loss:0.7592 Center Loss:1304.2150 KL Loss:0.5447 Recon Loss:0.1549 Acc:0.0015 
=> Current learning rate: 0.000100
Epoch:85 Time:10.9 Data:0.0 Loss:0.6576 Cls Loss:6.9184 Pair Loss:0.7578 Center Loss:1304.1982 KL Loss:0.5025 Recon Loss:0.1552 Acc:0.0013 
=> Test at epoch 85
==========Test with latent_z: z_c =========
Extracted features for query set, obtained torch.Size([2709, 128]) matrix
Extracted features for gallery set, obtained torch.Size([2000, 128]) matrix
Extracting features complete in 0m 2s
Distance computing in 0m 0s
Positive values in distance matrix: 0
Negative values in distance matrix: 5418000
Adjusted 0 distances
Results ---------------------------------------------------
top1:13.6% top5:30.8% top10:41.8% top20:53.1% mAP:17.8%
-----------------------------------------------------------
Classification accuracy before cls-ranking: 56.7%
query accuracy after cls-ranking: 0.1%
gallery accuracy after cls-ranking: 0.0%
Classification accuracy after cls-ranking: 56.7%
query accuracy after cls-ranking: 0.1%
gallery accuracy after cls-ranking: 0.0%
Using 0m 2s
Classifier results ---------------------------------------------------
Query acc: 0.1% Gallery acc: 0.1% Total acc: 0.1%
=> Current learning rate: 0.000100
Epoch:86 Time:9.7 Data:0.0 Loss:0.5856 Cls Loss:6.9205 Pair Loss:0.7575 Center Loss:1304.2898 KL Loss:0.4307 Recon Loss:0.1549 Acc:0.0003 
=> Current learning rate: 0.000100
Epoch:87 Time:11.3 Data:0.0 Loss:0.5625 Cls Loss:6.9192 Pair Loss:0.7520 Center Loss:1304.1879 KL Loss:0.4076 Recon Loss:0.1549 Acc:0.0010 
=> Current learning rate: 0.000100
Epoch:88 Time:10.6 Data:0.0 Loss:0.6267 Cls Loss:6.9167 Pair Loss:0.7552 Center Loss:1304.3517 KL Loss:0.4720 Recon Loss:0.1547 Acc:0.0005 
=> Current learning rate: 0.000100
Epoch:89 Time:11.3 Data:0.0 Loss:0.6077 Cls Loss:6.9180 Pair Loss:0.7594 Center Loss:1304.1711 KL Loss:0.4528 Recon Loss:0.1549 Acc:0.0008 
=> Current learning rate: 0.000100
Epoch:90 Time:11.6 Data:0.0 Loss:0.6164 Cls Loss:6.9213 Pair Loss:0.7553 Center Loss:1303.7808 KL Loss:0.4615 Recon Loss:0.1550 Acc:0.0015 
Jump TSNE
=> Test at epoch 90
==========Test with latent_z: z_c =========
Extracted features for query set, obtained torch.Size([2709, 128]) matrix
Extracted features for gallery set, obtained torch.Size([2000, 128]) matrix
Extracting features complete in 0m 2s
Distance computing in 0m 1s
Positive values in distance matrix: 0
Negative values in distance matrix: 5418000
Adjusted 0 distances
Results ---------------------------------------------------
top1:13.7% top5:30.3% top10:41.3% top20:52.9% mAP:17.8%
-----------------------------------------------------------
Classification accuracy before cls-ranking: 57.1%
query accuracy after cls-ranking: 0.0%
gallery accuracy after cls-ranking: 0.0%
Classification accuracy after cls-ranking: 57.1%
query accuracy after cls-ranking: 0.0%
gallery accuracy after cls-ranking: 0.0%
Using 0m 2s
Classifier results ---------------------------------------------------
Query acc: 0.0% Gallery acc: 0.1% Total acc: 0.1%
=> Current learning rate: 0.000100
Epoch:91 Time:11.5 Data:0.0 Loss:0.6319 Cls Loss:6.9164 Pair Loss:0.7525 Center Loss:1304.1425 KL Loss:0.4770 Recon Loss:0.1549 Acc:0.0008 
=> Current learning rate: 0.000100
Epoch:92 Time:9.2 Data:0.0 Loss:0.6625 Cls Loss:6.9104 Pair Loss:0.7588 Center Loss:1304.0933 KL Loss:0.5075 Recon Loss:0.1550 Acc:0.0018 
=> Current learning rate: 0.000100
Epoch:93 Time:9.8 Data:0.0 Loss:0.5216 Cls Loss:6.9120 Pair Loss:0.7567 Center Loss:1304.1068 KL Loss:0.3665 Recon Loss:0.1551 Acc:0.0013 
=> Current learning rate: 0.000100
Epoch:94 Time:12.7 Data:0.0 Loss:0.5857 Cls Loss:6.9157 Pair Loss:0.7620 Center Loss:1304.5115 KL Loss:0.4308 Recon Loss:0.1550 Acc:0.0018 
=> Current learning rate: 0.000100
Epoch:95 Time:12.6 Data:0.0 Loss:0.4886 Cls Loss:6.9202 Pair Loss:0.7556 Center Loss:1304.1621 KL Loss:0.3336 Recon Loss:0.1550 Acc:0.0008 
=> Test at epoch 95
==========Test with latent_z: z_c =========
Extracted features for query set, obtained torch.Size([2709, 128]) matrix
Extracted features for gallery set, obtained torch.Size([2000, 128]) matrix
Extracting features complete in 0m 3s
Distance computing in 0m 0s
Positive values in distance matrix: 0
Negative values in distance matrix: 5418000
Adjusted 0 distances
Results ---------------------------------------------------
top1:13.6% top5:30.5% top10:41.4% top20:52.6% mAP:17.7%
-----------------------------------------------------------
Classification accuracy before cls-ranking: 56.7%
query accuracy after cls-ranking: 0.1%
gallery accuracy after cls-ranking: 0.0%
Classification accuracy after cls-ranking: 56.7%
query accuracy after cls-ranking: 0.1%
gallery accuracy after cls-ranking: 0.0%
Using 0m 2s
Classifier results ---------------------------------------------------
Query acc: 0.1% Gallery acc: 0.1% Total acc: 0.1%
=> Current learning rate: 0.000100
Epoch:96 Time:9.6 Data:0.0 Loss:0.5487 Cls Loss:6.9210 Pair Loss:0.7577 Center Loss:1304.1301 KL Loss:0.3938 Recon Loss:0.1549 Acc:0.0008 
=> Current learning rate: 0.000100
Epoch:97 Time:9.7 Data:0.0 Loss:0.5799 Cls Loss:6.9166 Pair Loss:0.7510 Center Loss:1303.9742 KL Loss:0.4252 Recon Loss:0.1547 Acc:0.0018 
=> Current learning rate: 0.000100
Epoch:98 Time:10.9 Data:0.0 Loss:0.5812 Cls Loss:6.9157 Pair Loss:0.7528 Center Loss:1304.0168 KL Loss:0.4264 Recon Loss:0.1548 Acc:0.0005 
=> Current learning rate: 0.000100
Epoch:99 Time:12.1 Data:0.0 Loss:0.6933 Cls Loss:6.9189 Pair Loss:0.7577 Center Loss:1304.3624 KL Loss:0.5384 Recon Loss:0.1549 Acc:0.0008 
=> Current learning rate: 0.000100
Epoch:100 Time:12.0 Data:0.0 Loss:0.5989 Cls Loss:6.9181 Pair Loss:0.7535 Center Loss:1304.2168 KL Loss:0.4442 Recon Loss:0.1547 Acc:0.0015 
Jump TSNE
=> Test at epoch 100
==========Test with latent_z: z_c =========
Extracted features for query set, obtained torch.Size([2709, 128]) matrix
Extracted features for gallery set, obtained torch.Size([2000, 128]) matrix
Extracting features complete in 0m 2s
Distance computing in 0m 0s
Positive values in distance matrix: 0
Negative values in distance matrix: 5418000
Adjusted 0 distances
Results ---------------------------------------------------
top1:13.4% top5:30.2% top10:41.4% top20:52.5% mAP:17.6%
-----------------------------------------------------------
Classification accuracy before cls-ranking: 57.3%
query accuracy after cls-ranking: 0.1%
gallery accuracy after cls-ranking: 0.0%
Classification accuracy after cls-ranking: 57.3%
query accuracy after cls-ranking: 0.1%
gallery accuracy after cls-ranking: 0.0%
Using 0m 2s
Classifier results ---------------------------------------------------
Query acc: 0.1% Gallery acc: 0.1% Total acc: 0.1%
=> Current learning rate: 0.000100
Epoch:101 Time:11.6 Data:0.0 Loss:0.5677 Cls Loss:6.9140 Pair Loss:0.7560 Center Loss:1303.9590 KL Loss:0.4129 Recon Loss:0.1549 Acc:0.0005 
=> Current learning rate: 0.000100
Epoch:102 Time:10.1 Data:0.0 Loss:0.6461 Cls Loss:6.9151 Pair Loss:0.7608 Center Loss:1304.5797 KL Loss:0.4914 Recon Loss:0.1547 Acc:0.0008 
=> Current learning rate: 0.000100
Epoch:103 Time:10.3 Data:0.0 Loss:0.6487 Cls Loss:6.9223 Pair Loss:0.7587 Center Loss:1304.0790 KL Loss:0.4939 Recon Loss:0.1548 Acc:0.0005 
=> Current learning rate: 0.000100
Epoch:104 Time:12.7 Data:0.0 Loss:0.6489 Cls Loss:6.9173 Pair Loss:0.7553 Center Loss:1304.0146 KL Loss:0.4941 Recon Loss:0.1549 Acc:0.0003 
=> Current learning rate: 0.000100
Epoch:105 Time:11.2 Data:0.0 Loss:0.5884 Cls Loss:6.9136 Pair Loss:0.7572 Center Loss:1304.2182 KL Loss:0.4337 Recon Loss:0.1548 Acc:0.0013 
=> Test at epoch 105
==========Test with latent_z: z_c =========
Extracted features for query set, obtained torch.Size([2709, 128]) matrix
Extracted features for gallery set, obtained torch.Size([2000, 128]) matrix
Extracting features complete in 0m 2s
Distance computing in 0m 0s
Positive values in distance matrix: 0
Negative values in distance matrix: 5418000
Adjusted 0 distances
Results ---------------------------------------------------
top1:13.4% top5:30.3% top10:41.1% top20:52.2% mAP:17.5%
-----------------------------------------------------------
Classification accuracy before cls-ranking: 56.5%
query accuracy after cls-ranking: 0.1%
gallery accuracy after cls-ranking: 0.0%
Classification accuracy after cls-ranking: 56.5%
query accuracy after cls-ranking: 0.1%
gallery accuracy after cls-ranking: 0.0%
Using 0m 3s
Classifier results ---------------------------------------------------
Query acc: 0.1% Gallery acc: 0.1% Total acc: 0.1%
=> Current learning rate: 0.000100
Epoch:106 Time:9.9 Data:0.0 Loss:0.6087 Cls Loss:6.9158 Pair Loss:0.7641 Center Loss:1304.4116 KL Loss:0.4539 Recon Loss:0.1548 Acc:0.0008 
=> Current learning rate: 0.000100
Epoch:107 Time:9.7 Data:0.0 Loss:0.5673 Cls Loss:6.9165 Pair Loss:0.7608 Center Loss:1304.0606 KL Loss:0.4125 Recon Loss:0.1548 Acc:0.0013 
=> Current learning rate: 0.000100
Epoch:108 Time:8.0 Data:0.0 Loss:0.5520 Cls Loss:6.9196 Pair Loss:0.7525 Center Loss:1303.7831 KL Loss:0.3971 Recon Loss:0.1549 Acc:0.0005 
=> Current learning rate: 0.000100
Epoch:109 Time:9.2 Data:0.0 Loss:0.6427 Cls Loss:6.9203 Pair Loss:0.7575 Center Loss:1304.1947 KL Loss:0.4879 Recon Loss:0.1547 Acc:0.0008 
=> Current learning rate: 0.000100
Epoch:110 Time:9.7 Data:0.0 Loss:0.6493 Cls Loss:6.9164 Pair Loss:0.7588 Center Loss:1304.1446 KL Loss:0.4947 Recon Loss:0.1546 Acc:0.0008 
Jump TSNE
=> Test at epoch 110
==========Test with latent_z: z_c =========
Extracted features for query set, obtained torch.Size([2709, 128]) matrix
Extracted features for gallery set, obtained torch.Size([2000, 128]) matrix
Extracting features complete in 0m 1s
Distance computing in 0m 0s
Positive values in distance matrix: 0
Negative values in distance matrix: 5418000
Adjusted 0 distances
Results ---------------------------------------------------
top1:13.3% top5:29.8% top10:40.5% top20:51.5% mAP:17.4%
-----------------------------------------------------------
Classification accuracy before cls-ranking: 56.5%
query accuracy after cls-ranking: 0.1%
gallery accuracy after cls-ranking: 0.0%
Classification accuracy after cls-ranking: 56.5%
query accuracy after cls-ranking: 0.1%
gallery accuracy after cls-ranking: 0.0%
Using 0m 2s
Classifier results ---------------------------------------------------
Query acc: 0.1% Gallery acc: 0.1% Total acc: 0.1%
=> Current learning rate: 0.000100
Epoch:111 Time:9.1 Data:0.0 Loss:0.6182 Cls Loss:6.9117 Pair Loss:0.7568 Center Loss:1304.3876 KL Loss:0.4636 Recon Loss:0.1546 Acc:0.0005 
=> Current learning rate: 0.000100
Epoch:112 Time:9.4 Data:0.0 Loss:0.5653 Cls Loss:6.9194 Pair Loss:0.7593 Center Loss:1304.4895 KL Loss:0.4106 Recon Loss:0.1547 Acc:0.0003 
=> Current learning rate: 0.000100
Epoch:113 Time:6.9 Data:0.0 Loss:0.6318 Cls Loss:6.9135 Pair Loss:0.7601 Center Loss:1303.9832 KL Loss:0.4772 Recon Loss:0.1546 Acc:0.0010 
=> Current learning rate: 0.000100
Epoch:114 Time:8.8 Data:0.0 Loss:0.5448 Cls Loss:6.9194 Pair Loss:0.7614 Center Loss:1304.2107 KL Loss:0.3903 Recon Loss:0.1545 Acc:0.0010 
=> Current learning rate: 0.000100
Epoch:115 Time:8.1 Data:0.0 Loss:0.5920 Cls Loss:6.9208 Pair Loss:0.7582 Center Loss:1304.4149 KL Loss:0.4374 Recon Loss:0.1546 Acc:0.0008 
=> Test at epoch 115
==========Test with latent_z: z_c =========
Extracted features for query set, obtained torch.Size([2709, 128]) matrix
Extracted features for gallery set, obtained torch.Size([2000, 128]) matrix
Extracting features complete in 0m 1s
Distance computing in 0m 1s
Positive values in distance matrix: 0
Negative values in distance matrix: 5418000
Adjusted 0 distances
Results ---------------------------------------------------
top1:13.1% top5:29.9% top10:40.8% top20:51.6% mAP:17.2%
-----------------------------------------------------------
Classification accuracy before cls-ranking: 57.3%
query accuracy after cls-ranking: 0.1%
gallery accuracy after cls-ranking: 0.0%
Classification accuracy after cls-ranking: 57.3%
query accuracy after cls-ranking: 0.1%
gallery accuracy after cls-ranking: 0.0%
Using 0m 2s
Classifier results ---------------------------------------------------
Query acc: 0.1% Gallery acc: 0.1% Total acc: 0.1%
=> Current learning rate: 0.000100
Epoch:116 Time:8.2 Data:0.0 Loss:0.6254 Cls Loss:6.9163 Pair Loss:0.7553 Center Loss:1304.1576 KL Loss:0.4708 Recon Loss:0.1546 Acc:0.0008 
=> Current learning rate: 0.000100
Epoch:117 Time:8.6 Data:0.0 Loss:0.6440 Cls Loss:6.9176 Pair Loss:0.7633 Center Loss:1304.2662 KL Loss:0.4894 Recon Loss:0.1546 Acc:0.0003 
=> Current learning rate: 0.000100
Epoch:118 Time:6.9 Data:0.0 Loss:0.6303 Cls Loss:6.9166 Pair Loss:0.7562 Center Loss:1303.7384 KL Loss:0.4755 Recon Loss:0.1549 Acc:0.0005 
=> Current learning rate: 0.000100
Epoch:119 Time:8.5 Data:0.0 Loss:0.6122 Cls Loss:6.9178 Pair Loss:0.7562 Center Loss:1304.4018 KL Loss:0.4572 Recon Loss:0.1549 Acc:0.0003 
=> Current learning rate: 0.000100
/home/zhengwei/yzwT2V/lib/python3.9/site-packages/numpy/lib/function_base.py:2897: RuntimeWarning: invalid value encountered in divide
  c /= stddev[:, None]
/home/zhengwei/yzwT2V/lib/python3.9/site-packages/numpy/lib/function_base.py:2898: RuntimeWarning: invalid value encountered in divide
  c /= stddev[None, :]
Epoch:120 Time:44.2 Data:0.0 Loss:0.5744 Cls Loss:6.9141 Pair Loss:0.7531 Center Loss:1303.9363 KL Loss:0.4198 Recon Loss:0.1546 Acc:0.0005 
Jump TSNE
=> Test at epoch 120
==========Test with latent_z: z_c =========
Extracted features for query set, obtained torch.Size([2709, 128]) matrix
Extracted features for gallery set, obtained torch.Size([2000, 128]) matrix
Extracting features complete in 0m 1s
Distance computing in 0m 0s
Positive values in distance matrix: 0
Negative values in distance matrix: 5418000
Adjusted 0 distances
Results ---------------------------------------------------
top1:12.8% top5:30.2% top10:40.3% top20:51.0% mAP:17.1%
-----------------------------------------------------------
Classification accuracy before cls-ranking: 56.6%
query accuracy after cls-ranking: 0.1%
gallery accuracy after cls-ranking: 0.0%
Classification accuracy after cls-ranking: 56.6%
query accuracy after cls-ranking: 0.1%
gallery accuracy after cls-ranking: 0.0%
Using 0m 1s
Classifier results ---------------------------------------------------
Query acc: 0.1% Gallery acc: 0.1% Total acc: 0.1%
Keep checkpoint file: checkpoint_ep120.pth.tar
=> Current learning rate: 0.000100
=> Best Rank-1 14.6%, mAP 18.4% achieved at epoch 30
=> Best Acc: Query 0.1%, Gallery 0.1%, Total 0.1%
Finished. Total elapsed time (h:m:s): 0:25:33. Training time (h:m:s): 0:22:54.
