=> merge config from ./configs/clipreid_cvae_kl.yaml
=> Configurations:
-------------------------
AMP: True
AUG:
  RC_PROB: 0.5
  RE_PROB: 0.5
DATA:
  CUHK03_CLASSIC_SPLIT: False
  CUHK03_LABELED: False
  DATASET: market1k
  FORMAT_TAG: tensor
  HEIGHT: 256
  NUM_INSTANCES: 4
  NUM_WORKERS: 4
  ROOT: /home/zhengwei/my_data/datasets
  SPLIT_ID: 0
  TEST_BATCH: 512
  TRAIN_BATCH: 64
  TRAIN_FORMAT: novel
  WIDTH: 128
EVAL_MODE: False
GPU: 2
LOSS:
  CLA_LOSS: crossentropy
  CLA_M: 0.0
  CLA_S: 16.0
  PAIR_LOSS: triplet
  PAIR_M: 0.3
  PAIR_S: 16.0
  RECON_LOSS: mse
  USE_NCE: False
MODEL:
  CONDITIONAL: False
  FEATURE_DIM: 1280
  FEAT_FUSION: False
  FLOW_TYPE: 
  GAUSSIAN: MultivariateNormal
  HIDDEN_DIM: 256
  LATENT_SIZE: 64
  NAME: CVAE
  ONLY_CVAE_KL: False
  ONLY_X_INPUT: False
  PRETRAIN: CLIPreID_Tune_MSMT17
  PROJECTION_TYPE: None
  RES4_STRIDE: 1
  RESUME: /data/zhengwei/CVAE/outputs/msmt17/clipreid_simplevae_base/2024-08-31/baseMSMT17_SimpleVAE+2E_128+64z_1e3_60+120_KLtotalZ_noCLS/2nd_stage/2024-09-05/baseMSMT17_SimpleVAE+2E_128+64z_1e3_60+120_KLtotalZ_L1280+bnTuneVersion+distCLS_Trip+Center+Ce
  STYLE_NUM: 0
  TRAIN_STAGE: klNocls_stage
  USE_CENTROID: False
  USE_TWO_ENCODER: True
  VAE_TYPE: SinpleVAE
  ZC_DIM: 128
  ZS_DIM: 64
OUTPUT: /data/zhengwei/CVAE/outputs/market1k/clipreid_tuned_person/novel/2024-09-05/novelMask1K_SimpleVAE+2E_128+64z_1e3_60+120_KLtotalZ_noCLS
SAVED_NAME: novelMask1K_SimpleVAE+2E_128+64z_1e3_60+120_KLtotalZ_noCLS
SEED: 0
TAG: clipreid_tuned_person
TEST:
  DISTANCE: cosine
  EVAL_STEP: 5
  START_EVAL: -1
TRAIN:
  AMP: False
  LR_SCHEDULER:
    DECAY_RATE: 0.1
    NAME: MultiStepLR
    STEPSIZE: [60]
  MAX_EPOCH: 120
  OPTIMIZER:
    LR: 0.001
    NAME: adam
    SGDLR: 0.01
    SGD_MOMENTUM: 0.9
    SGD_WEIGHT_DECAY: 0.0005
    WEIGHT_DECAY: 0.0001
  START_EPOCH: 0
----------------------
Initializing dataset market1k
=> Market-Sketch-1K tensor loaded
Dataset statistics:
  ------------------------------
  subset   | # ids | # images
  ------------------------------
  train    |   996 |     3992
  query    |   996 |     2709
  gallery  |   996 |     2000
  ------------------------------
  total    |  1992 |     8701
  ------------------------------
Initializing SinpleVAE model with 2 encoders
============Warning! No projection layer is used in Training!=================
============Warning! Using Defalt Linear 1280 to intialize!=================
Model size: 13.60672M
Using Dist classifier
Initialized classifier with feature_dim: 1280, num_classes: 996
Classifier size: 1.27588M
=> Start tuning the model on Novel data
Loading checkpoint from '/data/zhengwei/CVAE/outputs/msmt17/clipreid_simplevae_base/2024-08-31/baseMSMT17_SimpleVAE+2E_128+64z_1e3_60+120_KLtotalZ_noCLS/2nd_stage/2024-09-05/baseMSMT17_SimpleVAE+2E_128+64z_1e3_60+120_KLtotalZ_L1280+bnTuneVersion+distCLS_Trip+Center+Ce/best_model.pth.tar'
Loading all parameter:  encoder_zc.0.weight
Loading all parameter:  encoder_zc.0.bias
Loading all parameter:  encoder_zc.1.weight
Loading all parameter:  encoder_zc.1.bias
Loading all parameter:  encoder_zc.1.running_mean
Loading all parameter:  encoder_zc.1.running_var
Loading all parameter:  encoder_zc.1.num_batches_tracked
Loading all parameter:  fc_mu_zc.0.weight
Loading all parameter:  fc_mu_zc.0.bias
Loading all parameter:  fc_logvar_zc.0.weight
Loading all parameter:  fc_logvar_zc.0.bias
Loading all parameter:  encoder_zs.0.weight
Loading all parameter:  encoder_zs.0.bias
Loading all parameter:  encoder_zs.1.weight
Loading all parameter:  encoder_zs.1.bias
Loading all parameter:  encoder_zs.1.running_mean
Loading all parameter:  encoder_zs.1.running_var
Loading all parameter:  encoder_zs.1.num_batches_tracked
Loading all parameter:  fc_mu_zs.0.weight
Loading all parameter:  fc_mu_zs.0.bias
Loading all parameter:  fc_logvar_zs.0.weight
Loading all parameter:  fc_logvar_zs.0.bias
Loading all parameter:  decoder.0.weight
Loading all parameter:  decoder.0.bias
Loading all parameter:  decoder.1.weight
Loading all parameter:  decoder.1.bias
Loading all parameter:  decoder.1.running_mean
Loading all parameter:  decoder.1.running_var
Loading all parameter:  decoder.1.num_batches_tracked
Loading all parameter:  decoder.3.weight
Loading all parameter:  decoder.3.bias
Loading all parameter:  u_embedding.gate.0.weight
Loading all parameter:  u_embedding.gate.0.bias
Loading all parameter:  u_embedding.adapters.0.weight
Loading all parameter:  u_embedding.adapters.0.bias
Loading all parameter:  u_embedding.adapters.1.weight
Loading all parameter:  u_embedding.adapters.1.bias
Loading all parameter:  u_embedding.adapters.2.weight
Loading all parameter:  u_embedding.adapters.2.bias
Loading all parameter:  u_embedding.adapters.3.weight
Loading all parameter:  u_embedding.adapters.3.bias
Loading all parameter:  u_embedding.adapters.4.weight
Loading all parameter:  u_embedding.adapters.4.bias
Loading all parameter:  u_embedding.adapters.5.weight
Loading all parameter:  u_embedding.adapters.5.bias
Loading all parameter:  u_embedding.adapters.6.weight
Loading all parameter:  u_embedding.adapters.6.bias
Loading all parameter:  u_embedding.adapters.7.weight
Loading all parameter:  u_embedding.adapters.7.bias
Loading all parameter:  u_embedding.adapters.8.weight
Loading all parameter:  u_embedding.adapters.8.bias
Loading all parameter:  u_embedding.adapters.9.weight
Loading all parameter:  u_embedding.adapters.9.bias
Loading all parameter:  u_embedding.adapters.10.weight
Loading all parameter:  u_embedding.adapters.10.bias
Loading all parameter:  u_embedding.adapters.11.weight
Loading all parameter:  u_embedding.adapters.11.bias
Loading all parameter:  u_embedding.adapters.12.weight
Loading all parameter:  u_embedding.adapters.12.bias
Loading all parameter:  u_embedding.adapters.13.weight
Loading all parameter:  u_embedding.adapters.13.bias
Loading all parameter:  u_embedding.adapters.14.weight
Loading all parameter:  u_embedding.adapters.14.bias
Loading all parameter:  u_embedding.adapters.15.weight
Loading all parameter:  u_embedding.adapters.15.bias
Loading all parameter:  u_embedding.adapters.16.weight
Loading all parameter:  u_embedding.adapters.16.bias
Loading all parameter:  u_embedding.adapters.17.weight
Loading all parameter:  u_embedding.adapters.17.bias
Loading all parameter:  u_embedding.adapters.18.weight
Loading all parameter:  u_embedding.adapters.18.bias
Loading all parameter:  u_embedding.adapters.19.weight
Loading all parameter:  u_embedding.adapters.19.bias
Loading all parameter:  u_embedding.adapters.20.weight
Loading all parameter:  u_embedding.adapters.20.bias
Loading all parameter:  u_embedding.adapters.21.weight
Loading all parameter:  u_embedding.adapters.21.bias
Loading all parameter:  u_embedding.adapters.22.weight
Loading all parameter:  u_embedding.adapters.22.bias
Loading all parameter:  u_embedding.adapters.23.weight
Loading all parameter:  u_embedding.adapters.23.bias
Loading all parameter:  u_embedding.adapters.24.weight
Loading all parameter:  u_embedding.adapters.24.bias
Loading all parameter:  u_embedding.adapters.25.weight
Loading all parameter:  u_embedding.adapters.25.bias
Loading all parameter:  u_embedding.adapters.26.weight
Loading all parameter:  u_embedding.adapters.26.bias
Loading all parameter:  u_embedding.adapters.27.weight
Loading all parameter:  u_embedding.adapters.27.bias
Loading all parameter:  u_embedding.adapters.28.weight
Loading all parameter:  u_embedding.adapters.28.bias
Loading all parameter:  u_embedding.adapters.29.weight
Loading all parameter:  u_embedding.adapters.29.bias
Loading all parameter:  u_embedding.adapters.30.weight
Loading all parameter:  u_embedding.adapters.30.bias
Loading all parameter:  u_embedding.adapters.31.weight
Loading all parameter:  u_embedding.adapters.31.bias
Loading all parameter:  u_embedding.adapters.32.weight
Loading all parameter:  u_embedding.adapters.32.bias
Loading all parameter:  u_embedding.adapters.33.weight
Loading all parameter:  u_embedding.adapters.33.bias
Loading all parameter:  u_embedding.adapters.34.weight
Loading all parameter:  u_embedding.adapters.34.bias
Loading all parameter:  u_embedding.adapters.35.weight
Loading all parameter:  u_embedding.adapters.35.bias
Loading all parameter:  u_embedding.adapters.36.weight
Loading all parameter:  u_embedding.adapters.36.bias
Loading all parameter:  u_embedding.adapters.37.weight
Loading all parameter:  u_embedding.adapters.37.bias
Loading all parameter:  u_embedding.adapters.38.weight
Loading all parameter:  u_embedding.adapters.38.bias
Loading all parameter:  u_embedding.adapters.39.weight
Loading all parameter:  u_embedding.adapters.39.bias
Loading all parameter:  u_embedding.adapters.40.weight
Loading all parameter:  u_embedding.adapters.40.bias
Loading all parameter:  u_embedding.adapters.41.weight
Loading all parameter:  u_embedding.adapters.41.bias
Loading all parameter:  u_embedding.adapters.42.weight
Loading all parameter:  u_embedding.adapters.42.bias
Loading all parameter:  u_embedding.adapters.43.weight
Loading all parameter:  u_embedding.adapters.43.bias
Loading all parameter:  u_embedding.adapters.44.weight
Loading all parameter:  u_embedding.adapters.44.bias
Loading all parameter:  u_embedding.adapters.45.weight
Loading all parameter:  u_embedding.adapters.45.bias
Loading all parameter:  u_embedding.adapters.46.weight
Loading all parameter:  u_embedding.adapters.46.bias
Loading all parameter:  u_embedding.adapters.47.weight
Loading all parameter:  u_embedding.adapters.47.bias
Loading all parameter:  u_embedding.adapters.48.weight
Loading all parameter:  u_embedding.adapters.48.bias
Loading all parameter:  u_embedding.adapters.49.weight
Loading all parameter:  u_embedding.adapters.49.bias
Loading all parameter:  u_embedding.adapters.50.weight
Loading all parameter:  u_embedding.adapters.50.bias
Loading all parameter:  u_embedding.adapters.51.weight
Loading all parameter:  u_embedding.adapters.51.bias
Loading all parameter:  u_embedding.adapters.52.weight
Loading all parameter:  u_embedding.adapters.52.bias
Loading all parameter:  u_embedding.adapters.53.weight
Loading all parameter:  u_embedding.adapters.53.bias
Loading all parameter:  u_embedding.adapters.54.weight
Loading all parameter:  u_embedding.adapters.54.bias
Loading all parameter:  u_embedding.adapters.55.weight
Loading all parameter:  u_embedding.adapters.55.bias
Loading all parameter:  u_embedding.adapters.56.weight
Loading all parameter:  u_embedding.adapters.56.bias
Loading all parameter:  u_embedding.adapters.57.weight
Loading all parameter:  u_embedding.adapters.57.bias
Loading all parameter:  u_embedding.adapters.58.weight
Loading all parameter:  u_embedding.adapters.58.bias
Loading all parameter:  u_embedding.adapters.59.weight
Loading all parameter:  u_embedding.adapters.59.bias
Loading all parameter:  u_embedding.adapters.60.weight
Loading all parameter:  u_embedding.adapters.60.bias
Loading all parameter:  u_embedding.adapters.61.weight
Loading all parameter:  u_embedding.adapters.61.bias
Loading all parameter:  u_embedding.adapters.62.weight
Loading all parameter:  u_embedding.adapters.62.bias
Loading all parameter:  u_embedding.adapters.63.weight
Loading all parameter:  u_embedding.adapters.63.bias
Loading all parameter:  u_embedding.adapters.64.weight
Loading all parameter:  u_embedding.adapters.64.bias
Loading all parameter:  u_embedding.adapters.65.weight
Loading all parameter:  u_embedding.adapters.65.bias
Loading all parameter:  u_embedding.adapters.66.weight
Loading all parameter:  u_embedding.adapters.66.bias
Loading all parameter:  u_embedding.adapters.67.weight
Loading all parameter:  u_embedding.adapters.67.bias
Loading all parameter:  u_embedding.adapters.68.weight
Loading all parameter:  u_embedding.adapters.68.bias
Loading all parameter:  u_embedding.adapters.69.weight
Loading all parameter:  u_embedding.adapters.69.bias
Loading all parameter:  u_embedding.adapters.70.weight
Loading all parameter:  u_embedding.adapters.70.bias
Loading all parameter:  u_embedding.adapters.71.weight
Loading all parameter:  u_embedding.adapters.71.bias
Loading all parameter:  u_embedding.adapters.72.weight
Loading all parameter:  u_embedding.adapters.72.bias
Loading all parameter:  u_embedding.adapters.73.weight
Loading all parameter:  u_embedding.adapters.73.bias
Loading all parameter:  u_embedding.adapters.74.weight
Loading all parameter:  u_embedding.adapters.74.bias
Loading all parameter:  u_embedding.adapters.75.weight
Loading all parameter:  u_embedding.adapters.75.bias
Loading all parameter:  u_embedding.adapters.76.weight
Loading all parameter:  u_embedding.adapters.76.bias
Loading all parameter:  u_embedding.adapters.77.weight
Loading all parameter:  u_embedding.adapters.77.bias
Loading all parameter:  u_embedding.adapters.78.weight
Loading all parameter:  u_embedding.adapters.78.bias
Loading all parameter:  u_embedding.adapters.79.weight
Loading all parameter:  u_embedding.adapters.79.bias
Loading all parameter:  u_embedding.adapters.80.weight
Loading all parameter:  u_embedding.adapters.80.bias
Loading all parameter:  u_embedding.adapters.81.weight
Loading all parameter:  u_embedding.adapters.81.bias
Loading all parameter:  u_embedding.adapters.82.weight
Loading all parameter:  u_embedding.adapters.82.bias
Loading all parameter:  u_embedding.adapters.83.weight
Loading all parameter:  u_embedding.adapters.83.bias
Loading all parameter:  u_embedding.adapters.84.weight
Loading all parameter:  u_embedding.adapters.84.bias
Loading all parameter:  u_embedding.adapters.85.weight
Loading all parameter:  u_embedding.adapters.85.bias
Loading all parameter:  u_embedding.adapters.86.weight
Loading all parameter:  u_embedding.adapters.86.bias
Loading all parameter:  u_embedding.adapters.87.weight
Loading all parameter:  u_embedding.adapters.87.bias
Loading all parameter:  u_embedding.adapters.88.weight
Loading all parameter:  u_embedding.adapters.88.bias
Loading all parameter:  u_embedding.adapters.89.weight
Loading all parameter:  u_embedding.adapters.89.bias
Loading all parameter:  u_embedding.adapters.90.weight
Loading all parameter:  u_embedding.adapters.90.bias
Loading all parameter:  u_embedding.adapters.91.weight
Loading all parameter:  u_embedding.adapters.91.bias
Loading all parameter:  u_embedding.adapters.92.weight
Loading all parameter:  u_embedding.adapters.92.bias
Loading all parameter:  u_embedding.adapters.93.weight
Loading all parameter:  u_embedding.adapters.93.bias
Loading all parameter:  u_embedding.adapters.94.weight
Loading all parameter:  u_embedding.adapters.94.bias
Loading all parameter:  u_embedding.adapters.95.weight
Loading all parameter:  u_embedding.adapters.95.bias
Loading all parameter:  u_embedding.adapters.96.weight
Loading all parameter:  u_embedding.adapters.96.bias
Loading all parameter:  u_embedding.adapters.97.weight
Loading all parameter:  u_embedding.adapters.97.bias
Loading all parameter:  u_embedding.adapters.98.weight
Loading all parameter:  u_embedding.adapters.98.bias
Loading all parameter:  u_embedding.adapters.99.weight
Loading all parameter:  u_embedding.adapters.99.bias
Loading all parameter:  u_embedding.adapters.100.weight
Loading all parameter:  u_embedding.adapters.100.bias
Loading all parameter:  u_embedding.adapters.101.weight
Loading all parameter:  u_embedding.adapters.101.bias
Loading all parameter:  u_embedding.adapters.102.weight
Loading all parameter:  u_embedding.adapters.102.bias
Loading all parameter:  u_embedding.adapters.103.weight
Loading all parameter:  u_embedding.adapters.103.bias
Loading all parameter:  u_embedding.adapters.104.weight
Loading all parameter:  u_embedding.adapters.104.bias
Loading all parameter:  u_embedding.adapters.105.weight
Loading all parameter:  u_embedding.adapters.105.bias
Loading all parameter:  u_embedding.adapters.106.weight
Loading all parameter:  u_embedding.adapters.106.bias
Loading all parameter:  u_embedding.adapters.107.weight
Loading all parameter:  u_embedding.adapters.107.bias
Loading all parameter:  u_embedding.adapters.108.weight
Loading all parameter:  u_embedding.adapters.108.bias
Loading all parameter:  u_embedding.adapters.109.weight
Loading all parameter:  u_embedding.adapters.109.bias
Loading all parameter:  u_embedding.adapters.110.weight
Loading all parameter:  u_embedding.adapters.110.bias
Loading all parameter:  u_embedding.adapters.111.weight
Loading all parameter:  u_embedding.adapters.111.bias
Loading all parameter:  u_embedding.adapters.112.weight
Loading all parameter:  u_embedding.adapters.112.bias
Loading all parameter:  u_embedding.adapters.113.weight
Loading all parameter:  u_embedding.adapters.113.bias
Loading all parameter:  u_embedding.adapters.114.weight
Loading all parameter:  u_embedding.adapters.114.bias
Loading all parameter:  u_embedding.adapters.115.weight
Loading all parameter:  u_embedding.adapters.115.bias
Loading all parameter:  u_embedding.adapters.116.weight
Loading all parameter:  u_embedding.adapters.116.bias
Loading all parameter:  u_embedding.adapters.117.weight
Loading all parameter:  u_embedding.adapters.117.bias
Loading all parameter:  u_embedding.adapters.118.weight
Loading all parameter:  u_embedding.adapters.118.bias
Loading all parameter:  u_embedding.adapters.119.weight
Loading all parameter:  u_embedding.adapters.119.bias
Loading all parameter:  u_embedding.adapters.120.weight
Loading all parameter:  u_embedding.adapters.120.bias
Loading all parameter:  u_embedding.adapters.121.weight
Loading all parameter:  u_embedding.adapters.121.bias
Loading all parameter:  u_embedding.adapters.122.weight
Loading all parameter:  u_embedding.adapters.122.bias
Loading all parameter:  u_embedding.adapters.123.weight
Loading all parameter:  u_embedding.adapters.123.bias
Loading all parameter:  u_embedding.adapters.124.weight
Loading all parameter:  u_embedding.adapters.124.bias
Loading all parameter:  u_embedding.adapters.125.weight
Loading all parameter:  u_embedding.adapters.125.bias
Loading all parameter:  u_embedding.adapters.126.weight
Loading all parameter:  u_embedding.adapters.126.bias
Loading all parameter:  u_embedding.adapters.127.weight
Loading all parameter:  u_embedding.adapters.127.bias
Loading all parameter:  zs_embedding.0.weight
Loading all parameter:  zs_embedding.0.bias
Loading all parameter:  reid_projector.weight
Loading parameter:  reid_projector.weight
Loading all parameter:  bottlenect.weight
Loading all parameter:  bottlenect.bias
Loading all parameter:  bottlenect.running_mean
Loading all parameter:  bottlenect.running_var
Loading all parameter:  bottlenect.num_batches_tracked
Loading all parameter:  i2t_projector.weight
Loading all parameter:  i2t_projector.bias
orginal best rank1 = 0.823312462475341
=> Copy the checkpoint to the output folder
=> Start evaluation on Novel data without finetuning
=> Test pretarined feature form VLP model
Normalizing features
Normalizing features
Extracted features for query set, obtained torch.Size([2709, 1280]) matrix
Extracted features for gallery set, obtained torch.Size([2000, 1280]) matrix
Extracting features complete in 0m 2s
Distance computing in 0m 1s
Computing CMC and mAP
Positive values in distance matrix: 0
Negative values in distance matrix: 5418000
Adjusted 0 distances
Results ---------------------------------------------------
top1:34.1% top5:58.6% top10:69.7% top20:79.9% mAP:38.7%
-----------------------------------------------------------
Using 0m 1s
==========Test with latent_z: new_z =========
Extracted features for query set, obtained torch.Size([2709, 192]) matrix
Extracted features for gallery set, obtained torch.Size([2000, 192]) matrix
Extracting features complete in 0m 2s
Distance computing in 0m 1s
Positive values in distance matrix: 0
Negative values in distance matrix: 5418000
Adjusted 0 distances
Results ---------------------------------------------------
top1:11.6% top5:27.0% top10:35.3% top20:45.1% mAP:14.6%
-----------------------------------------------------------
Classification accuracy before cls-ranking: 9.1%
query accuracy after cls-ranking: 0.1%
gallery accuracy after cls-ranking: 0.0%
Classification accuracy after cls-ranking: 9.1%
query accuracy after cls-ranking: 0.1%
gallery accuracy after cls-ranking: 0.0%
Using 0m 2s
Classifier results ---------------------------------------------------
Query acc: 0.1% Gallery acc: 0.1% Total acc: 0.1%
==========Test with latent_z: z_c =========
Extracted features for query set, obtained torch.Size([2709, 128]) matrix
Extracted features for gallery set, obtained torch.Size([2000, 128]) matrix
Extracting features complete in 0m 2s
Distance computing in 0m 1s
Positive values in distance matrix: 22384
Negative values in distance matrix: 5395616
Adjusted 0 distances
Results ---------------------------------------------------
top1:11.6% top5:27.0% top10:35.7% top20:46.3% mAP:15.0%
-----------------------------------------------------------
Classification accuracy before cls-ranking: 9.7%
query accuracy after cls-ranking: 0.1%
gallery accuracy after cls-ranking: 0.1%
Classification accuracy after cls-ranking: 9.7%
query accuracy after cls-ranking: 0.1%
gallery accuracy after cls-ranking: 0.1%
Using 0m 2s
Classifier results ---------------------------------------------------
Query acc: 0.1% Gallery acc: 0.1% Total acc: 0.1%
=> Start training
Epoch:1 Time:8.8 Data:0.0 Loss:6.2476 Cls Loss:6.9145 Pair Loss:0.8147 Center Loss:1291.3584 KL Loss:6.0902 Recon Loss:0.1575 Acc:0.0015 
=> Current learning rate: 0.000200
Epoch:2 Time:8.4 Data:0.0 Loss:1.2838 Cls Loss:6.9197 Pair Loss:0.8131 Center Loss:1291.2293 KL Loss:1.1265 Recon Loss:0.1573 Acc:0.0008 
=> Current learning rate: 0.000400
Epoch:3 Time:8.0 Data:0.0 Loss:1.0731 Cls Loss:6.9167 Pair Loss:0.8100 Center Loss:1291.3748 KL Loss:0.9159 Recon Loss:0.1572 Acc:0.0015 
=> Current learning rate: 0.000600
Epoch:4 Time:8.3 Data:0.0 Loss:1.5419 Cls Loss:6.9131 Pair Loss:0.8122 Center Loss:1291.5817 KL Loss:1.3843 Recon Loss:0.1576 Acc:0.0025 
=> Current learning rate: 0.000800
Epoch:5 Time:8.4 Data:0.0 Loss:1.1400 Cls Loss:6.9187 Pair Loss:0.8165 Center Loss:1292.1562 KL Loss:0.9819 Recon Loss:0.1581 Acc:0.0005 
=> Test at epoch 5
==========Test with latent_z: z_c =========
Extracted features for query set, obtained torch.Size([2709, 128]) matrix
Extracted features for gallery set, obtained torch.Size([2000, 128]) matrix
Extracting features complete in 0m 1s
Distance computing in 0m 0s
Positive values in distance matrix: 4023
Negative values in distance matrix: 5413977
Adjusted 0 distances
Results ---------------------------------------------------
top1:12.0% top5:28.6% top10:37.8% top20:48.4% mAP:15.5%
-----------------------------------------------------------
Classification accuracy before cls-ranking: 13.7%
query accuracy after cls-ranking: 0.1%
gallery accuracy after cls-ranking: 0.1%
Classification accuracy after cls-ranking: 13.7%
query accuracy after cls-ranking: 0.1%
gallery accuracy after cls-ranking: 0.1%
Using 0m 2s
Classifier results ---------------------------------------------------
Query acc: 0.1% Gallery acc: 0.2% Total acc: 0.2%
=> Current learning rate: 0.001000
Epoch:6 Time:8.6 Data:0.0 Loss:0.9380 Cls Loss:6.9117 Pair Loss:0.8152 Center Loss:1291.5508 KL Loss:0.7801 Recon Loss:0.1579 Acc:0.0008 
=> Current learning rate: 0.001000
Epoch:7 Time:9.2 Data:0.0 Loss:0.8734 Cls Loss:6.9205 Pair Loss:0.8165 Center Loss:1292.6499 KL Loss:0.7160 Recon Loss:0.1574 Acc:0.0010 
=> Current learning rate: 0.001000
Epoch:8 Time:9.0 Data:0.0 Loss:0.6134 Cls Loss:6.9203 Pair Loss:0.8155 Center Loss:1292.8317 KL Loss:0.4561 Recon Loss:0.1573 Acc:0.0010 
=> Current learning rate: 0.001000
Epoch:9 Time:8.0 Data:0.0 Loss:0.6107 Cls Loss:6.9156 Pair Loss:0.8201 Center Loss:1293.0812 KL Loss:0.4530 Recon Loss:0.1577 Acc:0.0010 
=> Current learning rate: 0.001000
Epoch:10 Time:8.8 Data:0.0 Loss:0.5513 Cls Loss:6.9159 Pair Loss:0.8185 Center Loss:1293.2155 KL Loss:0.3918 Recon Loss:0.1594 Acc:0.0005 
Jump TSNE
=> Test at epoch 10
==========Test with latent_z: z_c =========
Extracted features for query set, obtained torch.Size([2709, 128]) matrix
Extracted features for gallery set, obtained torch.Size([2000, 128]) matrix
Extracting features complete in 0m 2s
Distance computing in 0m 0s
Positive values in distance matrix: 1
Negative values in distance matrix: 5417999
Adjusted 0 distances
Results ---------------------------------------------------
top1:15.0% top5:33.9% top10:45.5% top20:57.2% mAP:19.5%
-----------------------------------------------------------
Classification accuracy before cls-ranking: 30.2%
query accuracy after cls-ranking: 0.0%
gallery accuracy after cls-ranking: 0.0%
Classification accuracy after cls-ranking: 30.2%
query accuracy after cls-ranking: 0.0%
gallery accuracy after cls-ranking: 0.0%
Using 0m 2s
Classifier results ---------------------------------------------------
Query acc: 0.0% Gallery acc: 0.1% Total acc: 0.0%
=> Current learning rate: 0.001000
Epoch:11 Time:8.7 Data:0.0 Loss:0.5187 Cls Loss:6.9182 Pair Loss:0.8156 Center Loss:1293.2414 KL Loss:0.3608 Recon Loss:0.1579 Acc:0.0008 
=> Current learning rate: 0.001000
Epoch:12 Time:8.4 Data:0.0 Loss:0.5783 Cls Loss:6.9138 Pair Loss:0.8123 Center Loss:1292.8310 KL Loss:0.4203 Recon Loss:0.1579 Acc:0.0005 
=> Current learning rate: 0.001000
Epoch:13 Time:8.7 Data:0.0 Loss:0.6149 Cls Loss:6.9209 Pair Loss:0.8134 Center Loss:1293.2372 KL Loss:0.4569 Recon Loss:0.1580 Acc:0.0003 
=> Current learning rate: 0.001000
Epoch:14 Time:8.8 Data:0.0 Loss:0.6312 Cls Loss:6.9173 Pair Loss:0.8108 Center Loss:1293.2405 KL Loss:0.4740 Recon Loss:0.1572 Acc:0.0013 
=> Current learning rate: 0.001000
Epoch:15 Time:9.0 Data:0.0 Loss:0.4742 Cls Loss:6.9175 Pair Loss:0.8098 Center Loss:1292.9786 KL Loss:0.3166 Recon Loss:0.1576 Acc:0.0008 
=> Test at epoch 15
==========Test with latent_z: z_c =========
Extracted features for query set, obtained torch.Size([2709, 128]) matrix
Extracted features for gallery set, obtained torch.Size([2000, 128]) matrix
Extracting features complete in 0m 2s
Distance computing in 0m 1s
Positive values in distance matrix: 0
Negative values in distance matrix: 5418000
Adjusted 0 distances
Results ---------------------------------------------------
top1:16.8% top5:38.1% top10:48.7% top20:60.5% mAP:21.6%
-----------------------------------------------------------
Classification accuracy before cls-ranking: 42.6%
query accuracy after cls-ranking: 0.0%
gallery accuracy after cls-ranking: 0.0%
Classification accuracy after cls-ranking: 42.6%
query accuracy after cls-ranking: 0.0%
gallery accuracy after cls-ranking: 0.0%
Using 0m 2s
Classifier results ---------------------------------------------------
Query acc: 0.0% Gallery acc: 0.0% Total acc: 0.0%
=> Current learning rate: 0.001000
Epoch:16 Time:10.4 Data:0.0 Loss:0.4280 Cls Loss:6.9184 Pair Loss:0.8136 Center Loss:1293.0566 KL Loss:0.2706 Recon Loss:0.1574 Acc:0.0005 
=> Current learning rate: 0.001000
Epoch:17 Time:12.9 Data:0.0 Loss:0.4618 Cls Loss:6.9121 Pair Loss:0.8131 Center Loss:1292.9518 KL Loss:0.3040 Recon Loss:0.1578 Acc:0.0005 
=> Current learning rate: 0.001000
Epoch:18 Time:11.1 Data:0.0 Loss:0.5121 Cls Loss:6.9153 Pair Loss:0.8094 Center Loss:1293.0798 KL Loss:0.3545 Recon Loss:0.1576 Acc:0.0010 
=> Current learning rate: 0.001000
Epoch:19 Time:11.6 Data:0.0 Loss:0.4817 Cls Loss:6.9183 Pair Loss:0.8105 Center Loss:1292.7748 KL Loss:0.3241 Recon Loss:0.1576 Acc:0.0008 
=> Current learning rate: 0.001000
Epoch:20 Time:13.8 Data:0.0 Loss:0.5139 Cls Loss:6.9163 Pair Loss:0.8088 Center Loss:1293.1179 KL Loss:0.3563 Recon Loss:0.1577 Acc:0.0010 
Jump TSNE
=> Test at epoch 20
==========Test with latent_z: z_c =========
Extracted features for query set, obtained torch.Size([2709, 128]) matrix
Extracted features for gallery set, obtained torch.Size([2000, 128]) matrix
Extracting features complete in 0m 2s
Distance computing in 0m 0s
Positive values in distance matrix: 1
Negative values in distance matrix: 5417999
Adjusted 0 distances
Results ---------------------------------------------------
top1:18.6% top5:38.4% top10:49.7% top20:61.9% mAP:22.7%
-----------------------------------------------------------
Classification accuracy before cls-ranking: 51.3%
query accuracy after cls-ranking: 0.2%
gallery accuracy after cls-ranking: 0.3%
Classification accuracy after cls-ranking: 51.3%
query accuracy after cls-ranking: 0.2%
gallery accuracy after cls-ranking: 0.3%
Using 0m 2s
Classifier results ---------------------------------------------------
Query acc: 0.2% Gallery acc: 0.1% Total acc: 0.2%
=> Current learning rate: 0.001000
Epoch:21 Time:11.7 Data:0.0 Loss:0.5390 Cls Loss:6.9174 Pair Loss:0.8069 Center Loss:1292.9158 KL Loss:0.3816 Recon Loss:0.1574 Acc:0.0000 
=> Current learning rate: 0.001000
Epoch:22 Time:10.1 Data:0.0 Loss:0.4629 Cls Loss:6.9177 Pair Loss:0.8028 Center Loss:1292.6923 KL Loss:0.3056 Recon Loss:0.1573 Acc:0.0010 
=> Current learning rate: 0.001000
Epoch:23 Time:10.1 Data:0.0 Loss:0.5213 Cls Loss:6.9161 Pair Loss:0.8075 Center Loss:1292.6124 KL Loss:0.3638 Recon Loss:0.1575 Acc:0.0025 
=> Current learning rate: 0.001000
Epoch:24 Time:13.4 Data:0.0 Loss:0.5143 Cls Loss:6.9160 Pair Loss:0.8069 Center Loss:1292.3525 KL Loss:0.3572 Recon Loss:0.1571 Acc:0.0020 
=> Current learning rate: 0.001000
Epoch:25 Time:10.5 Data:0.0 Loss:0.5301 Cls Loss:6.9170 Pair Loss:0.8054 Center Loss:1292.3058 KL Loss:0.3731 Recon Loss:0.1570 Acc:0.0028 
=> Test at epoch 25
==========Test with latent_z: z_c =========
Extracted features for query set, obtained torch.Size([2709, 128]) matrix
Extracted features for gallery set, obtained torch.Size([2000, 128]) matrix
Extracting features complete in 0m 2s
Distance computing in 0m 1s
Positive values in distance matrix: 0
Negative values in distance matrix: 5418000
Adjusted 0 distances
Results ---------------------------------------------------
top1:17.5% top5:36.3% top10:48.9% top20:60.1% mAP:22.0%
-----------------------------------------------------------
Classification accuracy before cls-ranking: 43.6%
query accuracy after cls-ranking: 0.1%
gallery accuracy after cls-ranking: 0.0%
Classification accuracy after cls-ranking: 43.6%
query accuracy after cls-ranking: 0.1%
gallery accuracy after cls-ranking: 0.0%
Using 0m 1s
Classifier results ---------------------------------------------------
Query acc: 0.1% Gallery acc: 0.1% Total acc: 0.1%
=> Current learning rate: 0.001000
Epoch:26 Time:10.6 Data:0.0 Loss:0.5652 Cls Loss:6.9163 Pair Loss:0.8079 Center Loss:1292.7167 KL Loss:0.4080 Recon Loss:0.1572 Acc:0.0008 
=> Current learning rate: 0.001000
Epoch:27 Time:11.5 Data:0.0 Loss:0.4964 Cls Loss:6.9222 Pair Loss:0.8072 Center Loss:1292.6943 KL Loss:0.3397 Recon Loss:0.1567 Acc:0.0008 
=> Current learning rate: 0.001000
Epoch:28 Time:12.3 Data:0.0 Loss:0.5444 Cls Loss:6.9218 Pair Loss:0.8049 Center Loss:1292.6929 KL Loss:0.3876 Recon Loss:0.1568 Acc:0.0005 
=> Current learning rate: 0.001000
Epoch:29 Time:10.3 Data:0.0 Loss:0.5570 Cls Loss:6.9195 Pair Loss:0.8051 Center Loss:1292.5859 KL Loss:0.4000 Recon Loss:0.1570 Acc:0.0005 
=> Current learning rate: 0.001000
Epoch:30 Time:12.2 Data:0.0 Loss:0.5660 Cls Loss:6.9178 Pair Loss:0.8077 Center Loss:1292.5898 KL Loss:0.4090 Recon Loss:0.1570 Acc:0.0003 
Jump TSNE
=> Test at epoch 30
==========Test with latent_z: z_c =========
Extracted features for query set, obtained torch.Size([2709, 128]) matrix
Extracted features for gallery set, obtained torch.Size([2000, 128]) matrix
Extracting features complete in 0m 3s
Distance computing in 0m 0s
Positive values in distance matrix: 6
Negative values in distance matrix: 5417994
Adjusted 0 distances
Results ---------------------------------------------------
top1:17.5% top5:37.9% top10:48.6% top20:60.6% mAP:22.2%
-----------------------------------------------------------
Classification accuracy before cls-ranking: 47.8%
query accuracy after cls-ranking: 0.2%
gallery accuracy after cls-ranking: 0.1%
Classification accuracy after cls-ranking: 47.8%
query accuracy after cls-ranking: 0.2%
gallery accuracy after cls-ranking: 0.1%
Using 0m 2s
Classifier results ---------------------------------------------------
Query acc: 0.2% Gallery acc: 0.1% Total acc: 0.1%
=> Current learning rate: 0.001000
Epoch:31 Time:11.1 Data:0.0 Loss:0.6435 Cls Loss:6.9177 Pair Loss:0.7997 Center Loss:1292.5359 KL Loss:0.4861 Recon Loss:0.1574 Acc:0.0005 
=> Current learning rate: 0.001000
Epoch:32 Time:10.2 Data:0.0 Loss:0.5587 Cls Loss:6.9231 Pair Loss:0.7985 Center Loss:1292.6132 KL Loss:0.4019 Recon Loss:0.1568 Acc:0.0020 
=> Current learning rate: 0.001000
Epoch:33 Time:10.8 Data:0.0 Loss:0.6408 Cls Loss:6.9173 Pair Loss:0.7980 Center Loss:1292.2162 KL Loss:0.4837 Recon Loss:0.1570 Acc:0.0008 
=> Current learning rate: 0.001000
Epoch:34 Time:12.0 Data:0.0 Loss:0.6318 Cls Loss:6.9195 Pair Loss:0.8040 Center Loss:1292.3577 KL Loss:0.4752 Recon Loss:0.1566 Acc:0.0005 
=> Current learning rate: 0.001000
Epoch:35 Time:10.9 Data:0.0 Loss:0.6072 Cls Loss:6.9127 Pair Loss:0.7974 Center Loss:1292.0511 KL Loss:0.4503 Recon Loss:0.1568 Acc:0.0003 
=> Test at epoch 35
==========Test with latent_z: z_c =========
Extracted features for query set, obtained torch.Size([2709, 128]) matrix
Extracted features for gallery set, obtained torch.Size([2000, 128]) matrix
Extracting features complete in 0m 2s
Distance computing in 0m 0s
Positive values in distance matrix: 4
Negative values in distance matrix: 5417996
Adjusted 0 distances
Results ---------------------------------------------------
top1:17.9% top5:36.7% top10:48.4% top20:59.3% mAP:22.0%
-----------------------------------------------------------
Classification accuracy before cls-ranking: 48.9%
query accuracy after cls-ranking: 0.1%
gallery accuracy after cls-ranking: 0.0%
Classification accuracy after cls-ranking: 48.9%
query accuracy after cls-ranking: 0.1%
gallery accuracy after cls-ranking: 0.0%
Using 0m 2s
Classifier results ---------------------------------------------------
Query acc: 0.1% Gallery acc: 0.2% Total acc: 0.1%
=> Current learning rate: 0.001000
Epoch:36 Time:10.1 Data:0.0 Loss:0.6263 Cls Loss:6.9197 Pair Loss:0.7995 Center Loss:1292.0924 KL Loss:0.4697 Recon Loss:0.1566 Acc:0.0008 
=> Current learning rate: 0.001000
Epoch:37 Time:9.9 Data:0.0 Loss:0.6747 Cls Loss:6.9188 Pair Loss:0.7944 Center Loss:1292.0674 KL Loss:0.5180 Recon Loss:0.1566 Acc:0.0013 
=> Current learning rate: 0.001000
Epoch:38 Time:12.9 Data:0.0 Loss:0.5913 Cls Loss:6.9183 Pair Loss:0.8009 Center Loss:1292.0018 KL Loss:0.4344 Recon Loss:0.1568 Acc:0.0010 
=> Current learning rate: 0.001000
Epoch:39 Time:12.8 Data:0.0 Loss:0.6026 Cls Loss:6.9131 Pair Loss:0.8026 Center Loss:1291.6198 KL Loss:0.4460 Recon Loss:0.1565 Acc:0.0005 
=> Current learning rate: 0.001000
Epoch:40 Time:11.9 Data:0.0 Loss:0.7105 Cls Loss:6.9171 Pair Loss:0.7952 Center Loss:1291.4698 KL Loss:0.5539 Recon Loss:0.1566 Acc:0.0010 
Jump TSNE
=> Test at epoch 40
==========Test with latent_z: z_c =========
Extracted features for query set, obtained torch.Size([2709, 128]) matrix
Extracted features for gallery set, obtained torch.Size([2000, 128]) matrix
Extracting features complete in 0m 2s
Distance computing in 0m 0s
Positive values in distance matrix: 0
Negative values in distance matrix: 5418000
Adjusted 0 distances
Results ---------------------------------------------------
top1:18.1% top5:38.8% top10:49.6% top20:61.0% mAP:22.6%
-----------------------------------------------------------
Classification accuracy before cls-ranking: 51.6%
query accuracy after cls-ranking: 0.1%
gallery accuracy after cls-ranking: 0.0%
Classification accuracy after cls-ranking: 51.6%
query accuracy after cls-ranking: 0.1%
gallery accuracy after cls-ranking: 0.0%
Using 0m 3s
Classifier results ---------------------------------------------------
Query acc: 0.1% Gallery acc: 0.2% Total acc: 0.1%
=> Current learning rate: 0.001000
Epoch:41 Time:9.2 Data:0.0 Loss:0.7003 Cls Loss:6.9184 Pair Loss:0.7934 Center Loss:1291.5864 KL Loss:0.5434 Recon Loss:0.1569 Acc:0.0015 
=> Current learning rate: 0.001000
Epoch:42 Time:12.3 Data:0.0 Loss:0.7755 Cls Loss:6.9174 Pair Loss:0.8031 Center Loss:1292.1076 KL Loss:0.6178 Recon Loss:0.1578 Acc:0.0010 
=> Current learning rate: 0.001000
Epoch:43 Time:14.0 Data:0.0 Loss:0.7829 Cls Loss:6.9164 Pair Loss:0.7957 Center Loss:1291.6452 KL Loss:0.6253 Recon Loss:0.1576 Acc:0.0008 
=> Current learning rate: 0.001000
Epoch:44 Time:12.9 Data:0.0 Loss:0.6638 Cls Loss:6.9190 Pair Loss:0.8044 Center Loss:1291.8397 KL Loss:0.5059 Recon Loss:0.1579 Acc:0.0008 
=> Current learning rate: 0.001000
Epoch:45 Time:12.4 Data:0.0 Loss:0.6800 Cls Loss:6.9188 Pair Loss:0.7933 Center Loss:1291.5282 KL Loss:0.5225 Recon Loss:0.1575 Acc:0.0005 
=> Test at epoch 45
==========Test with latent_z: z_c =========
Extracted features for query set, obtained torch.Size([2709, 128]) matrix
Extracted features for gallery set, obtained torch.Size([2000, 128]) matrix
Extracting features complete in 0m 2s
Distance computing in 0m 1s
Positive values in distance matrix: 0
Negative values in distance matrix: 5418000
Adjusted 0 distances
Results ---------------------------------------------------
top1:18.3% top5:38.8% top10:49.9% top20:61.8% mAP:22.9%
-----------------------------------------------------------
Classification accuracy before cls-ranking: 59.9%
query accuracy after cls-ranking: 0.1%
gallery accuracy after cls-ranking: 0.0%
Classification accuracy after cls-ranking: 59.9%
query accuracy after cls-ranking: 0.1%
gallery accuracy after cls-ranking: 0.0%
Using 0m 2s
Classifier results ---------------------------------------------------
Query acc: 0.1% Gallery acc: 0.1% Total acc: 0.1%
=> Current learning rate: 0.001000
Epoch:46 Time:11.2 Data:0.0 Loss:0.6449 Cls Loss:6.9150 Pair Loss:0.7928 Center Loss:1291.4049 KL Loss:0.4876 Recon Loss:0.1572 Acc:0.0008 
=> Current learning rate: 0.001000
Epoch:47 Time:11.3 Data:0.0 Loss:0.6773 Cls Loss:6.9150 Pair Loss:0.7959 Center Loss:1291.5361 KL Loss:0.5201 Recon Loss:0.1572 Acc:0.0008 
=> Current learning rate: 0.001000
Epoch:48 Time:12.1 Data:0.0 Loss:0.7597 Cls Loss:6.9159 Pair Loss:0.7942 Center Loss:1291.3720 KL Loss:0.6023 Recon Loss:0.1573 Acc:0.0018 
=> Current learning rate: 0.001000
Epoch:49 Time:8.5 Data:0.0 Loss:0.7033 Cls Loss:6.9194 Pair Loss:0.7977 Center Loss:1291.5813 KL Loss:0.5462 Recon Loss:0.1571 Acc:0.0010 
=> Current learning rate: 0.001000
Epoch:50 Time:12.3 Data:0.0 Loss:0.7331 Cls Loss:6.9189 Pair Loss:0.7959 Center Loss:1291.3737 KL Loss:0.5759 Recon Loss:0.1572 Acc:0.0010 
Jump TSNE
=> Test at epoch 50
==========Test with latent_z: z_c =========
Extracted features for query set, obtained torch.Size([2709, 128]) matrix
Extracted features for gallery set, obtained torch.Size([2000, 128]) matrix
Extracting features complete in 0m 2s
Distance computing in 0m 0s
Positive values in distance matrix: 1
Negative values in distance matrix: 5417999
Adjusted 0 distances
Results ---------------------------------------------------
top1:18.3% top5:38.1% top10:49.7% top20:60.2% mAP:23.1%
-----------------------------------------------------------
Classification accuracy before cls-ranking: 53.6%
query accuracy after cls-ranking: 0.1%
gallery accuracy after cls-ranking: 0.0%
Classification accuracy after cls-ranking: 53.6%
query accuracy after cls-ranking: 0.1%
gallery accuracy after cls-ranking: 0.0%
Using 0m 2s
Classifier results ---------------------------------------------------
Query acc: 0.1% Gallery acc: 0.0% Total acc: 0.0%
=> Current learning rate: 0.001000
Epoch:51 Time:10.2 Data:0.0 Loss:0.6558 Cls Loss:6.9140 Pair Loss:0.7946 Center Loss:1291.2186 KL Loss:0.4986 Recon Loss:0.1572 Acc:0.0013 
=> Current learning rate: 0.001000
Epoch:52 Time:10.2 Data:0.0 Loss:0.6371 Cls Loss:6.9178 Pair Loss:0.7937 Center Loss:1291.2059 KL Loss:0.4802 Recon Loss:0.1569 Acc:0.0008 
=> Current learning rate: 0.001000
Epoch:53 Time:10.1 Data:0.0 Loss:0.7660 Cls Loss:6.9209 Pair Loss:0.7907 Center Loss:1291.2954 KL Loss:0.6091 Recon Loss:0.1569 Acc:0.0008 
=> Current learning rate: 0.001000
Epoch:54 Time:12.2 Data:0.0 Loss:0.7721 Cls Loss:6.9167 Pair Loss:0.7913 Center Loss:1291.3238 KL Loss:0.6146 Recon Loss:0.1575 Acc:0.0008 
=> Current learning rate: 0.001000
Epoch:55 Time:10.4 Data:0.0 Loss:0.7596 Cls Loss:6.9151 Pair Loss:0.7899 Center Loss:1291.0938 KL Loss:0.6022 Recon Loss:0.1574 Acc:0.0013 
=> Test at epoch 55
==========Test with latent_z: z_c =========
Extracted features for query set, obtained torch.Size([2709, 128]) matrix
Extracted features for gallery set, obtained torch.Size([2000, 128]) matrix
Extracting features complete in 0m 2s
Distance computing in 0m 0s
Positive values in distance matrix: 11
Negative values in distance matrix: 5417989
Adjusted 0 distances
Results ---------------------------------------------------
top1:17.6% top5:37.9% top10:48.5% top20:60.8% mAP:22.9%
-----------------------------------------------------------
Classification accuracy before cls-ranking: 50.9%
query accuracy after cls-ranking: 0.1%
gallery accuracy after cls-ranking: 0.0%
Classification accuracy after cls-ranking: 50.9%
query accuracy after cls-ranking: 0.1%
gallery accuracy after cls-ranking: 0.0%
Using 0m 3s
Classifier results ---------------------------------------------------
Query acc: 0.1% Gallery acc: 0.1% Total acc: 0.1%
=> Current learning rate: 0.001000
Epoch:56 Time:11.7 Data:0.0 Loss:0.9394 Cls Loss:6.9186 Pair Loss:0.7924 Center Loss:1291.1021 KL Loss:0.7818 Recon Loss:0.1576 Acc:0.0010 
=> Current learning rate: 0.001000
Epoch:57 Time:11.9 Data:0.0 Loss:0.7988 Cls Loss:6.9084 Pair Loss:0.7950 Center Loss:1291.1808 KL Loss:0.6397 Recon Loss:0.1592 Acc:0.0015 
=> Current learning rate: 0.001000
Epoch:58 Time:11.4 Data:0.0 Loss:0.9424 Cls Loss:6.9120 Pair Loss:0.7884 Center Loss:1291.1807 KL Loss:0.7847 Recon Loss:0.1576 Acc:0.0013 
=> Current learning rate: 0.001000
Epoch:59 Time:12.5 Data:0.0 Loss:0.9815 Cls Loss:6.9143 Pair Loss:0.7937 Center Loss:1291.1102 KL Loss:0.8228 Recon Loss:0.1587 Acc:0.0005 
=> Current learning rate: 0.001000
Epoch:60 Time:12.2 Data:0.0 Loss:0.7451 Cls Loss:6.9160 Pair Loss:0.7903 Center Loss:1290.6564 KL Loss:0.5873 Recon Loss:0.1578 Acc:0.0015 
Jump TSNE
=> Test at epoch 60
==========Test with latent_z: z_c =========
Extracted features for query set, obtained torch.Size([2709, 128]) matrix
Extracted features for gallery set, obtained torch.Size([2000, 128]) matrix
Extracting features complete in 0m 2s
Distance computing in 0m 0s
Positive values in distance matrix: 0
Negative values in distance matrix: 5418000
Adjusted 0 distances
Results ---------------------------------------------------
top1:18.4% top5:39.0% top10:49.4% top20:61.7% mAP:23.1%
-----------------------------------------------------------
Classification accuracy before cls-ranking: 40.6%
query accuracy after cls-ranking: 0.0%
gallery accuracy after cls-ranking: 0.0%
Classification accuracy after cls-ranking: 40.6%
query accuracy after cls-ranking: 0.0%
gallery accuracy after cls-ranking: 0.0%
Using 0m 2s
Classifier results ---------------------------------------------------
Query acc: 0.0% Gallery acc: 0.0% Total acc: 0.0%
=> Current learning rate: 0.001000
Epoch:61 Time:11.1 Data:0.0 Loss:1.0113 Cls Loss:6.9143 Pair Loss:0.7928 Center Loss:1290.8711 KL Loss:0.8534 Recon Loss:0.1579 Acc:0.0010 
=> Current learning rate: 0.000100
Epoch:62 Time:10.0 Data:0.0 Loss:0.7341 Cls Loss:6.9130 Pair Loss:0.7908 Center Loss:1290.9735 KL Loss:0.5765 Recon Loss:0.1576 Acc:0.0005 
=> Current learning rate: 0.000100
Epoch:63 Time:10.7 Data:0.0 Loss:0.6392 Cls Loss:6.9174 Pair Loss:0.7890 Center Loss:1291.1501 KL Loss:0.4817 Recon Loss:0.1575 Acc:0.0005 
=> Current learning rate: 0.000100
Epoch:64 Time:13.2 Data:0.0 Loss:0.6758 Cls Loss:6.9181 Pair Loss:0.7869 Center Loss:1290.9187 KL Loss:0.5186 Recon Loss:0.1572 Acc:0.0013 
=> Current learning rate: 0.000100
Epoch:65 Time:12.7 Data:0.0 Loss:0.6911 Cls Loss:6.9156 Pair Loss:0.7867 Center Loss:1290.9710 KL Loss:0.5341 Recon Loss:0.1571 Acc:0.0010 
=> Test at epoch 65
==========Test with latent_z: z_c =========
Extracted features for query set, obtained torch.Size([2709, 128]) matrix
Extracted features for gallery set, obtained torch.Size([2000, 128]) matrix
Extracting features complete in 0m 2s
Distance computing in 0m 0s
Positive values in distance matrix: 0
Negative values in distance matrix: 5418000
Adjusted 0 distances
Results ---------------------------------------------------
top1:18.0% top5:39.1% top10:49.8% top20:61.9% mAP:23.1%
-----------------------------------------------------------
Classification accuracy before cls-ranking: 43.5%
query accuracy after cls-ranking: 0.1%
gallery accuracy after cls-ranking: 0.0%
Classification accuracy after cls-ranking: 43.5%
query accuracy after cls-ranking: 0.1%
gallery accuracy after cls-ranking: 0.0%
Using 0m 2s
Classifier results ---------------------------------------------------
Query acc: 0.1% Gallery acc: 0.1% Total acc: 0.1%
=> Current learning rate: 0.000100
Epoch:66 Time:9.8 Data:0.0 Loss:0.7348 Cls Loss:6.9145 Pair Loss:0.7909 Center Loss:1291.0576 KL Loss:0.5779 Recon Loss:0.1569 Acc:0.0015 
=> Current learning rate: 0.000100
Epoch:67 Time:10.3 Data:0.0 Loss:0.6902 Cls Loss:6.9138 Pair Loss:0.7850 Center Loss:1290.8376 KL Loss:0.5336 Recon Loss:0.1567 Acc:0.0008 
=> Current learning rate: 0.000100
Epoch:68 Time:12.9 Data:0.0 Loss:0.8147 Cls Loss:6.9130 Pair Loss:0.7862 Center Loss:1290.6928 KL Loss:0.6581 Recon Loss:0.1566 Acc:0.0015 
=> Current learning rate: 0.000100
Epoch:69 Time:12.8 Data:0.0 Loss:0.7927 Cls Loss:6.9187 Pair Loss:0.7883 Center Loss:1290.5732 KL Loss:0.6362 Recon Loss:0.1565 Acc:0.0015 
=> Current learning rate: 0.000100
Epoch:70 Time:10.4 Data:0.0 Loss:0.6497 Cls Loss:6.9168 Pair Loss:0.7923 Center Loss:1290.9621 KL Loss:0.4935 Recon Loss:0.1563 Acc:0.0015 
Jump TSNE
=> Test at epoch 70
==========Test with latent_z: z_c =========
Extracted features for query set, obtained torch.Size([2709, 128]) matrix
Extracted features for gallery set, obtained torch.Size([2000, 128]) matrix
Extracting features complete in 0m 2s
Distance computing in 0m 0s
Positive values in distance matrix: 0
Negative values in distance matrix: 5418000
Adjusted 0 distances
Results ---------------------------------------------------
top1:17.8% top5:39.3% top10:50.2% top20:62.3% mAP:23.1%
-----------------------------------------------------------
Classification accuracy before cls-ranking: 45.1%
query accuracy after cls-ranking: 0.1%
gallery accuracy after cls-ranking: 0.0%
Classification accuracy after cls-ranking: 45.1%
query accuracy after cls-ranking: 0.1%
gallery accuracy after cls-ranking: 0.0%
Using 0m 2s
Classifier results ---------------------------------------------------
Query acc: 0.1% Gallery acc: 0.1% Total acc: 0.1%
=> Current learning rate: 0.000100
Epoch:71 Time:10.6 Data:0.0 Loss:0.7607 Cls Loss:6.9195 Pair Loss:0.7844 Center Loss:1290.6773 KL Loss:0.6047 Recon Loss:0.1561 Acc:0.0010 
=> Current learning rate: 0.000100
Epoch:72 Time:11.2 Data:0.0 Loss:0.6954 Cls Loss:6.9136 Pair Loss:0.7858 Center Loss:1290.5916 KL Loss:0.5396 Recon Loss:0.1558 Acc:0.0018 
=> Current learning rate: 0.000100
Epoch:73 Time:13.0 Data:0.0 Loss:0.7400 Cls Loss:6.9187 Pair Loss:0.7847 Center Loss:1290.4852 KL Loss:0.5842 Recon Loss:0.1558 Acc:0.0013 
=> Current learning rate: 0.000100
Epoch:74 Time:12.6 Data:0.0 Loss:0.8166 Cls Loss:6.9132 Pair Loss:0.7889 Center Loss:1290.6379 KL Loss:0.6611 Recon Loss:0.1556 Acc:0.0028 
=> Current learning rate: 0.000100
Epoch:75 Time:9.9 Data:0.0 Loss:0.7691 Cls Loss:6.9171 Pair Loss:0.7804 Center Loss:1291.0327 KL Loss:0.6137 Recon Loss:0.1554 Acc:0.0005 
=> Test at epoch 75
==========Test with latent_z: z_c =========
Extracted features for query set, obtained torch.Size([2709, 128]) matrix
Extracted features for gallery set, obtained torch.Size([2000, 128]) matrix
Extracting features complete in 0m 2s
Distance computing in 0m 0s
Positive values in distance matrix: 0
Negative values in distance matrix: 5418000
Adjusted 0 distances
Results ---------------------------------------------------
top1:18.1% top5:39.2% top10:49.8% top20:62.6% mAP:23.1%
-----------------------------------------------------------
Classification accuracy before cls-ranking: 44.6%
query accuracy after cls-ranking: 0.1%
gallery accuracy after cls-ranking: 0.0%
Classification accuracy after cls-ranking: 44.6%
query accuracy after cls-ranking: 0.1%
gallery accuracy after cls-ranking: 0.0%
Using 0m 4s
Classifier results ---------------------------------------------------
Query acc: 0.1% Gallery acc: 0.1% Total acc: 0.1%
=> Current learning rate: 0.000100
Epoch:76 Time:10.6 Data:0.0 Loss:0.6612 Cls Loss:6.9142 Pair Loss:0.7873 Center Loss:1290.7367 KL Loss:0.5060 Recon Loss:0.1552 Acc:0.0010 
=> Current learning rate: 0.000100
Epoch:77 Time:12.3 Data:0.0 Loss:0.7766 Cls Loss:6.9195 Pair Loss:0.7854 Center Loss:1290.6713 KL Loss:0.6215 Recon Loss:0.1551 Acc:0.0005 
=> Current learning rate: 0.000100
Epoch:78 Time:10.9 Data:0.0 Loss:0.7787 Cls Loss:6.9105 Pair Loss:0.7891 Center Loss:1290.8471 KL Loss:0.6236 Recon Loss:0.1551 Acc:0.0008 
=> Current learning rate: 0.000100
Epoch:79 Time:12.1 Data:0.0 Loss:0.6708 Cls Loss:6.9201 Pair Loss:0.7864 Center Loss:1290.7926 KL Loss:0.5159 Recon Loss:0.1549 Acc:0.0008 
=> Current learning rate: 0.000100
Epoch:80 Time:11.0 Data:0.0 Loss:0.7233 Cls Loss:6.9179 Pair Loss:0.7953 Center Loss:1290.8010 KL Loss:0.5684 Recon Loss:0.1549 Acc:0.0010 
Jump TSNE
=> Test at epoch 80
==========Test with latent_z: z_c =========
Extracted features for query set, obtained torch.Size([2709, 128]) matrix
Extracted features for gallery set, obtained torch.Size([2000, 128]) matrix
Extracting features complete in 0m 2s
Distance computing in 0m 0s
Positive values in distance matrix: 0
Negative values in distance matrix: 5418000
Adjusted 0 distances
Results ---------------------------------------------------
top1:18.2% top5:39.2% top10:50.2% top20:62.6% mAP:23.2%
-----------------------------------------------------------
Classification accuracy before cls-ranking: 45.1%
query accuracy after cls-ranking: 0.1%
gallery accuracy after cls-ranking: 0.0%
Classification accuracy after cls-ranking: 45.1%
query accuracy after cls-ranking: 0.1%
gallery accuracy after cls-ranking: 0.0%
Using 0m 3s
Classifier results ---------------------------------------------------
Query acc: 0.1% Gallery acc: 0.1% Total acc: 0.1%
=> Current learning rate: 0.000100
Epoch:81 Time:11.3 Data:0.0 Loss:0.7570 Cls Loss:6.9146 Pair Loss:0.7846 Center Loss:1290.4210 KL Loss:0.6022 Recon Loss:0.1548 Acc:0.0010 
=> Current learning rate: 0.000100
Epoch:82 Time:14.4 Data:0.0 Loss:0.7473 Cls Loss:6.9138 Pair Loss:0.7859 Center Loss:1290.7335 KL Loss:0.5926 Recon Loss:0.1547 Acc:0.0018 
=> Current learning rate: 0.000100
Epoch:83 Time:12.7 Data:0.0 Loss:0.8054 Cls Loss:6.9142 Pair Loss:0.7788 Center Loss:1290.7699 KL Loss:0.6507 Recon Loss:0.1546 Acc:0.0018 
=> Current learning rate: 0.000100
Epoch:84 Time:12.8 Data:0.0 Loss:0.7494 Cls Loss:6.9160 Pair Loss:0.7868 Center Loss:1290.4849 KL Loss:0.5949 Recon Loss:0.1544 Acc:0.0003 
=> Current learning rate: 0.000100
Epoch:85 Time:11.1 Data:0.0 Loss:0.7746 Cls Loss:6.9203 Pair Loss:0.7831 Center Loss:1290.4399 KL Loss:0.6202 Recon Loss:0.1543 Acc:0.0013 
=> Test at epoch 85
==========Test with latent_z: z_c =========
Extracted features for query set, obtained torch.Size([2709, 128]) matrix
Extracted features for gallery set, obtained torch.Size([2000, 128]) matrix
Extracting features complete in 0m 2s
Distance computing in 0m 0s
Positive values in distance matrix: 0
Negative values in distance matrix: 5418000
Adjusted 0 distances
Results ---------------------------------------------------
top1:18.2% top5:39.4% top10:50.1% top20:62.6% mAP:23.2%
-----------------------------------------------------------
Classification accuracy before cls-ranking: 45.4%
query accuracy after cls-ranking: 0.1%
gallery accuracy after cls-ranking: 0.0%
Classification accuracy after cls-ranking: 45.4%
query accuracy after cls-ranking: 0.1%
gallery accuracy after cls-ranking: 0.0%
Using 0m 3s
Classifier results ---------------------------------------------------
Query acc: 0.1% Gallery acc: 0.1% Total acc: 0.1%
=> Current learning rate: 0.000100
Epoch:86 Time:9.8 Data:0.0 Loss:0.6992 Cls Loss:6.9141 Pair Loss:0.7890 Center Loss:1290.7606 KL Loss:0.5450 Recon Loss:0.1542 Acc:0.0013 
=> Current learning rate: 0.000100
Epoch:87 Time:12.0 Data:0.0 Loss:0.7241 Cls Loss:6.9209 Pair Loss:0.7867 Center Loss:1290.5993 KL Loss:0.5698 Recon Loss:0.1543 Acc:0.0020 
=> Current learning rate: 0.000100
Epoch:88 Time:10.4 Data:0.0 Loss:0.7635 Cls Loss:6.9207 Pair Loss:0.7877 Center Loss:1290.4861 KL Loss:0.6093 Recon Loss:0.1542 Acc:0.0010 
=> Current learning rate: 0.000100
Epoch:89 Time:9.4 Data:0.0 Loss:0.7279 Cls Loss:6.9179 Pair Loss:0.7860 Center Loss:1290.7554 KL Loss:0.5735 Recon Loss:0.1544 Acc:0.0013 
=> Current learning rate: 0.000100
Epoch:90 Time:10.2 Data:0.0 Loss:0.6941 Cls Loss:6.9187 Pair Loss:0.7823 Center Loss:1290.5773 KL Loss:0.5398 Recon Loss:0.1543 Acc:0.0008 
Jump TSNE
=> Test at epoch 90
==========Test with latent_z: z_c =========
Extracted features for query set, obtained torch.Size([2709, 128]) matrix
Extracted features for gallery set, obtained torch.Size([2000, 128]) matrix
Extracting features complete in 0m 3s
Distance computing in 0m 0s
Positive values in distance matrix: 0
Negative values in distance matrix: 5418000
Adjusted 0 distances
Results ---------------------------------------------------
top1:18.2% top5:39.3% top10:50.2% top20:62.3% mAP:23.3%
-----------------------------------------------------------
Classification accuracy before cls-ranking: 44.7%
query accuracy after cls-ranking: 0.1%
gallery accuracy after cls-ranking: 0.0%
Classification accuracy after cls-ranking: 44.7%
query accuracy after cls-ranking: 0.1%
gallery accuracy after cls-ranking: 0.0%
Using 0m 2s
Classifier results ---------------------------------------------------
Query acc: 0.1% Gallery acc: 0.1% Total acc: 0.1%
=> Current learning rate: 0.000100
Epoch:91 Time:12.3 Data:0.0 Loss:0.8216 Cls Loss:6.9142 Pair Loss:0.7861 Center Loss:1290.6978 KL Loss:0.6673 Recon Loss:0.1542 Acc:0.0013 
=> Current learning rate: 0.000100
Epoch:92 Time:11.7 Data:0.0 Loss:0.7188 Cls Loss:6.9183 Pair Loss:0.7806 Center Loss:1290.7147 KL Loss:0.5644 Recon Loss:0.1543 Acc:0.0028 
=> Current learning rate: 0.000100
Epoch:93 Time:12.8 Data:0.0 Loss:0.6728 Cls Loss:6.9190 Pair Loss:0.7914 Center Loss:1290.7997 KL Loss:0.5185 Recon Loss:0.1543 Acc:0.0008 
=> Current learning rate: 0.000100
Epoch:94 Time:12.2 Data:0.0 Loss:0.7722 Cls Loss:6.9148 Pair Loss:0.7876 Center Loss:1290.9590 KL Loss:0.6181 Recon Loss:0.1540 Acc:0.0010 
=> Current learning rate: 0.000100
Epoch:95 Time:9.1 Data:0.0 Loss:0.7105 Cls Loss:6.9182 Pair Loss:0.7900 Center Loss:1290.4049 KL Loss:0.5563 Recon Loss:0.1541 Acc:0.0005 
=> Test at epoch 95
==========Test with latent_z: z_c =========
Extracted features for query set, obtained torch.Size([2709, 128]) matrix
Extracted features for gallery set, obtained torch.Size([2000, 128]) matrix
Extracting features complete in 0m 2s
Distance computing in 0m 0s
Positive values in distance matrix: 0
Negative values in distance matrix: 5418000
Adjusted 0 distances
Results ---------------------------------------------------
top1:18.3% top5:39.5% top10:50.2% top20:62.5% mAP:23.3%
-----------------------------------------------------------
Classification accuracy before cls-ranking: 45.5%
query accuracy after cls-ranking: 0.1%
gallery accuracy after cls-ranking: 0.0%
Classification accuracy after cls-ranking: 45.5%
query accuracy after cls-ranking: 0.1%
gallery accuracy after cls-ranking: 0.0%
Using 0m 3s
Classifier results ---------------------------------------------------
Query acc: 0.1% Gallery acc: 0.1% Total acc: 0.1%
=> Current learning rate: 0.000100
Epoch:96 Time:11.1 Data:0.0 Loss:0.6792 Cls Loss:6.9184 Pair Loss:0.7893 Center Loss:1290.3188 KL Loss:0.5252 Recon Loss:0.1540 Acc:0.0010 
=> Current learning rate: 0.000100
Epoch:97 Time:10.2 Data:0.0 Loss:0.6914 Cls Loss:6.9181 Pair Loss:0.7835 Center Loss:1290.6827 KL Loss:0.5373 Recon Loss:0.1542 Acc:0.0015 
=> Current learning rate: 0.000100
Epoch:98 Time:11.8 Data:0.0 Loss:0.6372 Cls Loss:6.9226 Pair Loss:0.7864 Center Loss:1290.5557 KL Loss:0.4833 Recon Loss:0.1539 Acc:0.0013 
=> Current learning rate: 0.000100
Epoch:99 Time:11.5 Data:0.0 Loss:0.8186 Cls Loss:6.9198 Pair Loss:0.7923 Center Loss:1291.2054 KL Loss:0.6646 Recon Loss:0.1540 Acc:0.0008 
=> Current learning rate: 0.000100
Epoch:100 Time:9.7 Data:0.0 Loss:0.6310 Cls Loss:6.9181 Pair Loss:0.7835 Center Loss:1290.7759 KL Loss:0.4770 Recon Loss:0.1541 Acc:0.0015 
Jump TSNE
=> Test at epoch 100
==========Test with latent_z: z_c =========
Extracted features for query set, obtained torch.Size([2709, 128]) matrix
Extracted features for gallery set, obtained torch.Size([2000, 128]) matrix
Extracting features complete in 0m 2s
Distance computing in 0m 0s
Positive values in distance matrix: 0
Negative values in distance matrix: 5418000
Adjusted 0 distances
Results ---------------------------------------------------
top1:18.3% top5:39.5% top10:50.2% top20:62.2% mAP:23.3%
-----------------------------------------------------------
Classification accuracy before cls-ranking: 44.9%
query accuracy after cls-ranking: 0.1%
gallery accuracy after cls-ranking: 0.0%
Classification accuracy after cls-ranking: 44.9%
query accuracy after cls-ranking: 0.1%
gallery accuracy after cls-ranking: 0.0%
Using 0m 2s
Classifier results ---------------------------------------------------
Query acc: 0.1% Gallery acc: 0.2% Total acc: 0.1%
=> Current learning rate: 0.000100
Epoch:101 Time:10.9 Data:0.0 Loss:0.6564 Cls Loss:6.9159 Pair Loss:0.7903 Center Loss:1290.7299 KL Loss:0.5025 Recon Loss:0.1539 Acc:0.0015 
=> Current learning rate: 0.000100
Epoch:102 Time:12.5 Data:0.0 Loss:0.8004 Cls Loss:6.9214 Pair Loss:0.7920 Center Loss:1290.7444 KL Loss:0.6466 Recon Loss:0.1538 Acc:0.0005 
=> Current learning rate: 0.000100
Epoch:103 Time:14.1 Data:0.0 Loss:0.7699 Cls Loss:6.9161 Pair Loss:0.7905 Center Loss:1290.6515 KL Loss:0.6162 Recon Loss:0.1537 Acc:0.0003 
=> Current learning rate: 0.000100
Epoch:104 Time:10.5 Data:0.0 Loss:0.6061 Cls Loss:6.9202 Pair Loss:0.7846 Center Loss:1290.4681 KL Loss:0.4523 Recon Loss:0.1538 Acc:0.0003 
=> Current learning rate: 0.000100
Epoch:105 Time:12.4 Data:0.0 Loss:0.6517 Cls Loss:6.9179 Pair Loss:0.7845 Center Loss:1290.7000 KL Loss:0.4979 Recon Loss:0.1538 Acc:0.0013 
=> Test at epoch 105
==========Test with latent_z: z_c =========
Extracted features for query set, obtained torch.Size([2709, 128]) matrix
Extracted features for gallery set, obtained torch.Size([2000, 128]) matrix
Extracting features complete in 0m 2s
Distance computing in 0m 0s
Positive values in distance matrix: 0
Negative values in distance matrix: 5418000
Adjusted 0 distances
Results ---------------------------------------------------
top1:18.2% top5:39.6% top10:49.9% top20:62.3% mAP:23.3%
-----------------------------------------------------------
Classification accuracy before cls-ranking: 44.6%
query accuracy after cls-ranking: 0.1%
gallery accuracy after cls-ranking: 0.0%
Classification accuracy after cls-ranking: 44.6%
query accuracy after cls-ranking: 0.1%
gallery accuracy after cls-ranking: 0.0%
Using 0m 3s
Classifier results ---------------------------------------------------
Query acc: 0.1% Gallery acc: 0.2% Total acc: 0.1%
=> Current learning rate: 0.000100
Epoch:106 Time:9.8 Data:0.0 Loss:0.7416 Cls Loss:6.9131 Pair Loss:0.7836 Center Loss:1290.7988 KL Loss:0.5878 Recon Loss:0.1538 Acc:0.0003 
=> Current learning rate: 0.000100
Epoch:107 Time:12.0 Data:0.0 Loss:0.6444 Cls Loss:6.9157 Pair Loss:0.7875 Center Loss:1290.4431 KL Loss:0.4905 Recon Loss:0.1538 Acc:0.0008 
=> Current learning rate: 0.000100
Epoch:108 Time:11.5 Data:0.0 Loss:0.6934 Cls Loss:6.9184 Pair Loss:0.7843 Center Loss:1290.6992 KL Loss:0.5395 Recon Loss:0.1538 Acc:0.0013 
=> Current learning rate: 0.000100
Epoch:109 Time:10.7 Data:0.0 Loss:0.6445 Cls Loss:6.9168 Pair Loss:0.7876 Center Loss:1290.6654 KL Loss:0.4908 Recon Loss:0.1537 Acc:0.0003 
=> Current learning rate: 0.000100
Epoch:110 Time:12.1 Data:0.0 Loss:0.7233 Cls Loss:6.9204 Pair Loss:0.7875 Center Loss:1291.1151 KL Loss:0.5696 Recon Loss:0.1537 Acc:0.0008 
Jump TSNE
=> Test at epoch 110
==========Test with latent_z: z_c =========
Extracted features for query set, obtained torch.Size([2709, 128]) matrix
Extracted features for gallery set, obtained torch.Size([2000, 128]) matrix
Extracting features complete in 0m 2s
Distance computing in 0m 1s
Positive values in distance matrix: 0
Negative values in distance matrix: 5418000
Adjusted 0 distances
Results ---------------------------------------------------
top1:18.3% top5:39.6% top10:50.0% top20:62.5% mAP:23.2%
-----------------------------------------------------------
Classification accuracy before cls-ranking: 43.7%
query accuracy after cls-ranking: 0.1%
gallery accuracy after cls-ranking: 0.0%
Classification accuracy after cls-ranking: 43.7%
query accuracy after cls-ranking: 0.1%
gallery accuracy after cls-ranking: 0.0%
Using 0m 2s
Classifier results ---------------------------------------------------
Query acc: 0.1% Gallery acc: 0.2% Total acc: 0.1%
=> Current learning rate: 0.000100
Epoch:111 Time:9.9 Data:0.0 Loss:0.7079 Cls Loss:6.9220 Pair Loss:0.7866 Center Loss:1290.4685 KL Loss:0.5542 Recon Loss:0.1537 Acc:0.0003 
=> Current learning rate: 0.000100
Epoch:112 Time:13.1 Data:0.0 Loss:0.6677 Cls Loss:6.9143 Pair Loss:0.7891 Center Loss:1290.6023 KL Loss:0.5139 Recon Loss:0.1538 Acc:0.0008 
=> Current learning rate: 0.000100
Epoch:113 Time:11.7 Data:0.0 Loss:0.6935 Cls Loss:6.9152 Pair Loss:0.7841 Center Loss:1291.0124 KL Loss:0.5398 Recon Loss:0.1536 Acc:0.0008 
=> Current learning rate: 0.000100
Epoch:114 Time:10.5 Data:0.0 Loss:0.6681 Cls Loss:6.9155 Pair Loss:0.7873 Center Loss:1290.8849 KL Loss:0.5144 Recon Loss:0.1537 Acc:0.0010 
=> Current learning rate: 0.000100
Epoch:115 Time:12.3 Data:0.0 Loss:0.6889 Cls Loss:6.9172 Pair Loss:0.7862 Center Loss:1290.4722 KL Loss:0.5352 Recon Loss:0.1537 Acc:0.0020 
=> Test at epoch 115
==========Test with latent_z: z_c =========
Extracted features for query set, obtained torch.Size([2709, 128]) matrix
Extracted features for gallery set, obtained torch.Size([2000, 128]) matrix
Extracting features complete in 0m 2s
Distance computing in 0m 0s
Positive values in distance matrix: 0
Negative values in distance matrix: 5418000
Adjusted 0 distances
Results ---------------------------------------------------
top1:18.4% top5:39.9% top10:50.5% top20:62.2% mAP:23.3%
-----------------------------------------------------------
Classification accuracy before cls-ranking: 43.0%
query accuracy after cls-ranking: 0.1%
gallery accuracy after cls-ranking: 0.0%
Classification accuracy after cls-ranking: 43.0%
query accuracy after cls-ranking: 0.1%
gallery accuracy after cls-ranking: 0.0%
Using 0m 2s
Classifier results ---------------------------------------------------
Query acc: 0.1% Gallery acc: 0.2% Total acc: 0.1%
=> Current learning rate: 0.000100
Epoch:116 Time:9.8 Data:0.0 Loss:0.6421 Cls Loss:6.9217 Pair Loss:0.7960 Center Loss:1290.8534 KL Loss:0.4884 Recon Loss:0.1537 Acc:0.0015 
=> Current learning rate: 0.000100
Epoch:117 Time:13.2 Data:0.0 Loss:0.7293 Cls Loss:6.9200 Pair Loss:0.7850 Center Loss:1290.5403 KL Loss:0.5758 Recon Loss:0.1535 Acc:0.0000 
=> Current learning rate: 0.000100
Epoch:118 Time:8.6 Data:0.0 Loss:0.6751 Cls Loss:6.9180 Pair Loss:0.7810 Center Loss:1290.5499 KL Loss:0.5215 Recon Loss:0.1536 Acc:0.0013 
=> Current learning rate: 0.000100
Epoch:119 Time:7.9 Data:0.0 Loss:0.6498 Cls Loss:6.9154 Pair Loss:0.7911 Center Loss:1290.2228 KL Loss:0.4963 Recon Loss:0.1535 Acc:0.0013 
=> Current learning rate: 0.000100
/home/zhengwei/yzwT2V/lib/python3.9/site-packages/numpy/lib/function_base.py:2897: RuntimeWarning: invalid value encountered in divide
  c /= stddev[:, None]
/home/zhengwei/yzwT2V/lib/python3.9/site-packages/numpy/lib/function_base.py:2898: RuntimeWarning: invalid value encountered in divide
  c /= stddev[None, :]
Epoch:120 Time:61.7 Data:0.0 Loss:0.6808 Cls Loss:6.9154 Pair Loss:0.7869 Center Loss:1290.8911 KL Loss:0.5273 Recon Loss:0.1535 Acc:0.0018 
Jump TSNE
=> Test at epoch 120
==========Test with latent_z: z_c =========
Extracted features for query set, obtained torch.Size([2709, 128]) matrix
Extracted features for gallery set, obtained torch.Size([2000, 128]) matrix
Extracting features complete in 0m 2s
Distance computing in 0m 0s
Positive values in distance matrix: 0
Negative values in distance matrix: 5418000
Adjusted 0 distances
Results ---------------------------------------------------
top1:18.2% top5:39.9% top10:50.2% top20:62.1% mAP:23.2%
-----------------------------------------------------------
Classification accuracy before cls-ranking: 43.2%
query accuracy after cls-ranking: 0.1%
gallery accuracy after cls-ranking: 0.0%
Classification accuracy after cls-ranking: 43.2%
query accuracy after cls-ranking: 0.1%
gallery accuracy after cls-ranking: 0.0%
Using 0m 2s
Classifier results ---------------------------------------------------
Query acc: 0.1% Gallery acc: 0.2% Total acc: 0.1%
Keep checkpoint file: checkpoint_ep120.pth.tar
=> Current learning rate: 0.000100
=> Best Rank-1 18.4%, mAP 23.3% achieved at epoch 115
=> Best Acc: Query 0.1%, Gallery 0.2%, Total 0.1%
Finished. Total elapsed time (h:m:s): 0:26:14. Training time (h:m:s): 0:23:17.
