https://app.neptune.ai/Zhengwei-Lab/MayCVAE/e/MAY-499
=> merge config from ./configs/base_duke/clipreid_cvae_stage2.yaml
/home/zhengwei/Desktop/Zhengwei/Projects/CVAE/main.py:91: NeptuneUnsupportedType: You're attempting to log a type that is not directly supported by Neptune (<class 'list'>).
        Convert the value to a supported type, such as a string or float, or use stringify_unsupported(obj)
        for dictionaries or collections that contain unsupported values.
        For more, see https://docs.neptune.ai/help/value_of_unsupported_type
  run["parameters"] = param
=> Configurations:
-------------------------
AMP: True
AUG:
  RC_PROB: 0.5
  RE_PROB: 0.5
DATA:
  CUHK03_CLASSIC_SPLIT: False
  CUHK03_LABELED: False
  DATASET: duke
  FORMAT_TAG: tensor
  HEIGHT: 256
  NUM_INSTANCES: 4
  NUM_WORKERS: 4
  ROOT: /home/zhengwei/Desktop/Zhengwei/Projects/datasets
  SPLIT_ID: 0
  TEST_BATCH: 512
  TRAIN_BATCH: 64
  TRAIN_FORMAT: base
  WIDTH: 128
EVAL_MODE: False
GPU: 0
LOSS:
  CLA_LOSS: crossentropy
  CLA_M: 0.0
  CLA_S: 16.0
  PAIR_LOSS: triplet
  PAIR_M: 0.3
  PAIR_S: 16.0
  RECON_LOSS: mse
  USE_NCE: False
MODEL:
  CONDITIONAL: False
  FEATURE_DIM: 1280
  FEAT_FUSION: True
  FLOW_TYPE: 
  GAUSSIAN: MultivariateNormal
  HIDDEN_DIM: 256
  LATENT_SIZE: 64
  NAME: CVAE
  ONLY_CVAE_KL: False
  ONLY_X_INPUT: False
  PRETRAIN: CLIPreidNew
  RES4_STRIDE: 1
  RESUME: /home/zhengwei/Desktop/Zhengwei/Projects/CVAE/outputs/duke/clipreid_simplevae_base/2024-07-16/SimpleVAE_7styles_128+64z_1e3+3_60+120_KLtotalZ_noCLS
  STYLE_NUM: 7
  TRAIN_STAGE: reidstage
  USE_CENTROID: False
  USE_TWO_ENCODER: False
  VAE_TYPE: SinpleVAE
  ZC_DIM: 128
  ZS_DIM: 64
OUTPUT: /home/zhengwei/Desktop/Zhengwei/Projects/CVAE/outputs/duke/clipreid_simplevae_base/2024-07-16/SimpleVAE_7styles_128+64z_1e3+3_60+120_KLtotalZ_noCLS/reid_crossentropy/2024-07-16
SAVED_NAME: 2nd_SimpleVAE_7styles_128+64z_1e4+3_60+120_KLtotalZ_ce+trip+center
SEED: 0
TAG: clipreid_simplevae_base
TEST:
  DISTANCE: cosine
  EVAL_STEP: 5
  START_EVAL: -1
TRAIN:
  AMP: False
  LR_SCHEDULER:
    DECAY_RATE: 0.1
    NAME: MultiStepLR
    STEPSIZE: [60]
  MAX_EPOCH: 120
  OPTIMIZER:
    LR: 0.0001
    NAME: adam
    SGDLR: 0.01
    SGD_MOMENTUM: 0.9
    SGD_WEIGHT_DECAY: 0.0005
    WEIGHT_DECAY: 0.0001
  START_EPOCH: 0
----------------------
Initializing dataset duke
Warning: string series 'monitoring/d7ef9aa3/stdout' value was longer than 1000 characters and was truncated. This warning is printed only once per series.
=> DukeMTMC-reID tensor loaded
Dataset statistics:
  ------------------------------
  subset   | # ids | # images
  ------------------------------
  train    |   702 |    16522
  query    |   702 |     2228
  gallery  |  1110 |    17661
  ------------------------------
  total    |  1404 |    36411
  ------------------------------
Initializing SinpleVAE model
Model size: 12.29645M
[INFO] Register count_relu() for <class 'torch.nn.modules.activation.LeakyReLU'>.
[INFO] Register count_linear() for <class 'torch.nn.modules.linear.Linear'>.
[INFO] Register count_normalization() for <class 'torch.nn.modules.batchnorm.BatchNorm1d'>.
[INFO] Register zero_ops() for <class 'torch.nn.modules.activation.ReLU'>.
[INFO] Register zero_ops() for <class 'torch.nn.modules.dropout.Dropout'>.
[INFO] Register zero_ops() for <class 'torch.nn.modules.container.Sequential'>.
FLOPs: 0.73387G
Params: 11.47629M
Initialized classifier with feature_dim: 1280, num_classes: 702
Classifier size: 0.89856M
reid_projector.weight is tuneable
=> Start Training REID model
Loading checkpoint from '/home/zhengwei/Desktop/Zhengwei/Projects/CVAE/outputs/duke/clipreid_simplevae_base/2024-07-16/SimpleVAE_7styles_128+64z_1e3+3_60+120_KLtotalZ_noCLS.best_model.pth.tar'
Ignores parameter:  i2t_projector.weight
Ignores parameter:  i2t_projector.bias
orginal best rank1 = 0.8375224416517055
=> Start training
/home/zhengwei/Desktop/Zhengwei/Projects/CVAE/losses/center_loss.py:40: UserWarning: This overload of addmm_ is deprecated:
	addmm_(Number beta, Number alpha, Tensor mat1, Tensor mat2)
Consider using one of the following signatures instead:
	addmm_(Tensor mat1, Tensor mat2, *, Number beta, Number alpha) (Triggered internally at /opt/conda/conda-bld/pytorch_1670525539683/work/torch/csrc/utils/python_arg_parser.cpp:1420.)
  distmat.addmm_(1, -2, x, self.centers.t())
Epoch:1 Time:45.7 Data:0.0 Loss:1115.1306 Cls Loss:6.4974 Pair Loss:0.5580 Center Loss:1108.0752 KL Loss:19.6505 Recon Loss:0.0917 Acc:0.0484 
Epoch:2 Time:45.2 Data:0.0 Loss:559.3226 Cls Loss:6.3771 Pair Loss:0.5588 Center Loss:552.3867 KL Loss:18.5069 Recon Loss:0.0919 Acc:0.0667 
Epoch:3 Time:45.7 Data:0.0 Loss:295.6416 Cls Loss:6.3456 Pair Loss:0.5564 Center Loss:288.7396 KL Loss:17.4315 Recon Loss:0.0918 Acc:0.0708 
Epoch:4 Time:45.6 Data:0.0 Loss:155.2886 Cls Loss:6.3566 Pair Loss:0.5541 Center Loss:148.3779 KL Loss:16.3090 Recon Loss:0.0918 Acc:0.0704 
Epoch:5 Time:40.3 Data:0.0 Loss:80.3597 Cls Loss:6.3977 Pair Loss:0.5565 Center Loss:73.4054 KL Loss:15.1925 Recon Loss:0.0917 Acc:0.0677 
=> Test at epoch 5
==========Test with latent_z: z_c =========
Extracted features for query set, obtained torch.Size([2228, 1280]) matrix
Extracted features for gallery set, obtained torch.Size([17661, 1280]) matrix
Extracting features complete in 0m 11s
Distance computing in 0m 1s
Results ---------------------------------------------------
top1:83.6% top5:90.8% top10:93.3% top20:95.1% mAP:69.4%
-----------------------------------------------------------
Using 0m 3s
Classifier results ---------------------------------------------------
Query acc: 0.0% Gallery acc: 0.0% Total acc: 0.0%
==========Test with latent_z: new_z =========
Extracted features for query set, obtained torch.Size([2228, 192]) matrix
Extracted features for gallery set, obtained torch.Size([17661, 192]) matrix
Extracting features complete in 0m 12s
Distance computing in 0m 1s
Results ---------------------------------------------------
top1:84.5% top5:91.6% top10:93.5% top20:95.0% mAP:70.9%
-----------------------------------------------------------
Using 0m 3s
Classifier results ---------------------------------------------------
Query acc: 0.0% Gallery acc: 0.0% Total acc: 0.0%
Epoch:6 Time:46.8 Data:0.0 Loss:43.4372 Cls Loss:6.4448 Pair Loss:0.5765 Center Loss:36.4160 KL Loss:14.0702 Recon Loss:0.0918 Acc:0.0535 
Epoch:7 Time:46.4 Data:0.0 Loss:26.3202 Cls Loss:6.4750 Pair Loss:0.6265 Center Loss:19.2187 KL Loss:13.0401 Recon Loss:0.0917 Acc:0.0406 
Epoch:8 Time:45.9 Data:0.0 Loss:18.1128 Cls Loss:6.4899 Pair Loss:0.6595 Center Loss:10.9635 KL Loss:11.8511 Recon Loss:0.0918 Acc:0.0341 
Epoch:9 Time:44.7 Data:0.0 Loss:13.6301 Cls Loss:6.4957 Pair Loss:0.6403 Center Loss:6.4941 KL Loss:10.8586 Recon Loss:0.0917 Acc:0.0278 
Epoch:10 Time:39.0 Data:0.0 Loss:11.0959 Cls Loss:6.4957 Pair Loss:0.6275 Center Loss:3.9727 KL Loss:9.7894 Recon Loss:0.0918 Acc:0.0246 
=> Test at epoch 10
==========Test with latent_z: z_c =========
Extracted features for query set, obtained torch.Size([2228, 1280]) matrix
Extracted features for gallery set, obtained torch.Size([17661, 1280]) matrix
Extracting features complete in 0m 7s
Distance computing in 0m 1s
Results ---------------------------------------------------
top1:76.4% top5:86.0% top10:89.5% top20:92.0% mAP:55.9%
-----------------------------------------------------------
Using 0m 3s
Classifier results ---------------------------------------------------
Query acc: 0.0% Gallery acc: 0.0% Total acc: 0.0%
==========Test with latent_z: new_z =========
Extracted features for query set, obtained torch.Size([2228, 192]) matrix
Extracted features for gallery set, obtained torch.Size([17661, 192]) matrix
Extracting features complete in 0m 7s
Distance computing in 0m 0s
Results ---------------------------------------------------
top1:84.5% top5:91.6% top10:93.5% top20:95.0% mAP:70.9%
-----------------------------------------------------------
Using 0m 3s
Classifier results ---------------------------------------------------
Query acc: 0.0% Gallery acc: 0.0% Total acc: 0.0%
Epoch:11 Time:46.4 Data:0.0 Loss:9.5867 Cls Loss:6.4953 Pair Loss:0.6109 Center Loss:2.4805 KL Loss:8.6530 Recon Loss:0.0918 Acc:0.0242 
Epoch:12 Time:45.9 Data:0.0 Loss:8.6970 Cls Loss:6.4900 Pair Loss:0.6206 Center Loss:1.5864 KL Loss:7.4799 Recon Loss:0.0918 Acc:0.0240 
Epoch:13 Time:44.1 Data:0.0 Loss:8.1516 Cls Loss:6.4856 Pair Loss:0.6223 Center Loss:1.0436 KL Loss:6.4554 Recon Loss:0.0918 Acc:0.0239 
Epoch:14 Time:45.3 Data:0.0 Loss:7.8196 Cls Loss:6.4781 Pair Loss:0.6310 Center Loss:0.7106 KL Loss:5.4457 Recon Loss:0.0918 Acc:0.0242 
Epoch:15 Time:40.4 Data:0.0 Loss:7.5698 Cls Loss:6.4722 Pair Loss:0.6016 Center Loss:0.4960 KL Loss:4.2212 Recon Loss:0.0918 Acc:0.0239 
=> Test at epoch 15
==========Test with latent_z: z_c =========
Extracted features for query set, obtained torch.Size([2228, 1280]) matrix
Extracted features for gallery set, obtained torch.Size([17661, 1280]) matrix
Extracting features complete in 0m 10s
Distance computing in 0m 1s
Results ---------------------------------------------------
top1:75.4% top5:85.4% top10:88.1% top20:90.7% mAP:53.8%
-----------------------------------------------------------
Using 0m 3s
Classifier results ---------------------------------------------------
Query acc: 0.0% Gallery acc: 0.0% Total acc: 0.0%
==========Test with latent_z: new_z =========
Extracted features for query set, obtained torch.Size([2228, 192]) matrix
Extracted features for gallery set, obtained torch.Size([17661, 192]) matrix
Extracting features complete in 0m 9s
Distance computing in 0m 1s
Results ---------------------------------------------------
top1:84.5% top5:91.6% top10:93.5% top20:95.0% mAP:70.9%
-----------------------------------------------------------
Using 0m 3s
Classifier results ---------------------------------------------------
Query acc: 0.0% Gallery acc: 0.0% Total acc: 0.0%
Epoch:16 Time:45.8 Data:0.0 Loss:7.4564 Cls Loss:6.4677 Pair Loss:0.6209 Center Loss:0.3678 KL Loss:3.1855 Recon Loss:0.0918 Acc:0.0242 
Epoch:17 Time:45.5 Data:0.0 Loss:7.3581 Cls Loss:6.4613 Pair Loss:0.6149 Center Loss:0.2818 KL Loss:2.0486 Recon Loss:0.0918 Acc:0.0243 
Epoch:18 Time:45.7 Data:0.0 Loss:7.2924 Cls Loss:6.4555 Pair Loss:0.6102 Center Loss:0.2268 KL Loss:1.1259 Recon Loss:0.0918 Acc:0.0241 
Epoch:19 Time:44.7 Data:0.0 Loss:7.2495 Cls Loss:6.4498 Pair Loss:0.6094 Center Loss:0.1904 KL Loss:0.6662 Recon Loss:0.0918 Acc:0.0244 
Epoch:20 Time:42.4 Data:0.0 Loss:7.2243 Cls Loss:6.4465 Pair Loss:0.6130 Center Loss:0.1648 KL Loss:0.6917 Recon Loss:0.0918 Acc:0.0241 
=> Test at epoch 20
==========Test with latent_z: z_c =========
Extracted features for query set, obtained torch.Size([2228, 1280]) matrix
Extracted features for gallery set, obtained torch.Size([17661, 1280]) matrix
Extracting features complete in 0m 7s
Distance computing in 0m 1s
Results ---------------------------------------------------
top1:73.6% top5:84.6% top10:87.7% top20:90.5% mAP:50.9%
-----------------------------------------------------------
Using 0m 3s
Classifier results ---------------------------------------------------
Query acc: 0.0% Gallery acc: 0.0% Total acc: 0.0%
==========Test with latent_z: new_z =========
Extracted features for query set, obtained torch.Size([2228, 192]) matrix
Extracted features for gallery set, obtained torch.Size([17661, 192]) matrix
Extracting features complete in 0m 6s
Distance computing in 0m 0s
Results ---------------------------------------------------
top1:84.5% top5:91.6% top10:93.5% top20:95.0% mAP:70.9%
-----------------------------------------------------------
Using 0m 3s
Classifier results ---------------------------------------------------
Query acc: 0.0% Gallery acc: 0.0% Total acc: 0.0%
Epoch:21 Time:45.4 Data:0.0 Loss:7.2156 Cls Loss:6.4423 Pair Loss:0.6219 Center Loss:0.1515 KL Loss:0.6424 Recon Loss:0.0917 Acc:0.0242 
Epoch:22 Time:45.1 Data:0.0 Loss:7.1917 Cls Loss:6.4364 Pair Loss:0.6158 Center Loss:0.1395 KL Loss:0.6450 Recon Loss:0.0918 Acc:0.0238 
Epoch:23 Time:45.9 Data:0.0 Loss:7.1733 Cls Loss:6.4392 Pair Loss:0.6058 Center Loss:0.1283 KL Loss:0.6856 Recon Loss:0.0917 Acc:0.0244 
Epoch:24 Time:44.9 Data:0.0 Loss:7.1677 Cls Loss:6.4345 Pair Loss:0.6102 Center Loss:0.1230 KL Loss:0.5984 Recon Loss:0.0917 Acc:0.0243 
Epoch:25 Time:39.8 Data:0.0 Loss:7.1948 Cls Loss:6.4331 Pair Loss:0.6389 Center Loss:0.1229 KL Loss:0.6510 Recon Loss:0.0919 Acc:0.0240 
=> Test at epoch 25
==========Test with latent_z: z_c =========
Extracted features for query set, obtained torch.Size([2228, 1280]) matrix
Extracted features for gallery set, obtained torch.Size([17661, 1280]) matrix
Extracting features complete in 0m 9s
Distance computing in 0m 1s
Results ---------------------------------------------------
top1:70.9% top5:82.5% top10:85.2% top20:88.4% mAP:46.7%
-----------------------------------------------------------
Using 0m 3s
Classifier results ---------------------------------------------------
Query acc: 0.0% Gallery acc: 0.0% Total acc: 0.0%
==========Test with latent_z: new_z =========
Extracted features for query set, obtained torch.Size([2228, 192]) matrix
Extracted features for gallery set, obtained torch.Size([17661, 192]) matrix
Extracting features complete in 0m 5s
Distance computing in 0m 0s
Results ---------------------------------------------------
top1:84.5% top5:91.6% top10:93.5% top20:95.0% mAP:70.9%
-----------------------------------------------------------
Using 0m 3s
Classifier results ---------------------------------------------------
Query acc: 0.0% Gallery acc: 0.0% Total acc: 0.0%
Epoch:26 Time:47.6 Data:0.0 Loss:7.1974 Cls Loss:6.4356 Pair Loss:0.6441 Center Loss:0.1177 KL Loss:0.6195 Recon Loss:0.0919 Acc:0.0239 
Epoch:27 Time:45.8 Data:0.0 Loss:7.1863 Cls Loss:6.4282 Pair Loss:0.6433 Center Loss:0.1148 KL Loss:0.6489 Recon Loss:0.0917 Acc:0.0239 
Epoch:28 Time:46.0 Data:0.0 Loss:7.1773 Cls Loss:6.4294 Pair Loss:0.6352 Center Loss:0.1127 KL Loss:0.6781 Recon Loss:0.0918 Acc:0.0241 
Epoch:29 Time:44.5 Data:0.0 Loss:7.1512 Cls Loss:6.4272 Pair Loss:0.6151 Center Loss:0.1088 KL Loss:0.6497 Recon Loss:0.0918 Acc:0.0240 
Epoch:30 Time:42.2 Data:0.0 Loss:7.1604 Cls Loss:6.4258 Pair Loss:0.6276 Center Loss:0.1071 KL Loss:0.6146 Recon Loss:0.0916 Acc:0.0236 
=> Test at epoch 30
==========Test with latent_z: z_c =========
Extracted features for query set, obtained torch.Size([2228, 1280]) matrix
Extracted features for gallery set, obtained torch.Size([17661, 1280]) matrix
Extracting features complete in 0m 11s
Distance computing in 0m 1s
Results ---------------------------------------------------
top1:72.1% top5:82.8% top10:86.4% top20:89.4% mAP:48.9%
-----------------------------------------------------------
Using 0m 3s
Classifier results ---------------------------------------------------
Query acc: 0.0% Gallery acc: 0.0% Total acc: 0.0%
==========Test with latent_z: new_z =========
Extracted features for query set, obtained torch.Size([2228, 192]) matrix
Extracted features for gallery set, obtained torch.Size([17661, 192]) matrix
Extracting features complete in 0m 10s
Distance computing in 0m 1s
Results ---------------------------------------------------
top1:84.5% top5:91.6% top10:93.5% top20:95.0% mAP:70.9%
-----------------------------------------------------------
Using 0m 3s
Classifier results ---------------------------------------------------
Query acc: 0.0% Gallery acc: 0.0% Total acc: 0.0%
Epoch:31 Time:47.3 Data:0.0 Loss:7.1566 Cls Loss:6.4243 Pair Loss:0.6256 Center Loss:0.1067 KL Loss:0.6900 Recon Loss:0.0918 Acc:0.0243 
Epoch:32 Time:45.9 Data:0.0 Loss:7.1531 Cls Loss:6.4268 Pair Loss:0.6222 Center Loss:0.1041 KL Loss:0.6405 Recon Loss:0.0917 Acc:0.0240 
Epoch:33 Time:45.8 Data:0.0 Loss:7.1542 Cls Loss:6.4215 Pair Loss:0.6273 Center Loss:0.1054 KL Loss:0.6578 Recon Loss:0.0917 Acc:0.0242 
Epoch:34 Time:42.2 Data:0.0 Loss:7.1708 Cls Loss:6.4246 Pair Loss:0.6404 Center Loss:0.1058 KL Loss:0.6739 Recon Loss:0.0918 Acc:0.0243 
Epoch:35 Time:45.6 Data:0.0 Loss:7.1405 Cls Loss:6.4256 Pair Loss:0.6144 Center Loss:0.1005 KL Loss:0.7223 Recon Loss:0.0918 Acc:0.0239 
=> Test at epoch 35
==========Test with latent_z: z_c =========
Extracted features for query set, obtained torch.Size([2228, 1280]) matrix
Extracted features for gallery set, obtained torch.Size([17661, 1280]) matrix
Extracting features complete in 0m 10s
Distance computing in 0m 1s
Results ---------------------------------------------------
top1:71.1% top5:83.3% top10:86.9% top20:90.0% mAP:49.9%
-----------------------------------------------------------
Using 0m 3s
Classifier results ---------------------------------------------------
Query acc: 0.0% Gallery acc: 0.0% Total acc: 0.0%
==========Test with latent_z: new_z =========
Extracted features for query set, obtained torch.Size([2228, 192]) matrix
Extracted features for gallery set, obtained torch.Size([17661, 192]) matrix
Extracting features complete in 0m 10s
Distance computing in 0m 0s
Results ---------------------------------------------------
top1:84.5% top5:91.6% top10:93.5% top20:95.0% mAP:70.9%
-----------------------------------------------------------
Using 0m 3s
Classifier results ---------------------------------------------------
Query acc: 0.0% Gallery acc: 0.0% Total acc: 0.0%
Epoch:36 Time:46.3 Data:0.0 Loss:7.1528 Cls Loss:6.4247 Pair Loss:0.6252 Center Loss:0.1030 KL Loss:0.6214 Recon Loss:0.0918 Acc:0.0243 
Epoch:37 Time:45.6 Data:0.0 Loss:7.1526 Cls Loss:6.4203 Pair Loss:0.6278 Center Loss:0.1044 KL Loss:0.6685 Recon Loss:0.0918 Acc:0.0245 
Epoch:38 Time:45.5 Data:0.0 Loss:7.1504 Cls Loss:6.4217 Pair Loss:0.6279 Center Loss:0.1007 KL Loss:0.6815 Recon Loss:0.0918 Acc:0.0241 
Epoch:39 Time:38.5 Data:0.0 Loss:7.1296 Cls Loss:6.4173 Pair Loss:0.6120 Center Loss:0.1003 KL Loss:0.6962 Recon Loss:0.0918 Acc:0.0244 
Epoch:40 Time:45.2 Data:0.0 Loss:7.1423 Cls Loss:6.4213 Pair Loss:0.6214 Center Loss:0.0995 KL Loss:0.6961 Recon Loss:0.0918 Acc:0.0243 
=> Test at epoch 40
==========Test with latent_z: z_c =========
Extracted features for query set, obtained torch.Size([2228, 1280]) matrix
Extracted features for gallery set, obtained torch.Size([17661, 1280]) matrix
Extracting features complete in 0m 10s
Distance computing in 0m 1s
Results ---------------------------------------------------
top1:74.7% top5:84.6% top10:87.7% top20:90.2% mAP:49.6%
-----------------------------------------------------------
Using 0m 3s
Classifier results ---------------------------------------------------
Query acc: 0.0% Gallery acc: 0.0% Total acc: 0.0%
==========Test with latent_z: new_z =========
Extracted features for query set, obtained torch.Size([2228, 192]) matrix
Extracted features for gallery set, obtained torch.Size([17661, 192]) matrix
Extracting features complete in 0m 11s
Distance computing in 0m 1s
Results ---------------------------------------------------
top1:84.5% top5:91.6% top10:93.5% top20:95.0% mAP:70.9%
-----------------------------------------------------------
Using 0m 3s
Classifier results ---------------------------------------------------
Query acc: 0.0% Gallery acc: 0.0% Total acc: 0.0%
Epoch:41 Time:47.7 Data:0.0 Loss:7.1502 Cls Loss:6.4230 Pair Loss:0.6272 Center Loss:0.1001 KL Loss:0.7027 Recon Loss:0.0918 Acc:0.0240 
Epoch:42 Time:46.3 Data:0.0 Loss:7.1532 Cls Loss:6.4186 Pair Loss:0.6343 Center Loss:0.1003 KL Loss:0.7415 Recon Loss:0.0918 Acc:0.0242 
Epoch:43 Time:46.3 Data:0.0 Loss:7.1473 Cls Loss:6.4157 Pair Loss:0.6319 Center Loss:0.0998 KL Loss:0.7013 Recon Loss:0.0918 Acc:0.0243 
Epoch:44 Time:40.4 Data:0.0 Loss:7.1386 Cls Loss:6.4217 Pair Loss:0.6175 Center Loss:0.0993 KL Loss:0.6714 Recon Loss:0.0918 Acc:0.0240 
Epoch:45 Time:45.7 Data:0.0 Loss:7.1672 Cls Loss:6.4181 Pair Loss:0.6484 Center Loss:0.1007 KL Loss:0.7315 Recon Loss:0.0918 Acc:0.0242 
=> Test at epoch 45
==========Test with latent_z: z_c =========
Extracted features for query set, obtained torch.Size([2228, 1280]) matrix
Extracted features for gallery set, obtained torch.Size([17661, 1280]) matrix
Extracting features complete in 0m 12s
Distance computing in 0m 1s
Results ---------------------------------------------------
top1:73.0% top5:83.3% top10:86.8% top20:89.6% mAP:49.9%
-----------------------------------------------------------
Using 0m 3s
Classifier results ---------------------------------------------------
Query acc: 0.0% Gallery acc: 0.0% Total acc: 0.0%
==========Test with latent_z: new_z =========
Extracted features for query set, obtained torch.Size([2228, 192]) matrix
Extracted features for gallery set, obtained torch.Size([17661, 192]) matrix
Extracting features complete in 0m 10s
Distance computing in 0m 0s
Results ---------------------------------------------------
top1:84.5% top5:91.6% top10:93.5% top20:95.0% mAP:70.9%
-----------------------------------------------------------
Using 0m 3s
Classifier results ---------------------------------------------------
Query acc: 0.0% Gallery acc: 0.0% Total acc: 0.0%
Epoch:46 Time:47.3 Data:0.0 Loss:7.1470 Cls Loss:6.4155 Pair Loss:0.6321 Center Loss:0.0994 KL Loss:0.7146 Recon Loss:0.0918 Acc:0.0245 
Epoch:47 Time:45.7 Data:0.0 Loss:7.1629 Cls Loss:6.4143 Pair Loss:0.6488 Center Loss:0.0998 KL Loss:0.7719 Recon Loss:0.0919 Acc:0.0238 
Epoch:48 Time:43.5 Data:0.0 Loss:7.1509 Cls Loss:6.4137 Pair Loss:0.6368 Center Loss:0.1004 KL Loss:0.7643 Recon Loss:0.0917 Acc:0.0246 
Epoch:49 Time:44.7 Data:0.0 Loss:7.1435 Cls Loss:6.4166 Pair Loss:0.6292 Center Loss:0.0977 KL Loss:0.7479 Recon Loss:0.0917 Acc:0.0242 
Epoch:50 Time:45.5 Data:0.0 Loss:7.1530 Cls Loss:6.4100 Pair Loss:0.6431 Center Loss:0.0998 KL Loss:0.8172 Recon Loss:0.0918 Acc:0.0243 
=> Test at epoch 50
==========Test with latent_z: z_c =========
Extracted features for query set, obtained torch.Size([2228, 1280]) matrix
Extracted features for gallery set, obtained torch.Size([17661, 1280]) matrix
Extracting features complete in 0m 11s
Distance computing in 0m 1s
Results ---------------------------------------------------
top1:72.1% top5:82.9% top10:86.4% top20:89.0% mAP:48.3%
-----------------------------------------------------------
Using 0m 3s
Classifier results ---------------------------------------------------
Query acc: 0.0% Gallery acc: 0.0% Total acc: 0.0%
==========Test with latent_z: new_z =========
Extracted features for query set, obtained torch.Size([2228, 192]) matrix
Extracted features for gallery set, obtained torch.Size([17661, 192]) matrix
Extracting features complete in 0m 9s
Distance computing in 0m 1s
Results ---------------------------------------------------
top1:84.5% top5:91.6% top10:93.5% top20:95.0% mAP:70.9%
-----------------------------------------------------------
Using 0m 3s
Classifier results ---------------------------------------------------
Query acc: 0.0% Gallery acc: 0.0% Total acc: 0.0%
Epoch:51 Time:47.6 Data:0.0 Loss:7.1624 Cls Loss:6.4156 Pair Loss:0.6479 Center Loss:0.0988 KL Loss:0.8078 Recon Loss:0.0917 Acc:0.0240 
Epoch:52 Time:46.3 Data:0.0 Loss:7.1399 Cls Loss:6.4129 Pair Loss:0.6282 Center Loss:0.0988 KL Loss:0.7895 Recon Loss:0.0919 Acc:0.0241 
Epoch:53 Time:40.6 Data:0.0 Loss:7.1515 Cls Loss:6.4126 Pair Loss:0.6405 Center Loss:0.0984 KL Loss:0.8796 Recon Loss:0.0917 Acc:0.0248 
Epoch:54 Time:45.2 Data:0.0 Loss:7.1662 Cls Loss:6.4155 Pair Loss:0.6505 Center Loss:0.1002 KL Loss:0.8688 Recon Loss:0.0918 Acc:0.0246 
Epoch:55 Time:45.9 Data:0.0 Loss:7.1497 Cls Loss:6.4103 Pair Loss:0.6405 Center Loss:0.0989 KL Loss:1.0179 Recon Loss:0.0918 Acc:0.0251 
=> Test at epoch 55
==========Test with latent_z: z_c =========
Extracted features for query set, obtained torch.Size([2228, 1280]) matrix
Extracted features for gallery set, obtained torch.Size([17661, 1280]) matrix
Extracting features complete in 0m 11s
Distance computing in 0m 1s
Results ---------------------------------------------------
top1:70.6% top5:83.0% top10:86.1% top20:89.0% mAP:47.1%
-----------------------------------------------------------
Using 0m 3s
Classifier results ---------------------------------------------------
Query acc: 0.0% Gallery acc: 0.0% Total acc: 0.0%
==========Test with latent_z: new_z =========
Extracted features for query set, obtained torch.Size([2228, 192]) matrix
Extracted features for gallery set, obtained torch.Size([17661, 192]) matrix
Extracting features complete in 0m 10s
Distance computing in 0m 0s
Results ---------------------------------------------------
top1:84.5% top5:91.6% top10:93.5% top20:95.0% mAP:70.9%
-----------------------------------------------------------
Using 0m 3s
Classifier results ---------------------------------------------------
Query acc: 0.0% Gallery acc: 0.0% Total acc: 0.0%
Epoch:56 Time:46.6 Data:0.0 Loss:7.1329 Cls Loss:6.4158 Pair Loss:0.6216 Center Loss:0.0956 KL Loss:0.9896 Recon Loss:0.0918 Acc:0.0241 
Epoch:57 Time:45.2 Data:0.0 Loss:7.1584 Cls Loss:6.4119 Pair Loss:0.6472 Center Loss:0.0993 KL Loss:1.0251 Recon Loss:0.0917 Acc:0.0251 
Epoch:58 Time:40.7 Data:0.0 Loss:7.1462 Cls Loss:6.4110 Pair Loss:0.6403 Center Loss:0.0949 KL Loss:1.0423 Recon Loss:0.0919 Acc:0.0250 
Epoch:59 Time:45.9 Data:0.0 Loss:7.1270 Cls Loss:6.4094 Pair Loss:0.6214 Center Loss:0.0962 KL Loss:1.3566 Recon Loss:0.0918 Acc:0.0250 
Epoch:60 Time:44.8 Data:0.0 Loss:7.1528 Cls Loss:6.4092 Pair Loss:0.6430 Center Loss:0.1005 KL Loss:1.4758 Recon Loss:0.0918 Acc:0.0246 
=> Test at epoch 60
==========Test with latent_z: z_c =========
Extracted features for query set, obtained torch.Size([2228, 1280]) matrix
Extracted features for gallery set, obtained torch.Size([17661, 1280]) matrix
Extracting features complete in 0m 9s
Distance computing in 0m 1s
Results ---------------------------------------------------
top1:73.2% top5:82.9% top10:86.4% top20:89.6% mAP:49.7%
-----------------------------------------------------------
Using 0m 3s
Classifier results ---------------------------------------------------
Query acc: 0.0% Gallery acc: 0.0% Total acc: 0.0%
==========Test with latent_z: new_z =========
Extracted features for query set, obtained torch.Size([2228, 192]) matrix
Extracted features for gallery set, obtained torch.Size([17661, 192]) matrix
Extracting features complete in 0m 6s
Distance computing in 0m 0s
Results ---------------------------------------------------
top1:84.5% top5:91.6% top10:93.5% top20:95.0% mAP:70.9%
-----------------------------------------------------------
Using 0m 3s
Classifier results ---------------------------------------------------
Query acc: 0.0% Gallery acc: 0.0% Total acc: 0.0%
Epoch:61 Time:47.2 Data:0.0 Loss:7.1020 Cls Loss:6.4114 Pair Loss:0.6029 Center Loss:0.0877 KL Loss:0.5823 Recon Loss:0.0918 Acc:0.0246 
Epoch:62 Time:44.9 Data:0.0 Loss:7.0584 Cls Loss:6.4100 Pair Loss:0.5721 Center Loss:0.0763 KL Loss:0.5471 Recon Loss:0.0917 Acc:0.0249 
Epoch:63 Time:41.8 Data:0.0 Loss:7.0523 Cls Loss:6.4128 Pair Loss:0.5668 Center Loss:0.0727 KL Loss:0.4910 Recon Loss:0.0918 Acc:0.0242 
Epoch:64 Time:45.2 Data:0.0 Loss:7.0379 Cls Loss:6.4110 Pair Loss:0.5573 Center Loss:0.0697 KL Loss:0.5758 Recon Loss:0.0918 Acc:0.0242 
Epoch:65 Time:44.3 Data:0.0 Loss:7.0375 Cls Loss:6.4162 Pair Loss:0.5549 Center Loss:0.0664 KL Loss:0.5093 Recon Loss:0.0920 Acc:0.0242 
=> Test at epoch 65
==========Test with latent_z: z_c =========
Extracted features for query set, obtained torch.Size([2228, 1280]) matrix
Extracted features for gallery set, obtained torch.Size([17661, 1280]) matrix
Extracting features complete in 0m 7s
Distance computing in 0m 1s
Results ---------------------------------------------------
top1:67.7% top5:80.1% top10:84.0% top20:87.1% mAP:41.8%
-----------------------------------------------------------
Using 0m 4s
Classifier results ---------------------------------------------------
Query acc: 0.0% Gallery acc: 0.0% Total acc: 0.0%
==========Test with latent_z: new_z =========
Extracted features for query set, obtained torch.Size([2228, 192]) matrix
Extracted features for gallery set, obtained torch.Size([17661, 192]) matrix
Extracting features complete in 0m 7s
Distance computing in 0m 0s
Results ---------------------------------------------------
top1:84.5% top5:91.6% top10:93.5% top20:95.0% mAP:70.9%
-----------------------------------------------------------
Using 0m 3s
Classifier results ---------------------------------------------------
Query acc: 0.0% Gallery acc: 0.0% Total acc: 0.0%
Epoch:66 Time:46.3 Data:0.0 Loss:7.0445 Cls Loss:6.4174 Pair Loss:0.5612 Center Loss:0.0660 KL Loss:0.5525 Recon Loss:0.0918 Acc:0.0241 
Epoch:67 Time:45.1 Data:0.0 Loss:7.0441 Cls Loss:6.4189 Pair Loss:0.5591 Center Loss:0.0661 KL Loss:0.5301 Recon Loss:0.0917 Acc:0.0245 
Epoch:68 Time:41.9 Data:0.0 Loss:7.0542 Cls Loss:6.4147 Pair Loss:0.5743 Center Loss:0.0652 KL Loss:0.5415 Recon Loss:0.0918 Acc:0.0245 
Epoch:69 Time:45.4 Data:0.0 Loss:7.0325 Cls Loss:6.4174 Pair Loss:0.5520 Center Loss:0.0631 KL Loss:0.5244 Recon Loss:0.0920 Acc:0.0244 
Epoch:70 Time:44.4 Data:0.0 Loss:7.0231 Cls Loss:6.4163 Pair Loss:0.5435 Center Loss:0.0633 KL Loss:0.5413 Recon Loss:0.0918 Acc:0.0242 
=> Test at epoch 70
==========Test with latent_z: z_c =========
Extracted features for query set, obtained torch.Size([2228, 1280]) matrix
Extracted features for gallery set, obtained torch.Size([17661, 1280]) matrix
Extracting features complete in 0m 9s
Distance computing in 0m 1s
Results ---------------------------------------------------
top1:67.5% top5:80.2% top10:84.4% top20:88.4% mAP:42.2%
-----------------------------------------------------------
Using 0m 3s
Classifier results ---------------------------------------------------
Query acc: 0.0% Gallery acc: 0.0% Total acc: 0.0%
==========Test with latent_z: new_z =========
Extracted features for query set, obtained torch.Size([2228, 192]) matrix
Extracted features for gallery set, obtained torch.Size([17661, 192]) matrix
Extracting features complete in 0m 5s
Distance computing in 0m 0s
Results ---------------------------------------------------
top1:84.5% top5:91.6% top10:93.5% top20:95.0% mAP:70.9%
-----------------------------------------------------------
Using 0m 3s
Classifier results ---------------------------------------------------
Query acc: 0.0% Gallery acc: 0.0% Total acc: 0.0%
Epoch:71 Time:45.6 Data:0.0 Loss:7.0382 Cls Loss:6.4161 Pair Loss:0.5586 Center Loss:0.0634 KL Loss:0.5483 Recon Loss:0.0917 Acc:0.0244 
Epoch:72 Time:43.7 Data:0.0 Loss:7.0412 Cls Loss:6.4151 Pair Loss:0.5630 Center Loss:0.0632 KL Loss:0.4821 Recon Loss:0.0918 Acc:0.0240 
Epoch:73 Time:41.1 Data:0.0 Loss:7.0483 Cls Loss:6.4164 Pair Loss:0.5692 Center Loss:0.0627 KL Loss:0.5248 Recon Loss:0.0917 Acc:0.0245 
Epoch:74 Time:46.2 Data:0.0 Loss:7.0423 Cls Loss:6.4155 Pair Loss:0.5644 Center Loss:0.0623 KL Loss:0.5907 Recon Loss:0.0917 Acc:0.0244 
Epoch:75 Time:44.3 Data:0.0 Loss:7.0486 Cls Loss:6.4184 Pair Loss:0.5687 Center Loss:0.0615 KL Loss:0.5576 Recon Loss:0.0919 Acc:0.0239 
=> Test at epoch 75
==========Test with latent_z: z_c =========
Extracted features for query set, obtained torch.Size([2228, 1280]) matrix
Extracted features for gallery set, obtained torch.Size([17661, 1280]) matrix
Extracting features complete in 0m 7s
Distance computing in 0m 1s
Results ---------------------------------------------------
top1:70.2% top5:81.8% top10:86.0% top20:88.8% mAP:45.8%
-----------------------------------------------------------
Using 0m 3s
Classifier results ---------------------------------------------------
Query acc: 0.0% Gallery acc: 0.0% Total acc: 0.0%
==========Test with latent_z: new_z =========
Extracted features for query set, obtained torch.Size([2228, 192]) matrix
Extracted features for gallery set, obtained torch.Size([17661, 192]) matrix
Extracting features complete in 0m 8s
Distance computing in 0m 0s
Results ---------------------------------------------------
top1:84.5% top5:91.6% top10:93.5% top20:95.0% mAP:70.9%
-----------------------------------------------------------
Using 0m 3s
Classifier results ---------------------------------------------------
Query acc: 0.0% Gallery acc: 0.0% Total acc: 0.0%
Epoch:76 Time:46.4 Data:0.0 Loss:7.0493 Cls Loss:6.4158 Pair Loss:0.5718 Center Loss:0.0616 KL Loss:0.5323 Recon Loss:0.0919 Acc:0.0242 
Epoch:77 Time:45.4 Data:0.0 Loss:7.0399 Cls Loss:6.4212 Pair Loss:0.5590 Center Loss:0.0597 KL Loss:0.5708 Recon Loss:0.0918 Acc:0.0244 
Epoch:78 Time:40.7 Data:0.0 Loss:7.0547 Cls Loss:6.4192 Pair Loss:0.5741 Center Loss:0.0614 KL Loss:0.5519 Recon Loss:0.0918 Acc:0.0241 
Epoch:79 Time:45.2 Data:0.0 Loss:7.0405 Cls Loss:6.4175 Pair Loss:0.5627 Center Loss:0.0604 KL Loss:0.5684 Recon Loss:0.0917 Acc:0.0243 
Epoch:80 Time:45.3 Data:0.0 Loss:7.0457 Cls Loss:6.4200 Pair Loss:0.5654 Center Loss:0.0603 KL Loss:0.5495 Recon Loss:0.0917 Acc:0.0243 
=> Test at epoch 80
==========Test with latent_z: z_c =========
Extracted features for query set, obtained torch.Size([2228, 1280]) matrix
Extracted features for gallery set, obtained torch.Size([17661, 1280]) matrix
Extracting features complete in 0m 8s
Distance computing in 0m 1s
Results ---------------------------------------------------
top1:68.9% top5:81.4% top10:84.5% top20:87.2% mAP:43.6%
-----------------------------------------------------------
Using 0m 3s
Classifier results ---------------------------------------------------
Query acc: 0.0% Gallery acc: 0.0% Total acc: 0.0%
==========Test with latent_z: new_z =========
Extracted features for query set, obtained torch.Size([2228, 192]) matrix
Extracted features for gallery set, obtained torch.Size([17661, 192]) matrix
Extracting features complete in 0m 5s
Distance computing in 0m 0s
Results ---------------------------------------------------
top1:84.5% top5:91.6% top10:93.5% top20:95.0% mAP:70.9%
-----------------------------------------------------------
Using 0m 3s
Classifier results ---------------------------------------------------
Query acc: 0.0% Gallery acc: 0.0% Total acc: 0.0%
Epoch:81 Time:46.0 Data:0.0 Loss:7.0409 Cls Loss:6.4186 Pair Loss:0.5632 Center Loss:0.0591 KL Loss:0.5139 Recon Loss:0.0917 Acc:0.0242 
Epoch:82 Time:45.6 Data:0.0 Loss:7.0428 Cls Loss:6.4140 Pair Loss:0.5701 Center Loss:0.0587 KL Loss:0.4765 Recon Loss:0.0918 Acc:0.0242 
Epoch:83 Time:36.6 Data:0.0 Loss:7.0178 Cls Loss:6.4142 Pair Loss:0.5466 Center Loss:0.0571 KL Loss:0.5059 Recon Loss:0.0918 Acc:0.0241 
Epoch:84 Time:31.3 Data:0.0 Loss:7.0617 Cls Loss:6.4157 Pair Loss:0.5862 Center Loss:0.0598 KL Loss:0.5475 Recon Loss:0.0918 Acc:0.0237 
Epoch:85 Time:30.4 Data:0.0 Loss:7.0360 Cls Loss:6.4162 Pair Loss:0.5611 Center Loss:0.0587 KL Loss:0.4911 Recon Loss:0.0918 Acc:0.0243 
=> Test at epoch 85
==========Test with latent_z: z_c =========
Extracted features for query set, obtained torch.Size([2228, 1280]) matrix
Extracted features for gallery set, obtained torch.Size([17661, 1280]) matrix
Extracting features complete in 0m 5s
Distance computing in 0m 0s
Results ---------------------------------------------------
top1:66.6% top5:79.2% top10:83.5% top20:86.9% mAP:41.2%
-----------------------------------------------------------
Using 0m 3s
Classifier results ---------------------------------------------------
Query acc: 0.0% Gallery acc: 0.0% Total acc: 0.0%
==========Test with latent_z: new_z =========
Extracted features for query set, obtained torch.Size([2228, 192]) matrix
Extracted features for gallery set, obtained torch.Size([17661, 192]) matrix
Extracting features complete in 0m 4s
Distance computing in 0m 0s
Results ---------------------------------------------------
top1:84.5% top5:91.6% top10:93.5% top20:95.0% mAP:70.9%
-----------------------------------------------------------
Using 0m 2s
Classifier results ---------------------------------------------------
Query acc: 0.0% Gallery acc: 0.0% Total acc: 0.0%
Epoch:86 Time:19.2 Data:0.0 Loss:7.0458 Cls Loss:6.4164 Pair Loss:0.5711 Center Loss:0.0583 KL Loss:0.5468 Recon Loss:0.0918 Acc:0.0242 
Epoch:87 Time:18.6 Data:0.0 Loss:7.0360 Cls Loss:6.4184 Pair Loss:0.5595 Center Loss:0.0581 KL Loss:0.5363 Recon Loss:0.0918 Acc:0.0241 
Epoch:88 Time:18.4 Data:0.0 Loss:7.0335 Cls Loss:6.4147 Pair Loss:0.5610 Center Loss:0.0577 KL Loss:0.5759 Recon Loss:0.0919 Acc:0.0243 
Epoch:89 Time:18.5 Data:0.0 Loss:7.0536 Cls Loss:6.4151 Pair Loss:0.5806 Center Loss:0.0579 KL Loss:0.5564 Recon Loss:0.0918 Acc:0.0244 
Epoch:90 Time:18.4 Data:0.0 Loss:7.0368 Cls Loss:6.4158 Pair Loss:0.5632 Center Loss:0.0579 KL Loss:0.5017 Recon Loss:0.0919 Acc:0.0241 
=> Test at epoch 90
==========Test with latent_z: z_c =========
Extracted features for query set, obtained torch.Size([2228, 1280]) matrix
Extracted features for gallery set, obtained torch.Size([17661, 1280]) matrix
Extracting features complete in 0m 5s
Distance computing in 0m 0s
Results ---------------------------------------------------
top1:70.2% top5:82.0% top10:85.5% top20:88.6% mAP:43.4%
-----------------------------------------------------------
Using 0m 2s
Classifier results ---------------------------------------------------
Query acc: 0.0% Gallery acc: 0.0% Total acc: 0.0%
==========Test with latent_z: new_z =========
Extracted features for query set, obtained torch.Size([2228, 192]) matrix
Extracted features for gallery set, obtained torch.Size([17661, 192]) matrix
Extracting features complete in 0m 4s
Distance computing in 0m 0s
Results ---------------------------------------------------
top1:84.5% top5:91.6% top10:93.5% top20:95.0% mAP:70.9%
-----------------------------------------------------------
Using 0m 2s
Classifier results ---------------------------------------------------
Query acc: 0.0% Gallery acc: 0.0% Total acc: 0.0%
Epoch:91 Time:19.1 Data:0.0 Loss:7.0605 Cls Loss:6.4141 Pair Loss:0.5894 Center Loss:0.0571 KL Loss:0.5545 Recon Loss:0.0918 Acc:0.0241 
Epoch:92 Time:18.4 Data:0.0 Loss:7.0421 Cls Loss:6.4120 Pair Loss:0.5734 Center Loss:0.0567 KL Loss:0.5278 Recon Loss:0.0917 Acc:0.0241 
Epoch:93 Time:18.4 Data:0.0 Loss:7.0642 Cls Loss:6.4164 Pair Loss:0.5902 Center Loss:0.0576 KL Loss:0.5039 Recon Loss:0.0918 Acc:0.0238 
Epoch:94 Time:18.5 Data:0.0 Loss:7.0463 Cls Loss:6.4155 Pair Loss:0.5750 Center Loss:0.0558 KL Loss:0.5519 Recon Loss:0.0917 Acc:0.0239 
Epoch:95 Time:18.4 Data:0.0 Loss:7.0500 Cls Loss:6.4171 Pair Loss:0.5776 Center Loss:0.0554 KL Loss:0.5386 Recon Loss:0.0918 Acc:0.0242 
=> Test at epoch 95
==========Test with latent_z: z_c =========
Extracted features for query set, obtained torch.Size([2228, 1280]) matrix
Extracted features for gallery set, obtained torch.Size([17661, 1280]) matrix
Extracting features complete in 0m 5s
Distance computing in 0m 0s
Results ---------------------------------------------------
top1:68.9% top5:81.0% top10:84.9% top20:87.8% mAP:42.9%
-----------------------------------------------------------
Using 0m 2s
Classifier results ---------------------------------------------------
Query acc: 0.0% Gallery acc: 0.0% Total acc: 0.0%
==========Test with latent_z: new_z =========
Extracted features for query set, obtained torch.Size([2228, 192]) matrix
Extracted features for gallery set, obtained torch.Size([17661, 192]) matrix
Extracting features complete in 0m 4s
Distance computing in 0m 0s
Results ---------------------------------------------------
top1:84.5% top5:91.6% top10:93.5% top20:95.0% mAP:70.9%
-----------------------------------------------------------
Using 0m 2s
Classifier results ---------------------------------------------------
Query acc: 0.0% Gallery acc: 0.0% Total acc: 0.0%
Epoch:96 Time:19.2 Data:0.0 Loss:7.0380 Cls Loss:6.4147 Pair Loss:0.5691 Center Loss:0.0542 KL Loss:0.4739 Recon Loss:0.0918 Acc:0.0241 
Epoch:97 Time:18.5 Data:0.0 Loss:7.0338 Cls Loss:6.4179 Pair Loss:0.5617 Center Loss:0.0543 KL Loss:0.5117 Recon Loss:0.0917 Acc:0.0241 
Epoch:98 Time:18.2 Data:0.0 Loss:7.0332 Cls Loss:6.4170 Pair Loss:0.5616 Center Loss:0.0546 KL Loss:0.5426 Recon Loss:0.0919 Acc:0.0242 
Epoch:99 Time:18.9 Data:0.0 Loss:7.0586 Cls Loss:6.4169 Pair Loss:0.5869 Center Loss:0.0548 KL Loss:0.5246 Recon Loss:0.0918 Acc:0.0243 
Epoch:100 Time:18.5 Data:0.0 Loss:7.0591 Cls Loss:6.4159 Pair Loss:0.5875 Center Loss:0.0557 KL Loss:0.4954 Recon Loss:0.0919 Acc:0.0242 
=> Test at epoch 100
==========Test with latent_z: z_c =========
Extracted features for query set, obtained torch.Size([2228, 1280]) matrix
Extracted features for gallery set, obtained torch.Size([17661, 1280]) matrix
Extracting features complete in 0m 5s
Distance computing in 0m 0s
Results ---------------------------------------------------
top1:69.7% top5:81.7% top10:84.9% top20:88.6% mAP:45.8%
-----------------------------------------------------------
Using 0m 2s
Classifier results ---------------------------------------------------
Query acc: 0.0% Gallery acc: 0.0% Total acc: 0.0%
==========Test with latent_z: new_z =========
Extracted features for query set, obtained torch.Size([2228, 192]) matrix
Extracted features for gallery set, obtained torch.Size([17661, 192]) matrix
Extracting features complete in 0m 4s
Distance computing in 0m 0s
Results ---------------------------------------------------
top1:84.5% top5:91.6% top10:93.5% top20:95.0% mAP:70.9%
-----------------------------------------------------------
Using 0m 2s
Classifier results ---------------------------------------------------
Query acc: 0.0% Gallery acc: 0.0% Total acc: 0.0%
Epoch:101 Time:19.0 Data:0.0 Loss:7.0394 Cls Loss:6.4180 Pair Loss:0.5678 Center Loss:0.0536 KL Loss:0.5184 Recon Loss:0.0919 Acc:0.0240 
Epoch:102 Time:20.6 Data:0.0 Loss:7.0330 Cls Loss:6.4142 Pair Loss:0.5659 Center Loss:0.0530 KL Loss:0.4858 Recon Loss:0.0919 Acc:0.0242 
Epoch:103 Time:18.7 Data:0.0 Loss:7.0336 Cls Loss:6.4173 Pair Loss:0.5639 Center Loss:0.0524 KL Loss:0.4787 Recon Loss:0.0917 Acc:0.0242 
Epoch:104 Time:18.2 Data:0.0 Loss:7.0480 Cls Loss:6.4160 Pair Loss:0.5784 Center Loss:0.0536 KL Loss:0.4817 Recon Loss:0.0918 Acc:0.0243 
Epoch:105 Time:18.6 Data:0.0 Loss:7.0234 Cls Loss:6.4176 Pair Loss:0.5534 Center Loss:0.0523 KL Loss:0.4579 Recon Loss:0.0917 Acc:0.0244 
=> Test at epoch 105
==========Test with latent_z: z_c =========
Extracted features for query set, obtained torch.Size([2228, 1280]) matrix
Extracted features for gallery set, obtained torch.Size([17661, 1280]) matrix
Extracting features complete in 0m 5s
Distance computing in 0m 0s
Results ---------------------------------------------------
top1:68.0% top5:79.4% top10:83.1% top20:86.7% mAP:42.1%
-----------------------------------------------------------
Using 0m 2s
Classifier results ---------------------------------------------------
Query acc: 0.0% Gallery acc: 0.0% Total acc: 0.0%
==========Test with latent_z: new_z =========
Extracted features for query set, obtained torch.Size([2228, 192]) matrix
Extracted features for gallery set, obtained torch.Size([17661, 192]) matrix
Extracting features complete in 0m 4s
Distance computing in 0m 0s
Results ---------------------------------------------------
top1:84.5% top5:91.6% top10:93.5% top20:95.0% mAP:70.9%
-----------------------------------------------------------
Using 0m 2s
Classifier results ---------------------------------------------------
Query acc: 0.0% Gallery acc: 0.0% Total acc: 0.0%
Epoch:106 Time:18.8 Data:0.0 Loss:7.0340 Cls Loss:6.4151 Pair Loss:0.5671 Center Loss:0.0518 KL Loss:0.5364 Recon Loss:0.0919 Acc:0.0241 
Epoch:107 Time:18.7 Data:0.0 Loss:7.0398 Cls Loss:6.4177 Pair Loss:0.5695 Center Loss:0.0527 KL Loss:0.4904 Recon Loss:0.0917 Acc:0.0241 
Epoch:108 Time:18.7 Data:0.0 Loss:7.0574 Cls Loss:6.4175 Pair Loss:0.5874 Center Loss:0.0526 KL Loss:0.5440 Recon Loss:0.0917 Acc:0.0237 
Epoch:109 Time:18.5 Data:0.0 Loss:7.0480 Cls Loss:6.4177 Pair Loss:0.5778 Center Loss:0.0525 KL Loss:0.4765 Recon Loss:0.0918 Acc:0.0241 
Epoch:110 Time:18.5 Data:0.0 Loss:7.0358 Cls Loss:6.4182 Pair Loss:0.5653 Center Loss:0.0524 KL Loss:0.5746 Recon Loss:0.0918 Acc:0.0242 
=> Test at epoch 110
==========Test with latent_z: z_c =========
Extracted features for query set, obtained torch.Size([2228, 1280]) matrix
Extracted features for gallery set, obtained torch.Size([17661, 1280]) matrix
Extracting features complete in 0m 5s
Distance computing in 0m 0s
Results ---------------------------------------------------
top1:70.0% top5:80.9% top10:85.2% top20:88.2% mAP:44.8%
-----------------------------------------------------------
Using 0m 2s
Classifier results ---------------------------------------------------
Query acc: 0.0% Gallery acc: 0.0% Total acc: 0.0%
==========Test with latent_z: new_z =========
Extracted features for query set, obtained torch.Size([2228, 192]) matrix
Extracted features for gallery set, obtained torch.Size([17661, 192]) matrix
Extracting features complete in 0m 4s
Distance computing in 0m 0s
Results ---------------------------------------------------
top1:84.5% top5:91.6% top10:93.5% top20:95.0% mAP:70.9%
-----------------------------------------------------------
Using 0m 2s
Classifier results ---------------------------------------------------
Query acc: 0.0% Gallery acc: 0.0% Total acc: 0.0%
Epoch:111 Time:18.6 Data:0.0 Loss:7.0286 Cls Loss:6.4119 Pair Loss:0.5641 Center Loss:0.0526 KL Loss:0.4773 Recon Loss:0.0918 Acc:0.0242 
Epoch:112 Time:18.5 Data:0.0 Loss:7.0425 Cls Loss:6.4223 Pair Loss:0.5686 Center Loss:0.0515 KL Loss:0.4970 Recon Loss:0.0918 Acc:0.0242 
Epoch:113 Time:18.7 Data:0.0 Loss:7.0332 Cls Loss:6.4185 Pair Loss:0.5637 Center Loss:0.0510 KL Loss:0.5126 Recon Loss:0.0918 Acc:0.0241 
Epoch:114 Time:18.3 Data:0.0 Loss:7.0454 Cls Loss:6.4151 Pair Loss:0.5790 Center Loss:0.0513 KL Loss:0.4777 Recon Loss:0.0918 Acc:0.0245 
Epoch:115 Time:18.8 Data:0.0 Loss:7.0451 Cls Loss:6.4192 Pair Loss:0.5757 Center Loss:0.0502 KL Loss:0.4470 Recon Loss:0.0918 Acc:0.0239 
=> Test at epoch 115
==========Test with latent_z: z_c =========
Extracted features for query set, obtained torch.Size([2228, 1280]) matrix
Extracted features for gallery set, obtained torch.Size([17661, 1280]) matrix
Extracting features complete in 0m 4s
Distance computing in 0m 0s
Results ---------------------------------------------------
top1:68.1% top5:80.9% top10:84.8% top20:87.6% mAP:42.8%
-----------------------------------------------------------
Using 0m 2s
Classifier results ---------------------------------------------------
Query acc: 0.0% Gallery acc: 0.0% Total acc: 0.0%
==========Test with latent_z: new_z =========
Extracted features for query set, obtained torch.Size([2228, 192]) matrix
Extracted features for gallery set, obtained torch.Size([17661, 192]) matrix
Extracting features complete in 0m 4s
Distance computing in 0m 0s
Results ---------------------------------------------------
top1:84.5% top5:91.6% top10:93.5% top20:95.0% mAP:70.9%
-----------------------------------------------------------
Using 0m 2s
Classifier results ---------------------------------------------------
Query acc: 0.0% Gallery acc: 0.0% Total acc: 0.0%
Epoch:116 Time:18.9 Data:0.0 Loss:7.0298 Cls Loss:6.4162 Pair Loss:0.5629 Center Loss:0.0507 KL Loss:0.5253 Recon Loss:0.0917 Acc:0.0237 
Epoch:117 Time:18.6 Data:0.0 Loss:7.0414 Cls Loss:6.4188 Pair Loss:0.5718 Center Loss:0.0508 KL Loss:0.4870 Recon Loss:0.0918 Acc:0.0238 
Epoch:118 Time:18.5 Data:0.0 Loss:7.0313 Cls Loss:6.4137 Pair Loss:0.5665 Center Loss:0.0511 KL Loss:0.4966 Recon Loss:0.0918 Acc:0.0243 
Epoch:119 Time:18.8 Data:0.0 Loss:7.0225 Cls Loss:6.4185 Pair Loss:0.5540 Center Loss:0.0500 KL Loss:0.4461 Recon Loss:0.0917 Acc:0.0247 
Epoch:120 Time:18.4 Data:0.0 Loss:7.0285 Cls Loss:6.4187 Pair Loss:0.5594 Center Loss:0.0504 KL Loss:0.4498 Recon Loss:0.0917 Acc:0.0246 
=> Test at epoch 120
==========Test with latent_z: z_c =========
Extracted features for query set, obtained torch.Size([2228, 1280]) matrix
Extracted features for gallery set, obtained torch.Size([17661, 1280]) matrix
Extracting features complete in 0m 5s
Distance computing in 0m 0s
Results ---------------------------------------------------
top1:69.6% top5:81.5% top10:85.1% top20:88.5% mAP:44.5%
-----------------------------------------------------------
Using 0m 2s
Classifier results ---------------------------------------------------
Query acc: 0.0% Gallery acc: 0.0% Total acc: 0.0%
==========Test with latent_z: new_z =========
Extracted features for query set, obtained torch.Size([2228, 192]) matrix
Extracted features for gallery set, obtained torch.Size([17661, 192]) matrix
Extracting features complete in 0m 4s
Distance computing in 0m 0s
Results ---------------------------------------------------
top1:84.5% top5:91.6% top10:93.5% top20:95.0% mAP:70.9%
-----------------------------------------------------------
Using 0m 2s
Classifier results ---------------------------------------------------
Query acc: 0.0% Gallery acc: 0.0% Total acc: 0.0%
Keep checkpoint file: checkpoint_ep120.pth.tar
=> Best Rank-1 83.6%, mAP 69.4% achieved at epoch 5
Finished. Total elapsed time (h:m:s): 1:23:10. Training time (h:m:s): 1:14:34.
Shutting down background jobs, please wait a moment...
Done!
Waiting for the remaining 35 operations to synchronize with Neptune. Do not kill this process.
All 35 operations synced, thanks for waiting!
Explore the metadata in the Neptune app:
https://app.neptune.ai/Zhengwei-Lab/MayCVAE/e/MAY-499/metadata
