=> merge config from ./configs/base_msmt17/clipreid_cvae_kl.yaml
=> Configurations:
-------------------------
AMP: True
AUG:
  RC_PROB: 0.5
  RE_PROB: 0.5
DATA:
  CUHK03_CLASSIC_SPLIT: False
  CUHK03_LABELED: False
  DATASET: msmt17
  FORMAT_TAG: tensor
  HEIGHT: 256
  NUM_INSTANCES: 4
  NUM_WORKERS: 4
  ROOT: /home/zhengwei/my_data/datasets
  SPLIT_ID: 0
  TEST_BATCH: 512
  TRAIN_BATCH: 64
  TRAIN_FORMAT: base
  WIDTH: 128
EVAL_MODE: False
GPU: 1
LOSS:
  CLA_LOSS: crossentropy
  CLA_M: 0.0
  CLA_S: 16.0
  PAIR_LOSS: triplet
  PAIR_M: 0.3
  PAIR_S: 16.0
  RECON_LOSS: mse
  USE_NCE: False
MODEL:
  CONDITIONAL: False
  FEATURE_DIM: 1280
  FEAT_FUSION: False
  FLOW_TYPE: 
  GAUSSIAN: MultivariateNormal
  HIDDEN_DIM: 256
  LATENT_SIZE: 64
  NAME: CVAE
  ONLY_CVAE_KL: False
  ONLY_X_INPUT: False
  PRETRAIN: CLIPreID_Tune_MSMT17
  PROJECTION_TYPE: None
  RES4_STRIDE: 1
  RESUME: /data/zhengwei/CVAE/outputs/msmt17/clipreid_simplevae_base/2024-08-31/baseMSMT17_SimpleVAE_128+64z_1e3_60+120_KLtotalZ_noCLS
  STYLE_NUM: 0
  TRAIN_STAGE: reid+cls_stage
  USE_CENTROID: False
  USE_TWO_ENCODER: False
  VAE_TYPE: SinpleVAE
  ZC_DIM: 128
  ZS_DIM: 64
OUTPUT: /data/zhengwei/CVAE/outputs/msmt17/clipreid_simplevae_base/2024-08-31/baseMSMT17_SimpleVAE_128+64z_1e3_60+120_KLtotalZ_noCLS/2nd_stage/2024-09-04/baseMSMT17_SimpleVAE_128+64z_1e3_60+120_KLtotalZ_L1280+bn+CLS_Trip+Center+Ce
SAVED_NAME: baseMSMT17_SimpleVAE_128+64z_1e3_60+120_KLtotalZ_L1280+bn+CLS_Trip+Center+Ce
SEED: 0
TAG: clipreid_simplevae_base
TEST:
  DISTANCE: cosine
  EVAL_STEP: 5
  START_EVAL: -1
TRAIN:
  AMP: False
  LR_SCHEDULER:
    DECAY_RATE: 0.1
    NAME: MultiStepLR
    STEPSIZE: [60]
  MAX_EPOCH: 120
  OPTIMIZER:
    LR: 0.001
    NAME: adam
    SGDLR: 0.01
    SGD_MOMENTUM: 0.9
    SGD_WEIGHT_DECAY: 0.0005
    WEIGHT_DECAY: 0.0001
  START_EPOCH: 0
----------------------
Initializing dataset msmt17
{1, 2, 3, 4, 5, 6, 7, 8, 9, 10, 11, 12, 13, 14, 15} cam_container
{1, 2, 3, 4, 5, 6, 7, 8, 9, 10, 11, 12, 13, 14, 15} cam_container
{1, 2, 3, 4, 5, 6, 7, 8, 9, 10, 11, 12, 13, 14, 15} cam_container
{1, 2, 3, 4, 5, 6, 7, 8, 9, 10, 11, 12, 13, 14, 15} cam_container
=> MSMT17 loaded
Dataset statistics:
  ----------------------------------------
  subset   | # ids | # images | # cameras
  ----------------------------------------
  train    |  1041 |    32621 |        15
  query    |  3060 |    11659 |        15
  gallery  |  3060 |    82161 |        15
  ----------------------------------------
Initializing SinpleVAE model
============Warning! No projection layer is used in Training!=================
============Warning! Using Defalt Linear 1280 to intialize!=================
Model size: 13.27827M
Using Linear classifier
Initialized classifier with feature_dim: 1280, num_classes: 1041
Classifier size: 1.33248M
reid_projector.weight is tuneable
i2t_projector.weight is tuneable
i2t_projector.bias is tuneable
=> Start Training second stage model
Loading checkpoint from '/data/zhengwei/CVAE/outputs/msmt17/clipreid_simplevae_base/2024-08-31/baseMSMT17_SimpleVAE_128+64z_1e3_60+120_KLtotalZ_noCLS/checkpoint_ep120.pth.tar'
Loading all parameter:  encoder.0.weight
Loading all parameter:  encoder.0.bias
Loading all parameter:  encoder.1.weight
Loading all parameter:  encoder.1.bias
Loading all parameter:  encoder.1.running_mean
Loading all parameter:  encoder.1.running_var
Loading all parameter:  encoder.1.num_batches_tracked
Loading all parameter:  fc_mu.0.weight
Loading all parameter:  fc_mu.0.bias
Loading all parameter:  fc_logvar.0.weight
Loading all parameter:  fc_logvar.0.bias
Loading all parameter:  decoder.0.weight
Loading all parameter:  decoder.0.bias
Loading all parameter:  decoder.1.weight
Loading all parameter:  decoder.1.bias
Loading all parameter:  decoder.1.running_mean
Loading all parameter:  decoder.1.running_var
Loading all parameter:  decoder.1.num_batches_tracked
Loading all parameter:  decoder.3.weight
Loading all parameter:  decoder.3.bias
Loading all parameter:  u_embedding.gate.0.weight
Loading all parameter:  u_embedding.gate.0.bias
Loading all parameter:  u_embedding.adapters.0.weight
Loading all parameter:  u_embedding.adapters.0.bias
Loading all parameter:  u_embedding.adapters.1.weight
Loading all parameter:  u_embedding.adapters.1.bias
Loading all parameter:  u_embedding.adapters.2.weight
Loading all parameter:  u_embedding.adapters.2.bias
Loading all parameter:  u_embedding.adapters.3.weight
Loading all parameter:  u_embedding.adapters.3.bias
Loading all parameter:  u_embedding.adapters.4.weight
Loading all parameter:  u_embedding.adapters.4.bias
Loading all parameter:  u_embedding.adapters.5.weight
Loading all parameter:  u_embedding.adapters.5.bias
Loading all parameter:  u_embedding.adapters.6.weight
Loading all parameter:  u_embedding.adapters.6.bias
Loading all parameter:  u_embedding.adapters.7.weight
Loading all parameter:  u_embedding.adapters.7.bias
Loading all parameter:  u_embedding.adapters.8.weight
Loading all parameter:  u_embedding.adapters.8.bias
Loading all parameter:  u_embedding.adapters.9.weight
Loading all parameter:  u_embedding.adapters.9.bias
Loading all parameter:  u_embedding.adapters.10.weight
Loading all parameter:  u_embedding.adapters.10.bias
Loading all parameter:  u_embedding.adapters.11.weight
Loading all parameter:  u_embedding.adapters.11.bias
Loading all parameter:  u_embedding.adapters.12.weight
Loading all parameter:  u_embedding.adapters.12.bias
Loading all parameter:  u_embedding.adapters.13.weight
Loading all parameter:  u_embedding.adapters.13.bias
Loading all parameter:  u_embedding.adapters.14.weight
Loading all parameter:  u_embedding.adapters.14.bias
Loading all parameter:  u_embedding.adapters.15.weight
Loading all parameter:  u_embedding.adapters.15.bias
Loading all parameter:  u_embedding.adapters.16.weight
Loading all parameter:  u_embedding.adapters.16.bias
Loading all parameter:  u_embedding.adapters.17.weight
Loading all parameter:  u_embedding.adapters.17.bias
Loading all parameter:  u_embedding.adapters.18.weight
Loading all parameter:  u_embedding.adapters.18.bias
Loading all parameter:  u_embedding.adapters.19.weight
Loading all parameter:  u_embedding.adapters.19.bias
Loading all parameter:  u_embedding.adapters.20.weight
Loading all parameter:  u_embedding.adapters.20.bias
Loading all parameter:  u_embedding.adapters.21.weight
Loading all parameter:  u_embedding.adapters.21.bias
Loading all parameter:  u_embedding.adapters.22.weight
Loading all parameter:  u_embedding.adapters.22.bias
Loading all parameter:  u_embedding.adapters.23.weight
Loading all parameter:  u_embedding.adapters.23.bias
Loading all parameter:  u_embedding.adapters.24.weight
Loading all parameter:  u_embedding.adapters.24.bias
Loading all parameter:  u_embedding.adapters.25.weight
Loading all parameter:  u_embedding.adapters.25.bias
Loading all parameter:  u_embedding.adapters.26.weight
Loading all parameter:  u_embedding.adapters.26.bias
Loading all parameter:  u_embedding.adapters.27.weight
Loading all parameter:  u_embedding.adapters.27.bias
Loading all parameter:  u_embedding.adapters.28.weight
Loading all parameter:  u_embedding.adapters.28.bias
Loading all parameter:  u_embedding.adapters.29.weight
Loading all parameter:  u_embedding.adapters.29.bias
Loading all parameter:  u_embedding.adapters.30.weight
Loading all parameter:  u_embedding.adapters.30.bias
Loading all parameter:  u_embedding.adapters.31.weight
Loading all parameter:  u_embedding.adapters.31.bias
Loading all parameter:  u_embedding.adapters.32.weight
Loading all parameter:  u_embedding.adapters.32.bias
Loading all parameter:  u_embedding.adapters.33.weight
Loading all parameter:  u_embedding.adapters.33.bias
Loading all parameter:  u_embedding.adapters.34.weight
Loading all parameter:  u_embedding.adapters.34.bias
Loading all parameter:  u_embedding.adapters.35.weight
Loading all parameter:  u_embedding.adapters.35.bias
Loading all parameter:  u_embedding.adapters.36.weight
Loading all parameter:  u_embedding.adapters.36.bias
Loading all parameter:  u_embedding.adapters.37.weight
Loading all parameter:  u_embedding.adapters.37.bias
Loading all parameter:  u_embedding.adapters.38.weight
Loading all parameter:  u_embedding.adapters.38.bias
Loading all parameter:  u_embedding.adapters.39.weight
Loading all parameter:  u_embedding.adapters.39.bias
Loading all parameter:  u_embedding.adapters.40.weight
Loading all parameter:  u_embedding.adapters.40.bias
Loading all parameter:  u_embedding.adapters.41.weight
Loading all parameter:  u_embedding.adapters.41.bias
Loading all parameter:  u_embedding.adapters.42.weight
Loading all parameter:  u_embedding.adapters.42.bias
Loading all parameter:  u_embedding.adapters.43.weight
Loading all parameter:  u_embedding.adapters.43.bias
Loading all parameter:  u_embedding.adapters.44.weight
Loading all parameter:  u_embedding.adapters.44.bias
Loading all parameter:  u_embedding.adapters.45.weight
Loading all parameter:  u_embedding.adapters.45.bias
Loading all parameter:  u_embedding.adapters.46.weight
Loading all parameter:  u_embedding.adapters.46.bias
Loading all parameter:  u_embedding.adapters.47.weight
Loading all parameter:  u_embedding.adapters.47.bias
Loading all parameter:  u_embedding.adapters.48.weight
Loading all parameter:  u_embedding.adapters.48.bias
Loading all parameter:  u_embedding.adapters.49.weight
Loading all parameter:  u_embedding.adapters.49.bias
Loading all parameter:  u_embedding.adapters.50.weight
Loading all parameter:  u_embedding.adapters.50.bias
Loading all parameter:  u_embedding.adapters.51.weight
Loading all parameter:  u_embedding.adapters.51.bias
Loading all parameter:  u_embedding.adapters.52.weight
Loading all parameter:  u_embedding.adapters.52.bias
Loading all parameter:  u_embedding.adapters.53.weight
Loading all parameter:  u_embedding.adapters.53.bias
Loading all parameter:  u_embedding.adapters.54.weight
Loading all parameter:  u_embedding.adapters.54.bias
Loading all parameter:  u_embedding.adapters.55.weight
Loading all parameter:  u_embedding.adapters.55.bias
Loading all parameter:  u_embedding.adapters.56.weight
Loading all parameter:  u_embedding.adapters.56.bias
Loading all parameter:  u_embedding.adapters.57.weight
Loading all parameter:  u_embedding.adapters.57.bias
Loading all parameter:  u_embedding.adapters.58.weight
Loading all parameter:  u_embedding.adapters.58.bias
Loading all parameter:  u_embedding.adapters.59.weight
Loading all parameter:  u_embedding.adapters.59.bias
Loading all parameter:  u_embedding.adapters.60.weight
Loading all parameter:  u_embedding.adapters.60.bias
Loading all parameter:  u_embedding.adapters.61.weight
Loading all parameter:  u_embedding.adapters.61.bias
Loading all parameter:  u_embedding.adapters.62.weight
Loading all parameter:  u_embedding.adapters.62.bias
Loading all parameter:  u_embedding.adapters.63.weight
Loading all parameter:  u_embedding.adapters.63.bias
Loading all parameter:  u_embedding.adapters.64.weight
Loading all parameter:  u_embedding.adapters.64.bias
Loading all parameter:  u_embedding.adapters.65.weight
Loading all parameter:  u_embedding.adapters.65.bias
Loading all parameter:  u_embedding.adapters.66.weight
Loading all parameter:  u_embedding.adapters.66.bias
Loading all parameter:  u_embedding.adapters.67.weight
Loading all parameter:  u_embedding.adapters.67.bias
Loading all parameter:  u_embedding.adapters.68.weight
Loading all parameter:  u_embedding.adapters.68.bias
Loading all parameter:  u_embedding.adapters.69.weight
Loading all parameter:  u_embedding.adapters.69.bias
Loading all parameter:  u_embedding.adapters.70.weight
Loading all parameter:  u_embedding.adapters.70.bias
Loading all parameter:  u_embedding.adapters.71.weight
Loading all parameter:  u_embedding.adapters.71.bias
Loading all parameter:  u_embedding.adapters.72.weight
Loading all parameter:  u_embedding.adapters.72.bias
Loading all parameter:  u_embedding.adapters.73.weight
Loading all parameter:  u_embedding.adapters.73.bias
Loading all parameter:  u_embedding.adapters.74.weight
Loading all parameter:  u_embedding.adapters.74.bias
Loading all parameter:  u_embedding.adapters.75.weight
Loading all parameter:  u_embedding.adapters.75.bias
Loading all parameter:  u_embedding.adapters.76.weight
Loading all parameter:  u_embedding.adapters.76.bias
Loading all parameter:  u_embedding.adapters.77.weight
Loading all parameter:  u_embedding.adapters.77.bias
Loading all parameter:  u_embedding.adapters.78.weight
Loading all parameter:  u_embedding.adapters.78.bias
Loading all parameter:  u_embedding.adapters.79.weight
Loading all parameter:  u_embedding.adapters.79.bias
Loading all parameter:  u_embedding.adapters.80.weight
Loading all parameter:  u_embedding.adapters.80.bias
Loading all parameter:  u_embedding.adapters.81.weight
Loading all parameter:  u_embedding.adapters.81.bias
Loading all parameter:  u_embedding.adapters.82.weight
Loading all parameter:  u_embedding.adapters.82.bias
Loading all parameter:  u_embedding.adapters.83.weight
Loading all parameter:  u_embedding.adapters.83.bias
Loading all parameter:  u_embedding.adapters.84.weight
Loading all parameter:  u_embedding.adapters.84.bias
Loading all parameter:  u_embedding.adapters.85.weight
Loading all parameter:  u_embedding.adapters.85.bias
Loading all parameter:  u_embedding.adapters.86.weight
Loading all parameter:  u_embedding.adapters.86.bias
Loading all parameter:  u_embedding.adapters.87.weight
Loading all parameter:  u_embedding.adapters.87.bias
Loading all parameter:  u_embedding.adapters.88.weight
Loading all parameter:  u_embedding.adapters.88.bias
Loading all parameter:  u_embedding.adapters.89.weight
Loading all parameter:  u_embedding.adapters.89.bias
Loading all parameter:  u_embedding.adapters.90.weight
Loading all parameter:  u_embedding.adapters.90.bias
Loading all parameter:  u_embedding.adapters.91.weight
Loading all parameter:  u_embedding.adapters.91.bias
Loading all parameter:  u_embedding.adapters.92.weight
Loading all parameter:  u_embedding.adapters.92.bias
Loading all parameter:  u_embedding.adapters.93.weight
Loading all parameter:  u_embedding.adapters.93.bias
Loading all parameter:  u_embedding.adapters.94.weight
Loading all parameter:  u_embedding.adapters.94.bias
Loading all parameter:  u_embedding.adapters.95.weight
Loading all parameter:  u_embedding.adapters.95.bias
Loading all parameter:  u_embedding.adapters.96.weight
Loading all parameter:  u_embedding.adapters.96.bias
Loading all parameter:  u_embedding.adapters.97.weight
Loading all parameter:  u_embedding.adapters.97.bias
Loading all parameter:  u_embedding.adapters.98.weight
Loading all parameter:  u_embedding.adapters.98.bias
Loading all parameter:  u_embedding.adapters.99.weight
Loading all parameter:  u_embedding.adapters.99.bias
Loading all parameter:  u_embedding.adapters.100.weight
Loading all parameter:  u_embedding.adapters.100.bias
Loading all parameter:  u_embedding.adapters.101.weight
Loading all parameter:  u_embedding.adapters.101.bias
Loading all parameter:  u_embedding.adapters.102.weight
Loading all parameter:  u_embedding.adapters.102.bias
Loading all parameter:  u_embedding.adapters.103.weight
Loading all parameter:  u_embedding.adapters.103.bias
Loading all parameter:  u_embedding.adapters.104.weight
Loading all parameter:  u_embedding.adapters.104.bias
Loading all parameter:  u_embedding.adapters.105.weight
Loading all parameter:  u_embedding.adapters.105.bias
Loading all parameter:  u_embedding.adapters.106.weight
Loading all parameter:  u_embedding.adapters.106.bias
Loading all parameter:  u_embedding.adapters.107.weight
Loading all parameter:  u_embedding.adapters.107.bias
Loading all parameter:  u_embedding.adapters.108.weight
Loading all parameter:  u_embedding.adapters.108.bias
Loading all parameter:  u_embedding.adapters.109.weight
Loading all parameter:  u_embedding.adapters.109.bias
Loading all parameter:  u_embedding.adapters.110.weight
Loading all parameter:  u_embedding.adapters.110.bias
Loading all parameter:  u_embedding.adapters.111.weight
Loading all parameter:  u_embedding.adapters.111.bias
Loading all parameter:  u_embedding.adapters.112.weight
Loading all parameter:  u_embedding.adapters.112.bias
Loading all parameter:  u_embedding.adapters.113.weight
Loading all parameter:  u_embedding.adapters.113.bias
Loading all parameter:  u_embedding.adapters.114.weight
Loading all parameter:  u_embedding.adapters.114.bias
Loading all parameter:  u_embedding.adapters.115.weight
Loading all parameter:  u_embedding.adapters.115.bias
Loading all parameter:  u_embedding.adapters.116.weight
Loading all parameter:  u_embedding.adapters.116.bias
Loading all parameter:  u_embedding.adapters.117.weight
Loading all parameter:  u_embedding.adapters.117.bias
Loading all parameter:  u_embedding.adapters.118.weight
Loading all parameter:  u_embedding.adapters.118.bias
Loading all parameter:  u_embedding.adapters.119.weight
Loading all parameter:  u_embedding.adapters.119.bias
Loading all parameter:  u_embedding.adapters.120.weight
Loading all parameter:  u_embedding.adapters.120.bias
Loading all parameter:  u_embedding.adapters.121.weight
Loading all parameter:  u_embedding.adapters.121.bias
Loading all parameter:  u_embedding.adapters.122.weight
Loading all parameter:  u_embedding.adapters.122.bias
Loading all parameter:  u_embedding.adapters.123.weight
Loading all parameter:  u_embedding.adapters.123.bias
Loading all parameter:  u_embedding.adapters.124.weight
Loading all parameter:  u_embedding.adapters.124.bias
Loading all parameter:  u_embedding.adapters.125.weight
Loading all parameter:  u_embedding.adapters.125.bias
Loading all parameter:  u_embedding.adapters.126.weight
Loading all parameter:  u_embedding.adapters.126.bias
Loading all parameter:  u_embedding.adapters.127.weight
Loading all parameter:  u_embedding.adapters.127.bias
Loading all parameter:  zs_embedding.0.weight
Loading all parameter:  zs_embedding.0.bias
Loading all parameter:  reid_projector.weight
Ignores parameter:  reid_projector.weight
Missing and Initializing parameter:  bottlenect.weight
Missing and Initializing parameter:  bottlenect.bias
Missing and Initializing parameter:  bottlenect.running_mean
Missing and Initializing parameter:  bottlenect.running_var
Missing and Initializing parameter:  bottlenect.num_batches_tracked
Loading all parameter:  i2t_projector.weight
Ignores parameter:  i2t_projector.weight
Loading all parameter:  i2t_projector.bias
Ignores parameter:  i2t_projector.bias
orginal best rank1 = 0.7652457329101982
=> Start evaluation only 
=> Test pretarined feature form VLP model
Normalizing features
Normalizing features
Extracted features for query set, obtained torch.Size([11659, 1280]) matrix
Extracted features for gallery set, obtained torch.Size([82161, 1280]) matrix
Extracting features complete in 2m 25s
Distance computing in 0m 12s
Computing CMC and mAP
Positive values in distance matrix: 0
Negative values in distance matrix: 957915099
Adjusted 0 distances
Results ---------------------------------------------------
top1:88.5% top5:94.3% top10:95.6% top20:96.8% mAP:73.1%
-----------------------------------------------------------
Using 1m 3s
==========Test with latent_z: new_z =========
Extracted features for query set, obtained torch.Size([11659, 192]) matrix
Extracted features for gallery set, obtained torch.Size([82161, 192]) matrix
Extracting features complete in 2m 23s
Distance computing in 0m 6s
Positive values in distance matrix: 0
Negative values in distance matrix: 957915099
Adjusted 0 distances
Results ---------------------------------------------------
top1:76.5% top5:87.2% top10:90.2% top20:92.8% mAP:53.3%
-----------------------------------------------------------
Classification accuracy before cls-ranking: 57.0%
query accuracy after cls-ranking: 0.0%
gallery accuracy after cls-ranking: 0.0%
Classification accuracy after cls-ranking: 57.0%
query accuracy after cls-ranking: 0.0%
gallery accuracy after cls-ranking: 0.0%
Using 1m 11s
Classifier results ---------------------------------------------------
Query acc: 0.0% Gallery acc: 0.0% Total acc: 0.0%
==========Test with latent_z: z_c =========
Extracted features for query set, obtained torch.Size([11659, 1280]) matrix
Extracted features for gallery set, obtained torch.Size([82161, 1280]) matrix
Extracting features complete in 0m 18s
Distance computing in 0m 20s
Positive values in distance matrix: 17361938
Negative values in distance matrix: 940553161
Adjusted 0 distances
Results ---------------------------------------------------
top1:75.6% top5:86.4% top10:89.8% top20:92.3% mAP:52.2%
-----------------------------------------------------------
Classification accuracy before cls-ranking: 57.3%
query accuracy after cls-ranking: 0.0%
gallery accuracy after cls-ranking: 0.0%
Classification accuracy after cls-ranking: 57.3%
query accuracy after cls-ranking: 0.0%
gallery accuracy after cls-ranking: 0.0%
Using 1m 6s
Classifier results ---------------------------------------------------
Query acc: 0.0% Gallery acc: 0.0% Total acc: 0.0%
=> Start training
Epoch:1 Time:130.8 Data:0.0 Loss:782.6746 Cls Loss:3.5094 Pair Loss:0.0256 Center Loss:779.1397 KL Loss:88.7361 Recon Loss:0.1337 Acc:0.5339 
=> Current learning rate: 0.000200
Epoch:2 Time:68.1 Data:0.0 Loss:272.7173 Cls Loss:0.6022 Pair Loss:0.0184 Center Loss:272.0967 KL Loss:86.6036 Recon Loss:0.1337 Acc:0.9234 
=> Current learning rate: 0.000400
Epoch:3 Time:68.0 Data:0.0 Loss:122.3436 Cls Loss:0.1543 Pair Loss:0.0179 Center Loss:122.1713 KL Loss:84.4706 Recon Loss:0.1337 Acc:0.9829 
=> Current learning rate: 0.000600
Epoch:4 Time:68.5 Data:0.0 Loss:61.8560 Cls Loss:0.0806 Pair Loss:0.0191 Center Loss:61.7563 KL Loss:82.3510 Recon Loss:0.1337 Acc:0.9876 
=> Current learning rate: 0.000800
Epoch:5 Time:64.7 Data:0.0 Loss:34.1190 Cls Loss:0.0913 Pair Loss:0.0194 Center Loss:34.0083 KL Loss:80.2099 Recon Loss:0.1337 Acc:0.9813 
=> Test at epoch 5
==========Test with latent_z: z_c =========
Extracted features for query set, obtained torch.Size([11659, 1280]) matrix
Extracted features for gallery set, obtained torch.Size([82161, 1280]) matrix
Extracting features complete in 0m 15s
Distance computing in 0m 18s
Positive values in distance matrix: 261795773
Negative values in distance matrix: 696119324
Adjusted 0 distances
Results ---------------------------------------------------
top1:80.0% top5:89.2% top10:91.7% top20:93.7% mAP:59.1%
-----------------------------------------------------------
Classification accuracy before cls-ranking: 58.2%
query accuracy after cls-ranking: 0.0%
gallery accuracy after cls-ranking: 0.0%
Classification accuracy after cls-ranking: 58.2%
query accuracy after cls-ranking: 0.0%
gallery accuracy after cls-ranking: 0.0%
Using 1m 4s
Classifier results ---------------------------------------------------
Query acc: 0.0% Gallery acc: 0.0% Total acc: 0.0%
=> Current learning rate: 0.001000
Epoch:6 Time:67.1 Data:0.0 Loss:20.0719 Cls Loss:0.1008 Pair Loss:0.0196 Center Loss:19.9516 KL Loss:78.0780 Recon Loss:0.1337 Acc:0.9744 
=> Current learning rate: 0.001000
Epoch:7 Time:67.5 Data:0.0 Loss:12.4475 Cls Loss:0.0689 Pair Loss:0.0196 Center Loss:12.3590 KL Loss:75.9462 Recon Loss:0.1337 Acc:0.9836 
=> Current learning rate: 0.001000
Epoch:8 Time:65.7 Data:0.0 Loss:8.1721 Cls Loss:0.0720 Pair Loss:0.0200 Center Loss:8.0801 KL Loss:73.8078 Recon Loss:0.1337 Acc:0.9815 
=> Current learning rate: 0.001000
Epoch:9 Time:67.6 Data:0.0 Loss:5.6490 Cls Loss:0.0810 Pair Loss:0.0218 Center Loss:5.5461 KL Loss:71.6829 Recon Loss:0.1337 Acc:0.9794 
=> Current learning rate: 0.001000
Epoch:10 Time:64.8 Data:0.0 Loss:4.2035 Cls Loss:0.1435 Pair Loss:0.0222 Center Loss:4.0378 KL Loss:69.9537 Recon Loss:0.1337 Acc:0.9648 
=> Test at epoch 10
==========Test with latent_z: z_c =========
Extracted features for query set, obtained torch.Size([11659, 1280]) matrix
Extracted features for gallery set, obtained torch.Size([82161, 1280]) matrix
Extracting features complete in 0m 14s
Distance computing in 0m 17s
Positive values in distance matrix: 170121267
Negative values in distance matrix: 787793830
Adjusted 0 distances
Results ---------------------------------------------------
top1:79.8% top5:89.3% top10:91.8% top20:93.7% mAP:59.1%
-----------------------------------------------------------
Classification accuracy before cls-ranking: 58.2%
query accuracy after cls-ranking: 0.0%
gallery accuracy after cls-ranking: 0.0%
Classification accuracy after cls-ranking: 58.2%
query accuracy after cls-ranking: 0.0%
gallery accuracy after cls-ranking: 0.0%
Using 1m 4s
Classifier results ---------------------------------------------------
Query acc: 0.0% Gallery acc: 0.0% Total acc: 0.0%
=> Current learning rate: 0.001000
Epoch:11 Time:66.7 Data:0.0 Loss:3.1159 Cls Loss:0.0945 Pair Loss:0.0223 Center Loss:2.9991 KL Loss:69.7973 Recon Loss:0.1337 Acc:0.9773 
=> Current learning rate: 0.001000
Epoch:12 Time:67.8 Data:0.0 Loss:2.4548 Cls Loss:0.0914 Pair Loss:0.0238 Center Loss:2.3396 KL Loss:69.8016 Recon Loss:0.1337 Acc:0.9782 
=> Current learning rate: 0.001000
Epoch:13 Time:66.2 Data:0.0 Loss:2.0049 Cls Loss:0.0958 Pair Loss:0.0256 Center Loss:1.8835 KL Loss:69.7979 Recon Loss:0.1337 Acc:0.9764 
=> Current learning rate: 0.001000
Epoch:14 Time:66.3 Data:0.0 Loss:1.6951 Cls Loss:0.0980 Pair Loss:0.0258 Center Loss:1.5713 KL Loss:69.8059 Recon Loss:0.1337 Acc:0.9774 
=> Current learning rate: 0.001000
Epoch:15 Time:65.9 Data:0.0 Loss:1.5002 Cls Loss:0.1170 Pair Loss:0.0266 Center Loss:1.3567 KL Loss:69.7974 Recon Loss:0.1337 Acc:0.9726 
=> Test at epoch 15
==========Test with latent_z: z_c =========
Extracted features for query set, obtained torch.Size([11659, 1280]) matrix
Extracted features for gallery set, obtained torch.Size([82161, 1280]) matrix
Extracting features complete in 0m 18s
Distance computing in 0m 20s
Positive values in distance matrix: 82611168
Negative values in distance matrix: 875303930
Adjusted 0 distances
Results ---------------------------------------------------
top1:79.6% top5:89.2% top10:91.8% top20:93.7% mAP:58.6%
-----------------------------------------------------------
Classification accuracy before cls-ranking: 58.6%
query accuracy after cls-ranking: 0.0%
gallery accuracy after cls-ranking: 0.0%
Classification accuracy after cls-ranking: 58.6%
query accuracy after cls-ranking: 0.0%
gallery accuracy after cls-ranking: 0.0%
Using 1m 5s
Classifier results ---------------------------------------------------
Query acc: 0.0% Gallery acc: 0.0% Total acc: 0.0%
=> Current learning rate: 0.001000
Epoch:16 Time:66.6 Data:0.0 Loss:1.3250 Cls Loss:0.1137 Pair Loss:0.0289 Center Loss:1.1824 KL Loss:69.7887 Recon Loss:0.1337 Acc:0.9741 
=> Current learning rate: 0.001000
Epoch:17 Time:67.2 Data:0.0 Loss:1.1760 Cls Loss:0.1080 Pair Loss:0.0286 Center Loss:1.0393 KL Loss:69.8003 Recon Loss:0.1337 Acc:0.9759 
=> Current learning rate: 0.001000
Epoch:18 Time:66.8 Data:0.0 Loss:1.1087 Cls Loss:0.1252 Pair Loss:0.0316 Center Loss:0.9519 KL Loss:69.8055 Recon Loss:0.1337 Acc:0.9733 
=> Current learning rate: 0.001000
Epoch:19 Time:66.7 Data:0.0 Loss:1.0701 Cls Loss:0.1301 Pair Loss:0.0314 Center Loss:0.9085 KL Loss:69.7999 Recon Loss:0.1337 Acc:0.9693 
=> Current learning rate: 0.001000
Epoch:20 Time:65.0 Data:0.0 Loss:0.9545 Cls Loss:0.1104 Pair Loss:0.0319 Center Loss:0.8122 KL Loss:69.7995 Recon Loss:0.1337 Acc:0.9760 
=> Test at epoch 20
==========Test with latent_z: z_c =========
Extracted features for query set, obtained torch.Size([11659, 1280]) matrix
Extracted features for gallery set, obtained torch.Size([82161, 1280]) matrix
Extracting features complete in 0m 17s
Distance computing in 0m 19s
Positive values in distance matrix: 33770534
Negative values in distance matrix: 924144565
Adjusted 0 distances
Results ---------------------------------------------------
top1:79.8% top5:89.3% top10:91.8% top20:93.9% mAP:58.4%
-----------------------------------------------------------
Classification accuracy before cls-ranking: 58.9%
query accuracy after cls-ranking: 0.0%
gallery accuracy after cls-ranking: 0.0%
Classification accuracy after cls-ranking: 58.9%
query accuracy after cls-ranking: 0.0%
gallery accuracy after cls-ranking: 0.0%
Using 1m 4s
Classifier results ---------------------------------------------------
Query acc: 0.0% Gallery acc: 0.0% Total acc: 0.0%
=> Current learning rate: 0.001000
Epoch:21 Time:65.5 Data:0.0 Loss:0.9129 Cls Loss:0.1211 Pair Loss:0.0318 Center Loss:0.7600 KL Loss:69.7988 Recon Loss:0.1337 Acc:0.9749 
=> Current learning rate: 0.001000
Epoch:22 Time:65.1 Data:0.0 Loss:0.9055 Cls Loss:0.1365 Pair Loss:0.0336 Center Loss:0.7354 KL Loss:69.7993 Recon Loss:0.1337 Acc:0.9726 
=> Current learning rate: 0.001000
Epoch:23 Time:66.3 Data:0.0 Loss:0.9981 Cls Loss:0.1950 Pair Loss:0.0337 Center Loss:0.7694 KL Loss:69.7922 Recon Loss:0.1337 Acc:0.9618 
=> Current learning rate: 0.001000
Epoch:24 Time:67.0 Data:0.0 Loss:0.8294 Cls Loss:0.1188 Pair Loss:0.0350 Center Loss:0.6755 KL Loss:69.7960 Recon Loss:0.1337 Acc:0.9735 
=> Current learning rate: 0.001000
Epoch:25 Time:66.5 Data:0.0 Loss:0.8332 Cls Loss:0.1366 Pair Loss:0.0361 Center Loss:0.6605 KL Loss:69.8058 Recon Loss:0.1337 Acc:0.9707 
=> Test at epoch 25
==========Test with latent_z: z_c =========
Extracted features for query set, obtained torch.Size([11659, 1280]) matrix
Extracted features for gallery set, obtained torch.Size([82161, 1280]) matrix
Extracting features complete in 0m 17s
Distance computing in 0m 19s
Positive values in distance matrix: 17290263
Negative values in distance matrix: 940624836
Adjusted 0 distances
Results ---------------------------------------------------
top1:79.7% top5:89.3% top10:91.8% top20:93.8% mAP:58.6%
-----------------------------------------------------------
Classification accuracy before cls-ranking: 58.5%
query accuracy after cls-ranking: 0.0%
gallery accuracy after cls-ranking: 0.0%
Classification accuracy after cls-ranking: 58.5%
query accuracy after cls-ranking: 0.0%
gallery accuracy after cls-ranking: 0.0%
Using 1m 6s
Classifier results ---------------------------------------------------
Query acc: 0.0% Gallery acc: 0.0% Total acc: 0.0%
=> Current learning rate: 0.001000
Epoch:26 Time:65.8 Data:0.0 Loss:0.8374 Cls Loss:0.1496 Pair Loss:0.0367 Center Loss:0.6511 KL Loss:69.7962 Recon Loss:0.1337 Acc:0.9716 
=> Current learning rate: 0.001000
Epoch:27 Time:66.8 Data:0.0 Loss:0.8076 Cls Loss:0.1407 Pair Loss:0.0368 Center Loss:0.6301 KL Loss:69.8058 Recon Loss:0.1337 Acc:0.9718 
=> Current learning rate: 0.001000
Epoch:28 Time:66.5 Data:0.0 Loss:0.8466 Cls Loss:0.1611 Pair Loss:0.0365 Center Loss:0.6490 KL Loss:69.8000 Recon Loss:0.1337 Acc:0.9672 
=> Current learning rate: 0.001000
Epoch:29 Time:67.7 Data:0.0 Loss:0.8294 Cls Loss:0.1553 Pair Loss:0.0360 Center Loss:0.6381 KL Loss:69.7929 Recon Loss:0.1337 Acc:0.9699 
=> Current learning rate: 0.001000
Epoch:30 Time:65.5 Data:0.0 Loss:0.8834 Cls Loss:0.1804 Pair Loss:0.0347 Center Loss:0.6683 KL Loss:69.8106 Recon Loss:0.1337 Acc:0.9631 
=> Test at epoch 30
==========Test with latent_z: z_c =========
Extracted features for query set, obtained torch.Size([11659, 1280]) matrix
Extracted features for gallery set, obtained torch.Size([82161, 1280]) matrix
Extracting features complete in 0m 18s
Distance computing in 0m 19s
Positive values in distance matrix: 3846129
Negative values in distance matrix: 954068970
Adjusted 0 distances
Results ---------------------------------------------------
top1:80.2% top5:89.6% top10:92.2% top20:94.2% mAP:59.2%
-----------------------------------------------------------
Classification accuracy before cls-ranking: 58.7%
query accuracy after cls-ranking: 0.0%
gallery accuracy after cls-ranking: 0.0%
Classification accuracy after cls-ranking: 58.7%
query accuracy after cls-ranking: 0.0%
gallery accuracy after cls-ranking: 0.0%
Using 1m 4s
Classifier results ---------------------------------------------------
Query acc: 0.0% Gallery acc: 0.0% Total acc: 0.0%
=> Current learning rate: 0.001000
Epoch:31 Time:65.0 Data:0.0 Loss:0.8178 Cls Loss:0.1532 Pair Loss:0.0363 Center Loss:0.6282 KL Loss:69.8006 Recon Loss:0.1337 Acc:0.9688 
=> Current learning rate: 0.001000
Epoch:32 Time:67.4 Data:0.0 Loss:0.7510 Cls Loss:0.1377 Pair Loss:0.0356 Center Loss:0.5778 KL Loss:69.7972 Recon Loss:0.1337 Acc:0.9739 
=> Current learning rate: 0.001000
Epoch:33 Time:66.5 Data:0.0 Loss:0.7026 Cls Loss:0.1244 Pair Loss:0.0370 Center Loss:0.5411 KL Loss:69.8083 Recon Loss:0.1337 Acc:0.9750 
=> Current learning rate: 0.001000
Epoch:34 Time:67.6 Data:0.0 Loss:0.8731 Cls Loss:0.1866 Pair Loss:0.0337 Center Loss:0.6528 KL Loss:69.8000 Recon Loss:0.1337 Acc:0.9623 
=> Current learning rate: 0.001000
Epoch:35 Time:64.5 Data:0.0 Loss:0.8196 Cls Loss:0.1790 Pair Loss:0.0352 Center Loss:0.6054 KL Loss:69.7924 Recon Loss:0.1337 Acc:0.9678 
=> Test at epoch 35
==========Test with latent_z: z_c =========
Extracted features for query set, obtained torch.Size([11659, 1280]) matrix
Extracted features for gallery set, obtained torch.Size([82161, 1280]) matrix
Extracting features complete in 0m 17s
Distance computing in 0m 19s
Positive values in distance matrix: 4086066
Negative values in distance matrix: 953829033
Adjusted 0 distances
Results ---------------------------------------------------
top1:80.5% top5:89.6% top10:91.9% top20:94.2% mAP:59.2%
-----------------------------------------------------------
Classification accuracy before cls-ranking: 58.4%
query accuracy after cls-ranking: 0.0%
gallery accuracy after cls-ranking: 0.0%
Classification accuracy after cls-ranking: 58.4%
query accuracy after cls-ranking: 0.0%
gallery accuracy after cls-ranking: 0.0%
Using 1m 4s
Classifier results ---------------------------------------------------
Query acc: 0.0% Gallery acc: 0.0% Total acc: 0.0%
=> Current learning rate: 0.001000
Epoch:36 Time:66.8 Data:0.0 Loss:0.7854 Cls Loss:0.1591 Pair Loss:0.0345 Center Loss:0.5917 KL Loss:69.7847 Recon Loss:0.1337 Acc:0.9688 
=> Current learning rate: 0.001000
Epoch:37 Time:67.3 Data:0.0 Loss:0.8146 Cls Loss:0.1788 Pair Loss:0.0325 Center Loss:0.6034 KL Loss:69.8093 Recon Loss:0.1337 Acc:0.9663 
=> Current learning rate: 0.001000
Epoch:38 Time:68.8 Data:0.0 Loss:0.7209 Cls Loss:0.1341 Pair Loss:0.0343 Center Loss:0.5525 KL Loss:69.8026 Recon Loss:0.1337 Acc:0.9725 
=> Current learning rate: 0.001000
Epoch:39 Time:66.2 Data:0.0 Loss:0.8526 Cls Loss:0.1971 Pair Loss:0.0326 Center Loss:0.6229 KL Loss:69.8071 Recon Loss:0.1337 Acc:0.9639 
=> Current learning rate: 0.001000
Epoch:40 Time:65.4 Data:0.0 Loss:0.8041 Cls Loss:0.1692 Pair Loss:0.0319 Center Loss:0.6031 KL Loss:69.7990 Recon Loss:0.1337 Acc:0.9667 
=> Test at epoch 40
==========Test with latent_z: z_c =========
Extracted features for query set, obtained torch.Size([11659, 1280]) matrix
Extracted features for gallery set, obtained torch.Size([82161, 1280]) matrix
Extracting features complete in 0m 15s
Distance computing in 0m 18s
Positive values in distance matrix: 2969927
Negative values in distance matrix: 954945172
Adjusted 0 distances
Results ---------------------------------------------------
top1:80.2% top5:89.5% top10:91.9% top20:93.9% mAP:58.5%
-----------------------------------------------------------
Classification accuracy before cls-ranking: 57.4%
query accuracy after cls-ranking: 0.0%
gallery accuracy after cls-ranking: 0.1%
Classification accuracy after cls-ranking: 57.4%
query accuracy after cls-ranking: 0.0%
gallery accuracy after cls-ranking: 0.1%
Using 1m 11s
Classifier results ---------------------------------------------------
Query acc: 0.0% Gallery acc: 0.0% Total acc: 0.0%
=> Current learning rate: 0.001000
Epoch:41 Time:67.0 Data:0.0 Loss:0.7282 Cls Loss:0.1463 Pair Loss:0.0309 Center Loss:0.5511 KL Loss:69.8032 Recon Loss:0.1337 Acc:0.9714 
=> Current learning rate: 0.001000
Epoch:42 Time:66.0 Data:0.0 Loss:0.7956 Cls Loss:0.1887 Pair Loss:0.0303 Center Loss:0.5767 KL Loss:69.8078 Recon Loss:0.1337 Acc:0.9670 
=> Current learning rate: 0.001000
Epoch:43 Time:69.3 Data:0.0 Loss:0.8487 Cls Loss:0.2019 Pair Loss:0.0310 Center Loss:0.6158 KL Loss:69.7973 Recon Loss:0.1337 Acc:0.9639 
=> Current learning rate: 0.001000
Epoch:44 Time:67.2 Data:0.0 Loss:0.6920 Cls Loss:0.1479 Pair Loss:0.0302 Center Loss:0.5138 KL Loss:69.8053 Recon Loss:0.1337 Acc:0.9729 
=> Current learning rate: 0.001000
Epoch:45 Time:64.5 Data:0.0 Loss:0.8207 Cls Loss:0.1916 Pair Loss:0.0297 Center Loss:0.5994 KL Loss:69.7994 Recon Loss:0.1337 Acc:0.9653 
=> Test at epoch 45
==========Test with latent_z: z_c =========
Extracted features for query set, obtained torch.Size([11659, 1280]) matrix
Extracted features for gallery set, obtained torch.Size([82161, 1280]) matrix
Extracting features complete in 0m 18s
Distance computing in 0m 29s
Positive values in distance matrix: 12938108
Negative values in distance matrix: 944976991
Adjusted 0 distances
Results ---------------------------------------------------
top1:80.4% top5:89.4% top10:91.9% top20:94.1% mAP:59.2%
-----------------------------------------------------------
Classification accuracy before cls-ranking: 57.8%
query accuracy after cls-ranking: 0.0%
gallery accuracy after cls-ranking: 0.0%
Classification accuracy after cls-ranking: 57.8%
query accuracy after cls-ranking: 0.0%
gallery accuracy after cls-ranking: 0.0%
Using 1m 7s
Classifier results ---------------------------------------------------
Query acc: 0.0% Gallery acc: 0.0% Total acc: 0.0%
=> Current learning rate: 0.001000
Epoch:46 Time:67.0 Data:0.0 Loss:0.8028 Cls Loss:0.1749 Pair Loss:0.0290 Center Loss:0.5989 KL Loss:69.7966 Recon Loss:0.1337 Acc:0.9663 
=> Current learning rate: 0.001000
Epoch:47 Time:70.9 Data:0.0 Loss:0.7787 Cls Loss:0.1769 Pair Loss:0.0269 Center Loss:0.5750 KL Loss:69.8038 Recon Loss:0.1337 Acc:0.9675 
=> Current learning rate: 0.001000
Epoch:48 Time:64.2 Data:0.0 Loss:0.7547 Cls Loss:0.1614 Pair Loss:0.0279 Center Loss:0.5655 KL Loss:69.8111 Recon Loss:0.1337 Acc:0.9678 
=> Current learning rate: 0.001000
Epoch:49 Time:65.8 Data:0.0 Loss:0.9035 Cls Loss:0.2168 Pair Loss:0.0266 Center Loss:0.6601 KL Loss:69.7999 Recon Loss:0.1337 Acc:0.9591 
=> Current learning rate: 0.001000
Epoch:50 Time:65.0 Data:0.0 Loss:0.7205 Cls Loss:0.1449 Pair Loss:0.0272 Center Loss:0.5484 KL Loss:69.7972 Recon Loss:0.1337 Acc:0.9727 
=> Test at epoch 50
==========Test with latent_z: z_c =========
Extracted features for query set, obtained torch.Size([11659, 1280]) matrix
Extracted features for gallery set, obtained torch.Size([82161, 1280]) matrix
Extracting features complete in 0m 18s
Distance computing in 0m 29s
Positive values in distance matrix: 2124909
Negative values in distance matrix: 955790190
Adjusted 0 distances
Results ---------------------------------------------------
top1:81.2% top5:89.8% top10:92.3% top20:94.3% mAP:60.1%
-----------------------------------------------------------
Classification accuracy before cls-ranking: 57.4%
query accuracy after cls-ranking: 0.0%
gallery accuracy after cls-ranking: 0.0%
Classification accuracy after cls-ranking: 57.4%
query accuracy after cls-ranking: 0.0%
gallery accuracy after cls-ranking: 0.0%
Using 1m 6s
Classifier results ---------------------------------------------------
Query acc: 0.0% Gallery acc: 0.0% Total acc: 0.0%
=> Current learning rate: 0.001000
Epoch:51 Time:66.4 Data:0.0 Loss:0.8071 Cls Loss:0.1948 Pair Loss:0.0274 Center Loss:0.5849 KL Loss:69.8044 Recon Loss:0.1337 Acc:0.9652 
=> Current learning rate: 0.001000
Epoch:52 Time:67.8 Data:0.0 Loss:0.7732 Cls Loss:0.1821 Pair Loss:0.0259 Center Loss:0.5652 KL Loss:69.8039 Recon Loss:0.1337 Acc:0.9663 
=> Current learning rate: 0.001000
Epoch:53 Time:68.8 Data:0.0 Loss:0.8732 Cls Loss:0.2191 Pair Loss:0.0260 Center Loss:0.6280 KL Loss:69.7953 Recon Loss:0.1337 Acc:0.9620 
=> Current learning rate: 0.001000
Epoch:54 Time:65.3 Data:0.0 Loss:0.8595 Cls Loss:0.2054 Pair Loss:0.0237 Center Loss:0.6304 KL Loss:69.8089 Recon Loss:0.1337 Acc:0.9631 
=> Current learning rate: 0.001000
Epoch:55 Time:64.5 Data:0.0 Loss:0.7359 Cls Loss:0.1739 Pair Loss:0.0240 Center Loss:0.5379 KL Loss:69.8081 Recon Loss:0.1337 Acc:0.9704 
=> Test at epoch 55
==========Test with latent_z: z_c =========
Extracted features for query set, obtained torch.Size([11659, 1280]) matrix
Extracted features for gallery set, obtained torch.Size([82161, 1280]) matrix
Extracting features complete in 0m 20s
Distance computing in 0m 27s
Positive values in distance matrix: 29093609
Negative values in distance matrix: 928821490
Adjusted 0 distances
Results ---------------------------------------------------
top1:80.8% top5:89.4% top10:91.9% top20:94.0% mAP:59.2%
-----------------------------------------------------------
Classification accuracy before cls-ranking: 57.3%
query accuracy after cls-ranking: 0.0%
gallery accuracy after cls-ranking: 0.0%
Classification accuracy after cls-ranking: 57.3%
query accuracy after cls-ranking: 0.0%
gallery accuracy after cls-ranking: 0.0%
Using 1m 5s
Classifier results ---------------------------------------------------
Query acc: 0.0% Gallery acc: 0.0% Total acc: 0.0%
=> Current learning rate: 0.001000
Epoch:56 Time:66.5 Data:0.0 Loss:0.7799 Cls Loss:0.1900 Pair Loss:0.0232 Center Loss:0.5667 KL Loss:69.8087 Recon Loss:0.1337 Acc:0.9663 
=> Current learning rate: 0.001000
Epoch:57 Time:63.4 Data:0.0 Loss:0.6861 Cls Loss:0.1571 Pair Loss:0.0253 Center Loss:0.5037 KL Loss:69.7958 Recon Loss:0.1337 Acc:0.9734 
=> Current learning rate: 0.001000
Epoch:58 Time:64.6 Data:0.0 Loss:0.8682 Cls Loss:0.2188 Pair Loss:0.0232 Center Loss:0.6262 KL Loss:69.8013 Recon Loss:0.1337 Acc:0.9609 
=> Current learning rate: 0.001000
Epoch:59 Time:65.0 Data:0.0 Loss:0.8918 Cls Loss:0.2172 Pair Loss:0.0229 Center Loss:0.6517 KL Loss:69.8070 Recon Loss:0.1337 Acc:0.9591 
=> Current learning rate: 0.001000
Epoch:60 Time:68.5 Data:0.0 Loss:0.8013 Cls Loss:0.1880 Pair Loss:0.0223 Center Loss:0.5910 KL Loss:69.8115 Recon Loss:0.1337 Acc:0.9679 
=> Test at epoch 60
==========Test with latent_z: z_c =========
Extracted features for query set, obtained torch.Size([11659, 1280]) matrix
Extracted features for gallery set, obtained torch.Size([82161, 1280]) matrix
Extracting features complete in 0m 14s
Distance computing in 0m 26s
Positive values in distance matrix: 5870550
Negative values in distance matrix: 952044549
Adjusted 0 distances
Results ---------------------------------------------------
top1:81.4% top5:90.2% top10:92.4% top20:94.3% mAP:60.6%
-----------------------------------------------------------
Classification accuracy before cls-ranking: 56.2%
query accuracy after cls-ranking: 0.0%
gallery accuracy after cls-ranking: 0.0%
Classification accuracy after cls-ranking: 56.2%
query accuracy after cls-ranking: 0.0%
gallery accuracy after cls-ranking: 0.0%
Using 1m 5s
Classifier results ---------------------------------------------------
Query acc: 0.0% Gallery acc: 0.0% Total acc: 0.0%
=> Current learning rate: 0.001000
Epoch:61 Time:66.4 Data:0.0 Loss:0.1954 Cls Loss:0.0130 Pair Loss:0.0179 Center Loss:0.1645 KL Loss:69.8030 Recon Loss:0.1337 Acc:0.9968 
=> Current learning rate: 0.000100
Epoch:62 Time:66.7 Data:0.0 Loss:0.1649 Cls Loss:0.0082 Pair Loss:0.0186 Center Loss:0.1381 KL Loss:69.8017 Recon Loss:0.1337 Acc:0.9983 
=> Current learning rate: 0.000100
Epoch:63 Time:68.3 Data:0.0 Loss:0.1574 Cls Loss:0.0068 Pair Loss:0.0184 Center Loss:0.1322 KL Loss:69.8140 Recon Loss:0.1337 Acc:0.9987 
=> Current learning rate: 0.000100
Epoch:64 Time:69.0 Data:0.0 Loss:0.1538 Cls Loss:0.0057 Pair Loss:0.0194 Center Loss:0.1287 KL Loss:69.8068 Recon Loss:0.1337 Acc:0.9989 
=> Current learning rate: 0.000100
Epoch:65 Time:65.1 Data:0.0 Loss:0.1503 Cls Loss:0.0055 Pair Loss:0.0196 Center Loss:0.1252 KL Loss:69.7955 Recon Loss:0.1337 Acc:0.9989 
=> Test at epoch 65
==========Test with latent_z: z_c =========
Extracted features for query set, obtained torch.Size([11659, 1280]) matrix
Extracted features for gallery set, obtained torch.Size([82161, 1280]) matrix
Extracting features complete in 0m 15s
Distance computing in 0m 27s
Positive values in distance matrix: 93562
Negative values in distance matrix: 957821537
Adjusted 0 distances
Results ---------------------------------------------------
top1:82.0% top5:90.3% top10:92.8% top20:94.6% mAP:61.9%
-----------------------------------------------------------
Classification accuracy before cls-ranking: 57.0%
query accuracy after cls-ranking: 0.0%
gallery accuracy after cls-ranking: 0.0%
Classification accuracy after cls-ranking: 57.0%
query accuracy after cls-ranking: 0.0%
gallery accuracy after cls-ranking: 0.0%
Using 1m 5s
Classifier results ---------------------------------------------------
Query acc: 0.0% Gallery acc: 0.0% Total acc: 0.0%
=> Current learning rate: 0.000100
Epoch:66 Time:67.0 Data:0.0 Loss:0.1489 Cls Loss:0.0063 Pair Loss:0.0194 Center Loss:0.1232 KL Loss:69.8005 Recon Loss:0.1337 Acc:0.9988 
=> Current learning rate: 0.000100
Epoch:67 Time:66.3 Data:0.0 Loss:0.1450 Cls Loss:0.0047 Pair Loss:0.0197 Center Loss:0.1206 KL Loss:69.8039 Recon Loss:0.1337 Acc:0.9988 
=> Current learning rate: 0.000100
Epoch:68 Time:68.5 Data:0.0 Loss:0.1432 Cls Loss:0.0049 Pair Loss:0.0195 Center Loss:0.1187 KL Loss:69.7988 Recon Loss:0.1337 Acc:0.9990 
=> Current learning rate: 0.000100
Epoch:69 Time:65.0 Data:0.0 Loss:0.1410 Cls Loss:0.0048 Pair Loss:0.0197 Center Loss:0.1165 KL Loss:69.7993 Recon Loss:0.1337 Acc:0.9990 
=> Current learning rate: 0.000100
Epoch:70 Time:67.0 Data:0.0 Loss:0.1421 Cls Loss:0.0053 Pair Loss:0.0215 Center Loss:0.1153 KL Loss:69.7979 Recon Loss:0.1337 Acc:0.9990 
=> Test at epoch 70
==========Test with latent_z: z_c =========
Extracted features for query set, obtained torch.Size([11659, 1280]) matrix
Extracted features for gallery set, obtained torch.Size([82161, 1280]) matrix
Extracting features complete in 0m 19s
Distance computing in 0m 27s
Positive values in distance matrix: 65731
Negative values in distance matrix: 957849368
Adjusted 0 distances
Results ---------------------------------------------------
top1:82.1% top5:90.3% top10:92.7% top20:94.7% mAP:61.8%
-----------------------------------------------------------
Classification accuracy before cls-ranking: 57.4%
query accuracy after cls-ranking: 0.0%
gallery accuracy after cls-ranking: 0.0%
Classification accuracy after cls-ranking: 57.4%
query accuracy after cls-ranking: 0.0%
gallery accuracy after cls-ranking: 0.0%
Using 1m 6s
Classifier results ---------------------------------------------------
Query acc: 0.0% Gallery acc: 0.0% Total acc: 0.0%
=> Current learning rate: 0.000100
Epoch:71 Time:66.3 Data:0.0 Loss:0.1374 Cls Loss:0.0048 Pair Loss:0.0198 Center Loss:0.1128 KL Loss:69.8070 Recon Loss:0.1337 Acc:0.9991 
=> Current learning rate: 0.000100
Epoch:72 Time:67.8 Data:0.0 Loss:0.1364 Cls Loss:0.0051 Pair Loss:0.0203 Center Loss:0.1109 KL Loss:69.8064 Recon Loss:0.1337 Acc:0.9990 
=> Current learning rate: 0.000100
Epoch:73 Time:64.8 Data:0.0 Loss:0.1343 Cls Loss:0.0043 Pair Loss:0.0208 Center Loss:0.1092 KL Loss:69.8055 Recon Loss:0.1337 Acc:0.9992 
=> Current learning rate: 0.000100
Epoch:74 Time:64.6 Data:0.0 Loss:0.1333 Cls Loss:0.0046 Pair Loss:0.0205 Center Loss:0.1082 KL Loss:69.8017 Recon Loss:0.1337 Acc:0.9992 
=> Current learning rate: 0.000100
Epoch:75 Time:64.2 Data:0.0 Loss:0.1337 Cls Loss:0.0061 Pair Loss:0.0209 Center Loss:0.1067 KL Loss:69.8053 Recon Loss:0.1337 Acc:0.9989 
=> Test at epoch 75
==========Test with latent_z: z_c =========
Extracted features for query set, obtained torch.Size([11659, 1280]) matrix
Extracted features for gallery set, obtained torch.Size([82161, 1280]) matrix
Extracting features complete in 0m 14s
Distance computing in 0m 30s
Positive values in distance matrix: 56441
Negative values in distance matrix: 957858658
Adjusted 0 distances
Results ---------------------------------------------------
top1:82.1% top5:90.3% top10:92.8% top20:94.6% mAP:61.8%
-----------------------------------------------------------
Classification accuracy before cls-ranking: 56.9%
query accuracy after cls-ranking: 0.0%
gallery accuracy after cls-ranking: 0.0%
Classification accuracy after cls-ranking: 56.9%
query accuracy after cls-ranking: 0.0%
gallery accuracy after cls-ranking: 0.0%
Using 1m 5s
Classifier results ---------------------------------------------------
Query acc: 0.0% Gallery acc: 0.0% Total acc: 0.0%
=> Current learning rate: 0.000100
Epoch:76 Time:65.5 Data:0.0 Loss:0.1309 Cls Loss:0.0060 Pair Loss:0.0200 Center Loss:0.1049 KL Loss:69.8041 Recon Loss:0.1337 Acc:0.9991 
=> Current learning rate: 0.000100
Epoch:77 Time:65.6 Data:0.0 Loss:0.1310 Cls Loss:0.0066 Pair Loss:0.0206 Center Loss:0.1037 KL Loss:69.8039 Recon Loss:0.1337 Acc:0.9988 
=> Current learning rate: 0.000100
Epoch:78 Time:74.7 Data:0.0 Loss:0.1286 Cls Loss:0.0061 Pair Loss:0.0203 Center Loss:0.1022 KL Loss:69.7985 Recon Loss:0.1337 Acc:0.9991 
=> Current learning rate: 0.000100
Epoch:79 Time:77.9 Data:0.0 Loss:0.1277 Cls Loss:0.0065 Pair Loss:0.0207 Center Loss:0.1005 KL Loss:69.8085 Recon Loss:0.1337 Acc:0.9992 
=> Current learning rate: 0.000100
Epoch:80 Time:73.1 Data:0.0 Loss:0.1277 Cls Loss:0.0068 Pair Loss:0.0208 Center Loss:0.1001 KL Loss:69.8092 Recon Loss:0.1337 Acc:0.9990 
=> Test at epoch 80
==========Test with latent_z: z_c =========
Extracted features for query set, obtained torch.Size([11659, 1280]) matrix
Extracted features for gallery set, obtained torch.Size([82161, 1280]) matrix
Extracting features complete in 0m 12s
Distance computing in 0m 32s
Positive values in distance matrix: 101734
Negative values in distance matrix: 957813365
Adjusted 0 distances
Results ---------------------------------------------------
top1:82.0% top5:90.2% top10:92.6% top20:94.6% mAP:61.7%
-----------------------------------------------------------
Classification accuracy before cls-ranking: 57.0%
query accuracy after cls-ranking: 0.0%
gallery accuracy after cls-ranking: 0.0%
Classification accuracy after cls-ranking: 57.0%
query accuracy after cls-ranking: 0.0%
gallery accuracy after cls-ranking: 0.0%
Using 1m 37s
Classifier results ---------------------------------------------------
Query acc: 0.0% Gallery acc: 0.0% Total acc: 0.0%
=> Current learning rate: 0.000100
Epoch:81 Time:72.8 Data:0.0 Loss:0.1274 Cls Loss:0.0075 Pair Loss:0.0215 Center Loss:0.0984 KL Loss:69.8056 Recon Loss:0.1337 Acc:0.9991 
=> Current learning rate: 0.000100
Epoch:82 Time:86.7 Data:0.0 Loss:0.1262 Cls Loss:0.0073 Pair Loss:0.0209 Center Loss:0.0979 KL Loss:69.8089 Recon Loss:0.1337 Acc:0.9991 
=> Current learning rate: 0.000100
Epoch:83 Time:85.0 Data:0.0 Loss:0.1259 Cls Loss:0.0073 Pair Loss:0.0216 Center Loss:0.0970 KL Loss:69.7961 Recon Loss:0.1337 Acc:0.9990 
=> Current learning rate: 0.000100
Epoch:84 Time:87.9 Data:0.0 Loss:0.1235 Cls Loss:0.0074 Pair Loss:0.0211 Center Loss:0.0950 KL Loss:69.8046 Recon Loss:0.1337 Acc:0.9989 
=> Current learning rate: 0.000100
Epoch:85 Time:84.6 Data:0.0 Loss:0.1220 Cls Loss:0.0076 Pair Loss:0.0204 Center Loss:0.0940 KL Loss:69.8059 Recon Loss:0.1337 Acc:0.9991 
=> Test at epoch 85
==========Test with latent_z: z_c =========
Extracted features for query set, obtained torch.Size([11659, 1280]) matrix
Extracted features for gallery set, obtained torch.Size([82161, 1280]) matrix
Extracting features complete in 0m 17s
Distance computing in 0m 40s
Positive values in distance matrix: 119115
Negative values in distance matrix: 957795984
Adjusted 0 distances
Results ---------------------------------------------------
top1:81.9% top5:90.1% top10:92.5% top20:94.5% mAP:61.6%
-----------------------------------------------------------
Classification accuracy before cls-ranking: 57.4%
query accuracy after cls-ranking: 0.0%
gallery accuracy after cls-ranking: 0.0%
Classification accuracy after cls-ranking: 57.4%
query accuracy after cls-ranking: 0.0%
gallery accuracy after cls-ranking: 0.0%
Using 1m 23s
Classifier results ---------------------------------------------------
Query acc: 0.0% Gallery acc: 0.0% Total acc: 0.0%
=> Current learning rate: 0.000100
Epoch:86 Time:62.2 Data:0.0 Loss:0.1207 Cls Loss:0.0072 Pair Loss:0.0207 Center Loss:0.0929 KL Loss:69.8002 Recon Loss:0.1337 Acc:0.9993 
=> Current learning rate: 0.000100
Epoch:87 Time:84.5 Data:0.0 Loss:0.1219 Cls Loss:0.0082 Pair Loss:0.0211 Center Loss:0.0926 KL Loss:69.7977 Recon Loss:0.1337 Acc:0.9990 
=> Current learning rate: 0.000100
Epoch:88 Time:90.0 Data:0.0 Loss:0.1199 Cls Loss:0.0077 Pair Loss:0.0211 Center Loss:0.0912 KL Loss:69.8034 Recon Loss:0.1337 Acc:0.9994 
=> Current learning rate: 0.000100
Epoch:89 Time:84.6 Data:0.0 Loss:0.1193 Cls Loss:0.0082 Pair Loss:0.0207 Center Loss:0.0904 KL Loss:69.8041 Recon Loss:0.1337 Acc:0.9991 
=> Current learning rate: 0.000100
Epoch:90 Time:91.1 Data:0.0 Loss:0.1195 Cls Loss:0.0082 Pair Loss:0.0219 Center Loss:0.0895 KL Loss:69.7954 Recon Loss:0.1337 Acc:0.9994 
=> Test at epoch 90
==========Test with latent_z: z_c =========
Extracted features for query set, obtained torch.Size([11659, 1280]) matrix
Extracted features for gallery set, obtained torch.Size([82161, 1280]) matrix
Extracting features complete in 0m 17s
Distance computing in 0m 37s
Positive values in distance matrix: 44997
Negative values in distance matrix: 957870102
Adjusted 0 distances
Results ---------------------------------------------------
top1:81.8% top5:90.2% top10:92.6% top20:94.5% mAP:61.6%
-----------------------------------------------------------
Classification accuracy before cls-ranking: 58.2%
query accuracy after cls-ranking: 0.0%
gallery accuracy after cls-ranking: 0.0%
Classification accuracy after cls-ranking: 58.2%
query accuracy after cls-ranking: 0.0%
gallery accuracy after cls-ranking: 0.0%
Using 1m 29s
Classifier results ---------------------------------------------------
Query acc: 0.0% Gallery acc: 0.0% Total acc: 0.0%
=> Current learning rate: 0.000100
Epoch:91 Time:53.7 Data:0.0 Loss:0.1188 Cls Loss:0.0085 Pair Loss:0.0213 Center Loss:0.0891 KL Loss:69.8023 Recon Loss:0.1337 Acc:0.9990 
=> Current learning rate: 0.000100
Epoch:92 Time:83.7 Data:0.0 Loss:0.1185 Cls Loss:0.0077 Pair Loss:0.0228 Center Loss:0.0880 KL Loss:69.7913 Recon Loss:0.1337 Acc:0.9993 
=> Current learning rate: 0.000100
Epoch:93 Time:86.1 Data:0.0 Loss:0.1175 Cls Loss:0.0090 Pair Loss:0.0208 Center Loss:0.0876 KL Loss:69.8007 Recon Loss:0.1337 Acc:0.9989 
=> Current learning rate: 0.000100
Epoch:94 Time:93.6 Data:0.0 Loss:0.1160 Cls Loss:0.0090 Pair Loss:0.0203 Center Loss:0.0868 KL Loss:69.8031 Recon Loss:0.1337 Acc:0.9989 
=> Current learning rate: 0.000100
Epoch:95 Time:80.3 Data:0.0 Loss:0.1145 Cls Loss:0.0082 Pair Loss:0.0208 Center Loss:0.0855 KL Loss:69.7953 Recon Loss:0.1337 Acc:0.9993 
=> Test at epoch 95
==========Test with latent_z: z_c =========
Extracted features for query set, obtained torch.Size([11659, 1280]) matrix
Extracted features for gallery set, obtained torch.Size([82161, 1280]) matrix
Extracting features complete in 0m 18s
Distance computing in 0m 40s
Positive values in distance matrix: 22907
Negative values in distance matrix: 957892192
Adjusted 0 distances
Results ---------------------------------------------------
top1:81.9% top5:90.2% top10:92.7% top20:94.5% mAP:61.6%
-----------------------------------------------------------
Classification accuracy before cls-ranking: 57.4%
query accuracy after cls-ranking: 0.0%
gallery accuracy after cls-ranking: 0.0%
Classification accuracy after cls-ranking: 57.4%
query accuracy after cls-ranking: 0.0%
gallery accuracy after cls-ranking: 0.0%
Using 1m 41s
Classifier results ---------------------------------------------------
Query acc: 0.0% Gallery acc: 0.0% Total acc: 0.0%
=> Current learning rate: 0.000100
Epoch:96 Time:50.5 Data:0.0 Loss:0.1133 Cls Loss:0.0080 Pair Loss:0.0208 Center Loss:0.0845 KL Loss:69.7955 Recon Loss:0.1337 Acc:0.9993 
=> Current learning rate: 0.000100
Epoch:97 Time:88.7 Data:0.0 Loss:0.1138 Cls Loss:0.0081 Pair Loss:0.0216 Center Loss:0.0841 KL Loss:69.8021 Recon Loss:0.1337 Acc:0.9992 
=> Current learning rate: 0.000100
Epoch:98 Time:87.4 Data:0.0 Loss:0.1126 Cls Loss:0.0086 Pair Loss:0.0205 Center Loss:0.0835 KL Loss:69.8081 Recon Loss:0.1337 Acc:0.9991 
=> Current learning rate: 0.000100
Epoch:99 Time:88.7 Data:0.0 Loss:0.1126 Cls Loss:0.0082 Pair Loss:0.0215 Center Loss:0.0828 KL Loss:69.8124 Recon Loss:0.1337 Acc:0.9993 
=> Current learning rate: 0.000100
Epoch:100 Time:91.7 Data:0.0 Loss:0.1112 Cls Loss:0.0084 Pair Loss:0.0210 Center Loss:0.0818 KL Loss:69.8075 Recon Loss:0.1337 Acc:0.9991 
=> Test at epoch 100
==========Test with latent_z: z_c =========
Extracted features for query set, obtained torch.Size([11659, 1280]) matrix
Extracted features for gallery set, obtained torch.Size([82161, 1280]) matrix
Extracting features complete in 0m 19s
Distance computing in 0m 42s
Positive values in distance matrix: 19277
Negative values in distance matrix: 957895822
Adjusted 0 distances
Results ---------------------------------------------------
top1:82.0% top5:90.3% top10:92.6% top20:94.5% mAP:61.6%
-----------------------------------------------------------
Classification accuracy before cls-ranking: 57.9%
query accuracy after cls-ranking: 0.0%
gallery accuracy after cls-ranking: 0.0%
Classification accuracy after cls-ranking: 57.9%
query accuracy after cls-ranking: 0.0%
gallery accuracy after cls-ranking: 0.0%
Using 1m 40s
Classifier results ---------------------------------------------------
Query acc: 0.0% Gallery acc: 0.0% Total acc: 0.0%
=> Current learning rate: 0.000100
Epoch:101 Time:50.7 Data:0.0 Loss:0.1108 Cls Loss:0.0090 Pair Loss:0.0206 Center Loss:0.0812 KL Loss:69.8087 Recon Loss:0.1337 Acc:0.9991 
=> Current learning rate: 0.000100
Epoch:102 Time:80.9 Data:0.0 Loss:0.1100 Cls Loss:0.0087 Pair Loss:0.0207 Center Loss:0.0806 KL Loss:69.8086 Recon Loss:0.1337 Acc:0.9991 
=> Current learning rate: 0.000100
Epoch:103 Time:85.6 Data:0.0 Loss:0.1094 Cls Loss:0.0083 Pair Loss:0.0213 Center Loss:0.0799 KL Loss:69.8049 Recon Loss:0.1337 Acc:0.9992 
=> Current learning rate: 0.000100
Epoch:104 Time:88.9 Data:0.0 Loss:0.1095 Cls Loss:0.0091 Pair Loss:0.0205 Center Loss:0.0799 KL Loss:69.7976 Recon Loss:0.1337 Acc:0.9989 
=> Current learning rate: 0.000100
Epoch:105 Time:90.0 Data:0.0 Loss:0.1068 Cls Loss:0.0082 Pair Loss:0.0198 Center Loss:0.0787 KL Loss:69.8071 Recon Loss:0.1337 Acc:0.9992 
=> Test at epoch 105
==========Test with latent_z: z_c =========
Extracted features for query set, obtained torch.Size([11659, 1280]) matrix
Extracted features for gallery set, obtained torch.Size([82161, 1280]) matrix
Extracting features complete in 0m 18s
Distance computing in 0m 40s
Positive values in distance matrix: 66027
Negative values in distance matrix: 957849072
Adjusted 0 distances
Results ---------------------------------------------------
top1:81.8% top5:90.2% top10:92.6% top20:94.5% mAP:61.5%
-----------------------------------------------------------
Classification accuracy before cls-ranking: 58.3%
query accuracy after cls-ranking: 0.0%
gallery accuracy after cls-ranking: 0.0%
Classification accuracy after cls-ranking: 58.3%
query accuracy after cls-ranking: 0.0%
gallery accuracy after cls-ranking: 0.0%
Using 1m 44s
Classifier results ---------------------------------------------------
Query acc: 0.0% Gallery acc: 0.0% Total acc: 0.0%
=> Current learning rate: 0.000100
Epoch:106 Time:48.7 Data:0.0 Loss:0.1070 Cls Loss:0.0082 Pair Loss:0.0210 Center Loss:0.0778 KL Loss:69.8064 Recon Loss:0.1337 Acc:0.9992 
=> Current learning rate: 0.000100
Epoch:107 Time:76.9 Data:0.0 Loss:0.1076 Cls Loss:0.0082 Pair Loss:0.0219 Center Loss:0.0775 KL Loss:69.8019 Recon Loss:0.1337 Acc:0.9992 
=> Current learning rate: 0.000100
Epoch:108 Time:89.3 Data:0.0 Loss:0.1060 Cls Loss:0.0082 Pair Loss:0.0208 Center Loss:0.0770 KL Loss:69.8051 Recon Loss:0.1337 Acc:0.9992 
=> Current learning rate: 0.000100
Epoch:109 Time:88.9 Data:0.0 Loss:0.1060 Cls Loss:0.0087 Pair Loss:0.0205 Center Loss:0.0767 KL Loss:69.7990 Recon Loss:0.1337 Acc:0.9993 
=> Current learning rate: 0.000100
Epoch:110 Time:93.5 Data:0.0 Loss:0.1063 Cls Loss:0.0087 Pair Loss:0.0214 Center Loss:0.0761 KL Loss:69.8021 Recon Loss:0.1337 Acc:0.9993 
=> Test at epoch 110
==========Test with latent_z: z_c =========
Extracted features for query set, obtained torch.Size([11659, 1280]) matrix
Extracted features for gallery set, obtained torch.Size([82161, 1280]) matrix
Extracting features complete in 0m 18s
Distance computing in 0m 39s
Positive values in distance matrix: 146869
Negative values in distance matrix: 957768230
Adjusted 0 distances
Results ---------------------------------------------------
top1:81.9% top5:90.2% top10:92.5% top20:94.6% mAP:61.5%
-----------------------------------------------------------
Classification accuracy before cls-ranking: 57.5%
query accuracy after cls-ranking: 0.0%
gallery accuracy after cls-ranking: 0.0%
Classification accuracy after cls-ranking: 57.5%
query accuracy after cls-ranking: 0.0%
gallery accuracy after cls-ranking: 0.0%
Using 1m 45s
Classifier results ---------------------------------------------------
Query acc: 0.0% Gallery acc: 0.0% Total acc: 0.0%
=> Current learning rate: 0.000100
Epoch:111 Time:55.6 Data:0.0 Loss:0.1050 Cls Loss:0.0085 Pair Loss:0.0212 Center Loss:0.0753 KL Loss:69.8076 Recon Loss:0.1337 Acc:0.9991 
=> Current learning rate: 0.000100
Epoch:112 Time:77.7 Data:0.0 Loss:0.1039 Cls Loss:0.0086 Pair Loss:0.0208 Center Loss:0.0745 KL Loss:69.8077 Recon Loss:0.1337 Acc:0.9990 
=> Current learning rate: 0.000100
Epoch:113 Time:86.4 Data:0.0 Loss:0.1047 Cls Loss:0.0088 Pair Loss:0.0215 Center Loss:0.0744 KL Loss:69.7998 Recon Loss:0.1337 Acc:0.9991 
=> Current learning rate: 0.000100
Epoch:114 Time:95.5 Data:0.0 Loss:0.1040 Cls Loss:0.0090 Pair Loss:0.0212 Center Loss:0.0738 KL Loss:69.7943 Recon Loss:0.1337 Acc:0.9990 
=> Current learning rate: 0.000100
Epoch:115 Time:87.0 Data:0.0 Loss:0.1011 Cls Loss:0.0078 Pair Loss:0.0204 Center Loss:0.0729 KL Loss:69.7886 Recon Loss:0.1337 Acc:0.9993 
=> Test at epoch 115
==========Test with latent_z: z_c =========
Extracted features for query set, obtained torch.Size([11659, 1280]) matrix
Extracted features for gallery set, obtained torch.Size([82161, 1280]) matrix
Extracting features complete in 0m 18s
Distance computing in 0m 44s
Positive values in distance matrix: 131323
Negative values in distance matrix: 957783776
Adjusted 0 distances
Results ---------------------------------------------------
top1:81.8% top5:90.1% top10:92.4% top20:94.5% mAP:61.5%
-----------------------------------------------------------
Classification accuracy before cls-ranking: 57.5%
query accuracy after cls-ranking: 0.0%
gallery accuracy after cls-ranking: 0.0%
Classification accuracy after cls-ranking: 57.5%
query accuracy after cls-ranking: 0.0%
gallery accuracy after cls-ranking: 0.0%
Using 1m 45s
Classifier results ---------------------------------------------------
Query acc: 0.0% Gallery acc: 0.0% Total acc: 0.0%
=> Current learning rate: 0.000100
Epoch:116 Time:60.7 Data:0.0 Loss:0.1024 Cls Loss:0.0089 Pair Loss:0.0202 Center Loss:0.0732 KL Loss:69.8055 Recon Loss:0.1337 Acc:0.9990 
=> Current learning rate: 0.000100
Epoch:117 Time:77.9 Data:0.0 Loss:0.1018 Cls Loss:0.0087 Pair Loss:0.0204 Center Loss:0.0727 KL Loss:69.8084 Recon Loss:0.1337 Acc:0.9992 
=> Current learning rate: 0.000100
Epoch:118 Time:90.6 Data:0.0 Loss:0.1005 Cls Loss:0.0093 Pair Loss:0.0200 Center Loss:0.0712 KL Loss:69.7957 Recon Loss:0.1337 Acc:0.9990 
=> Current learning rate: 0.000100
Epoch:119 Time:90.5 Data:0.0 Loss:0.0994 Cls Loss:0.0088 Pair Loss:0.0197 Center Loss:0.0709 KL Loss:69.8011 Recon Loss:0.1337 Acc:0.9991 
=> Current learning rate: 0.000100
Epoch:120 Time:91.5 Data:0.0 Loss:0.1001 Cls Loss:0.0084 Pair Loss:0.0208 Center Loss:0.0708 KL Loss:69.8032 Recon Loss:0.1337 Acc:0.9993 
=> Test at epoch 120
==========Test with latent_z: z_c =========
Extracted features for query set, obtained torch.Size([11659, 1280]) matrix
Extracted features for gallery set, obtained torch.Size([82161, 1280]) matrix
Extracting features complete in 0m 18s
Distance computing in 0m 43s
Positive values in distance matrix: 232136
Negative values in distance matrix: 957682963
Adjusted 0 distances
Results ---------------------------------------------------
top1:81.6% top5:90.0% top10:92.6% top20:94.5% mAP:61.4%
-----------------------------------------------------------
Classification accuracy before cls-ranking: 58.2%
query accuracy after cls-ranking: 0.0%
gallery accuracy after cls-ranking: 0.0%
Classification accuracy after cls-ranking: 58.2%
query accuracy after cls-ranking: 0.0%
gallery accuracy after cls-ranking: 0.0%
Using 1m 36s
Classifier results ---------------------------------------------------
Query acc: 0.0% Gallery acc: 0.0% Total acc: 0.0%
Keep checkpoint file: checkpoint_ep120.pth.tar
=> Current learning rate: 0.000100
=> Best Rank-1 82.0%, mAP 61.9% achieved at epoch 65
=> Best Acc: Query 0.0%, Gallery 0.0%, Total 0.0%
Finished. Total elapsed time (h:m:s): 3:21:56. Training time (h:m:s): 2:24:44.
