=> merge config from ./configs/base_msmt17/clipreid_cvae_stage2_wrt.yaml
=> Configurations:
-------------------------
AMP: True
AUG:
  RC_PROB: 0.5
  RE_PROB: 0.5
DATA:
  CUHK03_CLASSIC_SPLIT: False
  CUHK03_LABELED: False
  DATASET: msmt17
  FORMAT_TAG: tensor
  HEIGHT: 256
  NUM_INSTANCES: 4
  NUM_WORKERS: 4
  ROOT: /home/zhengwei/my_data/datasets
  SPLIT_ID: 0
  TEST_BATCH: 512
  TRAIN_BATCH: 64
  TRAIN_FORMAT: base
  WIDTH: 128
EVAL_MODE: False
GPU: 0
LOSS:
  CLA_LOSS: crossentropy
  CLA_M: 0.0
  CLA_S: 16.0
  PAIR_LOSS: triplet_wrt
  PAIR_M: 0.3
  PAIR_S: 16.0
  RECON_LOSS: mse
  USE_NCE: False
MODEL:
  CONDITIONAL: False
  FEATURE_DIM: 1280
  FEAT_FUSION: False
  FLOW_TYPE: 
  GAUSSIAN: MultivariateNormal
  HIDDEN_DIM: 256
  LATENT_SIZE: 64
  NAME: CVAE
  ONLY_CVAE_KL: False
  ONLY_X_INPUT: False
  PRETRAIN: CLIPreID_Tune_MSMT17
  PROJECTION_TYPE: None
  RES4_STRIDE: 1
  RESUME: /data/zhengwei/CVAE/outputs/msmt17/clipreid_simplevae_base/2024-08-31/baseMSMT17_SimpleVAE_128+64z_1e3_60+120_KLtotalZ_noCLS
  STYLE_NUM: 0
  TRAIN_STAGE: reid+cls_stage
  USE_CENTROID: False
  USE_TWO_ENCODER: False
  VAE_TYPE: SinpleVAE
  ZC_DIM: 128
  ZS_DIM: 64
OUTPUT: /data/zhengwei/CVAE/outputs/msmt17/clipreid_simplevae_base/2024-08-31/baseMSMT17_SimpleVAE_128+64z_1e3_60+120_KLtotalZ_noCLS/2nd_stage/2024-09-02/baseMSMT17_SimpleVAE_128+64z_1e3_60+120_KLtotalZ_L1280+CLS_Tripwrt+Center+Ce
SAVED_NAME: baseMSMT17_SimpleVAE_128+64z_1e3_60+120_KLtotalZ_L1280+CLS_Tripwrt+Center+Ce
SEED: 0
TAG: clipreid_simplevae_base
TEST:
  DISTANCE: cosine
  EVAL_STEP: 5
  START_EVAL: -1
TRAIN:
  AMP: False
  LR_SCHEDULER:
    DECAY_RATE: 0.1
    NAME: MultiStepLR
    STEPSIZE: [30]
  MAX_EPOCH: 60
  OPTIMIZER:
    LR: 0.001
    NAME: adam
    SGDLR: 0.01
    SGD_MOMENTUM: 0.9
    SGD_WEIGHT_DECAY: 0.0005
    WEIGHT_DECAY: 0.0001
  START_EPOCH: 0
----------------------
Initializing dataset msmt17
{1, 2, 3, 4, 5, 6, 7, 8, 9, 10, 11, 12, 13, 14, 15} cam_container
{1, 2, 3, 4, 5, 6, 7, 8, 9, 10, 11, 12, 13, 14, 15} cam_container
{1, 2, 3, 4, 5, 6, 7, 8, 9, 10, 11, 12, 13, 14, 15} cam_container
{1, 2, 3, 4, 5, 6, 7, 8, 9, 10, 11, 12, 13, 14, 15} cam_container
=> MSMT17 loaded
Dataset statistics:
  ----------------------------------------
  subset   | # ids | # images | # cameras
  ----------------------------------------
  train    |  1041 |    32621 |        15
  query    |  3060 |    11659 |        15
  gallery  |  3060 |    82161 |        15
  ----------------------------------------
Initializing SinpleVAE model
============Warning! No projection layer is used in Training!=================
============Warning! Using Defalt Linear 1280 to intialize!=================
Model size: 13.27571M
Initialized classifier with feature_dim: 1280, num_classes: 1041
Classifier size: 1.33248M
reid_projector.weight is tuneable
i2t_projector.weight is tuneable
i2t_projector.bias is tuneable
=> Start Training second stage model
Loading checkpoint from '/data/zhengwei/CVAE/outputs/msmt17/clipreid_simplevae_base/2024-08-31/baseMSMT17_SimpleVAE_128+64z_1e3_60+120_KLtotalZ_noCLS/checkpoint_ep120.pth.tar'
Loading all parameter:  encoder.0.weight
Loading all parameter:  encoder.0.bias
Loading all parameter:  encoder.1.weight
Loading all parameter:  encoder.1.bias
Loading all parameter:  encoder.1.running_mean
Loading all parameter:  encoder.1.running_var
Loading all parameter:  encoder.1.num_batches_tracked
Loading all parameter:  fc_mu.0.weight
Loading all parameter:  fc_mu.0.bias
Loading all parameter:  fc_logvar.0.weight
Loading all parameter:  fc_logvar.0.bias
Loading all parameter:  decoder.0.weight
Loading all parameter:  decoder.0.bias
Loading all parameter:  decoder.1.weight
Loading all parameter:  decoder.1.bias
Loading all parameter:  decoder.1.running_mean
Loading all parameter:  decoder.1.running_var
Loading all parameter:  decoder.1.num_batches_tracked
Loading all parameter:  decoder.3.weight
Loading all parameter:  decoder.3.bias
Loading all parameter:  u_embedding.gate.0.weight
Loading all parameter:  u_embedding.gate.0.bias
Loading all parameter:  u_embedding.adapters.0.weight
Loading all parameter:  u_embedding.adapters.0.bias
Loading all parameter:  u_embedding.adapters.1.weight
Loading all parameter:  u_embedding.adapters.1.bias
Loading all parameter:  u_embedding.adapters.2.weight
Loading all parameter:  u_embedding.adapters.2.bias
Loading all parameter:  u_embedding.adapters.3.weight
Loading all parameter:  u_embedding.adapters.3.bias
Loading all parameter:  u_embedding.adapters.4.weight
Loading all parameter:  u_embedding.adapters.4.bias
Loading all parameter:  u_embedding.adapters.5.weight
Loading all parameter:  u_embedding.adapters.5.bias
Loading all parameter:  u_embedding.adapters.6.weight
Loading all parameter:  u_embedding.adapters.6.bias
Loading all parameter:  u_embedding.adapters.7.weight
Loading all parameter:  u_embedding.adapters.7.bias
Loading all parameter:  u_embedding.adapters.8.weight
Loading all parameter:  u_embedding.adapters.8.bias
Loading all parameter:  u_embedding.adapters.9.weight
Loading all parameter:  u_embedding.adapters.9.bias
Loading all parameter:  u_embedding.adapters.10.weight
Loading all parameter:  u_embedding.adapters.10.bias
Loading all parameter:  u_embedding.adapters.11.weight
Loading all parameter:  u_embedding.adapters.11.bias
Loading all parameter:  u_embedding.adapters.12.weight
Loading all parameter:  u_embedding.adapters.12.bias
Loading all parameter:  u_embedding.adapters.13.weight
Loading all parameter:  u_embedding.adapters.13.bias
Loading all parameter:  u_embedding.adapters.14.weight
Loading all parameter:  u_embedding.adapters.14.bias
Loading all parameter:  u_embedding.adapters.15.weight
Loading all parameter:  u_embedding.adapters.15.bias
Loading all parameter:  u_embedding.adapters.16.weight
Loading all parameter:  u_embedding.adapters.16.bias
Loading all parameter:  u_embedding.adapters.17.weight
Loading all parameter:  u_embedding.adapters.17.bias
Loading all parameter:  u_embedding.adapters.18.weight
Loading all parameter:  u_embedding.adapters.18.bias
Loading all parameter:  u_embedding.adapters.19.weight
Loading all parameter:  u_embedding.adapters.19.bias
Loading all parameter:  u_embedding.adapters.20.weight
Loading all parameter:  u_embedding.adapters.20.bias
Loading all parameter:  u_embedding.adapters.21.weight
Loading all parameter:  u_embedding.adapters.21.bias
Loading all parameter:  u_embedding.adapters.22.weight
Loading all parameter:  u_embedding.adapters.22.bias
Loading all parameter:  u_embedding.adapters.23.weight
Loading all parameter:  u_embedding.adapters.23.bias
Loading all parameter:  u_embedding.adapters.24.weight
Loading all parameter:  u_embedding.adapters.24.bias
Loading all parameter:  u_embedding.adapters.25.weight
Loading all parameter:  u_embedding.adapters.25.bias
Loading all parameter:  u_embedding.adapters.26.weight
Loading all parameter:  u_embedding.adapters.26.bias
Loading all parameter:  u_embedding.adapters.27.weight
Loading all parameter:  u_embedding.adapters.27.bias
Loading all parameter:  u_embedding.adapters.28.weight
Loading all parameter:  u_embedding.adapters.28.bias
Loading all parameter:  u_embedding.adapters.29.weight
Loading all parameter:  u_embedding.adapters.29.bias
Loading all parameter:  u_embedding.adapters.30.weight
Loading all parameter:  u_embedding.adapters.30.bias
Loading all parameter:  u_embedding.adapters.31.weight
Loading all parameter:  u_embedding.adapters.31.bias
Loading all parameter:  u_embedding.adapters.32.weight
Loading all parameter:  u_embedding.adapters.32.bias
Loading all parameter:  u_embedding.adapters.33.weight
Loading all parameter:  u_embedding.adapters.33.bias
Loading all parameter:  u_embedding.adapters.34.weight
Loading all parameter:  u_embedding.adapters.34.bias
Loading all parameter:  u_embedding.adapters.35.weight
Loading all parameter:  u_embedding.adapters.35.bias
Loading all parameter:  u_embedding.adapters.36.weight
Loading all parameter:  u_embedding.adapters.36.bias
Loading all parameter:  u_embedding.adapters.37.weight
Loading all parameter:  u_embedding.adapters.37.bias
Loading all parameter:  u_embedding.adapters.38.weight
Loading all parameter:  u_embedding.adapters.38.bias
Loading all parameter:  u_embedding.adapters.39.weight
Loading all parameter:  u_embedding.adapters.39.bias
Loading all parameter:  u_embedding.adapters.40.weight
Loading all parameter:  u_embedding.adapters.40.bias
Loading all parameter:  u_embedding.adapters.41.weight
Loading all parameter:  u_embedding.adapters.41.bias
Loading all parameter:  u_embedding.adapters.42.weight
Loading all parameter:  u_embedding.adapters.42.bias
Loading all parameter:  u_embedding.adapters.43.weight
Loading all parameter:  u_embedding.adapters.43.bias
Loading all parameter:  u_embedding.adapters.44.weight
Loading all parameter:  u_embedding.adapters.44.bias
Loading all parameter:  u_embedding.adapters.45.weight
Loading all parameter:  u_embedding.adapters.45.bias
Loading all parameter:  u_embedding.adapters.46.weight
Loading all parameter:  u_embedding.adapters.46.bias
Loading all parameter:  u_embedding.adapters.47.weight
Loading all parameter:  u_embedding.adapters.47.bias
Loading all parameter:  u_embedding.adapters.48.weight
Loading all parameter:  u_embedding.adapters.48.bias
Loading all parameter:  u_embedding.adapters.49.weight
Loading all parameter:  u_embedding.adapters.49.bias
Loading all parameter:  u_embedding.adapters.50.weight
Loading all parameter:  u_embedding.adapters.50.bias
Loading all parameter:  u_embedding.adapters.51.weight
Loading all parameter:  u_embedding.adapters.51.bias
Loading all parameter:  u_embedding.adapters.52.weight
Loading all parameter:  u_embedding.adapters.52.bias
Loading all parameter:  u_embedding.adapters.53.weight
Loading all parameter:  u_embedding.adapters.53.bias
Loading all parameter:  u_embedding.adapters.54.weight
Loading all parameter:  u_embedding.adapters.54.bias
Loading all parameter:  u_embedding.adapters.55.weight
Loading all parameter:  u_embedding.adapters.55.bias
Loading all parameter:  u_embedding.adapters.56.weight
Loading all parameter:  u_embedding.adapters.56.bias
Loading all parameter:  u_embedding.adapters.57.weight
Loading all parameter:  u_embedding.adapters.57.bias
Loading all parameter:  u_embedding.adapters.58.weight
Loading all parameter:  u_embedding.adapters.58.bias
Loading all parameter:  u_embedding.adapters.59.weight
Loading all parameter:  u_embedding.adapters.59.bias
Loading all parameter:  u_embedding.adapters.60.weight
Loading all parameter:  u_embedding.adapters.60.bias
Loading all parameter:  u_embedding.adapters.61.weight
Loading all parameter:  u_embedding.adapters.61.bias
Loading all parameter:  u_embedding.adapters.62.weight
Loading all parameter:  u_embedding.adapters.62.bias
Loading all parameter:  u_embedding.adapters.63.weight
Loading all parameter:  u_embedding.adapters.63.bias
Loading all parameter:  u_embedding.adapters.64.weight
Loading all parameter:  u_embedding.adapters.64.bias
Loading all parameter:  u_embedding.adapters.65.weight
Loading all parameter:  u_embedding.adapters.65.bias
Loading all parameter:  u_embedding.adapters.66.weight
Loading all parameter:  u_embedding.adapters.66.bias
Loading all parameter:  u_embedding.adapters.67.weight
Loading all parameter:  u_embedding.adapters.67.bias
Loading all parameter:  u_embedding.adapters.68.weight
Loading all parameter:  u_embedding.adapters.68.bias
Loading all parameter:  u_embedding.adapters.69.weight
Loading all parameter:  u_embedding.adapters.69.bias
Loading all parameter:  u_embedding.adapters.70.weight
Loading all parameter:  u_embedding.adapters.70.bias
Loading all parameter:  u_embedding.adapters.71.weight
Loading all parameter:  u_embedding.adapters.71.bias
Loading all parameter:  u_embedding.adapters.72.weight
Loading all parameter:  u_embedding.adapters.72.bias
Loading all parameter:  u_embedding.adapters.73.weight
Loading all parameter:  u_embedding.adapters.73.bias
Loading all parameter:  u_embedding.adapters.74.weight
Loading all parameter:  u_embedding.adapters.74.bias
Loading all parameter:  u_embedding.adapters.75.weight
Loading all parameter:  u_embedding.adapters.75.bias
Loading all parameter:  u_embedding.adapters.76.weight
Loading all parameter:  u_embedding.adapters.76.bias
Loading all parameter:  u_embedding.adapters.77.weight
Loading all parameter:  u_embedding.adapters.77.bias
Loading all parameter:  u_embedding.adapters.78.weight
Loading all parameter:  u_embedding.adapters.78.bias
Loading all parameter:  u_embedding.adapters.79.weight
Loading all parameter:  u_embedding.adapters.79.bias
Loading all parameter:  u_embedding.adapters.80.weight
Loading all parameter:  u_embedding.adapters.80.bias
Loading all parameter:  u_embedding.adapters.81.weight
Loading all parameter:  u_embedding.adapters.81.bias
Loading all parameter:  u_embedding.adapters.82.weight
Loading all parameter:  u_embedding.adapters.82.bias
Loading all parameter:  u_embedding.adapters.83.weight
Loading all parameter:  u_embedding.adapters.83.bias
Loading all parameter:  u_embedding.adapters.84.weight
Loading all parameter:  u_embedding.adapters.84.bias
Loading all parameter:  u_embedding.adapters.85.weight
Loading all parameter:  u_embedding.adapters.85.bias
Loading all parameter:  u_embedding.adapters.86.weight
Loading all parameter:  u_embedding.adapters.86.bias
Loading all parameter:  u_embedding.adapters.87.weight
Loading all parameter:  u_embedding.adapters.87.bias
Loading all parameter:  u_embedding.adapters.88.weight
Loading all parameter:  u_embedding.adapters.88.bias
Loading all parameter:  u_embedding.adapters.89.weight
Loading all parameter:  u_embedding.adapters.89.bias
Loading all parameter:  u_embedding.adapters.90.weight
Loading all parameter:  u_embedding.adapters.90.bias
Loading all parameter:  u_embedding.adapters.91.weight
Loading all parameter:  u_embedding.adapters.91.bias
Loading all parameter:  u_embedding.adapters.92.weight
Loading all parameter:  u_embedding.adapters.92.bias
Loading all parameter:  u_embedding.adapters.93.weight
Loading all parameter:  u_embedding.adapters.93.bias
Loading all parameter:  u_embedding.adapters.94.weight
Loading all parameter:  u_embedding.adapters.94.bias
Loading all parameter:  u_embedding.adapters.95.weight
Loading all parameter:  u_embedding.adapters.95.bias
Loading all parameter:  u_embedding.adapters.96.weight
Loading all parameter:  u_embedding.adapters.96.bias
Loading all parameter:  u_embedding.adapters.97.weight
Loading all parameter:  u_embedding.adapters.97.bias
Loading all parameter:  u_embedding.adapters.98.weight
Loading all parameter:  u_embedding.adapters.98.bias
Loading all parameter:  u_embedding.adapters.99.weight
Loading all parameter:  u_embedding.adapters.99.bias
Loading all parameter:  u_embedding.adapters.100.weight
Loading all parameter:  u_embedding.adapters.100.bias
Loading all parameter:  u_embedding.adapters.101.weight
Loading all parameter:  u_embedding.adapters.101.bias
Loading all parameter:  u_embedding.adapters.102.weight
Loading all parameter:  u_embedding.adapters.102.bias
Loading all parameter:  u_embedding.adapters.103.weight
Loading all parameter:  u_embedding.adapters.103.bias
Loading all parameter:  u_embedding.adapters.104.weight
Loading all parameter:  u_embedding.adapters.104.bias
Loading all parameter:  u_embedding.adapters.105.weight
Loading all parameter:  u_embedding.adapters.105.bias
Loading all parameter:  u_embedding.adapters.106.weight
Loading all parameter:  u_embedding.adapters.106.bias
Loading all parameter:  u_embedding.adapters.107.weight
Loading all parameter:  u_embedding.adapters.107.bias
Loading all parameter:  u_embedding.adapters.108.weight
Loading all parameter:  u_embedding.adapters.108.bias
Loading all parameter:  u_embedding.adapters.109.weight
Loading all parameter:  u_embedding.adapters.109.bias
Loading all parameter:  u_embedding.adapters.110.weight
Loading all parameter:  u_embedding.adapters.110.bias
Loading all parameter:  u_embedding.adapters.111.weight
Loading all parameter:  u_embedding.adapters.111.bias
Loading all parameter:  u_embedding.adapters.112.weight
Loading all parameter:  u_embedding.adapters.112.bias
Loading all parameter:  u_embedding.adapters.113.weight
Loading all parameter:  u_embedding.adapters.113.bias
Loading all parameter:  u_embedding.adapters.114.weight
Loading all parameter:  u_embedding.adapters.114.bias
Loading all parameter:  u_embedding.adapters.115.weight
Loading all parameter:  u_embedding.adapters.115.bias
Loading all parameter:  u_embedding.adapters.116.weight
Loading all parameter:  u_embedding.adapters.116.bias
Loading all parameter:  u_embedding.adapters.117.weight
Loading all parameter:  u_embedding.adapters.117.bias
Loading all parameter:  u_embedding.adapters.118.weight
Loading all parameter:  u_embedding.adapters.118.bias
Loading all parameter:  u_embedding.adapters.119.weight
Loading all parameter:  u_embedding.adapters.119.bias
Loading all parameter:  u_embedding.adapters.120.weight
Loading all parameter:  u_embedding.adapters.120.bias
Loading all parameter:  u_embedding.adapters.121.weight
Loading all parameter:  u_embedding.adapters.121.bias
Loading all parameter:  u_embedding.adapters.122.weight
Loading all parameter:  u_embedding.adapters.122.bias
Loading all parameter:  u_embedding.adapters.123.weight
Loading all parameter:  u_embedding.adapters.123.bias
Loading all parameter:  u_embedding.adapters.124.weight
Loading all parameter:  u_embedding.adapters.124.bias
Loading all parameter:  u_embedding.adapters.125.weight
Loading all parameter:  u_embedding.adapters.125.bias
Loading all parameter:  u_embedding.adapters.126.weight
Loading all parameter:  u_embedding.adapters.126.bias
Loading all parameter:  u_embedding.adapters.127.weight
Loading all parameter:  u_embedding.adapters.127.bias
Loading all parameter:  zs_embedding.0.weight
Loading all parameter:  zs_embedding.0.bias
Loading all parameter:  reid_projector.weight
Ignores parameter:  reid_projector.weight
Loading all parameter:  i2t_projector.weight
Ignores parameter:  i2t_projector.weight
Loading all parameter:  i2t_projector.bias
Ignores parameter:  i2t_projector.bias
orginal best rank1 = 0.7652457329101982
=> Start evaluation only 
==========Test with latent_z: z_c =========
Extracted features for query set, obtained torch.Size([11659, 1280]) matrix
Extracted features for gallery set, obtained torch.Size([82161, 1280]) matrix
Extracting features complete in 0m 25s
Distance computing in 0m 54s
Positive values in distance matrix: 17361938
Negative values in distance matrix: 940553161
Adjusted 0 distances
Results ---------------------------------------------------
top1:75.6% top5:86.4% top10:89.8% top20:92.3% mAP:52.2%
-----------------------------------------------------------
Classification accuracy before cls-ranking: 60.2%
query accuracy after cls-ranking: 0.0%
gallery accuracy after cls-ranking: 0.0%
Classification accuracy after cls-ranking: 60.2%
query accuracy after cls-ranking: 0.0%
gallery accuracy after cls-ranking: 0.0%
Using 3m 10s
Classifier results ---------------------------------------------------
Query acc: 0.0% Gallery acc: 0.0% Total acc: 0.0%
=> Start training
/home/zhengwei/github/CVAE/losses/triplet_loss.py:122: UserWarning: This overload of addmm_ is deprecated:
	addmm_(Number beta, Number alpha, Tensor mat1, Tensor mat2)
Consider using one of the following signatures instead:
	addmm_(Tensor mat1, Tensor mat2, *, Number beta, Number alpha) (Triggered internally at /opt/conda/conda-bld/pytorch_1670525539683/work/torch/csrc/utils/python_arg_parser.cpp:1420.)
  dist_mtx = dist_mtx.addmm_(1, -2, emb1, emb2.t())
Epoch:1 Time:41.5 Data:0.0 Loss:783.7526 Cls Loss:783.7526 Pair Loss:0.0175 Center Loss:779.2767 KL Loss:88.7361 Recon Loss:0.1337 Acc:0.3094 
=> Current learning rate: 0.000200
Epoch:2 Time:46.0 Data:0.0 Loss:273.4683 Cls Loss:273.4683 Pair Loss:0.0237 Center Loss:272.2520 KL Loss:86.6036 Recon Loss:0.1337 Acc:0.8039 
=> Current learning rate: 0.000400
Epoch:3 Time:45.5 Data:0.0 Loss:122.7486 Cls Loss:122.7486 Pair Loss:0.0268 Center Loss:122.2972 KL Loss:84.4706 Recon Loss:0.1337 Acc:0.9415 
=> Current learning rate: 0.000600
Epoch:4 Time:44.9 Data:0.0 Loss:62.1571 Cls Loss:62.1571 Pair Loss:0.0298 Center Loss:61.8834 KL Loss:82.3510 Recon Loss:0.1337 Acc:0.9673 
=> Current learning rate: 0.000800
Epoch:5 Time:47.9 Data:0.0 Loss:34.3957 Cls Loss:34.3957 Pair Loss:0.0329 Center Loss:34.1403 KL Loss:80.2099 Recon Loss:0.1337 Acc:0.9590 
=> Test at epoch 5
==========Test with latent_z: z_c =========
Extracted features for query set, obtained torch.Size([11659, 1280]) matrix
Extracted features for gallery set, obtained torch.Size([82161, 1280]) matrix
Extracting features complete in 0m 25s
Distance computing in 0m 57s
Positive values in distance matrix: 297149653
Negative values in distance matrix: 660765444
Adjusted 0 distances
Results ---------------------------------------------------
top1:79.7% top5:89.1% top10:91.6% top20:93.7% mAP:58.7%
-----------------------------------------------------------
Classification accuracy before cls-ranking: 56.9%
query accuracy after cls-ranking: 0.1%
gallery accuracy after cls-ranking: 0.1%
Classification accuracy after cls-ranking: 56.9%
query accuracy after cls-ranking: 0.1%
gallery accuracy after cls-ranking: 0.1%
Using 3m 30s
Classifier results ---------------------------------------------------
Query acc: 0.1% Gallery acc: 0.0% Total acc: 0.0%
=> Current learning rate: 0.001000
Epoch:6 Time:71.8 Data:0.0 Loss:20.2581 Cls Loss:20.2581 Pair Loss:0.0364 Center Loss:20.0752 KL Loss:78.0780 Recon Loss:0.1337 Acc:0.9754 
=> Current learning rate: 0.001000
Epoch:7 Time:66.1 Data:0.0 Loss:12.6539 Cls Loss:12.6539 Pair Loss:0.0402 Center Loss:12.4872 KL Loss:75.9462 Recon Loss:0.1337 Acc:0.9777 
=> Current learning rate: 0.001000
Epoch:8 Time:55.2 Data:0.0 Loss:8.3759 Cls Loss:8.3759 Pair Loss:0.0444 Center Loss:8.2020 KL Loss:73.8078 Recon Loss:0.1337 Acc:0.9748 
=> Current learning rate: 0.001000
Epoch:9 Time:51.7 Data:0.0 Loss:5.8453 Cls Loss:5.8453 Pair Loss:0.0492 Center Loss:5.6653 KL Loss:71.6829 Recon Loss:0.1337 Acc:0.9709 
=> Current learning rate: 0.001000
Epoch:10 Time:39.2 Data:0.0 Loss:4.2521 Cls Loss:4.2521 Pair Loss:0.0535 Center Loss:4.0910 KL Loss:69.9537 Recon Loss:0.1337 Acc:0.9773 
=> Test at epoch 10
==========Test with latent_z: z_c =========
Extracted features for query set, obtained torch.Size([11659, 1280]) matrix
Extracted features for gallery set, obtained torch.Size([82161, 1280]) matrix
Extracting features complete in 0m 19s
Distance computing in 0m 25s
Positive values in distance matrix: 235659228
Negative values in distance matrix: 722255869
Adjusted 0 distances
Results ---------------------------------------------------
top1:79.5% top5:89.2% top10:91.6% top20:93.7% mAP:58.4%
-----------------------------------------------------------
Classification accuracy before cls-ranking: 57.0%
query accuracy after cls-ranking: 0.0%
gallery accuracy after cls-ranking: 0.0%
Classification accuracy after cls-ranking: 57.0%
query accuracy after cls-ranking: 0.0%
gallery accuracy after cls-ranking: 0.0%
Using 1m 47s
Classifier results ---------------------------------------------------
Query acc: 0.0% Gallery acc: 0.0% Total acc: 0.0%
=> Current learning rate: 0.001000
Epoch:11 Time:67.2 Data:0.0 Loss:3.2512 Cls Loss:3.2512 Pair Loss:0.0579 Center Loss:3.0820 KL Loss:69.7973 Recon Loss:0.1337 Acc:0.9752 
=> Current learning rate: 0.001000
Epoch:12 Time:67.5 Data:0.0 Loss:2.6104 Cls Loss:2.6104 Pair Loss:0.0627 Center Loss:2.4213 KL Loss:69.8016 Recon Loss:0.1337 Acc:0.9722 
=> Current learning rate: 0.001000
Epoch:13 Time:66.4 Data:0.0 Loss:2.1122 Cls Loss:2.1122 Pair Loss:0.0676 Center Loss:1.9419 KL Loss:69.7979 Recon Loss:0.1337 Acc:0.9776 
=> Current learning rate: 0.001000
Epoch:14 Time:64.0 Data:0.0 Loss:1.7984 Cls Loss:1.7984 Pair Loss:0.0716 Center Loss:1.6171 KL Loss:69.8059 Recon Loss:0.1337 Acc:0.9765 
=> Current learning rate: 0.001000
Epoch:15 Time:52.2 Data:0.0 Loss:1.5814 Cls Loss:1.5814 Pair Loss:0.0763 Center Loss:1.3886 KL Loss:69.7974 Recon Loss:0.1337 Acc:0.9744 
=> Test at epoch 15
==========Test with latent_z: z_c =========
Extracted features for query set, obtained torch.Size([11659, 1280]) matrix
Extracted features for gallery set, obtained torch.Size([82161, 1280]) matrix
Extracting features complete in 0m 25s
Distance computing in 0m 50s
Positive values in distance matrix: 168469270
Negative values in distance matrix: 789445827
Adjusted 0 distances
Results ---------------------------------------------------
top1:78.7% top5:88.8% top10:91.2% top20:93.5% mAP:57.4%
-----------------------------------------------------------
Classification accuracy before cls-ranking: 56.9%
query accuracy after cls-ranking: 0.0%
gallery accuracy after cls-ranking: 0.0%
Classification accuracy after cls-ranking: 56.9%
query accuracy after cls-ranking: 0.0%
gallery accuracy after cls-ranking: 0.0%
Using 2m 48s
Classifier results ---------------------------------------------------
Query acc: 0.0% Gallery acc: 0.0% Total acc: 0.0%
=> Current learning rate: 0.001000
Epoch:16 Time:40.9 Data:0.0 Loss:1.3962 Cls Loss:1.3962 Pair Loss:0.0809 Center Loss:1.2078 KL Loss:69.7887 Recon Loss:0.1337 Acc:0.9769 
=> Current learning rate: 0.001000
Epoch:17 Time:43.4 Data:0.0 Loss:1.2589 Cls Loss:1.2589 Pair Loss:0.0850 Center Loss:1.0670 KL Loss:69.8003 Recon Loss:0.1337 Acc:0.9776 
=> Current learning rate: 0.001000
Epoch:18 Time:47.0 Data:0.0 Loss:1.1840 Cls Loss:1.1840 Pair Loss:0.0890 Center Loss:0.9764 KL Loss:69.8055 Recon Loss:0.1337 Acc:0.9733 
=> Current learning rate: 0.001000
Epoch:19 Time:44.8 Data:0.0 Loss:1.0877 Cls Loss:1.0877 Pair Loss:0.0931 Center Loss:0.8845 KL Loss:69.7999 Recon Loss:0.1337 Acc:0.9765 
=> Current learning rate: 0.001000
Epoch:20 Time:46.3 Data:0.0 Loss:1.0340 Cls Loss:1.0340 Pair Loss:0.0967 Center Loss:0.8254 KL Loss:69.7995 Recon Loss:0.1337 Acc:0.9773 
=> Test at epoch 20
==========Test with latent_z: z_c =========
Extracted features for query set, obtained torch.Size([11659, 1280]) matrix
Extracted features for gallery set, obtained torch.Size([82161, 1280]) matrix
Extracting features complete in 0m 19s
Distance computing in 1m 1s
Positive values in distance matrix: 136983598
Negative values in distance matrix: 820931500
Adjusted 0 distances
Results ---------------------------------------------------
top1:78.4% top5:88.4% top10:91.1% top20:93.5% mAP:56.6%
-----------------------------------------------------------
Classification accuracy before cls-ranking: 57.4%
query accuracy after cls-ranking: 0.0%
gallery accuracy after cls-ranking: 0.1%
Classification accuracy after cls-ranking: 57.4%
query accuracy after cls-ranking: 0.0%
gallery accuracy after cls-ranking: 0.1%
Using 3m 11s
Classifier results ---------------------------------------------------
Query acc: 0.0% Gallery acc: 0.0% Total acc: 0.0%
=> Current learning rate: 0.001000
Epoch:21 Time:71.4 Data:0.0 Loss:0.9702 Cls Loss:0.9702 Pair Loss:0.1003 Center Loss:0.7645 KL Loss:69.7988 Recon Loss:0.1337 Acc:0.9778 
=> Current learning rate: 0.001000
Epoch:22 Time:74.1 Data:0.0 Loss:0.9432 Cls Loss:0.9432 Pair Loss:0.1038 Center Loss:0.7257 KL Loss:69.7993 Recon Loss:0.1337 Acc:0.9756 
=> Current learning rate: 0.001000
Epoch:23 Time:65.2 Data:0.0 Loss:0.9149 Cls Loss:0.9149 Pair Loss:0.1073 Center Loss:0.6919 KL Loss:69.7922 Recon Loss:0.1337 Acc:0.9765 
=> Current learning rate: 0.001000
Epoch:24 Time:56.6 Data:0.0 Loss:0.8585 Cls Loss:0.8585 Pair Loss:0.1106 Center Loss:0.6475 KL Loss:69.7960 Recon Loss:0.1337 Acc:0.9809 
=> Current learning rate: 0.001000
Epoch:25 Time:49.7 Data:0.0 Loss:0.8482 Cls Loss:0.8482 Pair Loss:0.1136 Center Loss:0.6227 KL Loss:69.8058 Recon Loss:0.1337 Acc:0.9764 
=> Test at epoch 25
==========Test with latent_z: z_c =========
Extracted features for query set, obtained torch.Size([11659, 1280]) matrix
Extracted features for gallery set, obtained torch.Size([82161, 1280]) matrix
Extracting features complete in 0m 28s
Distance computing in 0m 32s
Positive values in distance matrix: 109050266
Negative values in distance matrix: 848864833
Adjusted 0 distances
Results ---------------------------------------------------
top1:78.1% top5:88.0% top10:90.9% top20:93.2% mAP:56.2%
-----------------------------------------------------------
Classification accuracy before cls-ranking: 57.3%
query accuracy after cls-ranking: 0.0%
gallery accuracy after cls-ranking: 0.0%
Classification accuracy after cls-ranking: 57.3%
query accuracy after cls-ranking: 0.0%
gallery accuracy after cls-ranking: 0.0%
Using 1m 29s
Classifier results ---------------------------------------------------
Query acc: 0.0% Gallery acc: 0.0% Total acc: 0.0%
=> Current learning rate: 0.001000
Epoch:26 Time:55.9 Data:0.0 Loss:0.8382 Cls Loss:0.8382 Pair Loss:0.1163 Center Loss:0.6086 KL Loss:69.7962 Recon Loss:0.1337 Acc:0.9778 
=> Current learning rate: 0.001000
Epoch:27 Time:78.6 Data:0.0 Loss:0.8254 Cls Loss:0.8254 Pair Loss:0.1187 Center Loss:0.5902 KL Loss:69.8058 Recon Loss:0.1337 Acc:0.9758 
=> Current learning rate: 0.001000
Epoch:28 Time:74.2 Data:0.0 Loss:0.7972 Cls Loss:0.7972 Pair Loss:0.1212 Center Loss:0.5694 KL Loss:69.8000 Recon Loss:0.1337 Acc:0.9792 
=> Current learning rate: 0.001000
Epoch:29 Time:62.4 Data:0.0 Loss:0.7862 Cls Loss:0.7862 Pair Loss:0.1234 Center Loss:0.5526 KL Loss:69.7929 Recon Loss:0.1337 Acc:0.9786 
=> Current learning rate: 0.001000
Epoch:30 Time:56.7 Data:0.0 Loss:0.7929 Cls Loss:0.7929 Pair Loss:0.1250 Center Loss:0.5514 KL Loss:69.8106 Recon Loss:0.1337 Acc:0.9761 
=> Test at epoch 30
==========Test with latent_z: z_c =========
Extracted features for query set, obtained torch.Size([11659, 1280]) matrix
Extracted features for gallery set, obtained torch.Size([82161, 1280]) matrix
Extracting features complete in 0m 20s
Distance computing in 0m 45s
Positive values in distance matrix: 84111809
Negative values in distance matrix: 873803289
Adjusted 0 distances
Results ---------------------------------------------------
top1:77.9% top5:88.1% top10:90.7% top20:93.1% mAP:55.9%
-----------------------------------------------------------
Classification accuracy before cls-ranking: 58.6%
query accuracy after cls-ranking: 0.0%
gallery accuracy after cls-ranking: 0.0%
Classification accuracy after cls-ranking: 58.6%
query accuracy after cls-ranking: 0.0%
gallery accuracy after cls-ranking: 0.0%
Using 2m 38s
Classifier results ---------------------------------------------------
Query acc: 0.0% Gallery acc: 0.0% Total acc: 0.0%
=> Current learning rate: 0.001000
Epoch:31 Time:52.4 Data:0.0 Loss:0.5312 Cls Loss:0.5312 Pair Loss:0.1297 Center Loss:0.3582 KL Loss:69.8006 Recon Loss:0.1337 Acc:0.9962 
=> Current learning rate: 0.000100
Epoch:32 Time:47.2 Data:0.0 Loss:0.5031 Cls Loss:0.5031 Pair Loss:0.1313 Center Loss:0.3411 KL Loss:69.7972 Recon Loss:0.1337 Acc:0.9989 
=> Current learning rate: 0.000100
Epoch:33 Time:46.1 Data:0.0 Loss:0.4999 Cls Loss:0.4999 Pair Loss:0.1318 Center Loss:0.3380 KL Loss:69.8083 Recon Loss:0.1337 Acc:0.9993 
=> Current learning rate: 0.000100
Epoch:34 Time:48.2 Data:0.0 Loss:0.4986 Cls Loss:0.4986 Pair Loss:0.1313 Center Loss:0.3366 KL Loss:69.8000 Recon Loss:0.1337 Acc:0.9993 
=> Current learning rate: 0.000100
Epoch:35 Time:50.7 Data:0.0 Loss:0.4979 Cls Loss:0.4979 Pair Loss:0.1320 Center Loss:0.3344 KL Loss:69.7924 Recon Loss:0.1337 Acc:0.9993 
=> Test at epoch 35
==========Test with latent_z: z_c =========
Extracted features for query set, obtained torch.Size([11659, 1280]) matrix
Extracted features for gallery set, obtained torch.Size([82161, 1280]) matrix
Extracting features complete in 0m 21s
Distance computing in 0m 38s
Positive values in distance matrix: 78426243
Negative values in distance matrix: 879488856
Adjusted 0 distances
Results ---------------------------------------------------
top1:77.9% top5:88.1% top10:90.9% top20:93.2% mAP:55.9%
-----------------------------------------------------------
Classification accuracy before cls-ranking: 57.5%
query accuracy after cls-ranking: 0.0%
gallery accuracy after cls-ranking: 0.0%
Classification accuracy after cls-ranking: 57.5%
query accuracy after cls-ranking: 0.0%
gallery accuracy after cls-ranking: 0.0%
Using 2m 45s
Classifier results ---------------------------------------------------
Query acc: 0.0% Gallery acc: 0.0% Total acc: 0.0%
=> Current learning rate: 0.000100
Epoch:36 Time:70.0 Data:0.0 Loss:0.4978 Cls Loss:0.4978 Pair Loss:0.1324 Center Loss:0.3330 KL Loss:69.7847 Recon Loss:0.1337 Acc:0.9992 
=> Current learning rate: 0.000100
Epoch:37 Time:66.1 Data:0.0 Loss:0.4966 Cls Loss:0.4966 Pair Loss:0.1323 Center Loss:0.3313 KL Loss:69.8093 Recon Loss:0.1337 Acc:0.9993 
=> Current learning rate: 0.000100
Epoch:38 Time:64.4 Data:0.0 Loss:0.4960 Cls Loss:0.4960 Pair Loss:0.1329 Center Loss:0.3291 KL Loss:69.8026 Recon Loss:0.1337 Acc:0.9994 
=> Current learning rate: 0.000100
Epoch:39 Time:60.3 Data:0.0 Loss:0.4960 Cls Loss:0.4960 Pair Loss:0.1331 Center Loss:0.3281 KL Loss:69.8071 Recon Loss:0.1337 Acc:0.9994 
=> Current learning rate: 0.000100
Epoch:40 Time:51.5 Data:0.0 Loss:0.4949 Cls Loss:0.4949 Pair Loss:0.1329 Center Loss:0.3269 KL Loss:69.7990 Recon Loss:0.1337 Acc:0.9993 
=> Test at epoch 40
==========Test with latent_z: z_c =========
Extracted features for query set, obtained torch.Size([11659, 1280]) matrix
Extracted features for gallery set, obtained torch.Size([82161, 1280]) matrix
Extracting features complete in 0m 20s
Distance computing in 0m 47s
Positive values in distance matrix: 76907946
Negative values in distance matrix: 881007152
Adjusted 0 distances
Results ---------------------------------------------------
top1:77.7% top5:88.1% top10:90.9% top20:93.2% mAP:55.8%
-----------------------------------------------------------
Classification accuracy before cls-ranking: 57.4%
query accuracy after cls-ranking: 0.0%
gallery accuracy after cls-ranking: 0.0%
Classification accuracy after cls-ranking: 57.4%
query accuracy after cls-ranking: 0.0%
gallery accuracy after cls-ranking: 0.0%
Using 1m 36s
Classifier results ---------------------------------------------------
Query acc: 0.0% Gallery acc: 0.0% Total acc: 0.0%
=> Current learning rate: 0.000100
Epoch:41 Time:60.9 Data:0.0 Loss:0.4930 Cls Loss:0.4930 Pair Loss:0.1329 Center Loss:0.3243 KL Loss:69.8032 Recon Loss:0.1337 Acc:0.9992 
=> Current learning rate: 0.000100
Epoch:42 Time:57.9 Data:0.0 Loss:0.4933 Cls Loss:0.4933 Pair Loss:0.1331 Center Loss:0.3238 KL Loss:69.8078 Recon Loss:0.1337 Acc:0.9994 
=> Current learning rate: 0.000100
Epoch:43 Time:66.0 Data:0.0 Loss:0.4919 Cls Loss:0.4919 Pair Loss:0.1336 Center Loss:0.3216 KL Loss:69.7973 Recon Loss:0.1337 Acc:0.9993 
=> Current learning rate: 0.000100
Epoch:44 Time:70.1 Data:0.0 Loss:0.4920 Cls Loss:0.4920 Pair Loss:0.1342 Center Loss:0.3209 KL Loss:69.8053 Recon Loss:0.1337 Acc:0.9992 
=> Current learning rate: 0.000100
Epoch:45 Time:58.2 Data:0.0 Loss:0.4903 Cls Loss:0.4903 Pair Loss:0.1337 Center Loss:0.3190 KL Loss:69.7994 Recon Loss:0.1337 Acc:0.9994 
=> Test at epoch 45
==========Test with latent_z: z_c =========
Extracted features for query set, obtained torch.Size([11659, 1280]) matrix
Extracted features for gallery set, obtained torch.Size([82161, 1280]) matrix
Extracting features complete in 0m 27s
Distance computing in 0m 43s
Positive values in distance matrix: 78087340
Negative values in distance matrix: 879827757
Adjusted 0 distances
Results ---------------------------------------------------
top1:77.8% top5:88.0% top10:90.9% top20:93.2% mAP:55.7%
-----------------------------------------------------------
Classification accuracy before cls-ranking: 57.9%
query accuracy after cls-ranking: 0.0%
gallery accuracy after cls-ranking: 0.0%
Classification accuracy after cls-ranking: 57.9%
query accuracy after cls-ranking: 0.0%
gallery accuracy after cls-ranking: 0.0%
Using 2m 57s
Classifier results ---------------------------------------------------
Query acc: 0.0% Gallery acc: 0.0% Total acc: 0.0%
=> Current learning rate: 0.000100
Epoch:46 Time:59.7 Data:0.0 Loss:0.4908 Cls Loss:0.4908 Pair Loss:0.1345 Center Loss:0.3183 KL Loss:69.7966 Recon Loss:0.1337 Acc:0.9992 
=> Current learning rate: 0.000100
Epoch:47 Time:54.5 Data:0.0 Loss:0.4892 Cls Loss:0.4892 Pair Loss:0.1341 Center Loss:0.3171 KL Loss:69.8038 Recon Loss:0.1337 Acc:0.9992 
=> Current learning rate: 0.000100
Epoch:48 Time:51.1 Data:0.0 Loss:0.4883 Cls Loss:0.4883 Pair Loss:0.1344 Center Loss:0.3155 KL Loss:69.8111 Recon Loss:0.1337 Acc:0.9993 
=> Current learning rate: 0.000100
Epoch:49 Time:43.4 Data:0.0 Loss:0.4868 Cls Loss:0.4868 Pair Loss:0.1345 Center Loss:0.3138 KL Loss:69.7999 Recon Loss:0.1337 Acc:0.9994 
=> Current learning rate: 0.000100
Epoch:50 Time:41.6 Data:0.0 Loss:0.4868 Cls Loss:0.4868 Pair Loss:0.1349 Center Loss:0.3131 KL Loss:69.7972 Recon Loss:0.1337 Acc:0.9994 
=> Test at epoch 50
==========Test with latent_z: z_c =========
Extracted features for query set, obtained torch.Size([11659, 1280]) matrix
Extracted features for gallery set, obtained torch.Size([82161, 1280]) matrix
Extracting features complete in 0m 24s
Distance computing in 0m 42s
Positive values in distance matrix: 75267873
Negative values in distance matrix: 882647224
Adjusted 0 distances
Results ---------------------------------------------------
top1:77.7% top5:87.9% top10:90.8% top20:93.2% mAP:55.6%
-----------------------------------------------------------
Classification accuracy before cls-ranking: 58.5%
query accuracy after cls-ranking: 0.0%
gallery accuracy after cls-ranking: 0.0%
Classification accuracy after cls-ranking: 58.5%
query accuracy after cls-ranking: 0.0%
gallery accuracy after cls-ranking: 0.0%
Using 2m 6s
Classifier results ---------------------------------------------------
Query acc: 0.0% Gallery acc: 0.0% Total acc: 0.0%
=> Current learning rate: 0.000100
Epoch:51 Time:65.6 Data:0.0 Loss:0.4856 Cls Loss:0.4856 Pair Loss:0.1352 Center Loss:0.3116 KL Loss:69.8044 Recon Loss:0.1337 Acc:0.9994 
=> Current learning rate: 0.000100
Epoch:52 Time:65.5 Data:0.0 Loss:0.4846 Cls Loss:0.4846 Pair Loss:0.1350 Center Loss:0.3103 KL Loss:69.8039 Recon Loss:0.1337 Acc:0.9993 
=> Current learning rate: 0.000100
Epoch:53 Time:68.9 Data:0.0 Loss:0.4843 Cls Loss:0.4843 Pair Loss:0.1355 Center Loss:0.3092 KL Loss:69.7953 Recon Loss:0.1337 Acc:0.9991 
=> Current learning rate: 0.000100
Epoch:54 Time:67.8 Data:0.0 Loss:0.4833 Cls Loss:0.4833 Pair Loss:0.1353 Center Loss:0.3086 KL Loss:69.8089 Recon Loss:0.1337 Acc:0.9993 
=> Current learning rate: 0.000100
Epoch:55 Time:53.7 Data:0.0 Loss:0.4826 Cls Loss:0.4826 Pair Loss:0.1355 Center Loss:0.3070 KL Loss:69.8081 Recon Loss:0.1337 Acc:0.9994 
=> Test at epoch 55
==========Test with latent_z: z_c =========
Extracted features for query set, obtained torch.Size([11659, 1280]) matrix
Extracted features for gallery set, obtained torch.Size([82161, 1280]) matrix
Extracting features complete in 0m 28s
Distance computing in 0m 43s
Positive values in distance matrix: 75988659
Negative values in distance matrix: 881926440
Adjusted 0 distances
Results ---------------------------------------------------
top1:77.6% top5:87.9% top10:90.8% top20:93.0% mAP:55.5%
-----------------------------------------------------------
Classification accuracy before cls-ranking: 57.7%
query accuracy after cls-ranking: 0.0%
gallery accuracy after cls-ranking: 0.0%
Classification accuracy after cls-ranking: 57.7%
query accuracy after cls-ranking: 0.0%
gallery accuracy after cls-ranking: 0.0%
Using 1m 60s
Classifier results ---------------------------------------------------
Query acc: 0.0% Gallery acc: 0.0% Total acc: 0.0%
=> Current learning rate: 0.000100
Epoch:56 Time:45.1 Data:0.0 Loss:0.4817 Cls Loss:0.4817 Pair Loss:0.1356 Center Loss:0.3061 KL Loss:69.8087 Recon Loss:0.1337 Acc:0.9993 
=> Current learning rate: 0.000100
Epoch:57 Time:57.1 Data:0.0 Loss:0.4811 Cls Loss:0.4811 Pair Loss:0.1361 Center Loss:0.3050 KL Loss:69.7958 Recon Loss:0.1337 Acc:0.9993 
=> Current learning rate: 0.000100
Epoch:58 Time:53.0 Data:0.0 Loss:0.4799 Cls Loss:0.4799 Pair Loss:0.1357 Center Loss:0.3040 KL Loss:69.8013 Recon Loss:0.1337 Acc:0.9994 
=> Current learning rate: 0.000100
Epoch:59 Time:47.5 Data:0.0 Loss:0.4794 Cls Loss:0.4794 Pair Loss:0.1363 Center Loss:0.3026 KL Loss:69.8070 Recon Loss:0.1337 Acc:0.9991 
=> Current learning rate: 0.000100
Epoch:60 Time:49.2 Data:0.0 Loss:0.4783 Cls Loss:0.4783 Pair Loss:0.1362 Center Loss:0.3014 KL Loss:69.8115 Recon Loss:0.1337 Acc:0.9993 
=> Test at epoch 60
==========Test with latent_z: z_c =========
Extracted features for query set, obtained torch.Size([11659, 1280]) matrix
Extracted features for gallery set, obtained torch.Size([82161, 1280]) matrix
Extracting features complete in 0m 22s
Distance computing in 0m 49s
Positive values in distance matrix: 75167584
Negative values in distance matrix: 882747515
Adjusted 0 distances
Results ---------------------------------------------------
top1:77.7% top5:87.8% top10:90.7% top20:93.0% mAP:55.4%
-----------------------------------------------------------
Classification accuracy before cls-ranking: 57.9%
query accuracy after cls-ranking: 0.0%
gallery accuracy after cls-ranking: 0.0%
Classification accuracy after cls-ranking: 57.9%
query accuracy after cls-ranking: 0.0%
gallery accuracy after cls-ranking: 0.0%
Using 3m 8s
Classifier results ---------------------------------------------------
Query acc: 0.0% Gallery acc: 0.0% Total acc: 0.0%
Keep checkpoint file: checkpoint_ep60.pth.tar
=> Current learning rate: 0.000100
=> Best Rank-1 79.7%, mAP 58.7% achieved at epoch 5
=> Best Acc: Query 0.1%, Gallery 0.0%, Total 0.0%
Finished. Total elapsed time (h:m:s): 1:52:23. Training time (h:m:s): 0:56:59.
