=> merge config from ./configs/novel_mask1k/clipreid_cvae_kl_novel_cls.yaml
=> Configurations:
-------------------------
AMP: True
AUG:
  RC_PROB: 0.5
  RE_PROB: 0.5
DATA:
  CUHK03_CLASSIC_SPLIT: False
  CUHK03_LABELED: False
  DATASET: market1k_fewshot
  FORMAT_TAG: tensor
  HEIGHT: 256
  NUM_INSTANCES: 4
  NUM_WORKERS: 4
  ROOT: /data/zhengwei/datasets
  SPLIT_ID: 0
  TEST_BATCH: 512
  TRAIN_BATCH: 64
  TRAIN_FORMAT: novel
  WIDTH: 128
EVAL_MODE: False
FEWSHOT:
  ENABLE: True
  EPISODE: 100
  KSHOT: 1
  NWAY: 15
GPU: 1
LOSS:
  CLA_LOSS: crossentropy
  CLA_M: 0.0
  CLA_S: 16.0
  PAIR_LOSS: triplet
  PAIR_M: 0.3
  PAIR_S: 16.0
  RECON_LOSS: mse
  USE_NCE: False
MODEL:
  CONDITIONAL: False
  FEATURE_DIM: 1280
  FEAT_FUSION: False
  FLOW_TYPE: 
  GAUSSIAN: MultivariateNormal
  HIDDEN_DIM: 256
  LATENT_SIZE: 64
  NAME: CVAE
  ONLY_CVAE_KL: False
  ONLY_X_INPUT: False
  PRETRAIN: CLIPreID_novel_Mask1K_all5w1s_3times
  PROJECTION_TYPE: None
  RES4_STRIDE: 1
  RESUME: /data/zhengwei/CVAE/outputs/market1k_fewshot/clipreid_simplevae_base/novel/2024-09-21/novelMask1KFew_SimpleVAE+2E_128+64z_1e3_30+60_KLtotalZ+lessC_all5w1s_3times_noCLS_forLinear
  STYLE_NUM: 0
  TRAIN_STAGE: reid+cls_stage
  USE_CENTROID: False
  USE_TWO_ENCODER: True
  VAE_TYPE: SinpleVAE
  ZC_DIM: 128
  ZS_DIM: 64
OUTPUT: /data/zhengwei/CVAE/outputs/market1k_fewshot/clipreid_simplevae_base/novel/2024-09-21/novelMask1KFew_SimpleVAE+2E_128+64z_1e3_30+50+120_KLtotalZ+lessC_L1280+bnTuneVersion+CLS_all5w1s_3times_Trip+Center+Ce
SAVED_NAME: novelMask1KFew_SimpleVAE+2E_128+64z_1e3_30+50+120_KLtotalZ+lessC_L1280+bnTuneVersion+CLS_all5w1s_3times_Trip+Center+Ce
SEED: 0
TAG: clipreid_simplevae_base
TEST:
  DISTANCE: cosine
  EVAL_STEP: 5
  START_EVAL: -1
TRAIN:
  AMP: False
  LR_SCHEDULER:
    DECAY_RATE: 0.1
    NAME: MultiStepLR
    STEPSIZE: [30, 50]
  MAX_EPOCH: 120
  OPTIMIZER:
    LR: 0.001
    NAME: adam
    SGDLR: 0.01
    SGD_MOMENTUM: 0.9
    SGD_WEIGHT_DECAY: 0.0005
    WEIGHT_DECAY: 0.0001
  START_EPOCH: 0
----------------------
Initializing dataset market1k_fewshot
=> Market-Sketch-1K Few-shot loaded
Dataset statistics:
  ----------------------------------------
  subset   | # ids | # images | # cameras
  ----------------------------------------
  train    |   996 |     1992 |         6
  query    |   996 |     3705 |         1
  gallery  |   996 |    19484 |         6
  val      |   996 |    23189 |         6
  ----------------------------------------
Initializing SinpleVAE model with 2 encoders
============Warning! No projection layer is used in Training!=================
============Warning! Using Defalt Linear 1280 to intialize!=================
Model size: 13.60672M
Using Linear classifier
Initialized classifier with feature_dim: 1280, num_classes: 996
Classifier size: 1.27488M
reid_projector.weight is tuneable
bottlenect.weight is tuneable
bottlenect.bias is tuneable
i2t_projector.weight is tuneable
i2t_projector.bias is tuneable
=> Start Training ReID projector and Classifier
Loading checkpoint from '/data/zhengwei/CVAE/outputs/market1k_fewshot/clipreid_simplevae_base/novel/2024-09-21/novelMask1KFew_SimpleVAE+2E_128+64z_1e3_30+60_KLtotalZ+lessC_all5w1s_3times_noCLS_forLinear/checkpoint_ep60.pth.tar'
Loading all parameter:  encoder_zc.0.weight
Loading all parameter:  encoder_zc.0.bias
Loading all parameter:  encoder_zc.1.weight
Loading all parameter:  encoder_zc.1.bias
Loading all parameter:  encoder_zc.1.running_mean
Loading all parameter:  encoder_zc.1.running_var
Loading all parameter:  encoder_zc.1.num_batches_tracked
Loading all parameter:  fc_mu_zc.0.weight
Loading all parameter:  fc_mu_zc.0.bias
Loading all parameter:  fc_logvar_zc.0.weight
Loading all parameter:  fc_logvar_zc.0.bias
Loading all parameter:  encoder_zs.0.weight
Loading all parameter:  encoder_zs.0.bias
Loading all parameter:  encoder_zs.1.weight
Loading all parameter:  encoder_zs.1.bias
Loading all parameter:  encoder_zs.1.running_mean
Loading all parameter:  encoder_zs.1.running_var
Loading all parameter:  encoder_zs.1.num_batches_tracked
Loading all parameter:  fc_mu_zs.0.weight
Loading all parameter:  fc_mu_zs.0.bias
Loading all parameter:  fc_logvar_zs.0.weight
Loading all parameter:  fc_logvar_zs.0.bias
Loading all parameter:  decoder.0.weight
Loading all parameter:  decoder.0.bias
Loading all parameter:  decoder.1.weight
Loading all parameter:  decoder.1.bias
Loading all parameter:  decoder.1.running_mean
Loading all parameter:  decoder.1.running_var
Loading all parameter:  decoder.1.num_batches_tracked
Loading all parameter:  decoder.3.weight
Loading all parameter:  decoder.3.bias
Loading all parameter:  u_embedding.gate.0.weight
Loading all parameter:  u_embedding.gate.0.bias
Loading all parameter:  u_embedding.adapters.0.weight
Loading all parameter:  u_embedding.adapters.0.bias
Loading all parameter:  u_embedding.adapters.1.weight
Loading all parameter:  u_embedding.adapters.1.bias
Loading all parameter:  u_embedding.adapters.2.weight
Loading all parameter:  u_embedding.adapters.2.bias
Loading all parameter:  u_embedding.adapters.3.weight
Loading all parameter:  u_embedding.adapters.3.bias
Loading all parameter:  u_embedding.adapters.4.weight
Loading all parameter:  u_embedding.adapters.4.bias
Loading all parameter:  u_embedding.adapters.5.weight
Loading all parameter:  u_embedding.adapters.5.bias
Loading all parameter:  u_embedding.adapters.6.weight
Loading all parameter:  u_embedding.adapters.6.bias
Loading all parameter:  u_embedding.adapters.7.weight
Loading all parameter:  u_embedding.adapters.7.bias
Loading all parameter:  u_embedding.adapters.8.weight
Loading all parameter:  u_embedding.adapters.8.bias
Loading all parameter:  u_embedding.adapters.9.weight
Loading all parameter:  u_embedding.adapters.9.bias
Loading all parameter:  u_embedding.adapters.10.weight
Loading all parameter:  u_embedding.adapters.10.bias
Loading all parameter:  u_embedding.adapters.11.weight
Loading all parameter:  u_embedding.adapters.11.bias
Loading all parameter:  u_embedding.adapters.12.weight
Loading all parameter:  u_embedding.adapters.12.bias
Loading all parameter:  u_embedding.adapters.13.weight
Loading all parameter:  u_embedding.adapters.13.bias
Loading all parameter:  u_embedding.adapters.14.weight
Loading all parameter:  u_embedding.adapters.14.bias
Loading all parameter:  u_embedding.adapters.15.weight
Loading all parameter:  u_embedding.adapters.15.bias
Loading all parameter:  u_embedding.adapters.16.weight
Loading all parameter:  u_embedding.adapters.16.bias
Loading all parameter:  u_embedding.adapters.17.weight
Loading all parameter:  u_embedding.adapters.17.bias
Loading all parameter:  u_embedding.adapters.18.weight
Loading all parameter:  u_embedding.adapters.18.bias
Loading all parameter:  u_embedding.adapters.19.weight
Loading all parameter:  u_embedding.adapters.19.bias
Loading all parameter:  u_embedding.adapters.20.weight
Loading all parameter:  u_embedding.adapters.20.bias
Loading all parameter:  u_embedding.adapters.21.weight
Loading all parameter:  u_embedding.adapters.21.bias
Loading all parameter:  u_embedding.adapters.22.weight
Loading all parameter:  u_embedding.adapters.22.bias
Loading all parameter:  u_embedding.adapters.23.weight
Loading all parameter:  u_embedding.adapters.23.bias
Loading all parameter:  u_embedding.adapters.24.weight
Loading all parameter:  u_embedding.adapters.24.bias
Loading all parameter:  u_embedding.adapters.25.weight
Loading all parameter:  u_embedding.adapters.25.bias
Loading all parameter:  u_embedding.adapters.26.weight
Loading all parameter:  u_embedding.adapters.26.bias
Loading all parameter:  u_embedding.adapters.27.weight
Loading all parameter:  u_embedding.adapters.27.bias
Loading all parameter:  u_embedding.adapters.28.weight
Loading all parameter:  u_embedding.adapters.28.bias
Loading all parameter:  u_embedding.adapters.29.weight
Loading all parameter:  u_embedding.adapters.29.bias
Loading all parameter:  u_embedding.adapters.30.weight
Loading all parameter:  u_embedding.adapters.30.bias
Loading all parameter:  u_embedding.adapters.31.weight
Loading all parameter:  u_embedding.adapters.31.bias
Loading all parameter:  u_embedding.adapters.32.weight
Loading all parameter:  u_embedding.adapters.32.bias
Loading all parameter:  u_embedding.adapters.33.weight
Loading all parameter:  u_embedding.adapters.33.bias
Loading all parameter:  u_embedding.adapters.34.weight
Loading all parameter:  u_embedding.adapters.34.bias
Loading all parameter:  u_embedding.adapters.35.weight
Loading all parameter:  u_embedding.adapters.35.bias
Loading all parameter:  u_embedding.adapters.36.weight
Loading all parameter:  u_embedding.adapters.36.bias
Loading all parameter:  u_embedding.adapters.37.weight
Loading all parameter:  u_embedding.adapters.37.bias
Loading all parameter:  u_embedding.adapters.38.weight
Loading all parameter:  u_embedding.adapters.38.bias
Loading all parameter:  u_embedding.adapters.39.weight
Loading all parameter:  u_embedding.adapters.39.bias
Loading all parameter:  u_embedding.adapters.40.weight
Loading all parameter:  u_embedding.adapters.40.bias
Loading all parameter:  u_embedding.adapters.41.weight
Loading all parameter:  u_embedding.adapters.41.bias
Loading all parameter:  u_embedding.adapters.42.weight
Loading all parameter:  u_embedding.adapters.42.bias
Loading all parameter:  u_embedding.adapters.43.weight
Loading all parameter:  u_embedding.adapters.43.bias
Loading all parameter:  u_embedding.adapters.44.weight
Loading all parameter:  u_embedding.adapters.44.bias
Loading all parameter:  u_embedding.adapters.45.weight
Loading all parameter:  u_embedding.adapters.45.bias
Loading all parameter:  u_embedding.adapters.46.weight
Loading all parameter:  u_embedding.adapters.46.bias
Loading all parameter:  u_embedding.adapters.47.weight
Loading all parameter:  u_embedding.adapters.47.bias
Loading all parameter:  u_embedding.adapters.48.weight
Loading all parameter:  u_embedding.adapters.48.bias
Loading all parameter:  u_embedding.adapters.49.weight
Loading all parameter:  u_embedding.adapters.49.bias
Loading all parameter:  u_embedding.adapters.50.weight
Loading all parameter:  u_embedding.adapters.50.bias
Loading all parameter:  u_embedding.adapters.51.weight
Loading all parameter:  u_embedding.adapters.51.bias
Loading all parameter:  u_embedding.adapters.52.weight
Loading all parameter:  u_embedding.adapters.52.bias
Loading all parameter:  u_embedding.adapters.53.weight
Loading all parameter:  u_embedding.adapters.53.bias
Loading all parameter:  u_embedding.adapters.54.weight
Loading all parameter:  u_embedding.adapters.54.bias
Loading all parameter:  u_embedding.adapters.55.weight
Loading all parameter:  u_embedding.adapters.55.bias
Loading all parameter:  u_embedding.adapters.56.weight
Loading all parameter:  u_embedding.adapters.56.bias
Loading all parameter:  u_embedding.adapters.57.weight
Loading all parameter:  u_embedding.adapters.57.bias
Loading all parameter:  u_embedding.adapters.58.weight
Loading all parameter:  u_embedding.adapters.58.bias
Loading all parameter:  u_embedding.adapters.59.weight
Loading all parameter:  u_embedding.adapters.59.bias
Loading all parameter:  u_embedding.adapters.60.weight
Loading all parameter:  u_embedding.adapters.60.bias
Loading all parameter:  u_embedding.adapters.61.weight
Loading all parameter:  u_embedding.adapters.61.bias
Loading all parameter:  u_embedding.adapters.62.weight
Loading all parameter:  u_embedding.adapters.62.bias
Loading all parameter:  u_embedding.adapters.63.weight
Loading all parameter:  u_embedding.adapters.63.bias
Loading all parameter:  u_embedding.adapters.64.weight
Loading all parameter:  u_embedding.adapters.64.bias
Loading all parameter:  u_embedding.adapters.65.weight
Loading all parameter:  u_embedding.adapters.65.bias
Loading all parameter:  u_embedding.adapters.66.weight
Loading all parameter:  u_embedding.adapters.66.bias
Loading all parameter:  u_embedding.adapters.67.weight
Loading all parameter:  u_embedding.adapters.67.bias
Loading all parameter:  u_embedding.adapters.68.weight
Loading all parameter:  u_embedding.adapters.68.bias
Loading all parameter:  u_embedding.adapters.69.weight
Loading all parameter:  u_embedding.adapters.69.bias
Loading all parameter:  u_embedding.adapters.70.weight
Loading all parameter:  u_embedding.adapters.70.bias
Loading all parameter:  u_embedding.adapters.71.weight
Loading all parameter:  u_embedding.adapters.71.bias
Loading all parameter:  u_embedding.adapters.72.weight
Loading all parameter:  u_embedding.adapters.72.bias
Loading all parameter:  u_embedding.adapters.73.weight
Loading all parameter:  u_embedding.adapters.73.bias
Loading all parameter:  u_embedding.adapters.74.weight
Loading all parameter:  u_embedding.adapters.74.bias
Loading all parameter:  u_embedding.adapters.75.weight
Loading all parameter:  u_embedding.adapters.75.bias
Loading all parameter:  u_embedding.adapters.76.weight
Loading all parameter:  u_embedding.adapters.76.bias
Loading all parameter:  u_embedding.adapters.77.weight
Loading all parameter:  u_embedding.adapters.77.bias
Loading all parameter:  u_embedding.adapters.78.weight
Loading all parameter:  u_embedding.adapters.78.bias
Loading all parameter:  u_embedding.adapters.79.weight
Loading all parameter:  u_embedding.adapters.79.bias
Loading all parameter:  u_embedding.adapters.80.weight
Loading all parameter:  u_embedding.adapters.80.bias
Loading all parameter:  u_embedding.adapters.81.weight
Loading all parameter:  u_embedding.adapters.81.bias
Loading all parameter:  u_embedding.adapters.82.weight
Loading all parameter:  u_embedding.adapters.82.bias
Loading all parameter:  u_embedding.adapters.83.weight
Loading all parameter:  u_embedding.adapters.83.bias
Loading all parameter:  u_embedding.adapters.84.weight
Loading all parameter:  u_embedding.adapters.84.bias
Loading all parameter:  u_embedding.adapters.85.weight
Loading all parameter:  u_embedding.adapters.85.bias
Loading all parameter:  u_embedding.adapters.86.weight
Loading all parameter:  u_embedding.adapters.86.bias
Loading all parameter:  u_embedding.adapters.87.weight
Loading all parameter:  u_embedding.adapters.87.bias
Loading all parameter:  u_embedding.adapters.88.weight
Loading all parameter:  u_embedding.adapters.88.bias
Loading all parameter:  u_embedding.adapters.89.weight
Loading all parameter:  u_embedding.adapters.89.bias
Loading all parameter:  u_embedding.adapters.90.weight
Loading all parameter:  u_embedding.adapters.90.bias
Loading all parameter:  u_embedding.adapters.91.weight
Loading all parameter:  u_embedding.adapters.91.bias
Loading all parameter:  u_embedding.adapters.92.weight
Loading all parameter:  u_embedding.adapters.92.bias
Loading all parameter:  u_embedding.adapters.93.weight
Loading all parameter:  u_embedding.adapters.93.bias
Loading all parameter:  u_embedding.adapters.94.weight
Loading all parameter:  u_embedding.adapters.94.bias
Loading all parameter:  u_embedding.adapters.95.weight
Loading all parameter:  u_embedding.adapters.95.bias
Loading all parameter:  u_embedding.adapters.96.weight
Loading all parameter:  u_embedding.adapters.96.bias
Loading all parameter:  u_embedding.adapters.97.weight
Loading all parameter:  u_embedding.adapters.97.bias
Loading all parameter:  u_embedding.adapters.98.weight
Loading all parameter:  u_embedding.adapters.98.bias
Loading all parameter:  u_embedding.adapters.99.weight
Loading all parameter:  u_embedding.adapters.99.bias
Loading all parameter:  u_embedding.adapters.100.weight
Loading all parameter:  u_embedding.adapters.100.bias
Loading all parameter:  u_embedding.adapters.101.weight
Loading all parameter:  u_embedding.adapters.101.bias
Loading all parameter:  u_embedding.adapters.102.weight
Loading all parameter:  u_embedding.adapters.102.bias
Loading all parameter:  u_embedding.adapters.103.weight
Loading all parameter:  u_embedding.adapters.103.bias
Loading all parameter:  u_embedding.adapters.104.weight
Loading all parameter:  u_embedding.adapters.104.bias
Loading all parameter:  u_embedding.adapters.105.weight
Loading all parameter:  u_embedding.adapters.105.bias
Loading all parameter:  u_embedding.adapters.106.weight
Loading all parameter:  u_embedding.adapters.106.bias
Loading all parameter:  u_embedding.adapters.107.weight
Loading all parameter:  u_embedding.adapters.107.bias
Loading all parameter:  u_embedding.adapters.108.weight
Loading all parameter:  u_embedding.adapters.108.bias
Loading all parameter:  u_embedding.adapters.109.weight
Loading all parameter:  u_embedding.adapters.109.bias
Loading all parameter:  u_embedding.adapters.110.weight
Loading all parameter:  u_embedding.adapters.110.bias
Loading all parameter:  u_embedding.adapters.111.weight
Loading all parameter:  u_embedding.adapters.111.bias
Loading all parameter:  u_embedding.adapters.112.weight
Loading all parameter:  u_embedding.adapters.112.bias
Loading all parameter:  u_embedding.adapters.113.weight
Loading all parameter:  u_embedding.adapters.113.bias
Loading all parameter:  u_embedding.adapters.114.weight
Loading all parameter:  u_embedding.adapters.114.bias
Loading all parameter:  u_embedding.adapters.115.weight
Loading all parameter:  u_embedding.adapters.115.bias
Loading all parameter:  u_embedding.adapters.116.weight
Loading all parameter:  u_embedding.adapters.116.bias
Loading all parameter:  u_embedding.adapters.117.weight
Loading all parameter:  u_embedding.adapters.117.bias
Loading all parameter:  u_embedding.adapters.118.weight
Loading all parameter:  u_embedding.adapters.118.bias
Loading all parameter:  u_embedding.adapters.119.weight
Loading all parameter:  u_embedding.adapters.119.bias
Loading all parameter:  u_embedding.adapters.120.weight
Loading all parameter:  u_embedding.adapters.120.bias
Loading all parameter:  u_embedding.adapters.121.weight
Loading all parameter:  u_embedding.adapters.121.bias
Loading all parameter:  u_embedding.adapters.122.weight
Loading all parameter:  u_embedding.adapters.122.bias
Loading all parameter:  u_embedding.adapters.123.weight
Loading all parameter:  u_embedding.adapters.123.bias
Loading all parameter:  u_embedding.adapters.124.weight
Loading all parameter:  u_embedding.adapters.124.bias
Loading all parameter:  u_embedding.adapters.125.weight
Loading all parameter:  u_embedding.adapters.125.bias
Loading all parameter:  u_embedding.adapters.126.weight
Loading all parameter:  u_embedding.adapters.126.bias
Loading all parameter:  u_embedding.adapters.127.weight
Loading all parameter:  u_embedding.adapters.127.bias
Loading all parameter:  zs_embedding.0.weight
Loading all parameter:  zs_embedding.0.bias
Loading all parameter:  reid_projector.weight
Loading parameter:  reid_projector.weight
Loading all parameter:  bottlenect.weight
Loading all parameter:  bottlenect.bias
Loading all parameter:  bottlenect.running_mean
Loading all parameter:  bottlenect.running_var
Loading all parameter:  bottlenect.num_batches_tracked
Loading all parameter:  i2t_projector.weight
Ignores parameter:  i2t_projector.weight
Loading all parameter:  i2t_projector.bias
Ignores parameter:  i2t_projector.bias
orginal best rank1 = 0
=> Start evaluation on Novel data without finetuning
=> Test CLASSIFICATION performance
==========Test with latent_z: z_c =========
Extracted features for query set, obtained torch.Size([3705, 1280]) matrix
Extracted features for gallery set, obtained torch.Size([19484, 1280]) matrix
Extracted features for validation set, obtained torch.Size([23189, 1280]) matrix
Extracting features complete in 0m 11s
Using 0m 11s
Val Classifier results ---------------------------------------------------
Total acc: 0.2%
Test Classifier results ---------------------------------------------------
Query acc: 0.2% Gallery acc: 0.2% Total acc: 0.2%
=> Start training
Epoch:1 Time:4.5 Data:0.0 Loss:1170.8608 Cls Loss:6.7912 Pair Loss:0.0259 Center Loss:1164.0436 KL Loss:60.1892 Recon Loss:0.1693 Acc:0.0927 
=> Current learning rate: 0.000200
Epoch:2 Time:4.1 Data:0.0 Loss:960.6987 Cls Loss:6.3635 Pair Loss:0.0317 Center Loss:954.3035 KL Loss:59.0020 Recon Loss:0.1703 Acc:0.1680 
=> Current learning rate: 0.000400
Epoch:3 Time:4.4 Data:0.0 Loss:785.4000 Cls Loss:5.5773 Pair Loss:0.0116 Center Loss:779.8110 KL Loss:58.5717 Recon Loss:0.1702 Acc:0.2053 
=> Current learning rate: 0.000600
Epoch:4 Time:4.4 Data:0.0 Loss:648.4792 Cls Loss:4.5975 Pair Loss:0.0065 Center Loss:643.8751 KL Loss:57.7722 Recon Loss:0.1709 Acc:0.2893 
=> Current learning rate: 0.000800
Epoch:5 Time:4.3 Data:0.0 Loss:530.8620 Cls Loss:3.4845 Pair Loss:0.0047 Center Loss:527.3728 KL Loss:57.2006 Recon Loss:0.1712 Acc:0.4100 
=> Test at epoch 5
==========Test with latent_z: z_c =========
Extracted features for query set, obtained torch.Size([3705, 1280]) matrix
Extracted features for gallery set, obtained torch.Size([19484, 1280]) matrix
Extracted features for validation set, obtained torch.Size([23189, 1280]) matrix
Extracting features complete in 0m 11s
Using 0m 11s
Val Classifier results ---------------------------------------------------
Total acc: 14.9%
Test Classifier results ---------------------------------------------------
Query acc: 4.5% Gallery acc: 16.9% Total acc: 14.9%
=> Current learning rate: 0.001000
Epoch:6 Time:4.7 Data:0.0 Loss:431.3093 Cls Loss:2.5145 Pair Loss:0.0009 Center Loss:428.7939 KL Loss:55.1598 Recon Loss:0.1706 Acc:0.5673 
=> Current learning rate: 0.001000
Epoch:7 Time:4.5 Data:0.0 Loss:364.9818 Cls Loss:1.7473 Pair Loss:0.0008 Center Loss:363.2337 KL Loss:54.3623 Recon Loss:0.1705 Acc:0.7000 
=> Current learning rate: 0.001000
Epoch:8 Time:4.7 Data:0.0 Loss:300.6284 Cls Loss:1.2753 Pair Loss:0.0002 Center Loss:299.3529 KL Loss:53.3675 Recon Loss:0.1704 Acc:0.7733 
=> Current learning rate: 0.001000
Epoch:9 Time:4.4 Data:0.0 Loss:242.8817 Cls Loss:0.8112 Pair Loss:0.0004 Center Loss:242.0700 KL Loss:52.5324 Recon Loss:0.1710 Acc:0.8647 
=> Current learning rate: 0.001000
Epoch:10 Time:4.6 Data:0.0 Loss:201.4607 Cls Loss:0.6088 Pair Loss:0.0004 Center Loss:200.8515 KL Loss:51.5267 Recon Loss:0.1708 Acc:0.8973 
=> Test at epoch 10
==========Test with latent_z: z_c =========
Extracted features for query set, obtained torch.Size([3705, 1280]) matrix
Extracted features for gallery set, obtained torch.Size([19484, 1280]) matrix
Extracted features for validation set, obtained torch.Size([23189, 1280]) matrix
Extracting features complete in 0m 10s
Using 0m 10s
Val Classifier results ---------------------------------------------------
Total acc: 27.9%
Test Classifier results ---------------------------------------------------
Query acc: 6.6% Gallery acc: 31.9% Total acc: 27.9%
=> Current learning rate: 0.001000
Epoch:11 Time:4.6 Data:0.0 Loss:170.2355 Cls Loss:0.4408 Pair Loss:0.0005 Center Loss:169.7943 KL Loss:50.5521 Recon Loss:0.1708 Acc:0.9373 
=> Current learning rate: 0.001000
Epoch:12 Time:4.6 Data:0.0 Loss:141.2535 Cls Loss:0.3453 Pair Loss:0.0007 Center Loss:140.9076 KL Loss:49.6304 Recon Loss:0.1703 Acc:0.9467 
=> Current learning rate: 0.001000
Epoch:13 Time:4.5 Data:0.0 Loss:115.8575 Cls Loss:0.2160 Pair Loss:0.0003 Center Loss:115.6412 KL Loss:48.0604 Recon Loss:0.1708 Acc:0.9753 
=> Current learning rate: 0.001000
Epoch:14 Time:4.6 Data:0.0 Loss:93.4128 Cls Loss:0.1724 Pair Loss:0.0002 Center Loss:93.2402 KL Loss:47.0187 Recon Loss:0.1708 Acc:0.9853 
=> Current learning rate: 0.001000
Epoch:15 Time:4.5 Data:0.0 Loss:79.6317 Cls Loss:0.1572 Pair Loss:0.0003 Center Loss:79.4742 KL Loss:46.3671 Recon Loss:0.1705 Acc:0.9793 
=> Test at epoch 15
==========Test with latent_z: z_c =========
Extracted features for query set, obtained torch.Size([3705, 1280]) matrix
Extracted features for gallery set, obtained torch.Size([19484, 1280]) matrix
Extracted features for validation set, obtained torch.Size([23189, 1280]) matrix
Extracting features complete in 0m 10s
Using 0m 10s
Val Classifier results ---------------------------------------------------
Total acc: 31.4%
Test Classifier results ---------------------------------------------------
Query acc: 7.1% Gallery acc: 36.0% Total acc: 31.4%
=> Current learning rate: 0.001000
Epoch:16 Time:4.4 Data:0.0 Loss:68.4256 Cls Loss:0.1284 Pair Loss:0.0006 Center Loss:68.2965 KL Loss:45.8888 Recon Loss:0.1707 Acc:0.9907 
=> Current learning rate: 0.001000
Epoch:17 Time:5.3 Data:0.0 Loss:55.8652 Cls Loss:0.0963 Pair Loss:0.0001 Center Loss:55.7688 KL Loss:44.0187 Recon Loss:0.1706 Acc:0.9940 
=> Current learning rate: 0.001000
Epoch:18 Time:5.7 Data:0.0 Loss:45.4882 Cls Loss:0.0920 Pair Loss:0.0006 Center Loss:45.3955 KL Loss:43.0998 Recon Loss:0.1712 Acc:0.9940 
=> Current learning rate: 0.001000
Epoch:19 Time:6.1 Data:0.0 Loss:38.6402 Cls Loss:0.0771 Pair Loss:0.0004 Center Loss:38.5628 KL Loss:42.4701 Recon Loss:0.1706 Acc:0.9947 
=> Current learning rate: 0.001000
Epoch:20 Time:5.8 Data:0.0 Loss:32.8832 Cls Loss:0.0790 Pair Loss:0.0002 Center Loss:32.8041 KL Loss:41.9920 Recon Loss:0.1711 Acc:0.9960 
=> Test at epoch 20
==========Test with latent_z: z_c =========
Extracted features for query set, obtained torch.Size([3705, 1280]) matrix
Extracted features for gallery set, obtained torch.Size([19484, 1280]) matrix
Extracted features for validation set, obtained torch.Size([23189, 1280]) matrix
Extracting features complete in 0m 11s
Using 0m 11s
Val Classifier results ---------------------------------------------------
Total acc: 32.7%
Test Classifier results ---------------------------------------------------
Query acc: 7.8% Gallery acc: 37.5% Total acc: 32.7%
=> Current learning rate: 0.001000
Epoch:21 Time:6.1 Data:0.0 Loss:26.9541 Cls Loss:0.0650 Pair Loss:0.0005 Center Loss:26.8885 KL Loss:41.0692 Recon Loss:0.1707 Acc:0.9980 
=> Current learning rate: 0.001000
Epoch:22 Time:5.9 Data:0.0 Loss:23.4858 Cls Loss:0.0634 Pair Loss:0.0004 Center Loss:23.4220 KL Loss:40.8546 Recon Loss:0.1708 Acc:0.9967 
=> Current learning rate: 0.001000
Epoch:23 Time:5.7 Data:0.0 Loss:19.8528 Cls Loss:0.0624 Pair Loss:0.0003 Center Loss:19.7900 KL Loss:41.3441 Recon Loss:0.1713 Acc:0.9960 
=> Current learning rate: 0.001000
Epoch:24 Time:5.6 Data:0.0 Loss:16.6567 Cls Loss:0.0527 Pair Loss:0.0003 Center Loss:16.6037 KL Loss:41.2951 Recon Loss:0.1708 Acc:0.9973 
=> Current learning rate: 0.001000
Epoch:25 Time:3.5 Data:0.0 Loss:14.4091 Cls Loss:0.0574 Pair Loss:0.0003 Center Loss:14.3515 KL Loss:41.0005 Recon Loss:0.1708 Acc:0.9980 
=> Test at epoch 25
==========Test with latent_z: z_c =========
Extracted features for query set, obtained torch.Size([3705, 1280]) matrix
Extracted features for gallery set, obtained torch.Size([19484, 1280]) matrix
Extracted features for validation set, obtained torch.Size([23189, 1280]) matrix
Extracting features complete in 0m 11s
Using 0m 11s
Val Classifier results ---------------------------------------------------
Total acc: 32.3%
Test Classifier results ---------------------------------------------------
Query acc: 7.7% Gallery acc: 37.0% Total acc: 32.3%
=> Current learning rate: 0.001000
Epoch:26 Time:5.4 Data:0.0 Loss:12.2305 Cls Loss:0.0580 Pair Loss:0.0007 Center Loss:12.1718 KL Loss:40.9229 Recon Loss:0.1705 Acc:0.9933 
=> Current learning rate: 0.001000
Epoch:27 Time:5.0 Data:0.0 Loss:10.8931 Cls Loss:0.0488 Pair Loss:0.0006 Center Loss:10.8437 KL Loss:40.8318 Recon Loss:0.1710 Acc:0.9960 
=> Current learning rate: 0.001000
Epoch:28 Time:4.9 Data:0.0 Loss:9.1545 Cls Loss:0.0464 Pair Loss:0.0004 Center Loss:9.1077 KL Loss:40.6188 Recon Loss:0.1708 Acc:0.9960 
=> Current learning rate: 0.001000
Epoch:29 Time:4.9 Data:0.0 Loss:8.0091 Cls Loss:0.0455 Pair Loss:0.0002 Center Loss:7.9634 KL Loss:41.2978 Recon Loss:0.1706 Acc:0.9953 
=> Current learning rate: 0.001000
Epoch:30 Time:5.7 Data:0.0 Loss:6.9378 Cls Loss:0.0543 Pair Loss:0.0005 Center Loss:6.8829 KL Loss:41.0575 Recon Loss:0.1708 Acc:0.9960 
=> Test at epoch 30
==========Test with latent_z: z_c =========
Extracted features for query set, obtained torch.Size([3705, 1280]) matrix
Extracted features for gallery set, obtained torch.Size([19484, 1280]) matrix
Extracted features for validation set, obtained torch.Size([23189, 1280]) matrix
Extracting features complete in 0m 16s
Using 0m 16s
Val Classifier results ---------------------------------------------------
Total acc: 30.7%
Test Classifier results ---------------------------------------------------
Query acc: 8.0% Gallery acc: 35.0% Total acc: 30.7%
=> Current learning rate: 0.001000
Epoch:31 Time:5.2 Data:0.0 Loss:5.9867 Cls Loss:0.0401 Pair Loss:0.0007 Center Loss:5.9459 KL Loss:41.3873 Recon Loss:0.1709 Acc:0.9940 
=> Current learning rate: 0.000100
Epoch:32 Time:4.9 Data:0.0 Loss:5.5725 Cls Loss:0.0241 Pair Loss:0.0008 Center Loss:5.5476 KL Loss:40.8917 Recon Loss:0.1705 Acc:0.9967 
=> Current learning rate: 0.000100
Epoch:33 Time:5.6 Data:0.0 Loss:5.4752 Cls Loss:0.0208 Pair Loss:0.0006 Center Loss:5.4538 KL Loss:40.7880 Recon Loss:0.1706 Acc:0.9993 
=> Current learning rate: 0.000100
Epoch:34 Time:5.1 Data:0.0 Loss:5.2186 Cls Loss:0.0214 Pair Loss:0.0006 Center Loss:5.1966 KL Loss:41.1872 Recon Loss:0.1711 Acc:0.9973 
=> Current learning rate: 0.000100
Epoch:35 Time:4.8 Data:0.0 Loss:5.3895 Cls Loss:0.0166 Pair Loss:0.0007 Center Loss:5.3723 KL Loss:40.6099 Recon Loss:0.1705 Acc:1.0000 
=> Test at epoch 35
==========Test with latent_z: z_c =========
Extracted features for query set, obtained torch.Size([3705, 1280]) matrix
Extracted features for gallery set, obtained torch.Size([19484, 1280]) matrix
Extracted features for validation set, obtained torch.Size([23189, 1280]) matrix
Extracting features complete in 0m 11s
Using 0m 11s
Val Classifier results ---------------------------------------------------
Total acc: 34.1%
Test Classifier results ---------------------------------------------------
Query acc: 8.9% Gallery acc: 38.9% Total acc: 34.1%
=> Current learning rate: 0.000100
Epoch:36 Time:4.9 Data:0.0 Loss:5.1960 Cls Loss:0.0176 Pair Loss:0.0002 Center Loss:5.1782 KL Loss:40.8012 Recon Loss:0.1705 Acc:0.9993 
=> Current learning rate: 0.000100
Epoch:37 Time:4.9 Data:0.0 Loss:5.0976 Cls Loss:0.0162 Pair Loss:0.0008 Center Loss:5.0806 KL Loss:40.7503 Recon Loss:0.1710 Acc:1.0000 
=> Current learning rate: 0.000100
Epoch:38 Time:5.6 Data:0.0 Loss:5.0103 Cls Loss:0.0189 Pair Loss:0.0008 Center Loss:4.9906 KL Loss:41.1290 Recon Loss:0.1715 Acc:0.9987 
=> Current learning rate: 0.000100
Epoch:39 Time:5.1 Data:0.0 Loss:4.9774 Cls Loss:0.0176 Pair Loss:0.0005 Center Loss:4.9593 KL Loss:41.1167 Recon Loss:0.1711 Acc:0.9993 
=> Current learning rate: 0.000100
Epoch:40 Time:4.9 Data:0.0 Loss:5.0526 Cls Loss:0.0155 Pair Loss:0.0005 Center Loss:5.0366 KL Loss:40.8104 Recon Loss:0.1704 Acc:1.0000 
=> Test at epoch 40
==========Test with latent_z: z_c =========
Extracted features for query set, obtained torch.Size([3705, 1280]) matrix
Extracted features for gallery set, obtained torch.Size([19484, 1280]) matrix
Extracted features for validation set, obtained torch.Size([23189, 1280]) matrix
Extracting features complete in 0m 12s
Using 0m 12s
Val Classifier results ---------------------------------------------------
Total acc: 34.5%
Test Classifier results ---------------------------------------------------
Query acc: 9.1% Gallery acc: 39.3% Total acc: 34.5%
=> Current learning rate: 0.000100
Epoch:41 Time:4.9 Data:0.0 Loss:4.9947 Cls Loss:0.0165 Pair Loss:0.0005 Center Loss:4.9778 KL Loss:40.4609 Recon Loss:0.1713 Acc:0.9993 
=> Current learning rate: 0.000100
Epoch:42 Time:5.8 Data:0.0 Loss:4.8173 Cls Loss:0.0164 Pair Loss:0.0006 Center Loss:4.8002 KL Loss:40.5421 Recon Loss:0.1707 Acc:1.0000 
=> Current learning rate: 0.000100
Epoch:43 Time:5.4 Data:0.0 Loss:4.7603 Cls Loss:0.0165 Pair Loss:0.0009 Center Loss:4.7429 KL Loss:41.2499 Recon Loss:0.1706 Acc:1.0000 
=> Current learning rate: 0.000100
Epoch:44 Time:6.0 Data:0.0 Loss:4.6445 Cls Loss:0.0191 Pair Loss:0.0005 Center Loss:4.6250 KL Loss:41.0080 Recon Loss:0.1702 Acc:0.9993 
=> Current learning rate: 0.000100
Epoch:45 Time:5.6 Data:0.0 Loss:4.5553 Cls Loss:0.0188 Pair Loss:0.0009 Center Loss:4.5356 KL Loss:40.7946 Recon Loss:0.1706 Acc:0.9993 
=> Test at epoch 45
==========Test with latent_z: z_c =========
Extracted features for query set, obtained torch.Size([3705, 1280]) matrix
Extracted features for gallery set, obtained torch.Size([19484, 1280]) matrix
Extracted features for validation set, obtained torch.Size([23189, 1280]) matrix
Extracting features complete in 0m 15s
Using 0m 15s
Val Classifier results ---------------------------------------------------
Total acc: 35.2%
Test Classifier results ---------------------------------------------------
Query acc: 9.0% Gallery acc: 40.2% Total acc: 35.2%
=> Current learning rate: 0.000100
Epoch:46 Time:5.4 Data:0.0 Loss:4.5573 Cls Loss:0.0176 Pair Loss:0.0004 Center Loss:4.5393 KL Loss:41.0295 Recon Loss:0.1708 Acc:0.9987 
=> Current learning rate: 0.000100
Epoch:47 Time:4.5 Data:0.0 Loss:4.6031 Cls Loss:0.0197 Pair Loss:0.0004 Center Loss:4.5830 KL Loss:41.0193 Recon Loss:0.1704 Acc:0.9987 
=> Current learning rate: 0.000100
Epoch:48 Time:5.5 Data:0.0 Loss:4.4000 Cls Loss:0.0165 Pair Loss:0.0007 Center Loss:4.3828 KL Loss:41.0268 Recon Loss:0.1711 Acc:1.0000 
=> Current learning rate: 0.000100
Epoch:49 Time:5.3 Data:0.0 Loss:4.3772 Cls Loss:0.0166 Pair Loss:0.0010 Center Loss:4.3597 KL Loss:40.7144 Recon Loss:0.1703 Acc:1.0000 
=> Current learning rate: 0.000100
Epoch:50 Time:5.7 Data:0.0 Loss:4.4438 Cls Loss:0.0180 Pair Loss:0.0014 Center Loss:4.4243 KL Loss:41.0460 Recon Loss:0.1712 Acc:0.9987 
=> Test at epoch 50
==========Test with latent_z: z_c =========
Extracted features for query set, obtained torch.Size([3705, 1280]) matrix
Extracted features for gallery set, obtained torch.Size([19484, 1280]) matrix
Extracted features for validation set, obtained torch.Size([23189, 1280]) matrix
Extracting features complete in 0m 17s
Using 0m 17s
Val Classifier results ---------------------------------------------------
Total acc: 34.9%
Test Classifier results ---------------------------------------------------
Query acc: 9.1% Gallery acc: 39.8% Total acc: 34.9%
=> Current learning rate: 0.000100
Epoch:51 Time:4.9 Data:0.0 Loss:4.1469 Cls Loss:0.0194 Pair Loss:0.0011 Center Loss:4.1264 KL Loss:41.2754 Recon Loss:0.1704 Acc:0.9993 
=> Current learning rate: 0.000010
Epoch:52 Time:5.7 Data:0.0 Loss:4.1829 Cls Loss:0.0183 Pair Loss:0.0004 Center Loss:4.1642 KL Loss:41.0549 Recon Loss:0.1708 Acc:0.9993 
=> Current learning rate: 0.000010
Epoch:53 Time:5.3 Data:0.0 Loss:4.1734 Cls Loss:0.0170 Pair Loss:0.0007 Center Loss:4.1556 KL Loss:41.6067 Recon Loss:0.1708 Acc:0.9993 
=> Current learning rate: 0.000010
Epoch:54 Time:5.7 Data:0.0 Loss:4.2695 Cls Loss:0.0178 Pair Loss:0.0018 Center Loss:4.2499 KL Loss:41.0106 Recon Loss:0.1709 Acc:0.9993 
=> Current learning rate: 0.000010
Epoch:55 Time:5.7 Data:0.0 Loss:4.2017 Cls Loss:0.0164 Pair Loss:0.0004 Center Loss:4.1849 KL Loss:40.6373 Recon Loss:0.1701 Acc:1.0000 
=> Test at epoch 55
==========Test with latent_z: z_c =========
Extracted features for query set, obtained torch.Size([3705, 1280]) matrix
Extracted features for gallery set, obtained torch.Size([19484, 1280]) matrix
Extracted features for validation set, obtained torch.Size([23189, 1280]) matrix
Extracting features complete in 0m 14s
Using 0m 14s
Val Classifier results ---------------------------------------------------
Total acc: 35.1%
Test Classifier results ---------------------------------------------------
Query acc: 8.8% Gallery acc: 40.1% Total acc: 35.1%
=> Current learning rate: 0.000010
Epoch:56 Time:3.6 Data:0.0 Loss:4.0799 Cls Loss:0.0179 Pair Loss:0.0010 Center Loss:4.0610 KL Loss:41.0436 Recon Loss:0.1710 Acc:0.9993 
=> Current learning rate: 0.000010
Epoch:57 Time:4.4 Data:0.0 Loss:4.1629 Cls Loss:0.0160 Pair Loss:0.0005 Center Loss:4.1464 KL Loss:41.0193 Recon Loss:0.1706 Acc:1.0000 
=> Current learning rate: 0.000010
Epoch:58 Time:5.6 Data:0.0 Loss:4.1808 Cls Loss:0.0153 Pair Loss:0.0005 Center Loss:4.1650 KL Loss:40.4185 Recon Loss:0.1708 Acc:1.0000 
=> Current learning rate: 0.000010
Epoch:59 Time:5.2 Data:0.0 Loss:4.0634 Cls Loss:0.0172 Pair Loss:0.0001 Center Loss:4.0460 KL Loss:40.9549 Recon Loss:0.1704 Acc:0.9987 
=> Current learning rate: 0.000010
Epoch:60 Time:5.2 Data:0.0 Loss:4.1583 Cls Loss:0.0159 Pair Loss:0.0005 Center Loss:4.1420 KL Loss:41.0176 Recon Loss:0.1706 Acc:1.0000 
=> Test at epoch 60
==========Test with latent_z: z_c =========
Extracted features for query set, obtained torch.Size([3705, 1280]) matrix
Extracted features for gallery set, obtained torch.Size([19484, 1280]) matrix
Extracted features for validation set, obtained torch.Size([23189, 1280]) matrix
Extracting features complete in 0m 10s
Using 0m 10s
Val Classifier results ---------------------------------------------------
Total acc: 35.4%
Test Classifier results ---------------------------------------------------
Query acc: 9.0% Gallery acc: 40.4% Total acc: 35.4%
=> Current learning rate: 0.000010
Epoch:61 Time:5.0 Data:0.0 Loss:4.1998 Cls Loss:0.0191 Pair Loss:0.0016 Center Loss:4.1791 KL Loss:40.9673 Recon Loss:0.1708 Acc:0.9973 
=> Current learning rate: 0.000010
Epoch:62 Time:5.2 Data:0.0 Loss:4.0446 Cls Loss:0.0169 Pair Loss:0.0005 Center Loss:4.0273 KL Loss:40.9617 Recon Loss:0.1707 Acc:0.9993 
=> Current learning rate: 0.000010
Epoch:63 Time:5.4 Data:0.0 Loss:4.1427 Cls Loss:0.0163 Pair Loss:0.0006 Center Loss:4.1258 KL Loss:40.7740 Recon Loss:0.1709 Acc:1.0000 
=> Current learning rate: 0.000010
Epoch:64 Time:5.1 Data:0.0 Loss:4.0493 Cls Loss:0.0176 Pair Loss:0.0004 Center Loss:4.0313 KL Loss:40.4728 Recon Loss:0.1707 Acc:0.9987 
=> Current learning rate: 0.000010
Epoch:65 Time:6.0 Data:0.0 Loss:4.1064 Cls Loss:0.0158 Pair Loss:0.0002 Center Loss:4.0905 KL Loss:41.1335 Recon Loss:0.1707 Acc:1.0000 
=> Test at epoch 65
==========Test with latent_z: z_c =========
Extracted features for query set, obtained torch.Size([3705, 1280]) matrix
Extracted features for gallery set, obtained torch.Size([19484, 1280]) matrix
Extracted features for validation set, obtained torch.Size([23189, 1280]) matrix
Extracting features complete in 0m 10s
Using 0m 10s
Val Classifier results ---------------------------------------------------
Total acc: 35.3%
Test Classifier results ---------------------------------------------------
Query acc: 8.9% Gallery acc: 40.4% Total acc: 35.3%
=> Current learning rate: 0.000010
Epoch:66 Time:5.6 Data:0.0 Loss:4.0709 Cls Loss:0.0170 Pair Loss:0.0008 Center Loss:4.0532 KL Loss:40.7430 Recon Loss:0.1700 Acc:0.9993 
=> Current learning rate: 0.000010
Epoch:67 Time:6.4 Data:0.0 Loss:4.0551 Cls Loss:0.0168 Pair Loss:0.0009 Center Loss:4.0373 KL Loss:40.8248 Recon Loss:0.1702 Acc:0.9993 
=> Current learning rate: 0.000010
Epoch:68 Time:6.2 Data:0.0 Loss:4.0574 Cls Loss:0.0166 Pair Loss:0.0004 Center Loss:4.0404 KL Loss:40.7438 Recon Loss:0.1703 Acc:1.0000 
=> Current learning rate: 0.000010
Epoch:69 Time:5.2 Data:0.0 Loss:4.0956 Cls Loss:0.0163 Pair Loss:0.0008 Center Loss:4.0785 KL Loss:40.7543 Recon Loss:0.1712 Acc:1.0000 
=> Current learning rate: 0.000010
Epoch:70 Time:6.3 Data:0.0 Loss:4.1441 Cls Loss:0.0160 Pair Loss:0.0005 Center Loss:4.1276 KL Loss:40.5838 Recon Loss:0.1710 Acc:1.0000 
=> Test at epoch 70
==========Test with latent_z: z_c =========
Extracted features for query set, obtained torch.Size([3705, 1280]) matrix
Extracted features for gallery set, obtained torch.Size([19484, 1280]) matrix
Extracted features for validation set, obtained torch.Size([23189, 1280]) matrix
Extracting features complete in 0m 14s
Using 0m 14s
Val Classifier results ---------------------------------------------------
Total acc: 35.3%
Test Classifier results ---------------------------------------------------
Query acc: 9.0% Gallery acc: 40.3% Total acc: 35.3%
=> Current learning rate: 0.000010
Epoch:71 Time:4.7 Data:0.0 Loss:4.0972 Cls Loss:0.0168 Pair Loss:0.0006 Center Loss:4.0798 KL Loss:40.4498 Recon Loss:0.1710 Acc:1.0000 
=> Current learning rate: 0.000010
Epoch:72 Time:6.0 Data:0.0 Loss:4.0069 Cls Loss:0.0170 Pair Loss:0.0010 Center Loss:3.9888 KL Loss:41.3841 Recon Loss:0.1708 Acc:0.9993 
=> Current learning rate: 0.000010
Epoch:73 Time:4.7 Data:0.0 Loss:4.0553 Cls Loss:0.0177 Pair Loss:0.0010 Center Loss:4.0367 KL Loss:41.0165 Recon Loss:0.1710 Acc:0.9993 
=> Current learning rate: 0.000010
Epoch:74 Time:5.2 Data:0.0 Loss:4.0855 Cls Loss:0.0162 Pair Loss:0.0005 Center Loss:4.0688 KL Loss:41.4008 Recon Loss:0.1707 Acc:1.0000 
=> Current learning rate: 0.000010
Epoch:75 Time:5.4 Data:0.0 Loss:4.0791 Cls Loss:0.0169 Pair Loss:0.0007 Center Loss:4.0614 KL Loss:41.0810 Recon Loss:0.1709 Acc:0.9993 
=> Test at epoch 75
==========Test with latent_z: z_c =========
Extracted features for query set, obtained torch.Size([3705, 1280]) matrix
Extracted features for gallery set, obtained torch.Size([19484, 1280]) matrix
Extracted features for validation set, obtained torch.Size([23189, 1280]) matrix
Extracting features complete in 0m 13s
Using 0m 13s
Val Classifier results ---------------------------------------------------
Total acc: 35.5%
Test Classifier results ---------------------------------------------------
Query acc: 9.0% Gallery acc: 40.5% Total acc: 35.5%
=> Current learning rate: 0.000010
Epoch:76 Time:4.5 Data:0.0 Loss:3.9358 Cls Loss:0.0152 Pair Loss:0.0003 Center Loss:3.9202 KL Loss:40.8826 Recon Loss:0.1705 Acc:1.0000 
=> Current learning rate: 0.000010
Epoch:77 Time:5.1 Data:0.0 Loss:4.0654 Cls Loss:0.0160 Pair Loss:0.0014 Center Loss:4.0480 KL Loss:40.7882 Recon Loss:0.1705 Acc:1.0000 
=> Current learning rate: 0.000010
Epoch:78 Time:5.6 Data:0.0 Loss:3.9837 Cls Loss:0.0177 Pair Loss:0.0003 Center Loss:3.9657 KL Loss:40.5545 Recon Loss:0.1702 Acc:0.9987 
=> Current learning rate: 0.000010
Epoch:79 Time:5.3 Data:0.0 Loss:3.9400 Cls Loss:0.0155 Pair Loss:0.0007 Center Loss:3.9239 KL Loss:40.9470 Recon Loss:0.1711 Acc:1.0000 
=> Current learning rate: 0.000010
Epoch:80 Time:5.8 Data:0.0 Loss:4.0100 Cls Loss:0.0159 Pair Loss:0.0008 Center Loss:3.9932 KL Loss:40.9145 Recon Loss:0.1714 Acc:1.0000 
=> Test at epoch 80
==========Test with latent_z: z_c =========
Extracted features for query set, obtained torch.Size([3705, 1280]) matrix
Extracted features for gallery set, obtained torch.Size([19484, 1280]) matrix
Extracted features for validation set, obtained torch.Size([23189, 1280]) matrix
Extracting features complete in 0m 13s
Using 0m 13s
Val Classifier results ---------------------------------------------------
Total acc: 35.5%
Test Classifier results ---------------------------------------------------
Query acc: 9.3% Gallery acc: 40.5% Total acc: 35.5%
=> Current learning rate: 0.000010
Epoch:81 Time:4.9 Data:0.0 Loss:4.0796 Cls Loss:0.0161 Pair Loss:0.0009 Center Loss:4.0625 KL Loss:40.8717 Recon Loss:0.1704 Acc:1.0000 
=> Current learning rate: 0.000010
Epoch:82 Time:5.7 Data:0.0 Loss:4.0011 Cls Loss:0.0158 Pair Loss:0.0011 Center Loss:3.9842 KL Loss:41.3911 Recon Loss:0.1705 Acc:1.0000 
=> Current learning rate: 0.000010
Epoch:83 Time:5.7 Data:0.0 Loss:4.0261 Cls Loss:0.0165 Pair Loss:0.0007 Center Loss:4.0089 KL Loss:41.0302 Recon Loss:0.1711 Acc:0.9993 
=> Current learning rate: 0.000010
Epoch:84 Time:5.9 Data:0.0 Loss:4.0022 Cls Loss:0.0168 Pair Loss:0.0008 Center Loss:3.9846 KL Loss:40.7138 Recon Loss:0.1715 Acc:1.0000 
=> Current learning rate: 0.000010
Epoch:85 Time:5.1 Data:0.0 Loss:3.9957 Cls Loss:0.0161 Pair Loss:0.0009 Center Loss:3.9787 KL Loss:40.6410 Recon Loss:0.1707 Acc:1.0000 
=> Test at epoch 85
==========Test with latent_z: z_c =========
Extracted features for query set, obtained torch.Size([3705, 1280]) matrix
Extracted features for gallery set, obtained torch.Size([19484, 1280]) matrix
Extracted features for validation set, obtained torch.Size([23189, 1280]) matrix
Extracting features complete in 0m 9s
Using 0m 9s
Val Classifier results ---------------------------------------------------
Total acc: 35.5%
Test Classifier results ---------------------------------------------------
Query acc: 9.0% Gallery acc: 40.6% Total acc: 35.5%
=> Current learning rate: 0.000010
Epoch:86 Time:4.9 Data:0.0 Loss:3.9637 Cls Loss:0.0158 Pair Loss:0.0009 Center Loss:3.9471 KL Loss:41.0030 Recon Loss:0.1708 Acc:1.0000 
=> Current learning rate: 0.000010
Epoch:87 Time:4.5 Data:0.0 Loss:3.8898 Cls Loss:0.0163 Pair Loss:0.0015 Center Loss:3.8720 KL Loss:40.5400 Recon Loss:0.1708 Acc:0.9993 
=> Current learning rate: 0.000010
Epoch:88 Time:5.5 Data:0.0 Loss:4.0144 Cls Loss:0.0156 Pair Loss:0.0007 Center Loss:3.9981 KL Loss:40.9020 Recon Loss:0.1707 Acc:1.0000 
=> Current learning rate: 0.000010
Epoch:89 Time:5.4 Data:0.0 Loss:3.9597 Cls Loss:0.0166 Pair Loss:0.0008 Center Loss:3.9423 KL Loss:41.7476 Recon Loss:0.1710 Acc:1.0000 
=> Current learning rate: 0.000010
Epoch:90 Time:5.6 Data:0.0 Loss:3.9767 Cls Loss:0.0168 Pair Loss:0.0011 Center Loss:3.9588 KL Loss:41.3384 Recon Loss:0.1710 Acc:0.9993 
=> Test at epoch 90
==========Test with latent_z: z_c =========
Extracted features for query set, obtained torch.Size([3705, 1280]) matrix
Extracted features for gallery set, obtained torch.Size([19484, 1280]) matrix
Extracted features for validation set, obtained torch.Size([23189, 1280]) matrix
Extracting features complete in 0m 10s
Using 0m 10s
Val Classifier results ---------------------------------------------------
Total acc: 35.6%
Test Classifier results ---------------------------------------------------
Query acc: 9.0% Gallery acc: 40.7% Total acc: 35.6%
=> Current learning rate: 0.000010
Epoch:91 Time:5.3 Data:0.0 Loss:3.9410 Cls Loss:0.0158 Pair Loss:0.0007 Center Loss:3.9245 KL Loss:40.9603 Recon Loss:0.1711 Acc:1.0000 
=> Current learning rate: 0.000010
Epoch:92 Time:5.3 Data:0.0 Loss:3.9657 Cls Loss:0.0195 Pair Loss:0.0006 Center Loss:3.9457 KL Loss:40.7869 Recon Loss:0.1706 Acc:0.9973 
=> Current learning rate: 0.000010
Epoch:93 Time:4.9 Data:0.0 Loss:3.9546 Cls Loss:0.0160 Pair Loss:0.0009 Center Loss:3.9377 KL Loss:40.2911 Recon Loss:0.1711 Acc:1.0000 
=> Current learning rate: 0.000010
Epoch:94 Time:5.1 Data:0.0 Loss:3.9965 Cls Loss:0.0171 Pair Loss:0.0005 Center Loss:3.9790 KL Loss:41.1893 Recon Loss:0.1707 Acc:0.9993 
=> Current learning rate: 0.000010
Epoch:95 Time:6.0 Data:0.0 Loss:3.8525 Cls Loss:0.0155 Pair Loss:0.0009 Center Loss:3.8361 KL Loss:41.1036 Recon Loss:0.1708 Acc:1.0000 
=> Test at epoch 95
==========Test with latent_z: z_c =========
Extracted features for query set, obtained torch.Size([3705, 1280]) matrix
Extracted features for gallery set, obtained torch.Size([19484, 1280]) matrix
Extracted features for validation set, obtained torch.Size([23189, 1280]) matrix
Extracting features complete in 0m 15s
Using 0m 15s
Val Classifier results ---------------------------------------------------
Total acc: 35.8%
Test Classifier results ---------------------------------------------------
Query acc: 9.1% Gallery acc: 40.9% Total acc: 35.8%
=> Current learning rate: 0.000010
Epoch:96 Time:5.0 Data:0.0 Loss:3.8491 Cls Loss:0.0165 Pair Loss:0.0005 Center Loss:3.8321 KL Loss:40.6880 Recon Loss:0.1713 Acc:1.0000 
=> Current learning rate: 0.000010
Epoch:97 Time:5.8 Data:0.0 Loss:3.8750 Cls Loss:0.0183 Pair Loss:0.0007 Center Loss:3.8560 KL Loss:40.9751 Recon Loss:0.1705 Acc:0.9980 
=> Current learning rate: 0.000010
Epoch:98 Time:5.2 Data:0.0 Loss:3.8775 Cls Loss:0.0162 Pair Loss:0.0007 Center Loss:3.8606 KL Loss:40.7298 Recon Loss:0.1699 Acc:1.0000 
=> Current learning rate: 0.000010
Epoch:99 Time:4.6 Data:0.0 Loss:3.8655 Cls Loss:0.0158 Pair Loss:0.0005 Center Loss:3.8493 KL Loss:40.6068 Recon Loss:0.1700 Acc:1.0000 
=> Current learning rate: 0.000010
Epoch:100 Time:4.5 Data:0.0 Loss:3.9721 Cls Loss:0.0169 Pair Loss:0.0008 Center Loss:3.9544 KL Loss:40.7690 Recon Loss:0.1702 Acc:0.9993 
=> Test at epoch 100
==========Test with latent_z: z_c =========
Extracted features for query set, obtained torch.Size([3705, 1280]) matrix
Extracted features for gallery set, obtained torch.Size([19484, 1280]) matrix
Extracted features for validation set, obtained torch.Size([23189, 1280]) matrix
Extracting features complete in 0m 11s
Using 0m 11s
Val Classifier results ---------------------------------------------------
Total acc: 35.8%
Test Classifier results ---------------------------------------------------
Query acc: 9.4% Gallery acc: 40.9% Total acc: 35.8%
=> Current learning rate: 0.000010
Epoch:101 Time:4.8 Data:0.0 Loss:3.8648 Cls Loss:0.0166 Pair Loss:0.0004 Center Loss:3.8478 KL Loss:40.7141 Recon Loss:0.1707 Acc:1.0000 
=> Current learning rate: 0.000010
Epoch:102 Time:5.6 Data:0.0 Loss:3.9233 Cls Loss:0.0164 Pair Loss:0.0006 Center Loss:3.9062 KL Loss:41.0626 Recon Loss:0.1707 Acc:1.0000 
=> Current learning rate: 0.000010
Epoch:103 Time:4.8 Data:0.0 Loss:3.8835 Cls Loss:0.0174 Pair Loss:0.0009 Center Loss:3.8652 KL Loss:41.2336 Recon Loss:0.1706 Acc:1.0000 
=> Current learning rate: 0.000010
Epoch:104 Time:5.6 Data:0.0 Loss:3.8928 Cls Loss:0.0182 Pair Loss:0.0006 Center Loss:3.8740 KL Loss:40.9437 Recon Loss:0.1712 Acc:0.9987 
=> Current learning rate: 0.000010
Epoch:105 Time:5.5 Data:0.0 Loss:3.9096 Cls Loss:0.0163 Pair Loss:0.0009 Center Loss:3.8924 KL Loss:40.8910 Recon Loss:0.1708 Acc:0.9993 
=> Test at epoch 105
==========Test with latent_z: z_c =========
Extracted features for query set, obtained torch.Size([3705, 1280]) matrix
Extracted features for gallery set, obtained torch.Size([19484, 1280]) matrix
Extracted features for validation set, obtained torch.Size([23189, 1280]) matrix
Extracting features complete in 0m 14s
Using 0m 14s
Val Classifier results ---------------------------------------------------
Total acc: 35.8%
Test Classifier results ---------------------------------------------------
Query acc: 9.3% Gallery acc: 40.9% Total acc: 35.8%
=> Current learning rate: 0.000010
Epoch:106 Time:5.6 Data:0.0 Loss:3.9316 Cls Loss:0.0175 Pair Loss:0.0011 Center Loss:3.9130 KL Loss:41.0936 Recon Loss:0.1710 Acc:1.0000 
=> Current learning rate: 0.000010
Epoch:107 Time:5.9 Data:0.0 Loss:3.8831 Cls Loss:0.0168 Pair Loss:0.0007 Center Loss:3.8656 KL Loss:40.9708 Recon Loss:0.1708 Acc:0.9993 
=> Current learning rate: 0.000010
Epoch:108 Time:6.0 Data:0.0 Loss:3.7680 Cls Loss:0.0183 Pair Loss:0.0006 Center Loss:3.7491 KL Loss:41.2435 Recon Loss:0.1702 Acc:0.9993 
=> Current learning rate: 0.000010
Epoch:109 Time:5.5 Data:0.0 Loss:3.8928 Cls Loss:0.0163 Pair Loss:0.0010 Center Loss:3.8755 KL Loss:41.1662 Recon Loss:0.1706 Acc:1.0000 
=> Current learning rate: 0.000010
Epoch:110 Time:5.9 Data:0.0 Loss:3.8035 Cls Loss:0.0191 Pair Loss:0.0006 Center Loss:3.7839 KL Loss:41.0168 Recon Loss:0.1702 Acc:0.9980 
=> Test at epoch 110
==========Test with latent_z: z_c =========
Extracted features for query set, obtained torch.Size([3705, 1280]) matrix
Extracted features for gallery set, obtained torch.Size([19484, 1280]) matrix
Extracted features for validation set, obtained torch.Size([23189, 1280]) matrix
Extracting features complete in 0m 15s
Using 0m 15s
Val Classifier results ---------------------------------------------------
Total acc: 36.0%
Test Classifier results ---------------------------------------------------
Query acc: 9.3% Gallery acc: 41.0% Total acc: 36.0%
=> Current learning rate: 0.000010
Epoch:111 Time:5.1 Data:0.0 Loss:3.7973 Cls Loss:0.0177 Pair Loss:0.0010 Center Loss:3.7786 KL Loss:40.7914 Recon Loss:0.1700 Acc:0.9993 
=> Current learning rate: 0.000010
Epoch:112 Time:5.7 Data:0.0 Loss:3.7097 Cls Loss:0.0166 Pair Loss:0.0002 Center Loss:3.6929 KL Loss:41.2321 Recon Loss:0.1709 Acc:1.0000 
=> Current learning rate: 0.000010
Epoch:113 Time:5.6 Data:0.0 Loss:3.9117 Cls Loss:0.0170 Pair Loss:0.0010 Center Loss:3.8937 KL Loss:40.9602 Recon Loss:0.1704 Acc:0.9993 
=> Current learning rate: 0.000010
Epoch:114 Time:5.2 Data:0.0 Loss:3.8177 Cls Loss:0.0192 Pair Loss:0.0007 Center Loss:3.7978 KL Loss:41.2474 Recon Loss:0.1709 Acc:0.9980 
=> Current learning rate: 0.000010
Epoch:115 Time:5.3 Data:0.0 Loss:3.8521 Cls Loss:0.0164 Pair Loss:0.0007 Center Loss:3.8350 KL Loss:40.9378 Recon Loss:0.1709 Acc:0.9993 
=> Test at epoch 115
==========Test with latent_z: z_c =========
Extracted features for query set, obtained torch.Size([3705, 1280]) matrix
Extracted features for gallery set, obtained torch.Size([19484, 1280]) matrix
Extracted features for validation set, obtained torch.Size([23189, 1280]) matrix
Extracting features complete in 0m 11s
Using 0m 11s
Val Classifier results ---------------------------------------------------
Total acc: 35.6%
Test Classifier results ---------------------------------------------------
Query acc: 9.2% Gallery acc: 40.6% Total acc: 35.6%
=> Current learning rate: 0.000010
Epoch:116 Time:5.2 Data:0.0 Loss:3.8417 Cls Loss:0.0169 Pair Loss:0.0018 Center Loss:3.8230 KL Loss:40.5023 Recon Loss:0.1707 Acc:0.9993 
=> Current learning rate: 0.000010
Epoch:117 Time:5.7 Data:0.0 Loss:3.8202 Cls Loss:0.0190 Pair Loss:0.0008 Center Loss:3.8004 KL Loss:40.7138 Recon Loss:0.1707 Acc:0.9987 
=> Current learning rate: 0.000010
Epoch:118 Time:5.3 Data:0.0 Loss:3.8537 Cls Loss:0.0179 Pair Loss:0.0010 Center Loss:3.8348 KL Loss:40.9496 Recon Loss:0.1702 Acc:0.9973 
=> Current learning rate: 0.000010
Epoch:119 Time:5.1 Data:0.0 Loss:3.7994 Cls Loss:0.0180 Pair Loss:0.0008 Center Loss:3.7805 KL Loss:41.1707 Recon Loss:0.1710 Acc:0.9993 
=> Current learning rate: 0.000010
Epoch:120 Time:5.4 Data:0.0 Loss:3.8435 Cls Loss:0.0174 Pair Loss:0.0009 Center Loss:3.8253 KL Loss:41.2340 Recon Loss:0.1713 Acc:1.0000 
=> Test at epoch 120
==========Test with latent_z: z_c =========
Extracted features for query set, obtained torch.Size([3705, 1280]) matrix
Extracted features for gallery set, obtained torch.Size([19484, 1280]) matrix
Extracted features for validation set, obtained torch.Size([23189, 1280]) matrix
Extracting features complete in 0m 11s
Using 0m 11s
Val Classifier results ---------------------------------------------------
Total acc: 35.9%
Test Classifier results ---------------------------------------------------
Query acc: 9.1% Gallery acc: 41.0% Total acc: 35.9%
Keep checkpoint file: checkpoint_ep120.pth.tar
=> Current learning rate: 0.000010
=> Best Val Acc 36.0% at epoch 110: 
 Test Acc: Query 9.3%, Gallery 41.0%, Total 36.0%
Finished. Total elapsed time (h:m:s): 0:16:10. Training time (h:m:s): 0:10:59.
