https://app.neptune.ai/Zhengwei-Lab/MayCVAE/e/MAY-741
=> merge config from ./configs/base_duke/clipreid_cvae_stage2_tripwrt.yaml
/home/zhengwei/Desktop/Zhengwei/Projects/CVAE/main.py:91: NeptuneUnsupportedType: You're attempting to log a type that is not directly supported by Neptune (<class 'list'>).
        Convert the value to a supported type, such as a string or float, or use stringify_unsupported(obj)
        for dictionaries or collections that contain unsupported values.
        For more, see https://docs.neptune.ai/help/value_of_unsupported_type
  run["parameters"] = param
=> Configurations:
-------------------------
AMP: True
AUG:
  RC_PROB: 0.5
  RE_PROB: 0.5
DATA:
  CUHK03_CLASSIC_SPLIT: False
  CUHK03_LABELED: False
  DATASET: duke
  FORMAT_TAG: tensor
  HEIGHT: 256
  NUM_INSTANCES: 4
  NUM_WORKERS: 4
  ROOT: /home/zhengwei/Desktop/Zhengwei/Projects/datasets
  SPLIT_ID: 0
  TEST_BATCH: 512
  TRAIN_BATCH: 64
  TRAIN_FORMAT: base
  WIDTH: 128
EVAL_MODE: False
GPU: 0
LOSS:
  CLA_LOSS: crossentropy
  CLA_M: 0.0
  CLA_S: 16.0
  PAIR_LOSS: triplet_wrt
  PAIR_M: 0.3
  PAIR_S: 16.0
  RECON_LOSS: mse
  USE_NCE: False
MODEL:
  CONDITIONAL: False
  FEATURE_DIM: 1280
  FEAT_FUSION: True
  FLOW_TYPE: 
  GAUSSIAN: MultivariateNormal
  HIDDEN_DIM: 256
  LATENT_SIZE: 64
  NAME: CVAE
  ONLY_CVAE_KL: False
  ONLY_X_INPUT: False
  PRETRAIN: CLIPreidNew
  RES4_STRIDE: 1
  RESUME: /home/zhengwei/Desktop/Zhengwei/Projects/CVAE/outputs/duke/clipreid_simplevae_base/2024-07-31/SimpleVAE+2E_128+64z_1e3_60+120_KLtotalZ_CLS
  STYLE_NUM: 0
  TRAIN_STAGE: reidstage
  USE_CENTROID: False
  USE_TWO_ENCODER: True
  VAE_TYPE: SinpleVAE
  ZC_DIM: 128
  ZS_DIM: 64
OUTPUT: /home/zhengwei/Desktop/Zhengwei/Projects/CVAE/outputs/duke/clipreid_simplevae_base/2024-07-31/SimpleVAE+2E_128+64z_1e3_60+120_KLtotalZ_CLS/2nd_stage/2024-07-31/2nd_SimpleVAE+2E_128+64z_warm5+1e4+d1e3_10+30_KLtotalZ+CLS_L1280_ReIDZnew+center+tripwrt
SAVED_NAME: 2nd_SimpleVAE+2E_128+64z_warm5+1e4+d1e3_10+30_KLtotalZ+CLS_L1280_ReIDZnew+center+tripwrt
SEED: 0
TAG: clipreid_simplevae_base
TEST:
  DISTANCE: cosine
  EVAL_STEP: 1
  START_EVAL: 4
TRAIN:
  AMP: False
  LR_SCHEDULER:
    DECAY_RATE: 0.1
    NAME: MultiStepLR
    STEPSIZE: [10]
  MAX_EPOCH: 30
  OPTIMIZER:
    LR: 0.001
    NAME: adam
    SGDLR: 0.01
    SGD_MOMENTUM: 0.9
    SGD_WEIGHT_DECAY: 0.0005
    WEIGHT_DECAY: 0.0001
  START_EPOCH: 0
----------------------
Initializing dataset duke
Warning: string series 'monitoring/281d5684/stdout' value was longer than 1000 characters and was truncated. This warning is printed only once per series.
=> DukeMTMC-reID tensor loaded
Dataset statistics:
  ------------------------------
  subset   | # ids | # images
  ------------------------------
  train    |   702 |    16522
  query    |   702 |     2228
  gallery  |  1110 |    17661
  ------------------------------
  total    |  1404 |    36411
  ------------------------------
Initializing SinpleVAE model with 2 encoders
Model size: 12.21152M
[INFO] Register count_relu() for <class 'torch.nn.modules.activation.LeakyReLU'>.
[INFO] Register count_linear() for <class 'torch.nn.modules.linear.Linear'>.
[INFO] Register count_normalization() for <class 'torch.nn.modules.batchnorm.BatchNorm1d'>.
[INFO] Register zero_ops() for <class 'torch.nn.modules.activation.ReLU'>.
[INFO] Register zero_ops() for <class 'torch.nn.modules.dropout.Dropout'>.
[INFO] Register zero_ops() for <class 'torch.nn.modules.container.Sequential'>.
FLOPs: 0.75465G
Params: 11.78419M
Initialized classifier with feature_dim: 1280, num_classes: 702
Classifier size: 0.89926M
reid_projector.weight is tuneable
=> Start Training second stage model
Loading checkpoint from '/home/zhengwei/Desktop/Zhengwei/Projects/CVAE/outputs/duke/clipreid_simplevae_base/2024-07-31/SimpleVAE+2E_128+64z_1e3_60+120_KLtotalZ_CLS/best_model.pth.tar'
Loading parameter:  reid_projector.weight
orginal best rank1 = 0.8460502692998204
=> Start evaluation only 
=> Test pretarined feature form VLP model
Normalizing features
Normalizing features
Extracted features for query set, obtained torch.Size([2228, 1280]) matrix
Extracted features for gallery set, obtained torch.Size([17661, 1280]) matrix
Extracting features complete in 0m 5s
Distance computing in 0m 1s
Computing CMC and mAP
Results ---------------------------------------------------
top1:91.2% top5:95.8% top10:96.9% top20:97.8% mAP:82.8%
-----------------------------------------------------------
Using 0m 2s
==========Test with latent_z: new_z =========
Extracted features for query set, obtained torch.Size([2228, 1280]) matrix
Extracted features for gallery set, obtained torch.Size([17661, 1280]) matrix
Extracting features complete in 0m 8s
Distance computing in 0m 1s
Results ---------------------------------------------------
top1:84.2% top5:92.0% top10:94.1% top20:95.7% mAP:71.7%
-----------------------------------------------------------
Using 0m 2s
Classifier results ---------------------------------------------------
Query acc: 0.2% Gallery acc: 0.1% Total acc: 0.1%
ReID Classifier results ---------------------------------------------------
Query acc: 0.1% Gallery acc: 0.1% Total acc: 0.1%
==========Test with latent_z: z_c =========
Extracted features for query set, obtained torch.Size([2228, 128]) matrix
Extracted features for gallery set, obtained torch.Size([17661, 128]) matrix
Extracting features complete in 0m 10s
Distance computing in 0m 0s
Results ---------------------------------------------------
top1:84.4% top5:92.2% top10:94.2% top20:96.0% mAP:71.7%
-----------------------------------------------------------
Using 0m 2s
Classifier results ---------------------------------------------------
Query acc: 0.2% Gallery acc: 0.1% Total acc: 0.1%
ReID Classifier results ---------------------------------------------------
Query acc: 0.1% Gallery acc: 0.1% Total acc: 0.1%
=> Start training
/home/zhengwei/Desktop/Zhengwei/Projects/CVAE/losses/triplet_loss.py:122: UserWarning: This overload of addmm_ is deprecated:
	addmm_(Number beta, Number alpha, Tensor mat1, Tensor mat2)
Consider using one of the following signatures instead:
	addmm_(Tensor mat1, Tensor mat2, *, Number beta, Number alpha) (Triggered internally at /opt/conda/conda-bld/pytorch_1670525539683/work/torch/csrc/utils/python_arg_parser.cpp:1420.)
  dist_mtx = dist_mtx.addmm_(1, -2, emb1, emb2.t())
Epoch:1 Time:21.3 Data:0.0 Loss:1363.5925 Cls Loss:0.3896 Cls reid Loss:6.5539 Pair Loss:10.2052 Center Loss:1353.3874 KL Loss:498.9444 Recon Loss:0.0957 Acc:0.9814 Acc ReID:0.0017 
Epoch:2 Time:22.0 Data:0.0 Loss:423.6935 Cls Loss:0.3896 Cls reid Loss:6.5535 Pair Loss:0.0454 Center Loss:423.6481 KL Loss:497.8794 Recon Loss:0.0957 Acc:0.9819 Acc ReID:0.0012 
Epoch:3 Time:22.2 Data:0.0 Loss:214.6197 Cls Loss:0.3898 Cls reid Loss:6.5536 Pair Loss:0.0073 Center Loss:214.6124 KL Loss:496.8121 Recon Loss:0.0957 Acc:0.9810 Acc ReID:0.0013 
Epoch:4 Time:21.6 Data:0.0 Loss:119.1853 Cls Loss:0.3892 Cls reid Loss:6.5536 Pair Loss:0.0056 Center Loss:119.1797 KL Loss:495.6588 Recon Loss:0.0957 Acc:0.9812 Acc ReID:0.0012 
Epoch:5 Time:21.6 Data:0.0 Loss:71.4434 Cls Loss:0.3888 Cls reid Loss:6.5536 Pair Loss:0.0064 Center Loss:71.4369 KL Loss:494.6570 Recon Loss:0.0957 Acc:0.9819 Acc ReID:0.0010 
=> Test at epoch 5
==========Test with latent_z: z_c =========
Extracted features for query set, obtained torch.Size([2228, 128]) matrix
Extracted features for gallery set, obtained torch.Size([17661, 128]) matrix
Extracting features complete in 0m 7s
Distance computing in 0m 0s
Results ---------------------------------------------------
top1:84.4% top5:92.2% top10:94.2% top20:96.0% mAP:71.7%
-----------------------------------------------------------
Using 0m 2s
Classifier results ---------------------------------------------------
Query acc: 0.2% Gallery acc: 0.1% Total acc: 0.1%
ReID Classifier results ---------------------------------------------------
Query acc: 0.1% Gallery acc: 0.0% Total acc: 0.1%
==========Test with latent_z: new_z =========
Extracted features for query set, obtained torch.Size([2228, 1280]) matrix
Extracted features for gallery set, obtained torch.Size([17661, 1280]) matrix
Extracting features complete in 0m 8s
Distance computing in 0m 1s
Results ---------------------------------------------------
top1:87.7% top5:94.0% top10:95.6% top20:96.8% mAP:77.3%
-----------------------------------------------------------
Using 0m 2s
Classifier results ---------------------------------------------------
Query acc: 0.2% Gallery acc: 0.1% Total acc: 0.1%
ReID Classifier results ---------------------------------------------------
Query acc: 0.1% Gallery acc: 0.0% Total acc: 0.1%
Epoch:6 Time:22.6 Data:0.0 Loss:44.9598 Cls Loss:0.3904 Cls reid Loss:6.5537 Pair Loss:0.0056 Center Loss:44.9542 KL Loss:493.5157 Recon Loss:0.0957 Acc:0.9810 Acc ReID:0.0019 
=> Test at epoch 6
==========Test with latent_z: z_c =========
Extracted features for query set, obtained torch.Size([2228, 128]) matrix
Extracted features for gallery set, obtained torch.Size([17661, 128]) matrix
Extracting features complete in 0m 8s
Distance computing in 0m 0s
Results ---------------------------------------------------
top1:84.4% top5:92.2% top10:94.2% top20:96.0% mAP:71.7%
-----------------------------------------------------------
Using 0m 3s
Classifier results ---------------------------------------------------
Query acc: 0.2% Gallery acc: 0.1% Total acc: 0.1%
ReID Classifier results ---------------------------------------------------
Query acc: 0.0% Gallery acc: 0.1% Total acc: 0.1%
==========Test with latent_z: new_z =========
Extracted features for query set, obtained torch.Size([2228, 1280]) matrix
Extracted features for gallery set, obtained torch.Size([17661, 1280]) matrix
Extracting features complete in 0m 4s
Distance computing in 0m 1s
Results ---------------------------------------------------
top1:87.8% top5:93.8% top10:95.5% top20:96.7% mAP:77.2%
-----------------------------------------------------------
Using 0m 3s
Classifier results ---------------------------------------------------
Query acc: 0.2% Gallery acc: 0.1% Total acc: 0.1%
ReID Classifier results ---------------------------------------------------
Query acc: 0.0% Gallery acc: 0.1% Total acc: 0.1%
Epoch:7 Time:20.7 Data:0.0 Loss:30.2936 Cls Loss:0.3891 Cls reid Loss:6.5537 Pair Loss:0.0073 Center Loss:30.2863 KL Loss:492.4333 Recon Loss:0.0957 Acc:0.9813 Acc ReID:0.0012 
=> Test at epoch 7
==========Test with latent_z: z_c =========
Extracted features for query set, obtained torch.Size([2228, 128]) matrix
Extracted features for gallery set, obtained torch.Size([17661, 128]) matrix
Extracting features complete in 0m 5s
Distance computing in 0m 0s
Results ---------------------------------------------------
top1:84.4% top5:92.2% top10:94.2% top20:96.0% mAP:71.7%
-----------------------------------------------------------
Using 0m 3s
Classifier results ---------------------------------------------------
Query acc: 0.2% Gallery acc: 0.1% Total acc: 0.1%
ReID Classifier results ---------------------------------------------------
Query acc: 0.2% Gallery acc: 0.1% Total acc: 0.1%
==========Test with latent_z: new_z =========
Extracted features for query set, obtained torch.Size([2228, 1280]) matrix
Extracted features for gallery set, obtained torch.Size([17661, 1280]) matrix
Extracting features complete in 0m 5s
Distance computing in 0m 0s
Results ---------------------------------------------------
top1:87.6% top5:93.9% top10:95.5% top20:96.8% mAP:77.2%
-----------------------------------------------------------
Using 0m 3s
Classifier results ---------------------------------------------------
Query acc: 0.2% Gallery acc: 0.1% Total acc: 0.1%
ReID Classifier results ---------------------------------------------------
Query acc: 0.2% Gallery acc: 0.1% Total acc: 0.1%
Epoch:8 Time:18.4 Data:0.0 Loss:21.5282 Cls Loss:0.3895 Cls reid Loss:6.5536 Pair Loss:0.0078 Center Loss:21.5204 KL Loss:491.1612 Recon Loss:0.0957 Acc:0.9816 Acc ReID:0.0010 
=> Test at epoch 8
==========Test with latent_z: z_c =========
Extracted features for query set, obtained torch.Size([2228, 128]) matrix
Extracted features for gallery set, obtained torch.Size([17661, 128]) matrix
Extracting features complete in 0m 6s
Distance computing in 0m 0s
Results ---------------------------------------------------
top1:84.4% top5:92.2% top10:94.2% top20:96.0% mAP:71.7%
-----------------------------------------------------------
Using 0m 2s
Classifier results ---------------------------------------------------
Query acc: 0.2% Gallery acc: 0.1% Total acc: 0.1%
ReID Classifier results ---------------------------------------------------
Query acc: 0.0% Gallery acc: 0.0% Total acc: 0.0%
==========Test with latent_z: new_z =========
Extracted features for query set, obtained torch.Size([2228, 1280]) matrix
Extracted features for gallery set, obtained torch.Size([17661, 1280]) matrix
Extracting features complete in 0m 6s
Distance computing in 0m 0s
Results ---------------------------------------------------
top1:87.4% top5:93.5% top10:95.4% top20:96.8% mAP:76.9%
-----------------------------------------------------------
Using 0m 2s
Classifier results ---------------------------------------------------
Query acc: 0.2% Gallery acc: 0.1% Total acc: 0.1%
ReID Classifier results ---------------------------------------------------
Query acc: 0.0% Gallery acc: 0.0% Total acc: 0.0%
Epoch:9 Time:18.5 Data:0.0 Loss:16.1422 Cls Loss:0.3893 Cls reid Loss:6.5537 Pair Loss:0.0080 Center Loss:16.1343 KL Loss:490.0915 Recon Loss:0.0957 Acc:0.9818 Acc ReID:0.0008 
=> Test at epoch 9
==========Test with latent_z: z_c =========
Extracted features for query set, obtained torch.Size([2228, 128]) matrix
Extracted features for gallery set, obtained torch.Size([17661, 128]) matrix
Extracting features complete in 0m 6s
Distance computing in 0m 0s
Results ---------------------------------------------------
top1:84.4% top5:92.2% top10:94.2% top20:96.0% mAP:71.7%
-----------------------------------------------------------
Using 0m 2s
Classifier results ---------------------------------------------------
Query acc: 0.2% Gallery acc: 0.1% Total acc: 0.1%
ReID Classifier results ---------------------------------------------------
Query acc: 0.1% Gallery acc: 0.1% Total acc: 0.1%
==========Test with latent_z: new_z =========
Extracted features for query set, obtained torch.Size([2228, 1280]) matrix
Extracted features for gallery set, obtained torch.Size([17661, 1280]) matrix
Extracting features complete in 0m 6s
Distance computing in 0m 0s
Results ---------------------------------------------------
top1:87.5% top5:93.7% top10:95.4% top20:96.7% mAP:76.9%
-----------------------------------------------------------
Using 0m 3s
Classifier results ---------------------------------------------------
Query acc: 0.2% Gallery acc: 0.1% Total acc: 0.1%
ReID Classifier results ---------------------------------------------------
Query acc: 0.1% Gallery acc: 0.1% Total acc: 0.1%
Epoch:10 Time:18.7 Data:0.0 Loss:12.8196 Cls Loss:0.3884 Cls reid Loss:6.5537 Pair Loss:0.0087 Center Loss:12.8108 KL Loss:488.9904 Recon Loss:0.0957 Acc:0.9819 Acc ReID:0.0007 
=> Test at epoch 10
==========Test with latent_z: z_c =========
Extracted features for query set, obtained torch.Size([2228, 128]) matrix
Extracted features for gallery set, obtained torch.Size([17661, 128]) matrix
Extracting features complete in 0m 6s
Distance computing in 0m 0s
Results ---------------------------------------------------
top1:84.4% top5:92.2% top10:94.2% top20:96.0% mAP:71.7%
-----------------------------------------------------------
Using 0m 2s
Classifier results ---------------------------------------------------
Query acc: 0.2% Gallery acc: 0.1% Total acc: 0.1%
ReID Classifier results ---------------------------------------------------
Query acc: 0.1% Gallery acc: 0.1% Total acc: 0.1%
==========Test with latent_z: new_z =========
Extracted features for query set, obtained torch.Size([2228, 1280]) matrix
Extracted features for gallery set, obtained torch.Size([17661, 1280]) matrix
Extracting features complete in 0m 5s
Distance computing in 0m 0s
Results ---------------------------------------------------
top1:87.4% top5:93.7% top10:95.3% top20:96.5% mAP:76.7%
-----------------------------------------------------------
Using 0m 3s
Classifier results ---------------------------------------------------
Query acc: 0.2% Gallery acc: 0.1% Total acc: 0.1%
ReID Classifier results ---------------------------------------------------
Query acc: 0.1% Gallery acc: 0.1% Total acc: 0.1%
Epoch:11 Time:18.9 Data:0.0 Loss:8.5662 Cls Loss:0.3899 Cls reid Loss:6.5537 Pair Loss:0.0101 Center Loss:8.5562 KL Loss:487.9520 Recon Loss:0.0957 Acc:0.9814 Acc ReID:0.0007 
=> Test at epoch 11
==========Test with latent_z: z_c =========
Extracted features for query set, obtained torch.Size([2228, 128]) matrix
Extracted features for gallery set, obtained torch.Size([17661, 128]) matrix
Extracting features complete in 0m 6s
Distance computing in 0m 0s
Results ---------------------------------------------------
top1:84.4% top5:92.2% top10:94.2% top20:96.0% mAP:71.7%
-----------------------------------------------------------
Using 0m 2s
Classifier results ---------------------------------------------------
Query acc: 0.2% Gallery acc: 0.1% Total acc: 0.1%
ReID Classifier results ---------------------------------------------------
Query acc: 0.1% Gallery acc: 0.1% Total acc: 0.1%
==========Test with latent_z: new_z =========
Extracted features for query set, obtained torch.Size([2228, 1280]) matrix
Extracted features for gallery set, obtained torch.Size([17661, 1280]) matrix
Extracting features complete in 0m 5s
Distance computing in 0m 0s
Results ---------------------------------------------------
top1:87.4% top5:93.6% top10:95.3% top20:96.5% mAP:76.7%
-----------------------------------------------------------
Using 0m 2s
Classifier results ---------------------------------------------------
Query acc: 0.2% Gallery acc: 0.1% Total acc: 0.1%
ReID Classifier results ---------------------------------------------------
Query acc: 0.1% Gallery acc: 0.1% Total acc: 0.1%
Epoch:12 Time:18.0 Data:0.0 Loss:8.2265 Cls Loss:0.3889 Cls reid Loss:6.5537 Pair Loss:0.0107 Center Loss:8.2158 KL Loss:486.8948 Recon Loss:0.0957 Acc:0.9817 Acc ReID:0.0006 
=> Test at epoch 12
==========Test with latent_z: z_c =========
Extracted features for query set, obtained torch.Size([2228, 128]) matrix
Extracted features for gallery set, obtained torch.Size([17661, 128]) matrix
Extracting features complete in 0m 7s
Distance computing in 0m 0s
Results ---------------------------------------------------
top1:84.4% top5:92.2% top10:94.2% top20:96.0% mAP:71.7%
-----------------------------------------------------------
Using 0m 3s
Classifier results ---------------------------------------------------
Query acc: 0.2% Gallery acc: 0.1% Total acc: 0.1%
ReID Classifier results ---------------------------------------------------
Query acc: 0.0% Gallery acc: 0.1% Total acc: 0.1%
==========Test with latent_z: new_z =========
Extracted features for query set, obtained torch.Size([2228, 1280]) matrix
Extracted features for gallery set, obtained torch.Size([17661, 1280]) matrix
Extracting features complete in 0m 5s
Distance computing in 0m 0s
Results ---------------------------------------------------
top1:87.5% top5:93.7% top10:95.2% top20:96.5% mAP:76.7%
-----------------------------------------------------------
Using 0m 2s
Classifier results ---------------------------------------------------
Query acc: 0.2% Gallery acc: 0.1% Total acc: 0.1%
ReID Classifier results ---------------------------------------------------
Query acc: 0.0% Gallery acc: 0.1% Total acc: 0.1%
Epoch:13 Time:19.0 Data:0.0 Loss:8.0508 Cls Loss:0.3897 Cls reid Loss:6.5537 Pair Loss:0.0101 Center Loss:8.0408 KL Loss:485.6683 Recon Loss:0.0957 Acc:0.9812 Acc ReID:0.0005 
=> Test at epoch 13
==========Test with latent_z: z_c =========
Extracted features for query set, obtained torch.Size([2228, 128]) matrix
Extracted features for gallery set, obtained torch.Size([17661, 128]) matrix
Extracting features complete in 0m 6s
Distance computing in 0m 0s
Results ---------------------------------------------------
top1:84.4% top5:92.2% top10:94.2% top20:96.0% mAP:71.7%
-----------------------------------------------------------
Using 0m 2s
Classifier results ---------------------------------------------------
Query acc: 0.2% Gallery acc: 0.1% Total acc: 0.1%
ReID Classifier results ---------------------------------------------------
Query acc: 0.0% Gallery acc: 0.1% Total acc: 0.1%
==========Test with latent_z: new_z =========
Extracted features for query set, obtained torch.Size([2228, 1280]) matrix
Extracted features for gallery set, obtained torch.Size([17661, 1280]) matrix
Extracting features complete in 0m 5s
Distance computing in 0m 1s
Results ---------------------------------------------------
top1:87.4% top5:93.6% top10:95.4% top20:96.4% mAP:76.7%
-----------------------------------------------------------
Using 0m 2s
Classifier results ---------------------------------------------------
Query acc: 0.2% Gallery acc: 0.1% Total acc: 0.1%
ReID Classifier results ---------------------------------------------------
Query acc: 0.0% Gallery acc: 0.1% Total acc: 0.1%
Epoch:14 Time:18.4 Data:0.0 Loss:7.8742 Cls Loss:0.3901 Cls reid Loss:6.5537 Pair Loss:0.0097 Center Loss:7.8645 KL Loss:484.7002 Recon Loss:0.0957 Acc:0.9814 Acc ReID:0.0007 
=> Test at epoch 14
==========Test with latent_z: z_c =========
Extracted features for query set, obtained torch.Size([2228, 128]) matrix
Extracted features for gallery set, obtained torch.Size([17661, 128]) matrix
Extracting features complete in 0m 6s
Distance computing in 0m 0s
Results ---------------------------------------------------
top1:84.4% top5:92.2% top10:94.2% top20:96.0% mAP:71.7%
-----------------------------------------------------------
Using 0m 2s
Classifier results ---------------------------------------------------
Query acc: 0.2% Gallery acc: 0.1% Total acc: 0.1%
ReID Classifier results ---------------------------------------------------
Query acc: 0.0% Gallery acc: 0.1% Total acc: 0.1%
==========Test with latent_z: new_z =========
Extracted features for query set, obtained torch.Size([2228, 1280]) matrix
Extracted features for gallery set, obtained torch.Size([17661, 1280]) matrix
Extracting features complete in 0m 5s
Distance computing in 0m 1s
Results ---------------------------------------------------
top1:87.3% top5:93.5% top10:95.3% top20:96.5% mAP:76.6%
-----------------------------------------------------------
Using 0m 2s
Classifier results ---------------------------------------------------
Query acc: 0.2% Gallery acc: 0.1% Total acc: 0.1%
ReID Classifier results ---------------------------------------------------
Query acc: 0.0% Gallery acc: 0.1% Total acc: 0.1%
Epoch:15 Time:17.8 Data:0.0 Loss:7.7134 Cls Loss:0.3891 Cls reid Loss:6.5537 Pair Loss:0.0105 Center Loss:7.7030 KL Loss:483.4708 Recon Loss:0.0957 Acc:0.9816 Acc ReID:0.0006 
=> Test at epoch 15
==========Test with latent_z: z_c =========
Extracted features for query set, obtained torch.Size([2228, 128]) matrix
Extracted features for gallery set, obtained torch.Size([17661, 128]) matrix
Extracting features complete in 0m 8s
Distance computing in 0m 0s
Results ---------------------------------------------------
top1:84.4% top5:92.2% top10:94.2% top20:96.0% mAP:71.7%
-----------------------------------------------------------
Using 0m 2s
Classifier results ---------------------------------------------------
Query acc: 0.2% Gallery acc: 0.1% Total acc: 0.1%
ReID Classifier results ---------------------------------------------------
Query acc: 0.1% Gallery acc: 0.1% Total acc: 0.1%
==========Test with latent_z: new_z =========
Extracted features for query set, obtained torch.Size([2228, 1280]) matrix
Extracted features for gallery set, obtained torch.Size([17661, 1280]) matrix
Extracting features complete in 0m 6s
Distance computing in 0m 0s
Results ---------------------------------------------------
top1:87.2% top5:93.4% top10:95.3% top20:96.5% mAP:76.6%
-----------------------------------------------------------
Using 0m 3s
Classifier results ---------------------------------------------------
Query acc: 0.2% Gallery acc: 0.1% Total acc: 0.1%
ReID Classifier results ---------------------------------------------------
Query acc: 0.1% Gallery acc: 0.1% Total acc: 0.1%
Epoch:16 Time:18.5 Data:0.0 Loss:7.5471 Cls Loss:0.3888 Cls reid Loss:6.5537 Pair Loss:0.0102 Center Loss:7.5369 KL Loss:482.4644 Recon Loss:0.0957 Acc:0.9817 Acc ReID:0.0005 
=> Test at epoch 16
==========Test with latent_z: z_c =========
Extracted features for query set, obtained torch.Size([2228, 128]) matrix
Extracted features for gallery set, obtained torch.Size([17661, 128]) matrix
Extracting features complete in 0m 6s
Distance computing in 0m 0s
Results ---------------------------------------------------
top1:84.4% top5:92.2% top10:94.2% top20:96.0% mAP:71.7%
-----------------------------------------------------------
Using 0m 3s
Classifier results ---------------------------------------------------
Query acc: 0.2% Gallery acc: 0.1% Total acc: 0.1%
ReID Classifier results ---------------------------------------------------
Query acc: 0.1% Gallery acc: 0.1% Total acc: 0.1%
==========Test with latent_z: new_z =========
Extracted features for query set, obtained torch.Size([2228, 1280]) matrix
Extracted features for gallery set, obtained torch.Size([17661, 1280]) matrix
Extracting features complete in 0m 6s
Distance computing in 0m 0s
Results ---------------------------------------------------
top1:87.3% top5:93.5% top10:95.3% top20:96.5% mAP:76.6%
-----------------------------------------------------------
Using 0m 2s
Classifier results ---------------------------------------------------
Query acc: 0.2% Gallery acc: 0.1% Total acc: 0.1%
ReID Classifier results ---------------------------------------------------
Query acc: 0.1% Gallery acc: 0.1% Total acc: 0.1%
Epoch:17 Time:18.4 Data:0.0 Loss:7.4044 Cls Loss:0.3892 Cls reid Loss:6.5537 Pair Loss:0.0109 Center Loss:7.3935 KL Loss:481.4333 Recon Loss:0.0957 Acc:0.9816 Acc ReID:0.0007 
=> Test at epoch 17
==========Test with latent_z: z_c =========
Extracted features for query set, obtained torch.Size([2228, 128]) matrix
Extracted features for gallery set, obtained torch.Size([17661, 128]) matrix
Extracting features complete in 0m 7s
Distance computing in 0m 0s
Results ---------------------------------------------------
top1:84.4% top5:92.2% top10:94.2% top20:96.0% mAP:71.7%
-----------------------------------------------------------
Using 0m 2s
Classifier results ---------------------------------------------------
Query acc: 0.2% Gallery acc: 0.1% Total acc: 0.1%
ReID Classifier results ---------------------------------------------------
Query acc: 0.0% Gallery acc: 0.1% Total acc: 0.1%
==========Test with latent_z: new_z =========
Extracted features for query set, obtained torch.Size([2228, 1280]) matrix
Extracted features for gallery set, obtained torch.Size([17661, 1280]) matrix
Extracting features complete in 0m 6s
Distance computing in 0m 1s
Results ---------------------------------------------------
top1:87.2% top5:93.4% top10:95.3% top20:96.5% mAP:76.6%
-----------------------------------------------------------
Using 0m 2s
Classifier results ---------------------------------------------------
Query acc: 0.2% Gallery acc: 0.1% Total acc: 0.1%
ReID Classifier results ---------------------------------------------------
Query acc: 0.0% Gallery acc: 0.1% Total acc: 0.1%
Epoch:18 Time:18.5 Data:0.0 Loss:7.2609 Cls Loss:0.3888 Cls reid Loss:6.5537 Pair Loss:0.0113 Center Loss:7.2496 KL Loss:480.2500 Recon Loss:0.0957 Acc:0.9815 Acc ReID:0.0007 
=> Test at epoch 18
==========Test with latent_z: z_c =========
Extracted features for query set, obtained torch.Size([2228, 128]) matrix
Extracted features for gallery set, obtained torch.Size([17661, 128]) matrix
Extracting features complete in 0m 7s
Distance computing in 0m 0s
Results ---------------------------------------------------
top1:84.4% top5:92.2% top10:94.2% top20:96.0% mAP:71.7%
-----------------------------------------------------------
Using 0m 2s
Classifier results ---------------------------------------------------
Query acc: 0.2% Gallery acc: 0.1% Total acc: 0.1%
ReID Classifier results ---------------------------------------------------
Query acc: 0.0% Gallery acc: 0.1% Total acc: 0.1%
==========Test with latent_z: new_z =========
Extracted features for query set, obtained torch.Size([2228, 1280]) matrix
Extracted features for gallery set, obtained torch.Size([17661, 1280]) matrix
Extracting features complete in 0m 6s
Distance computing in 0m 0s
Results ---------------------------------------------------
top1:87.4% top5:93.5% top10:95.3% top20:96.5% mAP:76.5%
-----------------------------------------------------------
Using 0m 3s
Classifier results ---------------------------------------------------
Query acc: 0.2% Gallery acc: 0.1% Total acc: 0.1%
ReID Classifier results ---------------------------------------------------
Query acc: 0.0% Gallery acc: 0.1% Total acc: 0.1%
Epoch:19 Time:18.5 Data:0.0 Loss:7.1188 Cls Loss:0.3891 Cls reid Loss:6.5537 Pair Loss:0.0114 Center Loss:7.1075 KL Loss:479.5944 Recon Loss:0.0957 Acc:0.9814 Acc ReID:0.0006 
=> Test at epoch 19
==========Test with latent_z: z_c =========
Extracted features for query set, obtained torch.Size([2228, 128]) matrix
Extracted features for gallery set, obtained torch.Size([17661, 128]) matrix
Extracting features complete in 0m 6s
Distance computing in 0m 0s
Results ---------------------------------------------------
top1:84.4% top5:92.2% top10:94.2% top20:96.0% mAP:71.7%
-----------------------------------------------------------
Using 0m 2s
Classifier results ---------------------------------------------------
Query acc: 0.2% Gallery acc: 0.1% Total acc: 0.1%
ReID Classifier results ---------------------------------------------------
Query acc: 0.0% Gallery acc: 0.1% Total acc: 0.1%
==========Test with latent_z: new_z =========
Extracted features for query set, obtained torch.Size([2228, 1280]) matrix
Extracted features for gallery set, obtained torch.Size([17661, 1280]) matrix
Extracting features complete in 0m 6s
Distance computing in 0m 0s
Results ---------------------------------------------------
top1:87.2% top5:93.5% top10:95.2% top20:96.5% mAP:76.5%
-----------------------------------------------------------
Using 0m 2s
Classifier results ---------------------------------------------------
Query acc: 0.2% Gallery acc: 0.1% Total acc: 0.1%
ReID Classifier results ---------------------------------------------------
Query acc: 0.0% Gallery acc: 0.1% Total acc: 0.1%
Epoch:20 Time:18.7 Data:0.0 Loss:6.9974 Cls Loss:0.3893 Cls reid Loss:6.5537 Pair Loss:0.0109 Center Loss:6.9865 KL Loss:479.3584 Recon Loss:0.0957 Acc:0.9816 Acc ReID:0.0007 
=> Test at epoch 20
==========Test with latent_z: z_c =========
Extracted features for query set, obtained torch.Size([2228, 128]) matrix
Extracted features for gallery set, obtained torch.Size([17661, 128]) matrix
Extracting features complete in 0m 6s
Distance computing in 0m 0s
Results ---------------------------------------------------
top1:84.4% top5:92.2% top10:94.2% top20:96.0% mAP:71.7%
-----------------------------------------------------------
Using 0m 2s
Classifier results ---------------------------------------------------
Query acc: 0.2% Gallery acc: 0.1% Total acc: 0.1%
ReID Classifier results ---------------------------------------------------
Query acc: 0.1% Gallery acc: 0.1% Total acc: 0.1%
==========Test with latent_z: new_z =========
Extracted features for query set, obtained torch.Size([2228, 1280]) matrix
Extracted features for gallery set, obtained torch.Size([17661, 1280]) matrix
Extracting features complete in 0m 6s
Distance computing in 0m 0s
Results ---------------------------------------------------
top1:87.2% top5:93.4% top10:95.2% top20:96.5% mAP:76.5%
-----------------------------------------------------------
Using 0m 3s
Classifier results ---------------------------------------------------
Query acc: 0.2% Gallery acc: 0.1% Total acc: 0.1%
ReID Classifier results ---------------------------------------------------
Query acc: 0.1% Gallery acc: 0.1% Total acc: 0.1%
Epoch:21 Time:18.2 Data:0.0 Loss:6.8549 Cls Loss:0.3889 Cls reid Loss:6.5537 Pair Loss:0.0109 Center Loss:6.8440 KL Loss:479.4591 Recon Loss:0.0957 Acc:0.9815 Acc ReID:0.0007 
=> Test at epoch 21
==========Test with latent_z: z_c =========
Extracted features for query set, obtained torch.Size([2228, 128]) matrix
Extracted features for gallery set, obtained torch.Size([17661, 128]) matrix
Extracting features complete in 0m 7s
Distance computing in 0m 0s
Results ---------------------------------------------------
top1:84.4% top5:92.2% top10:94.2% top20:96.0% mAP:71.7%
-----------------------------------------------------------
Using 0m 2s
Classifier results ---------------------------------------------------
Query acc: 0.2% Gallery acc: 0.1% Total acc: 0.1%
ReID Classifier results ---------------------------------------------------
Query acc: 0.0% Gallery acc: 0.1% Total acc: 0.1%
==========Test with latent_z: new_z =========
Extracted features for query set, obtained torch.Size([2228, 1280]) matrix
Extracted features for gallery set, obtained torch.Size([17661, 1280]) matrix
Extracting features complete in 0m 6s
Distance computing in 0m 1s
Results ---------------------------------------------------
top1:87.2% top5:93.4% top10:95.3% top20:96.5% mAP:76.4%
-----------------------------------------------------------
Using 0m 2s
Classifier results ---------------------------------------------------
Query acc: 0.2% Gallery acc: 0.1% Total acc: 0.1%
ReID Classifier results ---------------------------------------------------
Query acc: 0.0% Gallery acc: 0.1% Total acc: 0.1%
Epoch:22 Time:18.0 Data:0.0 Loss:6.7504 Cls Loss:0.3893 Cls reid Loss:6.5537 Pair Loss:0.0116 Center Loss:6.7388 KL Loss:479.3551 Recon Loss:0.0957 Acc:0.9815 Acc ReID:0.0007 
=> Test at epoch 22
==========Test with latent_z: z_c =========
Extracted features for query set, obtained torch.Size([2228, 128]) matrix
Extracted features for gallery set, obtained torch.Size([17661, 128]) matrix
Extracting features complete in 0m 7s
Distance computing in 0m 0s
Results ---------------------------------------------------
top1:84.4% top5:92.2% top10:94.2% top20:96.0% mAP:71.7%
-----------------------------------------------------------
Using 0m 2s
Classifier results ---------------------------------------------------
Query acc: 0.2% Gallery acc: 0.1% Total acc: 0.1%
ReID Classifier results ---------------------------------------------------
Query acc: 0.0% Gallery acc: 0.1% Total acc: 0.1%
==========Test with latent_z: new_z =========
Extracted features for query set, obtained torch.Size([2228, 1280]) matrix
Extracted features for gallery set, obtained torch.Size([17661, 1280]) matrix
Extracting features complete in 0m 5s
Distance computing in 0m 0s
Results ---------------------------------------------------
top1:87.3% top5:93.5% top10:95.2% top20:96.3% mAP:76.4%
-----------------------------------------------------------
Using 0m 3s
Classifier results ---------------------------------------------------
Query acc: 0.2% Gallery acc: 0.1% Total acc: 0.1%
ReID Classifier results ---------------------------------------------------
Query acc: 0.0% Gallery acc: 0.1% Total acc: 0.1%
Epoch:23 Time:17.8 Data:0.0 Loss:6.6319 Cls Loss:0.3899 Cls reid Loss:6.5537 Pair Loss:0.0106 Center Loss:6.6212 KL Loss:479.2939 Recon Loss:0.0957 Acc:0.9818 Acc ReID:0.0006 
=> Test at epoch 23
==========Test with latent_z: z_c =========
Extracted features for query set, obtained torch.Size([2228, 128]) matrix
Extracted features for gallery set, obtained torch.Size([17661, 128]) matrix
Extracting features complete in 0m 8s
Distance computing in 0m 0s
Results ---------------------------------------------------
top1:84.4% top5:92.2% top10:94.2% top20:96.0% mAP:71.7%
-----------------------------------------------------------
Using 0m 2s
Classifier results ---------------------------------------------------
Query acc: 0.2% Gallery acc: 0.1% Total acc: 0.1%
ReID Classifier results ---------------------------------------------------
Query acc: 0.0% Gallery acc: 0.1% Total acc: 0.1%
==========Test with latent_z: new_z =========
Extracted features for query set, obtained torch.Size([2228, 1280]) matrix
Extracted features for gallery set, obtained torch.Size([17661, 1280]) matrix
Extracting features complete in 0m 5s
Distance computing in 0m 0s
Results ---------------------------------------------------
top1:87.1% top5:93.4% top10:95.3% top20:96.5% mAP:76.4%
-----------------------------------------------------------
Using 0m 2s
Classifier results ---------------------------------------------------
Query acc: 0.2% Gallery acc: 0.1% Total acc: 0.1%
ReID Classifier results ---------------------------------------------------
Query acc: 0.0% Gallery acc: 0.1% Total acc: 0.1%
Epoch:24 Time:19.6 Data:0.0 Loss:6.5031 Cls Loss:0.3881 Cls reid Loss:6.5537 Pair Loss:0.0109 Center Loss:6.4922 KL Loss:479.4166 Recon Loss:0.0957 Acc:0.9821 Acc ReID:0.0005 
=> Test at epoch 24
==========Test with latent_z: z_c =========
Extracted features for query set, obtained torch.Size([2228, 128]) matrix
Extracted features for gallery set, obtained torch.Size([17661, 128]) matrix
Extracting features complete in 0m 6s
Distance computing in 0m 0s
Results ---------------------------------------------------
top1:84.4% top5:92.2% top10:94.2% top20:96.0% mAP:71.7%
-----------------------------------------------------------
Using 0m 2s
Classifier results ---------------------------------------------------
Query acc: 0.2% Gallery acc: 0.1% Total acc: 0.1%
ReID Classifier results ---------------------------------------------------
Query acc: 0.1% Gallery acc: 0.1% Total acc: 0.1%
==========Test with latent_z: new_z =========
Extracted features for query set, obtained torch.Size([2228, 1280]) matrix
Extracted features for gallery set, obtained torch.Size([17661, 1280]) matrix
Extracting features complete in 0m 5s
Distance computing in 0m 0s
Results ---------------------------------------------------
top1:87.1% top5:93.5% top10:95.3% top20:96.5% mAP:76.4%
-----------------------------------------------------------
Using 0m 2s
Classifier results ---------------------------------------------------
Query acc: 0.2% Gallery acc: 0.1% Total acc: 0.1%
ReID Classifier results ---------------------------------------------------
Query acc: 0.1% Gallery acc: 0.1% Total acc: 0.1%
Epoch:25 Time:19.2 Data:0.0 Loss:6.3890 Cls Loss:0.3889 Cls reid Loss:6.5537 Pair Loss:0.0113 Center Loss:6.3778 KL Loss:479.5372 Recon Loss:0.0957 Acc:0.9817 Acc ReID:0.0007 
=> Test at epoch 25
==========Test with latent_z: z_c =========
Extracted features for query set, obtained torch.Size([2228, 128]) matrix
Extracted features for gallery set, obtained torch.Size([17661, 128]) matrix
Extracting features complete in 0m 5s
Distance computing in 0m 0s
Results ---------------------------------------------------
top1:84.4% top5:92.2% top10:94.2% top20:96.0% mAP:71.7%
-----------------------------------------------------------
Using 0m 2s
Classifier results ---------------------------------------------------
Query acc: 0.2% Gallery acc: 0.1% Total acc: 0.1%
ReID Classifier results ---------------------------------------------------
Query acc: 0.0% Gallery acc: 0.1% Total acc: 0.1%
==========Test with latent_z: new_z =========
Extracted features for query set, obtained torch.Size([2228, 1280]) matrix
Extracted features for gallery set, obtained torch.Size([17661, 1280]) matrix
Extracting features complete in 0m 5s
Distance computing in 0m 1s
Results ---------------------------------------------------
top1:87.3% top5:93.4% top10:95.2% top20:96.4% mAP:76.4%
-----------------------------------------------------------
Using 0m 3s
Classifier results ---------------------------------------------------
Query acc: 0.2% Gallery acc: 0.1% Total acc: 0.1%
ReID Classifier results ---------------------------------------------------
Query acc: 0.0% Gallery acc: 0.1% Total acc: 0.1%
Epoch:26 Time:19.8 Data:0.0 Loss:6.2880 Cls Loss:0.3893 Cls reid Loss:6.5537 Pair Loss:0.0110 Center Loss:6.2770 KL Loss:479.4432 Recon Loss:0.0957 Acc:0.9819 Acc ReID:0.0006 
=> Test at epoch 26
==========Test with latent_z: z_c =========
Extracted features for query set, obtained torch.Size([2228, 128]) matrix
Extracted features for gallery set, obtained torch.Size([17661, 128]) matrix
Extracting features complete in 0m 5s
Distance computing in 0m 0s
Results ---------------------------------------------------
top1:84.4% top5:92.2% top10:94.2% top20:96.0% mAP:71.7%
-----------------------------------------------------------
Using 0m 2s
Classifier results ---------------------------------------------------
Query acc: 0.2% Gallery acc: 0.1% Total acc: 0.1%
ReID Classifier results ---------------------------------------------------
Query acc: 0.1% Gallery acc: 0.1% Total acc: 0.1%
==========Test with latent_z: new_z =========
Extracted features for query set, obtained torch.Size([2228, 1280]) matrix
Extracted features for gallery set, obtained torch.Size([17661, 1280]) matrix
Extracting features complete in 0m 4s
Distance computing in 0m 0s
Results ---------------------------------------------------
top1:87.0% top5:93.4% top10:95.2% top20:96.4% mAP:76.4%
-----------------------------------------------------------
Using 0m 2s
Classifier results ---------------------------------------------------
Query acc: 0.2% Gallery acc: 0.1% Total acc: 0.1%
ReID Classifier results ---------------------------------------------------
Query acc: 0.1% Gallery acc: 0.1% Total acc: 0.1%
Epoch:27 Time:19.1 Data:0.0 Loss:6.1803 Cls Loss:0.3889 Cls reid Loss:6.5537 Pair Loss:0.0113 Center Loss:6.1690 KL Loss:479.4571 Recon Loss:0.0957 Acc:0.9819 Acc ReID:0.0006 
=> Test at epoch 27
==========Test with latent_z: z_c =========
Extracted features for query set, obtained torch.Size([2228, 128]) matrix
Extracted features for gallery set, obtained torch.Size([17661, 128]) matrix
Extracting features complete in 0m 6s
Distance computing in 0m 0s
Results ---------------------------------------------------
top1:84.4% top5:92.2% top10:94.2% top20:96.0% mAP:71.7%
-----------------------------------------------------------
Using 0m 2s
Classifier results ---------------------------------------------------
Query acc: 0.2% Gallery acc: 0.1% Total acc: 0.1%
ReID Classifier results ---------------------------------------------------
Query acc: 0.1% Gallery acc: 0.1% Total acc: 0.1%
==========Test with latent_z: new_z =========
Extracted features for query set, obtained torch.Size([2228, 1280]) matrix
Extracted features for gallery set, obtained torch.Size([17661, 1280]) matrix
Extracting features complete in 0m 5s
Distance computing in 0m 1s
Results ---------------------------------------------------
top1:87.1% top5:93.3% top10:95.2% top20:96.4% mAP:76.3%
-----------------------------------------------------------
Using 0m 2s
Classifier results ---------------------------------------------------
Query acc: 0.2% Gallery acc: 0.1% Total acc: 0.1%
ReID Classifier results ---------------------------------------------------
Query acc: 0.1% Gallery acc: 0.1% Total acc: 0.1%
Epoch:28 Time:18.1 Data:0.0 Loss:6.0795 Cls Loss:0.3898 Cls reid Loss:6.5537 Pair Loss:0.0116 Center Loss:6.0680 KL Loss:479.4969 Recon Loss:0.0957 Acc:0.9819 Acc ReID:0.0006 
=> Test at epoch 28
==========Test with latent_z: z_c =========
Extracted features for query set, obtained torch.Size([2228, 128]) matrix
Extracted features for gallery set, obtained torch.Size([17661, 128]) matrix
Extracting features complete in 0m 7s
Distance computing in 0m 0s
Results ---------------------------------------------------
top1:84.4% top5:92.2% top10:94.2% top20:96.0% mAP:71.7%
-----------------------------------------------------------
Using 0m 2s
Classifier results ---------------------------------------------------
Query acc: 0.2% Gallery acc: 0.1% Total acc: 0.1%
ReID Classifier results ---------------------------------------------------
Query acc: 0.0% Gallery acc: 0.1% Total acc: 0.1%
==========Test with latent_z: new_z =========
Extracted features for query set, obtained torch.Size([2228, 1280]) matrix
Extracted features for gallery set, obtained torch.Size([17661, 1280]) matrix
Extracting features complete in 0m 6s
Distance computing in 0m 1s
Results ---------------------------------------------------
top1:87.3% top5:93.4% top10:95.1% top20:96.5% mAP:76.3%
-----------------------------------------------------------
Using 0m 2s
Classifier results ---------------------------------------------------
Query acc: 0.2% Gallery acc: 0.1% Total acc: 0.1%
ReID Classifier results ---------------------------------------------------
Query acc: 0.0% Gallery acc: 0.1% Total acc: 0.1%
Epoch:29 Time:19.7 Data:0.0 Loss:5.9792 Cls Loss:0.3891 Cls reid Loss:6.5537 Pair Loss:0.0120 Center Loss:5.9671 KL Loss:479.5652 Recon Loss:0.0957 Acc:0.9815 Acc ReID:0.0007 
=> Test at epoch 29
==========Test with latent_z: z_c =========
Extracted features for query set, obtained torch.Size([2228, 128]) matrix
Extracted features for gallery set, obtained torch.Size([17661, 128]) matrix
Extracting features complete in 0m 6s
Distance computing in 0m 0s
Results ---------------------------------------------------
top1:84.4% top5:92.2% top10:94.2% top20:96.0% mAP:71.7%
-----------------------------------------------------------
Using 0m 2s
Classifier results ---------------------------------------------------
Query acc: 0.2% Gallery acc: 0.1% Total acc: 0.1%
ReID Classifier results ---------------------------------------------------
Query acc: 0.0% Gallery acc: 0.1% Total acc: 0.1%
==========Test with latent_z: new_z =========
Extracted features for query set, obtained torch.Size([2228, 1280]) matrix
Extracted features for gallery set, obtained torch.Size([17661, 1280]) matrix
Extracting features complete in 0m 5s
Distance computing in 0m 0s
Results ---------------------------------------------------
top1:86.9% top5:93.4% top10:95.2% top20:96.5% mAP:76.3%
-----------------------------------------------------------
Using 0m 2s
Classifier results ---------------------------------------------------
Query acc: 0.2% Gallery acc: 0.1% Total acc: 0.1%
ReID Classifier results ---------------------------------------------------
Query acc: 0.0% Gallery acc: 0.1% Total acc: 0.1%
Epoch:30 Time:17.8 Data:0.0 Loss:5.8971 Cls Loss:0.3898 Cls reid Loss:6.5537 Pair Loss:0.0116 Center Loss:5.8855 KL Loss:479.4982 Recon Loss:0.0957 Acc:0.9814 Acc ReID:0.0007 
=> Test at epoch 30
==========Test with latent_z: z_c =========
Extracted features for query set, obtained torch.Size([2228, 128]) matrix
Extracted features for gallery set, obtained torch.Size([17661, 128]) matrix
Extracting features complete in 0m 7s
Distance computing in 0m 0s
Results ---------------------------------------------------
top1:84.4% top5:92.2% top10:94.2% top20:96.0% mAP:71.7%
-----------------------------------------------------------
Using 0m 2s
Classifier results ---------------------------------------------------
Query acc: 0.2% Gallery acc: 0.1% Total acc: 0.1%
ReID Classifier results ---------------------------------------------------
Query acc: 0.0% Gallery acc: 0.1% Total acc: 0.1%
==========Test with latent_z: new_z =========
Extracted features for query set, obtained torch.Size([2228, 1280]) matrix
Extracted features for gallery set, obtained torch.Size([17661, 1280]) matrix
Extracting features complete in 0m 5s
Distance computing in 0m 0s
Results ---------------------------------------------------
top1:87.0% top5:93.4% top10:95.2% top20:96.4% mAP:76.3%
-----------------------------------------------------------
Using 0m 2s
Classifier results ---------------------------------------------------
Query acc: 0.2% Gallery acc: 0.1% Total acc: 0.1%
ReID Classifier results ---------------------------------------------------
Query acc: 0.0% Gallery acc: 0.1% Total acc: 0.1%
Keep checkpoint file: checkpoint_ep30.pth.tar
=> Best Rank-1 87.8%, mAP 77.2% achieved at epoch 6
Finished. Total elapsed time (h:m:s): 0:18:39. Training time (h:m:s): 0:09:52.
Shutting down background jobs, please wait a moment...
Done!
Waiting for the remaining 16 operations to synchronize with Neptune. Do not kill this process.
All 16 operations synced, thanks for waiting!
Explore the metadata in the Neptune app:
https://app.neptune.ai/Zhengwei-Lab/MayCVAE/e/MAY-741/metadata
