https://app.neptune.ai/Zhengwei-Lab/MayCVAE/e/MAY-732
=> merge config from ./configs/base_duke/clipreid_cvae_kl.yaml
/home/zhengwei/Desktop/Zhengwei/Projects/CVAE/main.py:91: NeptuneUnsupportedType: You're attempting to log a type that is not directly supported by Neptune (<class 'list'>).
        Convert the value to a supported type, such as a string or float, or use stringify_unsupported(obj)
        for dictionaries or collections that contain unsupported values.
        For more, see https://docs.neptune.ai/help/value_of_unsupported_type
  run["parameters"] = param
=> Configurations:
-------------------------
AMP: True
AUG:
  RC_PROB: 0.5
  RE_PROB: 0.5
DATA:
  CUHK03_CLASSIC_SPLIT: False
  CUHK03_LABELED: False
  DATASET: duke
  FORMAT_TAG: tensor
  HEIGHT: 256
  NUM_INSTANCES: 4
  NUM_WORKERS: 4
  ROOT: /home/zhengwei/Desktop/Zhengwei/Projects/datasets
  SPLIT_ID: 0
  TEST_BATCH: 512
  TRAIN_BATCH: 64
  TRAIN_FORMAT: base
  WIDTH: 128
EVAL_MODE: False
GPU: 0
LOSS:
  CLA_LOSS: crossentropy
  CLA_M: 0.0
  CLA_S: 16.0
  PAIR_LOSS: triplet_wrt
  PAIR_M: 0.3
  PAIR_S: 16.0
  RECON_LOSS: mse
  USE_NCE: False
MODEL:
  CONDITIONAL: False
  FEATURE_DIM: 1280
  FEAT_FUSION: True
  FLOW_TYPE: 
  GAUSSIAN: MultivariateNormal
  HIDDEN_DIM: 256
  LATENT_SIZE: 64
  NAME: CVAE
  ONLY_CVAE_KL: False
  ONLY_X_INPUT: False
  PRETRAIN: CLIPreidNew
  RES4_STRIDE: 1
  RESUME: 
  STYLE_NUM: 0
  TRAIN_STAGE: klstage
  USE_CENTROID: False
  USE_TWO_ENCODER: True
  VAE_TYPE: SinpleVAE
  ZC_DIM: 128
  ZS_DIM: 64
OUTPUT: ./outputs/duke/clipreid_simplevae_base/2024-07-31/SimpleVAE+2E_128+64z_1e3_60+120_KLtotalZ_CLS_ReIDcenter+wrt
SAVED_NAME: SimpleVAE+2E_128+64z_1e3_60+120_KLtotalZ_CLS_ReIDcenter+wrt
SEED: 0
TAG: clipreid_simplevae_base
TEST:
  DISTANCE: cosine
  EVAL_STEP: 5
  START_EVAL: -1
TRAIN:
  AMP: False
  LR_SCHEDULER:
    DECAY_RATE: 0.1
    NAME: MultiStepLR
    STEPSIZE: [60]
  MAX_EPOCH: 120
  OPTIMIZER:
    LR: 0.001
    NAME: adam
    SGDLR: 0.01
    SGD_MOMENTUM: 0.9
    SGD_WEIGHT_DECAY: 0.0005
    WEIGHT_DECAY: 0.0001
  START_EPOCH: 0
----------------------
Initializing dataset dukeWarning: string series 'monitoring/591e6dea/stdout' value was longer than 1000 characters and was truncated. This warning is printed only once per series.

=> DukeMTMC-reID tensor loaded
Dataset statistics:
  ------------------------------
  subset   | # ids | # images
  ------------------------------
  train    |   702 |    16522
  query    |   702 |     2228
  gallery  |  1110 |    17661
  ------------------------------
  total    |  1404 |    36411
  ------------------------------
Initializing SinpleVAE model with 2 encoders
Model size: 12.21152M
[INFO] Register count_relu() for <class 'torch.nn.modules.activation.LeakyReLU'>.
[INFO] Register count_linear() for <class 'torch.nn.modules.linear.Linear'>.
[INFO] Register count_normalization() for <class 'torch.nn.modules.batchnorm.BatchNorm1d'>.
[INFO] Register zero_ops() for <class 'torch.nn.modules.activation.ReLU'>.
[INFO] Register zero_ops() for <class 'torch.nn.modules.dropout.Dropout'>.
[INFO] Register zero_ops() for <class 'torch.nn.modules.container.Sequential'>.
FLOPs: 0.75465G
Params: 11.78419M
Initialized classifier with feature_dim: 1280, num_classes: 702
Classifier size: 0.89926M
=> Start training
/home/zhengwei/Desktop/Zhengwei/Projects/CVAE/losses/triplet_loss.py:122: UserWarning: This overload of addmm_ is deprecated:
	addmm_(Number beta, Number alpha, Tensor mat1, Tensor mat2)
Consider using one of the following signatures instead:
	addmm_(Tensor mat1, Tensor mat2, *, Number beta, Number alpha) (Triggered internally at /opt/conda/conda-bld/pytorch_1670525539683/work/torch/csrc/utils/python_arg_parser.cpp:1420.)
  dist_mtx = dist_mtx.addmm_(1, -2, emb1, emb2.t())
Epoch:1 Time:38.5 Data:0.0 Loss:1017.7789 Cls Loss:6.3665 Cls reid Loss:6.5540 Pair Loss:6.2873 Center Loss:997.6240 KL Loss:7.2273 Recon Loss:0.2739 Acc:0.0503 Acc ReID:0.0009 
Epoch:2 Time:42.4 Data:0.0 Loss:443.5981 Cls Loss:5.3926 Cls reid Loss:6.5540 Pair Loss:0.4864 Center Loss:422.8449 KL Loss:14.7065 Recon Loss:0.1677 Acc:0.1537 Acc ReID:0.0011 
Epoch:3 Time:48.3 Data:0.0 Loss:235.3518 Cls Loss:4.3028 Cls reid Loss:6.5538 Pair Loss:0.3844 Center Loss:209.6559 KL Loss:20.8366 Recon Loss:0.1721 Acc:0.2875 Acc ReID:0.0012 
Epoch:4 Time:47.3 Data:0.0 Loss:133.1832 Cls Loss:3.8641 Cls reid Loss:6.5540 Pair Loss:0.3490 Center Loss:110.4352 KL Loss:18.3644 Recon Loss:0.1706 Acc:0.3466 Acc ReID:0.0011 
Epoch:5 Time:46.9 Data:0.0 Loss:73.2113 Cls Loss:4.0433 Cls reid Loss:6.5539 Pair Loss:0.3144 Center Loss:61.3638 KL Loss:7.3521 Recon Loss:0.1377 Acc:0.2586 Acc ReID:0.0015 
=> Test at epoch 5
==========Test with latent_z: z_c =========
Extracted features for query set, obtained torch.Size([2228, 128]) matrix
Extracted features for gallery set, obtained torch.Size([17661, 128]) matrix
Extracting features complete in 0m 10s
Distance computing in 0m 0s
Results ---------------------------------------------------
top1:83.8% top5:91.2% top10:93.4% top20:94.6% mAP:69.9%
-----------------------------------------------------------
Using 0m 3s
Classifier results ---------------------------------------------------
Query acc: 0.1% Gallery acc: 0.0% Total acc: 0.0%
ReID Classifier results ---------------------------------------------------
Query acc: 0.0% Gallery acc: 0.0% Total acc: 0.0%
==========Test with latent_z: new_z =========
Extracted features for query set, obtained torch.Size([2228, 1280]) matrix
Extracted features for gallery set, obtained torch.Size([17661, 1280]) matrix
Extracting features complete in 0m 10s
Distance computing in 0m 1s
Results ---------------------------------------------------
top1:86.0% top5:92.3% top10:94.3% top20:95.8% mAP:73.8%
-----------------------------------------------------------
Using 0m 3s
Classifier results ---------------------------------------------------
Query acc: 0.1% Gallery acc: 0.0% Total acc: 0.0%
ReID Classifier results ---------------------------------------------------
Query acc: 0.0% Gallery acc: 0.0% Total acc: 0.0%
Epoch:6 Time:47.5 Data:0.0 Loss:42.8484 Cls Loss:3.9117 Cls reid Loss:6.5539 Pair Loss:0.2665 Center Loss:35.2381 KL Loss:3.3164 Recon Loss:0.1157 Acc:0.2656 Acc ReID:0.0007 
Epoch:7 Time:44.8 Data:0.0 Loss:26.9996 Cls Loss:3.3854 Cls reid Loss:6.5539 Pair Loss:0.2154 Center Loss:20.0005 KL Loss:3.2869 Recon Loss:0.1114 Acc:0.3727 Acc ReID:0.0007 
Epoch:8 Time:46.8 Data:0.0 Loss:18.5272 Cls Loss:3.0824 Cls reid Loss:6.5539 Pair Loss:0.2060 Center Loss:12.0212 KL Loss:3.1050 Recon Loss:0.1128 Acc:0.4437 Acc ReID:0.0006 
Epoch:9 Time:47.2 Data:0.0 Loss:13.5645 Cls Loss:2.8596 Cls reid Loss:6.5539 Pair Loss:0.2009 Center Loss:7.4864 KL Loss:2.9026 Recon Loss:0.1149 Acc:0.4911 Acc ReID:0.0013 
Epoch:10 Time:107.5 Data:0.0 Loss:10.9424 Cls Loss:2.7082 Cls reid Loss:6.5539 Pair Loss:0.2049 Center Loss:4.9706 KL Loss:2.9426 Recon Loss:0.1161 Acc:0.5222 Acc ReID:0.0005 
=> Test at epoch 10
==========Test with latent_z: z_c =========
Extracted features for query set, obtained torch.Size([2228, 128]) matrix
Extracted features for gallery set, obtained torch.Size([17661, 128]) matrix
Extracting features complete in 0m 11s
Distance computing in 0m 0s
Results ---------------------------------------------------
top1:82.3% top5:90.4% top10:93.0% top20:94.6% mAP:67.9%
-----------------------------------------------------------
Using 0m 3s
Classifier results ---------------------------------------------------
Query acc: 0.0% Gallery acc: 0.0% Total acc: 0.0%
ReID Classifier results ---------------------------------------------------
Query acc: 0.1% Gallery acc: 0.1% Total acc: 0.1%
==========Test with latent_z: new_z =========
Extracted features for query set, obtained torch.Size([2228, 1280]) matrix
Extracted features for gallery set, obtained torch.Size([17661, 1280]) matrix
Extracting features complete in 0m 6s
Distance computing in 0m 1s
Results ---------------------------------------------------
top1:85.0% top5:92.6% top10:94.8% top20:95.9% mAP:73.6%
-----------------------------------------------------------
Using 0m 3s
Classifier results ---------------------------------------------------
Query acc: 0.0% Gallery acc: 0.0% Total acc: 0.0%
ReID Classifier results ---------------------------------------------------
Query acc: 0.1% Gallery acc: 0.1% Total acc: 0.1%
Epoch:11 Time:45.3 Data:0.0 Loss:8.7291 Cls Loss:2.5624 Cls reid Loss:6.5539 Pair Loss:0.2054 Center Loss:3.3295 KL Loss:2.5160 Recon Loss:0.1158 Acc:0.5626 Acc ReID:0.0010 
Epoch:12 Time:47.0 Data:0.0 Loss:7.4311 Cls Loss:2.4395 Cls reid Loss:6.5539 Pair Loss:0.2041 Center Loss:2.2703 KL Loss:2.4021 Recon Loss:0.1152 Acc:0.5797 Acc ReID:0.0009 
Epoch:13 Time:47.3 Data:0.0 Loss:7.2669 Cls Loss:2.3453 Cls reid Loss:6.5539 Pair Loss:0.2148 Center Loss:1.8282 KL Loss:2.7637 Recon Loss:0.1148 Acc:0.6009 Acc ReID:0.0009 
Epoch:14 Time:47.1 Data:0.0 Loss:6.6798 Cls Loss:2.2420 Cls reid Loss:6.5539 Pair Loss:0.2194 Center Loss:1.3930 KL Loss:2.7114 Recon Loss:0.1140 Acc:0.6241 Acc ReID:0.0005 
Epoch:15 Time:46.5 Data:0.0 Loss:5.8726 Cls Loss:2.1715 Cls reid Loss:6.5540 Pair Loss:0.2205 Center Loss:1.0455 KL Loss:2.3223 Recon Loss:0.1129 Acc:0.6334 Acc ReID:0.0017 
=> Test at epoch 15
==========Test with latent_z: z_c =========
Extracted features for query set, obtained torch.Size([2228, 128]) matrix
Extracted features for gallery set, obtained torch.Size([17661, 128]) matrix
Extracting features complete in 0m 8s
Distance computing in 0m 0s
Results ---------------------------------------------------
top1:83.7% top5:91.4% top10:93.8% top20:95.2% mAP:68.8%
-----------------------------------------------------------
Using 0m 4s
Classifier results ---------------------------------------------------
Query acc: 0.0% Gallery acc: 0.1% Total acc: 0.1%
ReID Classifier results ---------------------------------------------------
Query acc: 0.0% Gallery acc: 0.0% Total acc: 0.0%
==========Test with latent_z: new_z =========
Extracted features for query set, obtained torch.Size([2228, 1280]) matrix
Extracted features for gallery set, obtained torch.Size([17661, 1280]) matrix
Extracting features complete in 0m 7s
Distance computing in 0m 1s
Results ---------------------------------------------------
top1:84.3% top5:91.4% top10:93.6% top20:94.9% mAP:71.6%
-----------------------------------------------------------
Using 0m 3s
Classifier results ---------------------------------------------------
Query acc: 0.0% Gallery acc: 0.1% Total acc: 0.1%
ReID Classifier results ---------------------------------------------------
Query acc: 0.0% Gallery acc: 0.0% Total acc: 0.0%
Epoch:16 Time:45.6 Data:0.0 Loss:6.0533 Cls Loss:2.1000 Cls reid Loss:6.5540 Pair Loss:0.2289 Center Loss:0.9806 KL Loss:2.6318 Recon Loss:0.1119 Acc:0.6505 Acc ReID:0.0014 
Epoch:17 Time:47.2 Data:0.0 Loss:5.6420 Cls Loss:2.0380 Cls reid Loss:6.5540 Pair Loss:0.2306 Center Loss:0.7841 KL Loss:2.4781 Recon Loss:0.1112 Acc:0.6638 Acc ReID:0.0011 
Epoch:18 Time:47.5 Data:0.0 Loss:5.4680 Cls Loss:1.9759 Cls reid Loss:6.5540 Pair Loss:0.2373 Center Loss:0.7460 KL Loss:2.3985 Recon Loss:0.1103 Acc:0.6750 Acc ReID:0.0010 
Epoch:19 Time:47.5 Data:0.0 Loss:4.9397 Cls Loss:1.9132 Cls reid Loss:6.5540 Pair Loss:0.2387 Center Loss:0.6199 KL Loss:2.0591 Recon Loss:0.1089 Acc:0.6866 Acc ReID:0.0009 
Epoch:20 Time:81.1 Data:0.0 Loss:5.1370 Cls Loss:1.8568 Cls reid Loss:6.5540 Pair Loss:0.2441 Center Loss:0.6083 KL Loss:2.3193 Recon Loss:0.1085 Acc:0.6980 Acc ReID:0.0011 
=> Test at epoch 20
==========Test with latent_z: z_c =========
Extracted features for query set, obtained torch.Size([2228, 128]) matrix
Extracted features for gallery set, obtained torch.Size([17661, 128]) matrix
Extracting features complete in 0m 13s
Distance computing in 0m 0s
Results ---------------------------------------------------
top1:83.5% top5:90.3% top10:92.3% top20:94.6% mAP:69.0%
-----------------------------------------------------------
Using 0m 3s
Classifier results ---------------------------------------------------
Query acc: 0.1% Gallery acc: 0.1% Total acc: 0.1%
ReID Classifier results ---------------------------------------------------
Query acc: 0.1% Gallery acc: 0.1% Total acc: 0.1%
==========Test with latent_z: new_z =========
Extracted features for query set, obtained torch.Size([2228, 1280]) matrix
Extracted features for gallery set, obtained torch.Size([17661, 1280]) matrix
Extracting features complete in 0m 10s
Distance computing in 0m 1s
Results ---------------------------------------------------
top1:82.1% top5:90.5% top10:92.3% top20:94.1% mAP:67.3%
-----------------------------------------------------------
Using 0m 3s
Classifier results ---------------------------------------------------
Query acc: 0.1% Gallery acc: 0.1% Total acc: 0.1%
ReID Classifier results ---------------------------------------------------
Query acc: 0.1% Gallery acc: 0.1% Total acc: 0.1%
Epoch:21 Time:47.2 Data:0.0 Loss:4.9688 Cls Loss:1.8151 Cls reid Loss:6.5540 Pair Loss:0.2481 Center Loss:0.5801 KL Loss:2.2189 Recon Loss:0.1066 Acc:0.7070 Acc ReID:0.0007 
Epoch:22 Time:46.3 Data:0.0 Loss:4.6412 Cls Loss:1.7797 Cls reid Loss:6.5540 Pair Loss:0.2478 Center Loss:0.5048 KL Loss:2.0033 Recon Loss:0.1057 Acc:0.7057 Acc ReID:0.0012 
Epoch:23 Time:47.1 Data:0.0 Loss:4.9095 Cls Loss:1.7360 Cls reid Loss:6.5540 Pair Loss:0.2515 Center Loss:0.5116 KL Loss:2.3057 Recon Loss:0.1047 Acc:0.7174 Acc ReID:0.0010 
Epoch:24 Time:48.3 Data:0.0 Loss:4.6743 Cls Loss:1.7108 Cls reid Loss:6.5540 Pair Loss:0.2581 Center Loss:0.5226 KL Loss:2.0786 Recon Loss:0.1042 Acc:0.7209 Acc ReID:0.0012 
Epoch:25 Time:45.8 Data:0.0 Loss:4.7149 Cls Loss:1.6748 Cls reid Loss:6.5540 Pair Loss:0.2639 Center Loss:0.5498 KL Loss:2.1226 Recon Loss:0.1038 Acc:0.7234 Acc ReID:0.0009 
=> Test at epoch 25
==========Test with latent_z: z_c =========
Extracted features for query set, obtained torch.Size([2228, 128]) matrix
Extracted features for gallery set, obtained torch.Size([17661, 128]) matrix
Extracting features complete in 0m 8s
Distance computing in 0m 0s
Results ---------------------------------------------------
top1:83.3% top5:91.2% top10:93.1% top20:95.1% mAP:70.4%
-----------------------------------------------------------
Using 0m 3s
Classifier results ---------------------------------------------------
Query acc: 0.0% Gallery acc: 0.1% Total acc: 0.1%
ReID Classifier results ---------------------------------------------------
Query acc: 0.0% Gallery acc: 0.0% Total acc: 0.0%
==========Test with latent_z: new_z =========
Extracted features for query set, obtained torch.Size([2228, 1280]) matrix
Extracted features for gallery set, obtained torch.Size([17661, 1280]) matrix
Extracting features complete in 0m 9s
Distance computing in 0m 1s
Results ---------------------------------------------------
top1:80.7% top5:89.3% top10:91.4% top20:93.4% mAP:65.7%
-----------------------------------------------------------
Using 0m 3s
Classifier results ---------------------------------------------------
Query acc: 0.0% Gallery acc: 0.1% Total acc: 0.1%
ReID Classifier results ---------------------------------------------------
Query acc: 0.0% Gallery acc: 0.0% Total acc: 0.0%
Epoch:26 Time:47.4 Data:0.0 Loss:4.5633 Cls Loss:1.6634 Cls reid Loss:6.5540 Pair Loss:0.2621 Center Loss:0.4972 KL Loss:2.0382 Recon Loss:0.1022 Acc:0.7209 Acc ReID:0.0007 
Epoch:27 Time:48.9 Data:0.0 Loss:4.6668 Cls Loss:1.6088 Cls reid Loss:6.5540 Pair Loss:0.2615 Center Loss:0.4524 KL Loss:2.2425 Recon Loss:0.1017 Acc:0.7381 Acc ReID:0.0010 
Epoch:28 Time:48.2 Data:0.0 Loss:4.4514 Cls Loss:1.5966 Cls reid Loss:6.5540 Pair Loss:0.2656 Center Loss:0.4696 KL Loss:2.0185 Recon Loss:0.1010 Acc:0.7340 Acc ReID:0.0014 
Epoch:29 Time:48.9 Data:0.0 Loss:4.3197 Cls Loss:1.5626 Cls reid Loss:6.5540 Pair Loss:0.2650 Center Loss:0.4453 KL Loss:1.9473 Recon Loss:0.0995 Acc:0.7379 Acc ReID:0.0009 
Epoch:30 Time:79.8 Data:0.0 Loss:4.4546 Cls Loss:1.5427 Cls reid Loss:6.5540 Pair Loss:0.2666 Center Loss:0.4514 KL Loss:2.0954 Recon Loss:0.0986 Acc:0.7436 Acc ReID:0.0014 
=> Test at epoch 30
==========Test with latent_z: z_c =========
Extracted features for query set, obtained torch.Size([2228, 128]) matrix
Extracted features for gallery set, obtained torch.Size([17661, 128]) matrix
Extracting features complete in 0m 9s
Distance computing in 0m 0s
Results ---------------------------------------------------
top1:83.3% top5:91.2% top10:93.5% top20:95.1% mAP:70.7%
-----------------------------------------------------------
Using 0m 3s
Classifier results ---------------------------------------------------
Query acc: 0.0% Gallery acc: 0.0% Total acc: 0.0%
ReID Classifier results ---------------------------------------------------
Query acc: 0.0% Gallery acc: 0.0% Total acc: 0.0%
==========Test with latent_z: new_z =========
Extracted features for query set, obtained torch.Size([2228, 1280]) matrix
Extracted features for gallery set, obtained torch.Size([17661, 1280]) matrix
Extracting features complete in 0m 9s
Distance computing in 0m 1s
Results ---------------------------------------------------
top1:79.0% top5:87.7% top10:90.6% top20:92.8% mAP:62.0%
-----------------------------------------------------------
Using 0m 3s
Classifier results ---------------------------------------------------
Query acc: 0.0% Gallery acc: 0.0% Total acc: 0.0%
ReID Classifier results ---------------------------------------------------
Query acc: 0.0% Gallery acc: 0.0% Total acc: 0.0%
Epoch:31 Time:48.5 Data:0.0 Loss:4.2447 Cls Loss:1.5047 Cls reid Loss:6.5540 Pair Loss:0.2682 Center Loss:0.4602 KL Loss:1.9133 Recon Loss:0.0983 Acc:0.7475 Acc ReID:0.0009 
Epoch:32 Time:47.4 Data:0.0 Loss:4.0438 Cls Loss:1.4628 Cls reid Loss:6.5540 Pair Loss:0.2648 Center Loss:0.4137 KL Loss:1.8052 Recon Loss:0.0972 Acc:0.7574 Acc ReID:0.0009 
Epoch:33 Time:46.3 Data:0.0 Loss:3.9463 Cls Loss:1.4497 Cls reid Loss:6.5540 Pair Loss:0.2672 Center Loss:0.4107 KL Loss:1.7224 Recon Loss:0.0963 Acc:0.7558 Acc ReID:0.0014 
Epoch:34 Time:46.9 Data:0.0 Loss:3.8951 Cls Loss:1.4288 Cls reid Loss:6.5540 Pair Loss:0.2692 Center Loss:0.4116 KL Loss:1.6891 Recon Loss:0.0964 Acc:0.7570 Acc ReID:0.0009 
Epoch:35 Time:44.4 Data:0.0 Loss:4.0696 Cls Loss:1.4205 Cls reid Loss:6.5540 Pair Loss:0.2721 Center Loss:0.4553 KL Loss:1.8256 Recon Loss:0.0962 Acc:0.7571 Acc ReID:0.0007 
=> Test at epoch 35
==========Test with latent_z: z_c =========
Extracted features for query set, obtained torch.Size([2228, 128]) matrix
Extracted features for gallery set, obtained torch.Size([17661, 128]) matrix
Extracting features complete in 0m 6s
Distance computing in 0m 0s
Results ---------------------------------------------------
top1:83.6% top5:91.4% top10:93.3% top20:95.4% mAP:70.6%
-----------------------------------------------------------
Using 0m 3s
Classifier results ---------------------------------------------------
Query acc: 0.0% Gallery acc: 0.1% Total acc: 0.1%
ReID Classifier results ---------------------------------------------------
Query acc: 0.0% Gallery acc: 0.0% Total acc: 0.0%
==========Test with latent_z: new_z =========
Extracted features for query set, obtained torch.Size([2228, 1280]) matrix
Extracted features for gallery set, obtained torch.Size([17661, 1280]) matrix
Extracting features complete in 0m 7s
Distance computing in 0m 1s
Results ---------------------------------------------------
top1:77.6% top5:86.7% top10:89.8% top20:92.3% mAP:60.6%
-----------------------------------------------------------
Using 0m 3s
Classifier results ---------------------------------------------------
Query acc: 0.0% Gallery acc: 0.1% Total acc: 0.1%
ReID Classifier results ---------------------------------------------------
Query acc: 0.0% Gallery acc: 0.0% Total acc: 0.0%
Epoch:36 Time:48.7 Data:0.0 Loss:4.0009 Cls Loss:1.4169 Cls reid Loss:6.5540 Pair Loss:0.2665 Center Loss:0.3912 KL Loss:1.8310 Recon Loss:0.0953 Acc:0.7586 Acc ReID:0.0014 
