https://app.neptune.ai/Zhengwei-Lab/MayCVAE/e/MAY-733
=> merge config from ./configs/base_duke/clipreid_cvae_kl.yaml
/home/zhengwei/Desktop/Zhengwei/Projects/CVAE/main.py:91: NeptuneUnsupportedType: You're attempting to log a type that is not directly supported by Neptune (<class 'list'>).
        Convert the value to a supported type, such as a string or float, or use stringify_unsupported(obj)
        for dictionaries or collections that contain unsupported values.
        For more, see https://docs.neptune.ai/help/value_of_unsupported_type
  run["parameters"] = param
=> Configurations:
-------------------------
AMP: True
AUG:
  RC_PROB: 0.5
  RE_PROB: 0.5
DATA:
  CUHK03_CLASSIC_SPLIT: False
  CUHK03_LABELED: False
  DATASET: duke
  FORMAT_TAG: tensor
  HEIGHT: 256
  NUM_INSTANCES: 4
  NUM_WORKERS: 4
  ROOT: /home/zhengwei/Desktop/Zhengwei/Projects/datasets
  SPLIT_ID: 0
  TEST_BATCH: 512
  TRAIN_BATCH: 64
  TRAIN_FORMAT: base
  WIDTH: 128
EVAL_MODE: False
GPU: 0
LOSS:
  CLA_LOSS: crossentropy
  CLA_M: 0.0
  CLA_S: 16.0
  PAIR_LOSS: triplet_wrt
  PAIR_M: 0.3
  PAIR_S: 16.0
  RECON_LOSS: mse
  USE_NCE: False
MODEL:
  CONDITIONAL: False
  FEATURE_DIM: 1280
  FEAT_FUSION: True
  FLOW_TYPE: 
  GAUSSIAN: MultivariateNormal
  HIDDEN_DIM: 256
  LATENT_SIZE: 64
  NAME: CVAE
  ONLY_CVAE_KL: False
  ONLY_X_INPUT: False
  PRETRAIN: CLIPreidNew
  RES4_STRIDE: 1
  RESUME: 
  STYLE_NUM: 0
  TRAIN_STAGE: kl_reid_stage
  USE_CENTROID: False
  USE_TWO_ENCODER: True
  VAE_TYPE: SinpleVAE
  ZC_DIM: 128
  ZS_DIM: 64
OUTPUT: ./outputs/duke/clipreid_simplevae_base/2024-07-31/SimpleVAE+2E_128+64z_1e3_60+120_KLtotalZ_ReIDcenter+wrt
SAVED_NAME: SimpleVAE+2E_128+64z_1e3_60+120_KLtotalZ_ReIDcenter+wrt
SEED: 0
TAG: clipreid_simplevae_base
TEST:
  DISTANCE: cosine
  EVAL_STEP: 5
  START_EVAL: -1
TRAIN:
  AMP: False
  LR_SCHEDULER:
    DECAY_RATE: 0.1
    NAME: MultiStepLR
    STEPSIZE: [60]
  MAX_EPOCH: 120
  OPTIMIZER:
    LR: 0.001
    NAME: adam
    SGDLR: 0.01
    SGD_MOMENTUM: 0.9
    SGD_WEIGHT_DECAY: 0.0005
    WEIGHT_DECAY: 0.0001
  START_EPOCH: 0
----------------------
Initializing dataset duke
Warning: string series 'monitoring/8b51a89d/stdout' value was longer than 1000 characters and was truncated. This warning is printed only once per series.
=> DukeMTMC-reID tensor loaded
Dataset statistics:
  ------------------------------
  subset   | # ids | # images
  ------------------------------
  train    |   702 |    16522
  query    |   702 |     2228
  gallery  |  1110 |    17661
  ------------------------------
  total    |  1404 |    36411
  ------------------------------
Initializing SinpleVAE model with 2 encoders
Model size: 12.21152M
[INFO] Register count_relu() for <class 'torch.nn.modules.activation.LeakyReLU'>.
[INFO] Register count_linear() for <class 'torch.nn.modules.linear.Linear'>.
[INFO] Register count_normalization() for <class 'torch.nn.modules.batchnorm.BatchNorm1d'>.
[INFO] Register zero_ops() for <class 'torch.nn.modules.activation.ReLU'>.
[INFO] Register zero_ops() for <class 'torch.nn.modules.dropout.Dropout'>.
[INFO] Register zero_ops() for <class 'torch.nn.modules.container.Sequential'>.
FLOPs: 0.75465G
Params: 11.78419M
Initialized classifier with feature_dim: 1280, num_classes: 702
Classifier size: 0.89926M
=> Start training
/home/zhengwei/Desktop/Zhengwei/Projects/CVAE/losses/triplet_loss.py:122: UserWarning: This overload of addmm_ is deprecated:
	addmm_(Number beta, Number alpha, Tensor mat1, Tensor mat2)
Consider using one of the following signatures instead:
	addmm_(Tensor mat1, Tensor mat2, *, Number beta, Number alpha) (Triggered internally at /opt/conda/conda-bld/pytorch_1670525539683/work/torch/csrc/utils/python_arg_parser.cpp:1420.)
  dist_mtx = dist_mtx.addmm_(1, -2, emb1, emb2.t())
Epoch:1 Time:38.2 Data:0.0 Loss:1011.8221 Cls Loss:6.5686 Cls reid Loss:6.5540 Pair Loss:6.2878 Center Loss:997.5058 KL Loss:7.7547 Recon Loss:0.2738 Acc:0.0015 Acc ReID:0.0007 
Epoch:2 Time:42.4 Data:0.0 Loss:441.1766 Cls Loss:6.5678 Cls reid Loss:6.5540 Pair Loss:0.5062 Center Loss:424.0581 KL Loss:16.4437 Recon Loss:0.1686 Acc:0.0011 Acc ReID:0.0010 
Epoch:3 Time:47.9 Data:0.0 Loss:231.9117 Cls Loss:6.5662 Cls reid Loss:6.5539 Pair Loss:0.4050 Center Loss:209.1340 KL Loss:22.2021 Recon Loss:0.1707 Acc:0.0018 Acc ReID:0.0010 
Epoch:4 Time:47.1 Data:0.0 Loss:130.5938 Cls Loss:6.5682 Cls reid Loss:6.5539 Pair Loss:0.3784 Center Loss:110.8506 KL Loss:19.1991 Recon Loss:0.1658 Acc:0.0013 Acc ReID:0.0009 
Epoch:5 Time:47.0 Data:0.0 Loss:68.1590 Cls Loss:6.5693 Cls reid Loss:6.5539 Pair Loss:0.3410 Center Loss:61.6094 KL Loss:6.0785 Recon Loss:0.1302 Acc:0.0017 Acc ReID:0.0009 
=> Test at epoch 5
==========Test with latent_z: z_c =========
Extracted features for query set, obtained torch.Size([2228, 128]) matrix
Extracted features for gallery set, obtained torch.Size([17661, 128]) matrix
Extracting features complete in 0m 10s
Distance computing in 0m 1s
Results ---------------------------------------------------
top1:85.1% top5:91.7% top10:93.5% top20:95.4% mAP:71.3%
-----------------------------------------------------------
Using 0m 3s
Classifier results ---------------------------------------------------
Query acc: 0.0% Gallery acc: 0.0% Total acc: 0.0%
ReID Classifier results ---------------------------------------------------
Query acc: 0.0% Gallery acc: 0.0% Total acc: 0.0%
==========Test with latent_z: new_z =========
Extracted features for query set, obtained torch.Size([2228, 1280]) matrix
Extracted features for gallery set, obtained torch.Size([17661, 1280]) matrix
Extracting features complete in 0m 11s
Distance computing in 0m 2s
Results ---------------------------------------------------
top1:85.2% top5:92.4% top10:94.6% top20:95.7% mAP:72.8%
-----------------------------------------------------------
Using 0m 3s
Classifier results ---------------------------------------------------
Query acc: 0.0% Gallery acc: 0.0% Total acc: 0.0%
ReID Classifier results ---------------------------------------------------
Query acc: 0.0% Gallery acc: 0.0% Total acc: 0.0%
Epoch:6 Time:47.2 Data:0.0 Loss:37.2454 Cls Loss:6.5669 Cls reid Loss:6.5539 Pair Loss:0.2538 Center Loss:33.8876 KL Loss:2.9890 Recon Loss:0.1151 Acc:0.0020 Acc ReID:0.0010 
Epoch:7 Time:44.2 Data:0.0 Loss:22.4539 Cls Loss:6.5645 Cls reid Loss:6.5539 Pair Loss:0.2175 Center Loss:19.4405 KL Loss:2.6841 Recon Loss:0.1119 Acc:0.0011 Acc ReID:0.0011 
Epoch:8 Time:46.7 Data:0.0 Loss:14.5675 Cls Loss:6.5637 Cls reid Loss:6.5539 Pair Loss:0.2077 Center Loss:11.7204 KL Loss:2.5277 Recon Loss:0.1117 Acc:0.0012 Acc ReID:0.0010 
Epoch:9 Time:47.5 Data:0.0 Loss:9.5175 Cls Loss:6.5650 Cls reid Loss:6.5539 Pair Loss:0.2014 Center Loss:7.2670 KL Loss:1.9362 Recon Loss:0.1130 Acc:0.0014 Acc ReID:0.0008 
Epoch:10 Time:106.6 Data:0.0 Loss:7.1452 Cls Loss:6.5647 Cls reid Loss:6.5539 Pair Loss:0.1997 Center Loss:4.7415 KL Loss:2.0912 Recon Loss:0.1129 Acc:0.0011 Acc ReID:0.0010 
=> Test at epoch 10
==========Test with latent_z: z_c =========
Extracted features for query set, obtained torch.Size([2228, 128]) matrix
Extracted features for gallery set, obtained torch.Size([17661, 128]) matrix
Extracting features complete in 0m 10s
Distance computing in 0m 0s
Results ---------------------------------------------------
top1:83.6% top5:90.8% top10:93.0% top20:94.7% mAP:68.5%
-----------------------------------------------------------
Using 0m 3s
Classifier results ---------------------------------------------------
Query acc: 0.1% Gallery acc: 0.1% Total acc: 0.1%
ReID Classifier results ---------------------------------------------------
Query acc: 0.0% Gallery acc: 0.1% Total acc: 0.0%
==========Test with latent_z: new_z =========
Extracted features for query set, obtained torch.Size([2228, 1280]) matrix
Extracted features for gallery set, obtained torch.Size([17661, 1280]) matrix
Extracting features complete in 0m 6s
Distance computing in 0m 1s
Results ---------------------------------------------------
top1:86.0% top5:92.6% top10:94.5% top20:95.9% mAP:74.4%
-----------------------------------------------------------
Using 0m 3s
Classifier results ---------------------------------------------------
Query acc: 0.1% Gallery acc: 0.1% Total acc: 0.1%
ReID Classifier results ---------------------------------------------------
Query acc: 0.0% Gallery acc: 0.1% Total acc: 0.0%
Epoch:11 Time:43.8 Data:0.0 Loss:6.0646 Cls Loss:6.5654 Cls reid Loss:6.5539 Pair Loss:0.2111 Center Loss:3.3858 KL Loss:2.3550 Recon Loss:0.1126 Acc:0.0014 Acc ReID:0.0007 
Epoch:12 Time:46.4 Data:0.0 Loss:4.7079 Cls Loss:6.5659 Cls reid Loss:6.5539 Pair Loss:0.2141 Center Loss:2.3317 KL Loss:2.0515 Recon Loss:0.1106 Acc:0.0015 Acc ReID:0.0011 
Epoch:13 Time:46.5 Data:0.0 Loss:3.7526 Cls Loss:6.5668 Cls reid Loss:6.5539 Pair Loss:0.2139 Center Loss:1.6886 KL Loss:1.7426 Recon Loss:0.1075 Acc:0.0010 Acc ReID:0.0009 
Epoch:14 Time:46.7 Data:0.0 Loss:3.6427 Cls Loss:6.5692 Cls reid Loss:6.5539 Pair Loss:0.2199 Center Loss:1.3411 KL Loss:1.9761 Recon Loss:0.1055 Acc:0.0014 Acc ReID:0.0003 
Epoch:15 Time:47.1 Data:0.0 Loss:2.9596 Cls Loss:6.5690 Cls reid Loss:6.5539 Pair Loss:0.2198 Center Loss:1.0074 KL Loss:1.6289 Recon Loss:0.1035 Acc:0.0013 Acc ReID:0.0011 
=> Test at epoch 15
==========Test with latent_z: z_c =========
Extracted features for query set, obtained torch.Size([2228, 128]) matrix
Extracted features for gallery set, obtained torch.Size([17661, 128]) matrix
Extracting features complete in 0m 7s
Distance computing in 0m 0s
Results ---------------------------------------------------
top1:83.3% top5:90.7% top10:93.0% top20:94.7% mAP:67.4%
-----------------------------------------------------------
Using 0m 3s
Classifier results ---------------------------------------------------
Query acc: 0.0% Gallery acc: 0.1% Total acc: 0.1%
ReID Classifier results ---------------------------------------------------
Query acc: 0.0% Gallery acc: 0.0% Total acc: 0.0%
==========Test with latent_z: new_z =========
Extracted features for query set, obtained torch.Size([2228, 1280]) matrix
Extracted features for gallery set, obtained torch.Size([17661, 1280]) matrix
Extracting features complete in 0m 9s
Distance computing in 0m 1s
Results ---------------------------------------------------
top1:85.1% top5:92.1% top10:93.6% top20:95.3% mAP:72.0%
-----------------------------------------------------------
Using 0m 3s
Classifier results ---------------------------------------------------
Query acc: 0.0% Gallery acc: 0.1% Total acc: 0.1%
ReID Classifier results ---------------------------------------------------
Query acc: 0.0% Gallery acc: 0.0% Total acc: 0.0%
Epoch:16 Time:43.1 Data:0.0 Loss:2.9367 Cls Loss:6.5688 Cls reid Loss:6.5539 Pair Loss:0.2243 Center Loss:0.8774 KL Loss:1.7327 Recon Loss:0.1023 Acc:0.0017 Acc ReID:0.0013 
Epoch:17 Time:45.6 Data:0.0 Loss:2.8258 Cls Loss:6.5691 Cls reid Loss:6.5539 Pair Loss:0.2264 Center Loss:0.7485 KL Loss:1.7504 Recon Loss:0.1004 Acc:0.0013 Acc ReID:0.0010 
Epoch:18 Time:46.6 Data:0.0 Loss:2.5887 Cls Loss:6.5674 Cls reid Loss:6.5539 Pair Loss:0.2287 Center Loss:0.6447 KL Loss:1.6172 Recon Loss:0.0981 Acc:0.0013 Acc ReID:0.0007 
Epoch:19 Time:46.5 Data:0.0 Loss:2.6683 Cls Loss:6.5715 Cls reid Loss:6.5539 Pair Loss:0.2337 Center Loss:0.6065 KL Loss:1.7315 Recon Loss:0.0966 Acc:0.0015 Acc ReID:0.0007 
Epoch:20 Time:82.6 Data:0.0 Loss:2.4589 Cls Loss:6.5681 Cls reid Loss:6.5539 Pair Loss:0.2387 Center Loss:0.5966 KL Loss:1.5288 Recon Loss:0.0948 Acc:0.0009 Acc ReID:0.0009 
=> Test at epoch 20
==========Test with latent_z: z_c =========
Extracted features for query set, obtained torch.Size([2228, 128]) matrix
Extracted features for gallery set, obtained torch.Size([17661, 128]) matrix
Extracting features complete in 0m 10s
Distance computing in 0m 0s
Results ---------------------------------------------------
top1:83.6% top5:90.4% top10:92.5% top20:94.6% mAP:68.5%
-----------------------------------------------------------
Using 0m 3s
Classifier results ---------------------------------------------------
Query acc: 0.0% Gallery acc: 0.0% Total acc: 0.0%
ReID Classifier results ---------------------------------------------------
Query acc: 0.0% Gallery acc: 0.0% Total acc: 0.0%
==========Test with latent_z: new_z =========
Extracted features for query set, obtained torch.Size([2228, 1280]) matrix
Extracted features for gallery set, obtained torch.Size([17661, 1280]) matrix
Extracting features complete in 0m 9s
Distance computing in 0m 1s
Results ---------------------------------------------------
top1:83.1% top5:89.9% top10:92.8% top20:94.4% mAP:68.1%
-----------------------------------------------------------
Using 0m 3s
Classifier results ---------------------------------------------------
Query acc: 0.0% Gallery acc: 0.0% Total acc: 0.0%
ReID Classifier results ---------------------------------------------------
Query acc: 0.0% Gallery acc: 0.0% Total acc: 0.0%
Epoch:21 Time:42.1 Data:0.0 Loss:2.1751 Cls Loss:6.5677 Cls reid Loss:6.5539 Pair Loss:0.2383 Center Loss:0.5137 KL Loss:1.3305 Recon Loss:0.0925 Acc:0.0014 Acc ReID:0.0011 
Epoch:22 Time:47.0 Data:0.0 Loss:2.2442 Cls Loss:6.5668 Cls reid Loss:6.5539 Pair Loss:0.2439 Center Loss:0.5242 KL Loss:1.3844 Recon Loss:0.0917 Acc:0.0016 Acc ReID:0.0011 
Epoch:23 Time:47.0 Data:0.0 Loss:2.0485 Cls Loss:6.5668 Cls reid Loss:6.5539 Pair Loss:0.2423 Center Loss:0.4575 KL Loss:1.2587 Recon Loss:0.0901 Acc:0.0012 Acc ReID:0.0006 
Epoch:24 Time:46.5 Data:0.0 Loss:2.0499 Cls Loss:6.5652 Cls reid Loss:6.5539 Pair Loss:0.2436 Center Loss:0.4503 KL Loss:1.2675 Recon Loss:0.0885 Acc:0.0014 Acc ReID:0.0010 
Epoch:25 Time:47.7 Data:0.0 Loss:1.9814 Cls Loss:6.5653 Cls reid Loss:6.5539 Pair Loss:0.2439 Center Loss:0.4318 KL Loss:1.2182 Recon Loss:0.0875 Acc:0.0014 Acc ReID:0.0010 
=> Test at epoch 25
==========Test with latent_z: z_c =========
Extracted features for query set, obtained torch.Size([2228, 128]) matrix
Extracted features for gallery set, obtained torch.Size([17661, 128]) matrix
Extracting features complete in 0m 9s
Distance computing in 0m 1s
Results ---------------------------------------------------
top1:83.1% top5:90.0% top10:91.9% top20:93.5% mAP:67.9%
-----------------------------------------------------------
Using 0m 3s
Classifier results ---------------------------------------------------
Query acc: 0.0% Gallery acc: 0.0% Total acc: 0.0%
ReID Classifier results ---------------------------------------------------
Query acc: 0.0% Gallery acc: 0.0% Total acc: 0.0%
==========Test with latent_z: new_z =========
Extracted features for query set, obtained torch.Size([2228, 1280]) matrix
Extracted features for gallery set, obtained torch.Size([17661, 1280]) matrix
Extracting features complete in 0m 7s
Distance computing in 0m 1s
Results ---------------------------------------------------
top1:82.0% top5:90.2% top10:92.1% top20:93.9% mAP:67.1%
-----------------------------------------------------------
Using 0m 3s
Classifier results ---------------------------------------------------
Query acc: 0.0% Gallery acc: 0.0% Total acc: 0.0%
ReID Classifier results ---------------------------------------------------
Query acc: 0.0% Gallery acc: 0.0% Total acc: 0.0%
Epoch:26 Time:40.2 Data:0.0 Loss:2.0764 Cls Loss:6.5631 Cls reid Loss:6.5539 Pair Loss:0.2503 Center Loss:0.4646 KL Loss:1.2748 Recon Loss:0.0868 Acc:0.0017 Acc ReID:0.0009 
Epoch:27 Time:48.1 Data:0.0 Loss:2.0627 Cls Loss:6.5652 Cls reid Loss:6.5539 Pair Loss:0.2509 Center Loss:0.4487 KL Loss:1.2774 Recon Loss:0.0857 Acc:0.0014 Acc ReID:0.0012 
Epoch:28 Time:48.0 Data:0.0 Loss:2.1290 Cls Loss:6.5613 Cls reid Loss:6.5539 Pair Loss:0.2516 Center Loss:0.4329 KL Loss:1.3596 Recon Loss:0.0848 Acc:0.0017 Acc ReID:0.0010 
Epoch:29 Time:49.3 Data:0.0 Loss:1.9028 Cls Loss:6.5663 Cls reid Loss:6.5539 Pair Loss:0.2487 Center Loss:0.3922 KL Loss:1.1783 Recon Loss:0.0835 Acc:0.0011 Acc ReID:0.0013 
/home/zhengwei/anaconda3/envs/yzwT2V/lib/python3.9/site-packages/numpy/lib/function_base.py:2853: RuntimeWarning: invalid value encountered in divide
  c /= stddev[:, None]
/home/zhengwei/anaconda3/envs/yzwT2V/lib/python3.9/site-packages/numpy/lib/function_base.py:2854: RuntimeWarning: invalid value encountered in divide
  c /= stddev[None, :]
Epoch:30 Time:84.6 Data:0.0 Loss:1.7638 Cls Loss:6.5634 Cls reid Loss:6.5539 Pair Loss:0.2503 Center Loss:0.4065 KL Loss:1.0244 Recon Loss:0.0826 Acc:0.0013 Acc ReID:0.0016 
=> Test at epoch 30
==========Test with latent_z: z_c =========
Extracted features for query set, obtained torch.Size([2228, 128]) matrix
Extracted features for gallery set, obtained torch.Size([17661, 128]) matrix
Extracting features complete in 0m 11s
Distance computing in 0m 0s
Results ---------------------------------------------------
top1:84.2% top5:90.7% top10:93.0% top20:94.8% mAP:69.5%
-----------------------------------------------------------
Using 0m 3s
Classifier results ---------------------------------------------------
Query acc: 0.1% Gallery acc: 0.1% Total acc: 0.1%
ReID Classifier results ---------------------------------------------------
Query acc: 0.0% Gallery acc: 0.0% Total acc: 0.0%
==========Test with latent_z: new_z =========
Extracted features for query set, obtained torch.Size([2228, 1280]) matrix
Extracted features for gallery set, obtained torch.Size([17661, 1280]) matrix
Extracting features complete in 0m 8s
Distance computing in 0m 1s
Results ---------------------------------------------------
top1:80.7% top5:89.1% top10:91.3% top20:93.2% mAP:65.5%
-----------------------------------------------------------
Using 0m 3s
Classifier results ---------------------------------------------------
Query acc: 0.1% Gallery acc: 0.1% Total acc: 0.1%
ReID Classifier results ---------------------------------------------------
Query acc: 0.0% Gallery acc: 0.0% Total acc: 0.0%
Epoch:31 Time:40.6 Data:0.0 Loss:1.7749 Cls Loss:6.5659 Cls reid Loss:6.5539 Pair Loss:0.2488 Center Loss:0.3817 KL Loss:1.0621 Recon Loss:0.0823 Acc:0.0017 Acc ReID:0.0014 
Epoch:32 Time:47.7 Data:0.0 Loss:1.9234 Cls Loss:6.5652 Cls reid Loss:6.5539 Pair Loss:0.2515 Center Loss:0.4099 KL Loss:1.1804 Recon Loss:0.0817 Acc:0.0015 Acc ReID:0.0013 
Epoch:33 Time:47.3 Data:0.0 Loss:1.7407 Cls Loss:6.5670 Cls reid Loss:6.5539 Pair Loss:0.2485 Center Loss:0.3638 KL Loss:1.0472 Recon Loss:0.0811 Acc:0.0011 Acc ReID:0.0010 
Epoch:34 Time:47.2 Data:0.0 Loss:1.7075 Cls Loss:6.5691 Cls reid Loss:6.5539 Pair Loss:0.2491 Center Loss:0.3625 KL Loss:1.0154 Recon Loss:0.0806 Acc:0.0009 Acc ReID:0.0009 
Epoch:35 Time:46.8 Data:0.0 Loss:1.6691 Cls Loss:6.5658 Cls reid Loss:6.5539 Pair Loss:0.2478 Center Loss:0.3576 KL Loss:0.9836 Recon Loss:0.0802 Acc:0.0016 Acc ReID:0.0012 
=> Test at epoch 35
==========Test with latent_z: z_c =========
Extracted features for query set, obtained torch.Size([2228, 128]) matrix
Extracted features for gallery set, obtained torch.Size([17661, 128]) matrix
Extracting features complete in 0m 10s
Distance computing in 0m 1s
Results ---------------------------------------------------
top1:83.5% top5:90.7% top10:92.7% top20:94.5% mAP:68.5%
-----------------------------------------------------------
Using 0m 3s
Classifier results ---------------------------------------------------
Query acc: 0.1% Gallery acc: 0.1% Total acc: 0.1%
ReID Classifier results ---------------------------------------------------
Query acc: 0.0% Gallery acc: 0.0% Total acc: 0.0%
==========Test with latent_z: new_z =========
Extracted features for query set, obtained torch.Size([2228, 1280]) matrix
Extracted features for gallery set, obtained torch.Size([17661, 1280]) matrix
Extracting features complete in 0m 9s
Distance computing in 0m 1s
Results ---------------------------------------------------
top1:80.3% top5:88.6% top10:91.0% top20:93.3% mAP:63.6%
-----------------------------------------------------------
Using 0m 3s
Classifier results ---------------------------------------------------
Query acc: 0.1% Gallery acc: 0.1% Total acc: 0.1%
ReID Classifier results ---------------------------------------------------
Query acc: 0.0% Gallery acc: 0.0% Total acc: 0.0%
Epoch:36 Time:39.2 Data:0.0 Loss:1.7437 Cls Loss:6.5676 Cls reid Loss:6.5539 Pair Loss:0.2497 Center Loss:0.3855 KL Loss:1.0286 Recon Loss:0.0799 Acc:0.0013 Acc ReID:0.0012 
Epoch:37 Time:46.1 Data:0.0 Loss:1.5392 Cls Loss:6.5670 Cls reid Loss:6.5539 Pair Loss:0.2441 Center Loss:0.3200 KL Loss:0.8959 Recon Loss:0.0792 Acc:0.0013 Acc ReID:0.0010 
