https://app.neptune.ai/Zhengwei-Lab/MayCVAE/e/MAY-699
=> merge config from ./configs/clipreid_cvae_stage2_wrt.yaml
/home/zhengwei/Desktop/Zhengwei/Projects/CVAE/main.py:91: NeptuneUnsupportedType: You're attempting to log a type that is not directly supported by Neptune (<class 'list'>).
        Convert the value to a supported type, such as a string or float, or use stringify_unsupported(obj)
        for dictionaries or collections that contain unsupported values.
        For more, see https://docs.neptune.ai/help/value_of_unsupported_type
  run["parameters"] = param
=> Configurations:
-------------------------
AMP: True
AUG:
  RC_PROB: 0.5
  RE_PROB: 0.5
DATA:
  CUHK03_CLASSIC_SPLIT: False
  CUHK03_LABELED: False
  DATASET: market1k
  FORMAT_TAG: tensor
  HEIGHT: 256
  NUM_INSTANCES: 4
  NUM_WORKERS: 4
  ROOT: /home/zhengwei/Desktop/Zhengwei/Projects/datasets
  SPLIT_ID: 0
  TEST_BATCH: 512
  TRAIN_BATCH: 64
  TRAIN_FORMAT: novel
  WIDTH: 128
EVAL_MODE: False
GPU: 0
LOSS:
  CLA_LOSS: crossentropy
  CLA_M: 0.0
  CLA_S: 16.0
  PAIR_LOSS: triplet_wrt
  PAIR_M: 0.3
  PAIR_S: 16.0
  RECON_LOSS: mse
  USE_NCE: False
MODEL:
  CONDITIONAL: False
  FEATURE_DIM: 1280
  FEAT_FUSION: True
  FLOW_TYPE: 
  GAUSSIAN: MultivariateNormal
  HIDDEN_DIM: 256
  LATENT_SIZE: 64
  NAME: CVAE
  ONLY_CVAE_KL: False
  ONLY_X_INPUT: False
  PRETRAIN: CLIPreidFinetune
  RES4_STRIDE: 1
  RESUME: /home/zhengwei/Desktop/Zhengwei/Projects/CVAE/outputs/market1k/clipreid_tune_wReID/novel/2024-07-29/tune_SimpleVAE+2E_15K_128+64z_1e3_60+120_KLtotalZ_L1280_ReIDZnew_noCLS
  STYLE_NUM: 0
  TRAIN_STAGE: reidstage
  USE_CENTROID: False
  USE_TWO_ENCODER: True
  VAE_TYPE: SinpleVAE
  ZC_DIM: 128
  ZS_DIM: 64
OUTPUT: ./outputs/market1k/clipreid_tune_wReID/novel/2024-07-29/2ndstage_SimpleVAE+2E_15k_128+64z_1e3_60+120_KLtotalZ_s2_MLP1280_ReIDZnew+tripwrt+ce_distCLS+ce
SAVED_NAME: 2ndstage_SimpleVAE+2E_15k_128+64z_1e3_60+120_KLtotalZ_s2_MLP1280_ReIDZnew+tripwrt+ce_distCLS+ce
SEED: 0
TAG: clipreid_tune_wReID
TEST:
  DISTANCE: cosine
  EVAL_STEP: 5
  START_EVAL: -1
TRAIN:
  AMP: False
  LR_SCHEDULER:
    DECAY_RATE: 0.1
    NAME: MultiStepLR
    STEPSIZE: [30]
  MAX_EPOCH: 120
  OPTIMIZER:
    LR: 0.001
    NAME: adam
    SGDLR: 0.01
    SGD_MOMENTUM: 0.9
    SGD_WEIGHT_DECAY: 0.0005
    WEIGHT_DECAY: 0.0001
  START_EPOCH: 0
----------------------
Initializing dataset market1k
Warning: string series 'monitoring/32894028/stdout' value was longer than 1000 characters and was truncated. This warning is printed only once per series.
=> Market-Sketch-1K tensor loaded
Dataset statistics:
  ------------------------------
  subset   | # ids | # images
  ------------------------------
  train    |   996 |     3992
  query    |   996 |     2709
  gallery  |   996 |     2000
  ------------------------------
  total    |  1992 |     8701
  ------------------------------
Initializing SinpleVAE model with 2 encoders
Model size: 2.80258M
[INFO] Register count_relu() for <class 'torch.nn.modules.activation.LeakyReLU'>.
[INFO] Register count_linear() for <class 'torch.nn.modules.linear.Linear'>.
[INFO] Register count_normalization() for <class 'torch.nn.modules.batchnorm.BatchNorm1d'>.
[INFO] Register zero_ops() for <class 'torch.nn.modules.activation.ReLU'>.
[INFO] Register zero_ops() for <class 'torch.nn.modules.dropout.Dropout'>.
[INFO] Register zero_ops() for <class 'torch.nn.modules.container.Sequential'>.
FLOPs: 0.15294G
Params: 2.37525M
Initialized classifier with feature_dim: 1280, num_classes: 996
Classifier size: 1.27588M
reid_projector.weight is tuneable
i2t_projector.weight is tuneable
i2t_projector.bias is tuneable
=> Start Training ReID projector and Classifier
Loading checkpoint from '/home/zhengwei/Desktop/Zhengwei/Projects/CVAE/outputs/market1k/clipreid_tune_wReID/novel/2024-07-29/tune_SimpleVAE+2E_15K_128+64z_1e3_60+120_KLtotalZ_L1280_ReIDZnew_noCLS/best_model.pth.tar'
Loading parameter:  reid_projector.weight
orginal best rank1 = 0.22000738279808046
=> Start evaluation on Novel data without finetuning
=> Test pretarined feature form VLP model
Normalizing features
Normalizing features
Extracted features for query set, obtained torch.Size([2709, 1280]) matrix
Extracted features for gallery set, obtained torch.Size([2000, 1280]) matrix
Extracting features complete in 0m 5s
Distance computing in 0m 0s
Computing CMC and mAP
Results ---------------------------------------------------
top1:35.2% top5:60.5% top10:71.2% top20:80.7% mAP:39.8%
-----------------------------------------------------------
Using 0m 0s
==========Test with latent_z: new_z =========
Extracted features for query set, obtained torch.Size([2709, 1280]) matrix
Extracted features for gallery set, obtained torch.Size([2000, 1280]) matrix
Extracting features complete in 0m 5s
Distance computing in 0m 1s
Results ---------------------------------------------------
top1:21.2% top5:42.9% top10:54.5% top20:66.5% mAP:25.6%
-----------------------------------------------------------
Using 0m 0s
Classifier results ---------------------------------------------------
Query acc: 0.1% Gallery acc: 0.2% Total acc: 0.2%
ReID Classifier results ---------------------------------------------------
Query acc: 0.1% Gallery acc: 0.2% Total acc: 0.1%
==========Test with latent_z: z_c =========
Extracted features for query set, obtained torch.Size([2709, 128]) matrix
Extracted features for gallery set, obtained torch.Size([2000, 128]) matrix
Extracting features complete in 0m 4s
Distance computing in 0m 0s
Results ---------------------------------------------------
top1:21.6% top5:44.3% top10:55.5% top20:66.6% mAP:26.2%
-----------------------------------------------------------
Using 0m 0s
Classifier results ---------------------------------------------------
Query acc: 0.1% Gallery acc: 0.2% Total acc: 0.2%
ReID Classifier results ---------------------------------------------------
Query acc: 0.1% Gallery acc: 0.2% Total acc: 0.1%
Jump TSNE in test
=> Start training
/home/zhengwei/Desktop/Zhengwei/Projects/CVAE/losses/triplet_loss.py:122: UserWarning: This overload of addmm_ is deprecated:
	addmm_(Number beta, Number alpha, Tensor mat1, Tensor mat2)
Consider using one of the following signatures instead:
	addmm_(Tensor mat1, Tensor mat2, *, Number beta, Number alpha) (Triggered internally at /opt/conda/conda-bld/pytorch_1670525539683/work/torch/csrc/utils/python_arg_parser.cpp:1420.)
  dist_mtx = dist_mtx.addmm_(1, -2, emb1, emb2.t())
Epoch:1 Time:5.5 Data:0.0 Loss:18.4034 Cls Loss:7.3058 Cls reid Loss:7.2356 Pair Loss:3.8620 Center Loss:1824.0558 KL Loss:369.0460 Recon Loss:0.1815 Acc:0.0008 Acc ReID:0.0005 
Epoch:2 Time:7.0 Data:0.0 Loss:13.4195 Cls Loss:6.6197 Cls reid Loss:6.6938 Pair Loss:0.1060 Center Loss:1609.7338 KL Loss:368.7217 Recon Loss:0.1815 Acc:0.0073 Acc ReID:0.0035 
Epoch:3 Time:6.5 Data:0.0 Loss:12.3240 Cls Loss:5.9866 Cls reid Loss:6.2122 Pair Loss:0.1251 Center Loss:1717.6853 KL Loss:368.6862 Recon Loss:0.1815 Acc:0.0348 Acc ReID:0.0166 
Epoch:4 Time:4.4 Data:0.0 Loss:11.1396 Cls Loss:5.2836 Cls reid Loss:5.6971 Pair Loss:0.1589 Center Loss:1831.0555 KL Loss:368.2952 Recon Loss:0.1815 Acc:0.1442 Acc ReID:0.0222 
Epoch:5 Time:5.0 Data:0.0 Loss:9.8066 Cls Loss:4.5179 Cls reid Loss:5.1236 Pair Loss:0.1650 Center Loss:1813.2841 KL Loss:367.9947 Recon Loss:0.1815 Acc:0.4065 Acc ReID:0.0539 
=> Test at epoch 5
==========Test with latent_z: z_c =========
Extracted features for query set, obtained torch.Size([2709, 128]) matrix
Extracted features for gallery set, obtained torch.Size([2000, 128]) matrix
Extracting features complete in 0m 5s
Distance computing in 0m 0s
Results ---------------------------------------------------
top1:21.6% top5:44.3% top10:55.5% top20:66.6% mAP:26.2%
-----------------------------------------------------------
Using 0m 0s
Classifier results ---------------------------------------------------
Query acc: 22.9% Gallery acc: 93.2% Total acc: 52.8%
ReID Classifier results ---------------------------------------------------
Query acc: 5.4% Gallery acc: 22.5% Total acc: 12.7%
Jump TSNE in test
==========Test with latent_z: new_z =========
Extracted features for query set, obtained torch.Size([2709, 1280]) matrix
Extracted features for gallery set, obtained torch.Size([2000, 1280]) matrix
Extracting features complete in 0m 5s
Distance computing in 0m 1s
Results ---------------------------------------------------
top1:24.7% top5:47.0% top10:59.3% top20:70.9% mAP:29.6%
-----------------------------------------------------------
Using 0m 0s
Classifier results ---------------------------------------------------
Query acc: 22.9% Gallery acc: 93.2% Total acc: 52.8%
ReID Classifier results ---------------------------------------------------
Query acc: 5.4% Gallery acc: 22.5% Total acc: 12.7%
Epoch:6 Time:8.0 Data:0.0 Loss:8.3477 Cls Loss:3.7971 Cls reid Loss:4.3699 Pair Loss:0.1806 Center Loss:1726.4359 KL Loss:367.8497 Recon Loss:0.1815 Acc:0.7248 Acc ReID:0.1434 
Epoch:7 Time:6.4 Data:0.0 Loss:7.1950 Cls Loss:3.2793 Cls reid Loss:3.7331 Pair Loss:0.1827 Center Loss:1701.7567 KL Loss:367.2311 Recon Loss:0.1815 Acc:0.8939 Acc ReID:0.2916 
Epoch:8 Time:5.3 Data:0.0 Loss:6.3107 Cls Loss:2.9224 Cls reid Loss:3.2118 Pair Loss:0.1764 Center Loss:1687.1067 KL Loss:367.2729 Recon Loss:0.1815 Acc:0.9468 Acc ReID:0.3989 
Epoch:9 Time:6.3 Data:0.0 Loss:5.5492 Cls Loss:2.6738 Cls reid Loss:2.6886 Pair Loss:0.1868 Center Loss:1644.7162 KL Loss:366.8384 Recon Loss:0.1815 Acc:0.9698 Acc ReID:0.5716 
Epoch:10 Time:5.3 Data:0.0 Loss:4.9475 Cls Loss:2.5086 Cls reid Loss:2.2639 Pair Loss:0.1750 Center Loss:1619.8809 KL Loss:366.8912 Recon Loss:0.1815 Acc:0.9803 Acc ReID:0.6822 
=> Test at epoch 10
==========Test with latent_z: z_c =========
Extracted features for query set, obtained torch.Size([2709, 128]) matrix
Extracted features for gallery set, obtained torch.Size([2000, 128]) matrix
Extracting features complete in 0m 4s
Distance computing in 0m 0s
Results ---------------------------------------------------
top1:21.6% top5:44.3% top10:55.5% top20:66.6% mAP:26.2%
-----------------------------------------------------------
Using 0m 0s
Classifier results ---------------------------------------------------
Query acc: 27.7% Gallery acc: 99.7% Total acc: 58.3%
ReID Classifier results ---------------------------------------------------
Query acc: 16.7% Gallery acc: 80.6% Total acc: 43.8%
Jump TSNE in test
==========Test with latent_z: new_z =========
Extracted features for query set, obtained torch.Size([2709, 1280]) matrix
Extracted features for gallery set, obtained torch.Size([2000, 1280]) matrix
Extracting features complete in 0m 4s
Distance computing in 0m 0s
Results ---------------------------------------------------
top1:25.1% top5:48.9% top10:60.6% top20:71.4% mAP:30.4%
-----------------------------------------------------------
Using 0m 0s
Classifier results ---------------------------------------------------
Query acc: 27.7% Gallery acc: 99.7% Total acc: 58.3%
ReID Classifier results ---------------------------------------------------
Query acc: 16.7% Gallery acc: 80.6% Total acc: 43.8%
Epoch:11 Time:4.8 Data:0.0 Loss:4.4732 Cls Loss:2.3916 Cls reid Loss:1.9162 Pair Loss:0.1654 Center Loss:1611.0260 KL Loss:366.4539 Recon Loss:0.1815 Acc:0.9829 Acc ReID:0.7412 
Epoch:12 Time:6.8 Data:0.0 Loss:4.0967 Cls Loss:2.3059 Cls reid Loss:1.6330 Pair Loss:0.1578 Center Loss:1600.6632 KL Loss:366.3662 Recon Loss:0.1816 Acc:0.9851 Acc ReID:0.8059 
Epoch:13 Time:5.9 Data:0.0 Loss:3.7438 Cls Loss:2.2422 Cls reid Loss:1.3601 Pair Loss:0.1415 Center Loss:1588.3019 KL Loss:365.9900 Recon Loss:0.1815 Acc:0.9874 Acc ReID:0.8581 
Epoch:14 Time:6.5 Data:0.0 Loss:3.4971 Cls Loss:2.1912 Cls reid Loss:1.1605 Pair Loss:0.1454 Center Loss:1569.0282 KL Loss:365.7069 Recon Loss:0.1815 Acc:0.9889 Acc ReID:0.8999 
Epoch:15 Time:6.2 Data:0.0 Loss:3.2986 Cls Loss:2.1498 Cls reid Loss:1.0035 Pair Loss:0.1453 Center Loss:1567.2258 KL Loss:365.5704 Recon Loss:0.1815 Acc:0.9869 Acc ReID:0.9224 
=> Test at epoch 15
==========Test with latent_z: z_c =========
Extracted features for query set, obtained torch.Size([2709, 128]) matrix
Extracted features for gallery set, obtained torch.Size([2000, 128]) matrix
Extracting features complete in 0m 4s
Distance computing in 0m 0s
Results ---------------------------------------------------
top1:21.6% top5:44.3% top10:55.5% top20:66.6% mAP:26.2%
-----------------------------------------------------------
Using 0m 0s
Classifier results ---------------------------------------------------
Query acc: 28.5% Gallery acc: 99.8% Total acc: 58.8%
ReID Classifier results ---------------------------------------------------
Query acc: 20.9% Gallery acc: 95.9% Total acc: 52.8%
Jump TSNE in test
==========Test with latent_z: new_z =========
Extracted features for query set, obtained torch.Size([2709, 1280]) matrix
Extracted features for gallery set, obtained torch.Size([2000, 1280]) matrix
Extracting features complete in 0m 4s
Distance computing in 0m 1s
Results ---------------------------------------------------
top1:25.5% top5:49.4% top10:61.3% top20:71.4% mAP:30.8%
-----------------------------------------------------------
Using 0m 0s
Classifier results ---------------------------------------------------
Query acc: 28.5% Gallery acc: 99.8% Total acc: 58.8%
ReID Classifier results ---------------------------------------------------
Query acc: 20.9% Gallery acc: 95.9% Total acc: 52.8%
Epoch:16 Time:6.4 Data:0.0 Loss:3.1334 Cls Loss:2.1085 Cls reid Loss:0.8861 Pair Loss:0.1388 Center Loss:1562.1256 KL Loss:365.1323 Recon Loss:0.1815 Acc:0.9882 Acc ReID:0.9277 
Epoch:17 Time:5.7 Data:0.0 Loss:2.9342 Cls Loss:2.0745 Cls reid Loss:0.7318 Pair Loss:0.1279 Center Loss:1543.5006 KL Loss:364.8311 Recon Loss:0.1815 Acc:0.9907 Acc ReID:0.9559 
Epoch:18 Time:5.6 Data:0.0 Loss:2.8521 Cls Loss:2.0408 Cls reid Loss:0.6774 Pair Loss:0.1338 Center Loss:1543.4087 KL Loss:364.5976 Recon Loss:0.1815 Acc:0.9909 Acc ReID:0.9567 
Epoch:19 Time:6.7 Data:0.0 Loss:2.6962 Cls Loss:2.0128 Cls reid Loss:0.5749 Pair Loss:0.1084 Center Loss:1532.2752 KL Loss:364.5335 Recon Loss:0.1815 Acc:0.9894 Acc ReID:0.9682 
Epoch:20 Time:5.5 Data:0.0 Loss:2.6059 Cls Loss:1.9819 Cls reid Loss:0.5027 Pair Loss:0.1212 Center Loss:1523.8092 KL Loss:364.1126 Recon Loss:0.1815 Acc:0.9899 Acc ReID:0.9776 
=> Test at epoch 20
==========Test with latent_z: z_c =========
Extracted features for query set, obtained torch.Size([2709, 128]) matrix
Extracted features for gallery set, obtained torch.Size([2000, 128]) matrix
Extracting features complete in 0m 4s
Distance computing in 0m 0s
Results ---------------------------------------------------
top1:21.6% top5:44.3% top10:55.5% top20:66.6% mAP:26.2%
-----------------------------------------------------------
Using 0m 0s
Classifier results ---------------------------------------------------
Query acc: 28.5% Gallery acc: 99.9% Total acc: 58.8%
ReID Classifier results ---------------------------------------------------
Query acc: 23.6% Gallery acc: 98.4% Total acc: 55.4%
Jump TSNE in test
==========Test with latent_z: new_z =========
Extracted features for query set, obtained torch.Size([2709, 1280]) matrix
Extracted features for gallery set, obtained torch.Size([2000, 1280]) matrix
Extracting features complete in 0m 4s
Distance computing in 0m 1s
Results ---------------------------------------------------
top1:25.7% top5:48.9% top10:60.8% top20:71.6% mAP:30.9%
-----------------------------------------------------------
Using 0m 0s
Classifier results ---------------------------------------------------
Query acc: 28.5% Gallery acc: 99.9% Total acc: 58.8%
ReID Classifier results ---------------------------------------------------
Query acc: 23.6% Gallery acc: 98.4% Total acc: 55.4%
Epoch:21 Time:7.6 Data:0.0 Loss:2.5003 Cls Loss:1.9474 Cls reid Loss:0.4529 Pair Loss:0.1000 Center Loss:1522.5992 KL Loss:364.0041 Recon Loss:0.1815 Acc:0.9904 Acc ReID:0.9773 
Epoch:22 Time:3.4 Data:0.0 Loss:2.4285 Cls Loss:1.9056 Cls reid Loss:0.4090 Pair Loss:0.1139 Center Loss:1507.1202 KL Loss:363.7682 Recon Loss:0.1815 Acc:0.9912 Acc ReID:0.9819 
Epoch:23 Time:6.6 Data:0.0 Loss:2.3365 Cls Loss:1.8728 Cls reid Loss:0.3612 Pair Loss:0.1026 Center Loss:1498.8026 KL Loss:363.6012 Recon Loss:0.1815 Acc:0.9919 Acc ReID:0.9871 
Epoch:24 Time:5.2 Data:0.0 Loss:2.2539 Cls Loss:1.8372 Cls reid Loss:0.3212 Pair Loss:0.0955 Center Loss:1496.5013 KL Loss:363.3372 Recon Loss:0.1815 Acc:0.9927 Acc ReID:0.9914 
Epoch:25 Time:5.8 Data:0.0 Loss:2.1736 Cls Loss:1.7977 Cls reid Loss:0.2866 Pair Loss:0.0893 Center Loss:1490.2019 KL Loss:363.2270 Recon Loss:0.1815 Acc:0.9912 Acc ReID:0.9897 
=> Test at epoch 25
==========Test with latent_z: z_c =========
Extracted features for query set, obtained torch.Size([2709, 128]) matrix
Extracted features for gallery set, obtained torch.Size([2000, 128]) matrix
Extracting features complete in 0m 4s
Distance computing in 0m 0s
Results ---------------------------------------------------
top1:21.6% top5:44.3% top10:55.5% top20:66.6% mAP:26.2%
-----------------------------------------------------------
Using 0m 0s
Classifier results ---------------------------------------------------
Query acc: 28.3% Gallery acc: 99.9% Total acc: 58.7%
ReID Classifier results ---------------------------------------------------
Query acc: 25.0% Gallery acc: 99.8% Total acc: 56.7%
Jump TSNE in test
==========Test with latent_z: new_z =========
Extracted features for query set, obtained torch.Size([2709, 1280]) matrix
Extracted features for gallery set, obtained torch.Size([2000, 1280]) matrix
Extracting features complete in 0m 4s
Distance computing in 0m 0s
Results ---------------------------------------------------
top1:26.4% top5:49.3% top10:61.0% top20:71.8% mAP:31.4%
-----------------------------------------------------------
Using 0m 0s
Classifier results ---------------------------------------------------
Query acc: 28.3% Gallery acc: 99.9% Total acc: 58.7%
ReID Classifier results ---------------------------------------------------
Query acc: 25.0% Gallery acc: 99.8% Total acc: 56.7%
Epoch:26 Time:7.8 Data:0.0 Loss:2.1329 Cls Loss:1.7635 Cls reid Loss:0.2757 Pair Loss:0.0938 Center Loss:1486.3681 KL Loss:363.1159 Recon Loss:0.1815 Acc:0.9950 Acc ReID:0.9922 
Epoch:27 Time:7.6 Data:0.0 Loss:2.0743 Cls Loss:1.7349 Cls reid Loss:0.2511 Pair Loss:0.0884 Center Loss:1482.8271 KL Loss:362.5960 Recon Loss:0.1815 Acc:0.9927 Acc ReID:0.9914 
Epoch:28 Time:6.9 Data:0.0 Loss:2.0270 Cls Loss:1.7053 Cls reid Loss:0.2285 Pair Loss:0.0932 Center Loss:1475.0220 KL Loss:362.3088 Recon Loss:0.1815 Acc:0.9919 Acc ReID:0.9942 
Epoch:29 Time:6.6 Data:0.0 Loss:1.9612 Cls Loss:1.6674 Cls reid Loss:0.2071 Pair Loss:0.0867 Center Loss:1463.7671 KL Loss:361.7628 Recon Loss:0.1814 Acc:0.9945 Acc ReID:0.9929 
Epoch:30 Time:6.4 Data:0.0 Loss:1.9023 Cls Loss:1.6306 Cls reid Loss:0.1898 Pair Loss:0.0819 Center Loss:1467.4330 KL Loss:361.7702 Recon Loss:0.1815 Acc:0.9932 Acc ReID:0.9945 
=> Test at epoch 30
==========Test with latent_z: z_c =========
Extracted features for query set, obtained torch.Size([2709, 128]) matrix
Extracted features for gallery set, obtained torch.Size([2000, 128]) matrix
Extracting features complete in 0m 4s
Distance computing in 0m 0s
Results ---------------------------------------------------
top1:21.6% top5:44.3% top10:55.5% top20:66.6% mAP:26.2%
-----------------------------------------------------------
Using 0m 0s
Classifier results ---------------------------------------------------
Query acc: 28.5% Gallery acc: 99.8% Total acc: 58.8%
ReID Classifier results ---------------------------------------------------
Query acc: 25.4% Gallery acc: 99.9% Total acc: 57.0%
Jump TSNE in test
==========Test with latent_z: new_z =========
Extracted features for query set, obtained torch.Size([2709, 1280]) matrix
Extracted features for gallery set, obtained torch.Size([2000, 1280]) matrix
Extracting features complete in 0m 4s
Distance computing in 0m 0s
Results ---------------------------------------------------
top1:26.2% top5:50.4% top10:61.4% top20:72.1% mAP:31.7%
-----------------------------------------------------------
Using 0m 0s
Classifier results ---------------------------------------------------
Query acc: 28.5% Gallery acc: 99.8% Total acc: 58.8%
ReID Classifier results ---------------------------------------------------
Query acc: 25.4% Gallery acc: 99.9% Total acc: 57.0%
Epoch:31 Time:7.5 Data:0.0 Loss:1.7255 Cls Loss:1.5259 Cls reid Loss:0.1224 Pair Loss:0.0772 Center Loss:1448.2316 KL Loss:361.7718 Recon Loss:0.1816 Acc:0.9965 Acc ReID:0.9980 
Epoch:32 Time:6.3 Data:0.0 Loss:1.6763 Cls Loss:1.4957 Cls reid Loss:0.1060 Pair Loss:0.0746 Center Loss:1429.0767 KL Loss:361.3062 Recon Loss:0.1815 Acc:0.9965 Acc ReID:0.9992 
Epoch:33 Time:3.6 Data:0.0 Loss:1.6586 Cls Loss:1.4844 Cls reid Loss:0.1032 Pair Loss:0.0711 Center Loss:1422.6168 KL Loss:360.9746 Recon Loss:0.1815 Acc:0.9962 Acc ReID:0.9992 
Epoch:34 Time:7.2 Data:0.0 Loss:1.6416 Cls Loss:1.4745 Cls reid Loss:0.1012 Pair Loss:0.0658 Center Loss:1419.6666 KL Loss:360.7887 Recon Loss:0.1814 Acc:0.9970 Acc ReID:0.9992 
Epoch:35 Time:6.4 Data:0.0 Loss:1.6350 Cls Loss:1.4668 Cls reid Loss:0.0999 Pair Loss:0.0683 Center Loss:1418.2222 KL Loss:360.5797 Recon Loss:0.1815 Acc:0.9967 Acc ReID:0.9992 
=> Test at epoch 35
==========Test with latent_z: z_c =========
Extracted features for query set, obtained torch.Size([2709, 128]) matrix
Extracted features for gallery set, obtained torch.Size([2000, 128]) matrix
Extracting features complete in 0m 5s
Distance computing in 0m 0s
Results ---------------------------------------------------
top1:21.6% top5:44.3% top10:55.5% top20:66.6% mAP:26.2%
-----------------------------------------------------------
Using 0m 0s
Classifier results ---------------------------------------------------
Query acc: 29.5% Gallery acc: 100.0% Total acc: 59.4%
ReID Classifier results ---------------------------------------------------
Query acc: 28.6% Gallery acc: 100.0% Total acc: 58.9%
Jump TSNE in test
==========Test with latent_z: new_z =========
Extracted features for query set, obtained torch.Size([2709, 1280]) matrix
Extracted features for gallery set, obtained torch.Size([2000, 1280]) matrix
Extracting features complete in 0m 5s
Distance computing in 0m 0s
Results ---------------------------------------------------
top1:27.0% top5:50.2% top10:62.1% top20:72.2% mAP:32.2%
-----------------------------------------------------------
Using 0m 0s
Classifier results ---------------------------------------------------
Query acc: 29.5% Gallery acc: 100.0% Total acc: 59.4%
ReID Classifier results ---------------------------------------------------
Query acc: 28.6% Gallery acc: 100.0% Total acc: 58.9%
Epoch:36 Time:5.3 Data:0.0 Loss:1.6278 Cls Loss:1.4598 Cls reid Loss:0.0990 Pair Loss:0.0690 Center Loss:1417.3468 KL Loss:360.4207 Recon Loss:0.1816 Acc:0.9972 Acc ReID:0.9995 
Epoch:37 Time:6.6 Data:0.0 Loss:1.6200 Cls Loss:1.4531 Cls reid Loss:0.0980 Pair Loss:0.0689 Center Loss:1416.5639 KL Loss:359.8161 Recon Loss:0.1815 Acc:0.9972 Acc ReID:0.9995 
Epoch:38 Time:7.5 Data:0.0 Loss:1.6102 Cls Loss:1.4477 Cls reid Loss:0.0975 Pair Loss:0.0650 Center Loss:1415.2140 KL Loss:359.8883 Recon Loss:0.1816 Acc:0.9972 Acc ReID:0.9995 
Epoch:39 Time:5.9 Data:0.0 Loss:1.6023 Cls Loss:1.4413 Cls reid Loss:0.0972 Pair Loss:0.0639 Center Loss:1415.2192 KL Loss:359.2684 Recon Loss:0.1815 Acc:0.9972 Acc ReID:0.9995 
Epoch:40 Time:5.9 Data:0.0 Loss:1.5970 Cls Loss:1.4358 Cls reid Loss:0.0962 Pair Loss:0.0651 Center Loss:1414.8527 KL Loss:359.4062 Recon Loss:0.1815 Acc:0.9975 Acc ReID:0.9990 
=> Test at epoch 40
==========Test with latent_z: z_c =========
Extracted features for query set, obtained torch.Size([2709, 128]) matrix
Extracted features for gallery set, obtained torch.Size([2000, 128]) matrix
Extracting features complete in 0m 5s
Distance computing in 0m 1s
Results ---------------------------------------------------
top1:21.6% top5:44.3% top10:55.5% top20:66.6% mAP:26.2%
-----------------------------------------------------------
Using 0m 0s
Classifier results ---------------------------------------------------
Query acc: 29.2% Gallery acc: 100.0% Total acc: 59.3%
ReID Classifier results ---------------------------------------------------
Query acc: 28.9% Gallery acc: 100.0% Total acc: 59.1%
Jump TSNE in test
==========Test with latent_z: new_z =========
Extracted features for query set, obtained torch.Size([2709, 1280]) matrix
Extracted features for gallery set, obtained torch.Size([2000, 1280]) matrix
Extracting features complete in 0m 4s
Distance computing in 0m 0s
Results ---------------------------------------------------
top1:27.2% top5:50.5% top10:62.0% top20:72.5% mAP:32.3%
-----------------------------------------------------------
Using 0m 0s
Classifier results ---------------------------------------------------
Query acc: 29.2% Gallery acc: 100.0% Total acc: 59.3%
ReID Classifier results ---------------------------------------------------
Query acc: 28.9% Gallery acc: 100.0% Total acc: 59.1%
Epoch:41 Time:6.0 Data:0.0 Loss:1.5859 Cls Loss:1.4313 Cls reid Loss:0.0950 Pair Loss:0.0596 Center Loss:1414.6055 KL Loss:359.0857 Recon Loss:0.1815 Acc:0.9975 Acc ReID:0.9992 
Epoch:42 Time:6.2 Data:0.0 Loss:1.5860 Cls Loss:1.4266 Cls reid Loss:0.0950 Pair Loss:0.0644 Center Loss:1414.4943 KL Loss:358.8296 Recon Loss:0.1815 Acc:0.9975 Acc ReID:0.9992 
Epoch:43 Time:5.1 Data:0.0 Loss:1.5827 Cls Loss:1.4224 Cls reid Loss:0.0939 Pair Loss:0.0664 Center Loss:1414.7741 KL Loss:358.7353 Recon Loss:0.1815 Acc:0.9975 Acc ReID:0.9990 
Epoch:44 Time:10.4 Data:0.0 Loss:1.5781 Cls Loss:1.4173 Cls reid Loss:0.0937 Pair Loss:0.0671 Center Loss:1414.5286 KL Loss:358.4693 Recon Loss:0.1815 Acc:0.9977 Acc ReID:0.9992 
Epoch:45 Time:6.4 Data:0.0 Loss:1.5675 Cls Loss:1.4124 Cls reid Loss:0.0928 Pair Loss:0.0623 Center Loss:1414.3909 KL Loss:358.1328 Recon Loss:0.1815 Acc:0.9980 Acc ReID:0.9995 
=> Test at epoch 45
==========Test with latent_z: z_c =========
Extracted features for query set, obtained torch.Size([2709, 128]) matrix
Extracted features for gallery set, obtained torch.Size([2000, 128]) matrix
Extracting features complete in 0m 9s
Distance computing in 0m 0s
Results ---------------------------------------------------
top1:21.6% top5:44.3% top10:55.5% top20:66.6% mAP:26.2%
-----------------------------------------------------------
Using 0m 0s
Classifier results ---------------------------------------------------
Query acc: 29.2% Gallery acc: 100.0% Total acc: 59.2%
ReID Classifier results ---------------------------------------------------
Query acc: 28.9% Gallery acc: 100.0% Total acc: 59.1%
Jump TSNE in test
==========Test with latent_z: new_z =========
Extracted features for query set, obtained torch.Size([2709, 1280]) matrix
Extracted features for gallery set, obtained torch.Size([2000, 1280]) matrix
Extracting features complete in 0m 7s
Distance computing in 0m 1s
Results ---------------------------------------------------
top1:27.1% top5:50.6% top10:62.3% top20:72.4% mAP:32.3%
-----------------------------------------------------------
Using 0m 1s
Classifier results ---------------------------------------------------
Query acc: 29.2% Gallery acc: 100.0% Total acc: 59.2%
ReID Classifier results ---------------------------------------------------
Query acc: 28.9% Gallery acc: 100.0% Total acc: 59.1%
Epoch:46 Time:5.6 Data:0.0 Loss:1.5642 Cls Loss:1.4100 Cls reid Loss:0.0931 Pair Loss:0.0611 Center Loss:1414.0757 KL Loss:357.8819 Recon Loss:0.1815 Acc:0.9980 Acc ReID:0.9992 
Epoch:47 Time:5.5 Data:0.0 Loss:1.5658 Cls Loss:1.4060 Cls reid Loss:0.0922 Pair Loss:0.0676 Center Loss:1414.5268 KL Loss:357.7618 Recon Loss:0.1815 Acc:0.9977 Acc ReID:0.9992 
Epoch:48 Time:7.0 Data:0.0 Loss:1.5613 Cls Loss:1.4027 Cls reid Loss:0.0926 Pair Loss:0.0661 Center Loss:1414.0763 KL Loss:357.3287 Recon Loss:0.1815 Acc:0.9980 Acc ReID:0.9995 
Epoch:49 Time:7.5 Data:0.0 Loss:1.5556 Cls Loss:1.3989 Cls reid Loss:0.0920 Pair Loss:0.0647 Center Loss:1413.7330 KL Loss:357.1949 Recon Loss:0.1815 Acc:0.9980 Acc ReID:0.9995 
Epoch:50 Time:5.2 Data:0.0 Loss:1.5526 Cls Loss:1.3963 Cls reid Loss:0.0912 Pair Loss:0.0650 Center Loss:1413.6228 KL Loss:356.8474 Recon Loss:0.1814 Acc:0.9987 Acc ReID:0.9997 
=> Test at epoch 50
==========Test with latent_z: z_c =========
Extracted features for query set, obtained torch.Size([2709, 128]) matrix
Extracted features for gallery set, obtained torch.Size([2000, 128]) matrix
Extracting features complete in 0m 5s
Distance computing in 0m 0s
Results ---------------------------------------------------
top1:21.6% top5:44.3% top10:55.5% top20:66.6% mAP:26.2%
-----------------------------------------------------------
Using 0m 0s
Classifier results ---------------------------------------------------
Query acc: 29.2% Gallery acc: 100.0% Total acc: 59.3%
ReID Classifier results ---------------------------------------------------
Query acc: 28.6% Gallery acc: 100.0% Total acc: 58.9%
Jump TSNE in test
==========Test with latent_z: new_z =========
Extracted features for query set, obtained torch.Size([2709, 1280]) matrix
Extracted features for gallery set, obtained torch.Size([2000, 1280]) matrix
Extracting features complete in 0m 4s
Distance computing in 0m 0s
Results ---------------------------------------------------
top1:27.0% top5:50.4% top10:62.1% top20:72.4% mAP:32.3%
-----------------------------------------------------------
Using 0m 0s
Classifier results ---------------------------------------------------
Query acc: 29.2% Gallery acc: 100.0% Total acc: 59.3%
ReID Classifier results ---------------------------------------------------
Query acc: 28.6% Gallery acc: 100.0% Total acc: 58.9%
Epoch:51 Time:6.0 Data:0.0 Loss:1.5466 Cls Loss:1.3927 Cls reid Loss:0.0909 Pair Loss:0.0631 Center Loss:1413.5438 KL Loss:356.7074 Recon Loss:0.1815 Acc:0.9977 Acc ReID:0.9995 
Epoch:52 Time:6.4 Data:0.0 Loss:1.5375 Cls Loss:1.3890 Cls reid Loss:0.0902 Pair Loss:0.0583 Center Loss:1413.5182 KL Loss:356.3262 Recon Loss:0.1815 Acc:0.9980 Acc ReID:0.9990 
Epoch:53 Time:4.9 Data:0.0 Loss:1.5466 Cls Loss:1.3861 Cls reid Loss:0.0891 Pair Loss:0.0714 Center Loss:1414.2903 KL Loss:356.2675 Recon Loss:0.1815 Acc:0.9982 Acc ReID:0.9995 
Epoch:54 Time:5.9 Data:0.0 Loss:1.5343 Cls Loss:1.3828 Cls reid Loss:0.0895 Pair Loss:0.0620 Center Loss:1413.0410 KL Loss:355.6614 Recon Loss:0.1815 Acc:0.9980 Acc ReID:0.9990 
Epoch:55 Time:6.3 Data:0.0 Loss:1.5295 Cls Loss:1.3797 Cls reid Loss:0.0887 Pair Loss:0.0612 Center Loss:1413.6827 KL Loss:355.6081 Recon Loss:0.1815 Acc:0.9982 Acc ReID:0.9992 
=> Test at epoch 55
==========Test with latent_z: z_c =========
Extracted features for query set, obtained torch.Size([2709, 128]) matrix
Extracted features for gallery set, obtained torch.Size([2000, 128]) matrix
Extracting features complete in 0m 5s
Distance computing in 0m 0s
Results ---------------------------------------------------
top1:21.6% top5:44.3% top10:55.5% top20:66.6% mAP:26.2%
-----------------------------------------------------------
Using 0m 0s
Classifier results ---------------------------------------------------
Query acc: 29.2% Gallery acc: 100.0% Total acc: 59.3%
ReID Classifier results ---------------------------------------------------
Query acc: 28.6% Gallery acc: 100.0% Total acc: 58.9%
Jump TSNE in test
==========Test with latent_z: new_z =========
Extracted features for query set, obtained torch.Size([2709, 1280]) matrix
Extracted features for gallery set, obtained torch.Size([2000, 1280]) matrix
Extracting features complete in 0m 5s
Distance computing in 0m 0s
Results ---------------------------------------------------
top1:27.1% top5:50.8% top10:62.3% top20:72.4% mAP:32.4%
-----------------------------------------------------------
Using 0m 0s
Classifier results ---------------------------------------------------
Query acc: 29.2% Gallery acc: 100.0% Total acc: 59.3%
ReID Classifier results ---------------------------------------------------
Query acc: 28.6% Gallery acc: 100.0% Total acc: 58.9%
Epoch:56 Time:5.0 Data:0.0 Loss:1.5284 Cls Loss:1.3763 Cls reid Loss:0.0880 Pair Loss:0.0641 Center Loss:1412.9925 KL Loss:355.4172 Recon Loss:0.1815 Acc:0.9977 Acc ReID:0.9990 
Epoch:57 Time:4.6 Data:0.0 Loss:1.5205 Cls Loss:1.3730 Cls reid Loss:0.0872 Pair Loss:0.0603 Center Loss:1412.7088 KL Loss:355.1608 Recon Loss:0.1816 Acc:0.9975 Acc ReID:0.9990 
Epoch:58 Time:4.9 Data:0.0 Loss:1.5208 Cls Loss:1.3702 Cls reid Loss:0.0860 Pair Loss:0.0646 Center Loss:1413.8430 KL Loss:354.7852 Recon Loss:0.1815 Acc:0.9985 Acc ReID:0.9990 
Epoch:59 Time:5.5 Data:0.0 Loss:1.5183 Cls Loss:1.3665 Cls reid Loss:0.0859 Pair Loss:0.0660 Center Loss:1413.0273 KL Loss:354.5765 Recon Loss:0.1816 Acc:0.9982 Acc ReID:0.9995 
Epoch:60 Time:7.3 Data:0.0 Loss:1.5138 Cls Loss:1.3642 Cls reid Loss:0.0851 Pair Loss:0.0645 Center Loss:1413.3297 KL Loss:354.3547 Recon Loss:0.1815 Acc:0.9982 Acc ReID:0.9992 
=> Test at epoch 60
==========Test with latent_z: z_c =========
Extracted features for query set, obtained torch.Size([2709, 128]) matrix
Extracted features for gallery set, obtained torch.Size([2000, 128]) matrix
Extracting features complete in 0m 5s
Distance computing in 0m 0s
Results ---------------------------------------------------
top1:21.6% top5:44.3% top10:55.5% top20:66.6% mAP:26.2%
-----------------------------------------------------------
Using 0m 0s
Classifier results ---------------------------------------------------
Query acc: 29.6% Gallery acc: 100.0% Total acc: 59.5%
ReID Classifier results ---------------------------------------------------
Query acc: 28.3% Gallery acc: 100.0% Total acc: 58.8%
Jump TSNE in test
==========Test with latent_z: new_z =========
Extracted features for query set, obtained torch.Size([2709, 1280]) matrix
Extracted features for gallery set, obtained torch.Size([2000, 1280]) matrix
Extracting features complete in 0m 4s
Distance computing in 0m 0s
Results ---------------------------------------------------
top1:27.2% top5:50.9% top10:62.2% top20:72.6% mAP:32.4%
-----------------------------------------------------------
Using 0m 0s
Classifier results ---------------------------------------------------
Query acc: 29.6% Gallery acc: 100.0% Total acc: 59.5%
ReID Classifier results ---------------------------------------------------
Query acc: 28.3% Gallery acc: 100.0% Total acc: 58.8%
Epoch:61 Time:6.6 Data:0.0 Loss:1.5126 Cls Loss:1.3614 Cls reid Loss:0.0851 Pair Loss:0.0661 Center Loss:1412.9693 KL Loss:354.3036 Recon Loss:0.1816 Acc:0.9980 Acc ReID:0.9990 
Epoch:62 Time:6.0 Data:0.0 Loss:1.5069 Cls Loss:1.3581 Cls reid Loss:0.0837 Pair Loss:0.0650 Center Loss:1413.2389 KL Loss:353.8818 Recon Loss:0.1815 Acc:0.9985 Acc ReID:0.9992 
Epoch:63 Time:4.6 Data:0.0 Loss:1.5052 Cls Loss:1.3555 Cls reid Loss:0.0840 Pair Loss:0.0656 Center Loss:1411.7237 KL Loss:353.9429 Recon Loss:0.1815 Acc:0.9982 Acc ReID:0.9990 
Epoch:64 Time:5.1 Data:0.0 Loss:1.4984 Cls Loss:1.3504 Cls reid Loss:0.0830 Pair Loss:0.0650 Center Loss:1412.3613 KL Loss:353.2321 Recon Loss:0.1815 Acc:0.9982 Acc ReID:0.9995 
Epoch:65 Time:4.1 Data:0.0 Loss:1.4923 Cls Loss:1.3487 Cls reid Loss:0.0820 Pair Loss:0.0616 Center Loss:1411.8482 KL Loss:353.0977 Recon Loss:0.1814 Acc:0.9985 Acc ReID:0.9990 
=> Test at epoch 65
==========Test with latent_z: z_c =========
Extracted features for query set, obtained torch.Size([2709, 128]) matrix
Extracted features for gallery set, obtained torch.Size([2000, 128]) matrix
Extracting features complete in 0m 6s
Distance computing in 0m 0s
Results ---------------------------------------------------
top1:21.6% top5:44.3% top10:55.5% top20:66.6% mAP:26.2%
-----------------------------------------------------------
Using 0m 0s
Classifier results ---------------------------------------------------
Query acc: 29.3% Gallery acc: 100.0% Total acc: 59.3%
ReID Classifier results ---------------------------------------------------
Query acc: 28.6% Gallery acc: 100.0% Total acc: 58.9%
Jump TSNE in test
==========Test with latent_z: new_z =========
Extracted features for query set, obtained torch.Size([2709, 1280]) matrix
Extracted features for gallery set, obtained torch.Size([2000, 1280]) matrix
Extracting features complete in 0m 8s
Distance computing in 0m 1s
Results ---------------------------------------------------
top1:27.5% top5:50.9% top10:62.3% top20:72.7% mAP:32.5%
-----------------------------------------------------------
Using 0m 1s
Classifier results ---------------------------------------------------
Query acc: 29.3% Gallery acc: 100.0% Total acc: 59.3%
ReID Classifier results ---------------------------------------------------
Query acc: 28.6% Gallery acc: 100.0% Total acc: 58.9%
Epoch:66 Time:10.7 Data:0.0 Loss:1.4871 Cls Loss:1.3467 Cls reid Loss:0.0819 Pair Loss:0.0585 Center Loss:1412.4646 KL Loss:352.8816 Recon Loss:0.1815 Acc:0.9980 Acc ReID:0.9992 
Epoch:67 Time:10.9 Data:0.0 Loss:1.4924 Cls Loss:1.3435 Cls reid Loss:0.0811 Pair Loss:0.0678 Center Loss:1412.0615 KL Loss:352.6839 Recon Loss:0.1814 Acc:0.9980 Acc ReID:0.9995 
Epoch:68 Time:8.8 Data:0.0 Loss:1.4813 Cls Loss:1.3412 Cls reid Loss:0.0805 Pair Loss:0.0596 Center Loss:1411.8941 KL Loss:352.1457 Recon Loss:0.1815 Acc:0.9985 Acc ReID:0.9990 
Epoch:69 Time:9.0 Data:0.0 Loss:1.4779 Cls Loss:1.3371 Cls reid Loss:0.0794 Pair Loss:0.0614 Center Loss:1412.1228 KL Loss:352.3868 Recon Loss:0.1815 Acc:0.9985 Acc ReID:0.9992 
Epoch:70 Time:11.7 Data:0.0 Loss:1.4676 Cls Loss:1.3335 Cls reid Loss:0.0790 Pair Loss:0.0551 Center Loss:1412.1553 KL Loss:351.8503 Recon Loss:0.1815 Acc:0.9982 Acc ReID:0.9990 
=> Test at epoch 70
==========Test with latent_z: z_c =========
Extracted features for query set, obtained torch.Size([2709, 128]) matrix
Extracted features for gallery set, obtained torch.Size([2000, 128]) matrix
Extracting features complete in 0m 7s
Distance computing in 0m 1s
Results ---------------------------------------------------
top1:21.6% top5:44.3% top10:55.5% top20:66.6% mAP:26.2%
-----------------------------------------------------------
Using 0m 1s
Classifier results ---------------------------------------------------
Query acc: 29.5% Gallery acc: 100.0% Total acc: 59.4%
ReID Classifier results ---------------------------------------------------
Query acc: 28.6% Gallery acc: 100.0% Total acc: 58.9%
Jump TSNE in test
==========Test with latent_z: new_z =========
Extracted features for query set, obtained torch.Size([2709, 1280]) matrix
Extracted features for gallery set, obtained torch.Size([2000, 1280]) matrix
Extracting features complete in 0m 6s
Distance computing in 0m 0s
Results ---------------------------------------------------
top1:27.2% top5:50.8% top10:62.4% top20:72.7% mAP:32.3%
-----------------------------------------------------------
Using 0m 1s
Classifier results ---------------------------------------------------
Query acc: 29.5% Gallery acc: 100.0% Total acc: 59.4%
ReID Classifier results ---------------------------------------------------
Query acc: 28.6% Gallery acc: 100.0% Total acc: 58.9%
Epoch:71 Time:11.5 Data:0.0 Loss:1.4660 Cls Loss:1.3297 Cls reid Loss:0.0779 Pair Loss:0.0583 Center Loss:1412.3128 KL Loss:351.6172 Recon Loss:0.1815 Acc:0.9985 Acc ReID:0.9997 
Epoch:72 Time:10.7 Data:0.0 Loss:1.4752 Cls Loss:1.3277 Cls reid Loss:0.0779 Pair Loss:0.0695 Center Loss:1411.5009 KL Loss:351.4389 Recon Loss:0.1815 Acc:0.9982 Acc ReID:0.9992 
Epoch:73 Time:9.5 Data:0.0 Loss:1.4580 Cls Loss:1.3248 Cls reid Loss:0.0773 Pair Loss:0.0559 Center Loss:1411.7792 KL Loss:351.1099 Recon Loss:0.1816 Acc:0.9982 Acc ReID:0.9992 
Epoch:74 Time:8.8 Data:0.0 Loss:1.4577 Cls Loss:1.3221 Cls reid Loss:0.0768 Pair Loss:0.0588 Center Loss:1411.2199 KL Loss:350.8725 Recon Loss:0.1815 Acc:0.9985 Acc ReID:0.9990 
Epoch:75 Time:9.6 Data:0.0 Loss:1.4583 Cls Loss:1.3199 Cls reid Loss:0.0763 Pair Loss:0.0621 Center Loss:1411.1063 KL Loss:350.5244 Recon Loss:0.1815 Acc:0.9980 Acc ReID:0.9990 
=> Test at epoch 75
==========Test with latent_z: z_c =========
Extracted features for query set, obtained torch.Size([2709, 128]) matrix
Extracted features for gallery set, obtained torch.Size([2000, 128]) matrix
Extracting features complete in 0m 7s
Distance computing in 0m 1s
Results ---------------------------------------------------
top1:21.6% top5:44.3% top10:55.5% top20:66.6% mAP:26.2%
-----------------------------------------------------------
Using 0m 0s
Classifier results ---------------------------------------------------
Query acc: 29.8% Gallery acc: 100.0% Total acc: 59.6%
ReID Classifier results ---------------------------------------------------
Query acc: 28.4% Gallery acc: 100.0% Total acc: 58.8%
Jump TSNE in test
==========Test with latent_z: new_z =========
Extracted features for query set, obtained torch.Size([2709, 1280]) matrix
Extracted features for gallery set, obtained torch.Size([2000, 1280]) matrix
Extracting features complete in 0m 4s
Distance computing in 0m 1s
Results ---------------------------------------------------
top1:27.2% top5:50.6% top10:62.5% top20:72.8% mAP:32.5%
-----------------------------------------------------------
Using 0m 0s
Classifier results ---------------------------------------------------
Query acc: 29.8% Gallery acc: 100.0% Total acc: 59.6%
ReID Classifier results ---------------------------------------------------
Query acc: 28.4% Gallery acc: 100.0% Total acc: 58.8%
Epoch:76 Time:4.2 Data:0.0 Loss:1.4454 Cls Loss:1.3153 Cls reid Loss:0.0747 Pair Loss:0.0554 Center Loss:1411.4439 KL Loss:350.2896 Recon Loss:0.1815 Acc:0.9982 Acc ReID:0.9995 
Epoch:77 Time:4.1 Data:0.0 Loss:1.4462 Cls Loss:1.3131 Cls reid Loss:0.0747 Pair Loss:0.0584 Center Loss:1410.3506 KL Loss:350.2106 Recon Loss:0.1815 Acc:0.9985 Acc ReID:0.9992 
Epoch:78 Time:5.4 Data:0.0 Loss:1.4456 Cls Loss:1.3106 Cls reid Loss:0.0740 Pair Loss:0.0610 Center Loss:1410.7618 KL Loss:350.0938 Recon Loss:0.1816 Acc:0.9985 Acc ReID:0.9995 
Epoch:79 Time:6.0 Data:0.0 Loss:1.4523 Cls Loss:1.3081 Cls reid Loss:0.0738 Pair Loss:0.0704 Center Loss:1410.4583 KL Loss:349.7099 Recon Loss:0.1815 Acc:0.9980 Acc ReID:0.9995 
Epoch:80 Time:4.9 Data:0.0 Loss:1.4359 Cls Loss:1.3048 Cls reid Loss:0.0725 Pair Loss:0.0586 Center Loss:1410.2328 KL Loss:349.5107 Recon Loss:0.1815 Acc:0.9985 Acc ReID:0.9995 
=> Test at epoch 80
==========Test with latent_z: z_c =========
Extracted features for query set, obtained torch.Size([2709, 128]) matrix
Extracted features for gallery set, obtained torch.Size([2000, 128]) matrix
Extracting features complete in 0m 5s
Distance computing in 0m 0s
Results ---------------------------------------------------
top1:21.6% top5:44.3% top10:55.5% top20:66.6% mAP:26.2%
-----------------------------------------------------------
Using 0m 0s
Classifier results ---------------------------------------------------
Query acc: 30.0% Gallery acc: 100.0% Total acc: 59.7%
ReID Classifier results ---------------------------------------------------
Query acc: 28.7% Gallery acc: 100.0% Total acc: 59.0%
Jump TSNE in test
==========Test with latent_z: new_z =========
Extracted features for query set, obtained torch.Size([2709, 1280]) matrix
Extracted features for gallery set, obtained torch.Size([2000, 1280]) matrix
Extracting features complete in 0m 4s
Distance computing in 0m 1s
Results ---------------------------------------------------
top1:27.3% top5:50.5% top10:62.3% top20:72.6% mAP:32.5%
-----------------------------------------------------------
Using 0m 0s
Classifier results ---------------------------------------------------
Query acc: 30.0% Gallery acc: 100.0% Total acc: 59.7%
ReID Classifier results ---------------------------------------------------
Query acc: 28.7% Gallery acc: 100.0% Total acc: 59.0%
Epoch:81 Time:7.2 Data:0.0 Loss:1.4329 Cls Loss:1.3002 Cls reid Loss:0.0716 Pair Loss:0.0611 Center Loss:1410.6298 KL Loss:349.0618 Recon Loss:0.1814 Acc:0.9985 Acc ReID:0.9995 
Epoch:82 Time:5.8 Data:0.0 Loss:1.4330 Cls Loss:1.2989 Cls reid Loss:0.0710 Pair Loss:0.0631 Center Loss:1410.2710 KL Loss:349.2700 Recon Loss:0.1815 Acc:0.9982 Acc ReID:0.9995 
Epoch:83 Time:6.1 Data:0.0 Loss:1.4258 Cls Loss:1.2965 Cls reid Loss:0.0705 Pair Loss:0.0588 Center Loss:1410.0582 KL Loss:349.1429 Recon Loss:0.1815 Acc:0.9982 Acc ReID:0.9990 
Epoch:84 Time:4.0 Data:0.0 Loss:1.4210 Cls Loss:1.2922 Cls reid Loss:0.0691 Pair Loss:0.0598 Center Loss:1410.4787 KL Loss:349.0858 Recon Loss:0.1815 Acc:0.9977 Acc ReID:0.9992 
Epoch:85 Time:4.1 Data:0.0 Loss:1.4178 Cls Loss:1.2901 Cls reid Loss:0.0694 Pair Loss:0.0584 Center Loss:1410.5578 KL Loss:349.2869 Recon Loss:0.1815 Acc:0.9982 Acc ReID:0.9990 
=> Test at epoch 85
==========Test with latent_z: z_c =========
Extracted features for query set, obtained torch.Size([2709, 128]) matrix
Extracted features for gallery set, obtained torch.Size([2000, 128]) matrix
Extracting features complete in 0m 4s
Distance computing in 0m 0s
Results ---------------------------------------------------
top1:21.6% top5:44.3% top10:55.5% top20:66.6% mAP:26.2%
-----------------------------------------------------------
Using 0m 0s
Classifier results ---------------------------------------------------
Query acc: 29.7% Gallery acc: 100.0% Total acc: 59.6%
ReID Classifier results ---------------------------------------------------
Query acc: 28.7% Gallery acc: 100.0% Total acc: 59.0%
Jump TSNE in test
==========Test with latent_z: new_z =========
Extracted features for query set, obtained torch.Size([2709, 1280]) matrix
Extracted features for gallery set, obtained torch.Size([2000, 1280]) matrix
Extracting features complete in 0m 5s
Distance computing in 0m 1s
Results ---------------------------------------------------
top1:27.1% top5:50.5% top10:62.3% top20:72.5% mAP:32.5%
-----------------------------------------------------------
Using 0m 0s
Classifier results ---------------------------------------------------
Query acc: 29.7% Gallery acc: 100.0% Total acc: 59.6%
ReID Classifier results ---------------------------------------------------
Query acc: 28.7% Gallery acc: 100.0% Total acc: 59.0%
Epoch:86 Time:7.9 Data:0.0 Loss:1.4212 Cls Loss:1.2877 Cls reid Loss:0.0686 Pair Loss:0.0649 Center Loss:1409.1346 KL Loss:349.1042 Recon Loss:0.1815 Acc:0.9985 Acc ReID:0.9990 
Epoch:87 Time:6.7 Data:0.0 Loss:1.4146 Cls Loss:1.2839 Cls reid Loss:0.0673 Pair Loss:0.0633 Center Loss:1410.6136 KL Loss:349.2220 Recon Loss:0.1815 Acc:0.9982 Acc ReID:0.9990 
Epoch:88 Time:6.0 Data:0.0 Loss:1.4111 Cls Loss:1.2821 Cls reid Loss:0.0674 Pair Loss:0.0616 Center Loss:1409.4741 KL Loss:349.0940 Recon Loss:0.1815 Acc:0.9982 Acc ReID:0.9992 
Epoch:89 Time:7.1 Data:0.0 Loss:1.4058 Cls Loss:1.2793 Cls reid Loss:0.0665 Pair Loss:0.0599 Center Loss:1409.5903 KL Loss:349.0490 Recon Loss:0.1815 Acc:0.9980 Acc ReID:0.9992 
Epoch:90 Time:5.9 Data:0.0 Loss:1.4036 Cls Loss:1.2756 Cls reid Loss:0.0657 Pair Loss:0.0623 Center Loss:1409.3206 KL Loss:349.4438 Recon Loss:0.1815 Acc:0.9977 Acc ReID:0.9992 
=> Test at epoch 90
==========Test with latent_z: z_c =========
Extracted features for query set, obtained torch.Size([2709, 128]) matrix
Extracted features for gallery set, obtained torch.Size([2000, 128]) matrix
Extracting features complete in 0m 5s
Distance computing in 0m 1s
Results ---------------------------------------------------
top1:21.6% top5:44.3% top10:55.5% top20:66.6% mAP:26.2%
-----------------------------------------------------------
Using 0m 0s
Classifier results ---------------------------------------------------
Query acc: 29.8% Gallery acc: 100.0% Total acc: 59.6%
ReID Classifier results ---------------------------------------------------
Query acc: 28.3% Gallery acc: 100.0% Total acc: 58.7%
Jump TSNE in test
==========Test with latent_z: new_z =========
Extracted features for query set, obtained torch.Size([2709, 1280]) matrix
Extracted features for gallery set, obtained torch.Size([2000, 1280]) matrix
Extracting features complete in 0m 3s
Distance computing in 0m 0s
Results ---------------------------------------------------
top1:27.5% top5:50.6% top10:62.6% top20:72.7% mAP:32.6%
-----------------------------------------------------------
Using 0m 0s
Classifier results ---------------------------------------------------
Query acc: 29.8% Gallery acc: 100.0% Total acc: 59.6%
ReID Classifier results ---------------------------------------------------
Query acc: 28.3% Gallery acc: 100.0% Total acc: 58.7%
Epoch:91 Time:4.6 Data:0.0 Loss:1.3995 Cls Loss:1.2728 Cls reid Loss:0.0655 Pair Loss:0.0612 Center Loss:1409.2584 KL Loss:349.0317 Recon Loss:0.1815 Acc:0.9982 Acc ReID:0.9995 
Epoch:92 Time:6.4 Data:0.0 Loss:1.3922 Cls Loss:1.2703 Cls reid Loss:0.0652 Pair Loss:0.0567 Center Loss:1408.8696 KL Loss:349.1081 Recon Loss:0.1815 Acc:0.9982 Acc ReID:0.9992 
Epoch:93 Time:5.6 Data:0.0 Loss:1.3938 Cls Loss:1.2676 Cls reid Loss:0.0636 Pair Loss:0.0627 Center Loss:1409.5095 KL Loss:349.2190 Recon Loss:0.1816 Acc:0.9982 Acc ReID:0.9992 
Epoch:94 Time:5.7 Data:0.0 Loss:1.3881 Cls Loss:1.2646 Cls reid Loss:0.0633 Pair Loss:0.0602 Center Loss:1409.2217 KL Loss:349.1445 Recon Loss:0.1815 Acc:0.9982 Acc ReID:0.9992 
Epoch:95 Time:7.5 Data:0.0 Loss:1.3844 Cls Loss:1.2616 Cls reid Loss:0.0628 Pair Loss:0.0600 Center Loss:1408.4005 KL Loss:348.9176 Recon Loss:0.1815 Acc:0.9985 Acc ReID:0.9990 
=> Test at epoch 95
==========Test with latent_z: z_c =========
Extracted features for query set, obtained torch.Size([2709, 128]) matrix
Extracted features for gallery set, obtained torch.Size([2000, 128]) matrix
Extracting features complete in 0m 4s
Distance computing in 0m 0s
Results ---------------------------------------------------
top1:21.6% top5:44.3% top10:55.5% top20:66.6% mAP:26.2%
-----------------------------------------------------------
Using 0m 0s
Classifier results ---------------------------------------------------
Query acc: 29.6% Gallery acc: 100.0% Total acc: 59.5%
ReID Classifier results ---------------------------------------------------
Query acc: 28.7% Gallery acc: 100.0% Total acc: 59.0%
Jump TSNE in test
==========Test with latent_z: new_z =========
Extracted features for query set, obtained torch.Size([2709, 1280]) matrix
Extracted features for gallery set, obtained torch.Size([2000, 1280]) matrix
Extracting features complete in 0m 4s
Distance computing in 0m 0s
Results ---------------------------------------------------
top1:27.4% top5:50.5% top10:62.6% top20:72.8% mAP:32.6%
-----------------------------------------------------------
Using 0m 0s
Classifier results ---------------------------------------------------
Query acc: 29.6% Gallery acc: 100.0% Total acc: 59.5%
ReID Classifier results ---------------------------------------------------
Query acc: 28.7% Gallery acc: 100.0% Total acc: 59.0%
Epoch:96 Time:7.2 Data:0.0 Loss:1.3724 Cls Loss:1.2584 Cls reid Loss:0.0613 Pair Loss:0.0527 Center Loss:1409.1074 KL Loss:348.8835 Recon Loss:0.1814 Acc:0.9982 Acc ReID:0.9995 
Epoch:97 Time:5.7 Data:0.0 Loss:1.3689 Cls Loss:1.2560 Cls reid Loss:0.0608 Pair Loss:0.0521 Center Loss:1409.5821 KL Loss:349.1641 Recon Loss:0.1815 Acc:0.9982 Acc ReID:0.9995 
Epoch:98 Time:5.4 Data:0.0 Loss:1.3727 Cls Loss:1.2531 Cls reid Loss:0.0603 Pair Loss:0.0593 Center Loss:1409.1095 KL Loss:348.9359 Recon Loss:0.1814 Acc:0.9985 Acc ReID:0.9992 
Epoch:99 Time:6.4 Data:0.0 Loss:1.3722 Cls Loss:1.2502 Cls reid Loss:0.0601 Pair Loss:0.0618 Center Loss:1408.3989 KL Loss:349.3966 Recon Loss:0.1815 Acc:0.9985 Acc ReID:0.9992 
Epoch:100 Time:5.9 Data:0.0 Loss:1.3642 Cls Loss:1.2472 Cls reid Loss:0.0592 Pair Loss:0.0579 Center Loss:1408.8399 KL Loss:349.2246 Recon Loss:0.1815 Acc:0.9982 Acc ReID:0.9995 
=> Test at epoch 100
==========Test with latent_z: z_c =========
Extracted features for query set, obtained torch.Size([2709, 128]) matrix
Extracted features for gallery set, obtained torch.Size([2000, 128]) matrix
Extracting features complete in 0m 5s
Distance computing in 0m 0s
Results ---------------------------------------------------
top1:21.6% top5:44.3% top10:55.5% top20:66.6% mAP:26.2%
-----------------------------------------------------------
Using 0m 0s
Classifier results ---------------------------------------------------
Query acc: 29.9% Gallery acc: 100.0% Total acc: 59.7%
ReID Classifier results ---------------------------------------------------
Query acc: 28.5% Gallery acc: 100.0% Total acc: 58.8%
Jump TSNE in test
==========Test with latent_z: new_z =========
Extracted features for query set, obtained torch.Size([2709, 1280]) matrix
Extracted features for gallery set, obtained torch.Size([2000, 1280]) matrix
Extracting features complete in 0m 4s
Distance computing in 0m 0s
Results ---------------------------------------------------
top1:27.3% top5:50.9% top10:62.2% top20:72.8% mAP:32.6%
-----------------------------------------------------------
Using 0m 0s
Classifier results ---------------------------------------------------
Query acc: 29.9% Gallery acc: 100.0% Total acc: 59.7%
ReID Classifier results ---------------------------------------------------
Query acc: 28.5% Gallery acc: 100.0% Total acc: 58.8%
Epoch:101 Time:6.8 Data:0.0 Loss:1.3586 Cls Loss:1.2438 Cls reid Loss:0.0586 Pair Loss:0.0562 Center Loss:1408.6620 KL Loss:349.1944 Recon Loss:0.1815 Acc:0.9985 Acc ReID:0.9992 
Epoch:102 Time:5.0 Data:0.0 Loss:1.3589 Cls Loss:1.2418 Cls reid Loss:0.0585 Pair Loss:0.0586 Center Loss:1409.0158 KL Loss:349.2659 Recon Loss:0.1815 Acc:0.9982 Acc ReID:0.9990 
Epoch:103 Time:6.3 Data:0.0 Loss:1.3610 Cls Loss:1.2392 Cls reid Loss:0.0578 Pair Loss:0.0640 Center Loss:1408.4807 KL Loss:349.0762 Recon Loss:0.1815 Acc:0.9980 Acc ReID:0.9995 
Epoch:104 Time:5.8 Data:0.0 Loss:1.3484 Cls Loss:1.2356 Cls reid Loss:0.0566 Pair Loss:0.0562 Center Loss:1407.6684 KL Loss:349.0080 Recon Loss:0.1815 Acc:0.9987 Acc ReID:0.9995 
Epoch:105 Time:6.2 Data:0.0 Loss:1.3424 Cls Loss:1.2330 Cls reid Loss:0.0566 Pair Loss:0.0528 Center Loss:1408.0543 KL Loss:349.1566 Recon Loss:0.1815 Acc:0.9982 Acc ReID:0.9990 
=> Test at epoch 105
==========Test with latent_z: z_c =========
Extracted features for query set, obtained torch.Size([2709, 128]) matrix
Extracted features for gallery set, obtained torch.Size([2000, 128]) matrix
Extracting features complete in 0m 5s
Distance computing in 0m 1s
Results ---------------------------------------------------
top1:21.6% top5:44.3% top10:55.5% top20:66.6% mAP:26.2%
-----------------------------------------------------------
Using 0m 0s
Classifier results ---------------------------------------------------
Query acc: 29.6% Gallery acc: 100.0% Total acc: 59.5%
ReID Classifier results ---------------------------------------------------
Query acc: 28.7% Gallery acc: 100.0% Total acc: 59.0%
Jump TSNE in test
==========Test with latent_z: new_z =========
Extracted features for query set, obtained torch.Size([2709, 1280]) matrix
Extracted features for gallery set, obtained torch.Size([2000, 1280]) matrix
Extracting features complete in 0m 4s
Distance computing in 0m 0s
Results ---------------------------------------------------
top1:27.6% top5:51.0% top10:62.5% top20:72.8% mAP:32.7%
-----------------------------------------------------------
Using 0m 0s
Classifier results ---------------------------------------------------
Query acc: 29.6% Gallery acc: 100.0% Total acc: 59.5%
ReID Classifier results ---------------------------------------------------
Query acc: 28.7% Gallery acc: 100.0% Total acc: 59.0%
Epoch:106 Time:6.1 Data:0.0 Loss:1.3480 Cls Loss:1.2301 Cls reid Loss:0.0568 Pair Loss:0.0611 Center Loss:1407.6582 KL Loss:349.3736 Recon Loss:0.1814 Acc:0.9982 Acc ReID:0.9992 
Epoch:107 Time:7.2 Data:0.0 Loss:1.3408 Cls Loss:1.2270 Cls reid Loss:0.0558 Pair Loss:0.0580 Center Loss:1407.7882 KL Loss:348.8400 Recon Loss:0.1814 Acc:0.9980 Acc ReID:0.9992 
Epoch:108 Time:5.7 Data:0.0 Loss:1.3389 Cls Loss:1.2254 Cls reid Loss:0.0548 Pair Loss:0.0588 Center Loss:1408.7177 KL Loss:349.3949 Recon Loss:0.1815 Acc:0.9985 Acc ReID:0.9995 
Epoch:109 Time:5.9 Data:0.0 Loss:1.3325 Cls Loss:1.2221 Cls reid Loss:0.0551 Pair Loss:0.0553 Center Loss:1407.1419 KL Loss:349.1160 Recon Loss:0.1815 Acc:0.9980 Acc ReID:0.9992 
Epoch:110 Time:6.2 Data:0.0 Loss:1.3242 Cls Loss:1.2188 Cls reid Loss:0.0534 Pair Loss:0.0521 Center Loss:1408.1456 KL Loss:348.9549 Recon Loss:0.1815 Acc:0.9985 Acc ReID:0.9995 
=> Test at epoch 110
==========Test with latent_z: z_c =========
Extracted features for query set, obtained torch.Size([2709, 128]) matrix
Extracted features for gallery set, obtained torch.Size([2000, 128]) matrix
Extracting features complete in 0m 4s
Distance computing in 0m 0s
Results ---------------------------------------------------
top1:21.6% top5:44.3% top10:55.5% top20:66.6% mAP:26.2%
-----------------------------------------------------------
Using 0m 0s
Classifier results ---------------------------------------------------
Query acc: 29.3% Gallery acc: 100.0% Total acc: 59.4%
ReID Classifier results ---------------------------------------------------
Query acc: 28.9% Gallery acc: 100.0% Total acc: 59.1%
Jump TSNE in test
==========Test with latent_z: new_z =========
Extracted features for query set, obtained torch.Size([2709, 1280]) matrix
Extracted features for gallery set, obtained torch.Size([2000, 1280]) matrix
Extracting features complete in 0m 4s
Distance computing in 0m 0s
Results ---------------------------------------------------
top1:27.6% top5:50.5% top10:62.1% top20:72.8% mAP:32.7%
-----------------------------------------------------------
Using 0m 0s
Classifier results ---------------------------------------------------
Query acc: 29.3% Gallery acc: 100.0% Total acc: 59.4%
ReID Classifier results ---------------------------------------------------
Query acc: 28.9% Gallery acc: 100.0% Total acc: 59.1%
Epoch:111 Time:5.2 Data:0.0 Loss:1.3183 Cls Loss:1.2171 Cls reid Loss:0.0528 Pair Loss:0.0485 Center Loss:1408.3266 KL Loss:349.2823 Recon Loss:0.1815 Acc:0.9985 Acc ReID:0.9990 
Epoch:112 Time:5.3 Data:0.0 Loss:1.3199 Cls Loss:1.2140 Cls reid Loss:0.0527 Pair Loss:0.0532 Center Loss:1407.4868 KL Loss:349.1382 Recon Loss:0.1815 Acc:0.9982 Acc ReID:0.9990 
Epoch:113 Time:6.4 Data:0.0 Loss:1.3150 Cls Loss:1.2111 Cls reid Loss:0.0519 Pair Loss:0.0520 Center Loss:1407.5241 KL Loss:349.1095 Recon Loss:0.1815 Acc:0.9982 Acc ReID:0.9992 
Epoch:114 Time:4.8 Data:0.0 Loss:1.3180 Cls Loss:1.2075 Cls reid Loss:0.0519 Pair Loss:0.0585 Center Loss:1407.5638 KL Loss:348.9626 Recon Loss:0.1815 Acc:0.9985 Acc ReID:0.9992 
Epoch:115 Time:6.9 Data:0.0 Loss:1.3097 Cls Loss:1.2059 Cls reid Loss:0.0513 Pair Loss:0.0526 Center Loss:1407.6844 KL Loss:349.0875 Recon Loss:0.1815 Acc:0.9982 Acc ReID:0.9995 
=> Test at epoch 115
==========Test with latent_z: z_c =========
Extracted features for query set, obtained torch.Size([2709, 128]) matrix
Extracted features for gallery set, obtained torch.Size([2000, 128]) matrix
Extracting features complete in 0m 4s
Distance computing in 0m 0s
Results ---------------------------------------------------
top1:21.6% top5:44.3% top10:55.5% top20:66.6% mAP:26.2%
-----------------------------------------------------------
Using 0m 0s
Classifier results ---------------------------------------------------
Query acc: 29.6% Gallery acc: 100.0% Total acc: 59.5%
ReID Classifier results ---------------------------------------------------
Query acc: 28.9% Gallery acc: 100.0% Total acc: 59.1%
Jump TSNE in test
==========Test with latent_z: new_z =========
Extracted features for query set, obtained torch.Size([2709, 1280]) matrix
Extracted features for gallery set, obtained torch.Size([2000, 1280]) matrix
Extracting features complete in 0m 4s
Distance computing in 0m 0s
Results ---------------------------------------------------
top1:27.8% top5:50.9% top10:62.0% top20:72.7% mAP:32.8%
-----------------------------------------------------------
Using 0m 0s
Classifier results ---------------------------------------------------
Query acc: 29.6% Gallery acc: 100.0% Total acc: 59.5%
ReID Classifier results ---------------------------------------------------
Query acc: 28.9% Gallery acc: 100.0% Total acc: 59.1%
Epoch:116 Time:6.4 Data:0.0 Loss:1.3049 Cls Loss:1.2016 Cls reid Loss:0.0504 Pair Loss:0.0529 Center Loss:1407.3346 KL Loss:349.1835 Recon Loss:0.1815 Acc:0.9982 Acc ReID:0.9995 
Epoch:117 Time:4.5 Data:0.0 Loss:1.3072 Cls Loss:1.2009 Cls reid Loss:0.0508 Pair Loss:0.0554 Center Loss:1407.1119 KL Loss:349.1692 Recon Loss:0.1815 Acc:0.9982 Acc ReID:0.9992 
Epoch:118 Time:4.2 Data:0.0 Loss:1.3074 Cls Loss:1.1970 Cls reid Loss:0.0506 Pair Loss:0.0598 Center Loss:1406.4738 KL Loss:349.2066 Recon Loss:0.1815 Acc:0.9985 Acc ReID:0.9990 
Epoch:119 Time:4.2 Data:0.0 Loss:1.2973 Cls Loss:1.1947 Cls reid Loss:0.0498 Pair Loss:0.0528 Center Loss:1406.7535 KL Loss:349.2063 Recon Loss:0.1815 Acc:0.9985 Acc ReID:0.9995 
Epoch:120 Time:6.8 Data:0.0 Loss:1.2934 Cls Loss:1.1920 Cls reid Loss:0.0488 Pair Loss:0.0525 Center Loss:1407.4397 KL Loss:349.1370 Recon Loss:0.1815 Acc:0.9982 Acc ReID:0.9995 
=> Test at epoch 120
==========Test with latent_z: z_c =========
Extracted features for query set, obtained torch.Size([2709, 128]) matrix
Extracted features for gallery set, obtained torch.Size([2000, 128]) matrix
Extracting features complete in 0m 5s
Distance computing in 0m 0s
Results ---------------------------------------------------
top1:21.6% top5:44.3% top10:55.5% top20:66.6% mAP:26.2%
-----------------------------------------------------------
Using 0m 0s
Classifier results ---------------------------------------------------
Query acc: 29.6% Gallery acc: 100.0% Total acc: 59.5%
ReID Classifier results ---------------------------------------------------
Query acc: 28.8% Gallery acc: 100.0% Total acc: 59.0%
Jump TSNE in test
==========Test with latent_z: new_z =========
Extracted features for query set, obtained torch.Size([2709, 1280]) matrix
Extracted features for gallery set, obtained torch.Size([2000, 1280]) matrix
Extracting features complete in 0m 4s
Distance computing in 0m 0s
Results ---------------------------------------------------
top1:27.4% top5:50.9% top10:62.3% top20:72.8% mAP:32.6%
-----------------------------------------------------------
Using 0m 0s
Classifier results ---------------------------------------------------
Query acc: 29.6% Gallery acc: 100.0% Total acc: 59.5%
ReID Classifier results ---------------------------------------------------
Query acc: 28.8% Gallery acc: 100.0% Total acc: 59.0%
Keep checkpoint file: checkpoint_ep120.pth.tar
=> Best Rank-1 27.8%, mAP 32.8% achieved at epoch 115
Finished. Total elapsed time (h:m:s): 0:17:52. Training time (h:m:s): 0:13:01.
Shutting down background jobs, please wait a moment...
Done!
Waiting for the remaining 39 operations to synchronize with Neptune. Do not kill this process.
All 39 operations synced, thanks for waiting!
Explore the metadata in the Neptune app:
https://app.neptune.ai/Zhengwei-Lab/MayCVAE/e/MAY-699/metadata
