https://app.neptune.ai/Zhengwei-Lab/MayCVAE/e/MAY-675
=> merge config from ./configs/base_duke/clipreid_cvae_stage2_tripwrt.yaml
/home/zhengwei/Desktop/Zhengwei/Projects/CVAE/main.py:91: NeptuneUnsupportedType: You're attempting to log a type that is not directly supported by Neptune (<class 'list'>).
        Convert the value to a supported type, such as a string or float, or use stringify_unsupported(obj)
        for dictionaries or collections that contain unsupported values.
        For more, see https://docs.neptune.ai/help/value_of_unsupported_type
  run["parameters"] = param
=> Configurations:
-------------------------
AMP: True
AUG:
  RC_PROB: 0.5
  RE_PROB: 0.5
DATA:
  CUHK03_CLASSIC_SPLIT: False
  CUHK03_LABELED: False
  DATASET: duke
  FORMAT_TAG: tensor
  HEIGHT: 256
  NUM_INSTANCES: 4
  NUM_WORKERS: 4
  ROOT: /home/zhengwei/Desktop/Zhengwei/Projects/datasets
  SPLIT_ID: 0
  TEST_BATCH: 512
  TRAIN_BATCH: 64
  TRAIN_FORMAT: base
  WIDTH: 128
EVAL_MODE: False
GPU: 0
LOSS:
  CLA_LOSS: crossentropy
  CLA_M: 0.0
  CLA_S: 16.0
  PAIR_LOSS: triplet_wrt
  PAIR_M: 0.3
  PAIR_S: 16.0
  RECON_LOSS: mse
  USE_NCE: False
MODEL:
  CONDITIONAL: False
  FEATURE_DIM: 1280
  FEAT_FUSION: True
  FLOW_TYPE: 
  GAUSSIAN: MultivariateNormal
  HIDDEN_DIM: 256
  LATENT_SIZE: 64
  NAME: CVAE
  ONLY_CVAE_KL: False
  ONLY_X_INPUT: False
  PRETRAIN: CLIPreidNew
  RES4_STRIDE: 1
  RESUME: /home/zhengwei/Desktop/Zhengwei/Projects/CVAE/outputs/duke/clipreid_simplevae_base/2024-07-26/SimpleVAE_15k_128+64z_1e3_60+120_KLtotalZ_noCLS
  STYLE_NUM: 0
  TRAIN_STAGE: reidstage
  USE_CENTROID: False
  USE_TWO_ENCODER: False
  VAE_TYPE: SinpleVAE
  ZC_DIM: 128
  ZS_DIM: 64
OUTPUT: /home/zhengwei/Desktop/Zhengwei/Projects/CVAE/outputs/duke/clipreid_simplevae_base/2024-07-26/SimpleVAE_15k_128+64z_1e3_60+120_KLtotalZ_noCLS/reid_crossentropy/2024-07-27/2nd_SimpleVAE_15k_128+64z_warm5+1e3+d1e4_10+30_KLtotalZ_L1280_ReIDZnew+tripwrt+ce_distClsZc+ce
SAVED_NAME: 2nd_SimpleVAE_15k_128+64z_warm5+1e3+d1e4_10+30_KLtotalZ_L1280_ReIDZnew+tripwrt+ce_distClsZc+ce
SEED: 0
TAG: clipreid_simplevae_base
TEST:
  DISTANCE: cosine
  EVAL_STEP: 1
  START_EVAL: 4
TRAIN:
  AMP: False
  LR_SCHEDULER:
    DECAY_RATE: 0.1
    NAME: MultiStepLR
    STEPSIZE: [10]
  MAX_EPOCH: 30
  OPTIMIZER:
    LR: 0.001
    NAME: adam
    SGDLR: 0.01
    SGD_MOMENTUM: 0.9
    SGD_WEIGHT_DECAY: 0.0005
    WEIGHT_DECAY: 0.0001
  START_EPOCH: 0
----------------------
Initializing dataset duke
Warning: string series 'monitoring/031d4187/stdout' value was longer than 1000 characters and was truncated. This warning is printed only once per series.
=> DukeMTMC-reID tensor loaded
Dataset statistics:
  ------------------------------
  subset   | # ids | # images
  ------------------------------
  train    |   702 |    16522
  query    |   702 |     2228
  gallery  |  1110 |    17661
  ------------------------------
  total    |  1404 |    36411
  ------------------------------
Initializing SinpleVAE model
Model size: 2.47413M
[INFO] Register count_relu() for <class 'torch.nn.modules.activation.LeakyReLU'>.
[INFO] Register count_linear() for <class 'torch.nn.modules.linear.Linear'>.
[INFO] Register count_normalization() for <class 'torch.nn.modules.batchnorm.BatchNorm1d'>.
[INFO] Register zero_ops() for <class 'torch.nn.modules.activation.ReLU'>.
[INFO] Register zero_ops() for <class 'torch.nn.modules.dropout.Dropout'>.
[INFO] Register zero_ops() for <class 'torch.nn.modules.container.Sequential'>.
FLOPs: 0.13191G
Params: 2.06325M
Initialized classifier with feature_dim: 1280, num_classes: 702
Classifier size: 0.89926M
reid_projector.weight is tuneable
i2t_projector.weight is tuneable
i2t_projector.bias is tuneable
=> Start Training REID model
Loading checkpoint from '/home/zhengwei/Desktop/Zhengwei/Projects/CVAE/outputs/duke/clipreid_simplevae_base/2024-07-26/SimpleVAE_15k_128+64z_1e3_60+120_KLtotalZ_noCLS/best_model.pth.tar'
Ignores parameter:  reid_projector.weight
Ignores parameter:  i2t_projector.weight
Ignores parameter:  i2t_projector.bias
orginal best rank1 = 0.8438061041292639
=> Start evaluation only 
=> Test pretarined feature form VLP model
Normalizing features
Normalizing features
Extracted features for query set, obtained torch.Size([2228, 1280]) matrix
Extracted features for gallery set, obtained torch.Size([17661, 1280]) matrix
Extracting features complete in 0m 5s
Distance computing in 0m 0s
Computing CMC and mAP
Results ---------------------------------------------------
top1:91.2% top5:95.8% top10:96.9% top20:97.8% mAP:82.8%
-----------------------------------------------------------
Using 0m 2s
==========Test with latent_z: new_z =========
Extracted features for query set, obtained torch.Size([2228, 1280]) matrix
Extracted features for gallery set, obtained torch.Size([17661, 1280]) matrix
Extracting features complete in 0m 7s
Distance computing in 0m 1s
Results ---------------------------------------------------
top1:84.2% top5:91.6% top10:93.6% top20:94.9% mAP:70.2%
-----------------------------------------------------------
Using 0m 2s
Classifier results ---------------------------------------------------
Query acc: 0.0% Gallery acc: 0.1% Total acc: 0.0%
ReID Classifier results ---------------------------------------------------
Query acc: 0.0% Gallery acc: 0.1% Total acc: 0.1%
==========Test with latent_z: z_c =========
Extracted features for query set, obtained torch.Size([2228, 128]) matrix
Extracted features for gallery set, obtained torch.Size([17661, 128]) matrix
Extracting features complete in 0m 9s
Distance computing in 0m 0s
Results ---------------------------------------------------
top1:83.8% top5:91.5% top10:93.5% top20:94.9% mAP:69.6%
-----------------------------------------------------------
Using 0m 3s
Classifier results ---------------------------------------------------
Query acc: 0.0% Gallery acc: 0.1% Total acc: 0.0%
ReID Classifier results ---------------------------------------------------
Query acc: 0.0% Gallery acc: 0.1% Total acc: 0.1%
=> Start training
/home/zhengwei/Desktop/Zhengwei/Projects/CVAE/losses/triplet_loss.py:122: UserWarning: This overload of addmm_ is deprecated:
	addmm_(Number beta, Number alpha, Tensor mat1, Tensor mat2)
Consider using one of the following signatures instead:
	addmm_(Tensor mat1, Tensor mat2, *, Number beta, Number alpha) (Triggered internally at /opt/conda/conda-bld/pytorch_1670525539683/work/torch/csrc/utils/python_arg_parser.cpp:1420.)
  dist_mtx = dist_mtx.addmm_(1, -2, emb1, emb2.t())
Epoch:1 Time:15.4 Data:0.0 Loss:11.9899 Cls Loss:5.4686 Cls reid Loss:5.4065 Pair Loss:1.1148 Center Loss:1496.3019 KL Loss:291.7607 Recon Loss:0.1230 Acc:0.2816 Acc ReID:0.3179 
Epoch:2 Time:20.2 Data:0.0 Loss:6.2117 Cls Loss:3.3542 Cls reid Loss:2.7758 Pair Loss:0.0818 Center Loss:1450.1882 KL Loss:290.6046 Recon Loss:0.1230 Acc:0.7254 Acc ReID:0.7064 
Epoch:3 Time:28.1 Data:0.0 Loss:2.9880 Cls Loss:2.0003 Cls reid Loss:0.9218 Pair Loss:0.0658 Center Loss:1446.0364 KL Loss:289.4490 Recon Loss:0.1229 Acc:0.9573 Acc ReID:0.9390 
Epoch:4 Time:28.7 Data:0.0 Loss:1.8158 Cls Loss:1.4781 Cls reid Loss:0.3034 Pair Loss:0.0344 Center Loss:1437.0982 KL Loss:288.2977 Recon Loss:0.1230 Acc:0.9876 Acc ReID:0.9817 
Epoch:5 Time:31.6 Data:0.0 Loss:1.4294 Cls Loss:1.2603 Cls reid Loss:0.1478 Pair Loss:0.0213 Center Loss:1432.0757 KL Loss:287.3605 Recon Loss:0.1230 Acc:0.9892 Acc ReID:0.9865 
=> Test at epoch 5
==========Test with latent_z: z_c =========
Extracted features for query set, obtained torch.Size([2228, 128]) matrix
Extracted features for gallery set, obtained torch.Size([17661, 128]) matrix
Extracting features complete in 0m 13s
Distance computing in 0m 1s
Results ---------------------------------------------------
top1:83.8% top5:91.5% top10:93.5% top20:94.9% mAP:69.6%
-----------------------------------------------------------
Using 0m 6s
Classifier results ---------------------------------------------------
Query acc: 0.0% Gallery acc: 0.0% Total acc: 0.0%
ReID Classifier results ---------------------------------------------------
Query acc: 0.0% Gallery acc: 0.1% Total acc: 0.1%
==========Test with latent_z: new_z =========
Extracted features for query set, obtained torch.Size([2228, 1280]) matrix
Extracted features for gallery set, obtained torch.Size([17661, 1280]) matrix
Extracting features complete in 0m 14s
Distance computing in 0m 1s
Results ---------------------------------------------------
top1:87.5% top5:93.5% top10:94.9% top20:96.3% mAP:76.2%
-----------------------------------------------------------
Using 0m 4s
Classifier results ---------------------------------------------------
Query acc: 0.0% Gallery acc: 0.0% Total acc: 0.0%
ReID Classifier results ---------------------------------------------------
Query acc: 0.0% Gallery acc: 0.1% Total acc: 0.1%
Epoch:6 Time:31.1 Data:0.0 Loss:1.1828 Cls Loss:1.0730 Cls reid Loss:0.0955 Pair Loss:0.0143 Center Loss:1429.0030 KL Loss:286.1224 Recon Loss:0.1230 Acc:0.9908 Acc ReID:0.9904 
=> Test at epoch 6
==========Test with latent_z: z_c =========
Extracted features for query set, obtained torch.Size([2228, 128]) matrix
Extracted features for gallery set, obtained torch.Size([17661, 128]) matrix
Extracting features complete in 0m 15s
Distance computing in 0m 1s
Results ---------------------------------------------------
top1:83.8% top5:91.5% top10:93.5% top20:94.9% mAP:69.6%
-----------------------------------------------------------
Using 0m 4s
Classifier results ---------------------------------------------------
Query acc: 0.0% Gallery acc: 0.1% Total acc: 0.1%
ReID Classifier results ---------------------------------------------------
Query acc: 0.1% Gallery acc: 0.1% Total acc: 0.1%
==========Test with latent_z: new_z =========
Extracted features for query set, obtained torch.Size([2228, 1280]) matrix
Extracted features for gallery set, obtained torch.Size([17661, 1280]) matrix
Extracting features complete in 0m 10s
Distance computing in 0m 1s
Results ---------------------------------------------------
top1:87.3% top5:93.6% top10:95.1% top20:96.4% mAP:76.2%
-----------------------------------------------------------
Using 0m 5s
Classifier results ---------------------------------------------------
Query acc: 0.0% Gallery acc: 0.1% Total acc: 0.1%
ReID Classifier results ---------------------------------------------------
Query acc: 0.1% Gallery acc: 0.1% Total acc: 0.1%
Epoch:7 Time:23.9 Data:0.0 Loss:1.0172 Cls Loss:0.9212 Cls reid Loss:0.0822 Pair Loss:0.0138 Center Loss:1427.3013 KL Loss:285.1412 Recon Loss:0.1230 Acc:0.9916 Acc ReID:0.9893 
=> Test at epoch 7
==========Test with latent_z: z_c =========
Extracted features for query set, obtained torch.Size([2228, 128]) matrix
Extracted features for gallery set, obtained torch.Size([17661, 128]) matrix
Extracting features complete in 0m 16s
Distance computing in 0m 0s
Results ---------------------------------------------------
top1:83.8% top5:91.5% top10:93.5% top20:94.9% mAP:69.6%
-----------------------------------------------------------
Using 0m 5s
Classifier results ---------------------------------------------------
Query acc: 0.0% Gallery acc: 0.0% Total acc: 0.0%
ReID Classifier results ---------------------------------------------------
Query acc: 0.1% Gallery acc: 0.1% Total acc: 0.1%
==========Test with latent_z: new_z =========
Extracted features for query set, obtained torch.Size([2228, 1280]) matrix
Extracted features for gallery set, obtained torch.Size([17661, 1280]) matrix
Extracting features complete in 0m 13s
Distance computing in 0m 1s
Results ---------------------------------------------------
top1:87.6% top5:93.8% top10:95.2% top20:96.2% mAP:76.2%
-----------------------------------------------------------
Using 0m 4s
Classifier results ---------------------------------------------------
Query acc: 0.0% Gallery acc: 0.0% Total acc: 0.0%
ReID Classifier results ---------------------------------------------------
Query acc: 0.1% Gallery acc: 0.1% Total acc: 0.1%
Epoch:8 Time:24.7 Data:0.0 Loss:0.8878 Cls Loss:0.8028 Cls reid Loss:0.0722 Pair Loss:0.0129 Center Loss:1428.3637 KL Loss:283.9447 Recon Loss:0.1230 Acc:0.9927 Acc ReID:0.9883 
=> Test at epoch 8
==========Test with latent_z: z_c =========
Extracted features for query set, obtained torch.Size([2228, 128]) matrix
Extracted features for gallery set, obtained torch.Size([17661, 128]) matrix
Extracting features complete in 0m 15s
Distance computing in 0m 1s
Results ---------------------------------------------------
top1:83.8% top5:91.5% top10:93.5% top20:94.9% mAP:69.6%
-----------------------------------------------------------
Using 0m 5s
Classifier results ---------------------------------------------------
Query acc: 0.0% Gallery acc: 0.1% Total acc: 0.1%
ReID Classifier results ---------------------------------------------------
Query acc: 0.0% Gallery acc: 0.1% Total acc: 0.1%
==========Test with latent_z: new_z =========
Extracted features for query set, obtained torch.Size([2228, 1280]) matrix
Extracted features for gallery set, obtained torch.Size([17661, 1280]) matrix
Extracting features complete in 0m 13s
Distance computing in 0m 1s
Results ---------------------------------------------------
top1:87.2% top5:93.4% top10:95.3% top20:96.3% mAP:75.7%
-----------------------------------------------------------
Using 0m 3s
Classifier results ---------------------------------------------------
Query acc: 0.0% Gallery acc: 0.1% Total acc: 0.1%
ReID Classifier results ---------------------------------------------------
Query acc: 0.0% Gallery acc: 0.1% Total acc: 0.1%
Epoch:9 Time:23.3 Data:0.0 Loss:0.7815 Cls Loss:0.7015 Cls reid Loss:0.0680 Pair Loss:0.0119 Center Loss:1428.6973 KL Loss:282.8531 Recon Loss:0.1230 Acc:0.9929 Acc ReID:0.9897 
=> Test at epoch 9
==========Test with latent_z: z_c =========
Extracted features for query set, obtained torch.Size([2228, 128]) matrix
Extracted features for gallery set, obtained torch.Size([17661, 128]) matrix
Extracting features complete in 0m 14s
Distance computing in 0m 1s
Results ---------------------------------------------------
top1:83.8% top5:91.5% top10:93.5% top20:94.9% mAP:69.6%
-----------------------------------------------------------
Using 0m 5s
Classifier results ---------------------------------------------------
Query acc: 0.1% Gallery acc: 0.0% Total acc: 0.0%
ReID Classifier results ---------------------------------------------------
Query acc: 0.0% Gallery acc: 0.1% Total acc: 0.1%
==========Test with latent_z: new_z =========
Extracted features for query set, obtained torch.Size([2228, 1280]) matrix
Extracted features for gallery set, obtained torch.Size([17661, 1280]) matrix
Extracting features complete in 0m 14s
Distance computing in 0m 1s
Results ---------------------------------------------------
top1:87.0% top5:93.8% top10:95.4% top20:96.4% mAP:76.0%
-----------------------------------------------------------
Using 0m 4s
Classifier results ---------------------------------------------------
Query acc: 0.1% Gallery acc: 0.0% Total acc: 0.0%
ReID Classifier results ---------------------------------------------------
Query acc: 0.0% Gallery acc: 0.1% Total acc: 0.1%
Epoch:10 Time:23.5 Data:0.0 Loss:0.7040 Cls Loss:0.6210 Cls reid Loss:0.0715 Pair Loss:0.0115 Center Loss:1435.3031 KL Loss:281.8442 Recon Loss:0.1230 Acc:0.9927 Acc ReID:0.9883 
=> Test at epoch 10
==========Test with latent_z: z_c =========
Extracted features for query set, obtained torch.Size([2228, 128]) matrix
Extracted features for gallery set, obtained torch.Size([17661, 128]) matrix
Extracting features complete in 0m 13s
Distance computing in 0m 0s
Results ---------------------------------------------------
top1:83.8% top5:91.5% top10:93.5% top20:94.9% mAP:69.6%
-----------------------------------------------------------
Using 0m 4s
Classifier results ---------------------------------------------------
Query acc: 0.0% Gallery acc: 0.0% Total acc: 0.0%
ReID Classifier results ---------------------------------------------------
Query acc: 0.0% Gallery acc: 0.1% Total acc: 0.1%
==========Test with latent_z: new_z =========
Extracted features for query set, obtained torch.Size([2228, 1280]) matrix
Extracted features for gallery set, obtained torch.Size([17661, 1280]) matrix
Extracting features complete in 0m 11s
Distance computing in 0m 1s
Results ---------------------------------------------------
top1:87.5% top5:93.4% top10:94.9% top20:96.3% mAP:75.6%
-----------------------------------------------------------
Using 0m 6s
Classifier results ---------------------------------------------------
Query acc: 0.0% Gallery acc: 0.0% Total acc: 0.0%
ReID Classifier results ---------------------------------------------------
Query acc: 0.0% Gallery acc: 0.1% Total acc: 0.1%
Epoch:11 Time:22.8 Data:0.0 Loss:0.5712 Cls Loss:0.5209 Cls reid Loss:0.0417 Pair Loss:0.0086 Center Loss:1418.9528 KL Loss:280.7313 Recon Loss:0.1230 Acc:0.9959 Acc ReID:0.9942 
=> Test at epoch 11
==========Test with latent_z: z_c =========
Extracted features for query set, obtained torch.Size([2228, 128]) matrix
Extracted features for gallery set, obtained torch.Size([17661, 128]) matrix
Extracting features complete in 0m 12s
Distance computing in 0m 1s
Results ---------------------------------------------------
top1:83.8% top5:91.5% top10:93.5% top20:94.9% mAP:69.6%
-----------------------------------------------------------
Using 0m 4s
Classifier results ---------------------------------------------------
Query acc: 0.0% Gallery acc: 0.0% Total acc: 0.0%
ReID Classifier results ---------------------------------------------------
Query acc: 0.1% Gallery acc: 0.1% Total acc: 0.1%
==========Test with latent_z: new_z =========
Extracted features for query set, obtained torch.Size([2228, 1280]) matrix
Extracted features for gallery set, obtained torch.Size([17661, 1280]) matrix
Extracting features complete in 0m 15s
Distance computing in 0m 1s
Results ---------------------------------------------------
top1:87.7% top5:93.7% top10:95.2% top20:96.3% mAP:76.4%
-----------------------------------------------------------
Using 0m 3s
Classifier results ---------------------------------------------------
Query acc: 0.0% Gallery acc: 0.0% Total acc: 0.0%
ReID Classifier results ---------------------------------------------------
Query acc: 0.1% Gallery acc: 0.1% Total acc: 0.1%
Epoch:12 Time:23.0 Data:0.0 Loss:0.5297 Cls Loss:0.4974 Cls reid Loss:0.0235 Pair Loss:0.0088 Center Loss:1416.6397 KL Loss:279.5606 Recon Loss:0.1230 Acc:0.9969 Acc ReID:0.9983 
=> Test at epoch 12
==========Test with latent_z: z_c =========
Extracted features for query set, obtained torch.Size([2228, 128]) matrix
Extracted features for gallery set, obtained torch.Size([17661, 128]) matrix
Extracting features complete in 0m 10s
Distance computing in 0m 1s
Results ---------------------------------------------------
top1:83.8% top5:91.5% top10:93.5% top20:94.9% mAP:69.6%
-----------------------------------------------------------
Using 0m 4s
Classifier results ---------------------------------------------------
Query acc: 0.0% Gallery acc: 0.0% Total acc: 0.0%
ReID Classifier results ---------------------------------------------------
Query acc: 0.1% Gallery acc: 0.1% Total acc: 0.1%
==========Test with latent_z: new_z =========
Extracted features for query set, obtained torch.Size([2228, 1280]) matrix
Extracted features for gallery set, obtained torch.Size([17661, 1280]) matrix
Extracting features complete in 0m 15s
Distance computing in 0m 2s
Results ---------------------------------------------------
top1:87.8% top5:93.8% top10:95.2% top20:96.3% mAP:76.5%
-----------------------------------------------------------
Using 0m 5s
Classifier results ---------------------------------------------------
Query acc: 0.0% Gallery acc: 0.0% Total acc: 0.0%
ReID Classifier results ---------------------------------------------------
Query acc: 0.1% Gallery acc: 0.1% Total acc: 0.1%
Epoch:13 Time:26.1 Data:0.0 Loss:0.5143 Cls Loss:0.4851 Cls reid Loss:0.0215 Pair Loss:0.0077 Center Loss:1416.1472 KL Loss:278.4882 Recon Loss:0.1230 Acc:0.9973 Acc ReID:0.9988 
=> Test at epoch 13
==========Test with latent_z: z_c =========
Extracted features for query set, obtained torch.Size([2228, 128]) matrix
Extracted features for gallery set, obtained torch.Size([17661, 128]) matrix
Extracting features complete in 0m 8s
Distance computing in 0m 0s
Results ---------------------------------------------------
top1:83.8% top5:91.5% top10:93.5% top20:94.9% mAP:69.6%
-----------------------------------------------------------
Using 0m 3s
Classifier results ---------------------------------------------------
Query acc: 0.0% Gallery acc: 0.1% Total acc: 0.0%
ReID Classifier results ---------------------------------------------------
Query acc: 0.1% Gallery acc: 0.1% Total acc: 0.1%
==========Test with latent_z: new_z =========
Extracted features for query set, obtained torch.Size([2228, 1280]) matrix
Extracted features for gallery set, obtained torch.Size([17661, 1280]) matrix
Extracting features complete in 0m 14s
Distance computing in 0m 2s
Results ---------------------------------------------------
top1:87.7% top5:93.8% top10:95.2% top20:96.4% mAP:76.6%
-----------------------------------------------------------
Using 0m 6s
Classifier results ---------------------------------------------------
Query acc: 0.0% Gallery acc: 0.1% Total acc: 0.0%
ReID Classifier results ---------------------------------------------------
Query acc: 0.1% Gallery acc: 0.1% Total acc: 0.1%
Epoch:14 Time:24.7 Data:0.0 Loss:0.5033 Cls Loss:0.4753 Cls reid Loss:0.0207 Pair Loss:0.0073 Center Loss:1416.2482 KL Loss:277.3483 Recon Loss:0.1230 Acc:0.9975 Acc ReID:0.9989 
=> Test at epoch 14
==========Test with latent_z: z_c =========
Extracted features for query set, obtained torch.Size([2228, 128]) matrix
Extracted features for gallery set, obtained torch.Size([17661, 128]) matrix
Extracting features complete in 0m 11s
Distance computing in 0m 0s
Results ---------------------------------------------------
top1:83.8% top5:91.5% top10:93.5% top20:94.9% mAP:69.6%
-----------------------------------------------------------
Using 0m 3s
Classifier results ---------------------------------------------------
Query acc: 0.0% Gallery acc: 0.0% Total acc: 0.0%
ReID Classifier results ---------------------------------------------------
Query acc: 0.1% Gallery acc: 0.1% Total acc: 0.1%
==========Test with latent_z: new_z =========
Extracted features for query set, obtained torch.Size([2228, 1280]) matrix
Extracted features for gallery set, obtained torch.Size([17661, 1280]) matrix
Extracting features complete in 0m 13s
Distance computing in 0m 1s
Results ---------------------------------------------------
top1:87.7% top5:93.7% top10:95.2% top20:96.4% mAP:76.6%
-----------------------------------------------------------
Using 0m 6s
Classifier results ---------------------------------------------------
Query acc: 0.0% Gallery acc: 0.0% Total acc: 0.0%
ReID Classifier results ---------------------------------------------------
Query acc: 0.1% Gallery acc: 0.1% Total acc: 0.1%
Epoch:15 Time:25.3 Data:0.0 Loss:0.4946 Cls Loss:0.4665 Cls reid Loss:0.0204 Pair Loss:0.0076 Center Loss:1415.8520 KL Loss:276.3447 Recon Loss:0.1230 Acc:0.9976 Acc ReID:0.9989 
=> Test at epoch 15
==========Test with latent_z: z_c =========
Extracted features for query set, obtained torch.Size([2228, 128]) matrix
Extracted features for gallery set, obtained torch.Size([17661, 128]) matrix
Extracting features complete in 0m 14s
Distance computing in 0m 2s
Results ---------------------------------------------------
top1:83.8% top5:91.5% top10:93.5% top20:94.9% mAP:69.6%
-----------------------------------------------------------
Using 0m 3s
Classifier results ---------------------------------------------------
Query acc: 0.0% Gallery acc: 0.0% Total acc: 0.0%
ReID Classifier results ---------------------------------------------------
Query acc: 0.1% Gallery acc: 0.1% Total acc: 0.1%
==========Test with latent_z: new_z =========
Extracted features for query set, obtained torch.Size([2228, 1280]) matrix
Extracted features for gallery set, obtained torch.Size([17661, 1280]) matrix
Extracting features complete in 0m 4s
Distance computing in 0m 0s
Results ---------------------------------------------------
top1:87.8% top5:93.8% top10:95.1% top20:96.3% mAP:76.7%
-----------------------------------------------------------
Using 0m 4s
Classifier results ---------------------------------------------------
Query acc: 0.0% Gallery acc: 0.0% Total acc: 0.0%
ReID Classifier results ---------------------------------------------------
Query acc: 0.1% Gallery acc: 0.1% Total acc: 0.1%
Epoch:16 Time:32.8 Data:0.0 Loss:0.4857 Cls Loss:0.4583 Cls reid Loss:0.0201 Pair Loss:0.0072 Center Loss:1415.6742 KL Loss:275.1705 Recon Loss:0.1230 Acc:0.9977 Acc ReID:0.9991 
=> Test at epoch 16
==========Test with latent_z: z_c =========
Extracted features for query set, obtained torch.Size([2228, 128]) matrix
Extracted features for gallery set, obtained torch.Size([17661, 128]) matrix
Extracting features complete in 0m 7s
Distance computing in 0m 0s
Results ---------------------------------------------------
top1:83.8% top5:91.5% top10:93.5% top20:94.9% mAP:69.6%
-----------------------------------------------------------
Using 0m 3s
Classifier results ---------------------------------------------------
Query acc: 0.0% Gallery acc: 0.1% Total acc: 0.1%
ReID Classifier results ---------------------------------------------------
Query acc: 0.1% Gallery acc: 0.1% Total acc: 0.1%
==========Test with latent_z: new_z =========
Extracted features for query set, obtained torch.Size([2228, 1280]) matrix
Extracted features for gallery set, obtained torch.Size([17661, 1280]) matrix
Extracting features complete in 0m 11s
Distance computing in 0m 1s
Results ---------------------------------------------------
top1:87.7% top5:93.7% top10:95.3% top20:96.4% mAP:76.7%
-----------------------------------------------------------
Using 0m 3s
Classifier results ---------------------------------------------------
Query acc: 0.0% Gallery acc: 0.1% Total acc: 0.1%
ReID Classifier results ---------------------------------------------------
Query acc: 0.1% Gallery acc: 0.1% Total acc: 0.1%
Epoch:17 Time:36.3 Data:0.0 Loss:0.4796 Cls Loss:0.4514 Cls reid Loss:0.0198 Pair Loss:0.0084 Center Loss:1415.9751 KL Loss:274.1336 Recon Loss:0.1230 Acc:0.9976 Acc ReID:0.9989 
=> Test at epoch 17
==========Test with latent_z: z_c =========
Extracted features for query set, obtained torch.Size([2228, 128]) matrix
Extracted features for gallery set, obtained torch.Size([17661, 128]) matrix
Extracting features complete in 0m 13s
Distance computing in 0m 0s
Results ---------------------------------------------------
top1:83.8% top5:91.5% top10:93.5% top20:94.9% mAP:69.6%
-----------------------------------------------------------
Using 0m 3s
Classifier results ---------------------------------------------------
Query acc: 0.0% Gallery acc: 0.1% Total acc: 0.0%
ReID Classifier results ---------------------------------------------------
Query acc: 0.1% Gallery acc: 0.1% Total acc: 0.1%
==========Test with latent_z: new_z =========
Extracted features for query set, obtained torch.Size([2228, 1280]) matrix
Extracted features for gallery set, obtained torch.Size([17661, 1280]) matrix
Extracting features complete in 0m 11s
Distance computing in 0m 1s
Results ---------------------------------------------------
top1:87.7% top5:93.8% top10:95.2% top20:96.4% mAP:76.8%
-----------------------------------------------------------
Using 0m 3s
Classifier results ---------------------------------------------------
Query acc: 0.0% Gallery acc: 0.1% Total acc: 0.0%
ReID Classifier results ---------------------------------------------------
Query acc: 0.1% Gallery acc: 0.1% Total acc: 0.1%
Epoch:18 Time:34.6 Data:0.0 Loss:0.4727 Cls Loss:0.4444 Cls reid Loss:0.0200 Pair Loss:0.0082 Center Loss:1415.4364 KL Loss:272.9578 Recon Loss:0.1230 Acc:0.9978 Acc ReID:0.9989 
=> Test at epoch 18
==========Test with latent_z: z_c =========
Extracted features for query set, obtained torch.Size([2228, 128]) matrix
Extracted features for gallery set, obtained torch.Size([17661, 128]) matrix
Extracting features complete in 0m 13s
Distance computing in 0m 0s
Results ---------------------------------------------------
top1:83.8% top5:91.5% top10:93.5% top20:94.9% mAP:69.6%
-----------------------------------------------------------
Using 0m 3s
Classifier results ---------------------------------------------------
Query acc: 0.0% Gallery acc: 0.0% Total acc: 0.0%
ReID Classifier results ---------------------------------------------------
Query acc: 0.1% Gallery acc: 0.1% Total acc: 0.1%
==========Test with latent_z: new_z =========
Extracted features for query set, obtained torch.Size([2228, 1280]) matrix
Extracted features for gallery set, obtained torch.Size([17661, 1280]) matrix
Extracting features complete in 0m 13s
Distance computing in 0m 1s
Results ---------------------------------------------------
top1:87.6% top5:93.8% top10:95.2% top20:96.5% mAP:76.7%
-----------------------------------------------------------
Using 0m 3s
Classifier results ---------------------------------------------------
Query acc: 0.0% Gallery acc: 0.0% Total acc: 0.0%
ReID Classifier results ---------------------------------------------------
Query acc: 0.1% Gallery acc: 0.1% Total acc: 0.1%
Epoch:19 Time:34.8 Data:0.0 Loss:0.4647 Cls Loss:0.4373 Cls reid Loss:0.0196 Pair Loss:0.0078 Center Loss:1415.6310 KL Loss:272.2526 Recon Loss:0.1230 Acc:0.9977 Acc ReID:0.9993 
=> Test at epoch 19
==========Test with latent_z: z_c =========
Extracted features for query set, obtained torch.Size([2228, 128]) matrix
Extracted features for gallery set, obtained torch.Size([17661, 128]) matrix
Extracting features complete in 0m 11s
Distance computing in 0m 0s
Results ---------------------------------------------------
top1:83.8% top5:91.5% top10:93.5% top20:94.9% mAP:69.6%
-----------------------------------------------------------
Using 0m 3s
Classifier results ---------------------------------------------------
Query acc: 0.0% Gallery acc: 0.0% Total acc: 0.0%
ReID Classifier results ---------------------------------------------------
Query acc: 0.1% Gallery acc: 0.1% Total acc: 0.1%
==========Test with latent_z: new_z =========
Extracted features for query set, obtained torch.Size([2228, 1280]) matrix
Extracted features for gallery set, obtained torch.Size([17661, 1280]) matrix
Extracting features complete in 0m 14s
Distance computing in 0m 2s
Results ---------------------------------------------------
top1:87.7% top5:93.8% top10:95.2% top20:96.4% mAP:76.8%
-----------------------------------------------------------
Using 0m 3s
Classifier results ---------------------------------------------------
Query acc: 0.0% Gallery acc: 0.0% Total acc: 0.0%
ReID Classifier results ---------------------------------------------------
Query acc: 0.1% Gallery acc: 0.1% Total acc: 0.1%
Epoch:20 Time:32.6 Data:0.0 Loss:0.4581 Cls Loss:0.4308 Cls reid Loss:0.0196 Pair Loss:0.0077 Center Loss:1415.6590 KL Loss:272.1192 Recon Loss:0.1230 Acc:0.9979 Acc ReID:0.9991 
=> Test at epoch 20
==========Test with latent_z: z_c =========
Extracted features for query set, obtained torch.Size([2228, 128]) matrix
Extracted features for gallery set, obtained torch.Size([17661, 128]) matrix
Extracting features complete in 0m 11s
Distance computing in 0m 0s
Results ---------------------------------------------------
top1:83.8% top5:91.5% top10:93.5% top20:94.9% mAP:69.6%
-----------------------------------------------------------
Using 0m 4s
Classifier results ---------------------------------------------------
Query acc: 0.0% Gallery acc: 0.1% Total acc: 0.1%
ReID Classifier results ---------------------------------------------------
Query acc: 0.1% Gallery acc: 0.1% Total acc: 0.1%
==========Test with latent_z: new_z =========
Extracted features for query set, obtained torch.Size([2228, 1280]) matrix
Extracted features for gallery set, obtained torch.Size([17661, 1280]) matrix
Extracting features complete in 0m 13s
Distance computing in 0m 1s
Results ---------------------------------------------------
top1:87.7% top5:93.8% top10:95.3% top20:96.4% mAP:76.7%
-----------------------------------------------------------
Using 0m 4s
Classifier results ---------------------------------------------------
Query acc: 0.0% Gallery acc: 0.1% Total acc: 0.1%
ReID Classifier results ---------------------------------------------------
Query acc: 0.1% Gallery acc: 0.1% Total acc: 0.1%
Epoch:21 Time:31.8 Data:0.0 Loss:0.4514 Cls Loss:0.4240 Cls reid Loss:0.0198 Pair Loss:0.0076 Center Loss:1415.3311 KL Loss:272.2644 Recon Loss:0.1230 Acc:0.9978 Acc ReID:0.9993 
=> Test at epoch 21
==========Test with latent_z: z_c =========
Extracted features for query set, obtained torch.Size([2228, 128]) matrix
Extracted features for gallery set, obtained torch.Size([17661, 128]) matrix
Extracting features complete in 0m 8s
Distance computing in 0m 0s
Results ---------------------------------------------------
top1:83.8% top5:91.5% top10:93.5% top20:94.9% mAP:69.6%
-----------------------------------------------------------
Using 0m 5s
Classifier results ---------------------------------------------------
Query acc: 0.0% Gallery acc: 0.1% Total acc: 0.1%
ReID Classifier results ---------------------------------------------------
Query acc: 0.0% Gallery acc: 0.1% Total acc: 0.1%
==========Test with latent_z: new_z =========
Extracted features for query set, obtained torch.Size([2228, 1280]) matrix
Extracted features for gallery set, obtained torch.Size([17661, 1280]) matrix
Extracting features complete in 0m 10s
Distance computing in 0m 1s
Results ---------------------------------------------------
top1:87.7% top5:93.8% top10:95.2% top20:96.4% mAP:76.7%
-----------------------------------------------------------
Using 0m 5s
Classifier results ---------------------------------------------------
Query acc: 0.0% Gallery acc: 0.1% Total acc: 0.1%
ReID Classifier results ---------------------------------------------------
Query acc: 0.0% Gallery acc: 0.1% Total acc: 0.1%
Epoch:22 Time:26.2 Data:0.0 Loss:0.4458 Cls Loss:0.4179 Cls reid Loss:0.0200 Pair Loss:0.0079 Center Loss:1415.3665 KL Loss:272.1377 Recon Loss:0.1230 Acc:0.9981 Acc ReID:0.9993 
=> Test at epoch 22
==========Test with latent_z: z_c =========
Extracted features for query set, obtained torch.Size([2228, 128]) matrix
Extracted features for gallery set, obtained torch.Size([17661, 128]) matrix
Extracting features complete in 0m 13s
Distance computing in 0m 0s
Results ---------------------------------------------------
top1:83.8% top5:91.5% top10:93.5% top20:94.9% mAP:69.6%
-----------------------------------------------------------
Using 0m 3s
Classifier results ---------------------------------------------------
Query acc: 0.0% Gallery acc: 0.0% Total acc: 0.0%
ReID Classifier results ---------------------------------------------------
Query acc: 0.0% Gallery acc: 0.1% Total acc: 0.1%
==========Test with latent_z: new_z =========
Extracted features for query set, obtained torch.Size([2228, 1280]) matrix
Extracted features for gallery set, obtained torch.Size([17661, 1280]) matrix
Extracting features complete in 0m 14s
Distance computing in 0m 1s
Results ---------------------------------------------------
top1:88.0% top5:93.7% top10:95.3% top20:96.4% mAP:76.8%
-----------------------------------------------------------
Using 0m 3s
Classifier results ---------------------------------------------------
Query acc: 0.0% Gallery acc: 0.0% Total acc: 0.0%
ReID Classifier results ---------------------------------------------------
Query acc: 0.0% Gallery acc: 0.1% Total acc: 0.1%
Epoch:23 Time:21.1 Data:0.0 Loss:0.4388 Cls Loss:0.4114 Cls reid Loss:0.0202 Pair Loss:0.0073 Center Loss:1415.1092 KL Loss:272.1194 Recon Loss:0.1229 Acc:0.9978 Acc ReID:0.9990 
=> Test at epoch 23
==========Test with latent_z: z_c =========
Extracted features for query set, obtained torch.Size([2228, 128]) matrix
Extracted features for gallery set, obtained torch.Size([17661, 128]) matrix
Extracting features complete in 0m 13s
Distance computing in 0m 1s
Results ---------------------------------------------------
top1:83.8% top5:91.5% top10:93.5% top20:94.9% mAP:69.6%
-----------------------------------------------------------
Using 0m 4s
Classifier results ---------------------------------------------------
Query acc: 0.0% Gallery acc: 0.1% Total acc: 0.1%
ReID Classifier results ---------------------------------------------------
Query acc: 0.1% Gallery acc: 0.1% Total acc: 0.1%
==========Test with latent_z: new_z =========
Extracted features for query set, obtained torch.Size([2228, 1280]) matrix
Extracted features for gallery set, obtained torch.Size([17661, 1280]) matrix
Extracting features complete in 0m 13s
Distance computing in 0m 1s
Results ---------------------------------------------------
top1:87.8% top5:93.7% top10:95.2% top20:96.3% mAP:76.7%
-----------------------------------------------------------
Using 0m 7s
Classifier results ---------------------------------------------------
Query acc: 0.0% Gallery acc: 0.1% Total acc: 0.1%
ReID Classifier results ---------------------------------------------------
Query acc: 0.1% Gallery acc: 0.1% Total acc: 0.1%
Epoch:24 Time:20.8 Data:0.0 Loss:0.4311 Cls Loss:0.4041 Cls reid Loss:0.0201 Pair Loss:0.0069 Center Loss:1415.1989 KL Loss:272.1591 Recon Loss:0.1230 Acc:0.9981 Acc ReID:0.9993 
=> Test at epoch 24
==========Test with latent_z: z_c =========
Extracted features for query set, obtained torch.Size([2228, 128]) matrix
Extracted features for gallery set, obtained torch.Size([17661, 128]) matrix
Extracting features complete in 0m 13s
Distance computing in 0m 1s
Results ---------------------------------------------------
top1:83.8% top5:91.5% top10:93.5% top20:94.9% mAP:69.6%
-----------------------------------------------------------
Using 0m 5s
Classifier results ---------------------------------------------------
Query acc: 0.0% Gallery acc: 0.0% Total acc: 0.0%
ReID Classifier results ---------------------------------------------------
Query acc: 0.0% Gallery acc: 0.1% Total acc: 0.1%
==========Test with latent_z: new_z =========
Extracted features for query set, obtained torch.Size([2228, 1280]) matrix
Extracted features for gallery set, obtained torch.Size([17661, 1280]) matrix
Extracting features complete in 0m 14s
Distance computing in 0m 1s
Results ---------------------------------------------------
top1:87.8% top5:93.9% top10:95.3% top20:96.3% mAP:76.8%
-----------------------------------------------------------
Using 0m 5s
Classifier results ---------------------------------------------------
Query acc: 0.0% Gallery acc: 0.0% Total acc: 0.0%
ReID Classifier results ---------------------------------------------------
Query acc: 0.0% Gallery acc: 0.1% Total acc: 0.1%
Epoch:25 Time:23.9 Data:0.0 Loss:0.4246 Cls Loss:0.3975 Cls reid Loss:0.0201 Pair Loss:0.0070 Center Loss:1414.9559 KL Loss:272.2277 Recon Loss:0.1230 Acc:0.9977 Acc ReID:0.9993 
=> Test at epoch 25
==========Test with latent_z: z_c =========
Extracted features for query set, obtained torch.Size([2228, 128]) matrix
Extracted features for gallery set, obtained torch.Size([17661, 128]) matrix
Extracting features complete in 0m 12s
Distance computing in 0m 1s
Results ---------------------------------------------------
top1:83.8% top5:91.5% top10:93.5% top20:94.9% mAP:69.6%
-----------------------------------------------------------
Using 0m 6s
Classifier results ---------------------------------------------------
Query acc: 0.0% Gallery acc: 0.1% Total acc: 0.0%
ReID Classifier results ---------------------------------------------------
Query acc: 0.1% Gallery acc: 0.1% Total acc: 0.1%
==========Test with latent_z: new_z =========
Extracted features for query set, obtained torch.Size([2228, 1280]) matrix
Extracted features for gallery set, obtained torch.Size([17661, 1280]) matrix
Extracting features complete in 0m 15s
Distance computing in 0m 1s
Results ---------------------------------------------------
top1:87.6% top5:94.0% top10:95.3% top20:96.4% mAP:76.7%
-----------------------------------------------------------
Using 0m 4s
Classifier results ---------------------------------------------------
Query acc: 0.0% Gallery acc: 0.1% Total acc: 0.0%
ReID Classifier results ---------------------------------------------------
Query acc: 0.1% Gallery acc: 0.1% Total acc: 0.1%
Epoch:26 Time:24.2 Data:0.0 Loss:0.4189 Cls Loss:0.3914 Cls reid Loss:0.0205 Pair Loss:0.0070 Center Loss:1415.5555 KL Loss:272.2250 Recon Loss:0.1230 Acc:0.9979 Acc ReID:0.9991 
=> Test at epoch 26
==========Test with latent_z: z_c =========
Extracted features for query set, obtained torch.Size([2228, 128]) matrix
Extracted features for gallery set, obtained torch.Size([17661, 128]) matrix
Extracting features complete in 0m 5s
Distance computing in 0m 0s
Results ---------------------------------------------------
top1:83.8% top5:91.5% top10:93.5% top20:94.9% mAP:69.6%
-----------------------------------------------------------
Using 0m 4s
Classifier results ---------------------------------------------------
Query acc: 0.0% Gallery acc: 0.0% Total acc: 0.0%
ReID Classifier results ---------------------------------------------------
Query acc: 0.1% Gallery acc: 0.1% Total acc: 0.1%
==========Test with latent_z: new_z =========
Extracted features for query set, obtained torch.Size([2228, 1280]) matrix
Extracted features for gallery set, obtained torch.Size([17661, 1280]) matrix
Extracting features complete in 0m 16s
Distance computing in 0m 2s
Results ---------------------------------------------------
top1:87.9% top5:93.6% top10:95.3% top20:96.2% mAP:76.8%
-----------------------------------------------------------
Using 0m 6s
Classifier results ---------------------------------------------------
Query acc: 0.0% Gallery acc: 0.0% Total acc: 0.0%
ReID Classifier results ---------------------------------------------------
Query acc: 0.1% Gallery acc: 0.1% Total acc: 0.1%
Epoch:27 Time:24.9 Data:0.0 Loss:0.4116 Cls Loss:0.3849 Cls reid Loss:0.0202 Pair Loss:0.0066 Center Loss:1415.6401 KL Loss:272.1925 Recon Loss:0.1230 Acc:0.9979 Acc ReID:0.9992 
=> Test at epoch 27
==========Test with latent_z: z_c =========
Extracted features for query set, obtained torch.Size([2228, 128]) matrix
Extracted features for gallery set, obtained torch.Size([17661, 128]) matrix
Extracting features complete in 0m 9s
Distance computing in 0m 0s
Results ---------------------------------------------------
top1:83.8% top5:91.5% top10:93.5% top20:94.9% mAP:69.6%
-----------------------------------------------------------
Using 0m 3s
Classifier results ---------------------------------------------------
Query acc: 0.0% Gallery acc: 0.0% Total acc: 0.0%
ReID Classifier results ---------------------------------------------------
Query acc: 0.1% Gallery acc: 0.1% Total acc: 0.1%
==========Test with latent_z: new_z =========
Extracted features for query set, obtained torch.Size([2228, 1280]) matrix
Extracted features for gallery set, obtained torch.Size([17661, 1280]) matrix
Extracting features complete in 0m 13s
Distance computing in 0m 2s
Results ---------------------------------------------------
top1:87.5% top5:93.7% top10:95.3% top20:96.3% mAP:76.7%
-----------------------------------------------------------
Using 0m 6s
Classifier results ---------------------------------------------------
Query acc: 0.0% Gallery acc: 0.0% Total acc: 0.0%
ReID Classifier results ---------------------------------------------------
Query acc: 0.1% Gallery acc: 0.1% Total acc: 0.1%
Epoch:28 Time:25.2 Data:0.0 Loss:0.4063 Cls Loss:0.3787 Cls reid Loss:0.0206 Pair Loss:0.0071 Center Loss:1415.3838 KL Loss:272.2210 Recon Loss:0.1230 Acc:0.9980 Acc ReID:0.9991 
=> Test at epoch 28
==========Test with latent_z: z_c =========
Extracted features for query set, obtained torch.Size([2228, 128]) matrix
Extracted features for gallery set, obtained torch.Size([17661, 128]) matrix
Extracting features complete in 0m 13s
Distance computing in 0m 1s
Results ---------------------------------------------------
top1:83.8% top5:91.5% top10:93.5% top20:94.9% mAP:69.6%
-----------------------------------------------------------
Using 0m 3s
Classifier results ---------------------------------------------------
Query acc: 0.0% Gallery acc: 0.0% Total acc: 0.0%
ReID Classifier results ---------------------------------------------------
Query acc: 0.1% Gallery acc: 0.1% Total acc: 0.1%
==========Test with latent_z: new_z =========
Extracted features for query set, obtained torch.Size([2228, 1280]) matrix
Extracted features for gallery set, obtained torch.Size([17661, 1280]) matrix
Extracting features complete in 0m 4s
Distance computing in 0m 1s
Results ---------------------------------------------------
top1:87.7% top5:93.8% top10:95.4% top20:96.3% mAP:76.8%
-----------------------------------------------------------
Using 0m 3s
Classifier results ---------------------------------------------------
Query acc: 0.0% Gallery acc: 0.0% Total acc: 0.0%
ReID Classifier results ---------------------------------------------------
Query acc: 0.1% Gallery acc: 0.1% Total acc: 0.1%
Epoch:29 Time:32.7 Data:0.0 Loss:0.4010 Cls Loss:0.3726 Cls reid Loss:0.0207 Pair Loss:0.0076 Center Loss:1415.4487 KL Loss:272.2133 Recon Loss:0.1230 Acc:0.9981 Acc ReID:0.9987 
=> Test at epoch 29
==========Test with latent_z: z_c =========
Extracted features for query set, obtained torch.Size([2228, 128]) matrix
Extracted features for gallery set, obtained torch.Size([17661, 128]) matrix
Extracting features complete in 0m 12s
Distance computing in 0m 0s
Results ---------------------------------------------------
top1:83.8% top5:91.5% top10:93.5% top20:94.9% mAP:69.6%
-----------------------------------------------------------
Using 0m 3s
Classifier results ---------------------------------------------------
Query acc: 0.0% Gallery acc: 0.0% Total acc: 0.0%
ReID Classifier results ---------------------------------------------------
Query acc: 0.1% Gallery acc: 0.1% Total acc: 0.1%
==========Test with latent_z: new_z =========
Extracted features for query set, obtained torch.Size([2228, 1280]) matrix
Extracted features for gallery set, obtained torch.Size([17661, 1280]) matrix
Extracting features complete in 0m 11s
Distance computing in 0m 1s
Results ---------------------------------------------------
top1:87.9% top5:93.7% top10:95.2% top20:96.3% mAP:76.7%
-----------------------------------------------------------
Using 0m 3s
Classifier results ---------------------------------------------------
Query acc: 0.0% Gallery acc: 0.0% Total acc: 0.0%
ReID Classifier results ---------------------------------------------------
Query acc: 0.1% Gallery acc: 0.1% Total acc: 0.1%
Epoch:30 Time:26.2 Data:0.0 Loss:0.3939 Cls Loss:0.3667 Cls reid Loss:0.0200 Pair Loss:0.0072 Center Loss:1415.4974 KL Loss:272.3413 Recon Loss:0.1230 Acc:0.9980 Acc ReID:0.9994 
=> Test at epoch 30
==========Test with latent_z: z_c =========
Extracted features for query set, obtained torch.Size([2228, 128]) matrix
Extracted features for gallery set, obtained torch.Size([17661, 128]) matrix
Extracting features complete in 0m 11s
Distance computing in 0m 0s
Results ---------------------------------------------------
top1:83.8% top5:91.5% top10:93.5% top20:94.9% mAP:69.6%
-----------------------------------------------------------
Using 0m 3s
Classifier results ---------------------------------------------------
Query acc: 0.0% Gallery acc: 0.0% Total acc: 0.0%
ReID Classifier results ---------------------------------------------------
Query acc: 0.1% Gallery acc: 0.1% Total acc: 0.1%
==========Test with latent_z: new_z =========
Extracted features for query set, obtained torch.Size([2228, 1280]) matrix
Extracted features for gallery set, obtained torch.Size([17661, 1280]) matrix
Extracting features complete in 0m 8s
Distance computing in 0m 1s
Results ---------------------------------------------------
top1:87.8% top5:93.8% top10:95.3% top20:96.3% mAP:76.7%
-----------------------------------------------------------
Using 0m 3s
Classifier results ---------------------------------------------------
Query acc: 0.0% Gallery acc: 0.0% Total acc: 0.0%
ReID Classifier results ---------------------------------------------------
Query acc: 0.1% Gallery acc: 0.1% Total acc: 0.1%
Keep checkpoint file: checkpoint_ep30.pth.tar
=> Best Rank-1 88.0%, mAP 76.8% achieved at epoch 22
Finished. Total elapsed time (h:m:s): 0:30:02. Training time (h:m:s): 0:13:36.
Shutting down background jobs, please wait a moment...
Done!
Waiting for the remaining 31 operations to synchronize with Neptune. Do not kill this process.
All 31 operations synced, thanks for waiting!
Explore the metadata in the Neptune app:
https://app.neptune.ai/Zhengwei-Lab/MayCVAE/e/MAY-675/metadata
