https://app.neptune.ai/Zhengwei-Lab/MayCVAE/e/MAY-674
=> merge config from ./configs/base_duke/clipreid_cvae_stage2_tripwrt.yaml
/home/zhengwei/Desktop/Zhengwei/Projects/CVAE/main.py:91: NeptuneUnsupportedType: You're attempting to log a type that is not directly supported by Neptune (<class 'list'>).
        Convert the value to a supported type, such as a string or float, or use stringify_unsupported(obj)
        for dictionaries or collections that contain unsupported values.
        For more, see https://docs.neptune.ai/help/value_of_unsupported_type
  run["parameters"] = param
=> Configurations:
-------------------------
AMP: True
AUG:
  RC_PROB: 0.5
  RE_PROB: 0.5
DATA:
  CUHK03_CLASSIC_SPLIT: False
  CUHK03_LABELED: False
  DATASET: duke
  FORMAT_TAG: tensor
  HEIGHT: 256
  NUM_INSTANCES: 4
  NUM_WORKERS: 4
  ROOT: /home/zhengwei/Desktop/Zhengwei/Projects/datasets
  SPLIT_ID: 0
  TEST_BATCH: 512
  TRAIN_BATCH: 64
  TRAIN_FORMAT: base
  WIDTH: 128
EVAL_MODE: False
GPU: 0
LOSS:
  CLA_LOSS: crossentropy
  CLA_M: 0.0
  CLA_S: 16.0
  PAIR_LOSS: triplet_wrt
  PAIR_M: 0.3
  PAIR_S: 16.0
  RECON_LOSS: mse
  USE_NCE: False
MODEL:
  CONDITIONAL: False
  FEATURE_DIM: 1280
  FEAT_FUSION: True
  FLOW_TYPE: 
  GAUSSIAN: MultivariateNormal
  HIDDEN_DIM: 256
  LATENT_SIZE: 64
  NAME: CVAE
  ONLY_CVAE_KL: False
  ONLY_X_INPUT: False
  PRETRAIN: CLIPreidNew
  RES4_STRIDE: 1
  RESUME: /home/zhengwei/Desktop/Zhengwei/Projects/CVAE/outputs/duke/clipreid_simplevae_base/2024-07-26/SimpleVAE_15k_128+64z_1e3_60+120_KLtotalZ_noCLS
  STYLE_NUM: 0
  TRAIN_STAGE: reidstage
  USE_CENTROID: False
  USE_TWO_ENCODER: False
  VAE_TYPE: SinpleVAE
  ZC_DIM: 128
  ZS_DIM: 64
OUTPUT: /home/zhengwei/Desktop/Zhengwei/Projects/CVAE/outputs/duke/clipreid_simplevae_base/2024-07-26/SimpleVAE_15k_128+64z_1e3_60+120_KLtotalZ_noCLS/reid_crossentropy/2024-07-27/2nd_SimpleVAE_15k_128+64z_warm5+1e3+d1e4_10+30_KLtotalZ_L1280_ReIDZnew+center+tripwrt+ce_distClsZc+ce
SAVED_NAME: 2nd_SimpleVAE_15k_128+64z_warm5+1e3+d1e4_10+30_KLtotalZ_L1280_ReIDZnew+center+tripwrt+ce_distClsZc+ce
SEED: 0
TAG: clipreid_simplevae_base
TEST:
  DISTANCE: cosine
  EVAL_STEP: 1
  START_EVAL: 4
TRAIN:
  AMP: False
  LR_SCHEDULER:
    DECAY_RATE: 0.1
    NAME: MultiStepLR
    STEPSIZE: [10]
  MAX_EPOCH: 30
  OPTIMIZER:
    LR: 0.001
    NAME: adam
    SGDLR: 0.01
    SGD_MOMENTUM: 0.9
    SGD_WEIGHT_DECAY: 0.0005
    WEIGHT_DECAY: 0.0001
  START_EPOCH: 0
----------------------
Initializing dataset duke
Warning: string series 'monitoring/bd91ab1e/stdout' value was longer than 1000 characters and was truncated. This warning is printed only once per series.
=> DukeMTMC-reID tensor loaded
Dataset statistics:
  ------------------------------
  subset   | # ids | # images
  ------------------------------
  train    |   702 |    16522
  query    |   702 |     2228
  gallery  |  1110 |    17661
  ------------------------------
  total    |  1404 |    36411
  ------------------------------
Initializing SinpleVAE model
Model size: 2.47413M
[INFO] Register count_relu() for <class 'torch.nn.modules.activation.LeakyReLU'>.
[INFO] Register count_linear() for <class 'torch.nn.modules.linear.Linear'>.
[INFO] Register count_normalization() for <class 'torch.nn.modules.batchnorm.BatchNorm1d'>.
[INFO] Register zero_ops() for <class 'torch.nn.modules.activation.ReLU'>.
[INFO] Register zero_ops() for <class 'torch.nn.modules.dropout.Dropout'>.
[INFO] Register zero_ops() for <class 'torch.nn.modules.container.Sequential'>.
FLOPs: 0.13191G
Params: 2.06325M
Initialized classifier with feature_dim: 1280, num_classes: 702
Classifier size: 0.89926M
reid_projector.weight is tuneable
i2t_projector.weight is tuneable
i2t_projector.bias is tuneable
=> Start Training REID model
Loading checkpoint from '/home/zhengwei/Desktop/Zhengwei/Projects/CVAE/outputs/duke/clipreid_simplevae_base/2024-07-26/SimpleVAE_15k_128+64z_1e3_60+120_KLtotalZ_noCLS/best_model.pth.tar'
Ignores parameter:  reid_projector.weight
Ignores parameter:  i2t_projector.weight
Ignores parameter:  i2t_projector.bias
orginal best rank1 = 0.8438061041292639
=> Start evaluation only 
=> Test pretarined feature form VLP model
Normalizing features
Normalizing features
Extracted features for query set, obtained torch.Size([2228, 1280]) matrix
Extracted features for gallery set, obtained torch.Size([17661, 1280]) matrix
Extracting features complete in 0m 4s
Distance computing in 0m 0s
Computing CMC and mAP
Results ---------------------------------------------------
top1:91.2% top5:95.8% top10:96.9% top20:97.8% mAP:82.8%
-----------------------------------------------------------
Using 0m 2s
==========Test with latent_z: new_z =========
Extracted features for query set, obtained torch.Size([2228, 1280]) matrix
Extracted features for gallery set, obtained torch.Size([17661, 1280]) matrix
Extracting features complete in 0m 4s
Distance computing in 0m 0s
Results ---------------------------------------------------
top1:84.2% top5:91.6% top10:93.6% top20:94.9% mAP:70.2%
-----------------------------------------------------------
Using 0m 2s
Classifier results ---------------------------------------------------
Query acc: 0.0% Gallery acc: 0.1% Total acc: 0.0%
ReID Classifier results ---------------------------------------------------
Query acc: 0.0% Gallery acc: 0.1% Total acc: 0.1%
==========Test with latent_z: z_c =========
Extracted features for query set, obtained torch.Size([2228, 128]) matrix
Extracted features for gallery set, obtained torch.Size([17661, 128]) matrix
Extracting features complete in 0m 5s
Distance computing in 0m 0s
Results ---------------------------------------------------
top1:83.8% top5:91.5% top10:93.5% top20:94.9% mAP:69.6%
-----------------------------------------------------------
Using 0m 2s
Classifier results ---------------------------------------------------
Query acc: 0.0% Gallery acc: 0.1% Total acc: 0.0%
ReID Classifier results ---------------------------------------------------
Query acc: 0.0% Gallery acc: 0.1% Total acc: 0.1%
=> Start training
/home/zhengwei/Desktop/Zhengwei/Projects/CVAE/losses/triplet_loss.py:122: UserWarning: This overload of addmm_ is deprecated:
	addmm_(Number beta, Number alpha, Tensor mat1, Tensor mat2)
Consider using one of the following signatures instead:
	addmm_(Tensor mat1, Tensor mat2, *, Number beta, Number alpha) (Triggered internally at /opt/conda/conda-bld/pytorch_1670525539683/work/torch/csrc/utils/python_arg_parser.cpp:1420.)
  dist_mtx = dist_mtx.addmm_(1, -2, emb1, emb2.t())
Epoch:1 Time:9.2 Data:0.0 Loss:1008.7657 Cls Loss:5.4678 Cls reid Loss:5.5071 Pair Loss:2.1282 Center Loss:995.6625 KL Loss:291.7607 Recon Loss:0.1230 Acc:0.2779 Acc ReID:0.4535 
Epoch:2 Time:9.7 Data:0.0 Loss:413.1850 Cls Loss:3.3406 Cls reid Loss:3.7807 Pair Loss:0.0083 Center Loss:406.0554 KL Loss:290.6046 Recon Loss:0.1230 Acc:0.7253 Acc ReID:0.7615 
Epoch:3 Time:9.3 Data:0.0 Loss:205.4150 Cls Loss:2.0457 Cls reid Loss:2.0398 Pair Loss:0.0098 Center Loss:201.3197 KL Loss:289.4490 Recon Loss:0.1229 Acc:0.9556 Acc ReID:0.9118 
Epoch:4 Time:9.8 Data:0.0 Loss:111.6591 Cls Loss:1.5833 Cls reid Loss:0.8890 Pair Loss:0.0096 Center Loss:109.1772 KL Loss:288.2977 Recon Loss:0.1230 Acc:0.9854 Acc ReID:0.9730 
Epoch:5 Time:10.9 Data:0.0 Loss:65.2453 Cls Loss:1.3834 Cls reid Loss:0.4225 Pair Loss:0.0109 Center Loss:63.4285 KL Loss:287.3605 Recon Loss:0.1230 Acc:0.9864 Acc ReID:0.9891 
=> Test at epoch 5
==========Test with latent_z: z_c =========
Extracted features for query set, obtained torch.Size([2228, 128]) matrix
Extracted features for gallery set, obtained torch.Size([17661, 128]) matrix
Extracting features complete in 0m 6s
Distance computing in 0m 0s
Results ---------------------------------------------------
top1:83.8% top5:91.5% top10:93.5% top20:94.9% mAP:69.6%
-----------------------------------------------------------
Using 0m 3s
Classifier results ---------------------------------------------------
Query acc: 0.0% Gallery acc: 0.0% Total acc: 0.0%
ReID Classifier results ---------------------------------------------------
Query acc: 0.0% Gallery acc: 0.1% Total acc: 0.1%
==========Test with latent_z: new_z =========
Extracted features for query set, obtained torch.Size([2228, 1280]) matrix
Extracted features for gallery set, obtained torch.Size([17661, 1280]) matrix
Extracting features complete in 0m 5s
Distance computing in 0m 0s
Results ---------------------------------------------------
top1:87.5% top5:93.4% top10:95.2% top20:96.1% mAP:76.6%
-----------------------------------------------------------
Using 0m 3s
Classifier results ---------------------------------------------------
Query acc: 0.0% Gallery acc: 0.0% Total acc: 0.0%
ReID Classifier results ---------------------------------------------------
Query acc: 0.0% Gallery acc: 0.1% Total acc: 0.1%
Epoch:6 Time:16.0 Data:0.0 Loss:40.4158 Cls Loss:1.1776 Cls reid Loss:0.2637 Pair Loss:0.0101 Center Loss:38.9643 KL Loss:286.1224 Recon Loss:0.1230 Acc:0.9892 Acc ReID:0.9950 
=> Test at epoch 6
==========Test with latent_z: z_c =========
Extracted features for query set, obtained torch.Size([2228, 128]) matrix
Extracted features for gallery set, obtained torch.Size([17661, 128]) matrix
Extracting features complete in 0m 10s
Distance computing in 0m 0s
Results ---------------------------------------------------
top1:83.8% top5:91.5% top10:93.5% top20:94.9% mAP:69.6%
-----------------------------------------------------------
Using 0m 3s
Classifier results ---------------------------------------------------
Query acc: 0.0% Gallery acc: 0.0% Total acc: 0.0%
ReID Classifier results ---------------------------------------------------
Query acc: 0.1% Gallery acc: 0.1% Total acc: 0.1%
==========Test with latent_z: new_z =========
Extracted features for query set, obtained torch.Size([2228, 1280]) matrix
Extracted features for gallery set, obtained torch.Size([17661, 1280]) matrix
Extracting features complete in 0m 12s
Distance computing in 0m 1s
Results ---------------------------------------------------
top1:87.3% top5:93.5% top10:95.5% top20:96.3% mAP:76.5%
-----------------------------------------------------------
Using 0m 3s
Classifier results ---------------------------------------------------
Query acc: 0.0% Gallery acc: 0.0% Total acc: 0.0%
ReID Classifier results ---------------------------------------------------
Query acc: 0.1% Gallery acc: 0.1% Total acc: 0.1%
Epoch:7 Time:30.4 Data:0.0 Loss:26.5677 Cls Loss:1.0246 Cls reid Loss:0.2081 Pair Loss:0.0124 Center Loss:25.3227 KL Loss:285.1412 Recon Loss:0.1230 Acc:0.9897 Acc ReID:0.9954 
=> Test at epoch 7
==========Test with latent_z: z_c =========
Extracted features for query set, obtained torch.Size([2228, 128]) matrix
Extracted features for gallery set, obtained torch.Size([17661, 128]) matrix
Extracting features complete in 0m 13s
Distance computing in 0m 1s
Results ---------------------------------------------------
top1:83.8% top5:91.5% top10:93.5% top20:94.9% mAP:69.6%
-----------------------------------------------------------
Using 0m 6s
Classifier results ---------------------------------------------------
Query acc: 0.0% Gallery acc: 0.1% Total acc: 0.1%
ReID Classifier results ---------------------------------------------------
Query acc: 0.0% Gallery acc: 0.0% Total acc: 0.0%
==========Test with latent_z: new_z =========
Extracted features for query set, obtained torch.Size([2228, 1280]) matrix
Extracted features for gallery set, obtained torch.Size([17661, 1280]) matrix
Extracting features complete in 0m 15s
Distance computing in 0m 1s
Results ---------------------------------------------------
top1:87.7% top5:93.6% top10:95.2% top20:96.2% mAP:76.5%
-----------------------------------------------------------
Using 0m 6s
Classifier results ---------------------------------------------------
Query acc: 0.0% Gallery acc: 0.1% Total acc: 0.1%
ReID Classifier results ---------------------------------------------------
Query acc: 0.0% Gallery acc: 0.0% Total acc: 0.0%
Epoch:8 Time:36.3 Data:0.0 Loss:18.6216 Cls Loss:0.8956 Cls reid Loss:0.1816 Pair Loss:0.0135 Center Loss:17.5309 KL Loss:283.9447 Recon Loss:0.1230 Acc:0.9907 Acc ReID:0.9962 
=> Test at epoch 8
==========Test with latent_z: z_c =========
Extracted features for query set, obtained torch.Size([2228, 128]) matrix
Extracted features for gallery set, obtained torch.Size([17661, 128]) matrix
Extracting features complete in 0m 14s
Distance computing in 0m 1s
Results ---------------------------------------------------
top1:83.8% top5:91.5% top10:93.5% top20:94.9% mAP:69.6%
-----------------------------------------------------------
Using 0m 3s
Classifier results ---------------------------------------------------
Query acc: 0.0% Gallery acc: 0.1% Total acc: 0.1%
ReID Classifier results ---------------------------------------------------
Query acc: 0.1% Gallery acc: 0.1% Total acc: 0.1%
==========Test with latent_z: new_z =========
Extracted features for query set, obtained torch.Size([2228, 1280]) matrix
Extracted features for gallery set, obtained torch.Size([17661, 1280]) matrix
Extracting features complete in 0m 14s
Distance computing in 0m 2s
Results ---------------------------------------------------
top1:87.5% top5:93.4% top10:95.0% top20:96.1% mAP:76.5%
-----------------------------------------------------------
Using 0m 5s
Classifier results ---------------------------------------------------
Query acc: 0.0% Gallery acc: 0.1% Total acc: 0.1%
ReID Classifier results ---------------------------------------------------
Query acc: 0.1% Gallery acc: 0.1% Total acc: 0.1%
Epoch:9 Time:35.1 Data:0.0 Loss:13.7118 Cls Loss:0.7884 Cls reid Loss:0.1667 Pair Loss:0.0143 Center Loss:12.7425 KL Loss:282.8531 Recon Loss:0.1230 Acc:0.9905 Acc ReID:0.9974 
=> Test at epoch 9
==========Test with latent_z: z_c =========
Extracted features for query set, obtained torch.Size([2228, 128]) matrix
Extracted features for gallery set, obtained torch.Size([17661, 128]) matrix
Extracting features complete in 0m 12s
Distance computing in 0m 0s
Results ---------------------------------------------------
top1:83.8% top5:91.5% top10:93.5% top20:94.9% mAP:69.6%
-----------------------------------------------------------
Using 0m 3s
Classifier results ---------------------------------------------------
Query acc: 0.0% Gallery acc: 0.0% Total acc: 0.0%
ReID Classifier results ---------------------------------------------------
Query acc: 0.0% Gallery acc: 0.1% Total acc: 0.1%
==========Test with latent_z: new_z =========
Extracted features for query set, obtained torch.Size([2228, 1280]) matrix
Extracted features for gallery set, obtained torch.Size([17661, 1280]) matrix
Extracting features complete in 0m 13s
Distance computing in 0m 1s
Results ---------------------------------------------------
top1:87.4% top5:93.3% top10:95.2% top20:96.0% mAP:76.3%
-----------------------------------------------------------
Using 0m 4s
Classifier results ---------------------------------------------------
Query acc: 0.0% Gallery acc: 0.0% Total acc: 0.0%
ReID Classifier results ---------------------------------------------------
Query acc: 0.0% Gallery acc: 0.1% Total acc: 0.1%
Epoch:10 Time:33.8 Data:0.0 Loss:10.6977 Cls Loss:0.7046 Cls reid Loss:0.1606 Pair Loss:0.0154 Center Loss:9.8171 KL Loss:281.8442 Recon Loss:0.1230 Acc:0.9913 Acc ReID:0.9970 
=> Test at epoch 10
==========Test with latent_z: z_c =========
Extracted features for query set, obtained torch.Size([2228, 128]) matrix
Extracted features for gallery set, obtained torch.Size([17661, 128]) matrix
Extracting features complete in 0m 11s
Distance computing in 0m 1s
Results ---------------------------------------------------
top1:83.8% top5:91.5% top10:93.5% top20:94.9% mAP:69.6%
-----------------------------------------------------------
Using 0m 3s
Classifier results ---------------------------------------------------
Query acc: 0.0% Gallery acc: 0.0% Total acc: 0.0%
ReID Classifier results ---------------------------------------------------
Query acc: 0.0% Gallery acc: 0.1% Total acc: 0.1%
==========Test with latent_z: new_z =========
Extracted features for query set, obtained torch.Size([2228, 1280]) matrix
Extracted features for gallery set, obtained torch.Size([17661, 1280]) matrix
Extracting features complete in 0m 12s
Distance computing in 0m 1s
Results ---------------------------------------------------
top1:87.5% top5:93.6% top10:95.2% top20:96.2% mAP:76.2%
-----------------------------------------------------------
Using 0m 4s
Classifier results ---------------------------------------------------
Query acc: 0.0% Gallery acc: 0.0% Total acc: 0.0%
ReID Classifier results ---------------------------------------------------
Query acc: 0.0% Gallery acc: 0.1% Total acc: 0.1%
Epoch:11 Time:32.3 Data:0.0 Loss:7.7236 Cls Loss:0.5658 Cls reid Loss:0.1400 Pair Loss:0.0174 Center Loss:7.0004 KL Loss:280.7313 Recon Loss:0.1230 Acc:0.9948 Acc ReID:0.9975 
=> Test at epoch 11
==========Test with latent_z: z_c =========
Extracted features for query set, obtained torch.Size([2228, 128]) matrix
Extracted features for gallery set, obtained torch.Size([17661, 128]) matrix
Extracting features complete in 0m 11s
Distance computing in 0m 0s
Results ---------------------------------------------------
top1:83.8% top5:91.5% top10:93.5% top20:94.9% mAP:69.6%
-----------------------------------------------------------
Using 0m 5s
Classifier results ---------------------------------------------------
Query acc: 0.0% Gallery acc: 0.0% Total acc: 0.0%
ReID Classifier results ---------------------------------------------------
Query acc: 0.0% Gallery acc: 0.1% Total acc: 0.1%
==========Test with latent_z: new_z =========
Extracted features for query set, obtained torch.Size([2228, 1280]) matrix
Extracted features for gallery set, obtained torch.Size([17661, 1280]) matrix
Extracting features complete in 0m 11s
Distance computing in 0m 1s
Results ---------------------------------------------------
top1:87.6% top5:93.5% top10:95.1% top20:96.2% mAP:76.5%
-----------------------------------------------------------
Using 0m 4s
Classifier results ---------------------------------------------------
Query acc: 0.0% Gallery acc: 0.0% Total acc: 0.0%
ReID Classifier results ---------------------------------------------------
Query acc: 0.0% Gallery acc: 0.1% Total acc: 0.1%
Epoch:12 Time:32.9 Data:0.0 Loss:7.3972 Cls Loss:0.5381 Cls reid Loss:0.1398 Pair Loss:0.0178 Center Loss:6.7015 KL Loss:279.5606 Recon Loss:0.1230 Acc:0.9959 Acc ReID:0.9985 
=> Test at epoch 12
==========Test with latent_z: z_c =========
Extracted features for query set, obtained torch.Size([2228, 128]) matrix
Extracted features for gallery set, obtained torch.Size([17661, 128]) matrix
Extracting features complete in 0m 13s
Distance computing in 0m 1s
Results ---------------------------------------------------
top1:83.8% top5:91.5% top10:93.5% top20:94.9% mAP:69.6%
-----------------------------------------------------------
Using 0m 4s
Classifier results ---------------------------------------------------
Query acc: 0.0% Gallery acc: 0.0% Total acc: 0.0%
ReID Classifier results ---------------------------------------------------
Query acc: 0.0% Gallery acc: 0.1% Total acc: 0.0%
==========Test with latent_z: new_z =========
Extracted features for query set, obtained torch.Size([2228, 1280]) matrix
Extracted features for gallery set, obtained torch.Size([17661, 1280]) matrix
Extracting features complete in 0m 12s
Distance computing in 0m 1s
Results ---------------------------------------------------
top1:87.5% top5:93.4% top10:95.2% top20:96.2% mAP:76.4%
-----------------------------------------------------------
Using 0m 5s
Classifier results ---------------------------------------------------
Query acc: 0.0% Gallery acc: 0.0% Total acc: 0.0%
ReID Classifier results ---------------------------------------------------
Query acc: 0.0% Gallery acc: 0.1% Total acc: 0.0%
Epoch:13 Time:27.6 Data:0.0 Loss:7.2266 Cls Loss:0.5234 Cls reid Loss:0.1396 Pair Loss:0.0172 Center Loss:6.5464 KL Loss:278.4882 Recon Loss:0.1230 Acc:0.9967 Acc ReID:0.9987 
=> Test at epoch 13
==========Test with latent_z: z_c =========
Extracted features for query set, obtained torch.Size([2228, 128]) matrix
Extracted features for gallery set, obtained torch.Size([17661, 128]) matrix
Extracting features complete in 0m 14s
Distance computing in 0m 1s
Results ---------------------------------------------------
top1:83.8% top5:91.5% top10:93.5% top20:94.9% mAP:69.6%
-----------------------------------------------------------
Using 0m 3s
Classifier results ---------------------------------------------------
Query acc: 0.0% Gallery acc: 0.0% Total acc: 0.0%
ReID Classifier results ---------------------------------------------------
Query acc: 0.0% Gallery acc: 0.1% Total acc: 0.1%
==========Test with latent_z: new_z =========
Extracted features for query set, obtained torch.Size([2228, 1280]) matrix
Extracted features for gallery set, obtained torch.Size([17661, 1280]) matrix
Extracting features complete in 0m 5s
Distance computing in 0m 0s
Results ---------------------------------------------------
top1:87.4% top5:93.4% top10:95.1% top20:96.2% mAP:76.4%
-----------------------------------------------------------
Using 0m 3s
Classifier results ---------------------------------------------------
Query acc: 0.0% Gallery acc: 0.0% Total acc: 0.0%
ReID Classifier results ---------------------------------------------------
Query acc: 0.0% Gallery acc: 0.1% Total acc: 0.1%
Epoch:14 Time:31.8 Data:0.0 Loss:7.0623 Cls Loss:0.5114 Cls reid Loss:0.1383 Pair Loss:0.0171 Center Loss:6.3955 KL Loss:277.3483 Recon Loss:0.1230 Acc:0.9969 Acc ReID:0.9989 
=> Test at epoch 14
==========Test with latent_z: z_c =========
Extracted features for query set, obtained torch.Size([2228, 128]) matrix
Extracted features for gallery set, obtained torch.Size([17661, 128]) matrix
Extracting features complete in 0m 13s
Distance computing in 0m 1s
Results ---------------------------------------------------
top1:83.8% top5:91.5% top10:93.5% top20:94.9% mAP:69.6%
-----------------------------------------------------------
Using 0m 5s
Classifier results ---------------------------------------------------
Query acc: 0.0% Gallery acc: 0.0% Total acc: 0.0%
ReID Classifier results ---------------------------------------------------
Query acc: 0.0% Gallery acc: 0.1% Total acc: 0.1%
==========Test with latent_z: new_z =========
Extracted features for query set, obtained torch.Size([2228, 1280]) matrix
Extracted features for gallery set, obtained torch.Size([17661, 1280]) matrix
Extracting features complete in 0m 7s
Distance computing in 0m 0s
Results ---------------------------------------------------
top1:87.6% top5:93.4% top10:95.1% top20:96.1% mAP:76.4%
-----------------------------------------------------------
Using 0m 3s
Classifier results ---------------------------------------------------
Query acc: 0.0% Gallery acc: 0.0% Total acc: 0.0%
ReID Classifier results ---------------------------------------------------
Query acc: 0.0% Gallery acc: 0.1% Total acc: 0.1%
Epoch:15 Time:32.4 Data:0.0 Loss:6.9038 Cls Loss:0.5009 Cls reid Loss:0.1375 Pair Loss:0.0179 Center Loss:6.2474 KL Loss:276.3447 Recon Loss:0.1230 Acc:0.9971 Acc ReID:0.9988 
=> Test at epoch 15
==========Test with latent_z: z_c =========
Extracted features for query set, obtained torch.Size([2228, 128]) matrix
Extracted features for gallery set, obtained torch.Size([17661, 128]) matrix
Extracting features complete in 0m 11s
Distance computing in 0m 0s
Results ---------------------------------------------------
top1:83.8% top5:91.5% top10:93.5% top20:94.9% mAP:69.6%
-----------------------------------------------------------
Using 0m 5s
Classifier results ---------------------------------------------------
Query acc: 0.0% Gallery acc: 0.0% Total acc: 0.0%
ReID Classifier results ---------------------------------------------------
Query acc: 0.0% Gallery acc: 0.1% Total acc: 0.1%
==========Test with latent_z: new_z =========
Extracted features for query set, obtained torch.Size([2228, 1280]) matrix
Extracted features for gallery set, obtained torch.Size([17661, 1280]) matrix
Extracting features complete in 0m 10s
Distance computing in 0m 1s
Results ---------------------------------------------------
top1:87.6% top5:93.5% top10:95.2% top20:96.1% mAP:76.4%
-----------------------------------------------------------
Using 0m 3s
Classifier results ---------------------------------------------------
Query acc: 0.0% Gallery acc: 0.0% Total acc: 0.0%
ReID Classifier results ---------------------------------------------------
Query acc: 0.0% Gallery acc: 0.1% Total acc: 0.1%
Epoch:16 Time:31.0 Data:0.0 Loss:6.7530 Cls Loss:0.4913 Cls reid Loss:0.1362 Pair Loss:0.0179 Center Loss:6.1076 KL Loss:275.1705 Recon Loss:0.1230 Acc:0.9973 Acc ReID:0.9989 
=> Test at epoch 16
==========Test with latent_z: z_c =========
Extracted features for query set, obtained torch.Size([2228, 128]) matrix
Extracted features for gallery set, obtained torch.Size([17661, 128]) matrix
Extracting features complete in 0m 13s
Distance computing in 0m 0s
Results ---------------------------------------------------
top1:83.8% top5:91.5% top10:93.5% top20:94.9% mAP:69.6%
-----------------------------------------------------------
Using 0m 3s
Classifier results ---------------------------------------------------
Query acc: 0.0% Gallery acc: 0.0% Total acc: 0.0%
ReID Classifier results ---------------------------------------------------
Query acc: 0.0% Gallery acc: 0.1% Total acc: 0.1%
==========Test with latent_z: new_z =========
Extracted features for query set, obtained torch.Size([2228, 1280]) matrix
Extracted features for gallery set, obtained torch.Size([17661, 1280]) matrix
Extracting features complete in 0m 13s
Distance computing in 0m 1s
Results ---------------------------------------------------
top1:87.6% top5:93.5% top10:95.2% top20:96.2% mAP:76.3%
-----------------------------------------------------------
Using 0m 3s
Classifier results ---------------------------------------------------
Query acc: 0.0% Gallery acc: 0.0% Total acc: 0.0%
ReID Classifier results ---------------------------------------------------
Query acc: 0.0% Gallery acc: 0.1% Total acc: 0.1%
Epoch:17 Time:34.6 Data:0.0 Loss:6.6128 Cls Loss:0.4831 Cls reid Loss:0.1341 Pair Loss:0.0185 Center Loss:5.9771 KL Loss:274.1336 Recon Loss:0.1230 Acc:0.9971 Acc ReID:0.9987 
=> Test at epoch 17
==========Test with latent_z: z_c =========
Extracted features for query set, obtained torch.Size([2228, 128]) matrix
Extracted features for gallery set, obtained torch.Size([17661, 128]) matrix
Extracting features complete in 0m 14s
Distance computing in 0m 0s
Results ---------------------------------------------------
top1:83.8% top5:91.5% top10:93.5% top20:94.9% mAP:69.6%
-----------------------------------------------------------
Using 0m 3s
Classifier results ---------------------------------------------------
Query acc: 0.0% Gallery acc: 0.0% Total acc: 0.0%
ReID Classifier results ---------------------------------------------------
Query acc: 0.0% Gallery acc: 0.1% Total acc: 0.1%
==========Test with latent_z: new_z =========
Extracted features for query set, obtained torch.Size([2228, 1280]) matrix
Extracted features for gallery set, obtained torch.Size([17661, 1280]) matrix
Extracting features complete in 0m 14s
Distance computing in 0m 2s
Results ---------------------------------------------------
top1:87.4% top5:93.5% top10:95.2% top20:96.1% mAP:76.3%
-----------------------------------------------------------
Using 0m 3s
Classifier results ---------------------------------------------------
Query acc: 0.0% Gallery acc: 0.0% Total acc: 0.0%
ReID Classifier results ---------------------------------------------------
Query acc: 0.0% Gallery acc: 0.1% Total acc: 0.1%
Epoch:18 Time:35.4 Data:0.0 Loss:6.4739 Cls Loss:0.4753 Cls reid Loss:0.1323 Pair Loss:0.0185 Center Loss:5.8477 KL Loss:272.9578 Recon Loss:0.1230 Acc:0.9974 Acc ReID:0.9990 
=> Test at epoch 18
==========Test with latent_z: z_c =========
Extracted features for query set, obtained torch.Size([2228, 128]) matrix
Extracted features for gallery set, obtained torch.Size([17661, 128]) matrix
Extracting features complete in 0m 13s
Distance computing in 0m 0s
Results ---------------------------------------------------
top1:83.8% top5:91.5% top10:93.5% top20:94.9% mAP:69.6%
-----------------------------------------------------------
Using 0m 3s
Classifier results ---------------------------------------------------
Query acc: 0.0% Gallery acc: 0.1% Total acc: 0.1%
ReID Classifier results ---------------------------------------------------
Query acc: 0.0% Gallery acc: 0.1% Total acc: 0.1%
==========Test with latent_z: new_z =========
Extracted features for query set, obtained torch.Size([2228, 1280]) matrix
Extracted features for gallery set, obtained torch.Size([17661, 1280]) matrix
Extracting features complete in 0m 12s
Distance computing in 0m 1s
Results ---------------------------------------------------
top1:87.4% top5:93.4% top10:95.1% top20:96.1% mAP:76.3%
-----------------------------------------------------------
Using 0m 3s
Classifier results ---------------------------------------------------
Query acc: 0.0% Gallery acc: 0.1% Total acc: 0.1%
ReID Classifier results ---------------------------------------------------
Query acc: 0.0% Gallery acc: 0.1% Total acc: 0.1%
Epoch:19 Time:36.8 Data:0.0 Loss:6.3394 Cls Loss:0.4673 Cls reid Loss:0.1302 Pair Loss:0.0188 Center Loss:5.7231 KL Loss:272.2526 Recon Loss:0.1230 Acc:0.9973 Acc ReID:0.9990 
=> Test at epoch 19
==========Test with latent_z: z_c =========
Extracted features for query set, obtained torch.Size([2228, 128]) matrix
Extracted features for gallery set, obtained torch.Size([17661, 128]) matrix
Extracting features complete in 0m 12s
Distance computing in 0m 0s
Results ---------------------------------------------------
top1:83.8% top5:91.5% top10:93.5% top20:94.9% mAP:69.6%
-----------------------------------------------------------
Using 0m 4s
Classifier results ---------------------------------------------------
Query acc: 0.0% Gallery acc: 0.0% Total acc: 0.0%
ReID Classifier results ---------------------------------------------------
Query acc: 0.0% Gallery acc: 0.1% Total acc: 0.1%
==========Test with latent_z: new_z =========
Extracted features for query set, obtained torch.Size([2228, 1280]) matrix
Extracted features for gallery set, obtained torch.Size([17661, 1280]) matrix
Extracting features complete in 0m 11s
Distance computing in 0m 1s
Results ---------------------------------------------------
top1:87.5% top5:93.4% top10:95.2% top20:96.2% mAP:76.3%
-----------------------------------------------------------
Using 0m 3s
Classifier results ---------------------------------------------------
Query acc: 0.0% Gallery acc: 0.0% Total acc: 0.0%
ReID Classifier results ---------------------------------------------------
Query acc: 0.0% Gallery acc: 0.1% Total acc: 0.1%
Epoch:20 Time:35.3 Data:0.0 Loss:6.2181 Cls Loss:0.4602 Cls reid Loss:0.1287 Pair Loss:0.0185 Center Loss:5.6107 KL Loss:272.1192 Recon Loss:0.1230 Acc:0.9978 Acc ReID:0.9990 
=> Test at epoch 20
==========Test with latent_z: z_c =========
Extracted features for query set, obtained torch.Size([2228, 128]) matrix
Extracted features for gallery set, obtained torch.Size([17661, 128]) matrix
Extracting features complete in 0m 13s
Distance computing in 0m 0s
Results ---------------------------------------------------
top1:83.8% top5:91.5% top10:93.5% top20:94.9% mAP:69.6%
-----------------------------------------------------------
Using 0m 3s
Classifier results ---------------------------------------------------
Query acc: 0.0% Gallery acc: 0.1% Total acc: 0.1%
ReID Classifier results ---------------------------------------------------
Query acc: 0.0% Gallery acc: 0.1% Total acc: 0.1%
==========Test with latent_z: new_z =========
Extracted features for query set, obtained torch.Size([2228, 1280]) matrix
Extracted features for gallery set, obtained torch.Size([17661, 1280]) matrix
Extracting features complete in 0m 13s
Distance computing in 0m 1s
Results ---------------------------------------------------
top1:87.3% top5:93.4% top10:95.1% top20:96.2% mAP:76.2%
-----------------------------------------------------------
Using 0m 3s
Classifier results ---------------------------------------------------
Query acc: 0.0% Gallery acc: 0.1% Total acc: 0.1%
ReID Classifier results ---------------------------------------------------
Query acc: 0.0% Gallery acc: 0.1% Total acc: 0.1%
Epoch:21 Time:36.0 Data:0.0 Loss:6.0909 Cls Loss:0.4529 Cls reid Loss:0.1259 Pair Loss:0.0187 Center Loss:5.4935 KL Loss:272.2644 Recon Loss:0.1230 Acc:0.9977 Acc ReID:0.9991 
=> Test at epoch 21
==========Test with latent_z: z_c =========
Extracted features for query set, obtained torch.Size([2228, 128]) matrix
Extracted features for gallery set, obtained torch.Size([17661, 128]) matrix
Extracting features complete in 0m 11s
Distance computing in 0m 0s
Results ---------------------------------------------------
top1:83.8% top5:91.5% top10:93.5% top20:94.9% mAP:69.6%
-----------------------------------------------------------
Using 0m 3s
Classifier results ---------------------------------------------------
Query acc: 0.0% Gallery acc: 0.1% Total acc: 0.1%
ReID Classifier results ---------------------------------------------------
Query acc: 0.0% Gallery acc: 0.1% Total acc: 0.1%
==========Test with latent_z: new_z =========
Extracted features for query set, obtained torch.Size([2228, 1280]) matrix
Extracted features for gallery set, obtained torch.Size([17661, 1280]) matrix
Extracting features complete in 0m 14s
Distance computing in 0m 2s
Results ---------------------------------------------------
top1:87.4% top5:93.3% top10:95.2% top20:96.2% mAP:76.2%
-----------------------------------------------------------
Using 0m 3s
Classifier results ---------------------------------------------------
Query acc: 0.0% Gallery acc: 0.1% Total acc: 0.1%
ReID Classifier results ---------------------------------------------------
Query acc: 0.0% Gallery acc: 0.1% Total acc: 0.1%
Epoch:22 Time:35.2 Data:0.0 Loss:5.9876 Cls Loss:0.4462 Cls reid Loss:0.1242 Pair Loss:0.0195 Center Loss:5.3978 KL Loss:272.1377 Recon Loss:0.1230 Acc:0.9975 Acc ReID:0.9990 
=> Test at epoch 22
==========Test with latent_z: z_c =========
Extracted features for query set, obtained torch.Size([2228, 128]) matrix
Extracted features for gallery set, obtained torch.Size([17661, 128]) matrix
Extracting features complete in 0m 11s
Distance computing in 0m 0s
Results ---------------------------------------------------
top1:83.8% top5:91.5% top10:93.5% top20:94.9% mAP:69.6%
-----------------------------------------------------------
Using 0m 3s
Classifier results ---------------------------------------------------
Query acc: 0.0% Gallery acc: 0.1% Total acc: 0.1%
ReID Classifier results ---------------------------------------------------
Query acc: 0.1% Gallery acc: 0.1% Total acc: 0.1%
==========Test with latent_z: new_z =========
Extracted features for query set, obtained torch.Size([2228, 1280]) matrix
Extracted features for gallery set, obtained torch.Size([17661, 1280]) matrix
Extracting features complete in 0m 14s
Distance computing in 0m 1s
Results ---------------------------------------------------
top1:87.3% top5:93.5% top10:95.2% top20:96.2% mAP:76.3%
-----------------------------------------------------------
Using 0m 3s
Classifier results ---------------------------------------------------
Query acc: 0.0% Gallery acc: 0.1% Total acc: 0.1%
ReID Classifier results ---------------------------------------------------
Query acc: 0.1% Gallery acc: 0.1% Total acc: 0.1%
Epoch:23 Time:34.7 Data:0.0 Loss:5.8725 Cls Loss:0.4394 Cls reid Loss:0.1226 Pair Loss:0.0186 Center Loss:5.2920 KL Loss:272.1194 Recon Loss:0.1229 Acc:0.9977 Acc ReID:0.9989 
=> Test at epoch 23
==========Test with latent_z: z_c =========
Extracted features for query set, obtained torch.Size([2228, 128]) matrix
Extracted features for gallery set, obtained torch.Size([17661, 128]) matrix
Extracting features complete in 0m 12s
Distance computing in 0m 1s
Results ---------------------------------------------------
top1:83.8% top5:91.5% top10:93.5% top20:94.9% mAP:69.6%
-----------------------------------------------------------
Using 0m 5s
Classifier results ---------------------------------------------------
Query acc: 0.0% Gallery acc: 0.1% Total acc: 0.1%
ReID Classifier results ---------------------------------------------------
Query acc: 0.1% Gallery acc: 0.1% Total acc: 0.1%
==========Test with latent_z: new_z =========
Extracted features for query set, obtained torch.Size([2228, 1280]) matrix
Extracted features for gallery set, obtained torch.Size([17661, 1280]) matrix
Extracting features complete in 0m 12s
Distance computing in 0m 1s
Results ---------------------------------------------------
top1:87.4% top5:93.6% top10:95.2% top20:96.3% mAP:76.2%
-----------------------------------------------------------
Using 0m 3s
Classifier results ---------------------------------------------------
Query acc: 0.0% Gallery acc: 0.1% Total acc: 0.1%
ReID Classifier results ---------------------------------------------------
Query acc: 0.1% Gallery acc: 0.1% Total acc: 0.1%
Epoch:24 Time:33.5 Data:0.0 Loss:5.7476 Cls Loss:0.4316 Cls reid Loss:0.1198 Pair Loss:0.0189 Center Loss:5.1773 KL Loss:272.1591 Recon Loss:0.1230 Acc:0.9975 Acc ReID:0.9990 
=> Test at epoch 24
==========Test with latent_z: z_c =========
Extracted features for query set, obtained torch.Size([2228, 128]) matrix
Extracted features for gallery set, obtained torch.Size([17661, 128]) matrix
Extracting features complete in 0m 15s
Distance computing in 0m 0s
Results ---------------------------------------------------
top1:83.8% top5:91.5% top10:93.5% top20:94.9% mAP:69.6%
-----------------------------------------------------------
Using 0m 3s
Classifier results ---------------------------------------------------
Query acc: 0.0% Gallery acc: 0.0% Total acc: 0.0%
ReID Classifier results ---------------------------------------------------
Query acc: 0.0% Gallery acc: 0.1% Total acc: 0.1%
==========Test with latent_z: new_z =========
Extracted features for query set, obtained torch.Size([2228, 1280]) matrix
Extracted features for gallery set, obtained torch.Size([17661, 1280]) matrix
Extracting features complete in 0m 12s
Distance computing in 0m 1s
Results ---------------------------------------------------
top1:87.2% top5:93.4% top10:95.1% top20:96.1% mAP:76.2%
-----------------------------------------------------------
Using 0m 3s
Classifier results ---------------------------------------------------
Query acc: 0.0% Gallery acc: 0.0% Total acc: 0.0%
ReID Classifier results ---------------------------------------------------
Query acc: 0.0% Gallery acc: 0.1% Total acc: 0.1%
Epoch:25 Time:31.7 Data:0.0 Loss:5.6375 Cls Loss:0.4246 Cls reid Loss:0.1183 Pair Loss:0.0192 Center Loss:5.0755 KL Loss:272.2277 Recon Loss:0.1230 Acc:0.9973 Acc ReID:0.9989 
=> Test at epoch 25
==========Test with latent_z: z_c =========
Extracted features for query set, obtained torch.Size([2228, 128]) matrix
Extracted features for gallery set, obtained torch.Size([17661, 128]) matrix
Extracting features complete in 0m 13s
Distance computing in 0m 0s
Results ---------------------------------------------------
top1:83.8% top5:91.5% top10:93.5% top20:94.9% mAP:69.6%
-----------------------------------------------------------
Using 0m 3s
Classifier results ---------------------------------------------------
Query acc: 0.0% Gallery acc: 0.0% Total acc: 0.0%
ReID Classifier results ---------------------------------------------------
Query acc: 0.0% Gallery acc: 0.1% Total acc: 0.1%
==========Test with latent_z: new_z =========
Extracted features for query set, obtained torch.Size([2228, 1280]) matrix
Extracted features for gallery set, obtained torch.Size([17661, 1280]) matrix
Extracting features complete in 0m 12s
Distance computing in 0m 1s
Results ---------------------------------------------------
top1:87.3% top5:93.4% top10:95.2% top20:96.2% mAP:76.2%
-----------------------------------------------------------
Using 0m 3s
Classifier results ---------------------------------------------------
Query acc: 0.0% Gallery acc: 0.0% Total acc: 0.0%
ReID Classifier results ---------------------------------------------------
Query acc: 0.0% Gallery acc: 0.1% Total acc: 0.1%
Epoch:26 Time:32.4 Data:0.0 Loss:5.5375 Cls Loss:0.4181 Cls reid Loss:0.1164 Pair Loss:0.0191 Center Loss:4.9839 KL Loss:272.2250 Recon Loss:0.1230 Acc:0.9974 Acc ReID:0.9989 
=> Test at epoch 26
==========Test with latent_z: z_c =========
Extracted features for query set, obtained torch.Size([2228, 128]) matrix
Extracted features for gallery set, obtained torch.Size([17661, 128]) matrix
Extracting features complete in 0m 12s
Distance computing in 0m 0s
Results ---------------------------------------------------
top1:83.8% top5:91.5% top10:93.5% top20:94.9% mAP:69.6%
-----------------------------------------------------------
Using 0m 3s
Classifier results ---------------------------------------------------
Query acc: 0.0% Gallery acc: 0.0% Total acc: 0.0%
ReID Classifier results ---------------------------------------------------
Query acc: 0.1% Gallery acc: 0.1% Total acc: 0.1%
==========Test with latent_z: new_z =========
Extracted features for query set, obtained torch.Size([2228, 1280]) matrix
Extracted features for gallery set, obtained torch.Size([17661, 1280]) matrix
Extracting features complete in 0m 14s
Distance computing in 0m 1s
Results ---------------------------------------------------
top1:87.3% top5:93.3% top10:95.1% top20:96.1% mAP:76.2%
-----------------------------------------------------------
Using 0m 3s
Classifier results ---------------------------------------------------
Query acc: 0.0% Gallery acc: 0.0% Total acc: 0.0%
ReID Classifier results ---------------------------------------------------
Query acc: 0.1% Gallery acc: 0.1% Total acc: 0.1%
Epoch:27 Time:33.1 Data:0.0 Loss:5.4404 Cls Loss:0.4112 Cls reid Loss:0.1151 Pair Loss:0.0193 Center Loss:4.8948 KL Loss:272.1925 Recon Loss:0.1230 Acc:0.9975 Acc ReID:0.9989 
=> Test at epoch 27
==========Test with latent_z: z_c =========
Extracted features for query set, obtained torch.Size([2228, 128]) matrix
Extracted features for gallery set, obtained torch.Size([17661, 128]) matrix
Extracting features complete in 0m 11s
Distance computing in 0m 0s
Results ---------------------------------------------------
top1:83.8% top5:91.5% top10:93.5% top20:94.9% mAP:69.6%
-----------------------------------------------------------
Using 0m 5s
Classifier results ---------------------------------------------------
Query acc: 0.0% Gallery acc: 0.0% Total acc: 0.0%
ReID Classifier results ---------------------------------------------------
Query acc: 0.1% Gallery acc: 0.1% Total acc: 0.1%
==========Test with latent_z: new_z =========
Extracted features for query set, obtained torch.Size([2228, 1280]) matrix
Extracted features for gallery set, obtained torch.Size([17661, 1280]) matrix
Extracting features complete in 0m 14s
Distance computing in 0m 2s
Results ---------------------------------------------------
top1:87.3% top5:93.3% top10:95.0% top20:96.2% mAP:76.1%
-----------------------------------------------------------
Using 0m 4s
Classifier results ---------------------------------------------------
Query acc: 0.0% Gallery acc: 0.0% Total acc: 0.0%
ReID Classifier results ---------------------------------------------------
Query acc: 0.1% Gallery acc: 0.1% Total acc: 0.1%
Epoch:28 Time:32.4 Data:0.0 Loss:5.3431 Cls Loss:0.4048 Cls reid Loss:0.1142 Pair Loss:0.0196 Center Loss:4.8045 KL Loss:272.2210 Recon Loss:0.1230 Acc:0.9974 Acc ReID:0.9987 
=> Test at epoch 28
==========Test with latent_z: z_c =========
Extracted features for query set, obtained torch.Size([2228, 128]) matrix
Extracted features for gallery set, obtained torch.Size([17661, 128]) matrix
Extracting features complete in 0m 12s
Distance computing in 0m 1s
Results ---------------------------------------------------
top1:83.8% top5:91.5% top10:93.5% top20:94.9% mAP:69.6%
-----------------------------------------------------------
Using 0m 4s
Classifier results ---------------------------------------------------
Query acc: 0.0% Gallery acc: 0.1% Total acc: 0.1%
ReID Classifier results ---------------------------------------------------
Query acc: 0.1% Gallery acc: 0.1% Total acc: 0.1%
==========Test with latent_z: new_z =========
Extracted features for query set, obtained torch.Size([2228, 1280]) matrix
Extracted features for gallery set, obtained torch.Size([17661, 1280]) matrix
Extracting features complete in 0m 14s
Distance computing in 0m 1s
Results ---------------------------------------------------
top1:87.3% top5:93.4% top10:95.2% top20:96.1% mAP:76.1%
-----------------------------------------------------------
Using 0m 3s
Classifier results ---------------------------------------------------
Query acc: 0.0% Gallery acc: 0.1% Total acc: 0.1%
ReID Classifier results ---------------------------------------------------
Query acc: 0.1% Gallery acc: 0.1% Total acc: 0.1%
Epoch:29 Time:36.3 Data:0.0 Loss:5.2481 Cls Loss:0.3982 Cls reid Loss:0.1127 Pair Loss:0.0201 Center Loss:4.7170 KL Loss:272.2133 Recon Loss:0.1230 Acc:0.9978 Acc ReID:0.9989 
=> Test at epoch 29
==========Test with latent_z: z_c =========
Extracted features for query set, obtained torch.Size([2228, 128]) matrix
Extracted features for gallery set, obtained torch.Size([17661, 128]) matrix
Extracting features complete in 0m 14s
Distance computing in 0m 0s
Results ---------------------------------------------------
top1:83.8% top5:91.5% top10:93.5% top20:94.9% mAP:69.6%
-----------------------------------------------------------
Using 0m 3s
Classifier results ---------------------------------------------------
Query acc: 0.0% Gallery acc: 0.0% Total acc: 0.0%
ReID Classifier results ---------------------------------------------------
Query acc: 0.1% Gallery acc: 0.1% Total acc: 0.1%
==========Test with latent_z: new_z =========
Extracted features for query set, obtained torch.Size([2228, 1280]) matrix
Extracted features for gallery set, obtained torch.Size([17661, 1280]) matrix
Extracting features complete in 0m 13s
Distance computing in 0m 1s
Results ---------------------------------------------------
top1:87.3% top5:93.4% top10:95.2% top20:96.0% mAP:76.1%
-----------------------------------------------------------
Using 0m 3s
Classifier results ---------------------------------------------------
Query acc: 0.0% Gallery acc: 0.0% Total acc: 0.0%
ReID Classifier results ---------------------------------------------------
Query acc: 0.1% Gallery acc: 0.1% Total acc: 0.1%
Epoch:30 Time:37.0 Data:0.0 Loss:5.1660 Cls Loss:0.3923 Cls reid Loss:0.1118 Pair Loss:0.0199 Center Loss:4.6420 KL Loss:272.3413 Recon Loss:0.1230 Acc:0.9981 Acc ReID:0.9989 
=> Test at epoch 30
==========Test with latent_z: z_c =========
Extracted features for query set, obtained torch.Size([2228, 128]) matrix
Extracted features for gallery set, obtained torch.Size([17661, 128]) matrix
Extracting features complete in 0m 13s
Distance computing in 0m 1s
Results ---------------------------------------------------
top1:83.8% top5:91.5% top10:93.5% top20:94.9% mAP:69.6%
-----------------------------------------------------------
Using 0m 4s
Classifier results ---------------------------------------------------
Query acc: 0.0% Gallery acc: 0.0% Total acc: 0.0%
ReID Classifier results ---------------------------------------------------
Query acc: 0.1% Gallery acc: 0.1% Total acc: 0.1%
==========Test with latent_z: new_z =========
Extracted features for query set, obtained torch.Size([2228, 1280]) matrix
Extracted features for gallery set, obtained torch.Size([17661, 1280]) matrix
Extracting features complete in 0m 11s
Distance computing in 0m 1s
Results ---------------------------------------------------
top1:87.3% top5:93.3% top10:95.2% top20:96.1% mAP:76.1%
-----------------------------------------------------------
Using 0m 3s
Classifier results ---------------------------------------------------
Query acc: 0.0% Gallery acc: 0.0% Total acc: 0.0%
ReID Classifier results ---------------------------------------------------
Query acc: 0.1% Gallery acc: 0.1% Total acc: 0.1%
Keep checkpoint file: checkpoint_ep30.pth.tar
=> Best Rank-1 87.7%, mAP 76.5% achieved at epoch 7
Finished. Total elapsed time (h:m:s): 0:30:32. Training time (h:m:s): 0:14:49.
Shutting down background jobs, please wait a moment...
Done!
Waiting for the remaining 29 operations to synchronize with Neptune. Do not kill this process.
All 29 operations synced, thanks for waiting!
Explore the metadata in the Neptune app:
https://app.neptune.ai/Zhengwei-Lab/MayCVAE/e/MAY-674/metadata
