https://app.neptune.ai/Zhengwei-Lab/MayCVAE/e/MAY-696
=> merge config from ./configs/clipreid_cvae_kl.yaml
/home/zhengwei/Desktop/Zhengwei/Projects/CVAE/main.py:91: NeptuneUnsupportedType: You're attempting to log a type that is not directly supported by Neptune (<class 'list'>).
        Convert the value to a supported type, such as a string or float, or use stringify_unsupported(obj)
        for dictionaries or collections that contain unsupported values.
        For more, see https://docs.neptune.ai/help/value_of_unsupported_type
  run["parameters"] = param
=> Configurations:
-------------------------
AMP: True
AUG:
  RC_PROB: 0.5
  RE_PROB: 0.5
DATA:
  CUHK03_CLASSIC_SPLIT: False
  CUHK03_LABELED: False
  DATASET: market1k
  FORMAT_TAG: tensor
  HEIGHT: 256
  NUM_INSTANCES: 4
  NUM_WORKERS: 4
  ROOT: /home/zhengwei/Desktop/Zhengwei/Projects/datasets
  SPLIT_ID: 0
  TEST_BATCH: 512
  TRAIN_BATCH: 64
  TRAIN_FORMAT: novel
  WIDTH: 128
EVAL_MODE: False
GPU: 0
LOSS:
  CLA_LOSS: crossentropy
  CLA_M: 0.0
  CLA_S: 16.0
  PAIR_LOSS: triplet
  PAIR_M: 0.3
  PAIR_S: 16.0
  RECON_LOSS: mse
  USE_NCE: False
MODEL:
  CONDITIONAL: False
  FEATURE_DIM: 1280
  FEAT_FUSION: True
  FLOW_TYPE: 
  GAUSSIAN: MultivariateNormal
  HIDDEN_DIM: 256
  LATENT_SIZE: 64
  NAME: CVAE
  ONLY_CVAE_KL: False
  ONLY_X_INPUT: False
  PRETRAIN: CLIPreidFinetune
  RES4_STRIDE: 1
  RESUME: /home/zhengwei/Desktop/Zhengwei/Projects/CVAE/outputs/duke/clipreid_simplevae_base/2024-07-26/SimpleVAE_15k_128+64z_1e3_60+120_KLtotalZ_noCLS/reid_crossentropy/2024-07-27/2nd_SimpleVAE_15k_128+64z_warm5+1e3+d1e4_10+30_KLtotalZ_L1280_ReIDZnew+tripwrt+ce_distClsZc+ce
  STYLE_NUM: 0
  TRAIN_STAGE: klNocls_stage
  USE_CENTROID: False
  USE_TWO_ENCODER: False
  VAE_TYPE: SinpleVAE
  ZC_DIM: 128
  ZS_DIM: 64
OUTPUT: ./outputs/market1k/clipreid_tune_wReID/novel/2024-07-29/tune_SimpleVAE_15K_128+64z_1e3_60+120_KLtotalZ_L1280_ReIDZnew_noCLS
SAVED_NAME: tune_SimpleVAE_15K_128+64z_1e3_60+120_KLtotalZ_L1280_ReIDZnew_noCLS
SEED: 0
TAG: clipreid_tune_wReID
TEST:
  DISTANCE: cosine
  EVAL_STEP: 5
  START_EVAL: -1
TRAIN:
  AMP: False
  LR_SCHEDULER:
    DECAY_RATE: 0.1
    NAME: MultiStepLR
    STEPSIZE: [60]
  MAX_EPOCH: 120
  OPTIMIZER:
    LR: 0.001
    NAME: adam
    SGDLR: 0.01
    SGD_MOMENTUM: 0.9
    SGD_WEIGHT_DECAY: 0.0005
    WEIGHT_DECAY: 0.0001
  START_EPOCH: 0
----------------------
Initializing dataset market1k
Warning: string series 'monitoring/56f94348/stdout' value was longer than 1000 characters and was truncated. This warning is printed only once per series.
=> Market-Sketch-1K tensor loaded
Dataset statistics:
  ------------------------------
  subset   | # ids | # images
  ------------------------------
  train    |   996 |     3992
  query    |   996 |     2709
  gallery  |   996 |     2000
  ------------------------------
  total    |  1992 |     8701
  ------------------------------
Initializing SinpleVAE model
Model size: 2.47413M
[INFO] Register count_relu() for <class 'torch.nn.modules.activation.LeakyReLU'>.
[INFO] Register count_linear() for <class 'torch.nn.modules.linear.Linear'>.
[INFO] Register count_normalization() for <class 'torch.nn.modules.batchnorm.BatchNorm1d'>.
[INFO] Register zero_ops() for <class 'torch.nn.modules.activation.ReLU'>.
[INFO] Register zero_ops() for <class 'torch.nn.modules.dropout.Dropout'>.
[INFO] Register zero_ops() for <class 'torch.nn.modules.container.Sequential'>.
FLOPs: 0.13191G
Params: 2.06325M
Initialized classifier with feature_dim: 1280, num_classes: 996
Classifier size: 1.27588M
=> Start training the model on Novel data
Loading checkpoint from '/home/zhengwei/Desktop/Zhengwei/Projects/CVAE/outputs/duke/clipreid_simplevae_base/2024-07-26/SimpleVAE_15k_128+64z_1e3_60+120_KLtotalZ_noCLS/reid_crossentropy/2024-07-27/2nd_SimpleVAE_15k_128+64z_warm5+1e3+d1e4_10+30_KLtotalZ_L1280_ReIDZnew+tripwrt+ce_distClsZc+ce/best_model.pth.tar'
Loading parameter:  reid_projector.weight
orginal best rank1 = 0.8797127468581688
=> Copy the checkpoint to the output folder
=> Start evaluation on Novel data without finetuning
=> Test pretarined feature form VLP model
Normalizing features
Normalizing features
Extracted features for query set, obtained torch.Size([2709, 1280]) matrix
Extracted features for gallery set, obtained torch.Size([2000, 1280]) matrix
Extracting features complete in 0m 4s
Distance computing in 0m 1s
Computing CMC and mAP
Results ---------------------------------------------------
top1:35.2% top5:60.5% top10:71.2% top20:80.7% mAP:39.8%
-----------------------------------------------------------
Using 0m 0s
==========Test with latent_z: new_z =========
Extracted features for query set, obtained torch.Size([2709, 192]) matrix
Extracted features for gallery set, obtained torch.Size([2000, 192]) matrix
Extracting features complete in 0m 5s
Distance computing in 0m 0s
Results ---------------------------------------------------
top1:11.0% top5:26.3% top10:36.1% top20:46.2% mAP:14.6%
-----------------------------------------------------------
Using 0m 0s
Classifier results ---------------------------------------------------
Query acc: 0.1% Gallery acc: 0.1% Total acc: 0.1%
ReID Classifier results ---------------------------------------------------
Query acc: 0.1% Gallery acc: 0.1% Total acc: 0.1%
==========Test with latent_z: z_c =========
Extracted features for query set, obtained torch.Size([2709, 128]) matrix
Extracted features for gallery set, obtained torch.Size([2000, 128]) matrix
Extracting features complete in 0m 6s
Distance computing in 0m 0s
Results ---------------------------------------------------
top1:10.2% top5:25.0% top10:34.5% top20:44.8% mAP:13.8%
-----------------------------------------------------------
Using 0m 0s
Classifier results ---------------------------------------------------
Query acc: 0.1% Gallery acc: 0.1% Total acc: 0.1%
ReID Classifier results ---------------------------------------------------
Query acc: 0.1% Gallery acc: 0.1% Total acc: 0.1%
Jump TSNE in test
=> Start training
/home/zhengwei/Desktop/Zhengwei/Projects/CVAE/losses/center_loss.py:40: UserWarning: This overload of addmm_ is deprecated:
	addmm_(Number beta, Number alpha, Tensor mat1, Tensor mat2)
Consider using one of the following signatures instead:
	addmm_(Tensor mat1, Tensor mat2, *, Number beta, Number alpha) (Triggered internally at /opt/conda/conda-bld/pytorch_1670525539683/work/torch/csrc/utils/python_arg_parser.cpp:1420.)
  distmat.addmm_(1, -2, x, self.centers.t())
Epoch:1 Time:6.5 Data:0.0 Loss:10.3165 Cls Loss:6.9181 Cls reid Loss:6.9036 Pair Loss:0.5123 Center Loss:1679.6205 KL Loss:10.1322 Recon Loss:0.1844 Acc:0.0015 Acc ReID:0.0005 
Epoch:2 Time:6.6 Data:0.0 Loss:1.3556 Cls Loss:6.9179 Cls reid Loss:6.9039 Pair Loss:0.4604 Center Loss:1788.4020 KL Loss:1.1722 Recon Loss:0.1833 Acc:0.0010 Acc ReID:0.0015 
Epoch:3 Time:5.5 Data:0.0 Loss:1.4117 Cls Loss:6.9161 Cls reid Loss:6.9041 Pair Loss:0.4666 Center Loss:1764.3106 KL Loss:1.2283 Recon Loss:0.1834 Acc:0.0008 Acc ReID:0.0018 
Epoch:4 Time:5.6 Data:0.0 Loss:1.3513 Cls Loss:6.9201 Cls reid Loss:6.9042 Pair Loss:0.4838 Center Loss:1727.7225 KL Loss:1.1678 Recon Loss:0.1836 Acc:0.0003 Acc ReID:0.0008 
Epoch:5 Time:7.2 Data:0.0 Loss:2.3019 Cls Loss:6.9197 Cls reid Loss:6.9042 Pair Loss:0.5020 Center Loss:1709.7459 KL Loss:2.1181 Recon Loss:0.1838 Acc:0.0013 Acc ReID:0.0010 
=> Test at epoch 5
==========Test with latent_z: z_c =========
Extracted features for query set, obtained torch.Size([2709, 128]) matrix
Extracted features for gallery set, obtained torch.Size([2000, 128]) matrix
Extracting features complete in 0m 5s
Distance computing in 0m 0s
Results ---------------------------------------------------
top1:11.2% top5:26.3% top10:35.7% top20:46.9% mAP:14.5%
-----------------------------------------------------------
Using 0m 0s
Classifier results ---------------------------------------------------
Query acc: 0.1% Gallery acc: 0.1% Total acc: 0.1%
ReID Classifier results ---------------------------------------------------
Query acc: 0.0% Gallery acc: 0.2% Total acc: 0.1%
Jump TSNE in test
==========Test with latent_z: new_z =========
Extracted features for query set, obtained torch.Size([2709, 192]) matrix
Extracted features for gallery set, obtained torch.Size([2000, 192]) matrix
Extracting features complete in 0m 5s
Distance computing in 0m 0s
Results ---------------------------------------------------
top1:12.4% top5:27.8% top10:37.7% top20:49.9% mAP:15.7%
-----------------------------------------------------------
Using 0m 0s
Classifier results ---------------------------------------------------
Query acc: 0.1% Gallery acc: 0.1% Total acc: 0.1%
ReID Classifier results ---------------------------------------------------
Query acc: 0.0% Gallery acc: 0.2% Total acc: 0.1%
Epoch:6 Time:9.5 Data:0.0 Loss:0.9174 Cls Loss:6.9170 Cls reid Loss:6.9040 Pair Loss:0.5210 Center Loss:1662.9497 KL Loss:0.7333 Recon Loss:0.1841 Acc:0.0003 Acc ReID:0.0005 
Epoch:7 Time:8.4 Data:0.0 Loss:1.0029 Cls Loss:6.9184 Cls reid Loss:6.9040 Pair Loss:0.5464 Center Loss:1624.9427 KL Loss:0.8186 Recon Loss:0.1844 Acc:0.0010 Acc ReID:0.0008 
Epoch:8 Time:7.2 Data:0.0 Loss:0.7724 Cls Loss:6.9168 Cls reid Loss:6.9043 Pair Loss:0.5570 Center Loss:1608.0748 KL Loss:0.5878 Recon Loss:0.1846 Acc:0.0020 Acc ReID:0.0015 
Epoch:9 Time:7.3 Data:0.0 Loss:0.6674 Cls Loss:6.9182 Cls reid Loss:6.9040 Pair Loss:0.5724 Center Loss:1593.1685 KL Loss:0.4823 Recon Loss:0.1851 Acc:0.0005 Acc ReID:0.0005 
/home/zhengwei/anaconda3/envs/yzwT2V/lib/python3.9/site-packages/numpy/lib/function_base.py:2853: RuntimeWarning: invalid value encountered in divide
  c /= stddev[:, None]
/home/zhengwei/anaconda3/envs/yzwT2V/lib/python3.9/site-packages/numpy/lib/function_base.py:2854: RuntimeWarning: invalid value encountered in divide
  c /= stddev[None, :]
Epoch:10 Time:75.5 Data:0.0 Loss:0.7082 Cls Loss:6.9198 Cls reid Loss:6.9043 Pair Loss:0.5770 Center Loss:1585.4150 KL Loss:0.5227 Recon Loss:0.1855 Acc:0.0008 Acc ReID:0.0013 
Jump TSNE
=> Test at epoch 10
==========Test with latent_z: z_c =========
Extracted features for query set, obtained torch.Size([2709, 128]) matrix
Extracted features for gallery set, obtained torch.Size([2000, 128]) matrix
Extracting features complete in 0m 6s
Distance computing in 0m 0s
Results ---------------------------------------------------
top1:15.0% top5:34.0% top10:45.0% top20:55.4% mAP:19.1%
-----------------------------------------------------------
Using 0m 0s
Classifier results ---------------------------------------------------
Query acc: 0.1% Gallery acc: 0.1% Total acc: 0.1%
ReID Classifier results ---------------------------------------------------
Query acc: 0.1% Gallery acc: 0.0% Total acc: 0.1%
Jump TSNE in test
==========Test with latent_z: new_z =========
Extracted features for query set, obtained torch.Size([2709, 192]) matrix
Extracted features for gallery set, obtained torch.Size([2000, 192]) matrix
Extracting features complete in 0m 5s
Distance computing in 0m 0s
Results ---------------------------------------------------
top1:16.5% top5:35.6% top10:46.6% top20:57.6% mAP:20.4%
-----------------------------------------------------------
Using 0m 0s
Classifier results ---------------------------------------------------
Query acc: 0.1% Gallery acc: 0.1% Total acc: 0.1%
ReID Classifier results ---------------------------------------------------
Query acc: 0.1% Gallery acc: 0.0% Total acc: 0.1%
Epoch:11 Time:8.3 Data:0.0 Loss:0.6453 Cls Loss:6.9196 Cls reid Loss:6.9044 Pair Loss:0.5783 Center Loss:1579.3678 KL Loss:0.4596 Recon Loss:0.1857 Acc:0.0005 Acc ReID:0.0008 
Epoch:12 Time:7.2 Data:0.0 Loss:0.5916 Cls Loss:6.9180 Cls reid Loss:6.9045 Pair Loss:0.5840 Center Loss:1576.8759 KL Loss:0.4055 Recon Loss:0.1861 Acc:0.0010 Acc ReID:0.0010 
Epoch:13 Time:6.6 Data:0.0 Loss:0.5713 Cls Loss:6.9192 Cls reid Loss:6.9038 Pair Loss:0.5828 Center Loss:1574.8846 KL Loss:0.3851 Recon Loss:0.1862 Acc:0.0008 Acc ReID:0.0013 
Epoch:14 Time:7.6 Data:0.0 Loss:0.5446 Cls Loss:6.9187 Cls reid Loss:6.9041 Pair Loss:0.5813 Center Loss:1576.7793 KL Loss:0.3583 Recon Loss:0.1863 Acc:0.0005 Acc ReID:0.0008 
Epoch:15 Time:8.4 Data:0.0 Loss:0.6096 Cls Loss:6.9205 Cls reid Loss:6.9040 Pair Loss:0.5842 Center Loss:1574.1128 KL Loss:0.4231 Recon Loss:0.1864 Acc:0.0010 Acc ReID:0.0010 
=> Test at epoch 15
==========Test with latent_z: z_c =========
Extracted features for query set, obtained torch.Size([2709, 128]) matrix
Extracted features for gallery set, obtained torch.Size([2000, 128]) matrix
Extracting features complete in 0m 5s
Distance computing in 0m 0s
Results ---------------------------------------------------
top1:17.5% top5:36.7% top10:46.7% top20:58.7% mAP:21.0%
-----------------------------------------------------------
Using 0m 0s
Classifier results ---------------------------------------------------
Query acc: 0.2% Gallery acc: 0.1% Total acc: 0.1%
ReID Classifier results ---------------------------------------------------
Query acc: 0.1% Gallery acc: 0.3% Total acc: 0.2%
Jump TSNE in test
==========Test with latent_z: new_z =========
Extracted features for query set, obtained torch.Size([2709, 192]) matrix
Extracted features for gallery set, obtained torch.Size([2000, 192]) matrix
Extracting features complete in 0m 5s
Distance computing in 0m 0s
Results ---------------------------------------------------
top1:19.1% top5:37.8% top10:49.4% top20:60.2% mAP:22.5%
-----------------------------------------------------------
Using 0m 0s
Classifier results ---------------------------------------------------
Query acc: 0.2% Gallery acc: 0.1% Total acc: 0.1%
ReID Classifier results ---------------------------------------------------
Query acc: 0.1% Gallery acc: 0.3% Total acc: 0.2%
Epoch:16 Time:9.9 Data:0.0 Loss:0.6108 Cls Loss:6.9183 Cls reid Loss:6.9038 Pair Loss:0.5834 Center Loss:1574.2143 KL Loss:0.4244 Recon Loss:0.1865 Acc:0.0010 Acc ReID:0.0015 
Epoch:17 Time:8.2 Data:0.0 Loss:0.5598 Cls Loss:6.9208 Cls reid Loss:6.9037 Pair Loss:0.5776 Center Loss:1576.8786 KL Loss:0.3733 Recon Loss:0.1864 Acc:0.0018 Acc ReID:0.0013 
Epoch:18 Time:6.9 Data:0.0 Loss:0.6456 Cls Loss:6.9201 Cls reid Loss:6.9040 Pair Loss:0.5786 Center Loss:1578.8100 KL Loss:0.4586 Recon Loss:0.1870 Acc:0.0010 Acc ReID:0.0018 
Epoch:19 Time:9.3 Data:0.0 Loss:0.5475 Cls Loss:6.9181 Cls reid Loss:6.9040 Pair Loss:0.5799 Center Loss:1570.2125 KL Loss:0.3612 Recon Loss:0.1862 Acc:0.0010 Acc ReID:0.0013 
Epoch:20 Time:49.7 Data:0.0 Loss:0.5556 Cls Loss:6.9162 Cls reid Loss:6.9037 Pair Loss:0.5759 Center Loss:1575.1488 KL Loss:0.3694 Recon Loss:0.1862 Acc:0.0008 Acc ReID:0.0010 
Jump TSNE
=> Test at epoch 20
==========Test with latent_z: z_c =========
Extracted features for query set, obtained torch.Size([2709, 128]) matrix
Extracted features for gallery set, obtained torch.Size([2000, 128]) matrix
Extracting features complete in 0m 7s
Distance computing in 0m 0s
Results ---------------------------------------------------
top1:17.1% top5:38.3% top10:49.1% top20:60.4% mAP:21.5%
-----------------------------------------------------------
Using 0m 0s
Classifier results ---------------------------------------------------
Query acc: 0.2% Gallery acc: 0.5% Total acc: 0.3%
ReID Classifier results ---------------------------------------------------
Query acc: 0.1% Gallery acc: 0.1% Total acc: 0.1%
Jump TSNE in test
==========Test with latent_z: new_z =========
Extracted features for query set, obtained torch.Size([2709, 192]) matrix
Extracted features for gallery set, obtained torch.Size([2000, 192]) matrix
Extracting features complete in 0m 4s
Distance computing in 0m 0s
Results ---------------------------------------------------
top1:18.4% top5:40.3% top10:50.9% top20:62.6% mAP:23.0%
-----------------------------------------------------------
Using 0m 0s
Classifier results ---------------------------------------------------
Query acc: 0.2% Gallery acc: 0.5% Total acc: 0.3%
ReID Classifier results ---------------------------------------------------
Query acc: 0.1% Gallery acc: 0.1% Total acc: 0.1%
Epoch:21 Time:6.6 Data:0.0 Loss:0.5097 Cls Loss:6.9227 Cls reid Loss:6.9043 Pair Loss:0.5759 Center Loss:1574.5348 KL Loss:0.3227 Recon Loss:0.1869 Acc:0.0003 Acc ReID:0.0013 
Epoch:22 Time:7.2 Data:0.0 Loss:0.6889 Cls Loss:6.9226 Cls reid Loss:6.9037 Pair Loss:0.5750 Center Loss:1569.0845 KL Loss:0.5021 Recon Loss:0.1868 Acc:0.0000 Acc ReID:0.0015 
Epoch:23 Time:6.0 Data:0.0 Loss:0.5943 Cls Loss:6.9176 Cls reid Loss:6.9035 Pair Loss:0.5762 Center Loss:1570.4310 KL Loss:0.4075 Recon Loss:0.1868 Acc:0.0005 Acc ReID:0.0013 
Epoch:24 Time:8.5 Data:0.0 Loss:0.6835 Cls Loss:6.9197 Cls reid Loss:6.9040 Pair Loss:0.5691 Center Loss:1574.0313 KL Loss:0.4970 Recon Loss:0.1865 Acc:0.0013 Acc ReID:0.0005 
Epoch:25 Time:8.3 Data:0.0 Loss:0.6269 Cls Loss:6.9174 Cls reid Loss:6.9039 Pair Loss:0.5750 Center Loss:1566.6499 KL Loss:0.4401 Recon Loss:0.1868 Acc:0.0023 Acc ReID:0.0005 
=> Test at epoch 25
==========Test with latent_z: z_c =========
Extracted features for query set, obtained torch.Size([2709, 128]) matrix
Extracted features for gallery set, obtained torch.Size([2000, 128]) matrix
Extracting features complete in 0m 6s
Distance computing in 0m 1s
Results ---------------------------------------------------
top1:17.8% top5:38.1% top10:49.0% top20:59.9% mAP:22.0%
-----------------------------------------------------------
Using 0m 0s
Classifier results ---------------------------------------------------
Query acc: 0.2% Gallery acc: 0.3% Total acc: 0.2%
ReID Classifier results ---------------------------------------------------
Query acc: 0.0% Gallery acc: 0.0% Total acc: 0.0%
Jump TSNE in test
==========Test with latent_z: new_z =========
Extracted features for query set, obtained torch.Size([2709, 192]) matrix
Extracted features for gallery set, obtained torch.Size([2000, 192]) matrix
Extracting features complete in 0m 5s
Distance computing in 0m 1s
Results ---------------------------------------------------
top1:18.9% top5:39.9% top10:50.9% top20:61.6% mAP:23.3%
-----------------------------------------------------------
Using 0m 0s
Classifier results ---------------------------------------------------
Query acc: 0.2% Gallery acc: 0.3% Total acc: 0.2%
ReID Classifier results ---------------------------------------------------
Query acc: 0.0% Gallery acc: 0.0% Total acc: 0.0%
Epoch:26 Time:11.6 Data:0.0 Loss:0.6897 Cls Loss:6.9171 Cls reid Loss:6.9041 Pair Loss:0.5735 Center Loss:1563.0253 KL Loss:0.5032 Recon Loss:0.1865 Acc:0.0005 Acc ReID:0.0008 
Epoch:27 Time:7.5 Data:0.0 Loss:0.6396 Cls Loss:6.9185 Cls reid Loss:6.9037 Pair Loss:0.5745 Center Loss:1563.9446 KL Loss:0.4529 Recon Loss:0.1867 Acc:0.0008 Acc ReID:0.0013 
Epoch:28 Time:7.9 Data:0.0 Loss:0.6368 Cls Loss:6.9213 Cls reid Loss:6.9044 Pair Loss:0.5707 Center Loss:1564.2319 KL Loss:0.4502 Recon Loss:0.1866 Acc:0.0013 Acc ReID:0.0015 
Epoch:29 Time:7.7 Data:0.0 Loss:0.7210 Cls Loss:6.9219 Cls reid Loss:6.9040 Pair Loss:0.5668 Center Loss:1565.5804 KL Loss:0.5347 Recon Loss:0.1864 Acc:0.0013 Acc ReID:0.0020 
Epoch:30 Time:49.2 Data:0.0 Loss:0.6790 Cls Loss:6.9213 Cls reid Loss:6.9040 Pair Loss:0.5712 Center Loss:1567.9376 KL Loss:0.4922 Recon Loss:0.1868 Acc:0.0010 Acc ReID:0.0013 
Jump TSNE
=> Test at epoch 30
==========Test with latent_z: z_c =========
Extracted features for query set, obtained torch.Size([2709, 128]) matrix
Extracted features for gallery set, obtained torch.Size([2000, 128]) matrix
Extracting features complete in 0m 7s
Distance computing in 0m 0s
Results ---------------------------------------------------
top1:16.9% top5:37.8% top10:50.2% top20:61.5% mAP:22.2%
-----------------------------------------------------------
Using 0m 0s
Classifier results ---------------------------------------------------
Query acc: 0.1% Gallery acc: 0.2% Total acc: 0.1%
ReID Classifier results ---------------------------------------------------
Query acc: 0.1% Gallery acc: 0.0% Total acc: 0.1%
Jump TSNE in test
==========Test with latent_z: new_z =========
Extracted features for query set, obtained torch.Size([2709, 192]) matrix
Extracted features for gallery set, obtained torch.Size([2000, 192]) matrix
Extracting features complete in 0m 5s
Distance computing in 0m 0s
Results ---------------------------------------------------
top1:19.3% top5:40.1% top10:52.2% top20:63.3% mAP:23.7%
-----------------------------------------------------------
Using 0m 0s
Classifier results ---------------------------------------------------
Query acc: 0.1% Gallery acc: 0.2% Total acc: 0.1%
ReID Classifier results ---------------------------------------------------
Query acc: 0.1% Gallery acc: 0.0% Total acc: 0.1%
Epoch:31 Time:7.9 Data:0.0 Loss:0.6114 Cls Loss:6.9202 Cls reid Loss:6.9036 Pair Loss:0.5692 Center Loss:1560.0836 KL Loss:0.4247 Recon Loss:0.1867 Acc:0.0003 Acc ReID:0.0015 
Epoch:32 Time:5.9 Data:0.0 Loss:0.6500 Cls Loss:6.9182 Cls reid Loss:6.9040 Pair Loss:0.5707 Center Loss:1558.1183 KL Loss:0.4635 Recon Loss:0.1865 Acc:0.0018 Acc ReID:0.0010 
Epoch:33 Time:6.0 Data:0.0 Loss:0.7613 Cls Loss:6.9179 Cls reid Loss:6.9039 Pair Loss:0.5730 Center Loss:1553.2379 KL Loss:0.5745 Recon Loss:0.1868 Acc:0.0008 Acc ReID:0.0008 
Epoch:34 Time:8.5 Data:0.0 Loss:0.6417 Cls Loss:6.9180 Cls reid Loss:6.9042 Pair Loss:0.5779 Center Loss:1551.4342 KL Loss:0.4550 Recon Loss:0.1867 Acc:0.0010 Acc ReID:0.0010 
Epoch:35 Time:8.6 Data:0.0 Loss:0.7546 Cls Loss:6.9196 Cls reid Loss:6.9034 Pair Loss:0.5721 Center Loss:1553.3266 KL Loss:0.5679 Recon Loss:0.1868 Acc:0.0018 Acc ReID:0.0013 
=> Test at epoch 35
==========Test with latent_z: z_c =========
Extracted features for query set, obtained torch.Size([2709, 128]) matrix
Extracted features for gallery set, obtained torch.Size([2000, 128]) matrix
Extracting features complete in 0m 6s
Distance computing in 0m 0s
Results ---------------------------------------------------
top1:17.7% top5:38.0% top10:48.1% top20:60.8% mAP:22.2%
-----------------------------------------------------------
Using 0m 0s
Classifier results ---------------------------------------------------
Query acc: 0.2% Gallery acc: 0.2% Total acc: 0.2%
ReID Classifier results ---------------------------------------------------
Query acc: 0.2% Gallery acc: 0.1% Total acc: 0.1%
Jump TSNE in test
==========Test with latent_z: new_z =========
Extracted features for query set, obtained torch.Size([2709, 192]) matrix
Extracted features for gallery set, obtained torch.Size([2000, 192]) matrix
Extracting features complete in 0m 5s
Distance computing in 0m 0s
Results ---------------------------------------------------
top1:18.5% top5:38.5% top10:51.0% top20:62.3% mAP:23.2%
-----------------------------------------------------------
Using 0m 0s
Classifier results ---------------------------------------------------
Query acc: 0.2% Gallery acc: 0.2% Total acc: 0.2%
ReID Classifier results ---------------------------------------------------
Query acc: 0.2% Gallery acc: 0.1% Total acc: 0.1%
Epoch:36 Time:10.4 Data:0.0 Loss:0.5811 Cls Loss:6.9246 Cls reid Loss:6.9041 Pair Loss:0.5780 Center Loss:1545.9329 KL Loss:0.3942 Recon Loss:0.1868 Acc:0.0018 Acc ReID:0.0008 
Epoch:37 Time:7.1 Data:0.0 Loss:0.5954 Cls Loss:6.9211 Cls reid Loss:6.9035 Pair Loss:0.5792 Center Loss:1543.4968 KL Loss:0.4086 Recon Loss:0.1869 Acc:0.0010 Acc ReID:0.0003 
Epoch:38 Time:8.3 Data:0.0 Loss:0.7108 Cls Loss:6.9161 Cls reid Loss:6.9039 Pair Loss:0.5757 Center Loss:1542.0383 KL Loss:0.5240 Recon Loss:0.1868 Acc:0.0010 Acc ReID:0.0008 
Epoch:39 Time:8.0 Data:0.0 Loss:0.6845 Cls Loss:6.9183 Cls reid Loss:6.9042 Pair Loss:0.5765 Center Loss:1540.2484 KL Loss:0.4978 Recon Loss:0.1867 Acc:0.0013 Acc ReID:0.0018 
Epoch:40 Time:49.4 Data:0.0 Loss:0.7751 Cls Loss:6.9162 Cls reid Loss:6.9036 Pair Loss:0.5781 Center Loss:1542.3525 KL Loss:0.5882 Recon Loss:0.1868 Acc:0.0013 Acc ReID:0.0010 
Jump TSNE
=> Test at epoch 40
==========Test with latent_z: z_c =========
Extracted features for query set, obtained torch.Size([2709, 128]) matrix
Extracted features for gallery set, obtained torch.Size([2000, 128]) matrix
Extracting features complete in 0m 7s
Distance computing in 0m 0s
Results ---------------------------------------------------
top1:17.4% top5:38.0% top10:49.9% top20:60.6% mAP:22.1%
-----------------------------------------------------------
Using 0m 0s
Classifier results ---------------------------------------------------
Query acc: 0.2% Gallery acc: 0.2% Total acc: 0.2%
ReID Classifier results ---------------------------------------------------
Query acc: 0.0% Gallery acc: 0.1% Total acc: 0.0%
Jump TSNE in test
==========Test with latent_z: new_z =========
Extracted features for query set, obtained torch.Size([2709, 192]) matrix
Extracted features for gallery set, obtained torch.Size([2000, 192]) matrix
Extracting features complete in 0m 5s
Distance computing in 0m 0s
Results ---------------------------------------------------
top1:18.7% top5:38.9% top10:50.2% top20:62.1% mAP:23.1%
-----------------------------------------------------------
Using 0m 0s
Classifier results ---------------------------------------------------
Query acc: 0.2% Gallery acc: 0.2% Total acc: 0.2%
ReID Classifier results ---------------------------------------------------
Query acc: 0.0% Gallery acc: 0.1% Total acc: 0.0%
Epoch:41 Time:6.5 Data:0.0 Loss:0.7862 Cls Loss:6.9173 Cls reid Loss:6.9040 Pair Loss:0.5750 Center Loss:1539.2285 KL Loss:0.5994 Recon Loss:0.1868 Acc:0.0013 Acc ReID:0.0010 
Epoch:42 Time:6.6 Data:0.0 Loss:0.6487 Cls Loss:6.9188 Cls reid Loss:6.9043 Pair Loss:0.5748 Center Loss:1535.7598 KL Loss:0.4619 Recon Loss:0.1868 Acc:0.0013 Acc ReID:0.0023 
Epoch:43 Time:8.8 Data:0.0 Loss:0.6559 Cls Loss:6.9189 Cls reid Loss:6.9039 Pair Loss:0.5756 Center Loss:1537.7055 KL Loss:0.4692 Recon Loss:0.1867 Acc:0.0005 Acc ReID:0.0008 
Epoch:44 Time:8.1 Data:0.0 Loss:0.7978 Cls Loss:6.9168 Cls reid Loss:6.9042 Pair Loss:0.5744 Center Loss:1534.5870 KL Loss:0.6110 Recon Loss:0.1868 Acc:0.0005 Acc ReID:0.0005 
Epoch:45 Time:8.4 Data:0.0 Loss:0.8475 Cls Loss:6.9219 Cls reid Loss:6.9041 Pair Loss:0.5738 Center Loss:1536.0248 KL Loss:0.6607 Recon Loss:0.1868 Acc:0.0010 Acc ReID:0.0003 
=> Test at epoch 45
==========Test with latent_z: z_c =========
Extracted features for query set, obtained torch.Size([2709, 128]) matrix
Extracted features for gallery set, obtained torch.Size([2000, 128]) matrix
Extracting features complete in 0m 5s
Distance computing in 0m 0s
Results ---------------------------------------------------
top1:18.7% top5:38.6% top10:50.2% top20:61.9% mAP:23.3%
-----------------------------------------------------------
Using 0m 0s
Classifier results ---------------------------------------------------
Query acc: 0.1% Gallery acc: 0.1% Total acc: 0.1%
ReID Classifier results ---------------------------------------------------
Query acc: 0.0% Gallery acc: 0.1% Total acc: 0.0%
Jump TSNE in test
==========Test with latent_z: new_z =========
Extracted features for query set, obtained torch.Size([2709, 192]) matrix
Extracted features for gallery set, obtained torch.Size([2000, 192]) matrix
Extracting features complete in 0m 5s
Distance computing in 0m 1s
Results ---------------------------------------------------
top1:19.1% top5:39.3% top10:50.7% top20:63.0% mAP:24.0%
-----------------------------------------------------------
Using 0m 0s
Classifier results ---------------------------------------------------
Query acc: 0.1% Gallery acc: 0.1% Total acc: 0.1%
ReID Classifier results ---------------------------------------------------
Query acc: 0.0% Gallery acc: 0.1% Total acc: 0.0%
Epoch:46 Time:8.5 Data:0.0 Loss:0.7082 Cls Loss:6.9147 Cls reid Loss:6.9042 Pair Loss:0.5703 Center Loss:1534.7095 KL Loss:0.5212 Recon Loss:0.1870 Acc:0.0010 Acc ReID:0.0008 
Epoch:47 Time:6.9 Data:0.0 Loss:0.6880 Cls Loss:6.9185 Cls reid Loss:6.9034 Pair Loss:0.5757 Center Loss:1533.6571 KL Loss:0.5011 Recon Loss:0.1868 Acc:0.0010 Acc ReID:0.0013 
Epoch:48 Time:8.6 Data:0.0 Loss:0.7313 Cls Loss:6.9193 Cls reid Loss:6.9037 Pair Loss:0.5695 Center Loss:1535.9119 KL Loss:0.5445 Recon Loss:0.1868 Acc:0.0008 Acc ReID:0.0010 
Epoch:49 Time:8.4 Data:0.0 Loss:0.6779 Cls Loss:6.9193 Cls reid Loss:6.9044 Pair Loss:0.5675 Center Loss:1537.6871 KL Loss:0.4913 Recon Loss:0.1866 Acc:0.0013 Acc ReID:0.0000 
Epoch:50 Time:49.4 Data:0.0 Loss:0.8033 Cls Loss:6.9223 Cls reid Loss:6.9038 Pair Loss:0.5711 Center Loss:1533.7948 KL Loss:0.6166 Recon Loss:0.1867 Acc:0.0003 Acc ReID:0.0008 
Jump TSNE
=> Test at epoch 50
==========Test with latent_z: z_c =========
Extracted features for query set, obtained torch.Size([2709, 128]) matrix
Extracted features for gallery set, obtained torch.Size([2000, 128]) matrix
Extracting features complete in 0m 7s
Distance computing in 0m 0s
Results ---------------------------------------------------
top1:17.4% top5:37.8% top10:49.2% top20:61.7% mAP:22.4%
-----------------------------------------------------------
Using 0m 0s
Classifier results ---------------------------------------------------
Query acc: 0.1% Gallery acc: 0.1% Total acc: 0.1%
ReID Classifier results ---------------------------------------------------
Query acc: 0.0% Gallery acc: 0.0% Total acc: 0.0%
Jump TSNE in test
==========Test with latent_z: new_z =========
Extracted features for query set, obtained torch.Size([2709, 192]) matrix
Extracted features for gallery set, obtained torch.Size([2000, 192]) matrix
Extracting features complete in 0m 4s
Distance computing in 0m 0s
Results ---------------------------------------------------
top1:18.1% top5:39.5% top10:50.0% top20:62.6% mAP:23.2%
-----------------------------------------------------------
Using 0m 0s
Classifier results ---------------------------------------------------
Query acc: 0.1% Gallery acc: 0.1% Total acc: 0.1%
ReID Classifier results ---------------------------------------------------
Query acc: 0.0% Gallery acc: 0.0% Total acc: 0.0%
Epoch:51 Time:6.8 Data:0.0 Loss:0.7196 Cls Loss:6.9211 Cls reid Loss:6.9040 Pair Loss:0.5651 Center Loss:1534.7701 KL Loss:0.5329 Recon Loss:0.1867 Acc:0.0010 Acc ReID:0.0005 
Epoch:52 Time:6.1 Data:0.0 Loss:0.7593 Cls Loss:6.9189 Cls reid Loss:6.9041 Pair Loss:0.5676 Center Loss:1532.7223 KL Loss:0.5725 Recon Loss:0.1868 Acc:0.0020 Acc ReID:0.0018 
Epoch:53 Time:8.8 Data:0.0 Loss:0.7032 Cls Loss:6.9174 Cls reid Loss:6.9036 Pair Loss:0.5730 Center Loss:1530.4405 KL Loss:0.5165 Recon Loss:0.1867 Acc:0.0010 Acc ReID:0.0018 
Epoch:54 Time:9.1 Data:0.0 Loss:0.7635 Cls Loss:6.9209 Cls reid Loss:6.9035 Pair Loss:0.5666 Center Loss:1531.6692 KL Loss:0.5769 Recon Loss:0.1867 Acc:0.0005 Acc ReID:0.0013 
Epoch:55 Time:7.9 Data:0.0 Loss:0.7683 Cls Loss:6.9187 Cls reid Loss:6.9033 Pair Loss:0.5681 Center Loss:1528.8874 KL Loss:0.5816 Recon Loss:0.1866 Acc:0.0010 Acc ReID:0.0010 
=> Test at epoch 55
==========Test with latent_z: z_c =========
Extracted features for query set, obtained torch.Size([2709, 128]) matrix
Extracted features for gallery set, obtained torch.Size([2000, 128]) matrix
Extracting features complete in 0m 5s
Distance computing in 0m 1s
Results ---------------------------------------------------
top1:17.8% top5:38.3% top10:49.5% top20:61.4% mAP:22.5%
-----------------------------------------------------------
Using 0m 0s
Classifier results ---------------------------------------------------
Query acc: 0.1% Gallery acc: 0.1% Total acc: 0.1%
ReID Classifier results ---------------------------------------------------
Query acc: 0.1% Gallery acc: 0.0% Total acc: 0.1%
Jump TSNE in test
==========Test with latent_z: new_z =========
Extracted features for query set, obtained torch.Size([2709, 192]) matrix
Extracted features for gallery set, obtained torch.Size([2000, 192]) matrix
Extracting features complete in 0m 5s
Distance computing in 0m 0s
Results ---------------------------------------------------
top1:18.1% top5:39.3% top10:51.1% top20:62.6% mAP:23.1%
-----------------------------------------------------------
Using 0m 0s
Classifier results ---------------------------------------------------
Query acc: 0.1% Gallery acc: 0.1% Total acc: 0.1%
ReID Classifier results ---------------------------------------------------
Query acc: 0.1% Gallery acc: 0.0% Total acc: 0.1%
Epoch:56 Time:7.5 Data:0.0 Loss:0.8147 Cls Loss:6.9172 Cls reid Loss:6.9041 Pair Loss:0.5735 Center Loss:1525.9366 KL Loss:0.6279 Recon Loss:0.1868 Acc:0.0013 Acc ReID:0.0023 
Epoch:57 Time:6.7 Data:0.0 Loss:0.8058 Cls Loss:6.9179 Cls reid Loss:6.9040 Pair Loss:0.5766 Center Loss:1525.9123 KL Loss:0.6188 Recon Loss:0.1869 Acc:0.0003 Acc ReID:0.0008 
Epoch:58 Time:7.7 Data:0.0 Loss:0.8915 Cls Loss:6.9183 Cls reid Loss:6.9038 Pair Loss:0.5739 Center Loss:1521.3081 KL Loss:0.7047 Recon Loss:0.1868 Acc:0.0015 Acc ReID:0.0008 
Epoch:59 Time:7.3 Data:0.0 Loss:0.8200 Cls Loss:6.9148 Cls reid Loss:6.9041 Pair Loss:0.5726 Center Loss:1520.3619 KL Loss:0.6330 Recon Loss:0.1870 Acc:0.0005 Acc ReID:0.0013 
Epoch:60 Time:51.6 Data:0.0 Loss:0.8319 Cls Loss:6.9161 Cls reid Loss:6.9041 Pair Loss:0.5747 Center Loss:1519.0267 KL Loss:0.6451 Recon Loss:0.1868 Acc:0.0010 Acc ReID:0.0010 
Jump TSNE
=> Test at epoch 60
==========Test with latent_z: z_c =========
Extracted features for query set, obtained torch.Size([2709, 128]) matrix
Extracted features for gallery set, obtained torch.Size([2000, 128]) matrix
Extracting features complete in 0m 7s
Distance computing in 0m 0s
Results ---------------------------------------------------
top1:17.1% top5:38.1% top10:49.9% top20:61.5% mAP:22.2%
-----------------------------------------------------------
Using 0m 0s
Classifier results ---------------------------------------------------
Query acc: 0.2% Gallery acc: 0.1% Total acc: 0.2%
ReID Classifier results ---------------------------------------------------
Query acc: 0.1% Gallery acc: 0.0% Total acc: 0.1%
Jump TSNE in test
==========Test with latent_z: new_z =========
Extracted features for query set, obtained torch.Size([2709, 192]) matrix
Extracted features for gallery set, obtained torch.Size([2000, 192]) matrix
Extracting features complete in 0m 5s
Distance computing in 0m 0s
Results ---------------------------------------------------
top1:17.6% top5:38.9% top10:50.8% top20:62.5% mAP:22.8%
-----------------------------------------------------------
Using 0m 0s
Classifier results ---------------------------------------------------
Query acc: 0.2% Gallery acc: 0.1% Total acc: 0.2%
ReID Classifier results ---------------------------------------------------
Query acc: 0.1% Gallery acc: 0.0% Total acc: 0.1%
Epoch:61 Time:6.2 Data:0.0 Loss:0.7882 Cls Loss:6.9204 Cls reid Loss:6.9040 Pair Loss:0.5747 Center Loss:1518.1261 KL Loss:0.6015 Recon Loss:0.1866 Acc:0.0013 Acc ReID:0.0015 
Epoch:62 Time:6.5 Data:0.0 Loss:0.8003 Cls Loss:6.9178 Cls reid Loss:6.9035 Pair Loss:0.5725 Center Loss:1518.3894 KL Loss:0.6137 Recon Loss:0.1866 Acc:0.0010 Acc ReID:0.0013 
Epoch:63 Time:7.0 Data:0.0 Loss:0.7702 Cls Loss:6.9179 Cls reid Loss:6.9040 Pair Loss:0.5753 Center Loss:1517.7705 KL Loss:0.5836 Recon Loss:0.1866 Acc:0.0008 Acc ReID:0.0013 
Epoch:64 Time:8.5 Data:0.0 Loss:0.7187 Cls Loss:6.9170 Cls reid Loss:6.9039 Pair Loss:0.5757 Center Loss:1516.8722 KL Loss:0.5321 Recon Loss:0.1866 Acc:0.0013 Acc ReID:0.0010 
Epoch:65 Time:9.6 Data:0.0 Loss:0.6664 Cls Loss:6.9135 Cls reid Loss:6.9037 Pair Loss:0.5725 Center Loss:1517.6224 KL Loss:0.4800 Recon Loss:0.1865 Acc:0.0008 Acc ReID:0.0008 
=> Test at epoch 65
==========Test with latent_z: z_c =========
Extracted features for query set, obtained torch.Size([2709, 128]) matrix
Extracted features for gallery set, obtained torch.Size([2000, 128]) matrix
Extracting features complete in 0m 6s
Distance computing in 0m 0s
Results ---------------------------------------------------
top1:17.5% top5:38.0% top10:49.9% top20:61.7% mAP:22.3%
-----------------------------------------------------------
Using 0m 1s
Classifier results ---------------------------------------------------
Query acc: 0.2% Gallery acc: 0.1% Total acc: 0.2%
ReID Classifier results ---------------------------------------------------
Query acc: 0.1% Gallery acc: 0.0% Total acc: 0.1%
Jump TSNE in test
==========Test with latent_z: new_z =========
Extracted features for query set, obtained torch.Size([2709, 192]) matrix
Extracted features for gallery set, obtained torch.Size([2000, 192]) matrix
Extracting features complete in 0m 5s
Distance computing in 0m 0s
Results ---------------------------------------------------
top1:18.2% top5:38.4% top10:50.8% top20:62.4% mAP:22.9%
-----------------------------------------------------------
Using 0m 0s
Classifier results ---------------------------------------------------
Query acc: 0.2% Gallery acc: 0.1% Total acc: 0.2%
ReID Classifier results ---------------------------------------------------
Query acc: 0.1% Gallery acc: 0.0% Total acc: 0.1%
Epoch:66 Time:9.8 Data:0.0 Loss:0.6757 Cls Loss:6.9211 Cls reid Loss:6.9041 Pair Loss:0.5733 Center Loss:1517.1602 KL Loss:0.4892 Recon Loss:0.1865 Acc:0.0015 Acc ReID:0.0003 
Epoch:67 Time:7.4 Data:0.0 Loss:0.7794 Cls Loss:6.9166 Cls reid Loss:6.9042 Pair Loss:0.5735 Center Loss:1517.0280 KL Loss:0.5929 Recon Loss:0.1865 Acc:0.0018 Acc ReID:0.0005 
Epoch:68 Time:7.0 Data:0.0 Loss:0.8498 Cls Loss:6.9162 Cls reid Loss:6.9038 Pair Loss:0.5705 Center Loss:1517.9993 KL Loss:0.6635 Recon Loss:0.1864 Acc:0.0023 Acc ReID:0.0013 
Epoch:69 Time:8.0 Data:0.0 Loss:0.7689 Cls Loss:6.9178 Cls reid Loss:6.9036 Pair Loss:0.5732 Center Loss:1518.3572 KL Loss:0.5826 Recon Loss:0.1863 Acc:0.0013 Acc ReID:0.0013 
Epoch:70 Time:53.5 Data:0.0 Loss:0.7432 Cls Loss:6.9204 Cls reid Loss:6.9038 Pair Loss:0.5676 Center Loss:1518.0004 KL Loss:0.5568 Recon Loss:0.1864 Acc:0.0010 Acc ReID:0.0013 
Jump TSNE
=> Test at epoch 70
==========Test with latent_z: z_c =========
Extracted features for query set, obtained torch.Size([2709, 128]) matrix
Extracted features for gallery set, obtained torch.Size([2000, 128]) matrix
Extracting features complete in 0m 6s
Distance computing in 0m 0s
Results ---------------------------------------------------
top1:17.4% top5:37.9% top10:50.1% top20:61.7% mAP:22.4%
-----------------------------------------------------------
Using 0m 0s
Classifier results ---------------------------------------------------
Query acc: 0.2% Gallery acc: 0.1% Total acc: 0.2%
ReID Classifier results ---------------------------------------------------
Query acc: 0.1% Gallery acc: 0.0% Total acc: 0.0%
Jump TSNE in test
==========Test with latent_z: new_z =========
Extracted features for query set, obtained torch.Size([2709, 192]) matrix
Extracted features for gallery set, obtained torch.Size([2000, 192]) matrix
Extracting features complete in 0m 4s
Distance computing in 0m 0s
Results ---------------------------------------------------
top1:18.0% top5:38.4% top10:50.6% top20:62.6% mAP:23.0%
-----------------------------------------------------------
Using 0m 0s
Classifier results ---------------------------------------------------
Query acc: 0.2% Gallery acc: 0.1% Total acc: 0.2%
ReID Classifier results ---------------------------------------------------
Query acc: 0.1% Gallery acc: 0.0% Total acc: 0.0%
Epoch:71 Time:7.6 Data:0.0 Loss:0.7795 Cls Loss:6.9232 Cls reid Loss:6.9040 Pair Loss:0.5643 Center Loss:1520.2649 KL Loss:0.5932 Recon Loss:0.1863 Acc:0.0003 Acc ReID:0.0018 
Epoch:72 Time:7.7 Data:0.0 Loss:0.7686 Cls Loss:6.9234 Cls reid Loss:6.9038 Pair Loss:0.5662 Center Loss:1520.1564 KL Loss:0.5823 Recon Loss:0.1863 Acc:0.0008 Acc ReID:0.0010 
Epoch:73 Time:7.0 Data:0.0 Loss:0.7434 Cls Loss:6.9174 Cls reid Loss:6.9040 Pair Loss:0.5671 Center Loss:1520.7162 KL Loss:0.5571 Recon Loss:0.1863 Acc:0.0003 Acc ReID:0.0003 
Epoch:74 Time:8.2 Data:0.0 Loss:0.8510 Cls Loss:6.9177 Cls reid Loss:6.9038 Pair Loss:0.5596 Center Loss:1522.8683 KL Loss:0.6648 Recon Loss:0.1861 Acc:0.0018 Acc ReID:0.0005 
Epoch:75 Time:8.4 Data:0.0 Loss:0.8597 Cls Loss:6.9163 Cls reid Loss:6.9036 Pair Loss:0.5666 Center Loss:1523.2898 KL Loss:0.6736 Recon Loss:0.1861 Acc:0.0018 Acc ReID:0.0018 
=> Test at epoch 75
==========Test with latent_z: z_c =========
Extracted features for query set, obtained torch.Size([2709, 128]) matrix
Extracted features for gallery set, obtained torch.Size([2000, 128]) matrix
Extracting features complete in 0m 5s
Distance computing in 0m 0s
Results ---------------------------------------------------
top1:17.3% top5:38.3% top10:49.9% top20:61.9% mAP:22.3%
-----------------------------------------------------------
Using 0m 0s
Classifier results ---------------------------------------------------
Query acc: 0.2% Gallery acc: 0.1% Total acc: 0.2%
ReID Classifier results ---------------------------------------------------
Query acc: 0.1% Gallery acc: 0.0% Total acc: 0.0%
Jump TSNE in test
==========Test with latent_z: new_z =========
Extracted features for query set, obtained torch.Size([2709, 192]) matrix
Extracted features for gallery set, obtained torch.Size([2000, 192]) matrix
Extracting features complete in 0m 5s
Distance computing in 0m 0s
Results ---------------------------------------------------
top1:18.0% top5:38.6% top10:50.8% top20:62.5% mAP:23.0%
-----------------------------------------------------------
Using 0m 1s
Classifier results ---------------------------------------------------
Query acc: 0.2% Gallery acc: 0.1% Total acc: 0.2%
ReID Classifier results ---------------------------------------------------
Query acc: 0.1% Gallery acc: 0.0% Total acc: 0.0%
Epoch:76 Time:9.5 Data:0.0 Loss:0.8908 Cls Loss:6.9162 Cls reid Loss:6.9038 Pair Loss:0.5639 Center Loss:1523.5698 KL Loss:0.7048 Recon Loss:0.1860 Acc:0.0005 Acc ReID:0.0005 
Epoch:77 Time:7.5 Data:0.0 Loss:0.9040 Cls Loss:6.9172 Cls reid Loss:6.9037 Pair Loss:0.5604 Center Loss:1525.6075 KL Loss:0.7180 Recon Loss:0.1860 Acc:0.0015 Acc ReID:0.0005 
Epoch:78 Time:7.3 Data:0.0 Loss:0.9486 Cls Loss:6.9165 Cls reid Loss:6.9036 Pair Loss:0.5620 Center Loss:1526.8183 KL Loss:0.7626 Recon Loss:0.1860 Acc:0.0008 Acc ReID:0.0010 
Epoch:79 Time:9.0 Data:0.0 Loss:0.7912 Cls Loss:6.9172 Cls reid Loss:6.9036 Pair Loss:0.5583 Center Loss:1528.4101 KL Loss:0.6052 Recon Loss:0.1860 Acc:0.0010 Acc ReID:0.0008 
Epoch:80 Time:50.3 Data:0.0 Loss:0.9003 Cls Loss:6.9173 Cls reid Loss:6.9041 Pair Loss:0.5571 Center Loss:1530.1066 KL Loss:0.7144 Recon Loss:0.1859 Acc:0.0003 Acc ReID:0.0018 
Jump TSNE
=> Test at epoch 80
==========Test with latent_z: z_c =========
Extracted features for query set, obtained torch.Size([2709, 128]) matrix
Extracted features for gallery set, obtained torch.Size([2000, 128]) matrix
Extracting features complete in 0m 8s
Distance computing in 0m 0s
Results ---------------------------------------------------
top1:17.2% top5:38.0% top10:49.6% top20:62.0% mAP:22.3%
-----------------------------------------------------------
Using 0m 0s
Classifier results ---------------------------------------------------
Query acc: 0.2% Gallery acc: 0.1% Total acc: 0.1%
ReID Classifier results ---------------------------------------------------
Query acc: 0.1% Gallery acc: 0.0% Total acc: 0.0%
Jump TSNE in test
==========Test with latent_z: new_z =========
Extracted features for query set, obtained torch.Size([2709, 192]) matrix
Extracted features for gallery set, obtained torch.Size([2000, 192]) matrix
Extracting features complete in 0m 4s
Distance computing in 0m 0s
Results ---------------------------------------------------
top1:18.1% top5:39.1% top10:51.0% top20:62.5% mAP:23.0%
-----------------------------------------------------------
Using 0m 0s
Classifier results ---------------------------------------------------
Query acc: 0.2% Gallery acc: 0.1% Total acc: 0.1%
ReID Classifier results ---------------------------------------------------
Query acc: 0.1% Gallery acc: 0.0% Total acc: 0.0%
Epoch:81 Time:6.6 Data:0.0 Loss:0.9605 Cls Loss:6.9189 Cls reid Loss:6.9039 Pair Loss:0.5558 Center Loss:1533.3503 KL Loss:0.7749 Recon Loss:0.1857 Acc:0.0008 Acc ReID:0.0010 
Epoch:82 Time:7.5 Data:0.0 Loss:0.8119 Cls Loss:6.9179 Cls reid Loss:6.9040 Pair Loss:0.5521 Center Loss:1533.9156 KL Loss:0.6261 Recon Loss:0.1858 Acc:0.0005 Acc ReID:0.0005 
Epoch:83 Time:7.2 Data:0.0 Loss:0.9127 Cls Loss:6.9201 Cls reid Loss:6.9040 Pair Loss:0.5538 Center Loss:1538.7476 KL Loss:0.7269 Recon Loss:0.1857 Acc:0.0000 Acc ReID:0.0013 
Epoch:84 Time:8.8 Data:0.0 Loss:0.8281 Cls Loss:6.9200 Cls reid Loss:6.9036 Pair Loss:0.5510 Center Loss:1537.3572 KL Loss:0.6424 Recon Loss:0.1857 Acc:0.0010 Acc ReID:0.0000 
Epoch:85 Time:9.4 Data:0.0 Loss:0.7567 Cls Loss:6.9178 Cls reid Loss:6.9040 Pair Loss:0.5468 Center Loss:1538.2673 KL Loss:0.5711 Recon Loss:0.1856 Acc:0.0008 Acc ReID:0.0015 
=> Test at epoch 85
==========Test with latent_z: z_c =========
Extracted features for query set, obtained torch.Size([2709, 128]) matrix
Extracted features for gallery set, obtained torch.Size([2000, 128]) matrix
Extracting features complete in 0m 5s
Distance computing in 0m 1s
Results ---------------------------------------------------
top1:17.6% top5:38.4% top10:50.0% top20:61.9% mAP:22.4%
-----------------------------------------------------------
Using 0m 0s
Classifier results ---------------------------------------------------
Query acc: 0.2% Gallery acc: 0.1% Total acc: 0.1%
ReID Classifier results ---------------------------------------------------
Query acc: 0.1% Gallery acc: 0.0% Total acc: 0.0%
Jump TSNE in test
==========Test with latent_z: new_z =========
Extracted features for query set, obtained torch.Size([2709, 192]) matrix
Extracted features for gallery set, obtained torch.Size([2000, 192]) matrix
Extracting features complete in 0m 5s
Distance computing in 0m 0s
Results ---------------------------------------------------
top1:18.1% top5:39.0% top10:51.1% top20:62.8% mAP:23.0%
-----------------------------------------------------------
Using 0m 0s
Classifier results ---------------------------------------------------
Query acc: 0.2% Gallery acc: 0.1% Total acc: 0.1%
ReID Classifier results ---------------------------------------------------
Query acc: 0.1% Gallery acc: 0.0% Total acc: 0.0%
Epoch:86 Time:7.9 Data:0.0 Loss:0.8334 Cls Loss:6.9162 Cls reid Loss:6.9037 Pair Loss:0.5546 Center Loss:1536.4157 KL Loss:0.6478 Recon Loss:0.1856 Acc:0.0015 Acc ReID:0.0003 
Epoch:87 Time:8.0 Data:0.0 Loss:0.7788 Cls Loss:6.9189 Cls reid Loss:6.9034 Pair Loss:0.5522 Center Loss:1533.2675 KL Loss:0.5930 Recon Loss:0.1857 Acc:0.0010 Acc ReID:0.0010 
Epoch:88 Time:7.3 Data:0.0 Loss:0.8297 Cls Loss:6.9196 Cls reid Loss:6.9039 Pair Loss:0.5544 Center Loss:1531.1920 KL Loss:0.6440 Recon Loss:0.1858 Acc:0.0008 Acc ReID:0.0010 
Epoch:89 Time:8.6 Data:0.0 Loss:0.8880 Cls Loss:6.9215 Cls reid Loss:6.9040 Pair Loss:0.5549 Center Loss:1530.9675 KL Loss:0.7022 Recon Loss:0.1858 Acc:0.0015 Acc ReID:0.0008 
Epoch:90 Time:52.8 Data:0.0 Loss:0.8788 Cls Loss:6.9191 Cls reid Loss:6.9041 Pair Loss:0.5544 Center Loss:1530.3527 KL Loss:0.6929 Recon Loss:0.1859 Acc:0.0008 Acc ReID:0.0020 
Jump TSNE
=> Test at epoch 90
==========Test with latent_z: z_c =========
Extracted features for query set, obtained torch.Size([2709, 128]) matrix
Extracted features for gallery set, obtained torch.Size([2000, 128]) matrix
Extracting features complete in 0m 8s
Distance computing in 0m 0s
Results ---------------------------------------------------
top1:17.8% top5:38.2% top10:50.3% top20:62.1% mAP:22.5%
-----------------------------------------------------------
Using 0m 0s
Classifier results ---------------------------------------------------
Query acc: 0.2% Gallery acc: 0.1% Total acc: 0.1%
ReID Classifier results ---------------------------------------------------
Query acc: 0.1% Gallery acc: 0.0% Total acc: 0.0%
Jump TSNE in test
==========Test with latent_z: new_z =========
Extracted features for query set, obtained torch.Size([2709, 192]) matrix
Extracted features for gallery set, obtained torch.Size([2000, 192]) matrix
Extracting features complete in 0m 4s
Distance computing in 0m 0s
Results ---------------------------------------------------
top1:18.2% top5:39.1% top10:51.1% top20:62.7% mAP:23.1%
-----------------------------------------------------------
Using 0m 0s
Classifier results ---------------------------------------------------
Query acc: 0.2% Gallery acc: 0.1% Total acc: 0.1%
ReID Classifier results ---------------------------------------------------
Query acc: 0.1% Gallery acc: 0.0% Total acc: 0.0%
Epoch:91 Time:6.4 Data:0.0 Loss:0.7804 Cls Loss:6.9201 Cls reid Loss:6.9041 Pair Loss:0.5522 Center Loss:1531.4351 KL Loss:0.5946 Recon Loss:0.1858 Acc:0.0008 Acc ReID:0.0013 
Epoch:92 Time:7.8 Data:0.0 Loss:0.8809 Cls Loss:6.9220 Cls reid Loss:6.9044 Pair Loss:0.5555 Center Loss:1530.5005 KL Loss:0.6950 Recon Loss:0.1859 Acc:0.0010 Acc ReID:0.0000 
Epoch:93 Time:7.7 Data:0.0 Loss:0.6568 Cls Loss:6.9146 Cls reid Loss:6.9039 Pair Loss:0.5577 Center Loss:1528.4417 KL Loss:0.4708 Recon Loss:0.1860 Acc:0.0018 Acc ReID:0.0005 
Epoch:94 Time:7.9 Data:0.0 Loss:0.9039 Cls Loss:6.9167 Cls reid Loss:6.9039 Pair Loss:0.5563 Center Loss:1527.8430 KL Loss:0.7180 Recon Loss:0.1859 Acc:0.0010 Acc ReID:0.0008 
Epoch:95 Time:9.2 Data:0.0 Loss:0.8518 Cls Loss:6.9198 Cls reid Loss:6.9041 Pair Loss:0.5576 Center Loss:1526.5187 KL Loss:0.6659 Recon Loss:0.1859 Acc:0.0010 Acc ReID:0.0010 
=> Test at epoch 95
==========Test with latent_z: z_c =========
Extracted features for query set, obtained torch.Size([2709, 128]) matrix
Extracted features for gallery set, obtained torch.Size([2000, 128]) matrix
Extracting features complete in 0m 5s
Distance computing in 0m 0s
Results ---------------------------------------------------
top1:17.9% top5:38.3% top10:50.3% top20:62.2% mAP:22.5%
-----------------------------------------------------------
Using 0m 0s
Classifier results ---------------------------------------------------
Query acc: 0.2% Gallery acc: 0.1% Total acc: 0.1%
ReID Classifier results ---------------------------------------------------
Query acc: 0.1% Gallery acc: 0.0% Total acc: 0.0%
Jump TSNE in test
==========Test with latent_z: new_z =========
Extracted features for query set, obtained torch.Size([2709, 192]) matrix
Extracted features for gallery set, obtained torch.Size([2000, 192]) matrix
Extracting features complete in 0m 6s
Distance computing in 0m 0s
Results ---------------------------------------------------
top1:18.2% top5:39.1% top10:51.5% top20:62.8% mAP:23.0%
-----------------------------------------------------------
Using 0m 0s
Classifier results ---------------------------------------------------
Query acc: 0.2% Gallery acc: 0.1% Total acc: 0.1%
ReID Classifier results ---------------------------------------------------
Query acc: 0.1% Gallery acc: 0.0% Total acc: 0.0%
Epoch:96 Time:9.9 Data:0.0 Loss:0.7358 Cls Loss:6.9156 Cls reid Loss:6.9036 Pair Loss:0.5579 Center Loss:1526.5865 KL Loss:0.5499 Recon Loss:0.1859 Acc:0.0008 Acc ReID:0.0005 
Epoch:97 Time:6.6 Data:0.0 Loss:0.8561 Cls Loss:6.9224 Cls reid Loss:6.9041 Pair Loss:0.5613 Center Loss:1525.5399 KL Loss:0.6703 Recon Loss:0.1858 Acc:0.0008 Acc ReID:0.0010 
Epoch:98 Time:7.2 Data:0.0 Loss:0.8818 Cls Loss:6.9177 Cls reid Loss:6.9039 Pair Loss:0.5556 Center Loss:1526.3285 KL Loss:0.6960 Recon Loss:0.1858 Acc:0.0008 Acc ReID:0.0010 
Epoch:99 Time:7.7 Data:0.0 Loss:0.8261 Cls Loss:6.9164 Cls reid Loss:6.9038 Pair Loss:0.5579 Center Loss:1527.6951 KL Loss:0.6403 Recon Loss:0.1858 Acc:0.0000 Acc ReID:0.0013 
Epoch:100 Time:48.5 Data:0.0 Loss:0.9333 Cls Loss:6.9185 Cls reid Loss:6.9040 Pair Loss:0.5564 Center Loss:1525.1369 KL Loss:0.7474 Recon Loss:0.1859 Acc:0.0008 Acc ReID:0.0013 
Jump TSNE
=> Test at epoch 100
==========Test with latent_z: z_c =========
Extracted features for query set, obtained torch.Size([2709, 128]) matrix
Extracted features for gallery set, obtained torch.Size([2000, 128]) matrix
Extracting features complete in 0m 6s
Distance computing in 0m 0s
Results ---------------------------------------------------
top1:17.6% top5:38.3% top10:50.4% top20:62.3% mAP:22.4%
-----------------------------------------------------------
Using 0m 0s
Classifier results ---------------------------------------------------
Query acc: 0.2% Gallery acc: 0.1% Total acc: 0.1%
ReID Classifier results ---------------------------------------------------
Query acc: 0.1% Gallery acc: 0.0% Total acc: 0.0%
Jump TSNE in test
==========Test with latent_z: new_z =========
Extracted features for query set, obtained torch.Size([2709, 192]) matrix
Extracted features for gallery set, obtained torch.Size([2000, 192]) matrix
Extracting features complete in 0m 4s
Distance computing in 0m 0s
Results ---------------------------------------------------
top1:18.2% top5:39.2% top10:51.7% top20:63.2% mAP:23.1%
-----------------------------------------------------------
Using 0m 0s
Classifier results ---------------------------------------------------
Query acc: 0.2% Gallery acc: 0.1% Total acc: 0.1%
ReID Classifier results ---------------------------------------------------
Query acc: 0.1% Gallery acc: 0.0% Total acc: 0.0%
Epoch:101 Time:6.9 Data:0.0 Loss:0.8188 Cls Loss:6.9205 Cls reid Loss:6.9040 Pair Loss:0.5594 Center Loss:1526.9027 KL Loss:0.6328 Recon Loss:0.1860 Acc:0.0013 Acc ReID:0.0008 
Epoch:102 Time:7.0 Data:0.0 Loss:0.8448 Cls Loss:6.9227 Cls reid Loss:6.9040 Pair Loss:0.5592 Center Loss:1526.1681 KL Loss:0.6589 Recon Loss:0.1859 Acc:0.0013 Acc ReID:0.0013 
Epoch:103 Time:7.6 Data:0.0 Loss:0.8000 Cls Loss:6.9217 Cls reid Loss:6.9040 Pair Loss:0.5592 Center Loss:1526.4806 KL Loss:0.6140 Recon Loss:0.1860 Acc:0.0008 Acc ReID:0.0010 
Epoch:104 Time:8.6 Data:0.0 Loss:0.9002 Cls Loss:6.9194 Cls reid Loss:6.9041 Pair Loss:0.5587 Center Loss:1523.3360 KL Loss:0.7141 Recon Loss:0.1860 Acc:0.0003 Acc ReID:0.0010 
Epoch:105 Time:8.9 Data:0.0 Loss:0.8003 Cls Loss:6.9178 Cls reid Loss:6.9041 Pair Loss:0.5582 Center Loss:1525.6010 KL Loss:0.6143 Recon Loss:0.1860 Acc:0.0005 Acc ReID:0.0018 
=> Test at epoch 105
==========Test with latent_z: z_c =========
Extracted features for query set, obtained torch.Size([2709, 128]) matrix
Extracted features for gallery set, obtained torch.Size([2000, 128]) matrix
Extracting features complete in 0m 5s
Distance computing in 0m 1s
Results ---------------------------------------------------
top1:17.7% top5:38.5% top10:50.1% top20:62.4% mAP:22.4%
-----------------------------------------------------------
Using 0m 1s
Classifier results ---------------------------------------------------
Query acc: 0.1% Gallery acc: 0.1% Total acc: 0.1%
ReID Classifier results ---------------------------------------------------
Query acc: 0.1% Gallery acc: 0.0% Total acc: 0.0%
Jump TSNE in test
==========Test with latent_z: new_z =========
Extracted features for query set, obtained torch.Size([2709, 192]) matrix
Extracted features for gallery set, obtained torch.Size([2000, 192]) matrix
Extracting features complete in 0m 6s
Distance computing in 0m 0s
Results ---------------------------------------------------
top1:18.1% top5:38.9% top10:51.3% top20:62.6% mAP:23.0%
-----------------------------------------------------------
Using 0m 0s
Classifier results ---------------------------------------------------
Query acc: 0.1% Gallery acc: 0.1% Total acc: 0.1%
ReID Classifier results ---------------------------------------------------
Query acc: 0.1% Gallery acc: 0.0% Total acc: 0.0%
Epoch:106 Time:9.2 Data:0.0 Loss:0.7966 Cls Loss:6.9207 Cls reid Loss:6.9040 Pair Loss:0.5592 Center Loss:1527.3160 KL Loss:0.6107 Recon Loss:0.1859 Acc:0.0008 Acc ReID:0.0008 
Epoch:107 Time:7.1 Data:0.0 Loss:0.8442 Cls Loss:6.9137 Cls reid Loss:6.9036 Pair Loss:0.5577 Center Loss:1524.8982 KL Loss:0.6583 Recon Loss:0.1859 Acc:0.0008 Acc ReID:0.0005 
Epoch:108 Time:6.7 Data:0.0 Loss:0.8747 Cls Loss:6.9170 Cls reid Loss:6.9037 Pair Loss:0.5595 Center Loss:1525.5421 KL Loss:0.6887 Recon Loss:0.1860 Acc:0.0000 Acc ReID:0.0008 
Epoch:109 Time:7.2 Data:0.0 Loss:0.7897 Cls Loss:6.9167 Cls reid Loss:6.9040 Pair Loss:0.5576 Center Loss:1525.7343 KL Loss:0.6037 Recon Loss:0.1860 Acc:0.0005 Acc ReID:0.0008 
Epoch:110 Time:50.3 Data:0.0 Loss:0.7718 Cls Loss:6.9193 Cls reid Loss:6.9039 Pair Loss:0.5547 Center Loss:1528.1664 KL Loss:0.5859 Recon Loss:0.1859 Acc:0.0003 Acc ReID:0.0013 
Jump TSNE
=> Test at epoch 110
==========Test with latent_z: z_c =========
Extracted features for query set, obtained torch.Size([2709, 128]) matrix
Extracted features for gallery set, obtained torch.Size([2000, 128]) matrix
Extracting features complete in 0m 7s
Distance computing in 0m 0s
Results ---------------------------------------------------
top1:17.7% top5:37.9% top10:49.9% top20:62.0% mAP:22.4%
-----------------------------------------------------------
Using 0m 0s
Classifier results ---------------------------------------------------
Query acc: 0.1% Gallery acc: 0.1% Total acc: 0.1%
ReID Classifier results ---------------------------------------------------
Query acc: 0.1% Gallery acc: 0.0% Total acc: 0.0%
Jump TSNE in test
==========Test with latent_z: new_z =========
Extracted features for query set, obtained torch.Size([2709, 192]) matrix
Extracted features for gallery set, obtained torch.Size([2000, 192]) matrix
Extracting features complete in 0m 4s
Distance computing in 0m 0s
Results ---------------------------------------------------
top1:18.2% top5:39.1% top10:51.4% top20:62.4% mAP:23.0%
-----------------------------------------------------------
Using 0m 0s
Classifier results ---------------------------------------------------
Query acc: 0.1% Gallery acc: 0.1% Total acc: 0.1%
ReID Classifier results ---------------------------------------------------
Query acc: 0.1% Gallery acc: 0.0% Total acc: 0.0%
Epoch:111 Time:6.2 Data:0.0 Loss:0.8280 Cls Loss:6.9247 Cls reid Loss:6.9041 Pair Loss:0.5566 Center Loss:1528.0050 KL Loss:0.6420 Recon Loss:0.1860 Acc:0.0010 Acc ReID:0.0015 
Epoch:112 Time:8.1 Data:0.0 Loss:0.8505 Cls Loss:6.9212 Cls reid Loss:6.9041 Pair Loss:0.5595 Center Loss:1527.2839 KL Loss:0.6645 Recon Loss:0.1860 Acc:0.0008 Acc ReID:0.0010 
Epoch:113 Time:6.9 Data:0.0 Loss:0.7982 Cls Loss:6.9209 Cls reid Loss:6.9040 Pair Loss:0.5616 Center Loss:1521.4783 KL Loss:0.6122 Recon Loss:0.1860 Acc:0.0010 Acc ReID:0.0005 
Epoch:114 Time:7.7 Data:0.0 Loss:0.7483 Cls Loss:6.9205 Cls reid Loss:6.9042 Pair Loss:0.5611 Center Loss:1526.0137 KL Loss:0.5623 Recon Loss:0.1859 Acc:0.0018 Acc ReID:0.0008 
Epoch:115 Time:6.9 Data:0.0 Loss:0.8182 Cls Loss:6.9183 Cls reid Loss:6.9040 Pair Loss:0.5560 Center Loss:1526.3353 KL Loss:0.6324 Recon Loss:0.1858 Acc:0.0008 Acc ReID:0.0013 
=> Test at epoch 115
==========Test with latent_z: z_c =========
Extracted features for query set, obtained torch.Size([2709, 128]) matrix
Extracted features for gallery set, obtained torch.Size([2000, 128]) matrix
Extracting features complete in 0m 5s
Distance computing in 0m 0s
Results ---------------------------------------------------
top1:17.6% top5:38.1% top10:50.0% top20:61.7% mAP:22.4%
-----------------------------------------------------------
Using 0m 0s
Classifier results ---------------------------------------------------
Query acc: 0.1% Gallery acc: 0.1% Total acc: 0.1%
ReID Classifier results ---------------------------------------------------
Query acc: 0.0% Gallery acc: 0.0% Total acc: 0.0%
Jump TSNE in test
==========Test with latent_z: new_z =========
Extracted features for query set, obtained torch.Size([2709, 192]) matrix
Extracted features for gallery set, obtained torch.Size([2000, 192]) matrix
Extracting features complete in 0m 4s
Distance computing in 0m 0s
Results ---------------------------------------------------
top1:18.0% top5:39.4% top10:51.3% top20:62.2% mAP:23.0%
-----------------------------------------------------------
Using 0m 0s
Classifier results ---------------------------------------------------
Query acc: 0.1% Gallery acc: 0.1% Total acc: 0.1%
ReID Classifier results ---------------------------------------------------
Query acc: 0.0% Gallery acc: 0.0% Total acc: 0.0%
Epoch:116 Time:5.4 Data:0.0 Loss:0.8206 Cls Loss:6.9214 Cls reid Loss:6.9037 Pair Loss:0.5602 Center Loss:1528.1843 KL Loss:0.6348 Recon Loss:0.1858 Acc:0.0003 Acc ReID:0.0008 
Epoch:117 Time:5.1 Data:0.0 Loss:0.8324 Cls Loss:6.9171 Cls reid Loss:6.9040 Pair Loss:0.5563 Center Loss:1526.9772 KL Loss:0.6466 Recon Loss:0.1858 Acc:0.0008 Acc ReID:0.0003 
Epoch:118 Time:5.2 Data:0.0 Loss:0.7353 Cls Loss:6.9182 Cls reid Loss:6.9041 Pair Loss:0.5564 Center Loss:1529.1631 KL Loss:0.5494 Recon Loss:0.1859 Acc:0.0018 Acc ReID:0.0010 
Epoch:119 Time:5.0 Data:0.0 Loss:0.7950 Cls Loss:6.9189 Cls reid Loss:6.9038 Pair Loss:0.5573 Center Loss:1522.4458 KL Loss:0.6090 Recon Loss:0.1860 Acc:0.0005 Acc ReID:0.0008 
Epoch:120 Time:40.2 Data:0.0 Loss:0.6592 Cls Loss:6.9162 Cls reid Loss:6.9040 Pair Loss:0.5579 Center Loss:1525.6693 KL Loss:0.4733 Recon Loss:0.1859 Acc:0.0010 Acc ReID:0.0013 
Jump TSNE
=> Test at epoch 120
==========Test with latent_z: z_c =========
Extracted features for query set, obtained torch.Size([2709, 128]) matrix
Extracted features for gallery set, obtained torch.Size([2000, 128]) matrix
Extracting features complete in 0m 6s
Distance computing in 0m 0s
Results ---------------------------------------------------
top1:17.5% top5:38.2% top10:49.4% top20:61.9% mAP:22.4%
-----------------------------------------------------------
Using 0m 0s
Classifier results ---------------------------------------------------
Query acc: 0.2% Gallery acc: 0.1% Total acc: 0.1%
ReID Classifier results ---------------------------------------------------
Query acc: 0.1% Gallery acc: 0.0% Total acc: 0.0%
Jump TSNE in test
==========Test with latent_z: new_z =========
Extracted features for query set, obtained torch.Size([2709, 192]) matrix
Extracted features for gallery set, obtained torch.Size([2000, 192]) matrix
Extracting features complete in 0m 3s
Distance computing in 0m 0s
Results ---------------------------------------------------
top1:18.2% top5:39.5% top10:51.1% top20:62.5% mAP:23.1%
-----------------------------------------------------------
Using 0m 0s
Classifier results ---------------------------------------------------
Query acc: 0.2% Gallery acc: 0.1% Total acc: 0.1%
ReID Classifier results ---------------------------------------------------
Query acc: 0.1% Gallery acc: 0.0% Total acc: 0.0%
Keep checkpoint file: checkpoint_ep120.pth.tar
=> Best Rank-1 19.3%, mAP 23.7% achieved at epoch 30
Finished. Total elapsed time (h:m:s): 0:29:37. Training time (h:m:s): 0:24:36.
Shutting down background jobs, please wait a moment...
Done!
Waiting for the remaining 39 operations to synchronize with Neptune. Do not kill this process.
All 39 operations synced, thanks for waiting!
Explore the metadata in the Neptune app:
https://app.neptune.ai/Zhengwei-Lab/MayCVAE/e/MAY-696/metadata
