https://app.neptune.ai/Zhengwei-Lab/MayCVAE/e/MAY-168
=> merge config from ./configs/clipreid_cvae_kl.yaml
/home/zhengwei/Desktop/Zhengwei/Projects/CVAE/main.py:90: NeptuneUnsupportedType: You're attempting to log a type that is not directly supported by Neptune (<class 'list'>).
        Convert the value to a supported type, such as a string or float, or use stringify_unsupported(obj)
        for dictionaries or collections that contain unsupported values.
        For more, see https://docs.neptune.ai/help/value_of_unsupported_type
  run["parameters"] = param
=> Configurations:
-------------------------
AMP: True
AUG:
  RC_PROB: 0.5
  RE_PROB: 0.5
DATA:
  CUHK03_CLASSIC_SPLIT: False
  CUHK03_LABELED: False
  DATASET: market1k
  FORMAT_TAG: tensor
  HEIGHT: 256
  NUM_INSTANCES: 4
  NUM_WORKERS: 4
  ROOT: /home/zhengwei/Desktop/Zhengwei/Projects/datasets
  SPLIT_ID: 0
  TEST_BATCH: 512
  TRAIN_BATCH: 64
  TRAIN_FORMAT: novel
  WIDTH: 128
EVAL_MODE: False
GPU: 0
LOSS:
  CLA_LOSS: crossentropy
  CLA_M: 0.0
  CLA_S: 16.0
  PAIR_LOSS: triplet
  PAIR_M: 0.3
  PAIR_S: 16.0
  RECON_LOSS: mse
  USE_NCE: True
MODEL:
  CONDITIONAL: False
  FEATURE_DIM: 1280
  FEAT_FUSION: True
  FLOW_TYPE: 
  GAUSSIAN: MultivariateNormal
  HIDDEN_DIM: 256
  LATENT_SIZE: 64
  NAME: CVAE
  ONLY_CVAE_KL: False
  ONLY_X_INPUT: False
  PRETRAIN: CLIPreidNew
  RES4_STRIDE: 1
  RESUME: /home/zhengwei/Desktop/Zhengwei/Projects/CVAE/outputs/duke/clipreid_simplevae/2024-05-25/fp32_SimpleVAE+2E_128+64z_1e3+3_60+120_SingleCls_ce_KLtotalZ
  TRAIN_STAGE: klNocls_stage
  USE_CENTROID: False
  VAE_TYPE: SinpleVAE
  ZC_DIM: 128
  ZS_DIM: 64
OUTPUT: ./outputs/market1k/clipreid_simplevae/novel/2024-06-12/SimpleVAE+2E_128+64z_1e3+3_60+120_Nce+Cls_KLtotalZ
SAVED_NAME: SimpleVAE+2E_128+64z_1e3+3_60+120_Nce+Cls_KLtotalZ
SEED: 0
TAG: clipreid_simplevae
TEST:
  DISTANCE: cosine
  EVAL_STEP: 5
  START_EVAL: -1
TRAIN:
  AMP: False
  LR_SCHEDULER:
    DECAY_RATE: 0.1
    NAME: MultiStepLR
    STEPSIZE: [60]
  MAX_EPOCH: 120
  OPTIMIZER:
    LR: 0.001
    NAME: adam
    SGDLR: 0.01
    SGD_MOMENTUM: 0.9
    SGD_WEIGHT_DECAY: 0.0005
    WEIGHT_DECAY: 0.0001
  START_EPOCH: 0
----------------------
Initializing dataset market1k
Warning: string series 'monitoring/1746749f/stdout' value was longer than 1000 characters and was truncated. This warning is printed only once per series.
=> Market-Sketch-1K tensor loaded
Dataset statistics:
  ------------------------------
  subset   | # ids | # images
  ------------------------------
  train    |   996 |     3992
  query    |   996 |     2709
  gallery  |   996 |     2000
  ------------------------------
  total    |  1992 |     8701
  ------------------------------
Initializing SinpleVAE model with 2 encoders
Model size: 11.80064M
Classifier size: 0.12749M
=> Start training the model on Novel data
Loading checkpoint from '/home/zhengwei/Desktop/Zhengwei/Projects/CVAE/outputs/duke/clipreid_simplevae/2024-05-25/fp32_SimpleVAE+2E_128+64z_1e3+3_60+120_SingleCls_ce_KLtotalZ.best_model.pth.tar'
orginal best rank1 = 0.874326750448833
=> Copy the checkpoint to the output folder
=> Start evaluation on Novel data without finetuning
=> Test pretarined feature form VLP model
Normalizing features
Normalizing features
Extracted features for query set, obtained torch.Size([2709, 1280]) matrix
Extracted features for gallery set, obtained torch.Size([2000, 1280]) matrix
Extracting features complete in 0m 4s
Distance computing in 0m 0s
Computing CMC and mAP
Results ---------------------------------------------------
top1:3.7% top5:8.7% top10:13.0% top20:19.0% mAP:4.8%
-----------------------------------------------------------
Using 0m 0s
==========Test with latent_z: new_z =========
==========Test with NCE LOSS=========
Extracted features for query set, obtained torch.Size([2709, 192]) matrix
Extracted features for gallery set, obtained torch.Size([2000, 192]) matrix
Extracting features complete in 0m 3s
Distance computing in 0m 0s
Results ---------------------------------------------------
top1:0.8% top5:2.9% top10:5.0% top20:8.5% mAP:1.7%
-----------------------------------------------------------
Using 0m 0s
Classifier results ---------------------------------------------------
Query acc: 0.1% Gallery acc: 0.2% Total acc: 0.1%
==========Test with latent_z: z_c =========
==========Test with NCE LOSS=========
Extracted features for query set, obtained torch.Size([2709, 128]) matrix
Extracted features for gallery set, obtained torch.Size([2000, 128]) matrix
Extracting features complete in 0m 4s
Distance computing in 0m 0s
Results ---------------------------------------------------
top1:1.1% top5:4.2% top10:6.5% top20:10.6% mAP:2.4%
-----------------------------------------------------------
Using 0m 0s
Classifier results ---------------------------------------------------
Query acc: 0.1% Gallery acc: 0.1% Total acc: 0.1%
The test feature is normalized
The number of query sketch samples: 2709
The number of gallery rgb samples: 2000
=> Start training
Epoch:1 Time:7.1 Data:0.0 Loss:88.5457 Cls Loss:6.9038 Pair Loss:0.5745 KL Loss:4.6950 Recon Loss:0.1223 Acc:0.0015 Acc NCE:0.0088
Epoch:2 Time:5.9 Data:0.0 Loss:52.4587 Cls Loss:6.9035 Pair Loss:0.5664 KL Loss:2.0652 Recon Loss:0.1224 Acc:0.0005 Acc NCE:0.0219
Epoch:3 Time:6.3 Data:0.0 Loss:43.4149 Cls Loss:6.9038 Pair Loss:0.5646 KL Loss:3.6807 Recon Loss:0.1226 Acc:0.0010 Acc NCE:0.0325
Epoch:4 Time:6.2 Data:0.0 Loss:37.8284 Cls Loss:6.9037 Pair Loss:0.5626 KL Loss:3.0649 Recon Loss:0.1224 Acc:0.0008 Acc NCE:0.0426
Epoch:5 Time:6.3 Data:0.0 Loss:35.5408 Cls Loss:6.9037 Pair Loss:0.5578 KL Loss:4.0561 Recon Loss:0.1224 Acc:0.0028 Acc NCE:0.0539
=> Test at epoch 5
==========Test with latent_z: z_c =========
==========Test with NCE LOSS=========
Extracted features for query set, obtained torch.Size([2709, 128]) matrix
Extracted features for gallery set, obtained torch.Size([2000, 128]) matrix
Extracting features complete in 0m 4s
Distance computing in 0m 0s
Results ---------------------------------------------------
top1:2.8% top5:8.2% top10:12.9% top20:18.3% mAP:4.4%
-----------------------------------------------------------
Using 0m 0s
Classifier results ---------------------------------------------------
Query acc: 1.3% Gallery acc: 6.3% Total acc: 3.8%
The test feature is normalized
The number of query sketch samples: 2709
The number of gallery rgb samples: 2000
==========Test with latent_z: new_z =========
==========Test with NCE LOSS=========
Extracted features for query set, obtained torch.Size([2709, 192]) matrix
Extracted features for gallery set, obtained torch.Size([2000, 192]) matrix
Extracting features complete in 0m 5s
Distance computing in 0m 0s
Results ---------------------------------------------------
top1:0.0% top5:0.5% top10:1.0% top20:2.1% mAP:0.5%
-----------------------------------------------------------
Using 0m 0s
Classifier results ---------------------------------------------------
Query acc: 1.3% Gallery acc: 6.3% Total acc: 3.8%
Epoch:6 Time:6.5 Data:0.0 Loss:33.4985 Cls Loss:6.9040 Pair Loss:0.5587 KL Loss:3.8633 Recon Loss:0.1226 Acc:0.0008 Acc NCE:0.0640
Epoch:7 Time:6.0 Data:0.0 Loss:31.6926 Cls Loss:6.9038 Pair Loss:0.5580 KL Loss:4.4357 Recon Loss:0.1225 Acc:0.0000 Acc NCE:0.0708
Epoch:8 Time:6.0 Data:0.0 Loss:30.7896 Cls Loss:6.9037 Pair Loss:0.5550 KL Loss:5.4048 Recon Loss:0.1226 Acc:0.0008 Acc NCE:0.0741
Epoch:9 Time:6.0 Data:0.0 Loss:32.2661 Cls Loss:6.9036 Pair Loss:0.5547 KL Loss:6.6105 Recon Loss:0.1223 Acc:0.0015 Acc NCE:0.0837
The test feature is normalized
The number of sketch samples: 1976
The number of rgb samples: 1992
/home/zhengwei/anaconda3/envs/yzwT2V/lib/python3.9/site-packages/numpy/lib/function_base.py:2853: RuntimeWarning: invalid value encountered in divide
  c /= stddev[:, None]
/home/zhengwei/anaconda3/envs/yzwT2V/lib/python3.9/site-packages/numpy/lib/function_base.py:2854: RuntimeWarning: invalid value encountered in divide
  c /= stddev[None, :]
Epoch:10 Time:68.3 Data:0.0 Loss:28.6653 Cls Loss:6.9037 Pair Loss:0.5566 KL Loss:4.4860 Recon Loss:0.1225 Acc:0.0023 Acc NCE:0.0837
=> Test at epoch 10
==========Test with latent_z: z_c =========
==========Test with NCE LOSS=========
Extracted features for query set, obtained torch.Size([2709, 128]) matrix
Extracted features for gallery set, obtained torch.Size([2000, 128]) matrix
Extracting features complete in 0m 5s
Distance computing in 0m 0s
Results ---------------------------------------------------
top1:2.8% top5:8.3% top10:12.6% top20:19.2% mAP:4.4%
-----------------------------------------------------------
Using 0m 0s
Classifier results ---------------------------------------------------
Query acc: 1.8% Gallery acc: 11.6% Total acc: 6.7%
The test feature is normalized
The number of query sketch samples: 2709
The number of gallery rgb samples: 2000
==========Test with latent_z: new_z =========
==========Test with NCE LOSS=========
Extracted features for query set, obtained torch.Size([2709, 192]) matrix
Extracted features for gallery set, obtained torch.Size([2000, 192]) matrix
Extracting features complete in 0m 5s
Distance computing in 0m 0s
Results ---------------------------------------------------
top1:0.1% top5:0.7% top10:1.4% top20:2.1% mAP:0.5%
-----------------------------------------------------------
Using 0m 0s
Classifier results ---------------------------------------------------
Query acc: 1.8% Gallery acc: 11.6% Total acc: 6.7%
Epoch:11 Time:6.9 Data:0.0 Loss:28.8342 Cls Loss:6.9037 Pair Loss:0.5479 KL Loss:5.1875 Recon Loss:0.1228 Acc:0.0010 Acc NCE:0.0854
Epoch:12 Time:6.0 Data:0.0 Loss:27.8045 Cls Loss:6.9038 Pair Loss:0.5508 KL Loss:5.3237 Recon Loss:0.1227 Acc:0.0003 Acc NCE:0.0940
Epoch:13 Time:6.0 Data:0.0 Loss:27.5158 Cls Loss:6.9039 Pair Loss:0.5552 KL Loss:5.2925 Recon Loss:0.1227 Acc:0.0003 Acc NCE:0.0880
Epoch:14 Time:6.3 Data:0.0 Loss:28.0011 Cls Loss:6.9039 Pair Loss:0.5570 KL Loss:5.6115 Recon Loss:0.1227 Acc:0.0010 Acc NCE:0.0907
Epoch:15 Time:5.9 Data:0.0 Loss:25.2004 Cls Loss:6.9036 Pair Loss:0.5485 KL Loss:4.2369 Recon Loss:0.1227 Acc:0.0018 Acc NCE:0.0998
=> Test at epoch 15
==========Test with latent_z: z_c =========
==========Test with NCE LOSS=========
Extracted features for query set, obtained torch.Size([2709, 128]) matrix
Extracted features for gallery set, obtained torch.Size([2000, 128]) matrix
Extracting features complete in 0m 4s
Distance computing in 0m 0s
Results ---------------------------------------------------
top1:3.1% top5:9.4% top10:14.2% top20:21.0% mAP:4.8%
-----------------------------------------------------------
Using 0m 0s
Classifier results ---------------------------------------------------
Query acc: 2.2% Gallery acc: 15.0% Total acc: 8.6%
The test feature is normalized
The number of query sketch samples: 2709
The number of gallery rgb samples: 2000
==========Test with latent_z: new_z =========
==========Test with NCE LOSS=========
Extracted features for query set, obtained torch.Size([2709, 192]) matrix
Extracted features for gallery set, obtained torch.Size([2000, 192]) matrix
Extracting features complete in 0m 4s
Distance computing in 0m 0s
Results ---------------------------------------------------
top1:0.1% top5:0.5% top10:0.9% top20:1.9% mAP:0.4%
-----------------------------------------------------------
Using 0m 0s
Classifier results ---------------------------------------------------
Query acc: 2.2% Gallery acc: 15.0% Total acc: 8.6%
Epoch:16 Time:6.6 Data:0.0 Loss:25.5467 Cls Loss:6.9037 Pair Loss:0.5537 KL Loss:4.6444 Recon Loss:0.1226 Acc:0.0008 Acc NCE:0.0945
Epoch:17 Time:6.1 Data:0.0 Loss:25.4293 Cls Loss:6.9038 Pair Loss:0.5522 KL Loss:5.4432 Recon Loss:0.1227 Acc:0.0008 Acc NCE:0.1021
Epoch:18 Time:6.3 Data:0.0 Loss:25.7788 Cls Loss:6.9037 Pair Loss:0.5528 KL Loss:5.2868 Recon Loss:0.1227 Acc:0.0010 Acc NCE:0.1134
Epoch:19 Time:6.3 Data:0.0 Loss:23.5058 Cls Loss:6.9037 Pair Loss:0.5499 KL Loss:3.7778 Recon Loss:0.1226 Acc:0.0010 Acc NCE:0.1071
The test feature is normalized
The number of sketch samples: 1981
The number of rgb samples: 1987
/home/zhengwei/anaconda3/envs/yzwT2V/lib/python3.9/site-packages/numpy/lib/function_base.py:2853: RuntimeWarning: invalid value encountered in divide
  c /= stddev[:, None]
/home/zhengwei/anaconda3/envs/yzwT2V/lib/python3.9/site-packages/numpy/lib/function_base.py:2854: RuntimeWarning: invalid value encountered in divide
  c /= stddev[None, :]
Epoch:20 Time:46.1 Data:0.0 Loss:24.0217 Cls Loss:6.9036 Pair Loss:0.5526 KL Loss:5.0025 Recon Loss:0.1226 Acc:0.0003 Acc NCE:0.1011
=> Test at epoch 20
==========Test with latent_z: z_c =========
==========Test with NCE LOSS=========
Extracted features for query set, obtained torch.Size([2709, 128]) matrix
Extracted features for gallery set, obtained torch.Size([2000, 128]) matrix
Extracting features complete in 0m 6s
Distance computing in 0m 0s
Results ---------------------------------------------------
top1:3.3% top5:9.2% top10:14.5% top20:21.0% mAP:4.9%
-----------------------------------------------------------
Using 0m 0s
Classifier results ---------------------------------------------------
Query acc: 1.9% Gallery acc: 14.6% Total acc: 8.3%
The test feature is normalized
The number of query sketch samples: 2709
The number of gallery rgb samples: 2000
==========Test with latent_z: new_z =========
==========Test with NCE LOSS=========
Extracted features for query set, obtained torch.Size([2709, 192]) matrix
Extracted features for gallery set, obtained torch.Size([2000, 192]) matrix
Extracting features complete in 0m 5s
Distance computing in 0m 0s
Results ---------------------------------------------------
top1:0.0% top5:0.4% top10:1.0% top20:1.6% mAP:0.4%
-----------------------------------------------------------
Using 0m 0s
Classifier results ---------------------------------------------------
Query acc: 1.9% Gallery acc: 14.6% Total acc: 8.3%
Epoch:21 Time:6.5 Data:0.0 Loss:24.9748 Cls Loss:6.9037 Pair Loss:0.5497 KL Loss:5.7844 Recon Loss:0.1227 Acc:0.0015 Acc NCE:0.1089
Epoch:22 Time:6.3 Data:0.0 Loss:24.2531 Cls Loss:6.9037 Pair Loss:0.5531 KL Loss:5.8150 Recon Loss:0.1226 Acc:0.0013 Acc NCE:0.1134
Epoch:23 Time:6.3 Data:0.0 Loss:24.6271 Cls Loss:6.9037 Pair Loss:0.5493 KL Loss:5.3653 Recon Loss:0.1226 Acc:0.0005 Acc NCE:0.1116
Epoch:24 Time:6.5 Data:0.0 Loss:24.0212 Cls Loss:6.9038 Pair Loss:0.5464 KL Loss:5.5989 Recon Loss:0.1229 Acc:0.0010 Acc NCE:0.1200
Epoch:25 Time:6.1 Data:0.0 Loss:22.1641 Cls Loss:6.9038 Pair Loss:0.5458 KL Loss:3.7876 Recon Loss:0.1227 Acc:0.0005 Acc NCE:0.1164
=> Test at epoch 25
==========Test with latent_z: z_c =========
==========Test with NCE LOSS=========
Extracted features for query set, obtained torch.Size([2709, 128]) matrix
Extracted features for gallery set, obtained torch.Size([2000, 128]) matrix
Extracting features complete in 0m 4s
Distance computing in 0m 0s
Results ---------------------------------------------------
top1:3.4% top5:9.7% top10:15.1% top20:21.8% mAP:5.0%
-----------------------------------------------------------
Using 0m 0s
Classifier results ---------------------------------------------------
Query acc: 1.9% Gallery acc: 13.3% Total acc: 7.6%
The test feature is normalized
The number of query sketch samples: 2709
The number of gallery rgb samples: 2000
==========Test with latent_z: new_z =========
==========Test with NCE LOSS=========
Extracted features for query set, obtained torch.Size([2709, 192]) matrix
Extracted features for gallery set, obtained torch.Size([2000, 192]) matrix
Extracting features complete in 0m 5s
Distance computing in 0m 0s
Results ---------------------------------------------------
top1:0.0% top5:0.7% top10:1.1% top20:1.8% mAP:0.5%
-----------------------------------------------------------
Using 0m 0s
Classifier results ---------------------------------------------------
Query acc: 1.9% Gallery acc: 13.3% Total acc: 7.6%
Epoch:26 Time:6.4 Data:0.0 Loss:23.4331 Cls Loss:6.9039 Pair Loss:0.5525 KL Loss:5.2811 Recon Loss:0.1227 Acc:0.0008 Acc NCE:0.1177
Epoch:27 Time:6.3 Data:0.0 Loss:22.0397 Cls Loss:6.9037 Pair Loss:0.5517 KL Loss:4.2370 Recon Loss:0.1227 Acc:0.0010 Acc NCE:0.1182
Epoch:28 Time:6.3 Data:0.0 Loss:22.5290 Cls Loss:6.9038 Pair Loss:0.5479 KL Loss:4.9858 Recon Loss:0.1227 Acc:0.0008 Acc NCE:0.1232
Epoch:29 Time:6.1 Data:0.0 Loss:23.5153 Cls Loss:6.9039 Pair Loss:0.5502 KL Loss:6.2605 Recon Loss:0.1227 Acc:0.0003 Acc NCE:0.1237
The test feature is normalized
The number of sketch samples: 1978
The number of rgb samples: 1990
/home/zhengwei/anaconda3/envs/yzwT2V/lib/python3.9/site-packages/numpy/lib/function_base.py:2853: RuntimeWarning: invalid value encountered in divide
  c /= stddev[:, None]
/home/zhengwei/anaconda3/envs/yzwT2V/lib/python3.9/site-packages/numpy/lib/function_base.py:2854: RuntimeWarning: invalid value encountered in divide
  c /= stddev[None, :]
Epoch:30 Time:46.8 Data:0.0 Loss:22.0139 Cls Loss:6.9038 Pair Loss:0.5476 KL Loss:4.3315 Recon Loss:0.1227 Acc:0.0010 Acc NCE:0.1247
=> Test at epoch 30
==========Test with latent_z: z_c =========
==========Test with NCE LOSS=========
Extracted features for query set, obtained torch.Size([2709, 128]) matrix
Extracted features for gallery set, obtained torch.Size([2000, 128]) matrix
Extracting features complete in 0m 6s
Distance computing in 0m 0s
Results ---------------------------------------------------
top1:3.2% top5:9.4% top10:14.7% top20:21.2% mAP:5.0%
-----------------------------------------------------------
Using 0m 0s
Classifier results ---------------------------------------------------
Query acc: 1.5% Gallery acc: 14.5% Total acc: 8.0%
The test feature is normalized
The number of query sketch samples: 2709
The number of gallery rgb samples: 2000
==========Test with latent_z: new_z =========
==========Test with NCE LOSS=========
Extracted features for query set, obtained torch.Size([2709, 192]) matrix
Extracted features for gallery set, obtained torch.Size([2000, 192]) matrix
Extracting features complete in 0m 5s
Distance computing in 0m 0s
Results ---------------------------------------------------
top1:0.0% top5:0.3% top10:0.8% top20:1.9% mAP:0.4%
-----------------------------------------------------------
Using 0m 0s
Classifier results ---------------------------------------------------
Query acc: 1.5% Gallery acc: 14.5% Total acc: 8.0%
Epoch:31 Time:6.6 Data:0.0 Loss:21.9106 Cls Loss:6.9038 Pair Loss:0.5473 KL Loss:4.6521 Recon Loss:0.1228 Acc:0.0005 Acc NCE:0.1192
Epoch:32 Time:6.1 Data:0.0 Loss:22.3890 Cls Loss:6.9039 Pair Loss:0.5507 KL Loss:5.3552 Recon Loss:0.1227 Acc:0.0015 Acc NCE:0.1162
Epoch:33 Time:6.4 Data:0.0 Loss:21.3201 Cls Loss:6.9037 Pair Loss:0.5479 KL Loss:4.3237 Recon Loss:0.1228 Acc:0.0010 Acc NCE:0.1172
Epoch:34 Time:6.1 Data:0.0 Loss:22.4507 Cls Loss:6.9038 Pair Loss:0.5470 KL Loss:5.8794 Recon Loss:0.1227 Acc:0.0010 Acc NCE:0.1157
Epoch:35 Time:6.1 Data:0.0 Loss:22.9463 Cls Loss:6.9037 Pair Loss:0.5470 KL Loss:5.8641 Recon Loss:0.1227 Acc:0.0010 Acc NCE:0.1250
=> Test at epoch 35
==========Test with latent_z: z_c =========
==========Test with NCE LOSS=========
Extracted features for query set, obtained torch.Size([2709, 128]) matrix
Extracted features for gallery set, obtained torch.Size([2000, 128]) matrix
Extracting features complete in 0m 4s
Distance computing in 0m 0s
Results ---------------------------------------------------
top1:3.8% top5:10.6% top10:16.1% top20:24.1% mAP:5.7%
-----------------------------------------------------------
Using 0m 0s
Classifier results ---------------------------------------------------
Query acc: 0.9% Gallery acc: 13.4% Total acc: 7.1%
The test feature is normalized
The number of query sketch samples: 2709
The number of gallery rgb samples: 2000
==========Test with latent_z: new_z =========
==========Test with NCE LOSS=========
Extracted features for query set, obtained torch.Size([2709, 192]) matrix
Extracted features for gallery set, obtained torch.Size([2000, 192]) matrix
Extracting features complete in 0m 4s
Distance computing in 0m 0s
Results ---------------------------------------------------
top1:0.1% top5:0.5% top10:1.3% top20:2.2% mAP:0.5%
-----------------------------------------------------------
Using 0m 0s
Classifier results ---------------------------------------------------
Query acc: 0.9% Gallery acc: 13.3% Total acc: 7.1%
Epoch:36 Time:6.5 Data:0.0 Loss:22.7028 Cls Loss:6.9041 Pair Loss:0.5507 KL Loss:5.1700 Recon Loss:0.1227 Acc:0.0008 Acc NCE:0.1250
Epoch:37 Time:6.4 Data:0.0 Loss:22.3524 Cls Loss:6.9038 Pair Loss:0.5500 KL Loss:5.0982 Recon Loss:0.1227 Acc:0.0008 Acc NCE:0.1159
Epoch:38 Time:6.4 Data:0.0 Loss:21.0992 Cls Loss:6.9040 Pair Loss:0.5479 KL Loss:4.0349 Recon Loss:0.1228 Acc:0.0003 Acc NCE:0.1144
Epoch:39 Time:6.5 Data:0.0 Loss:23.3457 Cls Loss:6.9038 Pair Loss:0.5407 KL Loss:6.1337 Recon Loss:0.1227 Acc:0.0008 Acc NCE:0.1258
The test feature is normalized
The number of sketch samples: 1979
The number of rgb samples: 1989
/home/zhengwei/anaconda3/envs/yzwT2V/lib/python3.9/site-packages/numpy/lib/function_base.py:2853: RuntimeWarning: invalid value encountered in divide
  c /= stddev[:, None]
/home/zhengwei/anaconda3/envs/yzwT2V/lib/python3.9/site-packages/numpy/lib/function_base.py:2854: RuntimeWarning: invalid value encountered in divide
  c /= stddev[None, :]
Epoch:40 Time:47.1 Data:0.0 Loss:21.8260 Cls Loss:6.9038 Pair Loss:0.5533 KL Loss:4.7189 Recon Loss:0.1226 Acc:0.0013 Acc NCE:0.1157
=> Test at epoch 40
==========Test with latent_z: z_c =========
==========Test with NCE LOSS=========
Extracted features for query set, obtained torch.Size([2709, 128]) matrix
Extracted features for gallery set, obtained torch.Size([2000, 128]) matrix
Extracting features complete in 0m 5s
Distance computing in 0m 0s
Results ---------------------------------------------------
top1:3.9% top5:11.0% top10:16.3% top20:24.2% mAP:5.9%
-----------------------------------------------------------
Using 0m 0s
Classifier results ---------------------------------------------------
Query acc: 1.5% Gallery acc: 13.3% Total acc: 7.4%
The test feature is normalized
The number of query sketch samples: 2709
The number of gallery rgb samples: 2000
==========Test with latent_z: new_z =========
==========Test with NCE LOSS=========
Extracted features for query set, obtained torch.Size([2709, 192]) matrix
Extracted features for gallery set, obtained torch.Size([2000, 192]) matrix
Extracting features complete in 0m 5s
Distance computing in 0m 0s
Results ---------------------------------------------------
top1:0.0% top5:0.5% top10:1.0% top20:2.2% mAP:0.4%
-----------------------------------------------------------
Using 0m 0s
Classifier results ---------------------------------------------------
Query acc: 1.5% Gallery acc: 13.4% Total acc: 7.4%
Epoch:41 Time:6.7 Data:0.0 Loss:21.3597 Cls Loss:6.9038 Pair Loss:0.5527 KL Loss:4.2896 Recon Loss:0.1228 Acc:0.0005 Acc NCE:0.1207
Epoch:42 Time:6.5 Data:0.0 Loss:21.0754 Cls Loss:6.9037 Pair Loss:0.5519 KL Loss:4.4479 Recon Loss:0.1226 Acc:0.0020 Acc NCE:0.1172
Epoch:43 Time:6.4 Data:0.0 Loss:20.6808 Cls Loss:6.9038 Pair Loss:0.5504 KL Loss:4.3394 Recon Loss:0.1227 Acc:0.0013 Acc NCE:0.1222
Epoch:44 Time:6.0 Data:0.0 Loss:21.3832 Cls Loss:6.9037 Pair Loss:0.5491 KL Loss:4.6664 Recon Loss:0.1227 Acc:0.0008 Acc NCE:0.1258
Epoch:45 Time:6.8 Data:0.0 Loss:20.4069 Cls Loss:6.9038 Pair Loss:0.5482 KL Loss:3.8179 Recon Loss:0.1227 Acc:0.0013 Acc NCE:0.1280
=> Test at epoch 45
==========Test with latent_z: z_c =========
==========Test with NCE LOSS=========
Extracted features for query set, obtained torch.Size([2709, 128]) matrix
Extracted features for gallery set, obtained torch.Size([2000, 128]) matrix
Extracting features complete in 0m 4s
Distance computing in 0m 0s
Results ---------------------------------------------------
top1:4.1% top5:11.3% top10:16.8% top20:25.0% mAP:6.0%
-----------------------------------------------------------
Using 0m 0s
Classifier results ---------------------------------------------------
Query acc: 1.1% Gallery acc: 13.5% Total acc: 7.3%
The test feature is normalized
The number of query sketch samples: 2709
The number of gallery rgb samples: 2000
==========Test with latent_z: new_z =========
==========Test with NCE LOSS=========
Extracted features for query set, obtained torch.Size([2709, 192]) matrix
Extracted features for gallery set, obtained torch.Size([2000, 192]) matrix
Extracting features complete in 0m 5s
Distance computing in 0m 0s
Results ---------------------------------------------------
top1:0.1% top5:0.4% top10:1.1% top20:2.0% mAP:0.4%
-----------------------------------------------------------
Using 0m 0s
Classifier results ---------------------------------------------------
Query acc: 1.1% Gallery acc: 13.5% Total acc: 7.3%
Epoch:46 Time:6.6 Data:0.0 Loss:20.0328 Cls Loss:6.9038 Pair Loss:0.5545 KL Loss:3.9418 Recon Loss:0.1227 Acc:0.0025 Acc NCE:0.1217
Epoch:47 Time:6.8 Data:0.0 Loss:20.3363 Cls Loss:6.9038 Pair Loss:0.5460 KL Loss:4.2904 Recon Loss:0.1226 Acc:0.0023 Acc NCE:0.1373
Epoch:48 Time:6.2 Data:0.0 Loss:19.9075 Cls Loss:6.9039 Pair Loss:0.5503 KL Loss:4.2358 Recon Loss:0.1226 Acc:0.0010 Acc NCE:0.1318
Epoch:49 Time:6.6 Data:0.0 Loss:19.6776 Cls Loss:6.9038 Pair Loss:0.5499 KL Loss:3.6918 Recon Loss:0.1227 Acc:0.0010 Acc NCE:0.1240
The test feature is normalized
The number of sketch samples: 1977
The number of rgb samples: 1991
/home/zhengwei/anaconda3/envs/yzwT2V/lib/python3.9/site-packages/numpy/lib/function_base.py:2853: RuntimeWarning: invalid value encountered in divide
  c /= stddev[:, None]
/home/zhengwei/anaconda3/envs/yzwT2V/lib/python3.9/site-packages/numpy/lib/function_base.py:2854: RuntimeWarning: invalid value encountered in divide
  c /= stddev[None, :]
Epoch:50 Time:47.9 Data:0.0 Loss:20.3338 Cls Loss:6.9039 Pair Loss:0.5490 KL Loss:4.2678 Recon Loss:0.1225 Acc:0.0020 Acc NCE:0.1240
=> Test at epoch 50
==========Test with latent_z: z_c =========
==========Test with NCE LOSS=========
Extracted features for query set, obtained torch.Size([2709, 128]) matrix
Extracted features for gallery set, obtained torch.Size([2000, 128]) matrix
Extracting features complete in 0m 6s
Distance computing in 0m 0s
Results ---------------------------------------------------
top1:4.1% top5:11.9% top10:17.8% top20:26.0% mAP:6.3%
-----------------------------------------------------------
Using 0m 0s
Classifier results ---------------------------------------------------
Query acc: 1.1% Gallery acc: 14.4% Total acc: 7.8%
The test feature is normalized
The number of query sketch samples: 2709
The number of gallery rgb samples: 2000
==========Test with latent_z: new_z =========
==========Test with NCE LOSS=========
Extracted features for query set, obtained torch.Size([2709, 192]) matrix
Extracted features for gallery set, obtained torch.Size([2000, 192]) matrix
Extracting features complete in 0m 4s
Distance computing in 0m 0s
Results ---------------------------------------------------
top1:0.2% top5:0.7% top10:1.0% top20:2.2% mAP:0.5%
-----------------------------------------------------------
Using 0m 0s
Classifier results ---------------------------------------------------
Query acc: 1.1% Gallery acc: 14.4% Total acc: 7.8%
Epoch:51 Time:6.5 Data:0.0 Loss:19.9005 Cls Loss:6.9037 Pair Loss:0.5470 KL Loss:4.1696 Recon Loss:0.1227 Acc:0.0010 Acc NCE:0.1353
Epoch:52 Time:6.6 Data:0.0 Loss:19.7762 Cls Loss:6.9038 Pair Loss:0.5545 KL Loss:4.1386 Recon Loss:0.1226 Acc:0.0005 Acc NCE:0.1225
Epoch:53 Time:6.9 Data:0.0 Loss:20.4293 Cls Loss:6.9039 Pair Loss:0.5449 KL Loss:4.5336 Recon Loss:0.1230 Acc:0.0000 Acc NCE:0.1333
Epoch:54 Time:7.2 Data:0.0 Loss:21.6633 Cls Loss:6.9038 Pair Loss:0.5510 KL Loss:5.9437 Recon Loss:0.1226 Acc:0.0008 Acc NCE:0.1247
Epoch:55 Time:6.6 Data:0.0 Loss:20.2357 Cls Loss:6.9038 Pair Loss:0.5467 KL Loss:4.2543 Recon Loss:0.1226 Acc:0.0013 Acc NCE:0.1368
=> Test at epoch 55
==========Test with latent_z: z_c =========
==========Test with NCE LOSS=========
Extracted features for query set, obtained torch.Size([2709, 128]) matrix
Extracted features for gallery set, obtained torch.Size([2000, 128]) matrix
Extracting features complete in 0m 3s
Distance computing in 0m 0s
Results ---------------------------------------------------
top1:4.2% top5:12.5% top10:18.9% top20:27.5% mAP:6.4%
-----------------------------------------------------------
Using 0m 0s
Classifier results ---------------------------------------------------
Query acc: 1.7% Gallery acc: 14.0% Total acc: 7.8%
The test feature is normalized
The number of query sketch samples: 2709
The number of gallery rgb samples: 2000
==========Test with latent_z: new_z =========
==========Test with NCE LOSS=========
Extracted features for query set, obtained torch.Size([2709, 192]) matrix
Extracted features for gallery set, obtained torch.Size([2000, 192]) matrix
Extracting features complete in 0m 5s
Distance computing in 0m 0s
Results ---------------------------------------------------
top1:0.1% top5:0.5% top10:1.0% top20:2.2% mAP:0.5%
-----------------------------------------------------------
Using 0m 0s
Classifier results ---------------------------------------------------
Query acc: 1.7% Gallery acc: 14.0% Total acc: 7.8%
Epoch:56 Time:6.6 Data:0.0 Loss:20.2878 Cls Loss:6.9038 Pair Loss:0.5440 KL Loss:4.5195 Recon Loss:0.1227 Acc:0.0008 Acc NCE:0.1356
Epoch:57 Time:6.6 Data:0.0 Loss:20.1519 Cls Loss:6.9038 Pair Loss:0.5482 KL Loss:4.4336 Recon Loss:0.1228 Acc:0.0008 Acc NCE:0.1338
Epoch:58 Time:6.3 Data:0.0 Loss:19.9777 Cls Loss:6.9038 Pair Loss:0.5471 KL Loss:4.5192 Recon Loss:0.1228 Acc:0.0013 Acc NCE:0.1265
Epoch:59 Time:6.4 Data:0.0 Loss:18.9087 Cls Loss:6.9039 Pair Loss:0.5494 KL Loss:3.2059 Recon Loss:0.1228 Acc:0.0000 Acc NCE:0.1328
The test feature is normalized
The number of sketch samples: 1980
The number of rgb samples: 1988
/home/zhengwei/anaconda3/envs/yzwT2V/lib/python3.9/site-packages/numpy/lib/function_base.py:2853: RuntimeWarning: invalid value encountered in divide
  c /= stddev[:, None]
/home/zhengwei/anaconda3/envs/yzwT2V/lib/python3.9/site-packages/numpy/lib/function_base.py:2854: RuntimeWarning: invalid value encountered in divide
  c /= stddev[None, :]
Epoch:60 Time:47.4 Data:0.0 Loss:19.8188 Cls Loss:6.9038 Pair Loss:0.5438 KL Loss:3.9364 Recon Loss:0.1227 Acc:0.0013 Acc NCE:0.1298
=> Test at epoch 60
==========Test with latent_z: z_c =========
==========Test with NCE LOSS=========
Extracted features for query set, obtained torch.Size([2709, 128]) matrix
Extracted features for gallery set, obtained torch.Size([2000, 128]) matrix
Extracting features complete in 0m 5s
Distance computing in 0m 0s
Results ---------------------------------------------------
top1:4.2% top5:12.0% top10:17.5% top20:25.7% mAP:6.3%
-----------------------------------------------------------
Using 0m 0s
Classifier results ---------------------------------------------------
Query acc: 1.3% Gallery acc: 13.6% Total acc: 7.5%
The test feature is normalized
The number of query sketch samples: 2709
The number of gallery rgb samples: 2000
==========Test with latent_z: new_z =========
==========Test with NCE LOSS=========
Extracted features for query set, obtained torch.Size([2709, 192]) matrix
Extracted features for gallery set, obtained torch.Size([2000, 192]) matrix
Extracting features complete in 0m 5s
Distance computing in 0m 0s
Results ---------------------------------------------------
top1:0.0% top5:0.3% top10:0.8% top20:1.6% mAP:0.4%
-----------------------------------------------------------
Using 0m 0s
Classifier results ---------------------------------------------------
Query acc: 1.3% Gallery acc: 13.7% Total acc: 7.5%
Epoch:61 Time:6.6 Data:0.0 Loss:18.7429 Cls Loss:6.9037 Pair Loss:0.5474 KL Loss:3.0537 Recon Loss:0.1226 Acc:0.0015 Acc NCE:0.1242
Epoch:62 Time:6.0 Data:0.0 Loss:17.6865 Cls Loss:6.9038 Pair Loss:0.5443 KL Loss:2.6242 Recon Loss:0.1226 Acc:0.0003 Acc NCE:0.1353
Epoch:63 Time:6.4 Data:0.0 Loss:18.0450 Cls Loss:6.9038 Pair Loss:0.5411 KL Loss:3.3206 Recon Loss:0.1226 Acc:0.0018 Acc NCE:0.1290
Epoch:64 Time:6.5 Data:0.0 Loss:18.3343 Cls Loss:6.9038 Pair Loss:0.5439 KL Loss:3.3040 Recon Loss:0.1226 Acc:0.0008 Acc NCE:0.1414
Epoch:65 Time:6.5 Data:0.0 Loss:18.0523 Cls Loss:6.9039 Pair Loss:0.5404 KL Loss:3.1660 Recon Loss:0.1225 Acc:0.0008 Acc NCE:0.1414
=> Test at epoch 65
==========Test with latent_z: z_c =========
==========Test with NCE LOSS=========
Extracted features for query set, obtained torch.Size([2709, 128]) matrix
Extracted features for gallery set, obtained torch.Size([2000, 128]) matrix
Extracting features complete in 0m 4s
Distance computing in 0m 0s
Results ---------------------------------------------------
top1:4.4% top5:12.8% top10:19.0% top20:28.0% mAP:6.9%
-----------------------------------------------------------
Using 0m 0s
Classifier results ---------------------------------------------------
Query acc: 1.4% Gallery acc: 13.4% Total acc: 7.4%
The test feature is normalized
The number of query sketch samples: 2709
The number of gallery rgb samples: 2000
==========Test with latent_z: new_z =========
==========Test with NCE LOSS=========
Extracted features for query set, obtained torch.Size([2709, 192]) matrix
Extracted features for gallery set, obtained torch.Size([2000, 192]) matrix
Extracting features complete in 0m 5s
Distance computing in 0m 0s
Results ---------------------------------------------------
top1:0.2% top5:0.5% top10:1.0% top20:2.1% mAP:0.5%
-----------------------------------------------------------
Using 0m 0s
Classifier results ---------------------------------------------------
Query acc: 1.4% Gallery acc: 13.4% Total acc: 7.4%
Epoch:66 Time:7.1 Data:0.0 Loss:17.9275 Cls Loss:6.9038 Pair Loss:0.5426 KL Loss:3.6054 Recon Loss:0.1225 Acc:0.0005 Acc NCE:0.1499
Epoch:67 Time:6.3 Data:0.0 Loss:17.8440 Cls Loss:6.9037 Pair Loss:0.5398 KL Loss:3.3324 Recon Loss:0.1225 Acc:0.0003 Acc NCE:0.1477
Epoch:68 Time:6.5 Data:0.0 Loss:17.1636 Cls Loss:6.9038 Pair Loss:0.5358 KL Loss:2.7952 Recon Loss:0.1225 Acc:0.0015 Acc NCE:0.1474
Epoch:69 Time:6.6 Data:0.0 Loss:16.9212 Cls Loss:6.9037 Pair Loss:0.5358 KL Loss:2.7923 Recon Loss:0.1225 Acc:0.0023 Acc NCE:0.1484
The test feature is normalized
The number of sketch samples: 1978
The number of rgb samples: 1990
/home/zhengwei/anaconda3/envs/yzwT2V/lib/python3.9/site-packages/numpy/lib/function_base.py:2853: RuntimeWarning: invalid value encountered in divide
  c /= stddev[:, None]
/home/zhengwei/anaconda3/envs/yzwT2V/lib/python3.9/site-packages/numpy/lib/function_base.py:2854: RuntimeWarning: invalid value encountered in divide
  c /= stddev[None, :]
Epoch:70 Time:46.8 Data:0.0 Loss:17.3035 Cls Loss:6.9038 Pair Loss:0.5397 KL Loss:2.9292 Recon Loss:0.1225 Acc:0.0013 Acc NCE:0.1510
=> Test at epoch 70
==========Test with latent_z: z_c =========
==========Test with NCE LOSS=========
Extracted features for query set, obtained torch.Size([2709, 128]) matrix
Extracted features for gallery set, obtained torch.Size([2000, 128]) matrix
Extracting features complete in 0m 7s
Distance computing in 0m 0s
Results ---------------------------------------------------
top1:4.7% top5:13.1% top10:20.5% top20:28.8% mAP:7.1%
-----------------------------------------------------------
Using 0m 0s
Classifier results ---------------------------------------------------
Query acc: 1.6% Gallery acc: 13.1% Total acc: 7.4%
The test feature is normalized
The number of query sketch samples: 2709
The number of gallery rgb samples: 2000
==========Test with latent_z: new_z =========
==========Test with NCE LOSS=========
Extracted features for query set, obtained torch.Size([2709, 192]) matrix
Extracted features for gallery set, obtained torch.Size([2000, 192]) matrix
Extracting features complete in 0m 5s
Distance computing in 0m 0s
Results ---------------------------------------------------
top1:0.1% top5:0.5% top10:0.9% top20:1.6% mAP:0.4%
-----------------------------------------------------------
Using 0m 0s
Classifier results ---------------------------------------------------
Query acc: 1.6% Gallery acc: 13.1% Total acc: 7.4%
Epoch:71 Time:6.6 Data:0.0 Loss:16.7191 Cls Loss:6.9039 Pair Loss:0.5382 KL Loss:2.7528 Recon Loss:0.1225 Acc:0.0008 Acc NCE:0.1588
Epoch:72 Time:6.2 Data:0.0 Loss:16.9494 Cls Loss:6.9038 Pair Loss:0.5393 KL Loss:2.8328 Recon Loss:0.1225 Acc:0.0003 Acc NCE:0.1565
Epoch:73 Time:6.4 Data:0.0 Loss:16.5385 Cls Loss:6.9039 Pair Loss:0.5339 KL Loss:2.9127 Recon Loss:0.1226 Acc:0.0005 Acc NCE:0.1449
Epoch:74 Time:6.1 Data:0.0 Loss:16.6488 Cls Loss:6.9038 Pair Loss:0.5380 KL Loss:2.9680 Recon Loss:0.1225 Acc:0.0010 Acc NCE:0.1610
Epoch:75 Time:6.5 Data:0.0 Loss:16.5810 Cls Loss:6.9038 Pair Loss:0.5342 KL Loss:2.6134 Recon Loss:0.1225 Acc:0.0013 Acc NCE:0.1739
=> Test at epoch 75
==========Test with latent_z: z_c =========
==========Test with NCE LOSS=========
Extracted features for query set, obtained torch.Size([2709, 128]) matrix
Extracted features for gallery set, obtained torch.Size([2000, 128]) matrix
Extracting features complete in 0m 4s
Distance computing in 0m 0s
Results ---------------------------------------------------
top1:4.6% top5:13.4% top10:19.9% top20:28.8% mAP:7.0%
-----------------------------------------------------------
Using 0m 0s
Classifier results ---------------------------------------------------
Query acc: 1.4% Gallery acc: 12.9% Total acc: 7.2%
The test feature is normalized
The number of query sketch samples: 2709
The number of gallery rgb samples: 2000
==========Test with latent_z: new_z =========
==========Test with NCE LOSS=========
Extracted features for query set, obtained torch.Size([2709, 192]) matrix
Extracted features for gallery set, obtained torch.Size([2000, 192]) matrix
Extracting features complete in 0m 5s
Distance computing in 0m 0s
Results ---------------------------------------------------
top1:0.1% top5:0.6% top10:0.9% top20:2.0% mAP:0.5%
-----------------------------------------------------------
Using 0m 0s
Classifier results ---------------------------------------------------
Query acc: 1.4% Gallery acc: 12.9% Total acc: 7.2%
Epoch:76 Time:6.8 Data:0.0 Loss:16.3903 Cls Loss:6.9039 Pair Loss:0.5363 KL Loss:3.0693 Recon Loss:0.1225 Acc:0.0003 Acc NCE:0.1641
Epoch:77 Time:6.7 Data:0.0 Loss:17.0362 Cls Loss:6.9039 Pair Loss:0.5372 KL Loss:2.9869 Recon Loss:0.1226 Acc:0.0005 Acc NCE:0.1545
Epoch:78 Time:6.4 Data:0.0 Loss:16.1748 Cls Loss:6.9039 Pair Loss:0.5383 KL Loss:2.3773 Recon Loss:0.1225 Acc:0.0010 Acc NCE:0.1731
Epoch:79 Time:6.2 Data:0.0 Loss:17.0821 Cls Loss:6.9037 Pair Loss:0.5319 KL Loss:3.6954 Recon Loss:0.1225 Acc:0.0008 Acc NCE:0.1724
The test feature is normalized
The number of sketch samples: 1978
The number of rgb samples: 1990
/home/zhengwei/anaconda3/envs/yzwT2V/lib/python3.9/site-packages/numpy/lib/function_base.py:2853: RuntimeWarning: invalid value encountered in divide
  c /= stddev[:, None]
/home/zhengwei/anaconda3/envs/yzwT2V/lib/python3.9/site-packages/numpy/lib/function_base.py:2854: RuntimeWarning: invalid value encountered in divide
  c /= stddev[None, :]
Epoch:80 Time:48.7 Data:0.0 Loss:16.5212 Cls Loss:6.9037 Pair Loss:0.5330 KL Loss:2.9137 Recon Loss:0.1225 Acc:0.0010 Acc NCE:0.1620
=> Test at epoch 80
==========Test with latent_z: z_c =========
==========Test with NCE LOSS=========
Extracted features for query set, obtained torch.Size([2709, 128]) matrix
Extracted features for gallery set, obtained torch.Size([2000, 128]) matrix
Extracting features complete in 0m 7s
Distance computing in 0m 0s
Results ---------------------------------------------------
top1:4.6% top5:12.9% top10:20.1% top20:28.7% mAP:7.0%
-----------------------------------------------------------
Using 0m 0s
Classifier results ---------------------------------------------------
Query acc: 1.5% Gallery acc: 12.1% Total acc: 6.8%
The test feature is normalized
The number of query sketch samples: 2709
The number of gallery rgb samples: 2000
==========Test with latent_z: new_z =========
==========Test with NCE LOSS=========
Extracted features for query set, obtained torch.Size([2709, 192]) matrix
Extracted features for gallery set, obtained torch.Size([2000, 192]) matrix
Extracting features complete in 0m 4s
Distance computing in 0m 0s
Results ---------------------------------------------------
top1:0.1% top5:0.8% top10:1.0% top20:2.0% mAP:0.5%
-----------------------------------------------------------
Using 0m 0s
Classifier results ---------------------------------------------------
Query acc: 1.5% Gallery acc: 12.1% Total acc: 6.8%
Epoch:81 Time:6.5 Data:0.0 Loss:16.1013 Cls Loss:6.9038 Pair Loss:0.5315 KL Loss:2.4201 Recon Loss:0.1225 Acc:0.0000 Acc NCE:0.1666
Epoch:82 Time:6.3 Data:0.0 Loss:16.3066 Cls Loss:6.9038 Pair Loss:0.5344 KL Loss:3.3126 Recon Loss:0.1226 Acc:0.0008 Acc NCE:0.1633
Epoch:83 Time:6.2 Data:0.0 Loss:15.7096 Cls Loss:6.9039 Pair Loss:0.5352 KL Loss:2.5670 Recon Loss:0.1226 Acc:0.0005 Acc NCE:0.1701
Epoch:84 Time:6.5 Data:0.0 Loss:15.7107 Cls Loss:6.9038 Pair Loss:0.5339 KL Loss:2.6105 Recon Loss:0.1226 Acc:0.0005 Acc NCE:0.1615
Epoch:85 Time:6.4 Data:0.0 Loss:15.8890 Cls Loss:6.9038 Pair Loss:0.5307 KL Loss:2.7380 Recon Loss:0.1226 Acc:0.0005 Acc NCE:0.1782
=> Test at epoch 85
==========Test with latent_z: z_c =========
==========Test with NCE LOSS=========
Extracted features for query set, obtained torch.Size([2709, 128]) matrix
Extracted features for gallery set, obtained torch.Size([2000, 128]) matrix
Extracting features complete in 0m 4s
Distance computing in 0m 0s
Results ---------------------------------------------------
top1:4.7% top5:12.7% top10:19.7% top20:28.4% mAP:6.9%
-----------------------------------------------------------
Using 0m 0s
Classifier results ---------------------------------------------------
Query acc: 1.3% Gallery acc: 12.6% Total acc: 7.0%
The test feature is normalized
The number of query sketch samples: 2709
The number of gallery rgb samples: 2000
==========Test with latent_z: new_z =========
==========Test with NCE LOSS=========
Extracted features for query set, obtained torch.Size([2709, 192]) matrix
Extracted features for gallery set, obtained torch.Size([2000, 192]) matrix
Extracting features complete in 0m 5s
Distance computing in 0m 0s
Results ---------------------------------------------------
top1:0.0% top5:0.4% top10:1.0% top20:1.8% mAP:0.4%
-----------------------------------------------------------
Using 0m 0s
Classifier results ---------------------------------------------------
Query acc: 1.3% Gallery acc: 12.7% Total acc: 7.0%
Epoch:86 Time:6.4 Data:0.0 Loss:16.3205 Cls Loss:6.9037 Pair Loss:0.5377 KL Loss:3.0381 Recon Loss:0.1223 Acc:0.0003 Acc NCE:0.1620
Epoch:87 Time:6.3 Data:0.0 Loss:16.8712 Cls Loss:6.9039 Pair Loss:0.5363 KL Loss:3.3358 Recon Loss:0.1225 Acc:0.0008 Acc NCE:0.1774
Epoch:88 Time:6.5 Data:0.0 Loss:16.2841 Cls Loss:6.9039 Pair Loss:0.5366 KL Loss:3.0867 Recon Loss:0.1226 Acc:0.0005 Acc NCE:0.1724
Epoch:89 Time:6.3 Data:0.0 Loss:15.9046 Cls Loss:6.9037 Pair Loss:0.5315 KL Loss:3.0344 Recon Loss:0.1226 Acc:0.0015 Acc NCE:0.1721
The test feature is normalized
The number of sketch samples: 1983
The number of rgb samples: 1985
/home/zhengwei/anaconda3/envs/yzwT2V/lib/python3.9/site-packages/numpy/lib/function_base.py:2853: RuntimeWarning: invalid value encountered in divide
  c /= stddev[:, None]
/home/zhengwei/anaconda3/envs/yzwT2V/lib/python3.9/site-packages/numpy/lib/function_base.py:2854: RuntimeWarning: invalid value encountered in divide
  c /= stddev[None, :]
Epoch:90 Time:46.5 Data:0.0 Loss:14.8734 Cls Loss:6.9038 Pair Loss:0.5351 KL Loss:2.1758 Recon Loss:0.1225 Acc:0.0020 Acc NCE:0.1691
=> Test at epoch 90
==========Test with latent_z: z_c =========
==========Test with NCE LOSS=========
Extracted features for query set, obtained torch.Size([2709, 128]) matrix
Extracted features for gallery set, obtained torch.Size([2000, 128]) matrix
Extracting features complete in 0m 5s
Distance computing in 0m 0s
Results ---------------------------------------------------
top1:4.4% top5:12.7% top10:18.9% top20:28.4% mAP:6.8%
-----------------------------------------------------------
Using 0m 0s
Classifier results ---------------------------------------------------
Query acc: 1.2% Gallery acc: 11.3% Total acc: 6.2%
The test feature is normalized
The number of query sketch samples: 2709
The number of gallery rgb samples: 2000
==========Test with latent_z: new_z =========
==========Test with NCE LOSS=========
Extracted features for query set, obtained torch.Size([2709, 192]) matrix
Extracted features for gallery set, obtained torch.Size([2000, 192]) matrix
Extracting features complete in 0m 4s
Distance computing in 0m 0s
Results ---------------------------------------------------
top1:0.3% top5:0.7% top10:1.4% top20:2.4% mAP:0.6%
-----------------------------------------------------------
Using 0m 0s
Classifier results ---------------------------------------------------
Query acc: 1.2% Gallery acc: 11.3% Total acc: 6.2%
Epoch:91 Time:6.8 Data:0.0 Loss:15.5878 Cls Loss:6.9037 Pair Loss:0.5349 KL Loss:2.7320 Recon Loss:0.1225 Acc:0.0008 Acc NCE:0.1696
Epoch:92 Time:6.4 Data:0.0 Loss:15.9941 Cls Loss:6.9038 Pair Loss:0.5333 KL Loss:3.0498 Recon Loss:0.1225 Acc:0.0013 Acc NCE:0.1668
Epoch:93 Time:6.7 Data:0.0 Loss:16.1828 Cls Loss:6.9038 Pair Loss:0.5375 KL Loss:3.0538 Recon Loss:0.1226 Acc:0.0005 Acc NCE:0.1762
Epoch:94 Time:6.1 Data:0.0 Loss:15.3913 Cls Loss:6.9039 Pair Loss:0.5324 KL Loss:2.5877 Recon Loss:0.1226 Acc:0.0003 Acc NCE:0.1739
Epoch:95 Time:6.5 Data:0.0 Loss:16.1662 Cls Loss:6.9040 Pair Loss:0.5352 KL Loss:3.2002 Recon Loss:0.1226 Acc:0.0008 Acc NCE:0.1726
=> Test at epoch 95
==========Test with latent_z: z_c =========
==========Test with NCE LOSS=========
Extracted features for query set, obtained torch.Size([2709, 128]) matrix
Extracted features for gallery set, obtained torch.Size([2000, 128]) matrix
Extracting features complete in 0m 4s
Distance computing in 0m 0s
Results ---------------------------------------------------
top1:4.2% top5:12.4% top10:19.1% top20:27.1% mAP:6.6%
-----------------------------------------------------------
Using 0m 0s
Classifier results ---------------------------------------------------
Query acc: 1.0% Gallery acc: 11.7% Total acc: 6.4%
The test feature is normalized
The number of query sketch samples: 2709
The number of gallery rgb samples: 2000
==========Test with latent_z: new_z =========
==========Test with NCE LOSS=========
Extracted features for query set, obtained torch.Size([2709, 192]) matrix
Extracted features for gallery set, obtained torch.Size([2000, 192]) matrix
Extracting features complete in 0m 4s
Distance computing in 0m 0s
Results ---------------------------------------------------
top1:0.3% top5:0.8% top10:1.1% top20:2.2% mAP:0.6%
-----------------------------------------------------------
Using 0m 0s
Classifier results ---------------------------------------------------
Query acc: 1.0% Gallery acc: 11.7% Total acc: 6.4%
Epoch:96 Time:6.5 Data:0.0 Loss:15.6799 Cls Loss:6.9039 Pair Loss:0.5381 KL Loss:3.1478 Recon Loss:0.1226 Acc:0.0005 Acc NCE:0.1661
Epoch:97 Time:6.1 Data:0.0 Loss:15.8697 Cls Loss:6.9038 Pair Loss:0.5344 KL Loss:3.1215 Recon Loss:0.1226 Acc:0.0010 Acc NCE:0.1772
Epoch:98 Time:6.2 Data:0.0 Loss:15.9732 Cls Loss:6.9039 Pair Loss:0.5354 KL Loss:3.0392 Recon Loss:0.1226 Acc:0.0013 Acc NCE:0.1689
Epoch:99 Time:6.1 Data:0.0 Loss:15.6128 Cls Loss:6.9038 Pair Loss:0.5345 KL Loss:2.8674 Recon Loss:0.1227 Acc:0.0020 Acc NCE:0.1820
The test feature is normalized
The number of sketch samples: 1977
The number of rgb samples: 1991
/home/zhengwei/anaconda3/envs/yzwT2V/lib/python3.9/site-packages/numpy/lib/function_base.py:2853: RuntimeWarning: invalid value encountered in divide
  c /= stddev[:, None]
/home/zhengwei/anaconda3/envs/yzwT2V/lib/python3.9/site-packages/numpy/lib/function_base.py:2854: RuntimeWarning: invalid value encountered in divide
  c /= stddev[None, :]
Epoch:100 Time:46.2 Data:0.0 Loss:15.8872 Cls Loss:6.9038 Pair Loss:0.5345 KL Loss:2.9607 Recon Loss:0.1227 Acc:0.0015 Acc NCE:0.1812
=> Test at epoch 100
==========Test with latent_z: z_c =========
==========Test with NCE LOSS=========
Extracted features for query set, obtained torch.Size([2709, 128]) matrix
Extracted features for gallery set, obtained torch.Size([2000, 128]) matrix
Extracting features complete in 0m 6s
Distance computing in 0m 0s
Results ---------------------------------------------------
top1:4.4% top5:13.2% top10:19.3% top20:28.5% mAP:6.9%
-----------------------------------------------------------
Using 0m 0s
Classifier results ---------------------------------------------------
Query acc: 1.1% Gallery acc: 10.7% Total acc: 5.9%
The test feature is normalized
The number of query sketch samples: 2709
The number of gallery rgb samples: 2000
==========Test with latent_z: new_z =========
==========Test with NCE LOSS=========
Extracted features for query set, obtained torch.Size([2709, 192]) matrix
Extracted features for gallery set, obtained torch.Size([2000, 192]) matrix
Extracting features complete in 0m 5s
Distance computing in 0m 0s
Results ---------------------------------------------------
top1:0.0% top5:0.3% top10:0.8% top20:2.0% mAP:0.4%
-----------------------------------------------------------
Using 0m 0s
Classifier results ---------------------------------------------------
Query acc: 1.1% Gallery acc: 10.7% Total acc: 5.9%
Epoch:101 Time:6.5 Data:0.0 Loss:15.3792 Cls Loss:6.9039 Pair Loss:0.5334 KL Loss:2.9191 Recon Loss:0.1226 Acc:0.0003 Acc NCE:0.1759
Epoch:102 Time:6.5 Data:0.0 Loss:16.1020 Cls Loss:6.9038 Pair Loss:0.5339 KL Loss:3.0394 Recon Loss:0.1226 Acc:0.0015 Acc NCE:0.1870
Epoch:103 Time:6.1 Data:0.0 Loss:15.9803 Cls Loss:6.9038 Pair Loss:0.5372 KL Loss:3.1382 Recon Loss:0.1226 Acc:0.0013 Acc NCE:0.1855
Epoch:104 Time:6.4 Data:0.0 Loss:15.1969 Cls Loss:6.9037 Pair Loss:0.5357 KL Loss:2.6639 Recon Loss:0.1226 Acc:0.0005 Acc NCE:0.1704
Epoch:105 Time:6.0 Data:0.0 Loss:16.1346 Cls Loss:6.9037 Pair Loss:0.5345 KL Loss:3.5436 Recon Loss:0.1226 Acc:0.0010 Acc NCE:0.1802
=> Test at epoch 105
==========Test with latent_z: z_c =========
==========Test with NCE LOSS=========
Extracted features for query set, obtained torch.Size([2709, 128]) matrix
Extracted features for gallery set, obtained torch.Size([2000, 128]) matrix
Extracting features complete in 0m 3s
Distance computing in 0m 0s
Results ---------------------------------------------------
top1:4.2% top5:13.0% top10:19.1% top20:27.4% mAP:6.7%
-----------------------------------------------------------
Using 0m 0s
Classifier results ---------------------------------------------------
Query acc: 1.1% Gallery acc: 10.3% Total acc: 5.7%
The test feature is normalized
The number of query sketch samples: 2709
The number of gallery rgb samples: 2000
==========Test with latent_z: new_z =========
==========Test with NCE LOSS=========
Extracted features for query set, obtained torch.Size([2709, 192]) matrix
Extracted features for gallery set, obtained torch.Size([2000, 192]) matrix
Extracting features complete in 0m 5s
Distance computing in 0m 0s
Results ---------------------------------------------------
top1:0.1% top5:0.6% top10:1.4% top20:2.3% mAP:0.5%
-----------------------------------------------------------
Using 0m 0s
Classifier results ---------------------------------------------------
Query acc: 1.1% Gallery acc: 10.3% Total acc: 5.7%
Epoch:106 Time:6.4 Data:0.0 Loss:15.4769 Cls Loss:6.9038 Pair Loss:0.5338 KL Loss:2.7486 Recon Loss:0.1226 Acc:0.0010 Acc NCE:0.1744
Epoch:107 Time:6.7 Data:0.0 Loss:15.3837 Cls Loss:6.9038 Pair Loss:0.5321 KL Loss:2.8326 Recon Loss:0.1226 Acc:0.0005 Acc NCE:0.1769
Epoch:108 Time:6.5 Data:0.0 Loss:15.3639 Cls Loss:6.9038 Pair Loss:0.5316 KL Loss:3.0562 Recon Loss:0.1226 Acc:0.0018 Acc NCE:0.1809
Epoch:109 Time:6.5 Data:0.0 Loss:15.4840 Cls Loss:6.9039 Pair Loss:0.5348 KL Loss:2.8850 Recon Loss:0.1227 Acc:0.0008 Acc NCE:0.1860
The test feature is normalized
The number of sketch samples: 1981
The number of rgb samples: 1987
/home/zhengwei/anaconda3/envs/yzwT2V/lib/python3.9/site-packages/numpy/lib/function_base.py:2853: RuntimeWarning: invalid value encountered in divide
  c /= stddev[:, None]
/home/zhengwei/anaconda3/envs/yzwT2V/lib/python3.9/site-packages/numpy/lib/function_base.py:2854: RuntimeWarning: invalid value encountered in divide
  c /= stddev[None, :]
Epoch:110 Time:46.1 Data:0.0 Loss:15.6380 Cls Loss:6.9037 Pair Loss:0.5274 KL Loss:2.9700 Recon Loss:0.1225 Acc:0.0008 Acc NCE:0.1880
=> Test at epoch 110
==========Test with latent_z: z_c =========
==========Test with NCE LOSS=========
Extracted features for query set, obtained torch.Size([2709, 128]) matrix
Extracted features for gallery set, obtained torch.Size([2000, 128]) matrix
Extracting features complete in 0m 7s
Distance computing in 0m 0s
Results ---------------------------------------------------
top1:4.5% top5:13.0% top10:18.9% top20:27.7% mAP:6.8%
-----------------------------------------------------------
Using 0m 0s
Classifier results ---------------------------------------------------
Query acc: 1.1% Gallery acc: 11.3% Total acc: 6.2%
The test feature is normalized
The number of query sketch samples: 2709
The number of gallery rgb samples: 2000
==========Test with latent_z: new_z =========
==========Test with NCE LOSS=========
Extracted features for query set, obtained torch.Size([2709, 192]) matrix
Extracted features for gallery set, obtained torch.Size([2000, 192]) matrix
Extracting features complete in 0m 4s
Distance computing in 0m 0s
Results ---------------------------------------------------
top1:0.1% top5:0.7% top10:1.1% top20:2.3% mAP:0.5%
-----------------------------------------------------------
Using 0m 0s
Classifier results ---------------------------------------------------
Query acc: 1.1% Gallery acc: 11.3% Total acc: 6.2%
Epoch:111 Time:6.8 Data:0.0 Loss:15.5501 Cls Loss:6.9038 Pair Loss:0.5350 KL Loss:2.8867 Recon Loss:0.1225 Acc:0.0013 Acc NCE:0.1872
Epoch:112 Time:6.6 Data:0.0 Loss:15.2362 Cls Loss:6.9039 Pair Loss:0.5332 KL Loss:2.6734 Recon Loss:0.1226 Acc:0.0015 Acc NCE:0.1827
Epoch:113 Time:6.5 Data:0.0 Loss:15.1984 Cls Loss:6.9038 Pair Loss:0.5340 KL Loss:3.0884 Recon Loss:0.1226 Acc:0.0010 Acc NCE:0.1815
Epoch:114 Time:6.5 Data:0.0 Loss:15.5099 Cls Loss:6.9037 Pair Loss:0.5331 KL Loss:3.3313 Recon Loss:0.1226 Acc:0.0003 Acc NCE:0.1807
Epoch:115 Time:6.4 Data:0.0 Loss:15.1250 Cls Loss:6.9038 Pair Loss:0.5349 KL Loss:2.9622 Recon Loss:0.1226 Acc:0.0008 Acc NCE:0.1807
=> Test at epoch 115
==========Test with latent_z: z_c =========
==========Test with NCE LOSS=========
Extracted features for query set, obtained torch.Size([2709, 128]) matrix
Extracted features for gallery set, obtained torch.Size([2000, 128]) matrix
Extracting features complete in 0m 4s
Distance computing in 0m 0s
Results ---------------------------------------------------
top1:4.5% top5:13.1% top10:19.0% top20:27.5% mAP:6.7%
-----------------------------------------------------------
Using 0m 0s
Classifier results ---------------------------------------------------
Query acc: 1.0% Gallery acc: 10.3% Total acc: 5.7%
The test feature is normalized
The number of query sketch samples: 2709
The number of gallery rgb samples: 2000
==========Test with latent_z: new_z =========
==========Test with NCE LOSS=========
Extracted features for query set, obtained torch.Size([2709, 192]) matrix
Extracted features for gallery set, obtained torch.Size([2000, 192]) matrix
Extracting features complete in 0m 5s
Distance computing in 0m 0s
Results ---------------------------------------------------
top1:0.1% top5:0.2% top10:0.7% top20:1.4% mAP:0.4%
-----------------------------------------------------------
Using 0m 0s
Classifier results ---------------------------------------------------
Query acc: 1.0% Gallery acc: 10.3% Total acc: 5.7%
Epoch:116 Time:6.4 Data:0.0 Loss:15.2665 Cls Loss:6.9038 Pair Loss:0.5386 KL Loss:2.8810 Recon Loss:0.1226 Acc:0.0010 Acc NCE:0.1802
Epoch:117 Time:6.4 Data:0.0 Loss:15.8098 Cls Loss:6.9039 Pair Loss:0.5351 KL Loss:3.0536 Recon Loss:0.1227 Acc:0.0010 Acc NCE:0.1794
Epoch:118 Time:6.9 Data:0.0 Loss:14.9368 Cls Loss:6.9038 Pair Loss:0.5359 KL Loss:2.7910 Recon Loss:0.1226 Acc:0.0003 Acc NCE:0.1807
Epoch:119 Time:6.2 Data:0.0 Loss:15.3900 Cls Loss:6.9037 Pair Loss:0.5302 KL Loss:3.1334 Recon Loss:0.1227 Acc:0.0008 Acc NCE:0.1830
The test feature is normalized
The number of sketch samples: 1977
The number of rgb samples: 1991
/home/zhengwei/anaconda3/envs/yzwT2V/lib/python3.9/site-packages/numpy/lib/function_base.py:2853: RuntimeWarning: invalid value encountered in divide
  c /= stddev[:, None]
/home/zhengwei/anaconda3/envs/yzwT2V/lib/python3.9/site-packages/numpy/lib/function_base.py:2854: RuntimeWarning: invalid value encountered in divide
  c /= stddev[None, :]
Epoch:120 Time:46.3 Data:0.0 Loss:15.2363 Cls Loss:6.9038 Pair Loss:0.5369 KL Loss:2.9325 Recon Loss:0.1226 Acc:0.0005 Acc NCE:0.1847
=> Test at epoch 120
==========Test with latent_z: z_c =========
==========Test with NCE LOSS=========
Extracted features for query set, obtained torch.Size([2709, 128]) matrix
Extracted features for gallery set, obtained torch.Size([2000, 128]) matrix
Extracting features complete in 0m 5s
Distance computing in 0m 0s
Results ---------------------------------------------------
top1:4.7% top5:13.0% top10:19.6% top20:28.3% mAP:6.9%
-----------------------------------------------------------
Using 0m 0s
Classifier results ---------------------------------------------------
Query acc: 1.2% Gallery acc: 10.2% Total acc: 5.7%
The test feature is normalized
The number of query sketch samples: 2709
The number of gallery rgb samples: 2000
==========Test with latent_z: new_z =========
==========Test with NCE LOSS=========
Extracted features for query set, obtained torch.Size([2709, 192]) matrix
Extracted features for gallery set, obtained torch.Size([2000, 192]) matrix
Extracting features complete in 0m 5s
Distance computing in 0m 0s
Results ---------------------------------------------------
top1:0.0% top5:0.3% top10:0.9% top20:1.8% mAP:0.4%
-----------------------------------------------------------
Using 0m 0s
Classifier results ---------------------------------------------------
Query acc: 1.2% Gallery acc: 10.2% Total acc: 5.7%
=> Best Rank-1 4.7%, mAP 7.1% achieved at epoch 70
Finished. Total elapsed time (h:m:s): 0:28:48. Training time (h:m:s): 0:21:32.
Shutting down background jobs, please wait a moment...
Done!
Waiting for the remaining 33 operations to synchronize with Neptune. Do not kill this process.
All 33 operations synced, thanks for waiting!
Explore the metadata in the Neptune app:
https://app.neptune.ai/Zhengwei-Lab/MayCVAE/e/MAY-168/metadata
