https://app.neptune.ai/Zhengwei-Lab/MayCVAE/e/MAY-162
=> merge config from ./configs/clipreid_cvae_kl.yaml
/home/zhengwei/Desktop/Zhengwei/Projects/CVAE/main.py:90: NeptuneUnsupportedType: You're attempting to log a type that is not directly supported by Neptune (<class 'list'>).
        Convert the value to a supported type, such as a string or float, or use stringify_unsupported(obj)
        for dictionaries or collections that contain unsupported values.
        For more, see https://docs.neptune.ai/help/value_of_unsupported_type
  run["parameters"] = param
=> Configurations:
-------------------------
AMP: True
AUG:
  RC_PROB: 0.5
  RE_PROB: 0.5
DATA:
  CUHK03_CLASSIC_SPLIT: False
  CUHK03_LABELED: False
  DATASET: market1k
  FORMAT_TAG: tensor
  HEIGHT: 256
  NUM_INSTANCES: 4
  NUM_WORKERS: 4
  ROOT: /home/zhengwei/Desktop/Zhengwei/Projects/datasets
  SPLIT_ID: 0
  TEST_BATCH: 512
  TRAIN_BATCH: 64
  TRAIN_FORMAT: novel
  WIDTH: 128
EVAL_MODE: False
GPU: 0
LOSS:
  CLA_LOSS: crossentropy
  CLA_M: 0.0
  CLA_S: 16.0
  PAIR_LOSS: triplet
  PAIR_M: 0.3
  PAIR_S: 16.0
  RECON_LOSS: mse
MODEL:
  CONDITIONAL: False
  FEATURE_DIM: 1280
  FEAT_FUSION: True
  FLOW_TYPE: 
  GAUSSIAN: MultivariateNormal
  HIDDEN_DIM: 256
  LATENT_SIZE: 64
  NAME: CVAE
  ONLY_CVAE_KL: False
  ONLY_X_INPUT: False
  PRETRAIN: CLIPreidNew
  RES4_STRIDE: 1
  RESUME: /home/zhengwei/Desktop/Zhengwei/Projects/CVAE/outputs/market1k/clipreid_simplevae/novel/2024-06-08/SimpleVAE+2E_128+64z_1e3+3_60+120_SingleCls_ce_KLtotalZ_nocls
  TRAIN_STAGE: reidstage
  USE_CENTROID: False
  VAE_TYPE: SinpleVAE
  ZC_DIM: 128
  ZS_DIM: 64
OUTPUT: ./outputs/market1k/clipreid_simplevae/novel/2024-06-08/SimpleVAE+2E_128+64z_1e3+3_60+120_SingleCls_ce_KLtotalZ_S2cls
SAVED_NAME: SimpleVAE+2E_128+64z_1e3+3_60+120_SingleCls_ce_KLtotalZ_S2cls
SEED: 0
TAG: clipreid_simplevae
TEST:
  DISTANCE: cosine
  EVAL_STEP: 5
  START_EVAL: -1
TRAIN:
  AMP: False
  LR_SCHEDULER:
    DECAY_RATE: 0.1
    NAME: MultiStepLR
    STEPSIZE: [60]
  MAX_EPOCH: 120
  OPTIMIZER:
    LR: 0.001
    NAME: adam
    SGDLR: 0.01
    SGD_MOMENTUM: 0.9
    SGD_WEIGHT_DECAY: 0.0005
    WEIGHT_DECAY: 0.0001
  START_EPOCH: 0
----------------------
Initializing dataset market1k
Warning: string series 'monitoring/ea86e67e/stdout' value was longer than 1000 characters and was truncated. This warning is printed only once per series.
=> Market-Sketch-1K tensor loaded
Dataset statistics:
  ------------------------------
  subset   | # ids | # images
  ------------------------------
  train    |   996 |     3992
  query    |   996 |     2709
  gallery  |   996 |     2000
  ------------------------------
  total    |  1992 |     8701
  ------------------------------
Initializing SinpleVAE model with 2 encoders
Model size: 11.80064M
Classifier size: 0.12749M
=> Start Training Classifier Only
Loading checkpoint from '/home/zhengwei/Desktop/Zhengwei/Projects/CVAE/outputs/market1k/clipreid_simplevae/novel/2024-06-08/SimpleVAE+2E_128+64z_1e3+3_60+120_SingleCls_ce_KLtotalZ_nocls.best_model.pth.tar'
orginal best rank1 = 0.0070136581764488745
=> Start evaluation on Novel data without finetuning
=> Test pretarined feature form VLP model
Normalizing features
Normalizing features
Extracted features for query set, obtained torch.Size([2709, 1280]) matrix
Extracted features for gallery set, obtained torch.Size([2000, 1280]) matrix
Extracting features complete in 0m 4s
Distance computing in 0m 1s
Computing CMC and mAP
Results ---------------------------------------------------
top1:3.7% top5:8.7% top10:13.0% top20:19.0% mAP:4.8%
-----------------------------------------------------------
Using 0m 0s
==========Test with latent_z: new_z =========
Extracted features for query set, obtained torch.Size([2709, 192]) matrix
Extracted features for gallery set, obtained torch.Size([2000, 192]) matrix
Extracting features complete in 0m 3s
Distance computing in 0m 0s
Results ---------------------------------------------------
top1:0.2% top5:1.4% top10:2.8% top20:5.1% mAP:0.9%
-----------------------------------------------------------
Using 0m 0s
Classifier results ---------------------------------------------------
Query acc: 0.2% Gallery acc: 0.1% Total acc: 0.1%
==========Test with latent_z: mu =========
Extracted features for query set, obtained torch.Size([2709, 192]) matrix
Extracted features for gallery set, obtained torch.Size([2000, 192]) matrix
Extracting features complete in 0m 4s
Distance computing in 0m 0s
Results ---------------------------------------------------
top1:1.3% top5:4.3% top10:6.8% top20:10.0% mAP:2.3%
-----------------------------------------------------------
Using 0m 0s
Classifier results ---------------------------------------------------
Query acc: 0.2% Gallery acc: 0.2% Total acc: 0.2%
==========Test with latent_z: z_c =========
Extracted features for query set, obtained torch.Size([2709, 128]) matrix
Extracted features for gallery set, obtained torch.Size([2000, 128]) matrix
Extracting features complete in 0m 3s
Distance computing in 0m 0s
Results ---------------------------------------------------
top1:0.6% top5:2.3% top10:4.5% top20:7.2% mAP:1.4%
-----------------------------------------------------------
Using 0m 0s
Classifier results ---------------------------------------------------
Query acc: 0.0% Gallery acc: 0.2% Total acc: 0.1%
The test feature is normalized
The number of query sketch samples: 2709
The number of gallery rgb samples: 2000
==========Test with latent_z: x_pre =========
Extracted features for query set, obtained torch.Size([2709, 512]) matrix
Extracted features for gallery set, obtained torch.Size([2000, 512]) matrix
Extracting features complete in 0m 5s
Distance computing in 0m 0s
Results ---------------------------------------------------
top1:0.7% top5:2.4% top10:3.9% top20:6.6% mAP:1.5%
-----------------------------------------------------------
Using 0m 0s
Classifier results ---------------------------------------------------
Query acc: 0.0% Gallery acc: 0.1% Total acc: 0.1%
=> Start training
Epoch:1 Time:3.0 Data:0.0 Loss:8.4872 Cls Loss:8.4872 Pair Loss:0.7206 KL Loss:377.5882 Recon Loss:0.1196 Acc:0.0003 
Epoch:2 Time:3.6 Data:0.0 Loss:6.8504 Cls Loss:6.8504 Pair Loss:0.7222 KL Loss:379.9199 Recon Loss:0.1197 Acc:0.0093 
Epoch:3 Time:3.4 Data:0.0 Loss:6.3373 Cls Loss:6.3373 Pair Loss:0.7206 KL Loss:375.7056 Recon Loss:0.1197 Acc:0.0224 
Epoch:4 Time:3.4 Data:0.0 Loss:5.9748 Cls Loss:5.9748 Pair Loss:0.7215 KL Loss:380.8970 Recon Loss:0.1197 Acc:0.0565 
Epoch:5 Time:3.4 Data:0.0 Loss:5.6643 Cls Loss:5.6643 Pair Loss:0.7224 KL Loss:377.8052 Recon Loss:0.1196 Acc:0.0746 
=> Test at epoch 5
==========Test with latent_z: z_c =========
Extracted features for query set, obtained torch.Size([2709, 128]) matrix
Extracted features for gallery set, obtained torch.Size([2000, 128]) matrix
Extracting features complete in 0m 4s
Distance computing in 0m 0s
Results ---------------------------------------------------
top1:0.5% top5:2.0% top10:3.5% top20:6.3% mAP:1.2%
-----------------------------------------------------------
Using 0m 0s
Classifier results ---------------------------------------------------
Query acc: 1.4% Gallery acc: 43.9% Total acc: 22.6%
The test feature is normalized
The number of query sketch samples: 2709
The number of gallery rgb samples: 2000
==========Test with latent_z: new_z =========
Extracted features for query set, obtained torch.Size([2709, 192]) matrix
Extracted features for gallery set, obtained torch.Size([2000, 192]) matrix
Extracting features complete in 0m 4s
Distance computing in 0m 0s
Results ---------------------------------------------------
top1:0.4% top5:1.8% top10:2.8% top20:4.6% mAP:1.0%
-----------------------------------------------------------
Using 0m 0s
Classifier results ---------------------------------------------------
Query acc: 1.7% Gallery acc: 43.5% Total acc: 22.6%
Epoch:6 Time:3.9 Data:0.0 Loss:5.3973 Cls Loss:5.3973 Pair Loss:0.7246 KL Loss:374.9260 Recon Loss:0.1196 Acc:0.1064 
Epoch:7 Time:3.3 Data:0.0 Loss:5.1497 Cls Loss:5.1497 Pair Loss:0.7193 KL Loss:374.0645 Recon Loss:0.1196 Acc:0.1472 
Epoch:8 Time:3.4 Data:0.0 Loss:4.9495 Cls Loss:4.9495 Pair Loss:0.7223 KL Loss:370.4251 Recon Loss:0.1197 Acc:0.1764 
Epoch:9 Time:3.3 Data:0.0 Loss:4.7585 Cls Loss:4.7585 Pair Loss:0.7226 KL Loss:372.7001 Recon Loss:0.1197 Acc:0.2031 
Epoch:10 Time:3.5 Data:0.0 Loss:4.5742 Cls Loss:4.5742 Pair Loss:0.7219 KL Loss:381.6867 Recon Loss:0.1196 Acc:0.2306 
=> Test at epoch 10
==========Test with latent_z: z_c =========
Extracted features for query set, obtained torch.Size([2709, 128]) matrix
Extracted features for gallery set, obtained torch.Size([2000, 128]) matrix
Extracting features complete in 0m 4s
Distance computing in 0m 0s
Results ---------------------------------------------------
top1:0.7% top5:2.1% top10:3.7% top20:6.9% mAP:1.4%
-----------------------------------------------------------
Using 0m 0s
Classifier results ---------------------------------------------------
Query acc: 2.0% Gallery acc: 68.4% Total acc: 35.2%
The test feature is normalized
The number of query sketch samples: 2709
The number of gallery rgb samples: 2000
==========Test with latent_z: new_z =========
Extracted features for query set, obtained torch.Size([2709, 192]) matrix
Extracted features for gallery set, obtained torch.Size([2000, 192]) matrix
Extracting features complete in 0m 5s
Distance computing in 0m 0s
Results ---------------------------------------------------
top1:0.3% top5:1.6% top10:2.8% top20:5.4% mAP:0.9%
-----------------------------------------------------------
Using 0m 0s
Classifier results ---------------------------------------------------
Query acc: 2.0% Gallery acc: 66.7% Total acc: 34.4%
Epoch:11 Time:4.0 Data:0.0 Loss:4.4239 Cls Loss:4.4239 Pair Loss:0.7247 KL Loss:378.5184 Recon Loss:0.1197 Acc:0.2525 
Epoch:12 Time:4.1 Data:0.0 Loss:4.2938 Cls Loss:4.2938 Pair Loss:0.7238 KL Loss:386.4234 Recon Loss:0.1197 Acc:0.2681 
Epoch:13 Time:3.5 Data:0.0 Loss:4.1791 Cls Loss:4.1791 Pair Loss:0.7197 KL Loss:371.7312 Recon Loss:0.1197 Acc:0.2858 
Epoch:14 Time:3.7 Data:0.0 Loss:4.0509 Cls Loss:4.0509 Pair Loss:0.7200 KL Loss:364.8971 Recon Loss:0.1197 Acc:0.3049 
Epoch:15 Time:3.7 Data:0.0 Loss:3.9580 Cls Loss:3.9580 Pair Loss:0.7222 KL Loss:377.7273 Recon Loss:0.1197 Acc:0.3155 
=> Test at epoch 15
==========Test with latent_z: z_c =========
Extracted features for query set, obtained torch.Size([2709, 128]) matrix
Extracted features for gallery set, obtained torch.Size([2000, 128]) matrix
Extracting features complete in 0m 4s
Distance computing in 0m 0s
Results ---------------------------------------------------
top1:0.4% top5:2.6% top10:4.0% top20:6.5% mAP:1.3%
-----------------------------------------------------------
Using 0m 0s
Classifier results ---------------------------------------------------
Query acc: 2.1% Gallery acc: 75.3% Total acc: 38.7%
The test feature is normalized
The number of query sketch samples: 2709
The number of gallery rgb samples: 2000
==========Test with latent_z: new_z =========
Extracted features for query set, obtained torch.Size([2709, 192]) matrix
Extracted features for gallery set, obtained torch.Size([2000, 192]) matrix
Extracting features complete in 0m 5s
Distance computing in 0m 0s
Results ---------------------------------------------------
top1:0.3% top5:1.8% top10:2.9% top20:5.3% mAP:1.0%
-----------------------------------------------------------
Using 0m 0s
Classifier results ---------------------------------------------------
Query acc: 2.3% Gallery acc: 75.2% Total acc: 38.8%
Epoch:16 Time:3.9 Data:0.0 Loss:3.8477 Cls Loss:3.8477 Pair Loss:0.7206 KL Loss:365.4575 Recon Loss:0.1196 Acc:0.3309 
Epoch:17 Time:3.5 Data:0.0 Loss:3.7468 Cls Loss:3.7468 Pair Loss:0.7221 KL Loss:384.0684 Recon Loss:0.1196 Acc:0.3495 
Epoch:18 Time:3.5 Data:0.0 Loss:3.6564 Cls Loss:3.6564 Pair Loss:0.7219 KL Loss:374.9338 Recon Loss:0.1196 Acc:0.3637 
Epoch:19 Time:3.5 Data:0.0 Loss:3.5783 Cls Loss:3.5783 Pair Loss:0.7213 KL Loss:370.7295 Recon Loss:0.1197 Acc:0.3702 
Epoch:20 Time:3.6 Data:0.0 Loss:3.5221 Cls Loss:3.5221 Pair Loss:0.7233 KL Loss:370.4524 Recon Loss:0.1196 Acc:0.3732 
=> Test at epoch 20
==========Test with latent_z: z_c =========
Extracted features for query set, obtained torch.Size([2709, 128]) matrix
Extracted features for gallery set, obtained torch.Size([2000, 128]) matrix
Extracting features complete in 0m 4s
Distance computing in 0m 0s
Results ---------------------------------------------------
top1:0.6% top5:2.4% top10:3.8% top20:6.6% mAP:1.3%
-----------------------------------------------------------
Using 0m 0s
Classifier results ---------------------------------------------------
Query acc: 2.5% Gallery acc: 80.3% Total acc: 41.4%
The test feature is normalized
The number of query sketch samples: 2709
The number of gallery rgb samples: 2000
==========Test with latent_z: new_z =========
Extracted features for query set, obtained torch.Size([2709, 192]) matrix
Extracted features for gallery set, obtained torch.Size([2000, 192]) matrix
Extracting features complete in 0m 5s
Distance computing in 0m 0s
Results ---------------------------------------------------
top1:0.3% top5:1.5% top10:2.6% top20:5.3% mAP:1.0%
-----------------------------------------------------------
Using 0m 0s
Classifier results ---------------------------------------------------
Query acc: 2.3% Gallery acc: 82.1% Total acc: 42.2%
Epoch:21 Time:4.0 Data:0.0 Loss:3.4421 Cls Loss:3.4421 Pair Loss:0.7216 KL Loss:375.0300 Recon Loss:0.1197 Acc:0.3906 
Epoch:22 Time:3.4 Data:0.0 Loss:3.3524 Cls Loss:3.3524 Pair Loss:0.7220 KL Loss:374.2237 Recon Loss:0.1197 Acc:0.3957 
Epoch:23 Time:3.3 Data:0.0 Loss:3.3012 Cls Loss:3.3012 Pair Loss:0.7206 KL Loss:374.0961 Recon Loss:0.1197 Acc:0.3999 
Epoch:24 Time:4.0 Data:0.0 Loss:3.2518 Cls Loss:3.2518 Pair Loss:0.7225 KL Loss:374.4180 Recon Loss:0.1196 Acc:0.4153 
Epoch:25 Time:3.4 Data:0.0 Loss:3.1946 Cls Loss:3.1946 Pair Loss:0.7248 KL Loss:360.1935 Recon Loss:0.1197 Acc:0.4287 
=> Test at epoch 25
==========Test with latent_z: z_c =========
Extracted features for query set, obtained torch.Size([2709, 128]) matrix
Extracted features for gallery set, obtained torch.Size([2000, 128]) matrix
Extracting features complete in 0m 4s
Distance computing in 0m 0s
Results ---------------------------------------------------
top1:0.6% top5:2.8% top10:4.2% top20:7.5% mAP:1.5%
-----------------------------------------------------------
Using 0m 0s
Classifier results ---------------------------------------------------
Query acc: 2.4% Gallery acc: 85.2% Total acc: 43.8%
The test feature is normalized
The number of query sketch samples: 2709
The number of gallery rgb samples: 2000
==========Test with latent_z: new_z =========
Extracted features for query set, obtained torch.Size([2709, 192]) matrix
Extracted features for gallery set, obtained torch.Size([2000, 192]) matrix
Extracting features complete in 0m 5s
Distance computing in 0m 0s
Results ---------------------------------------------------
top1:0.4% top5:1.5% top10:2.7% top20:5.1% mAP:1.0%
-----------------------------------------------------------
Using 0m 0s
Classifier results ---------------------------------------------------
Query acc: 2.4% Gallery acc: 84.4% Total acc: 43.4%
Epoch:26 Time:4.1 Data:0.0 Loss:3.1423 Cls Loss:3.1423 Pair Loss:0.7247 KL Loss:376.8262 Recon Loss:0.1197 Acc:0.4320 
Epoch:27 Time:4.4 Data:0.0 Loss:3.0890 Cls Loss:3.0890 Pair Loss:0.7233 KL Loss:368.2597 Recon Loss:0.1197 Acc:0.4274 
Epoch:28 Time:3.4 Data:0.0 Loss:3.0445 Cls Loss:3.0445 Pair Loss:0.7225 KL Loss:369.4518 Recon Loss:0.1197 Acc:0.4304 
Epoch:29 Time:3.5 Data:0.0 Loss:2.9859 Cls Loss:2.9859 Pair Loss:0.7238 KL Loss:365.7885 Recon Loss:0.1197 Acc:0.4521 
Epoch:30 Time:3.4 Data:0.0 Loss:2.9438 Cls Loss:2.9438 Pair Loss:0.7178 KL Loss:370.8434 Recon Loss:0.1196 Acc:0.4577 
=> Test at epoch 30
==========Test with latent_z: z_c =========
Extracted features for query set, obtained torch.Size([2709, 128]) matrix
Extracted features for gallery set, obtained torch.Size([2000, 128]) matrix
Extracting features complete in 0m 4s
Distance computing in 0m 0s
Results ---------------------------------------------------
top1:0.7% top5:2.1% top10:4.0% top20:6.7% mAP:1.4%
-----------------------------------------------------------
Using 0m 0s
Classifier results ---------------------------------------------------
Query acc: 2.8% Gallery acc: 85.3% Total acc: 44.0%
The test feature is normalized
The number of query sketch samples: 2709
The number of gallery rgb samples: 2000
==========Test with latent_z: new_z =========
Extracted features for query set, obtained torch.Size([2709, 192]) matrix
Extracted features for gallery set, obtained torch.Size([2000, 192]) matrix
Extracting features complete in 0m 5s
Distance computing in 0m 0s
Results ---------------------------------------------------
top1:0.3% top5:1.5% top10:2.7% top20:4.7% mAP:0.9%
-----------------------------------------------------------
Using 0m 0s
Classifier results ---------------------------------------------------
Query acc: 2.5% Gallery acc: 86.4% Total acc: 44.4%
Epoch:31 Time:4.0 Data:0.0 Loss:2.9239 Cls Loss:2.9239 Pair Loss:0.7214 KL Loss:374.7925 Recon Loss:0.1197 Acc:0.4551 
Epoch:32 Time:3.5 Data:0.0 Loss:2.8432 Cls Loss:2.8432 Pair Loss:0.7214 KL Loss:373.5431 Recon Loss:0.1197 Acc:0.4735 
Epoch:33 Time:3.4 Data:0.0 Loss:2.8281 Cls Loss:2.8281 Pair Loss:0.7205 KL Loss:368.2480 Recon Loss:0.1197 Acc:0.4743 
Epoch:34 Time:3.5 Data:0.0 Loss:2.7893 Cls Loss:2.7893 Pair Loss:0.7224 KL Loss:366.0567 Recon Loss:0.1197 Acc:0.4771 
Epoch:35 Time:3.7 Data:0.0 Loss:2.7768 Cls Loss:2.7768 Pair Loss:0.7225 KL Loss:364.6051 Recon Loss:0.1197 Acc:0.4773 
=> Test at epoch 35
==========Test with latent_z: z_c =========
Extracted features for query set, obtained torch.Size([2709, 128]) matrix
Extracted features for gallery set, obtained torch.Size([2000, 128]) matrix
Extracting features complete in 0m 4s
Distance computing in 0m 0s
Results ---------------------------------------------------
top1:0.5% top5:2.0% top10:3.5% top20:6.3% mAP:1.2%
-----------------------------------------------------------
Using 0m 0s
Classifier results ---------------------------------------------------
Query acc: 2.3% Gallery acc: 87.6% Total acc: 44.9%
The test feature is normalized
The number of query sketch samples: 2709
The number of gallery rgb samples: 2000
==========Test with latent_z: new_z =========
Extracted features for query set, obtained torch.Size([2709, 192]) matrix
Extracted features for gallery set, obtained torch.Size([2000, 192]) matrix
Extracting features complete in 0m 5s
Distance computing in 0m 0s
Results ---------------------------------------------------
top1:0.4% top5:1.6% top10:2.6% top20:5.3% mAP:1.0%
-----------------------------------------------------------
Using 0m 0s
Classifier results ---------------------------------------------------
Query acc: 2.6% Gallery acc: 88.4% Total acc: 45.5%
Epoch:36 Time:4.1 Data:0.0 Loss:2.7361 Cls Loss:2.7361 Pair Loss:0.7217 KL Loss:360.1314 Recon Loss:0.1197 Acc:0.4836 
Epoch:37 Time:3.5 Data:0.0 Loss:2.7023 Cls Loss:2.7023 Pair Loss:0.7215 KL Loss:368.4858 Recon Loss:0.1197 Acc:0.4884 
Epoch:38 Time:3.7 Data:0.0 Loss:2.6864 Cls Loss:2.6864 Pair Loss:0.7220 KL Loss:377.8495 Recon Loss:0.1197 Acc:0.4851 
Epoch:39 Time:3.5 Data:0.0 Loss:2.6242 Cls Loss:2.6242 Pair Loss:0.7206 KL Loss:364.7076 Recon Loss:0.1197 Acc:0.4985 
Epoch:40 Time:3.5 Data:0.0 Loss:2.6037 Cls Loss:2.6037 Pair Loss:0.7216 KL Loss:370.3686 Recon Loss:0.1197 Acc:0.4975 
=> Test at epoch 40
==========Test with latent_z: z_c =========
Extracted features for query set, obtained torch.Size([2709, 128]) matrix
Extracted features for gallery set, obtained torch.Size([2000, 128]) matrix
Extracting features complete in 0m 4s
Distance computing in 0m 0s
Results ---------------------------------------------------
top1:0.6% top5:2.2% top10:3.6% top20:6.3% mAP:1.3%
-----------------------------------------------------------
Using 0m 0s
Classifier results ---------------------------------------------------
Query acc: 2.5% Gallery acc: 88.5% Total acc: 45.5%
The test feature is normalized
The number of query sketch samples: 2709
The number of gallery rgb samples: 2000
==========Test with latent_z: new_z =========
Extracted features for query set, obtained torch.Size([2709, 192]) matrix
Extracted features for gallery set, obtained torch.Size([2000, 192]) matrix
Extracting features complete in 0m 4s
Distance computing in 0m 0s
Results ---------------------------------------------------
top1:0.5% top5:1.6% top10:2.8% top20:4.8% mAP:1.0%
-----------------------------------------------------------
Using 0m 0s
Classifier results ---------------------------------------------------
Query acc: 2.9% Gallery acc: 89.3% Total acc: 46.1%
Epoch:41 Time:4.0 Data:0.0 Loss:2.5974 Cls Loss:2.5974 Pair Loss:0.7242 KL Loss:364.3356 Recon Loss:0.1196 Acc:0.5050 
Epoch:42 Time:3.6 Data:0.0 Loss:2.5434 Cls Loss:2.5434 Pair Loss:0.7183 KL Loss:359.1236 Recon Loss:0.1196 Acc:0.5108 
Epoch:43 Time:3.5 Data:0.0 Loss:2.5265 Cls Loss:2.5265 Pair Loss:0.7232 KL Loss:375.8421 Recon Loss:0.1197 Acc:0.5131 
Epoch:44 Time:3.6 Data:0.0 Loss:2.5099 Cls Loss:2.5099 Pair Loss:0.7216 KL Loss:356.5846 Recon Loss:0.1197 Acc:0.5171 
Epoch:45 Time:3.8 Data:0.0 Loss:2.4830 Cls Loss:2.4830 Pair Loss:0.7244 KL Loss:369.6415 Recon Loss:0.1197 Acc:0.5146 
=> Test at epoch 45
==========Test with latent_z: z_c =========
Extracted features for query set, obtained torch.Size([2709, 128]) matrix
Extracted features for gallery set, obtained torch.Size([2000, 128]) matrix
Extracting features complete in 0m 4s
Distance computing in 0m 0s
Results ---------------------------------------------------
top1:0.4% top5:2.0% top10:3.4% top20:6.2% mAP:1.2%
-----------------------------------------------------------
Using 0m 0s
Classifier results ---------------------------------------------------
Query acc: 2.9% Gallery acc: 90.0% Total acc: 46.4%
The test feature is normalized
The number of query sketch samples: 2709
The number of gallery rgb samples: 2000
==========Test with latent_z: new_z =========
Extracted features for query set, obtained torch.Size([2709, 192]) matrix
Extracted features for gallery set, obtained torch.Size([2000, 192]) matrix
Extracting features complete in 0m 5s
Distance computing in 0m 0s
Results ---------------------------------------------------
top1:0.4% top5:1.3% top10:2.3% top20:4.5% mAP:0.9%
-----------------------------------------------------------
Using 0m 0s
Classifier results ---------------------------------------------------
Query acc: 2.7% Gallery acc: 89.1% Total acc: 45.9%
Epoch:46 Time:3.6 Data:0.0 Loss:2.4639 Cls Loss:2.4639 Pair Loss:0.7223 KL Loss:373.5945 Recon Loss:0.1196 Acc:0.5181 
Epoch:47 Time:3.7 Data:0.0 Loss:2.4159 Cls Loss:2.4159 Pair Loss:0.7196 KL Loss:369.5212 Recon Loss:0.1197 Acc:0.5262 
Epoch:48 Time:3.5 Data:0.0 Loss:2.3730 Cls Loss:2.3730 Pair Loss:0.7203 KL Loss:364.3190 Recon Loss:0.1196 Acc:0.5383 
Epoch:49 Time:3.6 Data:0.0 Loss:2.3966 Cls Loss:2.3966 Pair Loss:0.7212 KL Loss:368.6393 Recon Loss:0.1197 Acc:0.5287 
Epoch:50 Time:3.8 Data:0.0 Loss:2.3452 Cls Loss:2.3452 Pair Loss:0.7167 KL Loss:354.1544 Recon Loss:0.1197 Acc:0.5376 
=> Test at epoch 50
==========Test with latent_z: z_c =========
Extracted features for query set, obtained torch.Size([2709, 128]) matrix
Extracted features for gallery set, obtained torch.Size([2000, 128]) matrix
Extracting features complete in 0m 4s
Distance computing in 0m 0s
Results ---------------------------------------------------
top1:0.5% top5:2.3% top10:4.4% top20:7.1% mAP:1.3%
-----------------------------------------------------------
Using 0m 0s
Classifier results ---------------------------------------------------
Query acc: 3.6% Gallery acc: 90.4% Total acc: 47.0%
The test feature is normalized
The number of query sketch samples: 2709
The number of gallery rgb samples: 2000
==========Test with latent_z: new_z =========
Extracted features for query set, obtained torch.Size([2709, 192]) matrix
Extracted features for gallery set, obtained torch.Size([2000, 192]) matrix
Extracting features complete in 0m 5s
Distance computing in 0m 0s
Results ---------------------------------------------------
top1:0.4% top5:1.8% top10:3.2% top20:5.5% mAP:1.0%
-----------------------------------------------------------
Using 0m 0s
Classifier results ---------------------------------------------------
Query acc: 2.8% Gallery acc: 91.2% Total acc: 47.0%
Epoch:51 Time:4.2 Data:0.0 Loss:2.3540 Cls Loss:2.3540 Pair Loss:0.7203 KL Loss:367.9984 Recon Loss:0.1196 Acc:0.5345 
Epoch:52 Time:3.5 Data:0.0 Loss:2.3212 Cls Loss:2.3212 Pair Loss:0.7169 KL Loss:354.2011 Recon Loss:0.1196 Acc:0.5373 
Epoch:53 Time:3.6 Data:0.0 Loss:2.2867 Cls Loss:2.2867 Pair Loss:0.7222 KL Loss:360.1259 Recon Loss:0.1197 Acc:0.5441 
Epoch:54 Time:3.6 Data:0.0 Loss:2.2620 Cls Loss:2.2620 Pair Loss:0.7266 KL Loss:360.8480 Recon Loss:0.1196 Acc:0.5544 
Epoch:55 Time:3.6 Data:0.0 Loss:2.2601 Cls Loss:2.2601 Pair Loss:0.7191 KL Loss:357.9094 Recon Loss:0.1197 Acc:0.5476 
=> Test at epoch 55
==========Test with latent_z: z_c =========
Extracted features for query set, obtained torch.Size([2709, 128]) matrix
Extracted features for gallery set, obtained torch.Size([2000, 128]) matrix
Extracting features complete in 0m 4s
Distance computing in 0m 0s
Results ---------------------------------------------------
top1:0.5% top5:2.0% top10:3.9% top20:6.3% mAP:1.2%
-----------------------------------------------------------
Using 0m 0s
Classifier results ---------------------------------------------------
Query acc: 3.2% Gallery acc: 91.3% Total acc: 47.2%
The test feature is normalized
The number of query sketch samples: 2709
The number of gallery rgb samples: 2000
==========Test with latent_z: new_z =========
Extracted features for query set, obtained torch.Size([2709, 192]) matrix
Extracted features for gallery set, obtained torch.Size([2000, 192]) matrix
Extracting features complete in 0m 5s
Distance computing in 0m 0s
Results ---------------------------------------------------
top1:0.3% top5:1.7% top10:3.1% top20:5.1% mAP:1.0%
-----------------------------------------------------------
Using 0m 0s
Classifier results ---------------------------------------------------
Query acc: 3.0% Gallery acc: 91.0% Total acc: 47.0%
Epoch:56 Time:4.3 Data:0.0 Loss:2.2329 Cls Loss:2.2329 Pair Loss:0.7195 KL Loss:372.8663 Recon Loss:0.1197 Acc:0.5491 
Epoch:57 Time:3.7 Data:0.0 Loss:2.2140 Cls Loss:2.2140 Pair Loss:0.7186 KL Loss:358.6489 Recon Loss:0.1197 Acc:0.5512 
Epoch:58 Time:3.6 Data:0.0 Loss:2.2208 Cls Loss:2.2208 Pair Loss:0.7187 KL Loss:356.4140 Recon Loss:0.1197 Acc:0.5441 
Epoch:59 Time:3.5 Data:0.0 Loss:2.1908 Cls Loss:2.1908 Pair Loss:0.7203 KL Loss:360.4964 Recon Loss:0.1197 Acc:0.5580 
Epoch:60 Time:3.5 Data:0.0 Loss:2.1697 Cls Loss:2.1697 Pair Loss:0.7215 KL Loss:361.8848 Recon Loss:0.1197 Acc:0.5668 
=> Test at epoch 60
==========Test with latent_z: z_c =========
Extracted features for query set, obtained torch.Size([2709, 128]) matrix
Extracted features for gallery set, obtained torch.Size([2000, 128]) matrix
Extracting features complete in 0m 4s
Distance computing in 0m 0s
Results ---------------------------------------------------
top1:0.5% top5:1.6% top10:3.4% top20:6.0% mAP:1.2%
-----------------------------------------------------------
Using 0m 0s
Classifier results ---------------------------------------------------
Query acc: 3.1% Gallery acc: 90.7% Total acc: 46.9%
The test feature is normalized
The number of query sketch samples: 2709
The number of gallery rgb samples: 2000
==========Test with latent_z: new_z =========
Extracted features for query set, obtained torch.Size([2709, 192]) matrix
Extracted features for gallery set, obtained torch.Size([2000, 192]) matrix
Extracting features complete in 0m 5s
Distance computing in 0m 0s
Results ---------------------------------------------------
top1:0.3% top5:1.6% top10:2.9% top20:5.1% mAP:1.0%
-----------------------------------------------------------
Using 0m 0s
Classifier results ---------------------------------------------------
Query acc: 3.0% Gallery acc: 91.2% Total acc: 47.1%
Epoch:61 Time:4.1 Data:0.0 Loss:1.8861 Cls Loss:1.8861 Pair Loss:0.7226 KL Loss:361.0830 Recon Loss:0.1197 Acc:0.6389 
Epoch:62 Time:3.6 Data:0.0 Loss:1.8590 Cls Loss:1.8590 Pair Loss:0.7163 KL Loss:363.5879 Recon Loss:0.1196 Acc:0.6484 
Epoch:63 Time:3.7 Data:0.0 Loss:1.8658 Cls Loss:1.8658 Pair Loss:0.7245 KL Loss:361.7763 Recon Loss:0.1197 Acc:0.6454 
Epoch:64 Time:3.6 Data:0.0 Loss:1.8606 Cls Loss:1.8606 Pair Loss:0.7226 KL Loss:360.8362 Recon Loss:0.1196 Acc:0.6530 
Epoch:65 Time:3.6 Data:0.0 Loss:1.8553 Cls Loss:1.8553 Pair Loss:0.7204 KL Loss:357.9712 Recon Loss:0.1196 Acc:0.6578 
=> Test at epoch 65
==========Test with latent_z: z_c =========
Extracted features for query set, obtained torch.Size([2709, 128]) matrix
Extracted features for gallery set, obtained torch.Size([2000, 128]) matrix
Extracting features complete in 0m 4s
Distance computing in 0m 0s
Results ---------------------------------------------------
top1:0.5% top5:2.4% top10:3.8% top20:7.2% mAP:1.3%
-----------------------------------------------------------
Using 0m 0s
Classifier results ---------------------------------------------------
Query acc: 2.8% Gallery acc: 92.1% Total acc: 47.4%
The test feature is normalized
The number of query sketch samples: 2709
The number of gallery rgb samples: 2000
==========Test with latent_z: new_z =========
Extracted features for query set, obtained torch.Size([2709, 192]) matrix
Extracted features for gallery set, obtained torch.Size([2000, 192]) matrix
Extracting features complete in 0m 5s
Distance computing in 0m 0s
Results ---------------------------------------------------
top1:0.3% top5:1.3% top10:2.9% top20:5.3% mAP:0.9%
-----------------------------------------------------------
Using 0m 0s
Classifier results ---------------------------------------------------
Query acc: 3.2% Gallery acc: 92.9% Total acc: 48.0%
Epoch:66 Time:4.4 Data:0.0 Loss:1.8707 Cls Loss:1.8707 Pair Loss:0.7200 KL Loss:354.0181 Recon Loss:0.1197 Acc:0.6517 
Epoch:67 Time:3.4 Data:0.0 Loss:1.8554 Cls Loss:1.8554 Pair Loss:0.7255 KL Loss:368.1506 Recon Loss:0.1197 Acc:0.6578 
Epoch:68 Time:3.7 Data:0.0 Loss:1.8460 Cls Loss:1.8460 Pair Loss:0.7250 KL Loss:371.3644 Recon Loss:0.1197 Acc:0.6560 
Epoch:69 Time:3.7 Data:0.0 Loss:1.8426 Cls Loss:1.8426 Pair Loss:0.7187 KL Loss:361.1832 Recon Loss:0.1196 Acc:0.6575 
Epoch:70 Time:3.3 Data:0.0 Loss:1.8672 Cls Loss:1.8672 Pair Loss:0.7180 KL Loss:353.4404 Recon Loss:0.1197 Acc:0.6545 
=> Test at epoch 70
==========Test with latent_z: z_c =========
Extracted features for query set, obtained torch.Size([2709, 128]) matrix
Extracted features for gallery set, obtained torch.Size([2000, 128]) matrix
Extracting features complete in 0m 4s
Distance computing in 0m 0s
Results ---------------------------------------------------
top1:0.6% top5:2.4% top10:3.9% top20:7.1% mAP:1.4%
-----------------------------------------------------------
Using 0m 0s
Classifier results ---------------------------------------------------
Query acc: 3.3% Gallery acc: 91.8% Total acc: 47.5%
The test feature is normalized
The number of query sketch samples: 2709
The number of gallery rgb samples: 2000
==========Test with latent_z: new_z =========
Extracted features for query set, obtained torch.Size([2709, 192]) matrix
Extracted features for gallery set, obtained torch.Size([2000, 192]) matrix
Extracting features complete in 0m 5s
Distance computing in 0m 0s
Results ---------------------------------------------------
top1:0.4% top5:1.4% top10:2.5% top20:4.5% mAP:1.0%
-----------------------------------------------------------
Using 0m 0s
Classifier results ---------------------------------------------------
Query acc: 2.9% Gallery acc: 92.9% Total acc: 47.9%
Epoch:71 Time:3.9 Data:0.0 Loss:1.8328 Cls Loss:1.8328 Pair Loss:0.7224 KL Loss:359.5481 Recon Loss:0.1197 Acc:0.6557 
Epoch:72 Time:3.8 Data:0.0 Loss:1.8351 Cls Loss:1.8351 Pair Loss:0.7227 KL Loss:362.0675 Recon Loss:0.1197 Acc:0.6552 
Epoch:73 Time:3.7 Data:0.0 Loss:1.8453 Cls Loss:1.8453 Pair Loss:0.7208 KL Loss:356.7545 Recon Loss:0.1197 Acc:0.6633 
Epoch:74 Time:3.8 Data:0.0 Loss:1.8261 Cls Loss:1.8261 Pair Loss:0.7210 KL Loss:355.7677 Recon Loss:0.1197 Acc:0.6515 
Epoch:75 Time:3.5 Data:0.0 Loss:1.8303 Cls Loss:1.8303 Pair Loss:0.7233 KL Loss:363.5300 Recon Loss:0.1197 Acc:0.6560 
=> Test at epoch 75
==========Test with latent_z: z_c =========
Extracted features for query set, obtained torch.Size([2709, 128]) matrix
Extracted features for gallery set, obtained torch.Size([2000, 128]) matrix
Extracting features complete in 0m 4s
Distance computing in 0m 0s
Results ---------------------------------------------------
top1:0.8% top5:2.5% top10:4.6% top20:6.6% mAP:1.4%
-----------------------------------------------------------
Using 0m 0s
Classifier results ---------------------------------------------------
Query acc: 3.1% Gallery acc: 93.2% Total acc: 48.1%
The test feature is normalized
The number of query sketch samples: 2709
The number of gallery rgb samples: 2000
==========Test with latent_z: new_z =========
Extracted features for query set, obtained torch.Size([2709, 192]) matrix
Extracted features for gallery set, obtained torch.Size([2000, 192]) matrix
Extracting features complete in 0m 5s
Distance computing in 0m 0s
Results ---------------------------------------------------
top1:0.3% top5:1.4% top10:2.6% top20:4.8% mAP:0.9%
-----------------------------------------------------------
Using 0m 0s
Classifier results ---------------------------------------------------
Query acc: 3.2% Gallery acc: 92.7% Total acc: 48.0%
Epoch:76 Time:4.1 Data:0.0 Loss:1.8013 Cls Loss:1.8013 Pair Loss:0.7203 KL Loss:357.5721 Recon Loss:0.1196 Acc:0.6648 
Epoch:77 Time:3.7 Data:0.0 Loss:1.8232 Cls Loss:1.8232 Pair Loss:0.7221 KL Loss:354.0412 Recon Loss:0.1197 Acc:0.6610 
Epoch:78 Time:3.7 Data:0.0 Loss:1.8267 Cls Loss:1.8267 Pair Loss:0.7205 KL Loss:362.9220 Recon Loss:0.1197 Acc:0.6620 
Epoch:79 Time:3.6 Data:0.0 Loss:1.8151 Cls Loss:1.8151 Pair Loss:0.7213 KL Loss:357.9090 Recon Loss:0.1196 Acc:0.6595 
Epoch:80 Time:3.6 Data:0.0 Loss:1.8174 Cls Loss:1.8174 Pair Loss:0.7220 KL Loss:353.2378 Recon Loss:0.1197 Acc:0.6615 
=> Test at epoch 80
==========Test with latent_z: z_c =========
Extracted features for query set, obtained torch.Size([2709, 128]) matrix
Extracted features for gallery set, obtained torch.Size([2000, 128]) matrix
Extracting features complete in 0m 4s
Distance computing in 0m 0s
Results ---------------------------------------------------
top1:0.6% top5:2.3% top10:4.2% top20:6.8% mAP:1.4%
-----------------------------------------------------------
Using 0m 0s
Classifier results ---------------------------------------------------
Query acc: 2.8% Gallery acc: 91.9% Total acc: 47.3%
The test feature is normalized
The number of query sketch samples: 2709
The number of gallery rgb samples: 2000
==========Test with latent_z: new_z =========
Extracted features for query set, obtained torch.Size([2709, 192]) matrix
Extracted features for gallery set, obtained torch.Size([2000, 192]) matrix
Extracting features complete in 0m 5s
Distance computing in 0m 0s
Results ---------------------------------------------------
top1:0.4% top5:1.7% top10:3.3% top20:5.7% mAP:1.0%
-----------------------------------------------------------
Using 0m 0s
Classifier results ---------------------------------------------------
Query acc: 3.5% Gallery acc: 92.4% Total acc: 48.0%
Epoch:81 Time:6.3 Data:0.0 Loss:1.8080 Cls Loss:1.8080 Pair Loss:0.7215 KL Loss:355.8164 Recon Loss:0.1196 Acc:0.6585 
Epoch:82 Time:5.3 Data:0.0 Loss:1.8052 Cls Loss:1.8052 Pair Loss:0.7207 KL Loss:361.0922 Recon Loss:0.1196 Acc:0.6641 
Epoch:83 Time:6.3 Data:0.0 Loss:1.8074 Cls Loss:1.8074 Pair Loss:0.7230 KL Loss:351.8964 Recon Loss:0.1197 Acc:0.6633 
Epoch:84 Time:4.9 Data:0.0 Loss:1.8127 Cls Loss:1.8127 Pair Loss:0.7214 KL Loss:362.9874 Recon Loss:0.1196 Acc:0.6600 
Epoch:85 Time:3.8 Data:0.0 Loss:1.8090 Cls Loss:1.8090 Pair Loss:0.7224 KL Loss:358.0402 Recon Loss:0.1196 Acc:0.6638 
=> Test at epoch 85
==========Test with latent_z: z_c =========
Extracted features for query set, obtained torch.Size([2709, 128]) matrix
Extracted features for gallery set, obtained torch.Size([2000, 128]) matrix
Extracting features complete in 0m 4s
Distance computing in 0m 0s
Results ---------------------------------------------------
top1:0.6% top5:2.3% top10:3.8% top20:6.6% mAP:1.3%
-----------------------------------------------------------
Using 0m 0s
Classifier results ---------------------------------------------------
Query acc: 2.9% Gallery acc: 92.4% Total acc: 47.7%
The test feature is normalized
The number of query sketch samples: 2709
The number of gallery rgb samples: 2000
==========Test with latent_z: new_z =========
Extracted features for query set, obtained torch.Size([2709, 192]) matrix
Extracted features for gallery set, obtained torch.Size([2000, 192]) matrix
Extracting features complete in 0m 5s
Distance computing in 0m 0s
Results ---------------------------------------------------
top1:0.4% top5:1.6% top10:2.9% top20:5.2% mAP:1.0%
-----------------------------------------------------------
Using 0m 0s
Classifier results ---------------------------------------------------
Query acc: 2.8% Gallery acc: 93.6% Total acc: 48.2%
Epoch:86 Time:4.0 Data:0.0 Loss:1.7905 Cls Loss:1.7905 Pair Loss:0.7240 KL Loss:360.2745 Recon Loss:0.1196 Acc:0.6752 
Epoch:87 Time:3.6 Data:0.0 Loss:1.8000 Cls Loss:1.8000 Pair Loss:0.7171 KL Loss:362.2911 Recon Loss:0.1196 Acc:0.6706 
Epoch:88 Time:3.7 Data:0.0 Loss:1.8142 Cls Loss:1.8142 Pair Loss:0.7251 KL Loss:359.1597 Recon Loss:0.1197 Acc:0.6613 
Epoch:89 Time:3.7 Data:0.0 Loss:1.7923 Cls Loss:1.7923 Pair Loss:0.7216 KL Loss:361.2469 Recon Loss:0.1197 Acc:0.6772 
Epoch:90 Time:3.6 Data:0.0 Loss:1.7958 Cls Loss:1.7958 Pair Loss:0.7193 KL Loss:365.7607 Recon Loss:0.1197 Acc:0.6749 
=> Test at epoch 90
==========Test with latent_z: z_c =========
Extracted features for query set, obtained torch.Size([2709, 128]) matrix
Extracted features for gallery set, obtained torch.Size([2000, 128]) matrix
Extracting features complete in 0m 4s
Distance computing in 0m 0s
Results ---------------------------------------------------
top1:0.6% top5:2.3% top10:3.9% top20:6.8% mAP:1.3%
-----------------------------------------------------------
Using 0m 0s
Classifier results ---------------------------------------------------
Query acc: 3.2% Gallery acc: 93.1% Total acc: 48.1%
The test feature is normalized
The number of query sketch samples: 2709
The number of gallery rgb samples: 2000
==========Test with latent_z: new_z =========
Extracted features for query set, obtained torch.Size([2709, 192]) matrix
Extracted features for gallery set, obtained torch.Size([2000, 192]) matrix
Extracting features complete in 0m 5s
Distance computing in 0m 0s
Results ---------------------------------------------------
top1:0.6% top5:1.8% top10:2.8% top20:4.7% mAP:1.1%
-----------------------------------------------------------
Using 0m 0s
Classifier results ---------------------------------------------------
Query acc: 3.5% Gallery acc: 92.3% Total acc: 47.9%
Epoch:91 Time:4.3 Data:0.0 Loss:1.8033 Cls Loss:1.8033 Pair Loss:0.7189 KL Loss:353.6846 Recon Loss:0.1197 Acc:0.6608 
Epoch:92 Time:3.2 Data:0.0 Loss:1.7883 Cls Loss:1.7883 Pair Loss:0.7270 KL Loss:359.1326 Recon Loss:0.1196 Acc:0.6746 
Epoch:93 Time:3.7 Data:0.0 Loss:1.7868 Cls Loss:1.7868 Pair Loss:0.7189 KL Loss:360.0134 Recon Loss:0.1197 Acc:0.6661 
Epoch:94 Time:3.7 Data:0.0 Loss:1.7917 Cls Loss:1.7917 Pair Loss:0.7203 KL Loss:351.0018 Recon Loss:0.1197 Acc:0.6686 
Epoch:95 Time:3.7 Data:0.0 Loss:1.8100 Cls Loss:1.8100 Pair Loss:0.7212 KL Loss:362.0682 Recon Loss:0.1197 Acc:0.6593 
=> Test at epoch 95
==========Test with latent_z: z_c =========
Extracted features for query set, obtained torch.Size([2709, 128]) matrix
Extracted features for gallery set, obtained torch.Size([2000, 128]) matrix
Extracting features complete in 0m 4s
Distance computing in 0m 0s
Results ---------------------------------------------------
top1:0.5% top5:2.1% top10:3.4% top20:6.4% mAP:1.3%
-----------------------------------------------------------
Using 0m 0s
Classifier results ---------------------------------------------------
Query acc: 3.7% Gallery acc: 93.0% Total acc: 48.3%
The test feature is normalized
The number of query sketch samples: 2709
The number of gallery rgb samples: 2000
==========Test with latent_z: new_z =========
Extracted features for query set, obtained torch.Size([2709, 192]) matrix
Extracted features for gallery set, obtained torch.Size([2000, 192]) matrix
Extracting features complete in 0m 4s
Distance computing in 0m 0s
Results ---------------------------------------------------
top1:0.4% top5:1.8% top10:2.7% top20:4.6% mAP:1.0%
-----------------------------------------------------------
Using 0m 0s
Classifier results ---------------------------------------------------
Query acc: 2.8% Gallery acc: 92.6% Total acc: 47.7%
Epoch:96 Time:3.9 Data:0.0 Loss:1.7853 Cls Loss:1.7853 Pair Loss:0.7224 KL Loss:355.3273 Recon Loss:0.1197 Acc:0.6641 
Epoch:97 Time:3.6 Data:0.0 Loss:1.7815 Cls Loss:1.7815 Pair Loss:0.7213 KL Loss:353.7008 Recon Loss:0.1197 Acc:0.6709 
Epoch:98 Time:3.8 Data:0.0 Loss:1.7762 Cls Loss:1.7762 Pair Loss:0.7255 KL Loss:357.7782 Recon Loss:0.1197 Acc:0.6689 
Epoch:99 Time:3.8 Data:0.0 Loss:1.7833 Cls Loss:1.7833 Pair Loss:0.7192 KL Loss:356.2483 Recon Loss:0.1196 Acc:0.6699 
Epoch:100 Time:3.7 Data:0.0 Loss:1.7792 Cls Loss:1.7792 Pair Loss:0.7202 KL Loss:363.2634 Recon Loss:0.1197 Acc:0.6681 
=> Test at epoch 100
==========Test with latent_z: z_c =========
Extracted features for query set, obtained torch.Size([2709, 128]) matrix
Extracted features for gallery set, obtained torch.Size([2000, 128]) matrix
Extracting features complete in 0m 4s
Distance computing in 0m 0s
Results ---------------------------------------------------
top1:0.5% top5:2.1% top10:3.9% top20:6.2% mAP:1.2%
-----------------------------------------------------------
Using 0m 0s
Classifier results ---------------------------------------------------
Query acc: 2.6% Gallery acc: 93.0% Total acc: 47.8%
The test feature is normalized
The number of query sketch samples: 2709
The number of gallery rgb samples: 2000
==========Test with latent_z: new_z =========
Extracted features for query set, obtained torch.Size([2709, 192]) matrix
Extracted features for gallery set, obtained torch.Size([2000, 192]) matrix
Extracting features complete in 0m 5s
Distance computing in 0m 0s
Results ---------------------------------------------------
top1:0.3% top5:1.6% top10:3.0% top20:5.2% mAP:0.9%
-----------------------------------------------------------
Using 0m 0s
Classifier results ---------------------------------------------------
Query acc: 3.2% Gallery acc: 92.8% Total acc: 48.0%
Epoch:101 Time:4.2 Data:0.0 Loss:1.7645 Cls Loss:1.7645 Pair Loss:0.7175 KL Loss:356.8793 Recon Loss:0.1197 Acc:0.6719 
Epoch:102 Time:3.6 Data:0.0 Loss:1.7946 Cls Loss:1.7946 Pair Loss:0.7223 KL Loss:354.3269 Recon Loss:0.1197 Acc:0.6744 
Epoch:103 Time:3.6 Data:0.0 Loss:1.7675 Cls Loss:1.7675 Pair Loss:0.7263 KL Loss:365.0662 Recon Loss:0.1197 Acc:0.6749 
Epoch:104 Time:3.7 Data:0.0 Loss:1.7857 Cls Loss:1.7857 Pair Loss:0.7210 KL Loss:342.5303 Recon Loss:0.1197 Acc:0.6721 
Epoch:105 Time:3.6 Data:0.0 Loss:1.7934 Cls Loss:1.7934 Pair Loss:0.7232 KL Loss:351.1065 Recon Loss:0.1197 Acc:0.6646 
=> Test at epoch 105
==========Test with latent_z: z_c =========
Extracted features for query set, obtained torch.Size([2709, 128]) matrix
Extracted features for gallery set, obtained torch.Size([2000, 128]) matrix
Extracting features complete in 0m 4s
Distance computing in 0m 0s
Results ---------------------------------------------------
top1:0.7% top5:2.3% top10:3.8% top20:6.1% mAP:1.3%
-----------------------------------------------------------
Using 0m 0s
Classifier results ---------------------------------------------------
Query acc: 2.9% Gallery acc: 93.1% Total acc: 48.0%
The test feature is normalized
The number of query sketch samples: 2709
The number of gallery rgb samples: 2000
==========Test with latent_z: new_z =========
Extracted features for query set, obtained torch.Size([2709, 192]) matrix
Extracted features for gallery set, obtained torch.Size([2000, 192]) matrix
Extracting features complete in 0m 5s
Distance computing in 0m 0s
Results ---------------------------------------------------
top1:0.4% top5:1.5% top10:2.6% top20:4.6% mAP:1.0%
-----------------------------------------------------------
Using 0m 0s
Classifier results ---------------------------------------------------
Query acc: 2.9% Gallery acc: 93.7% Total acc: 48.3%
Epoch:106 Time:4.0 Data:0.0 Loss:1.7780 Cls Loss:1.7780 Pair Loss:0.7247 KL Loss:359.8073 Recon Loss:0.1196 Acc:0.6711 
Epoch:107 Time:3.6 Data:0.0 Loss:1.7673 Cls Loss:1.7673 Pair Loss:0.7230 KL Loss:355.4826 Recon Loss:0.1196 Acc:0.6701 
Epoch:108 Time:3.7 Data:0.0 Loss:1.7549 Cls Loss:1.7549 Pair Loss:0.7220 KL Loss:359.8164 Recon Loss:0.1197 Acc:0.6850 
Epoch:109 Time:3.6 Data:0.0 Loss:1.7604 Cls Loss:1.7604 Pair Loss:0.7209 KL Loss:356.4842 Recon Loss:0.1197 Acc:0.6676 
Epoch:110 Time:3.7 Data:0.0 Loss:1.7635 Cls Loss:1.7635 Pair Loss:0.7262 KL Loss:357.2866 Recon Loss:0.1196 Acc:0.6721 
=> Test at epoch 110
==========Test with latent_z: z_c =========
Extracted features for query set, obtained torch.Size([2709, 128]) matrix
Extracted features for gallery set, obtained torch.Size([2000, 128]) matrix
Extracting features complete in 0m 4s
Distance computing in 0m 0s
Results ---------------------------------------------------
top1:0.5% top5:2.2% top10:4.4% top20:6.8% mAP:1.3%
-----------------------------------------------------------
Using 0m 0s
Classifier results ---------------------------------------------------
Query acc: 3.2% Gallery acc: 93.1% Total acc: 48.1%
The test feature is normalized
The number of query sketch samples: 2709
The number of gallery rgb samples: 2000
==========Test with latent_z: new_z =========
Extracted features for query set, obtained torch.Size([2709, 192]) matrix
Extracted features for gallery set, obtained torch.Size([2000, 192]) matrix
Extracting features complete in 0m 5s
Distance computing in 0m 0s
Results ---------------------------------------------------
top1:0.6% top5:1.5% top10:3.0% top20:4.9% mAP:1.0%
-----------------------------------------------------------
Using 0m 0s
Classifier results ---------------------------------------------------
Query acc: 3.0% Gallery acc: 93.0% Total acc: 48.0%
Epoch:111 Time:4.1 Data:0.0 Loss:1.7697 Cls Loss:1.7697 Pair Loss:0.7179 KL Loss:354.1617 Recon Loss:0.1196 Acc:0.6691 
Epoch:112 Time:3.5 Data:0.0 Loss:1.7470 Cls Loss:1.7470 Pair Loss:0.7206 KL Loss:359.6172 Recon Loss:0.1197 Acc:0.6809 
Epoch:113 Time:3.7 Data:0.0 Loss:1.7465 Cls Loss:1.7465 Pair Loss:0.7207 KL Loss:351.8284 Recon Loss:0.1197 Acc:0.6787 
Epoch:114 Time:3.7 Data:0.0 Loss:1.7682 Cls Loss:1.7682 Pair Loss:0.7195 KL Loss:354.0846 Recon Loss:0.1197 Acc:0.6683 
Epoch:115 Time:3.7 Data:0.0 Loss:1.7502 Cls Loss:1.7502 Pair Loss:0.7213 KL Loss:355.1027 Recon Loss:0.1197 Acc:0.6744 
=> Test at epoch 115
==========Test with latent_z: z_c =========
Extracted features for query set, obtained torch.Size([2709, 128]) matrix
Extracted features for gallery set, obtained torch.Size([2000, 128]) matrix
Extracting features complete in 0m 4s
Distance computing in 0m 0s
Results ---------------------------------------------------
top1:0.6% top5:1.9% top10:3.3% top20:5.8% mAP:1.2%
-----------------------------------------------------------
Using 0m 0s
Classifier results ---------------------------------------------------
Query acc: 3.4% Gallery acc: 93.8% Total acc: 48.6%
The test feature is normalized
The number of query sketch samples: 2709
The number of gallery rgb samples: 2000
==========Test with latent_z: new_z =========
Extracted features for query set, obtained torch.Size([2709, 192]) matrix
Extracted features for gallery set, obtained torch.Size([2000, 192]) matrix
Extracting features complete in 0m 5s
Distance computing in 0m 0s
Results ---------------------------------------------------
top1:0.2% top5:1.4% top10:2.5% top20:4.8% mAP:0.9%
-----------------------------------------------------------
Using 0m 0s
Classifier results ---------------------------------------------------
Query acc: 3.2% Gallery acc: 93.8% Total acc: 48.5%
Epoch:116 Time:3.8 Data:0.0 Loss:1.7488 Cls Loss:1.7488 Pair Loss:0.7176 KL Loss:354.4646 Recon Loss:0.1197 Acc:0.6787 
Epoch:117 Time:3.9 Data:0.0 Loss:1.7433 Cls Loss:1.7433 Pair Loss:0.7239 KL Loss:352.4132 Recon Loss:0.1197 Acc:0.6769 
Epoch:118 Time:3.6 Data:0.0 Loss:1.7439 Cls Loss:1.7439 Pair Loss:0.7210 KL Loss:354.9196 Recon Loss:0.1197 Acc:0.6752 
Epoch:119 Time:3.7 Data:0.0 Loss:1.7577 Cls Loss:1.7577 Pair Loss:0.7221 KL Loss:356.4027 Recon Loss:0.1196 Acc:0.6716 
Epoch:120 Time:3.7 Data:0.0 Loss:1.7318 Cls Loss:1.7318 Pair Loss:0.7208 KL Loss:357.5012 Recon Loss:0.1197 Acc:0.6777 
=> Test at epoch 120
==========Test with latent_z: z_c =========
Extracted features for query set, obtained torch.Size([2709, 128]) matrix
Extracted features for gallery set, obtained torch.Size([2000, 128]) matrix
Extracting features complete in 0m 4s
Distance computing in 0m 0s
Results ---------------------------------------------------
top1:0.4% top5:1.9% top10:3.5% top20:6.4% mAP:1.2%
-----------------------------------------------------------
Using 0m 0s
Classifier results ---------------------------------------------------
Query acc: 2.9% Gallery acc: 93.7% Total acc: 48.3%
The test feature is normalized
The number of query sketch samples: 2709
The number of gallery rgb samples: 2000
==========Test with latent_z: new_z =========
Extracted features for query set, obtained torch.Size([2709, 192]) matrix
Extracted features for gallery set, obtained torch.Size([2000, 192]) matrix
Extracting features complete in 0m 5s
Distance computing in 0m 0s
Results ---------------------------------------------------
top1:0.5% top5:1.3% top10:2.6% top20:4.2% mAP:1.0%
-----------------------------------------------------------
Using 0m 0s
Classifier results ---------------------------------------------------
Query acc: 3.2% Gallery acc: 93.3% Total acc: 48.3%
=> Best Rank-1 0.8%, mAP 1.4% achieved at epoch 75
Finished. Total elapsed time (h:m:s): 0:16:37. Training time (h:m:s): 0:07:55.
Shutting down background jobs, please wait a moment...
Done!
Waiting for the remaining 33 operations to synchronize with Neptune. Do not kill this process.
All 33 operations synced, thanks for waiting!
Explore the metadata in the Neptune app:
https://app.neptune.ai/Zhengwei-Lab/MayCVAE/e/MAY-162/metadata
