https://app.neptune.ai/Zhengwei-Lab/MayCVAE/e/MAY-411
=> merge config from ./configs/clipreid_cvae_kl.yaml
/home/zhengwei/Desktop/Zhengwei/Projects/CVAE/main.py:91: NeptuneUnsupportedType: You're attempting to log a type that is not directly supported by Neptune (<class 'list'>).
        Convert the value to a supported type, such as a string or float, or use stringify_unsupported(obj)
        for dictionaries or collections that contain unsupported values.
        For more, see https://docs.neptune.ai/help/value_of_unsupported_type
  run["parameters"] = param
=> Configurations:
-------------------------
AMP: True
AUG:
  RC_PROB: 0.5
  RE_PROB: 0.5
DATA:
  CUHK03_CLASSIC_SPLIT: False
  CUHK03_LABELED: False
  DATASET: market1k
  FORMAT_TAG: tensor
  HEIGHT: 256
  NUM_INSTANCES: 4
  NUM_WORKERS: 4
  ROOT: /home/zhengwei/Desktop/Zhengwei/Projects/datasets
  SPLIT_ID: 0
  TEST_BATCH: 512
  TRAIN_BATCH: 64
  TRAIN_FORMAT: novel
  WIDTH: 128
EVAL_MODE: False
GPU: 0
LOSS:
  CLA_LOSS: crossentropy
  CLA_M: 0.0
  CLA_S: 16.0
  PAIR_LOSS: triplet
  PAIR_M: 0.3
  PAIR_S: 16.0
  RECON_LOSS: mse
  USE_NCE: True
MODEL:
  CONDITIONAL: False
  FEATURE_DIM: 1280
  FEAT_FUSION: True
  FLOW_TYPE: 
  GAUSSIAN: MultivariateNormal
  HIDDEN_DIM: 256
  LATENT_SIZE: 64
  NAME: CVAE
  ONLY_CVAE_KL: False
  ONLY_X_INPUT: False
  PRETRAIN: CLIPreidFinetune
  RES4_STRIDE: 1
  RESUME: /home/zhengwei/Desktop/Zhengwei/Projects/CVAE/outputs/market1k/clipreid_simplevae_tune/novel/2024-07-04/Tuned_SimpleVAE_128+64z_1e3+3_60+120_KLtotalZ_noCLS
  TRAIN_STAGE: reidstage
  USE_CENTROID: False
  USE_TWO_ENCODER: False
  VAE_TYPE: SinpleVAE
  ZC_DIM: 128
  ZS_DIM: 64
OUTPUT: ./outputs/market1k/clipreid_simplevae_tune/novel/2024-07-09/2ndstage_SimpleVAE_128+64z_1e3+3_60+120_KLtotalZ_s2_MLP1280+CLS_ceText+trip
SAVED_NAME: 2ndstage_SimpleVAE_128+64z_1e3+3_60+120_KLtotalZ_s2_MLP1280+CLS_ceText+trip
SEED: 0
TAG: clipreid_simplevae_tune
TEST:
  DISTANCE: cosine
  EVAL_STEP: 5
  START_EVAL: -1
TRAIN:
  AMP: False
  LR_SCHEDULER:
    DECAY_RATE: 0.1
    NAME: MultiStepLR
    STEPSIZE: [60]
  MAX_EPOCH: 120
  OPTIMIZER:
    LR: 0.001
    NAME: adam
    SGDLR: 0.01
    SGD_MOMENTUM: 0.9
    SGD_WEIGHT_DECAY: 0.0005
    WEIGHT_DECAY: 0.0001
  START_EPOCH: 0
----------------------
Initializing dataset market1k
Warning: string series 'monitoring/22851c69/stdout' value was longer than 1000 characters and was truncated. This warning is printed only once per series.
=> Market-Sketch-1K tensor loaded
Dataset statistics:
  ------------------------------
  subset   | # ids | # images
  ------------------------------
  train    |   996 |     3992
  query    |   996 |     2709
  gallery  |   996 |     2000
  ------------------------------
  total    |  1992 |     8701
  ------------------------------
Initializing SinpleVAE model
Model size: 12.48851M
[INFO] Register count_relu() for <class 'torch.nn.modules.activation.LeakyReLU'>.
[INFO] Register count_linear() for <class 'torch.nn.modules.linear.Linear'>.
[INFO] Register count_normalization() for <class 'torch.nn.modules.batchnorm.BatchNorm1d'>.
[INFO] Register zero_ops() for <class 'torch.nn.modules.activation.ReLU'>.
[INFO] Register zero_ops() for <class 'torch.nn.modules.dropout.Dropout'>.
[INFO] Register zero_ops() for <class 'torch.nn.modules.container.Sequential'>.
FLOPs: 0.73361G
Params: 11.47219M
Initialized classifier with feature_dim: 1280, num_classes: 996
Classifier size: 1.27488M
reid_projector.MLP.0.weight is tuneable
reid_projector.MLP.2.weight is tuneable
i2t_projector.weight is tuneable
i2t_projector.bias is tuneable
=> Start Training Classifier Only
Loading checkpoint from '/home/zhengwei/Desktop/Zhengwei/Projects/CVAE/outputs/market1k/clipreid_simplevae_tune/novel/2024-07-04/Tuned_SimpleVAE_128+64z_1e3+3_60+120_KLtotalZ_noCLS.best_model.pth.tar'
Ignores parameter:  i2t_projector.weight
Ignores parameter:  i2t_projector.bias
orginal best rank1 = 0.1834625322997416
=> Start evaluation on Novel data without finetuning
=> Test pretarined feature form VLP model
Normalizing features
Normalizing features
Extracted features for query set, obtained torch.Size([2709, 1280]) matrix
Extracted features for gallery set, obtained torch.Size([2000, 1280]) matrix
Extracting features complete in 0m 4s
Distance computing in 0m 0s
Computing CMC and mAP
Results ---------------------------------------------------
top1:35.2% top5:60.5% top10:71.2% top20:80.7% mAP:39.8%
-----------------------------------------------------------
Using 0m 0s
==========Test with latent_z: new_z =========
==========Test with NCE LOSS=========
Extracted features for query set, obtained torch.Size([2709, 192]) matrix
Extracted features for gallery set, obtained torch.Size([2000, 192]) matrix
Extracting features complete in 0m 3s
Distance computing in 0m 0s
Results ---------------------------------------------------
top1:19.4% top5:40.1% top10:50.8% top20:62.6% mAP:23.3%
-----------------------------------------------------------
CAT Results ---------------------------------------------------
top1:19.5% top5:39.4% top10:51.1% top20:62.6% mAP:23.4%
-----------------------------------------------------------
Using 0m 0s
Classifier results ---------------------------------------------------
Query acc: 0.0% Gallery acc: 0.1% Total acc: 0.1%
==========Test with latent_z: z_c =========
==========Test with NCE LOSS=========
Extracted features for query set, obtained torch.Size([2709, 1280]) matrix
Extracted features for gallery set, obtained torch.Size([2000, 1280]) matrix
Extracting features complete in 0m 4s
Distance computing in 0m 0s
Results ---------------------------------------------------
top1:16.4% top5:35.9% top10:46.7% top20:59.0% mAP:20.5%
-----------------------------------------------------------
CAT Results ---------------------------------------------------
top1:16.3% top5:35.7% top10:46.8% top20:59.1% mAP:20.5%
-----------------------------------------------------------
Using 0m 0s
Classifier results ---------------------------------------------------
Query acc: 0.0% Gallery acc: 0.1% Total acc: 0.1%
Jump TSNE in test
=> Start training
/home/zhengwei/Desktop/Zhengwei/Projects/CVAE/losses/center_loss.py:40: UserWarning: This overload of addmm_ is deprecated:
	addmm_(Number beta, Number alpha, Tensor mat1, Tensor mat2)
Consider using one of the following signatures instead:
	addmm_(Tensor mat1, Tensor mat2, *, Number beta, Number alpha) (Triggered internally at /opt/conda/conda-bld/pytorch_1670525539683/work/torch/csrc/utils/python_arg_parser.cpp:1420.)
  distmat.addmm_(1, -2, x, self.centers.t())
Epoch:1 Time:4.7 Data:0.0 Loss:4.8178 Cls Loss:6.9039 Pair Loss:0.2247 Center Loss:1328.1303 KL Loss:182.1023 Recon Loss:0.1866 Acc:0.1154 Acc NCE:0.1154
Epoch:2 Time:5.0 Data:0.0 Loss:1.6189 Cls Loss:6.9037 Pair Loss:0.1927 Center Loss:1317.8226 KL Loss:181.8203 Recon Loss:0.1866 Acc:0.5965 Acc NCE:0.5965
Epoch:3 Time:5.1 Data:0.0 Loss:0.9142 Cls Loss:6.9038 Pair Loss:0.1787 Center Loss:1321.3079 KL Loss:181.3760 Recon Loss:0.1867 Acc:0.7807 Acc NCE:0.7807
Epoch:4 Time:4.9 Data:0.0 Loss:0.6857 Cls Loss:6.9036 Pair Loss:0.1664 Center Loss:1321.8626 KL Loss:181.3420 Recon Loss:0.1866 Acc:0.8448 Acc NCE:0.8448
Epoch:5 Time:5.2 Data:0.0 Loss:0.5646 Cls Loss:6.9037 Pair Loss:0.1631 Center Loss:1323.7412 KL Loss:180.9713 Recon Loss:0.1866 Acc:0.8803 Acc NCE:0.8803
=> Test at epoch 5
==========Test with latent_z: z_c =========
==========Test with NCE LOSS=========
Extracted features for query set, obtained torch.Size([2709, 1280]) matrix
Extracted features for gallery set, obtained torch.Size([2000, 1280]) matrix
Extracting features complete in 0m 4s
Distance computing in 0m 0s
Results ---------------------------------------------------
top1:20.6% top5:42.0% top10:53.3% top20:65.3% mAP:25.1%
-----------------------------------------------------------
CAT Results ---------------------------------------------------
top1:19.9% top5:40.9% top10:52.1% top20:63.8% mAP:24.6%
-----------------------------------------------------------
Using 0m 0s
Classifier results ---------------------------------------------------
Query acc: 16.8% Gallery acc: 95.3% Total acc: 48.2%
Jump TSNE in test
==========Test with latent_z: new_z =========
==========Test with NCE LOSS=========
Extracted features for query set, obtained torch.Size([2709, 192]) matrix
Extracted features for gallery set, obtained torch.Size([2000, 192]) matrix
Extracting features complete in 0m 3s
Distance computing in 0m 0s
Results ---------------------------------------------------
top1:19.4% top5:40.1% top10:50.8% top20:62.6% mAP:23.3%
-----------------------------------------------------------
CAT Results ---------------------------------------------------
top1:20.1% top5:42.2% top10:53.4% top20:65.2% mAP:25.1%
-----------------------------------------------------------
Using 0m 0s
Classifier results ---------------------------------------------------
Query acc: 16.8% Gallery acc: 95.3% Total acc: 48.2%
Epoch:6 Time:5.8 Data:0.0 Loss:0.4568 Cls Loss:6.9038 Pair Loss:0.1591 Center Loss:1326.5037 KL Loss:180.8168 Recon Loss:0.1866 Acc:0.9090 Acc NCE:0.9090
Epoch:7 Time:4.9 Data:0.0 Loss:0.4012 Cls Loss:6.9036 Pair Loss:0.1462 Center Loss:1326.5608 KL Loss:180.5378 Recon Loss:0.1866 Acc:0.9269 Acc NCE:0.9269
Epoch:8 Time:4.9 Data:0.0 Loss:0.3857 Cls Loss:6.9037 Pair Loss:0.1418 Center Loss:1328.4172 KL Loss:180.3875 Recon Loss:0.1867 Acc:0.9254 Acc NCE:0.9254
Epoch:9 Time:5.1 Data:0.0 Loss:0.3791 Cls Loss:6.9037 Pair Loss:0.1404 Center Loss:1328.9713 KL Loss:180.1152 Recon Loss:0.1866 Acc:0.9360 Acc NCE:0.9360
Epoch:10 Time:5.1 Data:0.0 Loss:0.3678 Cls Loss:6.9038 Pair Loss:0.1350 Center Loss:1330.2630 KL Loss:179.8398 Recon Loss:0.1867 Acc:0.9418 Acc NCE:0.9418
=> Test at epoch 10
==========Test with latent_z: z_c =========
==========Test with NCE LOSS=========
Extracted features for query set, obtained torch.Size([2709, 1280]) matrix
Extracted features for gallery set, obtained torch.Size([2000, 1280]) matrix
Extracting features complete in 0m 4s
Distance computing in 0m 0s
Results ---------------------------------------------------
top1:21.2% top5:43.2% top10:55.0% top20:66.6% mAP:26.3%
-----------------------------------------------------------
CAT Results ---------------------------------------------------
top1:20.3% top5:41.7% top10:53.3% top20:65.2% mAP:25.3%
-----------------------------------------------------------
Using 0m 0s
Classifier results ---------------------------------------------------
Query acc: 18.1% Gallery acc: 97.4% Total acc: 49.8%
Jump TSNE in test
==========Test with latent_z: new_z =========
==========Test with NCE LOSS=========
Extracted features for query set, obtained torch.Size([2709, 192]) matrix
Extracted features for gallery set, obtained torch.Size([2000, 192]) matrix
Extracting features complete in 0m 3s
Distance computing in 0m 0s
Results ---------------------------------------------------
top1:19.4% top5:40.1% top10:50.8% top20:62.6% mAP:23.3%
-----------------------------------------------------------
CAT Results ---------------------------------------------------
top1:21.1% top5:43.0% top10:54.4% top20:66.5% mAP:25.9%
-----------------------------------------------------------
Using 0m 0s
Classifier results ---------------------------------------------------
Query acc: 18.1% Gallery acc: 97.4% Total acc: 49.8%
Epoch:11 Time:5.5 Data:0.0 Loss:0.3179 Cls Loss:6.9036 Pair Loss:0.1319 Center Loss:1328.9132 KL Loss:179.5038 Recon Loss:0.1866 Acc:0.9541 Acc NCE:0.9541
Epoch:12 Time:5.1 Data:0.0 Loss:0.3210 Cls Loss:6.9036 Pair Loss:0.1264 Center Loss:1328.9243 KL Loss:179.3894 Recon Loss:0.1867 Acc:0.9468 Acc NCE:0.9468
Epoch:13 Time:5.0 Data:0.0 Loss:0.3128 Cls Loss:6.9037 Pair Loss:0.1245 Center Loss:1330.5606 KL Loss:179.0455 Recon Loss:0.1866 Acc:0.9544 Acc NCE:0.9544
Epoch:14 Time:5.0 Data:0.0 Loss:0.2890 Cls Loss:6.9038 Pair Loss:0.1196 Center Loss:1331.8959 KL Loss:178.7616 Recon Loss:0.1866 Acc:0.9549 Acc NCE:0.9549
Epoch:15 Time:5.0 Data:0.0 Loss:0.3169 Cls Loss:6.9038 Pair Loss:0.1199 Center Loss:1332.5731 KL Loss:178.5863 Recon Loss:0.1867 Acc:0.9504 Acc NCE:0.9504
=> Test at epoch 15
==========Test with latent_z: z_c =========
==========Test with NCE LOSS=========
Extracted features for query set, obtained torch.Size([2709, 1280]) matrix
Extracted features for gallery set, obtained torch.Size([2000, 1280]) matrix
Extracting features complete in 0m 4s
Distance computing in 0m 0s
Results ---------------------------------------------------
top1:22.1% top5:43.3% top10:54.7% top20:65.3% mAP:26.6%
-----------------------------------------------------------
CAT Results ---------------------------------------------------
top1:21.0% top5:41.3% top10:52.5% top20:63.7% mAP:25.5%
-----------------------------------------------------------
Using 0m 0s
Classifier results ---------------------------------------------------
Query acc: 17.5% Gallery acc: 97.3% Total acc: 49.4%
Jump TSNE in test
==========Test with latent_z: new_z =========
==========Test with NCE LOSS=========
Extracted features for query set, obtained torch.Size([2709, 192]) matrix
Extracted features for gallery set, obtained torch.Size([2000, 192]) matrix
Extracting features complete in 0m 3s
Distance computing in 0m 0s
Results ---------------------------------------------------
top1:19.4% top5:40.1% top10:50.8% top20:62.6% mAP:23.3%
-----------------------------------------------------------
CAT Results ---------------------------------------------------
top1:20.8% top5:42.3% top10:54.1% top20:66.3% mAP:25.9%
-----------------------------------------------------------
Using 0m 0s
Classifier results ---------------------------------------------------
Query acc: 17.5% Gallery acc: 97.3% Total acc: 49.4%
Epoch:16 Time:5.4 Data:0.0 Loss:0.2965 Cls Loss:6.9038 Pair Loss:0.1231 Center Loss:1334.8405 KL Loss:178.3593 Recon Loss:0.1866 Acc:0.9599 Acc NCE:0.9599
Epoch:17 Time:4.6 Data:0.0 Loss:0.2817 Cls Loss:6.9036 Pair Loss:0.1166 Center Loss:1332.2076 KL Loss:178.0835 Recon Loss:0.1866 Acc:0.9597 Acc NCE:0.9597
Epoch:18 Time:4.6 Data:0.0 Loss:0.2805 Cls Loss:6.9037 Pair Loss:0.1125 Center Loss:1334.0844 KL Loss:177.9341 Recon Loss:0.1867 Acc:0.9607 Acc NCE:0.9607
Epoch:19 Time:4.9 Data:0.0 Loss:0.2313 Cls Loss:6.9037 Pair Loss:0.1079 Center Loss:1336.4662 KL Loss:177.5509 Recon Loss:0.1866 Acc:0.9680 Acc NCE:0.9680
Epoch:20 Time:5.2 Data:0.0 Loss:0.2639 Cls Loss:6.9038 Pair Loss:0.1056 Center Loss:1333.4042 KL Loss:177.1173 Recon Loss:0.1866 Acc:0.9657 Acc NCE:0.9657
=> Test at epoch 20
==========Test with latent_z: z_c =========
==========Test with NCE LOSS=========
Extracted features for query set, obtained torch.Size([2709, 1280]) matrix
Extracted features for gallery set, obtained torch.Size([2000, 1280]) matrix
Extracting features complete in 0m 4s
Distance computing in 0m 0s
Results ---------------------------------------------------
top1:21.9% top5:44.0% top10:55.4% top20:67.1% mAP:27.1%
-----------------------------------------------------------
CAT Results ---------------------------------------------------
top1:20.7% top5:42.6% top10:53.5% top20:65.7% mAP:25.8%
-----------------------------------------------------------
Using 0m 0s
Classifier results ---------------------------------------------------
Query acc: 18.8% Gallery acc: 98.7% Total acc: 50.7%
Jump TSNE in test
==========Test with latent_z: new_z =========
==========Test with NCE LOSS=========
Extracted features for query set, obtained torch.Size([2709, 192]) matrix
Extracted features for gallery set, obtained torch.Size([2000, 192]) matrix
Extracting features complete in 0m 3s
Distance computing in 0m 0s
Results ---------------------------------------------------
top1:19.4% top5:40.1% top10:50.8% top20:62.6% mAP:23.3%
-----------------------------------------------------------
CAT Results ---------------------------------------------------
top1:21.1% top5:43.5% top10:55.4% top20:67.0% mAP:26.5%
-----------------------------------------------------------
Using 0m 0s
Classifier results ---------------------------------------------------
Query acc: 18.8% Gallery acc: 98.7% Total acc: 50.7%
Epoch:21 Time:5.7 Data:0.0 Loss:0.2388 Cls Loss:6.9037 Pair Loss:0.0994 Center Loss:1334.4689 KL Loss:177.1513 Recon Loss:0.1866 Acc:0.9680 Acc NCE:0.9680
Epoch:22 Time:4.8 Data:0.0 Loss:0.2115 Cls Loss:6.9037 Pair Loss:0.1042 Center Loss:1334.7001 KL Loss:176.7507 Recon Loss:0.1866 Acc:0.9758 Acc NCE:0.9758
Epoch:23 Time:5.2 Data:0.0 Loss:0.2261 Cls Loss:6.9037 Pair Loss:0.0998 Center Loss:1336.2958 KL Loss:176.5855 Recon Loss:0.1866 Acc:0.9698 Acc NCE:0.9698
Epoch:24 Time:5.1 Data:0.0 Loss:0.2697 Cls Loss:6.9037 Pair Loss:0.0960 Center Loss:1335.1719 KL Loss:176.3224 Recon Loss:0.1866 Acc:0.9599 Acc NCE:0.9599
Epoch:25 Time:4.9 Data:0.0 Loss:0.2875 Cls Loss:6.9038 Pair Loss:0.1057 Center Loss:1335.6395 KL Loss:176.0808 Recon Loss:0.1866 Acc:0.9572 Acc NCE:0.9572
=> Test at epoch 25
==========Test with latent_z: z_c =========
==========Test with NCE LOSS=========
Extracted features for query set, obtained torch.Size([2709, 1280]) matrix
Extracted features for gallery set, obtained torch.Size([2000, 1280]) matrix
Extracting features complete in 0m 4s
Distance computing in 0m 0s
Results ---------------------------------------------------
top1:21.8% top5:44.3% top10:55.7% top20:67.3% mAP:27.3%
-----------------------------------------------------------
CAT Results ---------------------------------------------------
top1:20.9% top5:42.9% top10:53.8% top20:65.2% mAP:26.0%
-----------------------------------------------------------
Using 0m 0s
Classifier results ---------------------------------------------------
Query acc: 18.1% Gallery acc: 97.9% Total acc: 50.0%
Jump TSNE in test
==========Test with latent_z: new_z =========
==========Test with NCE LOSS=========
Extracted features for query set, obtained torch.Size([2709, 192]) matrix
Extracted features for gallery set, obtained torch.Size([2000, 192]) matrix
Extracting features complete in 0m 3s
Distance computing in 0m 0s
Results ---------------------------------------------------
top1:19.4% top5:40.1% top10:50.8% top20:62.6% mAP:23.3%
-----------------------------------------------------------
CAT Results ---------------------------------------------------
top1:21.2% top5:43.8% top10:55.1% top20:67.1% mAP:26.6%
-----------------------------------------------------------
Using 0m 0s
Classifier results ---------------------------------------------------
Query acc: 18.1% Gallery acc: 97.9% Total acc: 50.0%
Epoch:26 Time:6.0 Data:0.0 Loss:0.2686 Cls Loss:6.9037 Pair Loss:0.0994 Center Loss:1338.7284 KL Loss:175.9749 Recon Loss:0.1867 Acc:0.9609 Acc NCE:0.9609
Epoch:27 Time:4.9 Data:0.0 Loss:0.2320 Cls Loss:6.9038 Pair Loss:0.0994 Center Loss:1337.9883 KL Loss:175.7096 Recon Loss:0.1866 Acc:0.9670 Acc NCE:0.9670
Epoch:28 Time:5.2 Data:0.0 Loss:0.2298 Cls Loss:6.9038 Pair Loss:0.0944 Center Loss:1337.4512 KL Loss:175.3142 Recon Loss:0.1867 Acc:0.9695 Acc NCE:0.9695
Epoch:29 Time:5.1 Data:0.0 Loss:0.2817 Cls Loss:6.9038 Pair Loss:0.0947 Center Loss:1340.6727 KL Loss:175.0231 Recon Loss:0.1866 Acc:0.9561 Acc NCE:0.9561
Epoch:30 Time:4.8 Data:0.0 Loss:0.2648 Cls Loss:6.9037 Pair Loss:0.0949 Center Loss:1338.4075 KL Loss:174.8101 Recon Loss:0.1866 Acc:0.9624 Acc NCE:0.9624
=> Test at epoch 30
==========Test with latent_z: z_c =========
==========Test with NCE LOSS=========
Extracted features for query set, obtained torch.Size([2709, 1280]) matrix
Extracted features for gallery set, obtained torch.Size([2000, 1280]) matrix
Extracting features complete in 0m 4s
Distance computing in 0m 0s
Results ---------------------------------------------------
top1:22.2% top5:44.3% top10:55.4% top20:67.2% mAP:27.4%
-----------------------------------------------------------
CAT Results ---------------------------------------------------
top1:20.8% top5:42.6% top10:53.6% top20:64.7% mAP:26.0%
-----------------------------------------------------------
Using 0m 0s
Classifier results ---------------------------------------------------
Query acc: 16.4% Gallery acc: 98.5% Total acc: 49.2%
Jump TSNE in test
==========Test with latent_z: new_z =========
==========Test with NCE LOSS=========
Extracted features for query set, obtained torch.Size([2709, 192]) matrix
Extracted features for gallery set, obtained torch.Size([2000, 192]) matrix
Extracting features complete in 0m 3s
Distance computing in 0m 0s
Results ---------------------------------------------------
top1:19.4% top5:40.1% top10:50.8% top20:62.6% mAP:23.3%
-----------------------------------------------------------
CAT Results ---------------------------------------------------
top1:20.9% top5:43.8% top10:55.3% top20:66.4% mAP:26.4%
-----------------------------------------------------------
Using 0m 0s
Classifier results ---------------------------------------------------
Query acc: 16.4% Gallery acc: 98.5% Total acc: 49.2%
Epoch:31 Time:5.4 Data:0.0 Loss:0.2357 Cls Loss:6.9038 Pair Loss:0.0925 Center Loss:1340.3167 KL Loss:174.6767 Recon Loss:0.1867 Acc:0.9705 Acc NCE:0.9705
Epoch:32 Time:5.0 Data:0.0 Loss:0.1879 Cls Loss:6.9037 Pair Loss:0.0915 Center Loss:1340.1533 KL Loss:174.4235 Recon Loss:0.1866 Acc:0.9793 Acc NCE:0.9793
Epoch:33 Time:5.1 Data:0.0 Loss:0.2200 Cls Loss:6.9039 Pair Loss:0.0883 Center Loss:1340.0997 KL Loss:174.0251 Recon Loss:0.1867 Acc:0.9756 Acc NCE:0.9756
Epoch:34 Time:5.2 Data:0.0 Loss:0.2284 Cls Loss:6.9037 Pair Loss:0.0923 Center Loss:1340.0010 KL Loss:173.8444 Recon Loss:0.1866 Acc:0.9713 Acc NCE:0.9713
Epoch:35 Time:5.2 Data:0.0 Loss:0.2268 Cls Loss:6.9038 Pair Loss:0.0869 Center Loss:1343.8329 KL Loss:173.5934 Recon Loss:0.1866 Acc:0.9728 Acc NCE:0.9728
=> Test at epoch 35
==========Test with latent_z: z_c =========
==========Test with NCE LOSS=========
Extracted features for query set, obtained torch.Size([2709, 1280]) matrix
Extracted features for gallery set, obtained torch.Size([2000, 1280]) matrix
Extracting features complete in 0m 4s
Distance computing in 0m 0s
Results ---------------------------------------------------
top1:22.5% top5:44.7% top10:55.1% top20:66.9% mAP:27.9%
-----------------------------------------------------------
CAT Results ---------------------------------------------------
top1:21.2% top5:42.6% top10:54.2% top20:64.5% mAP:26.3%
-----------------------------------------------------------
Using 0m 0s
Classifier results ---------------------------------------------------
Query acc: 18.7% Gallery acc: 98.1% Total acc: 50.5%
Jump TSNE in test
==========Test with latent_z: new_z =========
==========Test with NCE LOSS=========
Extracted features for query set, obtained torch.Size([2709, 192]) matrix
Extracted features for gallery set, obtained torch.Size([2000, 192]) matrix
Extracting features complete in 0m 3s
Distance computing in 0m 0s
Results ---------------------------------------------------
top1:19.4% top5:40.1% top10:50.8% top20:62.6% mAP:23.3%
-----------------------------------------------------------
CAT Results ---------------------------------------------------
top1:21.6% top5:43.2% top10:55.1% top20:66.7% mAP:26.8%
-----------------------------------------------------------
Using 0m 0s
Classifier results ---------------------------------------------------
Query acc: 18.7% Gallery acc: 98.1% Total acc: 50.5%
Epoch:36 Time:5.5 Data:0.0 Loss:0.2200 Cls Loss:6.9036 Pair Loss:0.0848 Center Loss:1342.4641 KL Loss:173.4157 Recon Loss:0.1867 Acc:0.9695 Acc NCE:0.9695
Epoch:37 Time:5.8 Data:0.0 Loss:0.3182 Cls Loss:6.9037 Pair Loss:0.0923 Center Loss:1344.1898 KL Loss:173.1094 Recon Loss:0.1867 Acc:0.9564 Acc NCE:0.9564
Epoch:38 Time:5.2 Data:0.0 Loss:0.2299 Cls Loss:6.9037 Pair Loss:0.0907 Center Loss:1343.4156 KL Loss:172.9060 Recon Loss:0.1867 Acc:0.9700 Acc NCE:0.9700
Epoch:39 Time:5.2 Data:0.0 Loss:0.2481 Cls Loss:6.9039 Pair Loss:0.0869 Center Loss:1349.1730 KL Loss:172.4808 Recon Loss:0.1866 Acc:0.9640 Acc NCE:0.9640
Epoch:40 Time:4.7 Data:0.0 Loss:0.2760 Cls Loss:6.9038 Pair Loss:0.0905 Center Loss:1347.5082 KL Loss:172.2584 Recon Loss:0.1867 Acc:0.9607 Acc NCE:0.9607
=> Test at epoch 40
==========Test with latent_z: z_c =========
==========Test with NCE LOSS=========
Extracted features for query set, obtained torch.Size([2709, 1280]) matrix
Extracted features for gallery set, obtained torch.Size([2000, 1280]) matrix
Extracting features complete in 0m 4s
Distance computing in 0m 0s
Results ---------------------------------------------------
top1:21.4% top5:44.1% top10:54.9% top20:66.6% mAP:27.4%
-----------------------------------------------------------
CAT Results ---------------------------------------------------
top1:21.3% top5:42.0% top10:52.9% top20:64.0% mAP:26.2%
-----------------------------------------------------------
Using 0m 0s
Classifier results ---------------------------------------------------
Query acc: 17.3% Gallery acc: 98.4% Total acc: 49.7%
Jump TSNE in test
==========Test with latent_z: new_z =========
==========Test with NCE LOSS=========
Extracted features for query set, obtained torch.Size([2709, 192]) matrix
Extracted features for gallery set, obtained torch.Size([2000, 192]) matrix
Extracting features complete in 0m 3s
Distance computing in 0m 0s
Results ---------------------------------------------------
top1:19.4% top5:40.1% top10:50.8% top20:62.6% mAP:23.3%
-----------------------------------------------------------
CAT Results ---------------------------------------------------
top1:21.5% top5:43.2% top10:54.5% top20:66.0% mAP:26.7%
-----------------------------------------------------------
Using 0m 0s
Classifier results ---------------------------------------------------
Query acc: 17.3% Gallery acc: 98.4% Total acc: 49.7%
Epoch:41 Time:5.7 Data:0.0 Loss:0.2700 Cls Loss:6.9039 Pair Loss:0.0897 Center Loss:1346.6565 KL Loss:172.0864 Recon Loss:0.1867 Acc:0.9640 Acc NCE:0.9640
Epoch:42 Time:5.2 Data:0.0 Loss:0.2558 Cls Loss:6.9038 Pair Loss:0.0919 Center Loss:1347.7992 KL Loss:171.8104 Recon Loss:0.1866 Acc:0.9667 Acc NCE:0.9667
Epoch:43 Time:5.2 Data:0.0 Loss:0.2225 Cls Loss:6.9038 Pair Loss:0.0892 Center Loss:1349.3091 KL Loss:171.6567 Recon Loss:0.1867 Acc:0.9680 Acc NCE:0.9680
Epoch:44 Time:4.9 Data:0.0 Loss:0.2503 Cls Loss:6.9038 Pair Loss:0.0859 Center Loss:1348.9716 KL Loss:171.3901 Recon Loss:0.1867 Acc:0.9700 Acc NCE:0.9700
Epoch:45 Time:4.6 Data:0.0 Loss:0.2701 Cls Loss:6.9039 Pair Loss:0.0831 Center Loss:1347.9445 KL Loss:171.1600 Recon Loss:0.1866 Acc:0.9708 Acc NCE:0.9708
=> Test at epoch 45
==========Test with latent_z: z_c =========
==========Test with NCE LOSS=========
Extracted features for query set, obtained torch.Size([2709, 1280]) matrix
Extracted features for gallery set, obtained torch.Size([2000, 1280]) matrix
Extracting features complete in 0m 4s
Distance computing in 0m 0s
Results ---------------------------------------------------
top1:22.6% top5:45.0% top10:55.6% top20:67.1% mAP:28.1%
-----------------------------------------------------------
CAT Results ---------------------------------------------------
top1:21.7% top5:42.7% top10:54.0% top20:65.0% mAP:26.7%
-----------------------------------------------------------
Using 0m 0s
Classifier results ---------------------------------------------------
Query acc: 18.6% Gallery acc: 98.4% Total acc: 50.5%
Jump TSNE in test
==========Test with latent_z: new_z =========
==========Test with NCE LOSS=========
Extracted features for query set, obtained torch.Size([2709, 192]) matrix
Extracted features for gallery set, obtained torch.Size([2000, 192]) matrix
Extracting features complete in 0m 3s
Distance computing in 0m 0s
Results ---------------------------------------------------
top1:19.4% top5:40.1% top10:50.8% top20:62.6% mAP:23.3%
-----------------------------------------------------------
CAT Results ---------------------------------------------------
top1:22.4% top5:43.2% top10:55.3% top20:66.4% mAP:27.1%
-----------------------------------------------------------
Using 0m 0s
Classifier results ---------------------------------------------------
Query acc: 18.6% Gallery acc: 98.4% Total acc: 50.5%
Epoch:46 Time:5.4 Data:0.0 Loss:0.2225 Cls Loss:6.9039 Pair Loss:0.0822 Center Loss:1348.4516 KL Loss:170.8164 Recon Loss:0.1867 Acc:0.9766 Acc NCE:0.9766
Epoch:47 Time:5.0 Data:0.0 Loss:0.2371 Cls Loss:6.9039 Pair Loss:0.0827 Center Loss:1349.2399 KL Loss:170.7411 Recon Loss:0.1866 Acc:0.9720 Acc NCE:0.9720
Epoch:48 Time:5.3 Data:0.0 Loss:0.2652 Cls Loss:6.9038 Pair Loss:0.0853 Center Loss:1346.4870 KL Loss:170.3512 Recon Loss:0.1866 Acc:0.9705 Acc NCE:0.9705
Epoch:49 Time:5.2 Data:0.0 Loss:0.2805 Cls Loss:6.9039 Pair Loss:0.0875 Center Loss:1347.7709 KL Loss:170.0958 Recon Loss:0.1866 Acc:0.9645 Acc NCE:0.9645
Epoch:50 Time:5.0 Data:0.0 Loss:0.2364 Cls Loss:6.9039 Pair Loss:0.0843 Center Loss:1347.9169 KL Loss:170.0734 Recon Loss:0.1866 Acc:0.9740 Acc NCE:0.9740
=> Test at epoch 50
==========Test with latent_z: z_c =========
==========Test with NCE LOSS=========
Extracted features for query set, obtained torch.Size([2709, 1280]) matrix
Extracted features for gallery set, obtained torch.Size([2000, 1280]) matrix
Extracting features complete in 0m 4s
Distance computing in 0m 0s
Results ---------------------------------------------------
top1:22.4% top5:43.0% top10:54.8% top20:66.8% mAP:27.4%
-----------------------------------------------------------
CAT Results ---------------------------------------------------
top1:21.4% top5:41.1% top10:52.8% top20:64.5% mAP:26.2%
-----------------------------------------------------------
Using 0m 0s
Classifier results ---------------------------------------------------
Query acc: 17.2% Gallery acc: 98.9% Total acc: 49.9%
Jump TSNE in test
==========Test with latent_z: new_z =========
==========Test with NCE LOSS=========
Extracted features for query set, obtained torch.Size([2709, 192]) matrix
Extracted features for gallery set, obtained torch.Size([2000, 192]) matrix
Extracting features complete in 0m 3s
Distance computing in 0m 0s
Results ---------------------------------------------------
top1:19.4% top5:40.1% top10:50.8% top20:62.6% mAP:23.3%
-----------------------------------------------------------
CAT Results ---------------------------------------------------
top1:21.8% top5:41.8% top10:54.0% top20:65.6% mAP:26.7%
-----------------------------------------------------------
Using 0m 0s
Classifier results ---------------------------------------------------
Query acc: 17.2% Gallery acc: 98.9% Total acc: 49.9%
Epoch:51 Time:5.4 Data:0.0 Loss:0.2771 Cls Loss:6.9039 Pair Loss:0.0847 Center Loss:1351.3420 KL Loss:169.6227 Recon Loss:0.1866 Acc:0.9718 Acc NCE:0.9718
Epoch:52 Time:5.0 Data:0.0 Loss:0.2591 Cls Loss:6.9038 Pair Loss:0.0786 Center Loss:1348.7125 KL Loss:169.3296 Recon Loss:0.1866 Acc:0.9753 Acc NCE:0.9753
Epoch:53 Time:4.9 Data:0.0 Loss:0.2444 Cls Loss:6.9040 Pair Loss:0.0830 Center Loss:1350.3348 KL Loss:169.1530 Recon Loss:0.1867 Acc:0.9708 Acc NCE:0.9708
Epoch:54 Time:4.9 Data:0.0 Loss:0.2305 Cls Loss:6.9038 Pair Loss:0.0825 Center Loss:1353.8510 KL Loss:168.8379 Recon Loss:0.1867 Acc:0.9733 Acc NCE:0.9733
Epoch:55 Time:5.2 Data:0.0 Loss:0.2291 Cls Loss:6.9037 Pair Loss:0.0750 Center Loss:1350.9645 KL Loss:168.7522 Recon Loss:0.1867 Acc:0.9763 Acc NCE:0.9763
=> Test at epoch 55
==========Test with latent_z: z_c =========
==========Test with NCE LOSS=========
Extracted features for query set, obtained torch.Size([2709, 1280]) matrix
Extracted features for gallery set, obtained torch.Size([2000, 1280]) matrix
Extracting features complete in 0m 4s
Distance computing in 0m 0s
Results ---------------------------------------------------
top1:23.6% top5:44.7% top10:55.8% top20:66.2% mAP:28.5%
-----------------------------------------------------------
CAT Results ---------------------------------------------------
top1:21.4% top5:43.2% top10:54.4% top20:64.7% mAP:26.7%
-----------------------------------------------------------
Using 0m 0s
Classifier results ---------------------------------------------------
Query acc: 17.4% Gallery acc: 98.9% Total acc: 50.0%
Jump TSNE in test
==========Test with latent_z: new_z =========
==========Test with NCE LOSS=========
Extracted features for query set, obtained torch.Size([2709, 192]) matrix
Extracted features for gallery set, obtained torch.Size([2000, 192]) matrix
Extracting features complete in 0m 3s
Distance computing in 0m 0s
Results ---------------------------------------------------
top1:19.4% top5:40.1% top10:50.8% top20:62.6% mAP:23.3%
-----------------------------------------------------------
CAT Results ---------------------------------------------------
top1:21.8% top5:43.9% top10:55.1% top20:66.0% mAP:27.1%
-----------------------------------------------------------
Using 0m 0s
Classifier results ---------------------------------------------------
Query acc: 17.4% Gallery acc: 98.9% Total acc: 50.0%
Epoch:56 Time:5.7 Data:0.0 Loss:0.2524 Cls Loss:6.9040 Pair Loss:0.0758 Center Loss:1351.0027 KL Loss:168.2251 Recon Loss:0.1866 Acc:0.9735 Acc NCE:0.9735
Epoch:57 Time:5.0 Data:0.0 Loss:0.1801 Cls Loss:6.9037 Pair Loss:0.0745 Center Loss:1351.5296 KL Loss:168.2244 Recon Loss:0.1867 Acc:0.9811 Acc NCE:0.9811
Epoch:58 Time:5.2 Data:0.0 Loss:0.1643 Cls Loss:6.9038 Pair Loss:0.0749 Center Loss:1351.2202 KL Loss:167.9704 Recon Loss:0.1866 Acc:0.9856 Acc NCE:0.9856
Epoch:59 Time:5.0 Data:0.0 Loss:0.1585 Cls Loss:6.9040 Pair Loss:0.0742 Center Loss:1351.7410 KL Loss:167.6638 Recon Loss:0.1867 Acc:0.9877 Acc NCE:0.9877
Epoch:60 Time:5.3 Data:0.0 Loss:0.1900 Cls Loss:6.9038 Pair Loss:0.0687 Center Loss:1348.3469 KL Loss:167.3709 Recon Loss:0.1867 Acc:0.9836 Acc NCE:0.9836
=> Test at epoch 60
==========Test with latent_z: z_c =========
==========Test with NCE LOSS=========
Extracted features for query set, obtained torch.Size([2709, 1280]) matrix
Extracted features for gallery set, obtained torch.Size([2000, 1280]) matrix
Extracting features complete in 0m 4s
Distance computing in 0m 0s
Results ---------------------------------------------------
top1:23.5% top5:45.1% top10:56.2% top20:67.4% mAP:28.5%
-----------------------------------------------------------
CAT Results ---------------------------------------------------
top1:22.4% top5:42.2% top10:53.3% top20:65.1% mAP:27.0%
-----------------------------------------------------------
Using 0m 0s
Classifier results ---------------------------------------------------
Query acc: 16.6% Gallery acc: 99.1% Total acc: 49.6%
Jump TSNE in test
==========Test with latent_z: new_z =========
==========Test with NCE LOSS=========
Extracted features for query set, obtained torch.Size([2709, 192]) matrix
Extracted features for gallery set, obtained torch.Size([2000, 192]) matrix
Extracting features complete in 0m 3s
Distance computing in 0m 0s
Results ---------------------------------------------------
top1:19.4% top5:40.1% top10:50.8% top20:62.6% mAP:23.3%
-----------------------------------------------------------
CAT Results ---------------------------------------------------
top1:22.5% top5:42.9% top10:54.2% top20:67.1% mAP:27.3%
-----------------------------------------------------------
Using 0m 0s
Classifier results ---------------------------------------------------
Query acc: 16.6% Gallery acc: 99.1% Total acc: 49.6%
Epoch:61 Time:5.7 Data:0.0 Loss:0.1246 Cls Loss:6.9038 Pair Loss:0.0678 Center Loss:1351.3859 KL Loss:167.2781 Recon Loss:0.1867 Acc:0.9924 Acc NCE:0.9924
Epoch:62 Time:5.0 Data:0.0 Loss:0.0766 Cls Loss:6.9038 Pair Loss:0.0615 Center Loss:1349.8359 KL Loss:166.7382 Recon Loss:0.1867 Acc:0.9975 Acc NCE:0.9975
Epoch:63 Time:5.2 Data:0.0 Loss:0.0707 Cls Loss:6.9038 Pair Loss:0.0631 Center Loss:1348.9722 KL Loss:166.5940 Recon Loss:0.1867 Acc:0.9990 Acc NCE:0.9990
Epoch:64 Time:4.5 Data:0.0 Loss:0.0598 Cls Loss:6.9038 Pair Loss:0.0569 Center Loss:1347.7987 KL Loss:166.4042 Recon Loss:0.1866 Acc:0.9995 Acc NCE:0.9995
Epoch:65 Time:5.0 Data:0.0 Loss:0.0576 Cls Loss:6.9038 Pair Loss:0.0552 Center Loss:1347.6900 KL Loss:166.1505 Recon Loss:0.1866 Acc:0.9990 Acc NCE:0.9990
=> Test at epoch 65
==========Test with latent_z: z_c =========
==========Test with NCE LOSS=========
Extracted features for query set, obtained torch.Size([2709, 1280]) matrix
Extracted features for gallery set, obtained torch.Size([2000, 1280]) matrix
Extracting features complete in 0m 4s
Distance computing in 0m 0s
Results ---------------------------------------------------
top1:23.9% top5:45.6% top10:57.2% top20:68.5% mAP:29.2%
-----------------------------------------------------------
CAT Results ---------------------------------------------------
top1:22.3% top5:43.4% top10:54.5% top20:66.4% mAP:27.6%
-----------------------------------------------------------
Using 0m 0s
Classifier results ---------------------------------------------------
Query acc: 18.6% Gallery acc: 100.0% Total acc: 51.2%
Jump TSNE in test
==========Test with latent_z: new_z =========
==========Test with NCE LOSS=========
Extracted features for query set, obtained torch.Size([2709, 192]) matrix
Extracted features for gallery set, obtained torch.Size([2000, 192]) matrix
Extracting features complete in 0m 3s
Distance computing in 0m 0s
Results ---------------------------------------------------
top1:19.4% top5:40.1% top10:50.8% top20:62.6% mAP:23.3%
-----------------------------------------------------------
CAT Results ---------------------------------------------------
top1:22.4% top5:43.7% top10:55.3% top20:68.0% mAP:27.8%
-----------------------------------------------------------
Using 0m 0s
Classifier results ---------------------------------------------------
Query acc: 18.6% Gallery acc: 100.0% Total acc: 51.2%
Epoch:66 Time:5.8 Data:0.0 Loss:0.0541 Cls Loss:6.9039 Pair Loss:0.0524 Center Loss:1346.8480 KL Loss:165.8623 Recon Loss:0.1866 Acc:0.9992 Acc NCE:0.9992
Epoch:67 Time:5.0 Data:0.0 Loss:0.0592 Cls Loss:6.9039 Pair Loss:0.0573 Center Loss:1346.6447 KL Loss:165.7076 Recon Loss:0.1866 Acc:0.9995 Acc NCE:0.9995
Epoch:68 Time:5.0 Data:0.0 Loss:0.0518 Cls Loss:6.9038 Pair Loss:0.0498 Center Loss:1346.2881 KL Loss:165.3843 Recon Loss:0.1866 Acc:0.9992 Acc NCE:0.9992
Epoch:69 Time:5.1 Data:0.0 Loss:0.0506 Cls Loss:6.9039 Pair Loss:0.0485 Center Loss:1346.2439 KL Loss:165.1979 Recon Loss:0.1866 Acc:0.9990 Acc NCE:0.9990
Epoch:70 Time:5.3 Data:0.0 Loss:0.0513 Cls Loss:6.9038 Pair Loss:0.0492 Center Loss:1345.7173 KL Loss:164.8637 Recon Loss:0.1867 Acc:0.9990 Acc NCE:0.9990
=> Test at epoch 70
==========Test with latent_z: z_c =========
==========Test with NCE LOSS=========
Extracted features for query set, obtained torch.Size([2709, 1280]) matrix
Extracted features for gallery set, obtained torch.Size([2000, 1280]) matrix
Extracting features complete in 0m 4s
Distance computing in 0m 0s
Results ---------------------------------------------------
top1:24.1% top5:46.1% top10:57.5% top20:68.8% mAP:29.6%
-----------------------------------------------------------
CAT Results ---------------------------------------------------
top1:22.4% top5:44.1% top10:55.4% top20:67.0% mAP:28.0%
-----------------------------------------------------------
Using 0m 0s
Classifier results ---------------------------------------------------
Query acc: 18.8% Gallery acc: 100.0% Total acc: 51.3%
Jump TSNE in test
==========Test with latent_z: new_z =========
==========Test with NCE LOSS=========
Extracted features for query set, obtained torch.Size([2709, 192]) matrix
Extracted features for gallery set, obtained torch.Size([2000, 192]) matrix
Extracting features complete in 0m 3s
Distance computing in 0m 0s
Results ---------------------------------------------------
top1:19.4% top5:40.1% top10:50.8% top20:62.6% mAP:23.3%
-----------------------------------------------------------
CAT Results ---------------------------------------------------
top1:22.7% top5:44.4% top10:56.0% top20:68.5% mAP:28.2%
-----------------------------------------------------------
Using 0m 0s
Classifier results ---------------------------------------------------
Query acc: 18.8% Gallery acc: 100.0% Total acc: 51.3%
Epoch:71 Time:5.7 Data:0.0 Loss:0.0488 Cls Loss:6.9039 Pair Loss:0.0476 Center Loss:1345.3757 KL Loss:164.6295 Recon Loss:0.1866 Acc:0.9992 Acc NCE:0.9992
Epoch:72 Time:4.7 Data:0.0 Loss:0.0523 Cls Loss:6.9039 Pair Loss:0.0503 Center Loss:1344.8627 KL Loss:164.5030 Recon Loss:0.1866 Acc:0.9992 Acc NCE:0.9992
Epoch:73 Time:5.0 Data:0.0 Loss:0.0479 Cls Loss:6.9039 Pair Loss:0.0457 Center Loss:1344.9961 KL Loss:164.0339 Recon Loss:0.1867 Acc:0.9990 Acc NCE:0.9990
Epoch:74 Time:5.3 Data:0.0 Loss:0.0445 Cls Loss:6.9039 Pair Loss:0.0420 Center Loss:1344.6308 KL Loss:163.9319 Recon Loss:0.1867 Acc:0.9990 Acc NCE:0.9990
Epoch:75 Time:5.0 Data:0.0 Loss:0.0509 Cls Loss:6.9038 Pair Loss:0.0486 Center Loss:1344.1496 KL Loss:163.6356 Recon Loss:0.1866 Acc:0.9990 Acc NCE:0.9990
=> Test at epoch 75
==========Test with latent_z: z_c =========
==========Test with NCE LOSS=========
Extracted features for query set, obtained torch.Size([2709, 1280]) matrix
Extracted features for gallery set, obtained torch.Size([2000, 1280]) matrix
Extracting features complete in 0m 4s
Distance computing in 0m 0s
Results ---------------------------------------------------
top1:24.0% top5:46.4% top10:58.1% top20:68.9% mAP:29.8%
-----------------------------------------------------------
CAT Results ---------------------------------------------------
top1:22.7% top5:44.3% top10:56.0% top20:67.0% mAP:28.3%
-----------------------------------------------------------
Using 0m 0s
Classifier results ---------------------------------------------------
Query acc: 18.8% Gallery acc: 100.0% Total acc: 51.3%
Jump TSNE in test
==========Test with latent_z: new_z =========
==========Test with NCE LOSS=========
Extracted features for query set, obtained torch.Size([2709, 192]) matrix
Extracted features for gallery set, obtained torch.Size([2000, 192]) matrix
Extracting features complete in 0m 3s
Distance computing in 0m 0s
Results ---------------------------------------------------
top1:19.4% top5:40.1% top10:50.8% top20:62.6% mAP:23.3%
-----------------------------------------------------------
CAT Results ---------------------------------------------------
top1:23.0% top5:44.7% top10:56.5% top20:68.9% mAP:28.4%
-----------------------------------------------------------
Using 0m 0s
Classifier results ---------------------------------------------------
Query acc: 18.8% Gallery acc: 100.0% Total acc: 51.3%
Epoch:76 Time:5.7 Data:0.0 Loss:0.0440 Cls Loss:6.9038 Pair Loss:0.0427 Center Loss:1343.9826 KL Loss:163.4157 Recon Loss:0.1866 Acc:0.9995 Acc NCE:0.9995
Epoch:77 Time:5.0 Data:0.0 Loss:0.0461 Cls Loss:6.9039 Pair Loss:0.0445 Center Loss:1343.6831 KL Loss:163.1759 Recon Loss:0.1867 Acc:0.9995 Acc NCE:0.9995
Epoch:78 Time:4.9 Data:0.0 Loss:0.0439 Cls Loss:6.9039 Pair Loss:0.0424 Center Loss:1343.5198 KL Loss:162.9631 Recon Loss:0.1867 Acc:0.9995 Acc NCE:0.9995
Epoch:79 Time:5.3 Data:0.0 Loss:0.0501 Cls Loss:6.9039 Pair Loss:0.0486 Center Loss:1343.3825 KL Loss:162.6718 Recon Loss:0.1867 Acc:0.9995 Acc NCE:0.9995
Epoch:80 Time:5.0 Data:0.0 Loss:0.0438 Cls Loss:6.9039 Pair Loss:0.0421 Center Loss:1342.8244 KL Loss:162.4131 Recon Loss:0.1867 Acc:0.9995 Acc NCE:0.9995
=> Test at epoch 80
==========Test with latent_z: z_c =========
==========Test with NCE LOSS=========
Extracted features for query set, obtained torch.Size([2709, 1280]) matrix
Extracted features for gallery set, obtained torch.Size([2000, 1280]) matrix
Extracting features complete in 0m 4s
Distance computing in 0m 0s
Results ---------------------------------------------------
top1:23.9% top5:46.6% top10:57.8% top20:68.8% mAP:29.9%
-----------------------------------------------------------
CAT Results ---------------------------------------------------
top1:22.7% top5:44.5% top10:56.4% top20:67.4% mAP:28.5%
-----------------------------------------------------------
Using 0m 0s
Classifier results ---------------------------------------------------
Query acc: 19.4% Gallery acc: 100.0% Total acc: 51.7%
Jump TSNE in test
==========Test with latent_z: new_z =========
==========Test with NCE LOSS=========
Extracted features for query set, obtained torch.Size([2709, 192]) matrix
Extracted features for gallery set, obtained torch.Size([2000, 192]) matrix
Extracting features complete in 0m 3s
Distance computing in 0m 0s
Results ---------------------------------------------------
top1:19.4% top5:40.1% top10:50.8% top20:62.6% mAP:23.3%
-----------------------------------------------------------
CAT Results ---------------------------------------------------
top1:23.0% top5:44.7% top10:56.6% top20:68.8% mAP:28.6%
-----------------------------------------------------------
Using 0m 0s
Classifier results ---------------------------------------------------
Query acc: 19.4% Gallery acc: 100.0% Total acc: 51.7%
Epoch:81 Time:5.7 Data:0.0 Loss:0.0413 Cls Loss:6.9039 Pair Loss:0.0397 Center Loss:1342.9607 KL Loss:162.3178 Recon Loss:0.1866 Acc:0.9995 Acc NCE:0.9995
Epoch:82 Time:5.0 Data:0.0 Loss:0.0451 Cls Loss:6.9039 Pair Loss:0.0433 Center Loss:1342.1591 KL Loss:162.1677 Recon Loss:0.1866 Acc:0.9995 Acc NCE:0.9995
Epoch:83 Time:5.2 Data:0.0 Loss:0.0423 Cls Loss:6.9039 Pair Loss:0.0407 Center Loss:1341.8608 KL Loss:162.1305 Recon Loss:0.1867 Acc:0.9995 Acc NCE:0.9995
Epoch:84 Time:5.1 Data:0.0 Loss:0.0435 Cls Loss:6.9039 Pair Loss:0.0411 Center Loss:1341.6377 KL Loss:162.0940 Recon Loss:0.1867 Acc:0.9990 Acc NCE:0.9990
Epoch:85 Time:5.0 Data:0.0 Loss:0.0413 Cls Loss:6.9039 Pair Loss:0.0392 Center Loss:1341.4073 KL Loss:162.2404 Recon Loss:0.1867 Acc:0.9990 Acc NCE:0.9990
=> Test at epoch 85
==========Test with latent_z: z_c =========
==========Test with NCE LOSS=========
Extracted features for query set, obtained torch.Size([2709, 1280]) matrix
Extracted features for gallery set, obtained torch.Size([2000, 1280]) matrix
Extracting features complete in 0m 4s
Distance computing in 0m 0s
Results ---------------------------------------------------
top1:24.3% top5:47.0% top10:58.1% top20:69.0% mAP:30.1%
-----------------------------------------------------------
CAT Results ---------------------------------------------------
top1:22.8% top5:44.4% top10:56.6% top20:67.6% mAP:28.6%
-----------------------------------------------------------
Using 0m 0s
Classifier results ---------------------------------------------------
Query acc: 19.8% Gallery acc: 100.0% Total acc: 51.9%
Jump TSNE in test
==========Test with latent_z: new_z =========
==========Test with NCE LOSS=========
Extracted features for query set, obtained torch.Size([2709, 192]) matrix
Extracted features for gallery set, obtained torch.Size([2000, 192]) matrix
Extracting features complete in 0m 3s
Distance computing in 0m 0s
Results ---------------------------------------------------
top1:19.4% top5:40.1% top10:50.8% top20:62.6% mAP:23.3%
-----------------------------------------------------------
CAT Results ---------------------------------------------------
top1:23.3% top5:45.0% top10:56.6% top20:68.9% mAP:28.8%
-----------------------------------------------------------
Using 0m 0s
Classifier results ---------------------------------------------------
Query acc: 19.8% Gallery acc: 100.0% Total acc: 51.9%
Epoch:86 Time:5.8 Data:0.0 Loss:0.0447 Cls Loss:6.9039 Pair Loss:0.0426 Center Loss:1341.4480 KL Loss:162.1634 Recon Loss:0.1866 Acc:0.9992 Acc NCE:0.9992
Epoch:87 Time:5.1 Data:0.0 Loss:0.0450 Cls Loss:6.9039 Pair Loss:0.0430 Center Loss:1340.4507 KL Loss:162.1371 Recon Loss:0.1867 Acc:0.9992 Acc NCE:0.9992
Epoch:88 Time:4.9 Data:0.0 Loss:0.0446 Cls Loss:6.9039 Pair Loss:0.0420 Center Loss:1340.4576 KL Loss:162.0459 Recon Loss:0.1866 Acc:0.9990 Acc NCE:0.9990
Epoch:89 Time:5.2 Data:0.0 Loss:0.0418 Cls Loss:6.9039 Pair Loss:0.0400 Center Loss:1340.0776 KL Loss:162.2378 Recon Loss:0.1867 Acc:0.9992 Acc NCE:0.9992
Epoch:90 Time:4.9 Data:0.0 Loss:0.0421 Cls Loss:6.9039 Pair Loss:0.0402 Center Loss:1339.9192 KL Loss:162.2520 Recon Loss:0.1867 Acc:0.9995 Acc NCE:0.9995
=> Test at epoch 90
==========Test with latent_z: z_c =========
==========Test with NCE LOSS=========
Extracted features for query set, obtained torch.Size([2709, 1280]) matrix
Extracted features for gallery set, obtained torch.Size([2000, 1280]) matrix
Extracting features complete in 0m 4s
Distance computing in 0m 0s
Results ---------------------------------------------------
top1:24.2% top5:47.1% top10:58.3% top20:69.3% mAP:30.2%
-----------------------------------------------------------
CAT Results ---------------------------------------------------
top1:22.7% top5:45.1% top10:56.6% top20:67.6% mAP:28.8%
-----------------------------------------------------------
Using 0m 0s
Classifier results ---------------------------------------------------
Query acc: 19.6% Gallery acc: 100.0% Total acc: 51.8%
Jump TSNE in test
==========Test with latent_z: new_z =========
==========Test with NCE LOSS=========
Extracted features for query set, obtained torch.Size([2709, 192]) matrix
Extracted features for gallery set, obtained torch.Size([2000, 192]) matrix
Extracting features complete in 0m 3s
Distance computing in 0m 0s
Results ---------------------------------------------------
top1:19.4% top5:40.1% top10:50.8% top20:62.6% mAP:23.3%
-----------------------------------------------------------
CAT Results ---------------------------------------------------
top1:23.1% top5:44.9% top10:57.0% top20:69.2% mAP:28.8%
-----------------------------------------------------------
Using 0m 0s
Classifier results ---------------------------------------------------
Query acc: 19.6% Gallery acc: 100.0% Total acc: 51.8%
Epoch:91 Time:5.6 Data:0.0 Loss:0.0408 Cls Loss:6.9038 Pair Loss:0.0399 Center Loss:1339.0845 KL Loss:162.1074 Recon Loss:0.1866 Acc:0.9997 Acc NCE:0.9997
Epoch:92 Time:5.0 Data:0.0 Loss:0.0403 Cls Loss:6.9039 Pair Loss:0.0371 Center Loss:1338.7863 KL Loss:162.2123 Recon Loss:0.1867 Acc:0.9990 Acc NCE:0.9990
Epoch:93 Time:5.2 Data:0.0 Loss:0.0381 Cls Loss:6.9039 Pair Loss:0.0361 Center Loss:1338.3976 KL Loss:162.2157 Recon Loss:0.1867 Acc:0.9992 Acc NCE:0.9992
Epoch:94 Time:5.0 Data:0.0 Loss:0.0369 Cls Loss:6.9039 Pair Loss:0.0350 Center Loss:1338.3702 KL Loss:162.1076 Recon Loss:0.1866 Acc:0.9995 Acc NCE:0.9995
Epoch:95 Time:5.3 Data:0.0 Loss:0.0368 Cls Loss:6.9039 Pair Loss:0.0339 Center Loss:1337.8614 KL Loss:161.9430 Recon Loss:0.1866 Acc:0.9990 Acc NCE:0.9990
=> Test at epoch 95
==========Test with latent_z: z_c =========
==========Test with NCE LOSS=========
Extracted features for query set, obtained torch.Size([2709, 1280]) matrix
Extracted features for gallery set, obtained torch.Size([2000, 1280]) matrix
Extracting features complete in 0m 4s
Distance computing in 0m 0s
Results ---------------------------------------------------
top1:24.4% top5:47.0% top10:58.0% top20:69.4% mAP:30.4%
-----------------------------------------------------------
CAT Results ---------------------------------------------------
top1:23.0% top5:45.2% top10:56.6% top20:67.7% mAP:28.9%
-----------------------------------------------------------
Using 0m 0s
Classifier results ---------------------------------------------------
Query acc: 19.5% Gallery acc: 100.0% Total acc: 51.7%
Jump TSNE in test
==========Test with latent_z: new_z =========
==========Test with NCE LOSS=========
Extracted features for query set, obtained torch.Size([2709, 192]) matrix
Extracted features for gallery set, obtained torch.Size([2000, 192]) matrix
Extracting features complete in 0m 3s
Distance computing in 0m 0s
Results ---------------------------------------------------
top1:19.4% top5:40.1% top10:50.8% top20:62.6% mAP:23.3%
-----------------------------------------------------------
CAT Results ---------------------------------------------------
top1:23.1% top5:45.1% top10:57.0% top20:69.5% mAP:29.0%
-----------------------------------------------------------
Using 0m 0s
Classifier results ---------------------------------------------------
Query acc: 19.5% Gallery acc: 100.0% Total acc: 51.7%
Epoch:96 Time:5.5 Data:0.0 Loss:0.0359 Cls Loss:6.9039 Pair Loss:0.0342 Center Loss:1337.3586 KL Loss:162.0841 Recon Loss:0.1866 Acc:0.9995 Acc NCE:0.9995
Epoch:97 Time:5.2 Data:0.0 Loss:0.0368 Cls Loss:6.9039 Pair Loss:0.0345 Center Loss:1336.9163 KL Loss:162.0552 Recon Loss:0.1866 Acc:0.9992 Acc NCE:0.9992
Epoch:98 Time:5.1 Data:0.0 Loss:0.0351 Cls Loss:6.9039 Pair Loss:0.0334 Center Loss:1336.7544 KL Loss:162.1711 Recon Loss:0.1865 Acc:0.9995 Acc NCE:0.9995
Epoch:99 Time:5.1 Data:0.0 Loss:0.0363 Cls Loss:6.9039 Pair Loss:0.0332 Center Loss:1335.8168 KL Loss:162.2432 Recon Loss:0.1866 Acc:0.9992 Acc NCE:0.9992
Epoch:100 Time:5.0 Data:0.0 Loss:0.0353 Cls Loss:6.9039 Pair Loss:0.0337 Center Loss:1335.5081 KL Loss:162.1600 Recon Loss:0.1867 Acc:0.9995 Acc NCE:0.9995
=> Test at epoch 100
==========Test with latent_z: z_c =========
==========Test with NCE LOSS=========
Extracted features for query set, obtained torch.Size([2709, 1280]) matrix
Extracted features for gallery set, obtained torch.Size([2000, 1280]) matrix
Extracting features complete in 0m 4s
Distance computing in 0m 0s
Results ---------------------------------------------------
top1:24.3% top5:47.2% top10:58.0% top20:69.7% mAP:30.4%
-----------------------------------------------------------
CAT Results ---------------------------------------------------
top1:23.0% top5:45.3% top10:56.8% top20:68.2% mAP:29.0%
-----------------------------------------------------------
Using 0m 0s
Classifier results ---------------------------------------------------
Query acc: 19.9% Gallery acc: 100.0% Total acc: 52.0%
Jump TSNE in test
==========Test with latent_z: new_z =========
==========Test with NCE LOSS=========
Extracted features for query set, obtained torch.Size([2709, 192]) matrix
Extracted features for gallery set, obtained torch.Size([2000, 192]) matrix
Extracting features complete in 0m 3s
Distance computing in 0m 0s
Results ---------------------------------------------------
top1:19.4% top5:40.1% top10:50.8% top20:62.6% mAP:23.3%
-----------------------------------------------------------
CAT Results ---------------------------------------------------
top1:23.1% top5:45.3% top10:57.1% top20:70.0% mAP:29.0%
-----------------------------------------------------------
Using 0m 0s
Classifier results ---------------------------------------------------
Query acc: 19.9% Gallery acc: 100.0% Total acc: 52.0%
Epoch:101 Time:5.7 Data:0.0 Loss:0.0350 Cls Loss:6.9039 Pair Loss:0.0325 Center Loss:1335.0684 KL Loss:162.0917 Recon Loss:0.1867 Acc:0.9992 Acc NCE:0.9992
Epoch:102 Time:4.5 Data:0.0 Loss:0.0378 Cls Loss:6.9039 Pair Loss:0.0347 Center Loss:1335.0311 KL Loss:162.2388 Recon Loss:0.1867 Acc:0.9990 Acc NCE:0.9990
Epoch:103 Time:5.5 Data:0.0 Loss:0.0362 Cls Loss:6.9039 Pair Loss:0.0344 Center Loss:1334.5254 KL Loss:162.0215 Recon Loss:0.1867 Acc:0.9995 Acc NCE:0.9995
Epoch:104 Time:5.7 Data:0.0 Loss:0.0337 Cls Loss:6.9039 Pair Loss:0.0323 Center Loss:1334.1116 KL Loss:162.1943 Recon Loss:0.1867 Acc:0.9995 Acc NCE:0.9995
Epoch:105 Time:5.2 Data:0.0 Loss:0.0308 Cls Loss:6.9039 Pair Loss:0.0288 Center Loss:1333.3500 KL Loss:162.2554 Recon Loss:0.1866 Acc:0.9992 Acc NCE:0.9992
=> Test at epoch 105
==========Test with latent_z: z_c =========
==========Test with NCE LOSS=========
Extracted features for query set, obtained torch.Size([2709, 1280]) matrix
Extracted features for gallery set, obtained torch.Size([2000, 1280]) matrix
Extracting features complete in 0m 4s
Distance computing in 0m 0s
Results ---------------------------------------------------
top1:24.3% top5:47.5% top10:58.3% top20:69.9% mAP:30.5%
-----------------------------------------------------------
CAT Results ---------------------------------------------------
top1:22.8% top5:45.7% top10:57.0% top20:68.5% mAP:29.1%
-----------------------------------------------------------
Using 0m 0s
Classifier results ---------------------------------------------------
Query acc: 19.7% Gallery acc: 100.0% Total acc: 51.8%
Jump TSNE in test
==========Test with latent_z: new_z =========
==========Test with NCE LOSS=========
Extracted features for query set, obtained torch.Size([2709, 192]) matrix
Extracted features for gallery set, obtained torch.Size([2000, 192]) matrix
Extracting features complete in 0m 3s
Distance computing in 0m 0s
Results ---------------------------------------------------
top1:19.4% top5:40.1% top10:50.8% top20:62.6% mAP:23.3%
-----------------------------------------------------------
CAT Results ---------------------------------------------------
top1:23.3% top5:45.4% top10:57.4% top20:69.8% mAP:29.2%
-----------------------------------------------------------
Using 0m 0s
Classifier results ---------------------------------------------------
Query acc: 19.7% Gallery acc: 100.0% Total acc: 51.8%
Epoch:106 Time:5.4 Data:0.0 Loss:0.0397 Cls Loss:6.9039 Pair Loss:0.0373 Center Loss:1333.2005 KL Loss:162.1518 Recon Loss:0.1866 Acc:0.9992 Acc NCE:0.9992
Epoch:107 Time:5.2 Data:0.0 Loss:0.0348 Cls Loss:6.9039 Pair Loss:0.0325 Center Loss:1332.2307 KL Loss:162.0255 Recon Loss:0.1866 Acc:0.9992 Acc NCE:0.9992
Epoch:108 Time:5.2 Data:0.0 Loss:0.0344 Cls Loss:6.9039 Pair Loss:0.0326 Center Loss:1332.2850 KL Loss:162.2338 Recon Loss:0.1866 Acc:0.9995 Acc NCE:0.9995
Epoch:109 Time:4.8 Data:0.0 Loss:0.0345 Cls Loss:6.9039 Pair Loss:0.0315 Center Loss:1331.3189 KL Loss:162.0883 Recon Loss:0.1866 Acc:0.9990 Acc NCE:0.9990
Epoch:110 Time:5.0 Data:0.0 Loss:0.0298 Cls Loss:6.9039 Pair Loss:0.0285 Center Loss:1331.1650 KL Loss:162.1528 Recon Loss:0.1866 Acc:0.9992 Acc NCE:0.9992
=> Test at epoch 110
==========Test with latent_z: z_c =========
==========Test with NCE LOSS=========
Extracted features for query set, obtained torch.Size([2709, 1280]) matrix
Extracted features for gallery set, obtained torch.Size([2000, 1280]) matrix
Extracting features complete in 0m 4s
Distance computing in 0m 0s
Results ---------------------------------------------------
top1:24.8% top5:47.4% top10:58.4% top20:69.9% mAP:30.7%
-----------------------------------------------------------
CAT Results ---------------------------------------------------
top1:23.3% top5:45.7% top10:57.1% top20:68.3% mAP:29.2%
-----------------------------------------------------------
Using 0m 0s
Classifier results ---------------------------------------------------
Query acc: 19.7% Gallery acc: 100.0% Total acc: 51.8%
Jump TSNE in test
==========Test with latent_z: new_z =========
==========Test with NCE LOSS=========
Extracted features for query set, obtained torch.Size([2709, 192]) matrix
Extracted features for gallery set, obtained torch.Size([2000, 192]) matrix
Extracting features complete in 0m 3s
Distance computing in 0m 0s
Results ---------------------------------------------------
top1:19.4% top5:40.1% top10:50.8% top20:62.6% mAP:23.3%
-----------------------------------------------------------
CAT Results ---------------------------------------------------
top1:23.3% top5:45.3% top10:57.6% top20:69.6% mAP:29.3%
-----------------------------------------------------------
Using 0m 0s
Classifier results ---------------------------------------------------
Query acc: 19.7% Gallery acc: 100.0% Total acc: 51.8%
Epoch:111 Time:5.6 Data:0.0 Loss:0.0314 Cls Loss:6.9039 Pair Loss:0.0287 Center Loss:1330.7442 KL Loss:162.1718 Recon Loss:0.1867 Acc:0.9992 Acc NCE:0.9992
Epoch:112 Time:5.1 Data:0.0 Loss:0.0320 Cls Loss:6.9039 Pair Loss:0.0287 Center Loss:1330.2300 KL Loss:162.0641 Recon Loss:0.1867 Acc:0.9990 Acc NCE:0.9990
Epoch:113 Time:5.0 Data:0.0 Loss:0.0287 Cls Loss:6.9039 Pair Loss:0.0263 Center Loss:1329.7980 KL Loss:162.1968 Recon Loss:0.1867 Acc:0.9992 Acc NCE:0.9992
Epoch:114 Time:5.0 Data:0.0 Loss:0.0341 Cls Loss:6.9039 Pair Loss:0.0316 Center Loss:1329.5016 KL Loss:162.2073 Recon Loss:0.1866 Acc:0.9992 Acc NCE:0.9992
Epoch:115 Time:5.0 Data:0.0 Loss:0.0302 Cls Loss:6.9039 Pair Loss:0.0284 Center Loss:1328.3721 KL Loss:162.1852 Recon Loss:0.1866 Acc:0.9995 Acc NCE:0.9995
=> Test at epoch 115
==========Test with latent_z: z_c =========
==========Test with NCE LOSS=========
Extracted features for query set, obtained torch.Size([2709, 1280]) matrix
Extracted features for gallery set, obtained torch.Size([2000, 1280]) matrix
Extracting features complete in 0m 4s
Distance computing in 0m 0s
Results ---------------------------------------------------
top1:24.5% top5:47.2% top10:58.3% top20:69.8% mAP:30.7%
-----------------------------------------------------------
CAT Results ---------------------------------------------------
top1:23.1% top5:45.4% top10:57.2% top20:68.3% mAP:29.2%
-----------------------------------------------------------
Using 0m 0s
Classifier results ---------------------------------------------------
Query acc: 19.6% Gallery acc: 100.0% Total acc: 51.8%
Jump TSNE in test
==========Test with latent_z: new_z =========
==========Test with NCE LOSS=========
Extracted features for query set, obtained torch.Size([2709, 192]) matrix
Extracted features for gallery set, obtained torch.Size([2000, 192]) matrix
Extracting features complete in 0m 3s
Distance computing in 0m 0s
Results ---------------------------------------------------
top1:19.4% top5:40.1% top10:50.8% top20:62.6% mAP:23.3%
-----------------------------------------------------------
CAT Results ---------------------------------------------------
top1:23.1% top5:45.2% top10:58.0% top20:69.5% mAP:29.2%
-----------------------------------------------------------
Using 0m 0s
Classifier results ---------------------------------------------------
Query acc: 19.6% Gallery acc: 100.0% Total acc: 51.8%
Epoch:116 Time:5.7 Data:0.0 Loss:0.0304 Cls Loss:6.9039 Pair Loss:0.0287 Center Loss:1328.1604 KL Loss:162.1106 Recon Loss:0.1867 Acc:0.9995 Acc NCE:0.9995
Epoch:117 Time:5.0 Data:0.0 Loss:0.0314 Cls Loss:6.9039 Pair Loss:0.0290 Center Loss:1327.9730 KL Loss:162.1220 Recon Loss:0.1867 Acc:0.9992 Acc NCE:0.9992
Epoch:118 Time:4.9 Data:0.0 Loss:0.0325 Cls Loss:6.9039 Pair Loss:0.0295 Center Loss:1327.5666 KL Loss:162.1233 Recon Loss:0.1867 Acc:0.9990 Acc NCE:0.9990
Epoch:119 Time:5.0 Data:0.0 Loss:0.0286 Cls Loss:6.9038 Pair Loss:0.0262 Center Loss:1326.6295 KL Loss:162.0881 Recon Loss:0.1867 Acc:0.9995 Acc NCE:0.9995
Epoch:120 Time:5.0 Data:0.0 Loss:0.0309 Cls Loss:6.9039 Pair Loss:0.0291 Center Loss:1326.1936 KL Loss:162.1188 Recon Loss:0.1866 Acc:0.9995 Acc NCE:0.9995
=> Test at epoch 120
==========Test with latent_z: z_c =========
==========Test with NCE LOSS=========
Extracted features for query set, obtained torch.Size([2709, 1280]) matrix
Extracted features for gallery set, obtained torch.Size([2000, 1280]) matrix
Extracting features complete in 0m 4s
Distance computing in 0m 0s
Results ---------------------------------------------------
top1:24.8% top5:47.2% top10:58.1% top20:69.9% mAP:30.7%
-----------------------------------------------------------
CAT Results ---------------------------------------------------
top1:23.3% top5:45.7% top10:56.8% top20:68.5% mAP:29.3%
-----------------------------------------------------------
Using 0m 0s
Classifier results ---------------------------------------------------
Query acc: 19.8% Gallery acc: 100.0% Total acc: 51.9%
Jump TSNE in test
==========Test with latent_z: new_z =========
==========Test with NCE LOSS=========
Extracted features for query set, obtained torch.Size([2709, 192]) matrix
Extracted features for gallery set, obtained torch.Size([2000, 192]) matrix
Extracting features complete in 0m 3s
Distance computing in 0m 0s
Results ---------------------------------------------------
top1:19.4% top5:40.1% top10:50.8% top20:62.6% mAP:23.3%
-----------------------------------------------------------
CAT Results ---------------------------------------------------
top1:23.2% top5:45.8% top10:58.0% top20:69.7% mAP:29.3%
-----------------------------------------------------------
Using 0m 0s
Classifier results ---------------------------------------------------
Query acc: 19.8% Gallery acc: 100.0% Total acc: 51.9%
Keep checkpoint file: checkpoint_ep120.pth.tar
=> Best Rank-1 24.8%, mAP 30.7% achieved at epoch 110
Finished. Total elapsed time (h:m:s): 0:14:10. Training time (h:m:s): 0:10:26.
Shutting down background jobs, please wait a moment...
Done!
Waiting for the remaining 41 operations to synchronize with Neptune. Do not kill this process.
All 41 operations synced, thanks for waiting!
Explore the metadata in the Neptune app:
https://app.neptune.ai/Zhengwei-Lab/MayCVAE/e/MAY-411/metadata
