https://app.neptune.ai/Zhengwei-Lab/MayCVAE/e/MAY-424
=> merge config from ./configs/clipreid_cvae_kl.yaml
/home/zhengwei/Desktop/Zhengwei/Projects/CVAE/main.py:91: NeptuneUnsupportedType: You're attempting to log a type that is not directly supported by Neptune (<class 'list'>).
        Convert the value to a supported type, such as a string or float, or use stringify_unsupported(obj)
        for dictionaries or collections that contain unsupported values.
        For more, see https://docs.neptune.ai/help/value_of_unsupported_type
  run["parameters"] = param
=> Configurations:
-------------------------
AMP: True
AUG:
  RC_PROB: 0.5
  RE_PROB: 0.5
DATA:
  CUHK03_CLASSIC_SPLIT: False
  CUHK03_LABELED: False
  DATASET: market1k
  FORMAT_TAG: tensor
  HEIGHT: 256
  NUM_INSTANCES: 4
  NUM_WORKERS: 4
  ROOT: /home/zhengwei/Desktop/Zhengwei/Projects/datasets
  SPLIT_ID: 0
  TEST_BATCH: 512
  TRAIN_BATCH: 64
  TRAIN_FORMAT: novel
  WIDTH: 128
EVAL_MODE: False
GPU: 0
LOSS:
  CLA_LOSS: crossentropy
  CLA_M: 0.0
  CLA_S: 16.0
  PAIR_LOSS: triplet
  PAIR_M: 0.3
  PAIR_S: 16.0
  RECON_LOSS: mse
  USE_NCE: True
MODEL:
  CONDITIONAL: False
  FEATURE_DIM: 1280
  FEAT_FUSION: True
  FLOW_TYPE: 
  GAUSSIAN: MultivariateNormal
  HIDDEN_DIM: 256
  LATENT_SIZE: 64
  NAME: CVAE
  ONLY_CVAE_KL: False
  ONLY_X_INPUT: False
  PRETRAIN: CLIPreidFinetune
  RES4_STRIDE: 1
  RESUME: /home/zhengwei/Desktop/Zhengwei/Projects/CVAE/outputs/market1k/clipreid_simplevae_tune/novel/2024-07-04/Tuned_SimpleVAE_128+64z_1e3+3_60+120_KLtotalZ_noCLS
  TRAIN_STAGE: reidstage
  USE_CENTROID: False
  USE_TWO_ENCODER: False
  VAE_TYPE: SinpleVAE
  ZC_DIM: 128
  ZS_DIM: 64
OUTPUT: ./outputs/market1k/clipreid_simplevae_tune/novel/2024-07-09/2ndstage_SimpleVAE_128+64z_1e3+3_60+120_KLtotalZ_s2_MLP1280+CLS_ceText+ce+trip+center
SAVED_NAME: 2ndstage_SimpleVAE_128+64z_1e3+3_60+120_KLtotalZ_s2_MLP1280+CLS_ceText+ce+trip+center
SEED: 0
TAG: clipreid_simplevae_tune
TEST:
  DISTANCE: cosine
  EVAL_STEP: 5
  START_EVAL: -1
TRAIN:
  AMP: False
  LR_SCHEDULER:
    DECAY_RATE: 0.1
    NAME: MultiStepLR
    STEPSIZE: [60]
  MAX_EPOCH: 120
  OPTIMIZER:
    LR: 0.001
    NAME: adam
    SGDLR: 0.01
    SGD_MOMENTUM: 0.9
    SGD_WEIGHT_DECAY: 0.0005
    WEIGHT_DECAY: 0.0001
  START_EPOCH: 0
----------------------
Initializing dataset market1k
Warning: string series 'monitoring/c65e50d9/stdout' value was longer than 1000 characters and was truncated. This warning is printed only once per series.
=> Market-Sketch-1K tensor loaded
Dataset statistics:
  ------------------------------
  subset   | # ids | # images
  ------------------------------
  train    |   996 |     3992
  query    |   996 |     2709
  gallery  |   996 |     2000
  ------------------------------
  total    |  1992 |     8701
  ------------------------------
Initializing SinpleVAE model
Model size: 12.48851M
[INFO] Register count_relu() for <class 'torch.nn.modules.activation.LeakyReLU'>.
[INFO] Register count_linear() for <class 'torch.nn.modules.linear.Linear'>.
[INFO] Register count_normalization() for <class 'torch.nn.modules.batchnorm.BatchNorm1d'>.
[INFO] Register zero_ops() for <class 'torch.nn.modules.activation.ReLU'>.
[INFO] Register zero_ops() for <class 'torch.nn.modules.dropout.Dropout'>.
[INFO] Register zero_ops() for <class 'torch.nn.modules.container.Sequential'>.
FLOPs: 0.73361G
Params: 11.47219M
Initialized classifier with feature_dim: 1280, num_classes: 996
Classifier size: 1.27488M
reid_projector.MLP.0.weight is tuneable
reid_projector.MLP.2.weight is tuneable
i2t_projector.weight is tuneable
i2t_projector.bias is tuneable
=> Start Training Classifier Only
Loading checkpoint from '/home/zhengwei/Desktop/Zhengwei/Projects/CVAE/outputs/market1k/clipreid_simplevae_tune/novel/2024-07-04/Tuned_SimpleVAE_128+64z_1e3+3_60+120_KLtotalZ_noCLS.best_model.pth.tar'
Ignores parameter:  i2t_projector.weight
Ignores parameter:  i2t_projector.bias
orginal best rank1 = 0.1834625322997416
=> Start evaluation on Novel data without finetuning
=> Test pretarined feature form VLP model
Normalizing features
Normalizing features
Extracted features for query set, obtained torch.Size([2709, 1280]) matrix
Extracted features for gallery set, obtained torch.Size([2000, 1280]) matrix
Extracting features complete in 0m 4s
Distance computing in 0m 0s
Computing CMC and mAP
Results ---------------------------------------------------
top1:35.2% top5:60.5% top10:71.2% top20:80.7% mAP:39.8%
-----------------------------------------------------------
Using 0m 0s
==========Test with latent_z: new_z =========
==========Test with NCE LOSS=========
Extracted features for query set, obtained torch.Size([2709, 192]) matrix
Extracted features for gallery set, obtained torch.Size([2000, 192]) matrix
Extracting features complete in 0m 4s
Distance computing in 0m 0s
Results ---------------------------------------------------
top1:19.4% top5:40.1% top10:50.8% top20:62.6% mAP:23.3%
-----------------------------------------------------------
CAT Results ---------------------------------------------------
top1:19.5% top5:39.4% top10:51.1% top20:62.6% mAP:23.4%
-----------------------------------------------------------
Using 0m 0s
Classifier results ---------------------------------------------------
Query acc: 0.0% Gallery acc: 0.1% Total acc: 0.1%
==========Test with latent_z: z_c =========
==========Test with NCE LOSS=========
Extracted features for query set, obtained torch.Size([2709, 1280]) matrix
Extracted features for gallery set, obtained torch.Size([2000, 1280]) matrix
Extracting features complete in 0m 5s
Distance computing in 0m 0s
Results ---------------------------------------------------
top1:16.4% top5:35.9% top10:46.7% top20:59.0% mAP:20.5%
-----------------------------------------------------------
CAT Results ---------------------------------------------------
top1:16.3% top5:35.7% top10:46.8% top20:59.1% mAP:20.5%
-----------------------------------------------------------
Using 0m 0s
Classifier results ---------------------------------------------------
Query acc: 0.0% Gallery acc: 0.1% Total acc: 0.1%
Jump TSNE in test
=> Start training
/home/zhengwei/Desktop/Zhengwei/Projects/CVAE/losses/center_loss.py:40: UserWarning: This overload of addmm_ is deprecated:
	addmm_(Number beta, Number alpha, Tensor mat1, Tensor mat2)
Consider using one of the following signatures instead:
	addmm_(Tensor mat1, Tensor mat2, *, Number beta, Number alpha) (Triggered internally at /opt/conda/conda-bld/pytorch_1670525539683/work/torch/csrc/utils/python_arg_parser.cpp:1420.)
  distmat.addmm_(1, -2, x, self.centers.t())
Epoch:1 Time:7.7 Data:0.0 Loss:1310.6156 Cls Loss:11.8199 Pair Loss:0.2484 Center Loss:1298.5473 KL Loss:182.1023 Recon Loss:0.1866 Acc:0.0010 Acc NCE:0.0993
Epoch:2 Time:8.0 Data:0.0 Loss:1131.7834 Cls Loss:9.0485 Pair Loss:0.2261 Center Loss:1122.5089 KL Loss:181.8203 Recon Loss:0.1866 Acc:0.0597 Acc NCE:0.4967
Epoch:3 Time:6.2 Data:0.0 Loss:988.0941 Cls Loss:7.6070 Pair Loss:0.2046 Center Loss:980.2825 KL Loss:181.3760 Recon Loss:0.1867 Acc:0.2573 Acc NCE:0.7220
Epoch:4 Time:6.4 Data:0.0 Loss:864.2945 Cls Loss:6.5801 Pair Loss:0.1950 Center Loss:857.5194 KL Loss:181.3420 Recon Loss:0.1866 Acc:0.4113 Acc NCE:0.8513
Epoch:5 Time:7.8 Data:0.0 Loss:756.3488 Cls Loss:5.7162 Pair Loss:0.1846 Center Loss:750.4479 KL Loss:180.9713 Recon Loss:0.1866 Acc:0.5615 Acc NCE:0.9020
=> Test at epoch 5
==========Test with latent_z: z_c =========
==========Test with NCE LOSS=========
Extracted features for query set, obtained torch.Size([2709, 1280]) matrix
Extracted features for gallery set, obtained torch.Size([2000, 1280]) matrix
Extracting features complete in 0m 4s
Distance computing in 0m 0s
Results ---------------------------------------------------
top1:19.3% top5:40.6% top10:52.4% top20:64.5% mAP:23.9%
-----------------------------------------------------------
CAT Results ---------------------------------------------------
top1:18.8% top5:39.9% top10:52.3% top20:64.3% mAP:23.7%
-----------------------------------------------------------
Using 0m 0s
Classifier results ---------------------------------------------------
Query acc: 18.7% Gallery acc: 97.9% Total acc: 50.4%
Jump TSNE in test
==========Test with latent_z: new_z =========
==========Test with NCE LOSS=========
Extracted features for query set, obtained torch.Size([2709, 192]) matrix
Extracted features for gallery set, obtained torch.Size([2000, 192]) matrix
Extracting features complete in 0m 4s
Distance computing in 0m 0s
Results ---------------------------------------------------
top1:19.4% top5:40.1% top10:50.8% top20:62.6% mAP:23.3%
-----------------------------------------------------------
CAT Results ---------------------------------------------------
top1:20.2% top5:40.9% top10:51.5% top20:63.5% mAP:24.3%
-----------------------------------------------------------
Using 0m 0s
Classifier results ---------------------------------------------------
Query acc: 18.7% Gallery acc: 97.9% Total acc: 50.4%
Epoch:6 Time:8.5 Data:0.0 Loss:662.7563 Cls Loss:4.9656 Pair Loss:0.1791 Center Loss:657.6116 KL Loss:180.8168 Recon Loss:0.1866 Acc:0.6880 Acc NCE:0.9340
Epoch:7 Time:7.5 Data:0.0 Loss:580.8333 Cls Loss:4.2479 Pair Loss:0.1658 Center Loss:576.4196 KL Loss:180.5378 Recon Loss:0.1866 Acc:0.7860 Acc NCE:0.9506
Epoch:8 Time:6.4 Data:0.0 Loss:509.4570 Cls Loss:3.6099 Pair Loss:0.1605 Center Loss:505.6865 KL Loss:180.3875 Recon Loss:0.1867 Acc:0.8647 Acc NCE:0.9685
Epoch:9 Time:6.9 Data:0.0 Loss:446.8854 Cls Loss:3.0263 Pair Loss:0.1583 Center Loss:443.7008 KL Loss:180.1152 Recon Loss:0.1866 Acc:0.9105 Acc NCE:0.9796
Epoch:10 Time:7.1 Data:0.0 Loss:392.5274 Cls Loss:2.5372 Pair Loss:0.1531 Center Loss:389.8370 KL Loss:179.8398 Recon Loss:0.1867 Acc:0.9405 Acc NCE:0.9808
=> Test at epoch 10
==========Test with latent_z: z_c =========
==========Test with NCE LOSS=========
Extracted features for query set, obtained torch.Size([2709, 1280]) matrix
Extracted features for gallery set, obtained torch.Size([2000, 1280]) matrix
Extracting features complete in 0m 4s
Distance computing in 0m 0s
Results ---------------------------------------------------
top1:20.9% top5:43.2% top10:54.5% top20:66.4% mAP:25.8%
-----------------------------------------------------------
CAT Results ---------------------------------------------------
top1:20.9% top5:42.2% top10:54.7% top20:65.7% mAP:25.6%
-----------------------------------------------------------
Using 0m 0s
Classifier results ---------------------------------------------------
Query acc: 20.1% Gallery acc: 98.9% Total acc: 51.6%
Jump TSNE in test
==========Test with latent_z: new_z =========
==========Test with NCE LOSS=========
Extracted features for query set, obtained torch.Size([2709, 192]) matrix
Extracted features for gallery set, obtained torch.Size([2000, 192]) matrix
Extracting features complete in 0m 5s
Distance computing in 0m 0s
Results ---------------------------------------------------
top1:19.4% top5:40.1% top10:50.8% top20:62.6% mAP:23.3%
-----------------------------------------------------------
CAT Results ---------------------------------------------------
top1:20.8% top5:41.5% top10:52.8% top20:64.9% mAP:24.9%
-----------------------------------------------------------
Using 0m 0s
Classifier results ---------------------------------------------------
Query acc: 20.1% Gallery acc: 98.9% Total acc: 51.6%
Epoch:11 Time:8.8 Data:0.0 Loss:344.6627 Cls Loss:2.1527 Pair Loss:0.1461 Center Loss:342.3638 KL Loss:179.5038 Recon Loss:0.1866 Acc:0.9597 Acc NCE:0.9798
Epoch:12 Time:6.0 Data:0.0 Loss:303.1218 Cls Loss:1.8435 Pair Loss:0.1410 Center Loss:301.1373 KL Loss:179.3894 Recon Loss:0.1867 Acc:0.9756 Acc NCE:0.9771
Epoch:13 Time:6.3 Data:0.0 Loss:266.5366 Cls Loss:1.6238 Pair Loss:0.1350 Center Loss:264.7778 KL Loss:179.0455 Recon Loss:0.1866 Acc:0.9839 Acc NCE:0.9660
Epoch:14 Time:8.3 Data:0.0 Loss:234.6302 Cls Loss:1.3811 Pair Loss:0.1309 Center Loss:233.1181 KL Loss:178.7616 Recon Loss:0.1866 Acc:0.9871 Acc NCE:0.9713
Epoch:15 Time:7.9 Data:0.0 Loss:206.5827 Cls Loss:1.2295 Pair Loss:0.1276 Center Loss:205.2256 KL Loss:178.5863 Recon Loss:0.1867 Acc:0.9960 Acc NCE:0.9708
=> Test at epoch 15
==========Test with latent_z: z_c =========
==========Test with NCE LOSS=========
Extracted features for query set, obtained torch.Size([2709, 1280]) matrix
Extracted features for gallery set, obtained torch.Size([2000, 1280]) matrix
Extracting features complete in 0m 4s
Distance computing in 0m 0s
Results ---------------------------------------------------
top1:22.1% top5:44.6% top10:56.2% top20:67.9% mAP:27.3%
-----------------------------------------------------------
CAT Results ---------------------------------------------------
top1:22.1% top5:43.6% top10:55.6% top20:66.9% mAP:26.9%
-----------------------------------------------------------
Using 0m 0s
Classifier results ---------------------------------------------------
Query acc: 19.4% Gallery acc: 98.8% Total acc: 51.2%
Jump TSNE in test
==========Test with latent_z: new_z =========
==========Test with NCE LOSS=========
Extracted features for query set, obtained torch.Size([2709, 192]) matrix
Extracted features for gallery set, obtained torch.Size([2000, 192]) matrix
Extracting features complete in 0m 4s
Distance computing in 0m 0s
Results ---------------------------------------------------
top1:19.4% top5:40.1% top10:50.8% top20:62.6% mAP:23.3%
-----------------------------------------------------------
CAT Results ---------------------------------------------------
top1:20.8% top5:42.6% top10:53.6% top20:65.6% mAP:25.5%
-----------------------------------------------------------
Using 0m 0s
Classifier results ---------------------------------------------------
Query acc: 19.4% Gallery acc: 98.8% Total acc: 51.2%
Epoch:16 Time:9.0 Data:0.0 Loss:182.2227 Cls Loss:1.0782 Pair Loss:0.1280 Center Loss:181.0165 KL Loss:178.3593 Recon Loss:0.1866 Acc:0.9940 Acc NCE:0.9753
Epoch:17 Time:6.7 Data:0.0 Loss:160.6839 Cls Loss:0.9561 Pair Loss:0.1201 Center Loss:159.6077 KL Loss:178.0835 Recon Loss:0.1866 Acc:0.9965 Acc NCE:0.9766
Epoch:18 Time:6.4 Data:0.0 Loss:141.9213 Cls Loss:0.9050 Pair Loss:0.1210 Center Loss:140.8952 KL Loss:177.9341 Recon Loss:0.1867 Acc:0.9965 Acc NCE:0.9745
Epoch:19 Time:6.7 Data:0.0 Loss:125.3176 Cls Loss:0.8134 Pair Loss:0.1114 Center Loss:124.3928 KL Loss:177.5509 Recon Loss:0.1866 Acc:0.9977 Acc NCE:0.9735
Epoch:20 Time:7.6 Data:0.0 Loss:110.7983 Cls Loss:0.7533 Pair Loss:0.1099 Center Loss:109.9350 KL Loss:177.1173 Recon Loss:0.1866 Acc:0.9982 Acc NCE:0.9743
=> Test at epoch 20
==========Test with latent_z: z_c =========
==========Test with NCE LOSS=========
Extracted features for query set, obtained torch.Size([2709, 1280]) matrix
Extracted features for gallery set, obtained torch.Size([2000, 1280]) matrix
Extracting features complete in 0m 4s
Distance computing in 0m 0s
Results ---------------------------------------------------
top1:22.3% top5:45.3% top10:57.0% top20:68.3% mAP:28.1%
-----------------------------------------------------------
CAT Results ---------------------------------------------------
top1:22.5% top5:44.6% top10:56.0% top20:67.3% mAP:27.7%
-----------------------------------------------------------
Using 0m 0s
Classifier results ---------------------------------------------------
Query acc: 19.0% Gallery acc: 99.0% Total acc: 51.0%
Jump TSNE in test
==========Test with latent_z: new_z =========
==========Test with NCE LOSS=========
Extracted features for query set, obtained torch.Size([2709, 192]) matrix
Extracted features for gallery set, obtained torch.Size([2000, 192]) matrix
Extracting features complete in 0m 4s
Distance computing in 0m 0s
Results ---------------------------------------------------
top1:19.4% top5:40.1% top10:50.8% top20:62.6% mAP:23.3%
-----------------------------------------------------------
CAT Results ---------------------------------------------------
top1:21.5% top5:43.0% top10:53.9% top20:65.9% mAP:26.1%
-----------------------------------------------------------
Using 0m 0s
Classifier results ---------------------------------------------------
Query acc: 19.0% Gallery acc: 99.0% Total acc: 51.0%
Epoch:21 Time:7.5 Data:0.0 Loss:98.0820 Cls Loss:0.6973 Pair Loss:0.1028 Center Loss:97.2818 KL Loss:177.1513 Recon Loss:0.1866 Acc:0.9985 Acc NCE:0.9806
Epoch:22 Time:6.5 Data:0.0 Loss:86.8816 Cls Loss:0.6359 Pair Loss:0.1099 Center Loss:86.1358 KL Loss:176.7507 Recon Loss:0.1866 Acc:0.9987 Acc NCE:0.9851
Epoch:23 Time:6.7 Data:0.0 Loss:77.1067 Cls Loss:0.5639 Pair Loss:0.1049 Center Loss:76.4379 KL Loss:176.5855 Recon Loss:0.1866 Acc:0.9985 Acc NCE:0.9884
Epoch:24 Time:7.4 Data:0.0 Loss:68.4863 Cls Loss:0.6056 Pair Loss:0.0974 Center Loss:67.7833 KL Loss:176.3224 Recon Loss:0.1866 Acc:0.9987 Acc NCE:0.9783
Epoch:25 Time:7.0 Data:0.0 Loss:60.9606 Cls Loss:0.6230 Pair Loss:0.1000 Center Loss:60.2376 KL Loss:176.0808 Recon Loss:0.1866 Acc:0.9985 Acc NCE:0.9751
=> Test at epoch 25
==========Test with latent_z: z_c =========
==========Test with NCE LOSS=========
Extracted features for query set, obtained torch.Size([2709, 1280]) matrix
Extracted features for gallery set, obtained torch.Size([2000, 1280]) matrix
Extracting features complete in 0m 4s
Distance computing in 0m 0s
Results ---------------------------------------------------
top1:23.4% top5:46.3% top10:57.6% top20:69.4% mAP:29.1%
-----------------------------------------------------------
CAT Results ---------------------------------------------------
top1:23.1% top5:45.8% top10:57.1% top20:68.5% mAP:28.8%
-----------------------------------------------------------
Using 0m 0s
Classifier results ---------------------------------------------------
Query acc: 19.8% Gallery acc: 98.3% Total acc: 51.2%
Jump TSNE in test
==========Test with latent_z: new_z =========
==========Test with NCE LOSS=========
Extracted features for query set, obtained torch.Size([2709, 192]) matrix
Extracted features for gallery set, obtained torch.Size([2000, 192]) matrix
Extracting features complete in 0m 4s
Distance computing in 0m 0s
Results ---------------------------------------------------
top1:19.4% top5:40.1% top10:50.8% top20:62.6% mAP:23.3%
-----------------------------------------------------------
CAT Results ---------------------------------------------------
top1:22.0% top5:43.3% top10:54.2% top20:66.6% mAP:26.6%
-----------------------------------------------------------
Using 0m 0s
Classifier results ---------------------------------------------------
Query acc: 19.8% Gallery acc: 98.3% Total acc: 51.2%
Epoch:26 Time:7.1 Data:0.0 Loss:54.2868 Cls Loss:0.5816 Pair Loss:0.0936 Center Loss:53.6116 KL Loss:175.9749 Recon Loss:0.1867 Acc:0.9990 Acc NCE:0.9748
Epoch:27 Time:6.3 Data:0.0 Loss:48.3721 Cls Loss:0.5547 Pair Loss:0.0930 Center Loss:47.7245 KL Loss:175.7096 Recon Loss:0.1866 Acc:0.9987 Acc NCE:0.9703
Epoch:28 Time:7.2 Data:0.0 Loss:43.2522 Cls Loss:0.5613 Pair Loss:0.0877 Center Loss:42.6032 KL Loss:175.3142 Recon Loss:0.1867 Acc:0.9992 Acc NCE:0.9682
Epoch:29 Time:7.3 Data:0.0 Loss:38.7087 Cls Loss:0.5776 Pair Loss:0.0872 Center Loss:38.0439 KL Loss:175.0231 Recon Loss:0.1866 Acc:0.9987 Acc NCE:0.9630
Epoch:30 Time:7.3 Data:0.0 Loss:34.8360 Cls Loss:0.6766 Pair Loss:0.0820 Center Loss:34.0774 KL Loss:174.8101 Recon Loss:0.1866 Acc:0.9992 Acc NCE:0.9551
=> Test at epoch 30
==========Test with latent_z: z_c =========
==========Test with NCE LOSS=========
Extracted features for query set, obtained torch.Size([2709, 1280]) matrix
Extracted features for gallery set, obtained torch.Size([2000, 1280]) matrix
Extracting features complete in 0m 4s
Distance computing in 0m 0s
Results ---------------------------------------------------
top1:23.1% top5:46.7% top10:58.3% top20:69.3% mAP:29.6%
-----------------------------------------------------------
CAT Results ---------------------------------------------------
top1:23.1% top5:45.3% top10:56.4% top20:67.6% mAP:29.0%
-----------------------------------------------------------
Using 0m 0s
Classifier results ---------------------------------------------------
Query acc: 18.7% Gallery acc: 98.9% Total acc: 50.8%
Jump TSNE in test
==========Test with latent_z: new_z =========
==========Test with NCE LOSS=========
Extracted features for query set, obtained torch.Size([2709, 192]) matrix
Extracted features for gallery set, obtained torch.Size([2000, 192]) matrix
Extracting features complete in 0m 4s
Distance computing in 0m 0s
Results ---------------------------------------------------
top1:19.4% top5:40.1% top10:50.8% top20:62.6% mAP:23.3%
-----------------------------------------------------------
CAT Results ---------------------------------------------------
top1:21.9% top5:43.5% top10:55.0% top20:66.8% mAP:27.0%
-----------------------------------------------------------
Using 0m 0s
Classifier results ---------------------------------------------------
Query acc: 18.7% Gallery acc: 98.9% Total acc: 50.8%
Epoch:31 Time:7.1 Data:0.0 Loss:31.1696 Cls Loss:0.5437 Pair Loss:0.0845 Center Loss:30.5414 KL Loss:174.6767 Recon Loss:0.1867 Acc:0.9992 Acc NCE:0.9718
Epoch:32 Time:6.5 Data:0.0 Loss:28.0522 Cls Loss:0.5599 Pair Loss:0.0820 Center Loss:27.4104 KL Loss:174.4235 Recon Loss:0.1866 Acc:0.9992 Acc NCE:0.9700
Epoch:33 Time:7.8 Data:0.0 Loss:25.2659 Cls Loss:0.5380 Pair Loss:0.0806 Center Loss:24.6473 KL Loss:174.0251 Recon Loss:0.1867 Acc:0.9992 Acc NCE:0.9753
Epoch:34 Time:7.7 Data:0.0 Loss:22.7837 Cls Loss:0.4938 Pair Loss:0.0778 Center Loss:22.2121 KL Loss:173.8444 Recon Loss:0.1866 Acc:0.9990 Acc NCE:0.9808
Epoch:35 Time:7.5 Data:0.0 Loss:20.5825 Cls Loss:0.4495 Pair Loss:0.0750 Center Loss:20.0580 KL Loss:173.5934 Recon Loss:0.1866 Acc:0.9990 Acc NCE:0.9854
=> Test at epoch 35
==========Test with latent_z: z_c =========
==========Test with NCE LOSS=========
Extracted features for query set, obtained torch.Size([2709, 1280]) matrix
Extracted features for gallery set, obtained torch.Size([2000, 1280]) matrix
Extracting features complete in 0m 4s
Distance computing in 0m 0s
Results ---------------------------------------------------
top1:24.1% top5:47.1% top10:58.7% top20:70.1% mAP:30.5%
-----------------------------------------------------------
CAT Results ---------------------------------------------------
top1:23.5% top5:46.2% top10:57.2% top20:69.1% mAP:29.6%
-----------------------------------------------------------
Using 0m 0s
Classifier results ---------------------------------------------------
Query acc: 21.3% Gallery acc: 99.4% Total acc: 52.5%
Jump TSNE in test
==========Test with latent_z: new_z =========
==========Test with NCE LOSS=========
Extracted features for query set, obtained torch.Size([2709, 192]) matrix
Extracted features for gallery set, obtained torch.Size([2000, 192]) matrix
Extracting features complete in 0m 4s
Distance computing in 0m 0s
Results ---------------------------------------------------
top1:19.4% top5:40.1% top10:50.8% top20:62.6% mAP:23.3%
-----------------------------------------------------------
CAT Results ---------------------------------------------------
top1:22.0% top5:43.9% top10:55.3% top20:67.0% mAP:27.1%
-----------------------------------------------------------
Using 0m 0s
Classifier results ---------------------------------------------------
Query acc: 21.3% Gallery acc: 99.4% Total acc: 52.5%
Epoch:36 Time:6.4 Data:0.0 Loss:18.6213 Cls Loss:0.4220 Pair Loss:0.0708 Center Loss:18.1285 KL Loss:173.4157 Recon Loss:0.1867 Acc:0.9990 Acc NCE:0.9924
Epoch:37 Time:6.2 Data:0.0 Loss:16.9474 Cls Loss:0.4325 Pair Loss:0.0779 Center Loss:16.4371 KL Loss:173.1094 Recon Loss:0.1867 Acc:0.9990 Acc NCE:0.9892
Epoch:38 Time:7.5 Data:0.0 Loss:15.4616 Cls Loss:0.4562 Pair Loss:0.0703 Center Loss:14.9351 KL Loss:172.9060 Recon Loss:0.1867 Acc:0.9992 Acc NCE:0.9882
Epoch:39 Time:6.8 Data:0.0 Loss:14.1106 Cls Loss:0.4340 Pair Loss:0.0670 Center Loss:13.6097 KL Loss:172.4808 Recon Loss:0.1866 Acc:0.9990 Acc NCE:0.9851
Epoch:40 Time:7.2 Data:0.0 Loss:12.9123 Cls Loss:0.4405 Pair Loss:0.0633 Center Loss:12.4085 KL Loss:172.2584 Recon Loss:0.1867 Acc:0.9992 Acc NCE:0.9889
=> Test at epoch 40
==========Test with latent_z: z_c =========
==========Test with NCE LOSS=========
Extracted features for query set, obtained torch.Size([2709, 1280]) matrix
Extracted features for gallery set, obtained torch.Size([2000, 1280]) matrix
Extracting features complete in 0m 4s
Distance computing in 0m 0s
Results ---------------------------------------------------
top1:24.4% top5:47.0% top10:59.4% top20:70.7% mAP:30.9%
-----------------------------------------------------------
CAT Results ---------------------------------------------------
top1:23.4% top5:46.0% top10:57.4% top20:69.8% mAP:30.0%
-----------------------------------------------------------
Using 0m 0s
Classifier results ---------------------------------------------------
Query acc: 20.1% Gallery acc: 98.6% Total acc: 51.5%
Jump TSNE in test
==========Test with latent_z: new_z =========
==========Test with NCE LOSS=========
Extracted features for query set, obtained torch.Size([2709, 192]) matrix
Extracted features for gallery set, obtained torch.Size([2000, 192]) matrix
Extracting features complete in 0m 4s
Distance computing in 0m 0s
Results ---------------------------------------------------
top1:19.4% top5:40.1% top10:50.8% top20:62.6% mAP:23.3%
-----------------------------------------------------------
CAT Results ---------------------------------------------------
top1:22.6% top5:43.9% top10:55.3% top20:67.6% mAP:27.4%
-----------------------------------------------------------
Using 0m 0s
Classifier results ---------------------------------------------------
Query acc: 20.1% Gallery acc: 98.6% Total acc: 51.5%
Epoch:41 Time:6.5 Data:0.0 Loss:11.9370 Cls Loss:0.4993 Pair Loss:0.0653 Center Loss:11.3724 KL Loss:172.0864 Recon Loss:0.1867 Acc:0.9990 Acc NCE:0.9725
Epoch:42 Time:6.4 Data:0.0 Loss:11.0903 Cls Loss:0.5449 Pair Loss:0.0658 Center Loss:10.4796 KL Loss:171.8104 Recon Loss:0.1866 Acc:0.9995 Acc NCE:0.9640
Epoch:43 Time:8.1 Data:0.0 Loss:10.2375 Cls Loss:0.5449 Pair Loss:0.0650 Center Loss:9.6276 KL Loss:171.6567 Recon Loss:0.1867 Acc:0.9992 Acc NCE:0.9650
Epoch:44 Time:8.2 Data:0.0 Loss:9.3849 Cls Loss:0.4611 Pair Loss:0.0615 Center Loss:8.8623 KL Loss:171.3901 Recon Loss:0.1867 Acc:0.9992 Acc NCE:0.9756
Epoch:45 Time:8.6 Data:0.0 Loss:8.7355 Cls Loss:0.4700 Pair Loss:0.0584 Center Loss:8.2071 KL Loss:171.1600 Recon Loss:0.1866 Acc:0.9992 Acc NCE:0.9791
=> Test at epoch 45
==========Test with latent_z: z_c =========
==========Test with NCE LOSS=========
Extracted features for query set, obtained torch.Size([2709, 1280]) matrix
Extracted features for gallery set, obtained torch.Size([2000, 1280]) matrix
Extracting features complete in 0m 4s
Distance computing in 0m 0s
Results ---------------------------------------------------
top1:24.3% top5:47.2% top10:59.4% top20:71.1% mAP:31.3%
-----------------------------------------------------------
CAT Results ---------------------------------------------------
top1:23.6% top5:46.8% top10:57.3% top20:69.4% mAP:30.5%
-----------------------------------------------------------
Using 0m 0s
Classifier results ---------------------------------------------------
Query acc: 20.8% Gallery acc: 99.5% Total acc: 52.3%
Jump TSNE in test
==========Test with latent_z: new_z =========
==========Test with NCE LOSS=========
Extracted features for query set, obtained torch.Size([2709, 192]) matrix
Extracted features for gallery set, obtained torch.Size([2000, 192]) matrix
Extracting features complete in 0m 4s
Distance computing in 0m 0s
Results ---------------------------------------------------
top1:19.4% top5:40.1% top10:50.8% top20:62.6% mAP:23.3%
-----------------------------------------------------------
CAT Results ---------------------------------------------------
top1:21.7% top5:44.4% top10:56.0% top20:67.6% mAP:27.6%
-----------------------------------------------------------
Using 0m 0s
Classifier results ---------------------------------------------------
Query acc: 20.8% Gallery acc: 99.5% Total acc: 52.3%
Epoch:46 Time:7.2 Data:0.0 Loss:8.0731 Cls Loss:0.4240 Pair Loss:0.0561 Center Loss:7.5930 KL Loss:170.8164 Recon Loss:0.1867 Acc:0.9990 Acc NCE:0.9889
Epoch:47 Time:6.5 Data:0.0 Loss:7.5007 Cls Loss:0.4185 Pair Loss:0.0562 Center Loss:7.0261 KL Loss:170.7411 Recon Loss:0.1866 Acc:0.9992 Acc NCE:0.9919
Epoch:48 Time:8.6 Data:0.0 Loss:7.0054 Cls Loss:0.4044 Pair Loss:0.0556 Center Loss:6.5455 KL Loss:170.3512 Recon Loss:0.1866 Acc:0.9987 Acc NCE:0.9947
Epoch:49 Time:8.0 Data:0.0 Loss:6.6069 Cls Loss:0.4278 Pair Loss:0.0563 Center Loss:6.1228 KL Loss:170.0958 Recon Loss:0.1866 Acc:0.9992 Acc NCE:0.9904
Epoch:50 Time:7.6 Data:0.0 Loss:6.2187 Cls Loss:0.4274 Pair Loss:0.0539 Center Loss:5.7374 KL Loss:170.0734 Recon Loss:0.1866 Acc:0.9992 Acc NCE:0.9874
=> Test at epoch 50
==========Test with latent_z: z_c =========
==========Test with NCE LOSS=========
Extracted features for query set, obtained torch.Size([2709, 1280]) matrix
Extracted features for gallery set, obtained torch.Size([2000, 1280]) matrix
Extracting features complete in 0m 4s
Distance computing in 0m 0s
Results ---------------------------------------------------
top1:24.9% top5:47.7% top10:59.7% top20:71.1% mAP:31.8%
-----------------------------------------------------------
CAT Results ---------------------------------------------------
top1:23.6% top5:47.4% top10:58.3% top20:70.0% mAP:30.7%
-----------------------------------------------------------
Using 0m 0s
Classifier results ---------------------------------------------------
Query acc: 21.6% Gallery acc: 98.9% Total acc: 52.5%
Jump TSNE in test
==========Test with latent_z: new_z =========
==========Test with NCE LOSS=========
Extracted features for query set, obtained torch.Size([2709, 192]) matrix
Extracted features for gallery set, obtained torch.Size([2000, 192]) matrix
Extracting features complete in 0m 4s
Distance computing in 0m 0s
Results ---------------------------------------------------
top1:19.4% top5:40.1% top10:50.8% top20:62.6% mAP:23.3%
-----------------------------------------------------------
CAT Results ---------------------------------------------------
top1:22.0% top5:44.1% top10:56.4% top20:68.4% mAP:27.5%
-----------------------------------------------------------
Using 0m 0s
Classifier results ---------------------------------------------------
Query acc: 21.6% Gallery acc: 98.9% Total acc: 52.5%
Epoch:51 Time:7.2 Data:0.0 Loss:5.9183 Cls Loss:0.4694 Pair Loss:0.0519 Center Loss:5.3971 KL Loss:169.6227 Recon Loss:0.1866 Acc:0.9995 Acc NCE:0.9806
Epoch:52 Time:6.8 Data:0.0 Loss:5.5359 Cls Loss:0.4228 Pair Loss:0.0471 Center Loss:5.0660 KL Loss:169.3296 Recon Loss:0.1866 Acc:0.9992 Acc NCE:0.9854
Epoch:53 Time:7.3 Data:0.0 Loss:5.3383 Cls Loss:0.4773 Pair Loss:0.0524 Center Loss:4.8086 KL Loss:169.1530 Recon Loss:0.1867 Acc:0.9995 Acc NCE:0.9811
Epoch:54 Time:7.1 Data:0.0 Loss:5.0417 Cls Loss:0.4626 Pair Loss:0.0508 Center Loss:4.5283 KL Loss:168.8379 Recon Loss:0.1867 Acc:0.9990 Acc NCE:0.9851
Epoch:55 Time:7.1 Data:0.0 Loss:4.7787 Cls Loss:0.4426 Pair Loss:0.0472 Center Loss:4.2888 KL Loss:168.7522 Recon Loss:0.1867 Acc:0.9992 Acc NCE:0.9877
=> Test at epoch 55
==========Test with latent_z: z_c =========
==========Test with NCE LOSS=========
Extracted features for query set, obtained torch.Size([2709, 1280]) matrix
Extracted features for gallery set, obtained torch.Size([2000, 1280]) matrix
Extracting features complete in 0m 4s
Distance computing in 0m 0s
Results ---------------------------------------------------
top1:25.2% top5:47.8% top10:59.5% top20:71.1% mAP:32.1%
-----------------------------------------------------------
CAT Results ---------------------------------------------------
top1:24.4% top5:47.2% top10:58.5% top20:69.7% mAP:31.1%
-----------------------------------------------------------
Using 0m 0s
Classifier results ---------------------------------------------------
Query acc: 21.2% Gallery acc: 99.3% Total acc: 52.5%
Jump TSNE in test
==========Test with latent_z: new_z =========
==========Test with NCE LOSS=========
Extracted features for query set, obtained torch.Size([2709, 192]) matrix
Extracted features for gallery set, obtained torch.Size([2000, 192]) matrix
Extracting features complete in 0m 4s
Distance computing in 0m 0s
Results ---------------------------------------------------
top1:19.4% top5:40.1% top10:50.8% top20:62.6% mAP:23.3%
-----------------------------------------------------------
CAT Results ---------------------------------------------------
top1:22.1% top5:43.6% top10:56.1% top20:68.0% mAP:27.6%
-----------------------------------------------------------
Using 0m 0s
Classifier results ---------------------------------------------------
Query acc: 21.2% Gallery acc: 99.3% Total acc: 52.5%
Epoch:56 Time:8.0 Data:0.0 Loss:4.5403 Cls Loss:0.4329 Pair Loss:0.0487 Center Loss:4.0587 KL Loss:168.2251 Recon Loss:0.1866 Acc:0.9987 Acc NCE:0.9889
Epoch:57 Time:8.0 Data:0.0 Loss:4.4185 Cls Loss:0.4712 Pair Loss:0.0469 Center Loss:3.9005 KL Loss:168.2244 Recon Loss:0.1867 Acc:0.9992 Acc NCE:0.9806
Epoch:58 Time:8.5 Data:0.0 Loss:4.2218 Cls Loss:0.4547 Pair Loss:0.0457 Center Loss:3.7214 KL Loss:167.9704 Recon Loss:0.1866 Acc:0.9992 Acc NCE:0.9861
Epoch:59 Time:7.9 Data:0.0 Loss:4.0637 Cls Loss:0.4665 Pair Loss:0.0486 Center Loss:3.5485 KL Loss:167.6638 Recon Loss:0.1867 Acc:0.9992 Acc NCE:0.9831
Epoch:60 Time:7.3 Data:0.0 Loss:3.9911 Cls Loss:0.5180 Pair Loss:0.0432 Center Loss:3.4299 KL Loss:167.3709 Recon Loss:0.1867 Acc:0.9992 Acc NCE:0.9740
=> Test at epoch 60
==========Test with latent_z: z_c =========
==========Test with NCE LOSS=========
Extracted features for query set, obtained torch.Size([2709, 1280]) matrix
Extracted features for gallery set, obtained torch.Size([2000, 1280]) matrix
Extracting features complete in 0m 4s
Distance computing in 0m 0s
Results ---------------------------------------------------
top1:24.8% top5:48.2% top10:59.7% top20:71.0% mAP:32.2%
-----------------------------------------------------------
CAT Results ---------------------------------------------------
top1:23.7% top5:47.0% top10:58.1% top20:69.5% mAP:30.9%
-----------------------------------------------------------
Using 0m 0s
Classifier results ---------------------------------------------------
Query acc: 20.3% Gallery acc: 98.6% Total acc: 51.6%
Jump TSNE in test
==========Test with latent_z: new_z =========
==========Test with NCE LOSS=========
Extracted features for query set, obtained torch.Size([2709, 192]) matrix
Extracted features for gallery set, obtained torch.Size([2000, 192]) matrix
Extracting features complete in 0m 4s
Distance computing in 0m 0s
Results ---------------------------------------------------
top1:19.4% top5:40.1% top10:50.8% top20:62.6% mAP:23.3%
-----------------------------------------------------------
CAT Results ---------------------------------------------------
top1:22.4% top5:44.3% top10:56.4% top20:68.5% mAP:27.9%
-----------------------------------------------------------
Using 0m 0s
Classifier results ---------------------------------------------------
Query acc: 20.3% Gallery acc: 98.6% Total acc: 51.6%
Epoch:61 Time:7.2 Data:0.0 Loss:3.4109 Cls Loss:0.3592 Pair Loss:0.0443 Center Loss:3.0075 KL Loss:167.2781 Recon Loss:0.1867 Acc:0.9995 Acc NCE:0.9877
Epoch:62 Time:6.7 Data:0.0 Loss:3.2039 Cls Loss:0.3115 Pair Loss:0.0385 Center Loss:2.8538 KL Loss:166.7382 Recon Loss:0.1867 Acc:0.9995 Acc NCE:0.9965
Epoch:63 Time:7.3 Data:0.0 Loss:3.1595 Cls Loss:0.3033 Pair Loss:0.0413 Center Loss:2.8149 KL Loss:166.5940 Recon Loss:0.1867 Acc:0.9995 Acc NCE:0.9987
Epoch:64 Time:7.3 Data:0.0 Loss:3.1337 Cls Loss:0.3027 Pair Loss:0.0388 Center Loss:2.7922 KL Loss:166.4042 Recon Loss:0.1866 Acc:0.9995 Acc NCE:0.9995
Epoch:65 Time:7.2 Data:0.0 Loss:3.1145 Cls Loss:0.3020 Pair Loss:0.0369 Center Loss:2.7756 KL Loss:166.1505 Recon Loss:0.1866 Acc:0.9995 Acc NCE:0.9990
=> Test at epoch 65
==========Test with latent_z: z_c =========
==========Test with NCE LOSS=========
Extracted features for query set, obtained torch.Size([2709, 1280]) matrix
Extracted features for gallery set, obtained torch.Size([2000, 1280]) matrix
Extracting features complete in 0m 4s
Distance computing in 0m 0s
Results ---------------------------------------------------
top1:25.1% top5:48.2% top10:59.5% top20:71.1% mAP:32.4%
-----------------------------------------------------------
CAT Results ---------------------------------------------------
top1:24.0% top5:47.3% top10:58.5% top20:69.6% mAP:31.3%
-----------------------------------------------------------
Using 0m 0s
Classifier results ---------------------------------------------------
Query acc: 21.9% Gallery acc: 100.0% Total acc: 53.1%
Jump TSNE in test
==========Test with latent_z: new_z =========
==========Test with NCE LOSS=========
Extracted features for query set, obtained torch.Size([2709, 192]) matrix
Extracted features for gallery set, obtained torch.Size([2000, 192]) matrix
Extracting features complete in 0m 3s
Distance computing in 0m 0s
Results ---------------------------------------------------
top1:19.4% top5:40.1% top10:50.8% top20:62.6% mAP:23.3%
-----------------------------------------------------------
CAT Results ---------------------------------------------------
top1:22.5% top5:44.3% top10:56.2% top20:68.4% mAP:27.9%
-----------------------------------------------------------
Using 0m 0s
Classifier results ---------------------------------------------------
Query acc: 21.9% Gallery acc: 100.0% Total acc: 53.1%
Epoch:66 Time:7.8 Data:0.0 Loss:3.0968 Cls Loss:0.3041 Pair Loss:0.0354 Center Loss:2.7572 KL Loss:165.8623 Recon Loss:0.1866 Acc:0.9995 Acc NCE:0.9992
Epoch:67 Time:7.6 Data:0.0 Loss:3.0883 Cls Loss:0.3043 Pair Loss:0.0409 Center Loss:2.7431 KL Loss:165.7076 Recon Loss:0.1866 Acc:0.9995 Acc NCE:0.9995
Epoch:68 Time:7.2 Data:0.0 Loss:3.0718 Cls Loss:0.3053 Pair Loss:0.0359 Center Loss:2.7306 KL Loss:165.3843 Recon Loss:0.1866 Acc:0.9990 Acc NCE:0.9992
Epoch:69 Time:8.0 Data:0.0 Loss:3.0576 Cls Loss:0.3053 Pair Loss:0.0366 Center Loss:2.7157 KL Loss:165.1979 Recon Loss:0.1866 Acc:0.9992 Acc NCE:0.9992
Epoch:70 Time:7.8 Data:0.0 Loss:3.0421 Cls Loss:0.3055 Pair Loss:0.0353 Center Loss:2.7013 KL Loss:164.8637 Recon Loss:0.1867 Acc:0.9995 Acc NCE:0.9990
=> Test at epoch 70
==========Test with latent_z: z_c =========
==========Test with NCE LOSS=========
Extracted features for query set, obtained torch.Size([2709, 1280]) matrix
Extracted features for gallery set, obtained torch.Size([2000, 1280]) matrix
Extracting features complete in 0m 3s
Distance computing in 0m 0s
Results ---------------------------------------------------
top1:25.1% top5:48.0% top10:59.7% top20:71.1% mAP:32.5%
-----------------------------------------------------------
CAT Results ---------------------------------------------------
top1:24.1% top5:47.6% top10:58.4% top20:70.0% mAP:31.4%
-----------------------------------------------------------
Using 0m 0s
Classifier results ---------------------------------------------------
Query acc: 22.3% Gallery acc: 100.0% Total acc: 53.4%
Jump TSNE in test
==========Test with latent_z: new_z =========
==========Test with NCE LOSS=========
Extracted features for query set, obtained torch.Size([2709, 192]) matrix
Extracted features for gallery set, obtained torch.Size([2000, 192]) matrix
Extracting features complete in 0m 3s
Distance computing in 0m 0s
Results ---------------------------------------------------
top1:19.4% top5:40.1% top10:50.8% top20:62.6% mAP:23.3%
-----------------------------------------------------------
CAT Results ---------------------------------------------------
top1:22.6% top5:44.1% top10:56.3% top20:68.5% mAP:27.9%
-----------------------------------------------------------
Using 0m 0s
Classifier results ---------------------------------------------------
Query acc: 22.3% Gallery acc: 100.0% Total acc: 53.4%
Epoch:71 Time:8.7 Data:0.0 Loss:3.0304 Cls Loss:0.3071 Pair Loss:0.0354 Center Loss:2.6879 KL Loss:164.6295 Recon Loss:0.1866 Acc:0.9995 Acc NCE:0.9992
Epoch:72 Time:7.9 Data:0.0 Loss:3.0198 Cls Loss:0.3063 Pair Loss:0.0386 Center Loss:2.6750 KL Loss:164.5030 Recon Loss:0.1866 Acc:0.9995 Acc NCE:0.9992
Epoch:73 Time:8.0 Data:0.0 Loss:3.0065 Cls Loss:0.3079 Pair Loss:0.0354 Center Loss:2.6632 KL Loss:164.0339 Recon Loss:0.1867 Acc:0.9992 Acc NCE:0.9990
Epoch:74 Time:8.2 Data:0.0 Loss:2.9932 Cls Loss:0.3089 Pair Loss:0.0352 Center Loss:2.6492 KL Loss:163.9319 Recon Loss:0.1867 Acc:0.9995 Acc NCE:0.9990
Epoch:75 Time:7.3 Data:0.0 Loss:2.9888 Cls Loss:0.3098 Pair Loss:0.0381 Center Loss:2.6409 KL Loss:163.6356 Recon Loss:0.1866 Acc:0.9995 Acc NCE:0.9990
=> Test at epoch 75
==========Test with latent_z: z_c =========
==========Test with NCE LOSS=========
Extracted features for query set, obtained torch.Size([2709, 1280]) matrix
Extracted features for gallery set, obtained torch.Size([2000, 1280]) matrix
Extracting features complete in 0m 4s
Distance computing in 0m 0s
Results ---------------------------------------------------
top1:25.2% top5:48.2% top10:59.5% top20:70.9% mAP:32.5%
-----------------------------------------------------------
CAT Results ---------------------------------------------------
top1:24.0% top5:47.7% top10:58.5% top20:70.1% mAP:31.5%
-----------------------------------------------------------
Using 0m 0s
Classifier results ---------------------------------------------------
Query acc: 22.9% Gallery acc: 100.0% Total acc: 53.8%
Jump TSNE in test
==========Test with latent_z: new_z =========
==========Test with NCE LOSS=========
Extracted features for query set, obtained torch.Size([2709, 192]) matrix
Extracted features for gallery set, obtained torch.Size([2000, 192]) matrix
Extracting features complete in 0m 3s
Distance computing in 0m 0s
Results ---------------------------------------------------
top1:19.4% top5:40.1% top10:50.8% top20:62.6% mAP:23.3%
-----------------------------------------------------------
CAT Results ---------------------------------------------------
top1:22.6% top5:44.1% top10:56.1% top20:68.4% mAP:27.9%
-----------------------------------------------------------
Using 0m 0s
Classifier results ---------------------------------------------------
Query acc: 22.9% Gallery acc: 100.0% Total acc: 53.8%
Epoch:76 Time:9.1 Data:0.0 Loss:2.9709 Cls Loss:0.3092 Pair Loss:0.0348 Center Loss:2.6269 KL Loss:163.4157 Recon Loss:0.1866 Acc:0.9992 Acc NCE:0.9995
Epoch:77 Time:8.3 Data:0.0 Loss:2.9611 Cls Loss:0.3094 Pair Loss:0.0363 Center Loss:2.6153 KL Loss:163.1759 Recon Loss:0.1867 Acc:0.9995 Acc NCE:0.9995
Epoch:78 Time:8.5 Data:0.0 Loss:2.9515 Cls Loss:0.3101 Pair Loss:0.0369 Center Loss:2.6046 KL Loss:162.9631 Recon Loss:0.1867 Acc:0.9995 Acc NCE:0.9992
Epoch:79 Time:8.4 Data:0.0 Loss:2.9470 Cls Loss:0.3110 Pair Loss:0.0427 Center Loss:2.5933 KL Loss:162.6718 Recon Loss:0.1867 Acc:0.9992 Acc NCE:0.9995
Epoch:80 Time:8.2 Data:0.0 Loss:2.9294 Cls Loss:0.3117 Pair Loss:0.0351 Center Loss:2.5826 KL Loss:162.4131 Recon Loss:0.1867 Acc:0.9995 Acc NCE:0.9995
=> Test at epoch 80
==========Test with latent_z: z_c =========
==========Test with NCE LOSS=========
Extracted features for query set, obtained torch.Size([2709, 1280]) matrix
Extracted features for gallery set, obtained torch.Size([2000, 1280]) matrix
Extracting features complete in 0m 4s
Distance computing in 0m 0s
Results ---------------------------------------------------
top1:25.1% top5:48.4% top10:59.7% top20:71.0% mAP:32.5%
-----------------------------------------------------------
CAT Results ---------------------------------------------------
top1:24.3% top5:47.7% top10:58.5% top20:70.0% mAP:31.6%
-----------------------------------------------------------
Using 0m 0s
Classifier results ---------------------------------------------------
Query acc: 22.9% Gallery acc: 100.0% Total acc: 53.8%
Jump TSNE in test
==========Test with latent_z: new_z =========
==========Test with NCE LOSS=========
Extracted features for query set, obtained torch.Size([2709, 192]) matrix
Extracted features for gallery set, obtained torch.Size([2000, 192]) matrix
Extracting features complete in 0m 4s
Distance computing in 0m 0s
Results ---------------------------------------------------
top1:19.4% top5:40.1% top10:50.8% top20:62.6% mAP:23.3%
-----------------------------------------------------------
CAT Results ---------------------------------------------------
top1:22.4% top5:44.0% top10:56.1% top20:68.4% mAP:27.8%
-----------------------------------------------------------
Using 0m 0s
Classifier results ---------------------------------------------------
Query acc: 22.9% Gallery acc: 100.0% Total acc: 53.8%
Epoch:81 Time:8.1 Data:0.0 Loss:2.9138 Cls Loss:0.3106 Pair Loss:0.0329 Center Loss:2.5703 KL Loss:162.3178 Recon Loss:0.1866 Acc:0.9992 Acc NCE:0.9995
Epoch:82 Time:7.6 Data:0.0 Loss:2.9132 Cls Loss:0.3129 Pair Loss:0.0390 Center Loss:2.5613 KL Loss:162.1677 Recon Loss:0.1866 Acc:0.9995 Acc NCE:0.9995
Epoch:83 Time:7.6 Data:0.0 Loss:2.8993 Cls Loss:0.3134 Pair Loss:0.0366 Center Loss:2.5494 KL Loss:162.1305 Recon Loss:0.1867 Acc:0.9995 Acc NCE:0.9995
Epoch:84 Time:7.7 Data:0.0 Loss:2.8908 Cls Loss:0.3132 Pair Loss:0.0380 Center Loss:2.5396 KL Loss:162.0940 Recon Loss:0.1867 Acc:0.9992 Acc NCE:0.9990
Epoch:85 Time:6.0 Data:0.0 Loss:2.8782 Cls Loss:0.3141 Pair Loss:0.0358 Center Loss:2.5284 KL Loss:162.2404 Recon Loss:0.1867 Acc:0.9995 Acc NCE:0.9990
=> Test at epoch 85
==========Test with latent_z: z_c =========
==========Test with NCE LOSS=========
Extracted features for query set, obtained torch.Size([2709, 1280]) matrix
Extracted features for gallery set, obtained torch.Size([2000, 1280]) matrix
Extracting features complete in 0m 4s
Distance computing in 0m 0s
Results ---------------------------------------------------
top1:25.0% top5:48.5% top10:59.7% top20:71.1% mAP:32.5%
-----------------------------------------------------------
CAT Results ---------------------------------------------------
top1:24.3% top5:48.0% top10:58.6% top20:70.0% mAP:31.5%
-----------------------------------------------------------
Using 0m 0s
Classifier results ---------------------------------------------------
Query acc: 23.0% Gallery acc: 100.0% Total acc: 53.8%
Jump TSNE in test
==========Test with latent_z: new_z =========
==========Test with NCE LOSS=========
Extracted features for query set, obtained torch.Size([2709, 192]) matrix
Extracted features for gallery set, obtained torch.Size([2000, 192]) matrix
Extracting features complete in 0m 3s
Distance computing in 0m 0s
Results ---------------------------------------------------
top1:19.4% top5:40.1% top10:50.8% top20:62.6% mAP:23.3%
-----------------------------------------------------------
CAT Results ---------------------------------------------------
top1:22.6% top5:44.0% top10:56.1% top20:68.4% mAP:27.8%
-----------------------------------------------------------
Using 0m 0s
Classifier results ---------------------------------------------------
Query acc: 23.0% Gallery acc: 100.0% Total acc: 53.8%
Epoch:86 Time:8.5 Data:0.0 Loss:2.8718 Cls Loss:0.3141 Pair Loss:0.0387 Center Loss:2.5190 KL Loss:162.1634 Recon Loss:0.1866 Acc:0.9995 Acc NCE:0.9992
Epoch:87 Time:7.5 Data:0.0 Loss:2.8625 Cls Loss:0.3141 Pair Loss:0.0399 Center Loss:2.5085 KL Loss:162.1371 Recon Loss:0.1867 Acc:0.9995 Acc NCE:0.9992
Epoch:88 Time:9.5 Data:0.0 Loss:2.8533 Cls Loss:0.3148 Pair Loss:0.0363 Center Loss:2.5021 KL Loss:162.0459 Recon Loss:0.1866 Acc:0.9992 Acc NCE:0.9992
Epoch:89 Time:7.3 Data:0.0 Loss:2.8461 Cls Loss:0.3160 Pair Loss:0.0379 Center Loss:2.4922 KL Loss:162.2378 Recon Loss:0.1867 Acc:0.9992 Acc NCE:0.9992
Epoch:90 Time:6.3 Data:0.0 Loss:2.8300 Cls Loss:0.3148 Pair Loss:0.0362 Center Loss:2.4790 KL Loss:162.2520 Recon Loss:0.1867 Acc:0.9995 Acc NCE:0.9992
=> Test at epoch 90
==========Test with latent_z: z_c =========
==========Test with NCE LOSS=========
Extracted features for query set, obtained torch.Size([2709, 1280]) matrix
Extracted features for gallery set, obtained torch.Size([2000, 1280]) matrix
Extracting features complete in 0m 4s
Distance computing in 0m 0s
Results ---------------------------------------------------
top1:25.2% top5:48.1% top10:59.8% top20:71.1% mAP:32.6%
-----------------------------------------------------------
CAT Results ---------------------------------------------------
top1:24.3% top5:48.1% top10:58.8% top20:69.9% mAP:31.6%
-----------------------------------------------------------
Using 0m 0s
Classifier results ---------------------------------------------------
Query acc: 23.4% Gallery acc: 100.0% Total acc: 54.0%
Jump TSNE in test
==========Test with latent_z: new_z =========
==========Test with NCE LOSS=========
Extracted features for query set, obtained torch.Size([2709, 192]) matrix
Extracted features for gallery set, obtained torch.Size([2000, 192]) matrix
Extracting features complete in 0m 3s
Distance computing in 0m 0s
Results ---------------------------------------------------
top1:19.4% top5:40.1% top10:50.8% top20:62.6% mAP:23.3%
-----------------------------------------------------------
CAT Results ---------------------------------------------------
top1:22.6% top5:43.8% top10:56.0% top20:68.2% mAP:27.7%
-----------------------------------------------------------
Using 0m 0s
Classifier results ---------------------------------------------------
Query acc: 23.4% Gallery acc: 100.0% Total acc: 54.0%
Epoch:91 Time:7.9 Data:0.0 Loss:2.8195 Cls Loss:0.3152 Pair Loss:0.0368 Center Loss:2.4675 KL Loss:162.1074 Recon Loss:0.1866 Acc:0.9992 Acc NCE:0.9995
Epoch:92 Time:7.4 Data:0.0 Loss:2.8142 Cls Loss:0.3161 Pair Loss:0.0355 Center Loss:2.4626 KL Loss:162.2123 Recon Loss:0.1867 Acc:0.9992 Acc NCE:0.9990
Epoch:93 Time:6.8 Data:0.0 Loss:2.7990 Cls Loss:0.3162 Pair Loss:0.0331 Center Loss:2.4498 KL Loss:162.2157 Recon Loss:0.1867 Acc:0.9995 Acc NCE:0.9992
Epoch:94 Time:6.0 Data:0.0 Loss:2.7903 Cls Loss:0.3163 Pair Loss:0.0321 Center Loss:2.4419 KL Loss:162.1076 Recon Loss:0.1866 Acc:0.9990 Acc NCE:0.9995
Epoch:95 Time:6.6 Data:0.0 Loss:2.7827 Cls Loss:0.3177 Pair Loss:0.0335 Center Loss:2.4315 KL Loss:161.9430 Recon Loss:0.1866 Acc:0.9992 Acc NCE:0.9990
=> Test at epoch 95
==========Test with latent_z: z_c =========
==========Test with NCE LOSS=========
Extracted features for query set, obtained torch.Size([2709, 1280]) matrix
Extracted features for gallery set, obtained torch.Size([2000, 1280]) matrix
Extracting features complete in 0m 4s
Distance computing in 0m 0s
Results ---------------------------------------------------
top1:25.0% top5:48.4% top10:59.7% top20:71.1% mAP:32.5%
-----------------------------------------------------------
CAT Results ---------------------------------------------------
top1:24.3% top5:48.1% top10:58.7% top20:70.0% mAP:31.6%
-----------------------------------------------------------
Using 0m 0s
Classifier results ---------------------------------------------------
Query acc: 23.4% Gallery acc: 100.0% Total acc: 54.1%
Jump TSNE in test
==========Test with latent_z: new_z =========
==========Test with NCE LOSS=========
Extracted features for query set, obtained torch.Size([2709, 192]) matrix
Extracted features for gallery set, obtained torch.Size([2000, 192]) matrix
Extracting features complete in 0m 3s
Distance computing in 0m 0s
Results ---------------------------------------------------
top1:19.4% top5:40.1% top10:50.8% top20:62.6% mAP:23.3%
-----------------------------------------------------------
CAT Results ---------------------------------------------------
top1:22.5% top5:43.7% top10:56.1% top20:68.1% mAP:27.7%
-----------------------------------------------------------
Using 0m 0s
Classifier results ---------------------------------------------------
Query acc: 23.4% Gallery acc: 100.0% Total acc: 54.1%
Epoch:96 Time:8.2 Data:0.0 Loss:2.7715 Cls Loss:0.3172 Pair Loss:0.0321 Center Loss:2.4222 KL Loss:162.0841 Recon Loss:0.1866 Acc:0.9995 Acc NCE:0.9995
Epoch:97 Time:7.1 Data:0.0 Loss:2.7648 Cls Loss:0.3181 Pair Loss:0.0339 Center Loss:2.4128 KL Loss:162.0552 Recon Loss:0.1866 Acc:0.9992 Acc NCE:0.9992
Epoch:98 Time:6.6 Data:0.0 Loss:2.7516 Cls Loss:0.3169 Pair Loss:0.0315 Center Loss:2.4031 KL Loss:162.1711 Recon Loss:0.1865 Acc:0.9995 Acc NCE:0.9995
Epoch:99 Time:6.5 Data:0.0 Loss:2.7482 Cls Loss:0.3188 Pair Loss:0.0349 Center Loss:2.3945 KL Loss:162.2432 Recon Loss:0.1866 Acc:0.9990 Acc NCE:0.9992
Epoch:100 Time:6.6 Data:0.0 Loss:2.7387 Cls Loss:0.3183 Pair Loss:0.0337 Center Loss:2.3867 KL Loss:162.1600 Recon Loss:0.1867 Acc:0.9995 Acc NCE:0.9995
=> Test at epoch 100
==========Test with latent_z: z_c =========
==========Test with NCE LOSS=========
Extracted features for query set, obtained torch.Size([2709, 1280]) matrix
Extracted features for gallery set, obtained torch.Size([2000, 1280]) matrix
Extracting features complete in 0m 4s
Distance computing in 0m 0s
Results ---------------------------------------------------
top1:25.0% top5:48.4% top10:59.6% top20:71.3% mAP:32.5%
-----------------------------------------------------------
CAT Results ---------------------------------------------------
top1:24.1% top5:48.1% top10:58.9% top20:70.0% mAP:31.7%
-----------------------------------------------------------
Using 0m 0s
Classifier results ---------------------------------------------------
Query acc: 23.7% Gallery acc: 100.0% Total acc: 54.2%
Jump TSNE in test
==========Test with latent_z: new_z =========
==========Test with NCE LOSS=========
Extracted features for query set, obtained torch.Size([2709, 192]) matrix
Extracted features for gallery set, obtained torch.Size([2000, 192]) matrix
Extracting features complete in 0m 3s
Distance computing in 0m 0s
Results ---------------------------------------------------
top1:19.4% top5:40.1% top10:50.8% top20:62.6% mAP:23.3%
-----------------------------------------------------------
CAT Results ---------------------------------------------------
top1:22.4% top5:43.9% top10:56.1% top20:68.2% mAP:27.6%
-----------------------------------------------------------
Using 0m 0s
Classifier results ---------------------------------------------------
Query acc: 23.7% Gallery acc: 100.0% Total acc: 54.2%
Epoch:101 Time:8.3 Data:0.0 Loss:2.7278 Cls Loss:0.3188 Pair Loss:0.0337 Center Loss:2.3753 KL Loss:162.0917 Recon Loss:0.1867 Acc:0.9995 Acc NCE:0.9992
Epoch:102 Time:7.7 Data:0.0 Loss:2.7244 Cls Loss:0.3192 Pair Loss:0.0369 Center Loss:2.3683 KL Loss:162.2388 Recon Loss:0.1867 Acc:0.9995 Acc NCE:0.9990
Epoch:103 Time:7.8 Data:0.0 Loss:2.7147 Cls Loss:0.3195 Pair Loss:0.0363 Center Loss:2.3589 KL Loss:162.0215 Recon Loss:0.1867 Acc:0.9992 Acc NCE:0.9995
Epoch:104 Time:6.5 Data:0.0 Loss:2.7020 Cls Loss:0.3185 Pair Loss:0.0332 Center Loss:2.3503 KL Loss:162.1943 Recon Loss:0.1867 Acc:0.9992 Acc NCE:0.9995
Epoch:105 Time:6.3 Data:0.0 Loss:2.6921 Cls Loss:0.3198 Pair Loss:0.0307 Center Loss:2.3417 KL Loss:162.2554 Recon Loss:0.1866 Acc:0.9995 Acc NCE:0.9992
=> Test at epoch 105
==========Test with latent_z: z_c =========
==========Test with NCE LOSS=========
Extracted features for query set, obtained torch.Size([2709, 1280]) matrix
Extracted features for gallery set, obtained torch.Size([2000, 1280]) matrix
Extracting features complete in 0m 4s
Distance computing in 0m 0s
Results ---------------------------------------------------
top1:24.9% top5:48.4% top10:59.8% top20:71.4% mAP:32.5%
-----------------------------------------------------------
CAT Results ---------------------------------------------------
top1:24.1% top5:48.2% top10:59.1% top20:69.9% mAP:31.7%
-----------------------------------------------------------
Using 0m 0s
Classifier results ---------------------------------------------------
Query acc: 23.7% Gallery acc: 100.0% Total acc: 54.2%
Jump TSNE in test
==========Test with latent_z: new_z =========
==========Test with NCE LOSS=========
Extracted features for query set, obtained torch.Size([2709, 192]) matrix
Extracted features for gallery set, obtained torch.Size([2000, 192]) matrix
Extracting features complete in 0m 4s
Distance computing in 0m 0s
Results ---------------------------------------------------
top1:19.4% top5:40.1% top10:50.8% top20:62.6% mAP:23.3%
-----------------------------------------------------------
CAT Results ---------------------------------------------------
top1:22.3% top5:43.7% top10:56.1% top20:67.9% mAP:27.5%
-----------------------------------------------------------
Using 0m 0s
Classifier results ---------------------------------------------------
Query acc: 23.7% Gallery acc: 100.0% Total acc: 54.2%
Epoch:106 Time:8.9 Data:0.0 Loss:2.6901 Cls Loss:0.3202 Pair Loss:0.0377 Center Loss:2.3322 KL Loss:162.1518 Recon Loss:0.1866 Acc:0.9992 Acc NCE:0.9992
Epoch:107 Time:8.3 Data:0.0 Loss:2.6822 Cls Loss:0.3201 Pair Loss:0.0358 Center Loss:2.3263 KL Loss:162.0255 Recon Loss:0.1866 Acc:0.9995 Acc NCE:0.9992
Epoch:108 Time:7.7 Data:0.0 Loss:2.6706 Cls Loss:0.3207 Pair Loss:0.0348 Center Loss:2.3151 KL Loss:162.2338 Recon Loss:0.1866 Acc:0.9992 Acc NCE:0.9992
Epoch:109 Time:6.6 Data:0.0 Loss:2.6641 Cls Loss:0.3206 Pair Loss:0.0341 Center Loss:2.3094 KL Loss:162.0883 Recon Loss:0.1866 Acc:0.9990 Acc NCE:0.9990
Epoch:110 Time:6.9 Data:0.0 Loss:2.6517 Cls Loss:0.3200 Pair Loss:0.0328 Center Loss:2.2989 KL Loss:162.1528 Recon Loss:0.1866 Acc:0.9992 Acc NCE:0.9992
=> Test at epoch 110
==========Test with latent_z: z_c =========
==========Test with NCE LOSS=========
Extracted features for query set, obtained torch.Size([2709, 1280]) matrix
Extracted features for gallery set, obtained torch.Size([2000, 1280]) matrix
Extracting features complete in 0m 4s
Distance computing in 0m 0s
Results ---------------------------------------------------
top1:25.1% top5:48.4% top10:59.7% top20:71.4% mAP:32.5%
-----------------------------------------------------------
CAT Results ---------------------------------------------------
top1:24.3% top5:48.2% top10:59.1% top20:69.9% mAP:31.7%
-----------------------------------------------------------
Using 0m 0s
Classifier results ---------------------------------------------------
Query acc: 23.4% Gallery acc: 100.0% Total acc: 54.0%
Jump TSNE in test
==========Test with latent_z: new_z =========
==========Test with NCE LOSS=========
Extracted features for query set, obtained torch.Size([2709, 192]) matrix
Extracted features for gallery set, obtained torch.Size([2000, 192]) matrix
Extracting features complete in 0m 4s
Distance computing in 0m 0s
Results ---------------------------------------------------
top1:19.4% top5:40.1% top10:50.8% top20:62.6% mAP:23.3%
-----------------------------------------------------------
CAT Results ---------------------------------------------------
top1:22.3% top5:43.7% top10:56.1% top20:68.3% mAP:27.5%
-----------------------------------------------------------
Using 0m 0s
Classifier results ---------------------------------------------------
Query acc: 23.4% Gallery acc: 100.0% Total acc: 54.0%
Epoch:111 Time:8.0 Data:0.0 Loss:2.6451 Cls Loss:0.3209 Pair Loss:0.0324 Center Loss:2.2918 KL Loss:162.1718 Recon Loss:0.1867 Acc:0.9990 Acc NCE:0.9992
Epoch:112 Time:8.2 Data:0.0 Loss:2.6359 Cls Loss:0.3221 Pair Loss:0.0329 Center Loss:2.2809 KL Loss:162.0641 Recon Loss:0.1867 Acc:0.9990 Acc NCE:0.9990
Epoch:113 Time:6.4 Data:0.0 Loss:2.6277 Cls Loss:0.3212 Pair Loss:0.0313 Center Loss:2.2751 KL Loss:162.1968 Recon Loss:0.1867 Acc:0.9995 Acc NCE:0.9992
Epoch:114 Time:6.4 Data:0.0 Loss:2.6208 Cls Loss:0.3197 Pair Loss:0.0338 Center Loss:2.2673 KL Loss:162.2073 Recon Loss:0.1866 Acc:0.9990 Acc NCE:0.9992
Epoch:115 Time:5.7 Data:0.0 Loss:2.6127 Cls Loss:0.3205 Pair Loss:0.0321 Center Loss:2.2600 KL Loss:162.1852 Recon Loss:0.1866 Acc:0.9995 Acc NCE:0.9995
=> Test at epoch 115
==========Test with latent_z: z_c =========
==========Test with NCE LOSS=========
Extracted features for query set, obtained torch.Size([2709, 1280]) matrix
Extracted features for gallery set, obtained torch.Size([2000, 1280]) matrix
Extracting features complete in 0m 4s
Distance computing in 0m 0s
Results ---------------------------------------------------
top1:25.1% top5:48.4% top10:59.7% top20:71.4% mAP:32.6%
-----------------------------------------------------------
CAT Results ---------------------------------------------------
top1:24.1% top5:48.2% top10:58.9% top20:70.0% mAP:31.7%
-----------------------------------------------------------
Using 0m 0s
Classifier results ---------------------------------------------------
Query acc: 23.9% Gallery acc: 100.0% Total acc: 54.4%
Jump TSNE in test
==========Test with latent_z: new_z =========
==========Test with NCE LOSS=========
Extracted features for query set, obtained torch.Size([2709, 192]) matrix
Extracted features for gallery set, obtained torch.Size([2000, 192]) matrix
Extracting features complete in 0m 3s
Distance computing in 0m 0s
Results ---------------------------------------------------
top1:19.4% top5:40.1% top10:50.8% top20:62.6% mAP:23.3%
-----------------------------------------------------------
CAT Results ---------------------------------------------------
top1:22.3% top5:43.6% top10:56.2% top20:68.1% mAP:27.5%
-----------------------------------------------------------
Using 0m 0s
Classifier results ---------------------------------------------------
Query acc: 23.9% Gallery acc: 100.0% Total acc: 54.4%
Epoch:116 Time:6.1 Data:0.0 Loss:2.6056 Cls Loss:0.3214 Pair Loss:0.0326 Center Loss:2.2516 KL Loss:162.1106 Recon Loss:0.1867 Acc:0.9992 Acc NCE:0.9995
Epoch:117 Time:5.8 Data:0.0 Loss:2.6012 Cls Loss:0.3217 Pair Loss:0.0361 Center Loss:2.2434 KL Loss:162.1220 Recon Loss:0.1867 Acc:0.9992 Acc NCE:0.9992
Epoch:118 Time:5.7 Data:0.0 Loss:2.5942 Cls Loss:0.3219 Pair Loss:0.0356 Center Loss:2.2368 KL Loss:162.1233 Recon Loss:0.1867 Acc:0.9995 Acc NCE:0.9990
Epoch:119 Time:5.6 Data:0.0 Loss:2.5825 Cls Loss:0.3224 Pair Loss:0.0323 Center Loss:2.2278 KL Loss:162.0881 Recon Loss:0.1867 Acc:0.9992 Acc NCE:0.9995
Epoch:120 Time:5.7 Data:0.0 Loss:2.5746 Cls Loss:0.3215 Pair Loss:0.0327 Center Loss:2.2204 KL Loss:162.1188 Recon Loss:0.1866 Acc:0.9992 Acc NCE:0.9995
=> Test at epoch 120
==========Test with latent_z: z_c =========
==========Test with NCE LOSS=========
Extracted features for query set, obtained torch.Size([2709, 1280]) matrix
Extracted features for gallery set, obtained torch.Size([2000, 1280]) matrix
Extracting features complete in 0m 4s
Distance computing in 0m 0s
Results ---------------------------------------------------
top1:25.1% top5:48.5% top10:59.8% top20:71.4% mAP:32.6%
-----------------------------------------------------------
CAT Results ---------------------------------------------------
top1:24.4% top5:48.2% top10:58.8% top20:70.1% mAP:31.8%
-----------------------------------------------------------
Using 0m 0s
Classifier results ---------------------------------------------------
Query acc: 24.1% Gallery acc: 100.0% Total acc: 54.4%
Jump TSNE in test
==========Test with latent_z: new_z =========
==========Test with NCE LOSS=========
Extracted features for query set, obtained torch.Size([2709, 192]) matrix
Extracted features for gallery set, obtained torch.Size([2000, 192]) matrix
Extracting features complete in 0m 3s
Distance computing in 0m 0s
Results ---------------------------------------------------
top1:19.4% top5:40.1% top10:50.8% top20:62.6% mAP:23.3%
-----------------------------------------------------------
CAT Results ---------------------------------------------------
top1:22.2% top5:43.7% top10:56.1% top20:68.0% mAP:27.4%
-----------------------------------------------------------
Using 0m 0s
Classifier results ---------------------------------------------------
Query acc: 24.1% Gallery acc: 100.0% Total acc: 54.4%
Keep checkpoint file: checkpoint_ep120.pth.tar
=> Best Rank-1 25.1%, mAP 32.6% achieved at epoch 120
Finished. Total elapsed time (h:m:s): 0:18:56. Training time (h:m:s): 0:14:51.
Shutting down background jobs, please wait a moment...
Done!
Waiting for the remaining 41 operations to synchronize with Neptune. Do not kill this process.
All 41 operations synced, thanks for waiting!
Explore the metadata in the Neptune app:
https://app.neptune.ai/Zhengwei-Lab/MayCVAE/e/MAY-424/metadata
