https://app.neptune.ai/Zhengwei-Lab/MayCVAE/e/MAY-390
=> merge config from ./configs/base_duke/clipreid_cvae_kl.yaml
/home/zhengwei/Desktop/Zhengwei/Projects/CVAE/main.py:91: NeptuneUnsupportedType: You're attempting to log a type that is not directly supported by Neptune (<class 'list'>).
        Convert the value to a supported type, such as a string or float, or use stringify_unsupported(obj)
        for dictionaries or collections that contain unsupported values.
        For more, see https://docs.neptune.ai/help/value_of_unsupported_type
  run["parameters"] = param
=> Configurations:
-------------------------
AMP: True
AUG:
  RC_PROB: 0.5
  RE_PROB: 0.5
DATA:
  CUHK03_CLASSIC_SPLIT: False
  CUHK03_LABELED: False
  DATASET: duke
  FORMAT_TAG: tensor
  HEIGHT: 256
  NUM_INSTANCES: 4
  NUM_WORKERS: 4
  ROOT: /home/zhengwei/Desktop/Zhengwei/Projects/datasets
  SPLIT_ID: 0
  TEST_BATCH: 512
  TRAIN_BATCH: 64
  TRAIN_FORMAT: base
  WIDTH: 128
EVAL_MODE: False
GPU: 0
LOSS:
  CLA_LOSS: crossentropy
  CLA_M: 0.0
  CLA_S: 16.0
  PAIR_LOSS: triplet
  PAIR_M: 0.3
  PAIR_S: 16.0
  RECON_LOSS: mse
  USE_NCE: False
MODEL:
  CONDITIONAL: False
  FEATURE_DIM: 1280
  FEAT_FUSION: True
  FLOW_TYPE: 
  GAUSSIAN: MultivariateNormal
  HIDDEN_DIM: 256
  LATENT_SIZE: 64
  NAME: CVAE
  ONLY_CVAE_KL: False
  ONLY_X_INPUT: False
  PRETRAIN: CLIPreidNew
  RES4_STRIDE: 1
  RESUME: /home/zhengwei/Desktop/Zhengwei/Projects/CVAE/outputs/duke/clipreid_simplevae_base/2024-06-20/fp32_SimpleVAE_128+64z_1e3+3_60+120_KLtotalZ_noCLS
  TRAIN_STAGE: reidstage
  USE_CENTROID: False
  USE_TWO_ENCODER: False
  VAE_TYPE: SinpleVAE
  ZC_DIM: 128
  ZS_DIM: 64
OUTPUT: /home/zhengwei/Desktop/Zhengwei/Projects/CVAE/outputs/duke/clipreid_simplevae_base/2024-06-20/fp32_SimpleVAE_128+64z_1e3+3_60+120_KLtotalZ_noCLS/reid_crossentropy/2024-07-08
SAVED_NAME: SimpleVAE_128+64z_1e3+3_60+120_KLtotalZ_s2_CLS+Trip+Center
SEED: 0
TAG: clipreid_simplevae_base
TEST:
  DISTANCE: cosine
  EVAL_STEP: 5
  START_EVAL: -1
TRAIN:
  AMP: False
  LR_SCHEDULER:
    DECAY_RATE: 0.1
    NAME: MultiStepLR
    STEPSIZE: [60]
  MAX_EPOCH: 120
  OPTIMIZER:
    LR: 0.001
    NAME: adam
    SGDLR: 0.01
    SGD_MOMENTUM: 0.9
    SGD_WEIGHT_DECAY: 0.0005
    WEIGHT_DECAY: 0.0001
  START_EPOCH: 0
----------------------
Initializing dataset duke
Warning: string series 'monitoring/eafd1f44/stdout' value was longer than 1000 characters and was truncated. This warning is printed only once per series.
=> DukeMTMC-reID tensor loaded
Dataset statistics:
  ------------------------------
  subset   | # ids | # images
  ------------------------------
  train    |   702 |    16522
  query    |   702 |     2228
  gallery  |  1110 |    17661
  ------------------------------
  total    |  1404 |    36411
  ------------------------------
Initializing SinpleVAE model
Model size: 11.73638M
[INFO] Register count_relu() for <class 'torch.nn.modules.activation.LeakyReLU'>.
[INFO] Register count_linear() for <class 'torch.nn.modules.linear.Linear'>.
[INFO] Register count_normalization() for <class 'torch.nn.modules.batchnorm.BatchNorm1d'>.
[INFO] Register zero_ops() for <class 'torch.nn.modules.activation.ReLU'>.
[INFO] Register zero_ops() for <class 'torch.nn.modules.dropout.Dropout'>.
[INFO] Register zero_ops() for <class 'torch.nn.modules.container.Sequential'>.
FLOPs: 0.73361G
Params: 11.47219M
Classifier size: 0.08986M
reid_projector.MLP.0.weight is tuneable
reid_projector.MLP.2.weight is tuneable
reid_projector.MLP.2.bias is tuneable
reid_projector.MLP.3.weight is tuneable
reid_projector.MLP.5.weight is tuneable
reid_projector.MLP.5.bias is tuneable
reid_projector.MLP.6.weight is tuneable
reid_projector.MLP.8.weight is tuneable
reid_projector.MLP.8.bias is tuneable
reid_projector.MLP.9.weight is tuneable
=> Start Training REID model
Loading checkpoint from '/home/zhengwei/Desktop/Zhengwei/Projects/CVAE/outputs/duke/clipreid_simplevae_base/2024-06-20/fp32_SimpleVAE_128+64z_1e3+3_60+120_KLtotalZ_noCLS.best_model.pth.tar'
Ignores parameter:  i2t_projector.weight
Ignores parameter:  i2t_projector.bias
orginal best rank1 = 0.8460502692998204
=> Start training
/home/zhengwei/Desktop/Zhengwei/Projects/CVAE/losses/center_loss.py:40: UserWarning: This overload of addmm_ is deprecated:
	addmm_(Number beta, Number alpha, Tensor mat1, Tensor mat2)
Consider using one of the following signatures instead:
	addmm_(Tensor mat1, Tensor mat2, *, Number beta, Number alpha) (Triggered internally at /opt/conda/conda-bld/pytorch_1670525539683/work/torch/csrc/utils/python_arg_parser.cpp:1420.)
  distmat.addmm_(1, -2, x, self.centers.t())
Epoch:1 Time:18.8 Data:0.0 Loss:125.1042 Cls Loss:6.5796 Pair Loss:0.6202 Circle Loss:117.9044 KL Loss:19.1417 Recon Loss:0.0918 Acc:0.0078 
Epoch:2 Time:18.7 Data:0.0 Loss:48.0985 Cls Loss:6.5563 Pair Loss:0.5755 Circle Loss:40.9667 KL Loss:18.0557 Recon Loss:0.0919 Acc:0.0036 
Epoch:3 Time:18.3 Data:0.0 Loss:27.0125 Cls Loss:6.5131 Pair Loss:0.4563 Circle Loss:20.0431 KL Loss:16.9579 Recon Loss:0.0918 Acc:0.0140 
Epoch:4 Time:18.3 Data:0.0 Loss:17.2885 Cls Loss:6.4782 Pair Loss:0.3925 Circle Loss:10.4178 KL Loss:15.9264 Recon Loss:0.0918 Acc:0.0228 
Epoch:5 Time:18.6 Data:0.0 Loss:12.4289 Cls Loss:6.4418 Pair Loss:0.3626 Circle Loss:5.6245 KL Loss:14.7532 Recon Loss:0.0918 Acc:0.0244 
=> Test at epoch 5
==========Test with latent_z: z_c =========
Extracted features for query set, obtained torch.Size([2228, 128]) matrix
Extracted features for gallery set, obtained torch.Size([17661, 128]) matrix
Extracting features complete in 0m 4s
Distance computing in 0m 0s
Results ---------------------------------------------------
top1:42.8% top5:57.0% top10:62.5% top20:67.1% mAP:13.3%
-----------------------------------------------------------
Using 0m 2s
Classifier results ---------------------------------------------------
Query acc: 0.0% Gallery acc: 0.0% Total acc: 0.0%
==========Test with latent_z: new_z =========
Extracted features for query set, obtained torch.Size([2228, 192]) matrix
Extracted features for gallery set, obtained torch.Size([17661, 192]) matrix
Extracting features complete in 0m 4s
Distance computing in 0m 0s
Results ---------------------------------------------------
top1:84.7% top5:91.2% top10:93.2% top20:95.1% mAP:70.5%
-----------------------------------------------------------
Using 0m 2s
Classifier results ---------------------------------------------------
Query acc: 0.0% Gallery acc: 0.0% Total acc: 0.0%
Epoch:6 Time:19.1 Data:0.0 Loss:9.8915 Cls Loss:6.4052 Pair Loss:0.3411 Circle Loss:3.1451 KL Loss:13.6760 Recon Loss:0.0919 Acc:0.0244 
Epoch:7 Time:18.8 Data:0.0 Loss:8.5119 Cls Loss:6.3798 Pair Loss:0.3286 Circle Loss:1.8034 KL Loss:12.5394 Recon Loss:0.0917 Acc:0.0244 
Epoch:8 Time:18.4 Data:0.0 Loss:7.7448 Cls Loss:6.3653 Pair Loss:0.3194 Circle Loss:1.0601 KL Loss:11.4630 Recon Loss:0.0918 Acc:0.0244 
Epoch:9 Time:18.6 Data:0.0 Loss:7.3132 Cls Loss:6.3597 Pair Loss:0.3154 Circle Loss:0.6381 KL Loss:10.3645 Recon Loss:0.0917 Acc:0.0244 
Epoch:10 Time:18.5 Data:0.0 Loss:7.0629 Cls Loss:6.3574 Pair Loss:0.3110 Circle Loss:0.3945 KL Loss:9.3582 Recon Loss:0.0918 Acc:0.0244 
=> Test at epoch 10
==========Test with latent_z: z_c =========
Extracted features for query set, obtained torch.Size([2228, 128]) matrix
Extracted features for gallery set, obtained torch.Size([17661, 128]) matrix
Extracting features complete in 0m 5s
Distance computing in 0m 0s
Results ---------------------------------------------------
top1:33.5% top5:46.6% top10:51.9% top20:58.2% mAP:9.4%
-----------------------------------------------------------
Using 0m 2s
Classifier results ---------------------------------------------------
Query acc: 0.1% Gallery acc: 0.1% Total acc: 0.1%
==========Test with latent_z: new_z =========
Extracted features for query set, obtained torch.Size([2228, 192]) matrix
Extracted features for gallery set, obtained torch.Size([17661, 192]) matrix
Extracting features complete in 0m 4s
Distance computing in 0m 0s
Results ---------------------------------------------------
top1:84.7% top5:91.2% top10:93.2% top20:95.1% mAP:70.5%
-----------------------------------------------------------
Using 0m 2s
Classifier results ---------------------------------------------------
Query acc: 0.1% Gallery acc: 0.1% Total acc: 0.1%
Epoch:11 Time:18.6 Data:0.0 Loss:6.9169 Cls Loss:6.3581 Pair Loss:0.3089 Circle Loss:0.2498 KL Loss:8.1605 Recon Loss:0.0918 Acc:0.0244 
Epoch:12 Time:18.3 Data:0.0 Loss:6.8295 Cls Loss:6.3590 Pair Loss:0.3075 Circle Loss:0.1630 KL Loss:7.0906 Recon Loss:0.0919 Acc:0.0244 
Epoch:13 Time:18.7 Data:0.0 Loss:6.7744 Cls Loss:6.3568 Pair Loss:0.3069 Circle Loss:0.1108 KL Loss:5.9770 Recon Loss:0.0918 Acc:0.0244 
Epoch:14 Time:18.4 Data:0.0 Loss:6.7413 Cls Loss:6.3550 Pair Loss:0.3067 Circle Loss:0.0796 KL Loss:4.9349 Recon Loss:0.0917 Acc:0.0244 
Epoch:15 Time:18.6 Data:0.0 Loss:6.7137 Cls Loss:6.3489 Pair Loss:0.3059 Circle Loss:0.0589 KL Loss:3.8820 Recon Loss:0.0918 Acc:0.0244 
=> Test at epoch 15
==========Test with latent_z: z_c =========
Extracted features for query set, obtained torch.Size([2228, 128]) matrix
Extracted features for gallery set, obtained torch.Size([17661, 128]) matrix
Extracting features complete in 0m 5s
Distance computing in 0m 0s
Results ---------------------------------------------------
top1:24.2% top5:36.9% top10:43.2% top20:49.4% mAP:6.3%
-----------------------------------------------------------
Using 0m 2s
Classifier results ---------------------------------------------------
Query acc: 0.1% Gallery acc: 0.1% Total acc: 0.1%
==========Test with latent_z: new_z =========
Extracted features for query set, obtained torch.Size([2228, 192]) matrix
Extracted features for gallery set, obtained torch.Size([17661, 192]) matrix
Extracting features complete in 0m 4s
Distance computing in 0m 0s
Results ---------------------------------------------------
top1:84.7% top5:91.2% top10:93.2% top20:95.1% mAP:70.5%
-----------------------------------------------------------
Using 0m 2s
Classifier results ---------------------------------------------------
Query acc: 0.1% Gallery acc: 0.1% Total acc: 0.1%
Epoch:16 Time:19.1 Data:0.0 Loss:6.7055 Cls Loss:6.3517 Pair Loss:0.3069 Circle Loss:0.0468 KL Loss:2.7324 Recon Loss:0.0919 Acc:0.0244 
Epoch:17 Time:18.5 Data:0.0 Loss:6.6950 Cls Loss:6.3508 Pair Loss:0.3057 Circle Loss:0.0384 KL Loss:1.6352 Recon Loss:0.0918 Acc:0.0244 
Epoch:18 Time:18.5 Data:0.0 Loss:6.6866 Cls Loss:6.3490 Pair Loss:0.3058 Circle Loss:0.0318 KL Loss:0.8601 Recon Loss:0.0918 Acc:0.0244 
Epoch:19 Time:18.4 Data:0.0 Loss:6.6792 Cls Loss:6.3438 Pair Loss:0.3063 Circle Loss:0.0291 KL Loss:0.7067 Recon Loss:0.0919 Acc:0.0254 
Epoch:20 Time:18.4 Data:0.0 Loss:6.6816 Cls Loss:6.3477 Pair Loss:0.3079 Circle Loss:0.0260 KL Loss:0.7254 Recon Loss:0.0918 Acc:0.0244 
=> Test at epoch 20
==========Test with latent_z: z_c =========
Extracted features for query set, obtained torch.Size([2228, 128]) matrix
Extracted features for gallery set, obtained torch.Size([17661, 128]) matrix
Extracting features complete in 0m 4s
Distance computing in 0m 0s
Results ---------------------------------------------------
top1:15.8% top5:28.1% top10:34.2% top20:42.3% mAP:3.9%
-----------------------------------------------------------
Using 0m 2s
Classifier results ---------------------------------------------------
Query acc: 0.0% Gallery acc: 0.0% Total acc: 0.0%
==========Test with latent_z: new_z =========
Extracted features for query set, obtained torch.Size([2228, 192]) matrix
Extracted features for gallery set, obtained torch.Size([17661, 192]) matrix
Extracting features complete in 0m 4s
Distance computing in 0m 0s
Results ---------------------------------------------------
top1:84.7% top5:91.2% top10:93.2% top20:95.1% mAP:70.5%
-----------------------------------------------------------
Using 0m 2s
Classifier results ---------------------------------------------------
Query acc: 0.0% Gallery acc: 0.0% Total acc: 0.0%
Epoch:21 Time:19.2 Data:0.0 Loss:6.6709 Cls Loss:6.3428 Pair Loss:0.3045 Circle Loss:0.0236 KL Loss:0.6642 Recon Loss:0.0917 Acc:0.0244 
Epoch:22 Time:18.5 Data:0.0 Loss:6.6754 Cls Loss:6.3436 Pair Loss:0.3078 Circle Loss:0.0240 KL Loss:0.6237 Recon Loss:0.0918 Acc:0.0244 
Epoch:23 Time:18.3 Data:0.0 Loss:6.6748 Cls Loss:6.3420 Pair Loss:0.3095 Circle Loss:0.0234 KL Loss:0.7324 Recon Loss:0.0917 Acc:0.0267 
Epoch:24 Time:18.6 Data:0.0 Loss:6.6730 Cls Loss:6.3416 Pair Loss:0.3084 Circle Loss:0.0231 KL Loss:0.7065 Recon Loss:0.0917 Acc:0.0255 
Epoch:25 Time:18.7 Data:0.0 Loss:6.6700 Cls Loss:6.3411 Pair Loss:0.3067 Circle Loss:0.0221 KL Loss:0.6830 Recon Loss:0.0918 Acc:0.0296 
=> Test at epoch 25
==========Test with latent_z: z_c =========
Extracted features for query set, obtained torch.Size([2228, 128]) matrix
Extracted features for gallery set, obtained torch.Size([17661, 128]) matrix
Extracting features complete in 0m 5s
Distance computing in 0m 0s
Results ---------------------------------------------------
top1:14.8% top5:27.6% top10:34.2% top20:40.5% mAP:3.7%
-----------------------------------------------------------
Using 0m 2s
Classifier results ---------------------------------------------------
Query acc: 0.0% Gallery acc: 0.0% Total acc: 0.0%
==========Test with latent_z: new_z =========
Extracted features for query set, obtained torch.Size([2228, 192]) matrix
Extracted features for gallery set, obtained torch.Size([17661, 192]) matrix
Extracting features complete in 0m 4s
Distance computing in 0m 0s
Results ---------------------------------------------------
top1:84.7% top5:91.2% top10:93.2% top20:95.1% mAP:70.5%
-----------------------------------------------------------
Using 0m 2s
Classifier results ---------------------------------------------------
Query acc: 0.0% Gallery acc: 0.0% Total acc: 0.0%
Epoch:26 Time:19.1 Data:0.0 Loss:6.6671 Cls Loss:6.3399 Pair Loss:0.3064 Circle Loss:0.0208 KL Loss:0.6458 Recon Loss:0.0919 Acc:0.0275 
Epoch:27 Time:19.2 Data:0.0 Loss:6.6677 Cls Loss:6.3337 Pair Loss:0.3109 Circle Loss:0.0232 KL Loss:0.6624 Recon Loss:0.0917 Acc:0.0283 
Epoch:28 Time:18.8 Data:0.0 Loss:6.6614 Cls Loss:6.3314 Pair Loss:0.3072 Circle Loss:0.0228 KL Loss:0.6694 Recon Loss:0.0918 Acc:0.0310 
Epoch:29 Time:26.7 Data:0.0 Loss:6.6631 Cls Loss:6.3326 Pair Loss:0.3082 Circle Loss:0.0223 KL Loss:0.7031 Recon Loss:0.0917 Acc:0.0304 
Epoch:30 Time:32.4 Data:0.0 Loss:6.6599 Cls Loss:6.3298 Pair Loss:0.3078 Circle Loss:0.0223 KL Loss:0.6817 Recon Loss:0.0917 Acc:0.0309 
=> Test at epoch 30
==========Test with latent_z: z_c =========
Extracted features for query set, obtained torch.Size([2228, 128]) matrix
Extracted features for gallery set, obtained torch.Size([17661, 128]) matrix
Extracting features complete in 0m 5s
Distance computing in 0m 0s
Results ---------------------------------------------------
top1:11.4% top5:23.3% top10:30.1% top20:36.7% mAP:3.2%
-----------------------------------------------------------
Using 0m 3s
Classifier results ---------------------------------------------------
Query acc: 0.0% Gallery acc: 0.0% Total acc: 0.0%
==========Test with latent_z: new_z =========
Extracted features for query set, obtained torch.Size([2228, 192]) matrix
Extracted features for gallery set, obtained torch.Size([17661, 192]) matrix
Extracting features complete in 0m 4s
Distance computing in 0m 0s
Results ---------------------------------------------------
top1:84.7% top5:91.2% top10:93.2% top20:95.1% mAP:70.5%
-----------------------------------------------------------
Using 0m 3s
Classifier results ---------------------------------------------------
Query acc: 0.0% Gallery acc: 0.0% Total acc: 0.0%
Epoch:31 Time:32.9 Data:0.0 Loss:6.6585 Cls Loss:6.3266 Pair Loss:0.3087 Circle Loss:0.0232 KL Loss:0.7280 Recon Loss:0.0917 Acc:0.0329 
Epoch:32 Time:32.9 Data:0.0 Loss:6.6593 Cls Loss:6.3268 Pair Loss:0.3093 Circle Loss:0.0231 KL Loss:0.6934 Recon Loss:0.0917 Acc:0.0335 
Epoch:33 Time:30.3 Data:0.0 Loss:6.6597 Cls Loss:6.3253 Pair Loss:0.3114 Circle Loss:0.0231 KL Loss:0.7102 Recon Loss:0.0918 Acc:0.0332 
Epoch:34 Time:27.2 Data:0.0 Loss:6.6571 Cls Loss:6.3217 Pair Loss:0.3118 Circle Loss:0.0236 KL Loss:0.6817 Recon Loss:0.0918 Acc:0.0343 
Epoch:35 Time:32.2 Data:0.0 Loss:6.6622 Cls Loss:6.3293 Pair Loss:0.3101 Circle Loss:0.0228 KL Loss:0.7186 Recon Loss:0.0918 Acc:0.0337 
=> Test at epoch 35
==========Test with latent_z: z_c =========
Extracted features for query set, obtained torch.Size([2228, 128]) matrix
Extracted features for gallery set, obtained torch.Size([17661, 128]) matrix
Extracting features complete in 0m 5s
Distance computing in 0m 0s
Results ---------------------------------------------------
top1:10.8% top5:22.1% top10:29.1% top20:36.3% mAP:3.2%
-----------------------------------------------------------
Using 0m 3s
Classifier results ---------------------------------------------------
Query acc: 0.0% Gallery acc: 0.0% Total acc: 0.0%
==========Test with latent_z: new_z =========
Extracted features for query set, obtained torch.Size([2228, 192]) matrix
Extracted features for gallery set, obtained torch.Size([17661, 192]) matrix
Extracting features complete in 0m 4s
Distance computing in 0m 0s
Results ---------------------------------------------------
top1:84.7% top5:91.2% top10:93.2% top20:95.1% mAP:70.5%
-----------------------------------------------------------
Using 0m 3s
Classifier results ---------------------------------------------------
Query acc: 0.0% Gallery acc: 0.0% Total acc: 0.0%
Epoch:36 Time:32.8 Data:0.0 Loss:6.6557 Cls Loss:6.3240 Pair Loss:0.3091 Circle Loss:0.0225 KL Loss:0.6988 Recon Loss:0.0918 Acc:0.0338 
Epoch:37 Time:32.3 Data:0.0 Loss:6.6564 Cls Loss:6.3228 Pair Loss:0.3108 Circle Loss:0.0228 KL Loss:0.6720 Recon Loss:0.0917 Acc:0.0332 
Epoch:38 Time:31.1 Data:0.0 Loss:6.6568 Cls Loss:6.3257 Pair Loss:0.3093 Circle Loss:0.0218 KL Loss:0.7047 Recon Loss:0.0918 Acc:0.0350 
Epoch:39 Time:27.0 Data:0.0 Loss:6.6547 Cls Loss:6.3211 Pair Loss:0.3112 Circle Loss:0.0224 KL Loss:0.6886 Recon Loss:0.0919 Acc:0.0340 
Epoch:40 Time:31.9 Data:0.0 Loss:6.6540 Cls Loss:6.3220 Pair Loss:0.3098 Circle Loss:0.0221 KL Loss:0.6889 Recon Loss:0.0919 Acc:0.0350 
=> Test at epoch 40
==========Test with latent_z: z_c =========
Extracted features for query set, obtained torch.Size([2228, 128]) matrix
Extracted features for gallery set, obtained torch.Size([17661, 128]) matrix
Extracting features complete in 0m 6s
Distance computing in 0m 0s
Results ---------------------------------------------------
top1:11.2% top5:23.8% top10:30.8% top20:38.7% mAP:3.8%
-----------------------------------------------------------
Using 0m 3s
Classifier results ---------------------------------------------------
Query acc: 0.0% Gallery acc: 0.0% Total acc: 0.0%
==========Test with latent_z: new_z =========
Extracted features for query set, obtained torch.Size([2228, 192]) matrix
Extracted features for gallery set, obtained torch.Size([17661, 192]) matrix
Extracting features complete in 0m 4s
Distance computing in 0m 0s
Results ---------------------------------------------------
top1:84.7% top5:91.2% top10:93.2% top20:95.1% mAP:70.5%
-----------------------------------------------------------
Using 0m 3s
Classifier results ---------------------------------------------------
Query acc: 0.0% Gallery acc: 0.0% Total acc: 0.0%
Epoch:41 Time:33.5 Data:0.0 Loss:6.6506 Cls Loss:6.3193 Pair Loss:0.3095 Circle Loss:0.0217 KL Loss:0.7150 Recon Loss:0.0918 Acc:0.0346 
Epoch:42 Time:32.1 Data:0.0 Loss:6.6552 Cls Loss:6.3213 Pair Loss:0.3117 Circle Loss:0.0222 KL Loss:0.6808 Recon Loss:0.0918 Acc:0.0354 
Epoch:43 Time:30.3 Data:0.0 Loss:6.6461 Cls Loss:6.3111 Pair Loss:0.3112 Circle Loss:0.0237 KL Loss:0.6977 Recon Loss:0.0918 Acc:0.0362 
Epoch:44 Time:27.3 Data:0.0 Loss:6.6420 Cls Loss:6.3112 Pair Loss:0.3097 Circle Loss:0.0212 KL Loss:0.7184 Recon Loss:0.0918 Acc:0.0363 
Epoch:45 Time:31.9 Data:0.0 Loss:6.6469 Cls Loss:6.3137 Pair Loss:0.3104 Circle Loss:0.0229 KL Loss:0.6851 Recon Loss:0.0918 Acc:0.0343 
=> Test at epoch 45
==========Test with latent_z: z_c =========
Extracted features for query set, obtained torch.Size([2228, 128]) matrix
Extracted features for gallery set, obtained torch.Size([17661, 128]) matrix
Extracting features complete in 0m 5s
Distance computing in 0m 0s
Results ---------------------------------------------------
top1:9.8% top5:21.3% top10:29.5% top20:37.7% mAP:3.5%
-----------------------------------------------------------
Using 0m 3s
Classifier results ---------------------------------------------------
Query acc: 0.0% Gallery acc: 0.0% Total acc: 0.0%
==========Test with latent_z: new_z =========
Extracted features for query set, obtained torch.Size([2228, 192]) matrix
Extracted features for gallery set, obtained torch.Size([17661, 192]) matrix
Extracting features complete in 0m 5s
Distance computing in 0m 0s
Results ---------------------------------------------------
top1:84.7% top5:91.2% top10:93.2% top20:95.1% mAP:70.5%
-----------------------------------------------------------
Using 0m 2s
Classifier results ---------------------------------------------------
Query acc: 0.0% Gallery acc: 0.0% Total acc: 0.0%
Epoch:46 Time:32.7 Data:0.0 Loss:6.6482 Cls Loss:6.3135 Pair Loss:0.3120 Circle Loss:0.0227 KL Loss:0.6687 Recon Loss:0.0918 Acc:0.0351 
Epoch:47 Time:31.8 Data:0.0 Loss:6.6427 Cls Loss:6.3082 Pair Loss:0.3116 Circle Loss:0.0229 KL Loss:0.6935 Recon Loss:0.0918 Acc:0.0352 
Epoch:48 Time:30.7 Data:0.0 Loss:6.6417 Cls Loss:6.3087 Pair Loss:0.3107 Circle Loss:0.0223 KL Loss:0.7640 Recon Loss:0.0917 Acc:0.0356 
Epoch:49 Time:26.1 Data:0.0 Loss:6.6386 Cls Loss:6.3031 Pair Loss:0.3121 Circle Loss:0.0233 KL Loss:0.7761 Recon Loss:0.0918 Acc:0.0349 
Epoch:50 Time:32.1 Data:0.0 Loss:6.6426 Cls Loss:6.3089 Pair Loss:0.3111 Circle Loss:0.0226 KL Loss:0.8493 Recon Loss:0.0918 Acc:0.0349 
=> Test at epoch 50
==========Test with latent_z: z_c =========
Extracted features for query set, obtained torch.Size([2228, 128]) matrix
Extracted features for gallery set, obtained torch.Size([17661, 128]) matrix
Extracting features complete in 0m 5s
Distance computing in 0m 0s
Results ---------------------------------------------------
top1:10.6% top5:22.6% top10:30.1% top20:37.3% mAP:3.7%
-----------------------------------------------------------
Using 0m 3s
Classifier results ---------------------------------------------------
Query acc: 0.0% Gallery acc: 0.0% Total acc: 0.0%
==========Test with latent_z: new_z =========
Extracted features for query set, obtained torch.Size([2228, 192]) matrix
Extracted features for gallery set, obtained torch.Size([17661, 192]) matrix
Extracting features complete in 0m 5s
Distance computing in 0m 0s
Results ---------------------------------------------------
top1:84.7% top5:91.2% top10:93.2% top20:95.1% mAP:70.5%
-----------------------------------------------------------
Using 0m 3s
Classifier results ---------------------------------------------------
Query acc: 0.0% Gallery acc: 0.0% Total acc: 0.0%
Epoch:51 Time:33.1 Data:0.0 Loss:6.6426 Cls Loss:6.3108 Pair Loss:0.3099 Circle Loss:0.0219 KL Loss:0.8062 Recon Loss:0.0917 Acc:0.0354 
Epoch:52 Time:32.7 Data:0.0 Loss:6.6436 Cls Loss:6.3095 Pair Loss:0.3118 Circle Loss:0.0223 KL Loss:0.9000 Recon Loss:0.0919 Acc:0.0351 
Epoch:53 Time:32.5 Data:0.0 Loss:6.6367 Cls Loss:6.3029 Pair Loss:0.3115 Circle Loss:0.0224 KL Loss:0.8821 Recon Loss:0.0917 Acc:0.0362 
Epoch:54 Time:25.8 Data:0.0 Loss:6.6382 Cls Loss:6.3066 Pair Loss:0.3111 Circle Loss:0.0206 KL Loss:0.9001 Recon Loss:0.0918 Acc:0.0363 
Epoch:55 Time:32.0 Data:0.0 Loss:6.6408 Cls Loss:6.3080 Pair Loss:0.3114 Circle Loss:0.0215 KL Loss:0.9311 Recon Loss:0.0918 Acc:0.0364 
=> Test at epoch 55
==========Test with latent_z: z_c =========
Extracted features for query set, obtained torch.Size([2228, 128]) matrix
Extracted features for gallery set, obtained torch.Size([17661, 128]) matrix
Extracting features complete in 0m 5s
Distance computing in 0m 0s
Results ---------------------------------------------------
top1:10.7% top5:23.1% top10:30.7% top20:39.8% mAP:3.7%
-----------------------------------------------------------
Using 0m 3s
Classifier results ---------------------------------------------------
Query acc: 0.0% Gallery acc: 0.0% Total acc: 0.0%
==========Test with latent_z: new_z =========
Extracted features for query set, obtained torch.Size([2228, 192]) matrix
Extracted features for gallery set, obtained torch.Size([17661, 192]) matrix
Extracting features complete in 0m 6s
Distance computing in 0m 0s
Results ---------------------------------------------------
top1:84.7% top5:91.2% top10:93.2% top20:95.1% mAP:70.5%
-----------------------------------------------------------
Using 0m 3s
Classifier results ---------------------------------------------------
Query acc: 0.0% Gallery acc: 0.0% Total acc: 0.0%
Epoch:56 Time:33.2 Data:0.0 Loss:6.6386 Cls Loss:6.3072 Pair Loss:0.3106 Circle Loss:0.0208 KL Loss:1.0292 Recon Loss:0.0918 Acc:0.0366 
Epoch:57 Time:32.9 Data:0.0 Loss:6.6343 Cls Loss:6.3006 Pair Loss:0.3121 Circle Loss:0.0216 KL Loss:1.1546 Recon Loss:0.0917 Acc:0.0363 
Epoch:58 Time:31.8 Data:0.0 Loss:6.6340 Cls Loss:6.3022 Pair Loss:0.3106 Circle Loss:0.0212 KL Loss:1.1644 Recon Loss:0.0919 Acc:0.0366 
Epoch:59 Time:26.0 Data:0.0 Loss:6.6344 Cls Loss:6.3034 Pair Loss:0.3098 Circle Loss:0.0211 KL Loss:1.3050 Recon Loss:0.0918 Acc:0.0358 
Epoch:60 Time:32.1 Data:0.0 Loss:6.6347 Cls Loss:6.3026 Pair Loss:0.3110 Circle Loss:0.0210 KL Loss:1.4244 Recon Loss:0.0917 Acc:0.0353 
=> Test at epoch 60
==========Test with latent_z: z_c =========
Extracted features for query set, obtained torch.Size([2228, 128]) matrix
Extracted features for gallery set, obtained torch.Size([17661, 128]) matrix
Extracting features complete in 0m 5s
Distance computing in 0m 0s
Results ---------------------------------------------------
top1:9.5% top5:21.9% top10:29.2% top20:37.6% mAP:3.5%
-----------------------------------------------------------
Using 0m 3s
Classifier results ---------------------------------------------------
Query acc: 0.0% Gallery acc: 0.0% Total acc: 0.0%
==========Test with latent_z: new_z =========
Extracted features for query set, obtained torch.Size([2228, 192]) matrix
Extracted features for gallery set, obtained torch.Size([17661, 192]) matrix
Extracting features complete in 0m 5s
Distance computing in 0m 0s
Results ---------------------------------------------------
top1:84.7% top5:91.2% top10:93.2% top20:95.1% mAP:70.5%
-----------------------------------------------------------
Using 0m 3s
Classifier results ---------------------------------------------------
Query acc: 0.0% Gallery acc: 0.0% Total acc: 0.0%
Epoch:61 Time:34.0 Data:0.0 Loss:6.5989 Cls Loss:6.2741 Pair Loss:0.3070 Circle Loss:0.0177 KL Loss:0.6026 Recon Loss:0.0918 Acc:0.0373 
Epoch:62 Time:33.1 Data:0.0 Loss:6.5995 Cls Loss:6.2750 Pair Loss:0.3066 Circle Loss:0.0180 KL Loss:0.6227 Recon Loss:0.0917 Acc:0.0367 
Epoch:63 Time:32.3 Data:0.0 Loss:6.6066 Cls Loss:6.2814 Pair Loss:0.3070 Circle Loss:0.0182 KL Loss:0.5662 Recon Loss:0.0918 Acc:0.0360 
Epoch:64 Time:26.1 Data:0.0 Loss:6.6068 Cls Loss:6.2828 Pair Loss:0.3066 Circle Loss:0.0174 KL Loss:0.5600 Recon Loss:0.0918 Acc:0.0364 
Epoch:65 Time:31.8 Data:0.0 Loss:6.6037 Cls Loss:6.2780 Pair Loss:0.3074 Circle Loss:0.0183 KL Loss:0.5635 Recon Loss:0.0920 Acc:0.0366 
=> Test at epoch 65
==========Test with latent_z: z_c =========
Extracted features for query set, obtained torch.Size([2228, 128]) matrix
Extracted features for gallery set, obtained torch.Size([17661, 128]) matrix
Extracting features complete in 0m 5s
Distance computing in 0m 0s
Results ---------------------------------------------------
top1:8.8% top5:21.1% top10:28.7% top20:37.3% mAP:3.4%
-----------------------------------------------------------
Using 0m 3s
Classifier results ---------------------------------------------------
Query acc: 0.0% Gallery acc: 0.0% Total acc: 0.0%
==========Test with latent_z: new_z =========
Extracted features for query set, obtained torch.Size([2228, 192]) matrix
Extracted features for gallery set, obtained torch.Size([17661, 192]) matrix
Extracting features complete in 0m 5s
Distance computing in 0m 0s
Results ---------------------------------------------------
top1:84.7% top5:91.2% top10:93.2% top20:95.1% mAP:70.5%
-----------------------------------------------------------
Using 0m 3s
Classifier results ---------------------------------------------------
Query acc: 0.0% Gallery acc: 0.0% Total acc: 0.0%
Epoch:66 Time:34.2 Data:0.0 Loss:6.6035 Cls Loss:6.2789 Pair Loss:0.3067 Circle Loss:0.0179 KL Loss:0.6421 Recon Loss:0.0919 Acc:0.0375 
Epoch:67 Time:33.0 Data:0.0 Loss:6.6005 Cls Loss:6.2754 Pair Loss:0.3072 Circle Loss:0.0178 KL Loss:0.6230 Recon Loss:0.0917 Acc:0.0374 
Epoch:68 Time:32.7 Data:0.0 Loss:6.6017 Cls Loss:6.2762 Pair Loss:0.3072 Circle Loss:0.0183 KL Loss:0.5232 Recon Loss:0.0918 Acc:0.0367 
Epoch:69 Time:26.4 Data:0.0 Loss:6.6063 Cls Loss:6.2810 Pair Loss:0.3071 Circle Loss:0.0183 KL Loss:0.5861 Recon Loss:0.0920 Acc:0.0359 
Epoch:70 Time:32.4 Data:0.0 Loss:6.5969 Cls Loss:6.2718 Pair Loss:0.3070 Circle Loss:0.0181 KL Loss:0.5735 Recon Loss:0.0918 Acc:0.0377 
=> Test at epoch 70
==========Test with latent_z: z_c =========
Extracted features for query set, obtained torch.Size([2228, 128]) matrix
Extracted features for gallery set, obtained torch.Size([17661, 128]) matrix
Extracting features complete in 0m 5s
Distance computing in 0m 0s
Results ---------------------------------------------------
top1:8.4% top5:19.7% top10:27.6% top20:36.8% mAP:3.3%
-----------------------------------------------------------
Using 0m 3s
Classifier results ---------------------------------------------------
Query acc: 0.0% Gallery acc: 0.0% Total acc: 0.0%
==========Test with latent_z: new_z =========
Extracted features for query set, obtained torch.Size([2228, 192]) matrix
Extracted features for gallery set, obtained torch.Size([17661, 192]) matrix
Extracting features complete in 0m 5s
Distance computing in 0m 0s
Results ---------------------------------------------------
top1:84.7% top5:91.2% top10:93.2% top20:95.1% mAP:70.5%
-----------------------------------------------------------
Using 0m 3s
Classifier results ---------------------------------------------------
Query acc: 0.0% Gallery acc: 0.0% Total acc: 0.0%
Epoch:71 Time:33.7 Data:0.0 Loss:6.6012 Cls Loss:6.2760 Pair Loss:0.3071 Circle Loss:0.0181 KL Loss:0.5620 Recon Loss:0.0917 Acc:0.0370 
Epoch:72 Time:32.1 Data:0.0 Loss:6.6059 Cls Loss:6.2795 Pair Loss:0.3075 Circle Loss:0.0188 KL Loss:0.6221 Recon Loss:0.0918 Acc:0.0359 
Epoch:73 Time:32.6 Data:0.0 Loss:6.5962 Cls Loss:6.2716 Pair Loss:0.3070 Circle Loss:0.0177 KL Loss:0.5521 Recon Loss:0.0918 Acc:0.0371 
Epoch:74 Time:25.7 Data:0.0 Loss:6.5964 Cls Loss:6.2705 Pair Loss:0.3070 Circle Loss:0.0189 KL Loss:0.5782 Recon Loss:0.0918 Acc:0.0376 
Epoch:75 Time:32.2 Data:0.0 Loss:6.5991 Cls Loss:6.2729 Pair Loss:0.3074 Circle Loss:0.0188 KL Loss:0.5991 Recon Loss:0.0919 Acc:0.0366 
=> Test at epoch 75
==========Test with latent_z: z_c =========
Extracted features for query set, obtained torch.Size([2228, 128]) matrix
Extracted features for gallery set, obtained torch.Size([17661, 128]) matrix
Extracting features complete in 0m 5s
Distance computing in 0m 0s
Results ---------------------------------------------------
top1:9.3% top5:20.5% top10:27.5% top20:36.4% mAP:3.5%
-----------------------------------------------------------
Using 0m 3s
Classifier results ---------------------------------------------------
Query acc: 0.0% Gallery acc: 0.0% Total acc: 0.0%
==========Test with latent_z: new_z =========
Extracted features for query set, obtained torch.Size([2228, 192]) matrix
Extracted features for gallery set, obtained torch.Size([17661, 192]) matrix
Extracting features complete in 0m 5s
Distance computing in 0m 0s
Results ---------------------------------------------------
top1:84.7% top5:91.2% top10:93.2% top20:95.1% mAP:70.5%
-----------------------------------------------------------
Using 0m 3s
Classifier results ---------------------------------------------------
Query acc: 0.0% Gallery acc: 0.0% Total acc: 0.0%
Epoch:76 Time:34.2 Data:0.0 Loss:6.5964 Cls Loss:6.2703 Pair Loss:0.3072 Circle Loss:0.0189 KL Loss:0.5715 Recon Loss:0.0919 Acc:0.0380 
Epoch:77 Time:33.6 Data:0.0 Loss:6.5980 Cls Loss:6.2725 Pair Loss:0.3073 Circle Loss:0.0183 KL Loss:0.5923 Recon Loss:0.0918 Acc:0.0372 
Epoch:78 Time:33.5 Data:0.0 Loss:6.5992 Cls Loss:6.2740 Pair Loss:0.3072 Circle Loss:0.0180 KL Loss:0.5423 Recon Loss:0.0917 Acc:0.0374 
Epoch:79 Time:24.4 Data:0.0 Loss:6.5952 Cls Loss:6.2693 Pair Loss:0.3073 Circle Loss:0.0186 KL Loss:0.5398 Recon Loss:0.0918 Acc:0.0371 
Epoch:80 Time:31.7 Data:0.0 Loss:6.5939 Cls Loss:6.2690 Pair Loss:0.3070 Circle Loss:0.0179 KL Loss:0.5517 Recon Loss:0.0917 Acc:0.0382 
=> Test at epoch 80
==========Test with latent_z: z_c =========
Extracted features for query set, obtained torch.Size([2228, 128]) matrix
Extracted features for gallery set, obtained torch.Size([17661, 128]) matrix
Extracting features complete in 0m 5s
Distance computing in 0m 0s
Results ---------------------------------------------------
top1:8.3% top5:20.0% top10:27.5% top20:36.4% mAP:3.3%
-----------------------------------------------------------
Using 0m 3s
Classifier results ---------------------------------------------------
Query acc: 0.0% Gallery acc: 0.0% Total acc: 0.0%
==========Test with latent_z: new_z =========
Extracted features for query set, obtained torch.Size([2228, 192]) matrix
Extracted features for gallery set, obtained torch.Size([17661, 192]) matrix
Extracting features complete in 0m 5s
Distance computing in 0m 0s
Results ---------------------------------------------------
top1:84.7% top5:91.2% top10:93.2% top20:95.1% mAP:70.5%
-----------------------------------------------------------
Using 0m 3s
Classifier results ---------------------------------------------------
Query acc: 0.0% Gallery acc: 0.0% Total acc: 0.0%
Epoch:81 Time:33.0 Data:0.0 Loss:6.5981 Cls Loss:6.2718 Pair Loss:0.3074 Circle Loss:0.0189 KL Loss:0.5910 Recon Loss:0.0917 Acc:0.0359 
Epoch:82 Time:32.3 Data:0.0 Loss:6.5931 Cls Loss:6.2671 Pair Loss:0.3076 Circle Loss:0.0184 KL Loss:0.5454 Recon Loss:0.0917 Acc:0.0371 
Epoch:83 Time:32.6 Data:0.0 Loss:6.5866 Cls Loss:6.2607 Pair Loss:0.3078 Circle Loss:0.0182 KL Loss:0.6010 Recon Loss:0.0918 Acc:0.0381 
Epoch:84 Time:23.8 Data:0.0 Loss:6.5939 Cls Loss:6.2671 Pair Loss:0.3078 Circle Loss:0.0190 KL Loss:0.5367 Recon Loss:0.0919 Acc:0.0379 
Epoch:85 Time:32.4 Data:0.0 Loss:6.5897 Cls Loss:6.2632 Pair Loss:0.3082 Circle Loss:0.0183 KL Loss:0.5662 Recon Loss:0.0918 Acc:0.0385 
=> Test at epoch 85
==========Test with latent_z: z_c =========
Extracted features for query set, obtained torch.Size([2228, 128]) matrix
Extracted features for gallery set, obtained torch.Size([17661, 128]) matrix
Extracting features complete in 0m 5s
Distance computing in 0m 0s
Results ---------------------------------------------------
top1:8.3% top5:20.2% top10:27.3% top20:36.3% mAP:3.3%
-----------------------------------------------------------
Using 0m 3s
Classifier results ---------------------------------------------------
Query acc: 0.0% Gallery acc: 0.0% Total acc: 0.0%
==========Test with latent_z: new_z =========
Extracted features for query set, obtained torch.Size([2228, 192]) matrix
Extracted features for gallery set, obtained torch.Size([17661, 192]) matrix
Extracting features complete in 0m 5s
Distance computing in 0m 0s
Results ---------------------------------------------------
top1:84.7% top5:91.2% top10:93.2% top20:95.1% mAP:70.5%
-----------------------------------------------------------
Using 0m 2s
Classifier results ---------------------------------------------------
Query acc: 0.0% Gallery acc: 0.0% Total acc: 0.0%
Epoch:86 Time:35.1 Data:0.0 Loss:6.5972 Cls Loss:6.2707 Pair Loss:0.3079 Circle Loss:0.0186 KL Loss:0.6079 Recon Loss:0.0918 Acc:0.0374 
Epoch:87 Time:33.1 Data:0.0 Loss:6.5920 Cls Loss:6.2666 Pair Loss:0.3074 Circle Loss:0.0180 KL Loss:0.5073 Recon Loss:0.0918 Acc:0.0376 
Epoch:88 Time:33.6 Data:0.0 Loss:6.5919 Cls Loss:6.2655 Pair Loss:0.3078 Circle Loss:0.0186 KL Loss:0.5138 Recon Loss:0.0919 Acc:0.0382 
Epoch:89 Time:24.6 Data:0.0 Loss:6.5841 Cls Loss:6.2568 Pair Loss:0.3083 Circle Loss:0.0190 KL Loss:0.5524 Recon Loss:0.0918 Acc:0.0384 
Epoch:90 Time:31.9 Data:0.0 Loss:6.5919 Cls Loss:6.2639 Pair Loss:0.3085 Circle Loss:0.0195 KL Loss:0.5266 Recon Loss:0.0919 Acc:0.0384 
=> Test at epoch 90
==========Test with latent_z: z_c =========
Extracted features for query set, obtained torch.Size([2228, 128]) matrix
Extracted features for gallery set, obtained torch.Size([17661, 128]) matrix
Extracting features complete in 0m 6s
Distance computing in 0m 0s
Results ---------------------------------------------------
top1:8.3% top5:18.4% top10:26.7% top20:36.6% mAP:3.2%
-----------------------------------------------------------
Using 0m 3s
Classifier results ---------------------------------------------------
Query acc: 0.0% Gallery acc: 0.0% Total acc: 0.0%
==========Test with latent_z: new_z =========
Extracted features for query set, obtained torch.Size([2228, 192]) matrix
Extracted features for gallery set, obtained torch.Size([17661, 192]) matrix
Extracting features complete in 0m 5s
Distance computing in 0m 0s
Results ---------------------------------------------------
top1:84.7% top5:91.2% top10:93.2% top20:95.1% mAP:70.5%
-----------------------------------------------------------
Using 0m 2s
Classifier results ---------------------------------------------------
Query acc: 0.0% Gallery acc: 0.0% Total acc: 0.0%
Epoch:91 Time:33.2 Data:0.0 Loss:6.5933 Cls Loss:6.2667 Pair Loss:0.3083 Circle Loss:0.0184 KL Loss:0.5456 Recon Loss:0.0918 Acc:0.0379 
Epoch:92 Time:37.2 Data:0.0 Loss:6.5882 Cls Loss:6.2615 Pair Loss:0.3082 Circle Loss:0.0184 KL Loss:0.5332 Recon Loss:0.0917 Acc:0.0386 
Epoch:93 Time:44.9 Data:0.0 Loss:6.5895 Cls Loss:6.2632 Pair Loss:0.3079 Circle Loss:0.0185 KL Loss:0.5617 Recon Loss:0.0918 Acc:0.0381 
