https://app.neptune.ai/Zhengwei-Lab/MayCVAE/e/MAY-144
=> merge config from ./configs/clipreid_cvae_kl.yaml
/home/zhengwei/Desktop/Zhengwei/Projects/CVAE/main.py:90: NeptuneUnsupportedType: You're attempting to log a type that is not directly supported by Neptune (<class 'list'>).
        Convert the value to a supported type, such as a string or float, or use stringify_unsupported(obj)
        for dictionaries or collections that contain unsupported values.
        For more, see https://docs.neptune.ai/help/value_of_unsupported_type
  run["parameters"] = param
=> Configurations:
-------------------------
AMP: True
AUG:
  RC_PROB: 0.5
  RE_PROB: 0.5
DATA:
  CUHK03_CLASSIC_SPLIT: False
  CUHK03_LABELED: False
  DATASET: duke
  FORMAT_TAG: tensor
  HEIGHT: 256
  NUM_INSTANCES: 4
  NUM_WORKERS: 4
  ROOT: /home/zhengwei/Desktop/Zhengwei/Projects/datasets
  SPLIT_ID: 0
  TEST_BATCH: 512
  TRAIN_BATCH: 64
  TRAIN_FORMAT: base
  WIDTH: 128
EVAL_MODE: False
GPU: 0
LOSS:
  CLA_LOSS: crossentropy
  CLA_M: 0.0
  CLA_S: 16.0
  PAIR_LOSS: triplet
  PAIR_M: 0.3
  PAIR_S: 16.0
  RECON_LOSS: mse
MODEL:
  CONDITIONAL: False
  FEATURE_DIM: 1280
  FEAT_FUSION: True
  FLOW_TYPE: 
  GAUSSIAN: MultivariateNormal
  HIDDEN_DIM: 256
  LATENT_SIZE: 64
  NAME: CVAE
  ONLY_CVAE_KL: False
  ONLY_X_INPUT: False
  PRETRAIN: CLIPreidNew
  RES4_STRIDE: 1
  RESUME: 
  TRAIN_STAGE: klstage
  USE_CENTROID: False
  VAE_TYPE: SinpleVAE
  ZC_DIM: 128
  ZS_DIM: 64
OUTPUT: ./outputs/duke/clipreid_simplevae/2024-06-07/fp32_SimpleVAE_128+64z_1e3+3_60+120_SingleCls_ce_KLtotalZ
SAVED_NAME: fp32_SimpleVAE_128+64z_1e3+3_60+120_SingleCls_ce_KLtotalZ
SEED: 0
TAG: clipreid_simplevae
TEST:
  DISTANCE: cosine
  EVAL_STEP: 5
  START_EVAL: -1
TRAIN:
  AMP: False
  LR_SCHEDULER:
    DECAY_RATE: 0.1
    NAME: MultiStepLR
    STEPSIZE: [60]
  MAX_EPOCH: 120
  OPTIMIZER:
    LR: 0.001
    NAME: adam
    SGDLR: 0.01
    SGD_MOMENTUM: 0.9
    SGD_WEIGHT_DECAY: 0.0005
    WEIGHT_DECAY: 0.0001
  START_EPOCH: 0Warning: string series 'monitoring/fb53b793/stdout' value was longer than 1000 characters and was truncated. This warning is printed only once per series.

----------------------
Initializing dataset duke
Loading cluster results from '/home/zhengwei/Desktop/Zhengwei/Projects/datasets/DukeMTMC-reID/kmeans_results/CLIPreidNew/train_all_129k_euclidean.pt'
Clustering stastistics: [(0, 83), (1, 48), (2, 58), (3, 100), (4, 96), (5, 59), (6, 109), (7, 142), (8, 122), (9, 100), (10, 53), (11, 138), (12, 83), (13, 99), (14, 142), (15, 224), (16, 181), (17, 153), (18, 172), (19, 254), (20, 162), (21, 110), (22, 191), (23, 102), (24, 41), (25, 136), (26, 144), (27, 152), (28, 151), (29, 142), (30, 100), (31, 128), (32, 245), (33, 131), (34, 85), (35, 81), (36, 58), (37, 143), (38, 71), (39, 219), (40, 113), (41, 56), (42, 61), (43, 158), (44, 116), (45, 33), (46, 143), (47, 95), (48, 325), (49, 145), (50, 63), (51, 150), (52, 75), (53, 111), (54, 108), (55, 88), (56, 108), (57, 158), (58, 333), (59, 38), (60, 165), (61, 159), (62, 175), (63, 173), (64, 71), (65, 68), (66, 90), (67, 194), (68, 66), (69, 75), (70, 199), (71, 119), (72, 83), (73, 63), (74, 213), (75, 369), (76, 137), (77, 126), (78, 51), (79, 196), (80, 134), (81, 189), (82, 100), (83, 250), (84, 23), (85, 100), (86, 149), (87, 231), (88, 66), (89, 40), (90, 181), (91, 77), (92, 143), (93, 145), (94, 126), (95, 159), (96, 219), (97, 117), (98, 185), (99, 139), (100, 135), (101, 108), (102, 64), (103, 178), (104, 104), (105, 131), (106, 64), (107, 106), (108, 153), (109, 133), (110, 75), (111, 83), (112, 94), (113, 255), (114, 80), (115, 99), (116, 209), (117, 90), (118, 189), (119, 103), (120, 236), (121, 163), (122, 9), (123, 47), (124, 33), (125, 97), (126, 121), (127, 153), (128, 160)]
Loading cluster results from '/home/zhengwei/Desktop/Zhengwei/Projects/datasets/DukeMTMC-reID/kmeans_results/CLIPreidNew/query_129k_euclidean.pt'
Clustering stastistics: [(0, 7), (1, 22), (2, 26), (3, 6), (4, 35), (5, 24), (6, 10), (7, 12), (8, 9), (9, 8), (10, 22), (11, 7), (12, 22), (13, 6), (14, 33), (15, 16), (16, 43), (17, 11), (18, 9), (19, 17), (20, 9), (21, 28), (22, 26), (23, 12), (24, 10), (25, 9), (26, 8), (27, 15), (28, 15), (29, 40), (30, 3), (31, 9), (32, 11), (33, 9), (34, 33), (35, 12), (36, 19), (37, 13), (38, 10), (39, 26), (40, 29), (41, 9), (42, 14), (43, 12), (44, 17), (45, 10), (46, 12), (47, 12), (48, 31), (49, 28), (50, 21), (51, 9), (52, 17), (53, 18), (54, 13), (55, 7), (56, 13), (57, 31), (58, 17), (59, 55), (60, 26), (61, 6), (62, 18), (63, 15), (64, 26), (65, 28), (66, 23), (67, 35), (68, 20), (69, 27), (70, 22), (71, 19), (72, 7), (73, 13), (74, 13), (75, 27), (76, 12), (77, 18), (78, 23), (79, 11), (80, 19), (81, 21), (82, 14), (83, 15), (84, 6), (85, 19), (86, 24), (87, 4), (88, 21), (89, 12), (90, 12), (91, 27), (92, 27), (93, 8), (94, 20), (95, 25), (96, 18), (97, 17), (98, 8), (99, 22), (100, 4), (101, 13), (102, 25), (103, 16), (104, 19), (105, 26), (106, 9), (107, 14), (108, 21), (109, 12), (110, 15), (111, 19), (112, 22), (113, 37), (114, 7), (115, 23), (116, 4), (117, 30), (118, 20), (119, 29), (120, 17), (121, 9), (122, 6), (123, 8), (124, 13), (125, 16), (126, 8), (127, 5), (128, 16)]
Loading cluster results from '/home/zhengwei/Desktop/Zhengwei/Projects/datasets/DukeMTMC-reID/kmeans_results/CLIPreidNew/gallery_129k_euclidean.pt'
Clustering stastistics: [(0, 166), (1, 257), (2, 94), (3, 25), (4, 246), (5, 88), (6, 199), (7, 160), (8, 125), (9, 124), (10, 195), (11, 90), (12, 94), (13, 155), (14, 179), (15, 172), (16, 73), (17, 139), (18, 55), (19, 88), (20, 115), (21, 118), (22, 140), (23, 114), (24, 74), (25, 194), (26, 190), (27, 80), (28, 202), (29, 117), (30, 185), (31, 156), (32, 63), (33, 149), (34, 161), (35, 102), (36, 127), (37, 92), (38, 143), (39, 188), (40, 79), (41, 191), (42, 128), (43, 105), (44, 167), (45, 255), (46, 213), (47, 67), (48, 193), (49, 118), (50, 127), (51, 213), (52, 84), (53, 147), (54, 61), (55, 91), (56, 159), (57, 116), (58, 146), (59, 189), (60, 100), (61, 159), (62, 166), (63, 142), (64, 183), (65, 120), (66, 118), (67, 70), (68, 150), (69, 113), (70, 167), (71, 93), (72, 107), (73, 138), (74, 191), (75, 154), (76, 72), (77, 255), (78, 83), (79, 102), (80, 129), (81, 48), (82, 97), (83, 129), (84, 216), (85, 178), (86, 127), (87, 254), (88, 191), (89, 126), (90, 170), (91, 154), (92, 52), (93, 149), (94, 179), (95, 99), (96, 96), (97, 142), (98, 154), (99, 193), (100, 143), (101, 118), (102, 153), (103, 44), (104, 142), (105, 87), (106, 84), (107, 196), (108, 143), (109, 156), (110, 63), (111, 178), (112, 52), (113, 165), (114, 106), (115, 38), (116, 112), (117, 183), (118, 63), (119, 299), (120, 96), (121, 53), (122, 143), (123, 132), (124, 288), (125, 151), (126, 104), (127, 95), (128, 225)]
=> DukeMTMC-reID tensor loaded
Dataset statistics:
  ------------------------------
  subset   | # ids | # images
  ------------------------------
  train    |   702 |    16522
  query    |   702 |     2228
  gallery  |  1110 |    17661
  ------------------------------
  total    |  1404 |    36411
  ------------------------------
Initializing SinpleVAE model
Model size: 11.47219M
Classifier size: 0.08986M
=> Start training
Epoch:1 Time:42.4 Data:0.0 Loss:9.1071 Cls Loss:6.0468 Pair Loss:0.4997 KL Loss:2.9218 Recon Loss:0.1385 Acc:0.0631 
Epoch:2 Time:41.4 Data:0.0 Loss:7.4307 Cls Loss:5.0293 Pair Loss:0.4758 KL Loss:2.2855 Recon Loss:0.1159 Acc:0.1316 
Epoch:3 Time:38.3 Data:0.0 Loss:6.5205 Cls Loss:4.0454 Pair Loss:0.4400 KL Loss:2.3636 Recon Loss:0.1114 Acc:0.2214 
Epoch:4 Time:33.0 Data:0.0 Loss:5.8158 Cls Loss:3.2846 Pair Loss:0.4161 KL Loss:2.4208 Recon Loss:0.1104 Acc:0.3164 
Epoch:5 Time:38.3 Data:0.0 Loss:5.1486 Cls Loss:2.6909 Pair Loss:0.3958 KL Loss:2.3468 Recon Loss:0.1108 Acc:0.4054 
=> Test at epoch 5
==========Test with latent_z: z_c =========
Extracted features for query set, obtained torch.Size([2228, 128]) matrix
Extracted features for gallery set, obtained torch.Size([17661, 128]) matrix
Extracting features complete in 0m 11s
Distance computing in 0m 0s
Computing CMC and mAP
Results ---------------------------------------------------
top1:83.6% top5:91.1% top10:93.2% top20:94.8% mAP:69.4%
-----------------------------------------------------------
Using 0m 4s
Classifier results ---------------------------------------------------
Query acc: 0.0% Gallery acc: 0.0% Total acc: 0.0%
==========Test with latent_z: new_z =========
Extracted features for query set, obtained torch.Size([2228, 192]) matrix
Extracted features for gallery set, obtained torch.Size([17661, 192]) matrix
Extracting features complete in 0m 11s
Distance computing in 0m 0s
Computing CMC and mAP
Results ---------------------------------------------------
top1:83.7% top5:91.3% top10:93.3% top20:94.9% mAP:69.7%
-----------------------------------------------------------
Using 0m 5s
Classifier results ---------------------------------------------------
Query acc: 0.0% Gallery acc: 0.0% Total acc: 0.0%
Epoch:6 Time:43.4 Data:0.0 Loss:4.9435 Cls Loss:2.3366 Pair Loss:0.3842 KL Loss:2.4934 Recon Loss:0.1135 Acc:0.4657 
Epoch:7 Time:43.6 Data:0.0 Loss:4.5371 Cls Loss:2.0556 Pair Loss:0.3781 KL Loss:2.3665 Recon Loss:0.1150 Acc:0.5158 
Epoch:8 Time:42.6 Data:0.0 Loss:4.2107 Cls Loss:1.7673 Pair Loss:0.3628 KL Loss:2.3275 Recon Loss:0.1159 Acc:0.5716 
Epoch:9 Time:42.0 Data:0.0 Loss:4.0825 Cls Loss:1.5837 Pair Loss:0.3560 KL Loss:2.3828 Recon Loss:0.1159 Acc:0.6092 
Epoch:10 Time:116.7 Data:0.0 Loss:3.7290 Cls Loss:1.4898 Pair Loss:0.3542 KL Loss:2.1236 Recon Loss:0.1156 Acc:0.6283 
=> Test at epoch 10
==========Test with latent_z: z_c =========
Extracted features for query set, obtained torch.Size([2228, 128]) matrix
Extracted features for gallery set, obtained torch.Size([17661, 128]) matrix
Extracting features complete in 0m 11s
Distance computing in 0m 0s
Computing CMC and mAP
Results ---------------------------------------------------
top1:84.3% top5:91.2% top10:93.5% top20:95.2% mAP:71.1%
-----------------------------------------------------------
Using 0m 3s
Classifier results ---------------------------------------------------
Query acc: 0.0% Gallery acc: 0.0% Total acc: 0.0%
==========Test with latent_z: new_z =========
Extracted features for query set, obtained torch.Size([2228, 192]) matrix
Extracted features for gallery set, obtained torch.Size([17661, 192]) matrix
Extracting features complete in 0m 9s
Distance computing in 0m 1s
Computing CMC and mAP
Results ---------------------------------------------------
top1:84.2% top5:91.3% top10:93.6% top20:95.4% mAP:71.3%
-----------------------------------------------------------
Using 0m 3s
Classifier results ---------------------------------------------------
Query acc: 0.0% Gallery acc: 0.0% Total acc: 0.0%
Epoch:11 Time:42.4 Data:0.0 Loss:4.1301 Cls Loss:1.3954 Pair Loss:0.3480 KL Loss:2.6195 Recon Loss:0.1153 Acc:0.6521 
Epoch:12 Time:42.1 Data:0.0 Loss:3.8230 Cls Loss:1.3148 Pair Loss:0.3474 KL Loss:2.3926 Recon Loss:0.1155 Acc:0.6650 
Epoch:13 Time:40.4 Data:0.0 Loss:3.8740 Cls Loss:1.2781 Pair Loss:0.3448 KL Loss:2.4806 Recon Loss:0.1153 Acc:0.6714 
Epoch:14 Time:34.8 Data:0.0 Loss:3.5418 Cls Loss:1.1910 Pair Loss:0.3396 KL Loss:2.2364 Recon Loss:0.1143 Acc:0.6915 
Epoch:15 Time:37.0 Data:0.0 Loss:3.5063 Cls Loss:1.1643 Pair Loss:0.3415 KL Loss:2.2276 Recon Loss:0.1143 Acc:0.7008 
=> Test at epoch 15
==========Test with latent_z: z_c =========
Extracted features for query set, obtained torch.Size([2228, 128]) matrix
Extracted features for gallery set, obtained torch.Size([17661, 128]) matrix
Extracting features complete in 0m 10s
Distance computing in 0m 0s
Computing CMC and mAP
Results ---------------------------------------------------
top1:84.9% top5:92.2% top10:93.7% top20:95.5% mAP:72.1%
-----------------------------------------------------------
Using 0m 3s
Classifier results ---------------------------------------------------
Query acc: 0.0% Gallery acc: 0.0% Total acc: 0.0%
==========Test with latent_z: new_z =========
Extracted features for query set, obtained torch.Size([2228, 192]) matrix
Extracted features for gallery set, obtained torch.Size([17661, 192]) matrix
Extracting features complete in 0m 10s
Distance computing in 0m 0s
Computing CMC and mAP
Results ---------------------------------------------------
top1:85.0% top5:92.2% top10:93.6% top20:95.6% mAP:72.2%
-----------------------------------------------------------
Using 0m 3s
Classifier results ---------------------------------------------------
Query acc: 0.0% Gallery acc: 0.0% Total acc: 0.0%
Epoch:16 Time:42.6 Data:0.0 Loss:3.7312 Cls Loss:1.1418 Pair Loss:0.3393 KL Loss:2.4754 Recon Loss:0.1141 Acc:0.6993 
Epoch:17 Time:43.2 Data:0.0 Loss:3.3688 Cls Loss:1.1012 Pair Loss:0.3360 KL Loss:2.1541 Recon Loss:0.1136 Acc:0.7120 
Epoch:18 Time:42.6 Data:0.0 Loss:3.6448 Cls Loss:1.0661 Pair Loss:0.3358 KL Loss:2.4653 Recon Loss:0.1134 Acc:0.7197 
Epoch:19 Time:42.9 Data:0.0 Loss:3.3389 Cls Loss:1.0542 Pair Loss:0.3332 KL Loss:2.1723 Recon Loss:0.1124 Acc:0.7214 
Epoch:20 Time:102.3 Data:0.0 Loss:3.5398 Cls Loss:1.0360 Pair Loss:0.3344 KL Loss:2.3919 Recon Loss:0.1119 Acc:0.7283 
=> Test at epoch 20
==========Test with latent_z: z_c =========
Extracted features for query set, obtained torch.Size([2228, 128]) matrix
Extracted features for gallery set, obtained torch.Size([17661, 128]) matrix
Extracting features complete in 0m 12s
Distance computing in 0m 0s
Computing CMC and mAP
Results ---------------------------------------------------
top1:85.4% top5:92.4% top10:94.6% top20:95.8% mAP:73.3%
-----------------------------------------------------------
Using 0m 5s
Classifier results ---------------------------------------------------
Query acc: 0.0% Gallery acc: 0.0% Total acc: 0.0%
==========Test with latent_z: new_z =========
Extracted features for query set, obtained torch.Size([2228, 192]) matrix
Extracted features for gallery set, obtained torch.Size([17661, 192]) matrix
Extracting features complete in 0m 10s
Distance computing in 0m 0s
Computing CMC and mAP
Results ---------------------------------------------------
top1:85.4% top5:92.5% top10:94.7% top20:96.1% mAP:73.5%
-----------------------------------------------------------
Using 0m 3s
Classifier results ---------------------------------------------------
Query acc: 0.0% Gallery acc: 0.0% Total acc: 0.0%
Epoch:21 Time:40.2 Data:0.0 Loss:3.1394 Cls Loss:1.0046 Pair Loss:0.3312 KL Loss:2.0236 Recon Loss:0.1112 Acc:0.7343 
Epoch:22 Time:41.2 Data:0.0 Loss:3.3722 Cls Loss:1.0200 Pair Loss:0.3356 KL Loss:2.2408 Recon Loss:0.1114 Acc:0.7280 
Epoch:23 Time:38.0 Data:0.0 Loss:3.2378 Cls Loss:1.0016 Pair Loss:0.3322 KL Loss:2.1259 Recon Loss:0.1103 Acc:0.7355 
Epoch:24 Time:37.8 Data:0.0 Loss:3.1761 Cls Loss:0.9934 Pair Loss:0.3336 KL Loss:2.0728 Recon Loss:0.1100 Acc:0.7337 
Epoch:25 Time:35.2 Data:0.0 Loss:3.5525 Cls Loss:0.9948 Pair Loss:0.3374 KL Loss:2.4459 Recon Loss:0.1118 Acc:0.7349 
=> Test at epoch 25
==========Test with latent_z: z_c =========
Extracted features for query set, obtained torch.Size([2228, 128]) matrix
Extracted features for gallery set, obtained torch.Size([17661, 128]) matrix
Extracting features complete in 0m 20s
Distance computing in 0m 1s
Computing CMC and mAP
Results ---------------------------------------------------
top1:85.9% top5:92.0% top10:94.2% top20:95.7% mAP:73.7%
-----------------------------------------------------------
Using 0m 3s
Classifier results ---------------------------------------------------
Query acc: 0.0% Gallery acc: 0.0% Total acc: 0.0%
==========Test with latent_z: new_z =========
Extracted features for query set, obtained torch.Size([2228, 192]) matrix
Extracted features for gallery set, obtained torch.Size([17661, 192]) matrix
Extracting features complete in 0m 9s
Distance computing in 0m 0s
Computing CMC and mAP
Results ---------------------------------------------------
top1:86.0% top5:92.0% top10:94.3% top20:95.7% mAP:73.9%
-----------------------------------------------------------
Using 0m 3s
Classifier results ---------------------------------------------------
Query acc: 0.0% Gallery acc: 0.0% Total acc: 0.0%
Epoch:26 Time:71.2 Data:0.0 Loss:3.3389 Cls Loss:0.9948 Pair Loss:0.3384 KL Loss:2.2327 Recon Loss:0.1114 Acc:0.7288 
Epoch:27 Time:32.4 Data:0.0 Loss:3.4118 Cls Loss:1.0266 Pair Loss:0.3419 KL Loss:2.2749 Recon Loss:0.1102 Acc:0.7221 
Epoch:28 Time:42.0 Data:0.0 Loss:3.0462 Cls Loss:1.0160 Pair Loss:0.3396 KL Loss:1.9208 Recon Loss:0.1093 Acc:0.7258 
Epoch:29 Time:43.0 Data:0.0 Loss:3.4439 Cls Loss:0.9985 Pair Loss:0.3407 KL Loss:2.3343 Recon Loss:0.1111 Acc:0.7310 
Epoch:30 Time:101.9 Data:0.0 Loss:3.2363 Cls Loss:1.0140 Pair Loss:0.3406 KL Loss:2.1134 Recon Loss:0.1088 Acc:0.7266 
=> Test at epoch 30
==========Test with latent_z: z_c =========
Extracted features for query set, obtained torch.Size([2228, 128]) matrix
Extracted features for gallery set, obtained torch.Size([17661, 128]) matrix
Extracting features complete in 0m 13s
Distance computing in 0m 0s
Computing CMC and mAP
Results ---------------------------------------------------
top1:85.7% top5:92.6% top10:94.4% top20:96.1% mAP:73.8%
-----------------------------------------------------------
Using 0m 5s
Classifier results ---------------------------------------------------
Query acc: 0.0% Gallery acc: 0.0% Total acc: 0.0%
==========Test with latent_z: new_z =========
Extracted features for query set, obtained torch.Size([2228, 192]) matrix
Extracted features for gallery set, obtained torch.Size([17661, 192]) matrix
Extracting features complete in 0m 11s
Distance computing in 0m 0s
Computing CMC and mAP
Results ---------------------------------------------------
top1:85.6% top5:92.6% top10:94.5% top20:96.1% mAP:74.0%
-----------------------------------------------------------
Using 0m 4s
Classifier results ---------------------------------------------------
Query acc: 0.0% Gallery acc: 0.0% Total acc: 0.0%
Epoch:31 Time:41.9 Data:0.0 Loss:3.1523 Cls Loss:0.9967 Pair Loss:0.3402 KL Loss:2.0471 Recon Loss:0.1085 Acc:0.7315 
Epoch:32 Time:36.3 Data:0.0 Loss:3.0244 Cls Loss:0.9796 Pair Loss:0.3380 KL Loss:1.9366 Recon Loss:0.1082 Acc:0.7392 
Epoch:33 Time:41.2 Data:0.0 Loss:3.1786 Cls Loss:0.9885 Pair Loss:0.3401 KL Loss:2.0819 Recon Loss:0.1082 Acc:0.7383 
Epoch:34 Time:37.3 Data:0.0 Loss:3.0452 Cls Loss:0.9828 Pair Loss:0.3404 KL Loss:1.9543 Recon Loss:0.1081 Acc:0.7384 
Epoch:35 Time:38.9 Data:0.0 Loss:3.2540 Cls Loss:0.9932 Pair Loss:0.3431 KL Loss:2.1496 Recon Loss:0.1112 Acc:0.7324 
=> Test at epoch 35
==========Test with latent_z: z_c =========
Extracted features for query set, obtained torch.Size([2228, 128]) matrix
Extracted features for gallery set, obtained torch.Size([17661, 128]) matrix
Extracting features complete in 0m 42s
Distance computing in 0m 0s
Computing CMC and mAP
Results ---------------------------------------------------
top1:86.4% top5:93.3% top10:95.1% top20:96.2% mAP:74.5%
-----------------------------------------------------------
Using 0m 3s
Classifier results ---------------------------------------------------
Query acc: 0.0% Gallery acc: 0.0% Total acc: 0.0%
==========Test with latent_z: new_z =========
Extracted features for query set, obtained torch.Size([2228, 192]) matrix
Extracted features for gallery set, obtained torch.Size([17661, 192]) matrix
Extracting features complete in 0m 15s
Distance computing in 0m 1s
Computing CMC and mAP
Results ---------------------------------------------------
top1:86.7% top5:93.3% top10:94.9% top20:96.3% mAP:74.7%
-----------------------------------------------------------
Using 0m 3s
Classifier results ---------------------------------------------------
Query acc: 0.0% Gallery acc: 0.0% Total acc: 0.0%
Epoch:36 Time:36.2 Data:0.0 Loss:3.3380 Cls Loss:0.9794 Pair Loss:0.3432 KL Loss:2.2470 Recon Loss:0.1116 Acc:0.7405 
Epoch:37 Time:52.5 Data:0.0 Loss:3.0072 Cls Loss:1.0004 Pair Loss:0.3445 KL Loss:1.8978 Recon Loss:0.1089 Acc:0.7350 
Epoch:38 Time:41.9 Data:0.0 Loss:2.9970 Cls Loss:1.0149 Pair Loss:0.3455 KL Loss:1.8743 Recon Loss:0.1079 Acc:0.7289 
Epoch:39 Time:46.3 Data:0.0 Loss:3.1881 Cls Loss:1.0125 Pair Loss:0.3446 KL Loss:2.0679 Recon Loss:0.1077 Acc:0.7303 
Epoch:40 Time:103.4 Data:0.0 Loss:2.8874 Cls Loss:1.0223 Pair Loss:0.3457 KL Loss:1.7580 Recon Loss:0.1071 Acc:0.7312 
=> Test at epoch 40
==========Test with latent_z: z_c =========
Extracted features for query set, obtained torch.Size([2228, 128]) matrix
Extracted features for gallery set, obtained torch.Size([17661, 128]) matrix
Extracting features complete in 0m 12s
Distance computing in 0m 0s
Computing CMC and mAP
Results ---------------------------------------------------
top1:86.9% top5:93.2% top10:95.1% top20:96.4% mAP:74.7%
-----------------------------------------------------------
Using 0m 4s
Classifier results ---------------------------------------------------
Query acc: 0.0% Gallery acc: 0.0% Total acc: 0.0%
==========Test with latent_z: new_z =========
Extracted features for query set, obtained torch.Size([2228, 192]) matrix
Extracted features for gallery set, obtained torch.Size([17661, 192]) matrix
Extracting features complete in 0m 11s
Distance computing in 0m 0s
Computing CMC and mAP
Results ---------------------------------------------------
top1:86.9% top5:93.3% top10:95.2% top20:96.3% mAP:74.9%
-----------------------------------------------------------
Using 0m 4s
Classifier results ---------------------------------------------------
Query acc: 0.0% Gallery acc: 0.0% Total acc: 0.0%
Epoch:41 Time:41.5 Data:0.0 Loss:3.0194 Cls Loss:0.9986 Pair Loss:0.3445 KL Loss:1.9138 Recon Loss:0.1071 Acc:0.7337 
Epoch:42 Time:38.9 Data:0.0 Loss:2.8365 Cls Loss:1.0157 Pair Loss:0.3439 KL Loss:1.7139 Recon Loss:0.1069 Acc:0.7266 
Epoch:43 Time:30.6 Data:0.0 Loss:3.1552 Cls Loss:1.0044 Pair Loss:0.3420 KL Loss:2.0440 Recon Loss:0.1069 Acc:0.7339 
Epoch:44 Time:30.5 Data:0.0 Loss:2.9201 Cls Loss:0.9851 Pair Loss:0.3436 KL Loss:1.8287 Recon Loss:0.1063 Acc:0.7356 
Epoch:45 Time:31.0 Data:0.0 Loss:2.6737 Cls Loss:0.9967 Pair Loss:0.3438 KL Loss:1.5709 Recon Loss:0.1061 Acc:0.7338 
=> Test at epoch 45
==========Test with latent_z: z_c =========
Extracted features for query set, obtained torch.Size([2228, 128]) matrix
Extracted features for gallery set, obtained torch.Size([17661, 128]) matrix
Extracting features complete in 0m 6s
Distance computing in 0m 0s
Computing CMC and mAP
Results ---------------------------------------------------
top1:86.2% top5:93.1% top10:94.7% top20:96.2% mAP:74.8%
-----------------------------------------------------------
Using 0m 3s
Classifier results ---------------------------------------------------
Query acc: 0.0% Gallery acc: 0.0% Total acc: 0.0%
==========Test with latent_z: new_z =========
Extracted features for query set, obtained torch.Size([2228, 192]) matrix
Extracted features for gallery set, obtained torch.Size([17661, 192]) matrix
Extracting features complete in 0m 9s
Distance computing in 0m 0s
Computing CMC and mAP
Results ---------------------------------------------------
top1:86.2% top5:93.2% top10:94.9% top20:96.2% mAP:75.0%
-----------------------------------------------------------
Using 0m 3s
Classifier results ---------------------------------------------------
Query acc: 0.0% Gallery acc: 0.0% Total acc: 0.0%
Epoch:46 Time:44.2 Data:0.0 Loss:2.8698 Cls Loss:0.9800 Pair Loss:0.3431 KL Loss:1.7832 Recon Loss:0.1066 Acc:0.7371 
Epoch:47 Time:35.8 Data:0.0 Loss:2.9043 Cls Loss:0.9685 Pair Loss:0.3430 KL Loss:1.8301 Recon Loss:0.1058 Acc:0.7400 
Epoch:48 Time:37.4 Data:0.0 Loss:3.0158 Cls Loss:0.9620 Pair Loss:0.3459 KL Loss:1.9474 Recon Loss:0.1063 Acc:0.7406 
Epoch:49 Time:41.9 Data:0.0 Loss:3.0244 Cls Loss:0.9912 Pair Loss:0.3459 KL Loss:1.9271 Recon Loss:0.1061 Acc:0.7336 
Epoch:50 Time:83.8 Data:0.0 Loss:2.9221 Cls Loss:0.9925 Pair Loss:0.3446 KL Loss:1.8238 Recon Loss:0.1058 Acc:0.7378 
=> Test at epoch 50
==========Test with latent_z: z_c =========
Extracted features for query set, obtained torch.Size([2228, 128]) matrix
Extracted features for gallery set, obtained torch.Size([17661, 128]) matrix
Extracting features complete in 0m 13s
Distance computing in 0m 1s
Computing CMC and mAP
Results ---------------------------------------------------
top1:86.7% top5:93.2% top10:95.2% top20:96.1% mAP:75.2%
-----------------------------------------------------------
Using 0m 4s
Classifier results ---------------------------------------------------
Query acc: 0.0% Gallery acc: 0.0% Total acc: 0.0%
==========Test with latent_z: new_z =========
Extracted features for query set, obtained torch.Size([2228, 192]) matrix
Extracted features for gallery set, obtained torch.Size([17661, 192]) matrix
Extracting features complete in 0m 10s
Distance computing in 0m 1s
Computing CMC and mAP
Results ---------------------------------------------------
top1:86.5% top5:93.3% top10:95.4% top20:96.1% mAP:75.4%
-----------------------------------------------------------
Using 0m 4s
Classifier results ---------------------------------------------------
Query acc: 0.0% Gallery acc: 0.0% Total acc: 0.0%
Epoch:51 Time:43.1 Data:0.0 Loss:2.8584 Cls Loss:0.9943 Pair Loss:0.3479 KL Loss:1.7590 Recon Loss:0.1051 Acc:0.7382 
Epoch:52 Time:41.9 Data:0.0 Loss:2.9214 Cls Loss:0.9855 Pair Loss:0.3451 KL Loss:1.8304 Recon Loss:0.1055 Acc:0.7338 
Epoch:53 Time:38.2 Data:0.0 Loss:2.9117 Cls Loss:0.9892 Pair Loss:0.3450 KL Loss:1.8169 Recon Loss:0.1056 Acc:0.7370 
Epoch:54 Time:37.9 Data:0.0 Loss:2.7359 Cls Loss:0.9769 Pair Loss:0.3455 KL Loss:1.6535 Recon Loss:0.1055 Acc:0.7406 
Epoch:55 Time:33.8 Data:0.0 Loss:2.8045 Cls Loss:0.9781 Pair Loss:0.3455 KL Loss:1.7208 Recon Loss:0.1056 Acc:0.7384 
=> Test at epoch 55
==========Test with latent_z: z_c =========
Extracted features for query set, obtained torch.Size([2228, 128]) matrix
Extracted features for gallery set, obtained torch.Size([17661, 128]) matrix
Extracting features complete in 0m 8s
Distance computing in 0m 0s
Computing CMC and mAP
Results ---------------------------------------------------
top1:86.4% top5:93.2% top10:95.1% top20:96.2% mAP:75.3%
-----------------------------------------------------------
Using 0m 3s
Classifier results ---------------------------------------------------
Query acc: 0.0% Gallery acc: 0.0% Total acc: 0.0%
==========Test with latent_z: new_z =========
Extracted features for query set, obtained torch.Size([2228, 192]) matrix
Extracted features for gallery set, obtained torch.Size([17661, 192]) matrix
Extracting features complete in 0m 5s
Distance computing in 0m 0s
Computing CMC and mAP
Results ---------------------------------------------------
top1:86.6% top5:93.2% top10:95.0% top20:96.4% mAP:75.6%
-----------------------------------------------------------
Using 0m 3s
Classifier results ---------------------------------------------------
Query acc: 0.0% Gallery acc: 0.0% Total acc: 0.0%
Epoch:56 Time:40.1 Data:0.0 Loss:2.9065 Cls Loss:0.9681 Pair Loss:0.3441 KL Loss:1.8325 Recon Loss:0.1060 Acc:0.7416 
Epoch:57 Time:40.1 Data:0.0 Loss:2.7542 Cls Loss:0.9735 Pair Loss:0.3451 KL Loss:1.6750 Recon Loss:0.1058 Acc:0.7416 
Epoch:58 Time:40.7 Data:0.0 Loss:2.7994 Cls Loss:0.9677 Pair Loss:0.3459 KL Loss:1.7261 Recon Loss:0.1056 Acc:0.7436 
Epoch:59 Time:40.9 Data:0.0 Loss:2.9912 Cls Loss:0.9744 Pair Loss:0.3466 KL Loss:1.9109 Recon Loss:0.1059 Acc:0.7400 
Epoch:60 Time:84.8 Data:0.0 Loss:3.0433 Cls Loss:1.0000 Pair Loss:0.3499 KL Loss:1.9350 Recon Loss:0.1083 Acc:0.7367 
=> Test at epoch 60
==========Test with latent_z: z_c =========
Extracted features for query set, obtained torch.Size([2228, 128]) matrix
Extracted features for gallery set, obtained torch.Size([17661, 128]) matrix
Extracting features complete in 0m 12s
Distance computing in 0m 0s
Computing CMC and mAP
Results ---------------------------------------------------
top1:87.1% top5:93.4% top10:95.0% top20:96.1% mAP:75.7%
-----------------------------------------------------------
Using 0m 3s
Classifier results ---------------------------------------------------
Query acc: 0.0% Gallery acc: 0.0% Total acc: 0.0%
==========Test with latent_z: new_z =========
Extracted features for query set, obtained torch.Size([2228, 192]) matrix
Extracted features for gallery set, obtained torch.Size([17661, 192]) matrix
Extracting features complete in 0m 9s
Distance computing in 0m 0s
Computing CMC and mAP
Results ---------------------------------------------------
top1:87.0% top5:93.6% top10:95.1% top20:96.2% mAP:75.9%
-----------------------------------------------------------
Using 0m 3s
Classifier results ---------------------------------------------------
Query acc: 0.0% Gallery acc: 0.0% Total acc: 0.0%
Epoch:61 Time:74.7 Data:0.0 Loss:2.3587 Cls Loss:0.8786 Pair Loss:0.3457 KL Loss:1.3729 Recon Loss:0.1072 Acc:0.7701 
Epoch:62 Time:43.5 Data:0.0 Loss:2.3688 Cls Loss:0.8492 Pair Loss:0.3465 KL Loss:1.4141 Recon Loss:0.1055 Acc:0.7774 
Epoch:63 Time:42.3 Data:0.0 Loss:2.2041 Cls Loss:0.8180 Pair Loss:0.3441 KL Loss:1.2819 Recon Loss:0.1041 Acc:0.7863 
Epoch:64 Time:46.0 Data:0.0 Loss:2.2377 Cls Loss:0.7866 Pair Loss:0.3425 KL Loss:1.3481 Recon Loss:0.1030 Acc:0.7950 
Epoch:65 Time:41.4 Data:0.0 Loss:2.0946 Cls Loss:0.7909 Pair Loss:0.3426 KL Loss:1.2014 Recon Loss:0.1022 Acc:0.7899 
=> Test at epoch 65
==========Test with latent_z: z_c =========
Extracted features for query set, obtained torch.Size([2228, 128]) matrix
Extracted features for gallery set, obtained torch.Size([17661, 128]) matrix
Extracting features complete in 0m 8s
Distance computing in 0m 0s
Computing CMC and mAP
Results ---------------------------------------------------
top1:86.9% top5:93.6% top10:95.2% top20:96.2% mAP:76.0%
-----------------------------------------------------------
Using 0m 2s
Classifier results ---------------------------------------------------
Query acc: 0.0% Gallery acc: 0.1% Total acc: 0.1%
==========Test with latent_z: new_z =========
Extracted features for query set, obtained torch.Size([2228, 192]) matrix
Extracted features for gallery set, obtained torch.Size([17661, 192]) matrix
Extracting features complete in 0m 9s
Distance computing in 0m 0s
Computing CMC and mAP
Results ---------------------------------------------------
top1:86.8% top5:93.5% top10:95.2% top20:96.1% mAP:76.1%
-----------------------------------------------------------
Using 0m 2s
Classifier results ---------------------------------------------------
Query acc: 0.0% Gallery acc: 0.1% Total acc: 0.1%
Epoch:66 Time:49.7 Data:0.0 Loss:2.1679 Cls Loss:0.7712 Pair Loss:0.3420 KL Loss:1.2953 Recon Loss:0.1014 Acc:0.8004 
Epoch:67 Time:42.9 Data:0.0 Loss:2.1468 Cls Loss:0.7511 Pair Loss:0.3400 KL Loss:1.2951 Recon Loss:0.1006 Acc:0.8058 
Epoch:68 Time:42.2 Data:0.0 Loss:2.1421 Cls Loss:0.7439 Pair Loss:0.3408 KL Loss:1.2981 Recon Loss:0.1000 Acc:0.8044 
Epoch:69 Time:42.2 Data:0.0 Loss:2.1222 Cls Loss:0.7415 Pair Loss:0.3392 KL Loss:1.2811 Recon Loss:0.0996 Acc:0.8100 
Epoch:70 Time:86.7 Data:0.0 Loss:2.0823 Cls Loss:0.7242 Pair Loss:0.3381 KL Loss:1.2589 Recon Loss:0.0991 Acc:0.8132 
=> Test at epoch 70
==========Test with latent_z: z_c =========
Extracted features for query set, obtained torch.Size([2228, 128]) matrix
Extracted features for gallery set, obtained torch.Size([17661, 128]) matrix
Extracting features complete in 0m 13s
Distance computing in 0m 1s
Computing CMC and mAP
Results ---------------------------------------------------
top1:87.0% top5:93.6% top10:95.2% top20:96.4% mAP:76.2%
-----------------------------------------------------------
Using 0m 3s
Classifier results ---------------------------------------------------
Query acc: 0.0% Gallery acc: 0.1% Total acc: 0.1%
==========Test with latent_z: new_z =========
Extracted features for query set, obtained torch.Size([2228, 192]) matrix
Extracted features for gallery set, obtained torch.Size([17661, 192]) matrix
Extracting features complete in 0m 6s
Distance computing in 0m 0s
Computing CMC and mAP
Results ---------------------------------------------------
top1:87.0% top5:93.5% top10:95.2% top20:96.3% mAP:76.4%
-----------------------------------------------------------
Using 0m 3s
Classifier results ---------------------------------------------------
Query acc: 0.0% Gallery acc: 0.1% Total acc: 0.1%
Epoch:71 Time:41.1 Data:0.0 Loss:2.0572 Cls Loss:0.7091 Pair Loss:0.3371 KL Loss:1.2493 Recon Loss:0.0988 Acc:0.8172 
Epoch:72 Time:41.3 Data:0.0 Loss:2.0734 Cls Loss:0.6848 Pair Loss:0.3349 KL Loss:1.2901 Recon Loss:0.0984 Acc:0.8225 
Epoch:73 Time:41.2 Data:0.0 Loss:2.0042 Cls Loss:0.6924 Pair Loss:0.3343 KL Loss:1.2138 Recon Loss:0.0979 Acc:0.8227 
Epoch:74 Time:42.1 Data:0.0 Loss:1.9512 Cls Loss:0.6723 Pair Loss:0.3339 KL Loss:1.1812 Recon Loss:0.0977 Acc:0.8262 
Epoch:75 Time:34.2 Data:0.0 Loss:2.0846 Cls Loss:0.6892 Pair Loss:0.3341 KL Loss:1.2978 Recon Loss:0.0976 Acc:0.8272 
=> Test at epoch 75
==========Test with latent_z: z_c =========
Extracted features for query set, obtained torch.Size([2228, 128]) matrix
Extracted features for gallery set, obtained torch.Size([17661, 128]) matrix
Extracting features complete in 0m 7s
Distance computing in 0m 0s
Computing CMC and mAP
Results ---------------------------------------------------
top1:87.2% top5:93.4% top10:95.2% top20:96.5% mAP:76.4%
-----------------------------------------------------------
Using 0m 3s
Classifier results ---------------------------------------------------
Query acc: 0.0% Gallery acc: 0.1% Total acc: 0.1%
==========Test with latent_z: new_z =========
Extracted features for query set, obtained torch.Size([2228, 192]) matrix
Extracted features for gallery set, obtained torch.Size([17661, 192]) matrix
Extracting features complete in 0m 9s
Distance computing in 0m 0s
Computing CMC and mAP
Results ---------------------------------------------------
top1:87.1% top5:93.5% top10:95.2% top20:96.5% mAP:76.5%
-----------------------------------------------------------
Using 0m 3s
Classifier results ---------------------------------------------------
Query acc: 0.0% Gallery acc: 0.1% Total acc: 0.1%
Epoch:76 Time:40.2 Data:0.0 Loss:1.9634 Cls Loss:0.6751 Pair Loss:0.3340 KL Loss:1.1910 Recon Loss:0.0974 Acc:0.8256 
Epoch:77 Time:41.6 Data:0.0 Loss:1.9241 Cls Loss:0.6604 Pair Loss:0.3312 KL Loss:1.1666 Recon Loss:0.0971 Acc:0.8317 
Epoch:78 Time:42.8 Data:0.0 Loss:1.8374 Cls Loss:0.6559 Pair Loss:0.3336 KL Loss:1.0846 Recon Loss:0.0969 Acc:0.8330 
Epoch:79 Time:42.1 Data:0.0 Loss:1.8660 Cls Loss:0.6518 Pair Loss:0.3319 KL Loss:1.1175 Recon Loss:0.0966 Acc:0.8347 
Epoch:80 Time:87.8 Data:0.0 Loss:1.9462 Cls Loss:0.6339 Pair Loss:0.3305 KL Loss:1.2159 Recon Loss:0.0963 Acc:0.8374 
=> Test at epoch 80
==========Test with latent_z: z_c =========
Extracted features for query set, obtained torch.Size([2228, 128]) matrix
Extracted features for gallery set, obtained torch.Size([17661, 128]) matrix
Extracting features complete in 0m 11s
Distance computing in 0m 1s
Computing CMC and mAP
Results ---------------------------------------------------
top1:87.3% top5:93.5% top10:95.3% top20:96.4% mAP:76.5%
-----------------------------------------------------------
Using 0m 3s
Classifier results ---------------------------------------------------
Query acc: 0.0% Gallery acc: 0.1% Total acc: 0.1%
==========Test with latent_z: new_z =========
Extracted features for query set, obtained torch.Size([2228, 192]) matrix
Extracted features for gallery set, obtained torch.Size([17661, 192]) matrix
Extracting features complete in 0m 6s
Distance computing in 0m 0s
Computing CMC and mAP
Results ---------------------------------------------------
top1:87.1% top5:93.6% top10:95.3% top20:96.4% mAP:76.6%
-----------------------------------------------------------
Using 0m 3s
Classifier results ---------------------------------------------------
Query acc: 0.0% Gallery acc: 0.1% Total acc: 0.1%
Epoch:81 Time:42.5 Data:0.0 Loss:1.9079 Cls Loss:0.6295 Pair Loss:0.3303 KL Loss:1.1822 Recon Loss:0.0962 Acc:0.8404 
Epoch:82 Time:41.9 Data:0.0 Loss:1.8490 Cls Loss:0.6225 Pair Loss:0.3285 KL Loss:1.1304 Recon Loss:0.0960 Acc:0.8423 
Epoch:83 Time:40.6 Data:0.0 Loss:1.8158 Cls Loss:0.6073 Pair Loss:0.3288 KL Loss:1.1126 Recon Loss:0.0959 Acc:0.8451 
Epoch:84 Time:42.1 Data:0.0 Loss:1.8489 Cls Loss:0.6284 Pair Loss:0.3303 KL Loss:1.1246 Recon Loss:0.0959 Acc:0.8385 
Epoch:85 Time:37.9 Data:0.0 Loss:1.8470 Cls Loss:0.6126 Pair Loss:0.3298 KL Loss:1.1386 Recon Loss:0.0958 Acc:0.8441 
=> Test at epoch 85
==========Test with latent_z: z_c =========
Extracted features for query set, obtained torch.Size([2228, 128]) matrix
Extracted features for gallery set, obtained torch.Size([17661, 128]) matrix
Extracting features complete in 0m 7s
Distance computing in 0m 0s
Computing CMC and mAP
Results ---------------------------------------------------
top1:87.4% top5:93.8% top10:95.3% top20:96.4% mAP:76.6%
-----------------------------------------------------------
Using 0m 3s
Classifier results ---------------------------------------------------
Query acc: 0.0% Gallery acc: 0.1% Total acc: 0.0%
==========Test with latent_z: new_z =========
Extracted features for query set, obtained torch.Size([2228, 192]) matrix
Extracted features for gallery set, obtained torch.Size([17661, 192]) matrix
Extracting features complete in 0m 8s
Distance computing in 0m 0s
Computing CMC and mAP
Results ---------------------------------------------------
top1:87.2% top5:93.9% top10:95.3% top20:96.5% mAP:76.6%
-----------------------------------------------------------
Using 0m 3s
Classifier results ---------------------------------------------------
Query acc: 0.0% Gallery acc: 0.1% Total acc: 0.0%
Epoch:86 Time:29.7 Data:0.0 Loss:1.9271 Cls Loss:0.6064 Pair Loss:0.3287 KL Loss:1.2250 Recon Loss:0.0957 Acc:0.8453 
Epoch:87 Time:38.6 Data:0.0 Loss:1.8503 Cls Loss:0.6050 Pair Loss:0.3282 KL Loss:1.1498 Recon Loss:0.0956 Acc:0.8482 
Epoch:88 Time:42.8 Data:0.0 Loss:1.8544 Cls Loss:0.6003 Pair Loss:0.3287 KL Loss:1.1586 Recon Loss:0.0955 Acc:0.8503 
Epoch:89 Time:42.0 Data:0.0 Loss:1.7815 Cls Loss:0.5826 Pair Loss:0.3264 KL Loss:1.1035 Recon Loss:0.0954 Acc:0.8548 
Epoch:90 Time:86.1 Data:0.0 Loss:1.7681 Cls Loss:0.5825 Pair Loss:0.3259 KL Loss:1.0903 Recon Loss:0.0953 Acc:0.8541 
=> Test at epoch 90
==========Test with latent_z: z_c =========
Extracted features for query set, obtained torch.Size([2228, 128]) matrix
Extracted features for gallery set, obtained torch.Size([17661, 128]) matrix
Extracting features complete in 0m 11s
Distance computing in 0m 0s
Computing CMC and mAP
Results ---------------------------------------------------
top1:87.2% top5:93.9% top10:95.3% top20:96.5% mAP:76.6%
-----------------------------------------------------------
Using 0m 3s
Classifier results ---------------------------------------------------
Query acc: 0.0% Gallery acc: 0.1% Total acc: 0.1%
==========Test with latent_z: new_z =========
Extracted features for query set, obtained torch.Size([2228, 192]) matrix
Extracted features for gallery set, obtained torch.Size([17661, 192]) matrix
Extracting features complete in 0m 4s
Distance computing in 0m 0s
Computing CMC and mAP
Results ---------------------------------------------------
top1:87.0% top5:93.9% top10:95.4% top20:96.6% mAP:76.7%
-----------------------------------------------------------
Using 0m 2s
Classifier results ---------------------------------------------------
Query acc: 0.0% Gallery acc: 0.1% Total acc: 0.1%
Epoch:91 Time:31.8 Data:0.0 Loss:1.8179 Cls Loss:0.5918 Pair Loss:0.3266 KL Loss:1.1310 Recon Loss:0.0952 Acc:0.8513 
Epoch:92 Time:31.5 Data:0.0 Loss:1.8202 Cls Loss:0.5759 Pair Loss:0.3254 KL Loss:1.1494 Recon Loss:0.0949 Acc:0.8565 
Epoch:93 Time:31.2 Data:0.0 Loss:1.8212 Cls Loss:0.5511 Pair Loss:0.3236 KL Loss:1.1753 Recon Loss:0.0948 Acc:0.8630 
Epoch:94 Time:31.5 Data:0.0 Loss:1.7491 Cls Loss:0.5762 Pair Loss:0.3245 KL Loss:1.0783 Recon Loss:0.0947 Acc:0.8574 
Epoch:95 Time:30.5 Data:0.0 Loss:1.8123 Cls Loss:0.5705 Pair Loss:0.3235 KL Loss:1.1471 Recon Loss:0.0947 Acc:0.8587 
=> Test at epoch 95
==========Test with latent_z: z_c =========
Extracted features for query set, obtained torch.Size([2228, 128]) matrix
Extracted features for gallery set, obtained torch.Size([17661, 128]) matrix
Extracting features complete in 0m 6s
Distance computing in 0m 0s
Computing CMC and mAP
Results ---------------------------------------------------
top1:87.0% top5:93.7% top10:95.3% top20:96.3% mAP:76.7%
-----------------------------------------------------------
Using 0m 2s
Classifier results ---------------------------------------------------
Query acc: 0.0% Gallery acc: 0.1% Total acc: 0.0%
==========Test with latent_z: new_z =========
Extracted features for query set, obtained torch.Size([2228, 192]) matrix
Extracted features for gallery set, obtained torch.Size([17661, 192]) matrix
Extracting features complete in 0m 5s
Distance computing in 0m 0s
Computing CMC and mAP
Results ---------------------------------------------------
top1:87.1% top5:93.7% top10:95.5% top20:96.4% mAP:76.8%
-----------------------------------------------------------
Using 0m 2s
Classifier results ---------------------------------------------------
Query acc: 0.0% Gallery acc: 0.1% Total acc: 0.0%
Epoch:96 Time:24.9 Data:0.0 Loss:1.8289 Cls Loss:0.5725 Pair Loss:0.3241 KL Loss:1.1617 Recon Loss:0.0947 Acc:0.8540 
Epoch:97 Time:27.4 Data:0.0 Loss:1.7649 Cls Loss:0.5506 Pair Loss:0.3243 KL Loss:1.1200 Recon Loss:0.0943 Acc:0.8634 
Epoch:98 Time:31.4 Data:0.0 Loss:1.8963 Cls Loss:0.5676 Pair Loss:0.3240 KL Loss:1.2344 Recon Loss:0.0943 Acc:0.8613 
Epoch:99 Time:31.2 Data:0.0 Loss:1.7408 Cls Loss:0.5506 Pair Loss:0.3250 KL Loss:1.0960 Recon Loss:0.0942 Acc:0.8609 
Epoch:100 Time:66.1 Data:0.0 Loss:1.8241 Cls Loss:0.5560 Pair Loss:0.3234 KL Loss:1.1738 Recon Loss:0.0943 Acc:0.8641 
=> Test at epoch 100
==========Test with latent_z: z_c =========
Extracted features for query set, obtained torch.Size([2228, 128]) matrix
Extracted features for gallery set, obtained torch.Size([17661, 128]) matrix
Extracting features complete in 0m 8s
Distance computing in 0m 0s
Computing CMC and mAP
Results ---------------------------------------------------
top1:87.1% top5:93.8% top10:95.2% top20:96.4% mAP:76.7%
-----------------------------------------------------------
Using 0m 3s
Classifier results ---------------------------------------------------
Query acc: 0.0% Gallery acc: 0.1% Total acc: 0.0%
==========Test with latent_z: new_z =========
Extracted features for query set, obtained torch.Size([2228, 192]) matrix
Extracted features for gallery set, obtained torch.Size([17661, 192]) matrix
Extracting features complete in 0m 7s
Distance computing in 0m 0s
Computing CMC and mAP
Results ---------------------------------------------------
top1:87.0% top5:93.8% top10:95.2% top20:96.5% mAP:76.8%
-----------------------------------------------------------
Using 0m 3s
Classifier results ---------------------------------------------------
Query acc: 0.0% Gallery acc: 0.1% Total acc: 0.0%
Epoch:101 Time:31.4 Data:0.0 Loss:1.8508 Cls Loss:0.5497 Pair Loss:0.3224 KL Loss:1.2069 Recon Loss:0.0943 Acc:0.8634 
Epoch:102 Time:29.8 Data:0.0 Loss:1.7757 Cls Loss:0.5411 Pair Loss:0.3232 KL Loss:1.1406 Recon Loss:0.0941 Acc:0.8670 
Epoch:103 Time:30.8 Data:0.0 Loss:1.7888 Cls Loss:0.5406 Pair Loss:0.3214 KL Loss:1.1542 Recon Loss:0.0940 Acc:0.8680 
Epoch:104 Time:30.6 Data:0.0 Loss:1.7425 Cls Loss:0.5416 Pair Loss:0.3207 KL Loss:1.1068 Recon Loss:0.0941 Acc:0.8678 
Epoch:105 Time:31.0 Data:0.0 Loss:1.7814 Cls Loss:0.5259 Pair Loss:0.3196 KL Loss:1.1616 Recon Loss:0.0939 Acc:0.8722 
=> Test at epoch 105
==========Test with latent_z: z_c =========
Extracted features for query set, obtained torch.Size([2228, 128]) matrix
Extracted features for gallery set, obtained torch.Size([17661, 128]) matrix
Extracting features complete in 0m 6s
Distance computing in 0m 0s
Computing CMC and mAP
Results ---------------------------------------------------
top1:87.1% top5:93.7% top10:95.1% top20:96.5% mAP:76.8%
-----------------------------------------------------------
Using 0m 3s
Classifier results ---------------------------------------------------
Query acc: 0.0% Gallery acc: 0.0% Total acc: 0.0%
==========Test with latent_z: new_z =========
Extracted features for query set, obtained torch.Size([2228, 192]) matrix
Extracted features for gallery set, obtained torch.Size([17661, 192]) matrix
Extracting features complete in 0m 5s
Distance computing in 0m 0s
Computing CMC and mAP
Results ---------------------------------------------------
top1:87.1% top5:93.7% top10:95.2% top20:96.5% mAP:76.8%
-----------------------------------------------------------
Using 0m 3s
Classifier results ---------------------------------------------------
Query acc: 0.0% Gallery acc: 0.0% Total acc: 0.0%
Epoch:106 Time:25.9 Data:0.0 Loss:1.6737 Cls Loss:0.5210 Pair Loss:0.3178 KL Loss:1.0587 Recon Loss:0.0940 Acc:0.8717 
Epoch:107 Time:23.7 Data:0.0 Loss:1.9197 Cls Loss:0.5269 Pair Loss:0.3182 KL Loss:1.2989 Recon Loss:0.0939 Acc:0.8708 
Epoch:108 Time:29.6 Data:0.0 Loss:1.8145 Cls Loss:0.5183 Pair Loss:0.3178 KL Loss:1.2025 Recon Loss:0.0937 Acc:0.8727 
Epoch:109 Time:30.9 Data:0.0 Loss:1.7139 Cls Loss:0.5199 Pair Loss:0.3188 KL Loss:1.1003 Recon Loss:0.0937 Acc:0.8736 
Epoch:110 Time:65.2 Data:0.0 Loss:1.7532 Cls Loss:0.5195 Pair Loss:0.3185 KL Loss:1.1400 Recon Loss:0.0936 Acc:0.8743 
=> Test at epoch 110
==========Test with latent_z: z_c =========
Extracted features for query set, obtained torch.Size([2228, 128]) matrix
Extracted features for gallery set, obtained torch.Size([17661, 128]) matrix
Extracting features complete in 0m 8s
Distance computing in 0m 0s
Computing CMC and mAP
Results ---------------------------------------------------
top1:87.1% top5:93.9% top10:95.2% top20:96.6% mAP:76.8%
-----------------------------------------------------------
Using 0m 3s
Classifier results ---------------------------------------------------
Query acc: 0.0% Gallery acc: 0.1% Total acc: 0.1%
==========Test with latent_z: new_z =========
Extracted features for query set, obtained torch.Size([2228, 192]) matrix
Extracted features for gallery set, obtained torch.Size([17661, 192]) matrix
Extracting features complete in 0m 5s
Distance computing in 0m 0s
Computing CMC and mAP
Results ---------------------------------------------------
top1:87.0% top5:93.9% top10:95.3% top20:96.7% mAP:76.8%
-----------------------------------------------------------
Using 0m 3s
Classifier results ---------------------------------------------------
Query acc: 0.0% Gallery acc: 0.1% Total acc: 0.1%
Epoch:111 Time:27.8 Data:0.0 Loss:1.8180 Cls Loss:0.5261 Pair Loss:0.3193 KL Loss:1.1983 Recon Loss:0.0936 Acc:0.8735 
Epoch:112 Time:30.8 Data:0.0 Loss:1.8555 Cls Loss:0.5141 Pair Loss:0.3178 KL Loss:1.2479 Recon Loss:0.0935 Acc:0.8741 
Epoch:113 Time:30.5 Data:0.0 Loss:1.6683 Cls Loss:0.5143 Pair Loss:0.3186 KL Loss:1.0606 Recon Loss:0.0934 Acc:0.8760 
Epoch:114 Time:31.3 Data:0.0 Loss:1.6419 Cls Loss:0.5039 Pair Loss:0.3174 KL Loss:1.0447 Recon Loss:0.0933 Acc:0.8797 
Epoch:115 Time:30.9 Data:0.0 Loss:1.6217 Cls Loss:0.5056 Pair Loss:0.3177 KL Loss:1.0228 Recon Loss:0.0932 Acc:0.8797 
=> Test at epoch 115
==========Test with latent_z: z_c =========
Extracted features for query set, obtained torch.Size([2228, 128]) matrix
Extracted features for gallery set, obtained torch.Size([17661, 128]) matrix
Extracting features complete in 0m 5s
Distance computing in 0m 0s
Computing CMC and mAP
Results ---------------------------------------------------
top1:87.0% top5:93.6% top10:95.1% top20:96.7% mAP:76.8%
-----------------------------------------------------------
Using 0m 3s
Classifier results ---------------------------------------------------
Query acc: 0.0% Gallery acc: 0.1% Total acc: 0.1%
==========Test with latent_z: new_z =========
Extracted features for query set, obtained torch.Size([2228, 192]) matrix
Extracted features for gallery set, obtained torch.Size([17661, 192]) matrix
Extracting features complete in 0m 5s
Distance computing in 0m 0s
Computing CMC and mAP
Results ---------------------------------------------------
top1:87.3% top5:93.8% top10:95.2% top20:96.7% mAP:76.8%
-----------------------------------------------------------
Using 0m 3s
Classifier results ---------------------------------------------------
Query acc: 0.0% Gallery acc: 0.1% Total acc: 0.1%
Epoch:116 Time:29.9 Data:0.0 Loss:1.7431 Cls Loss:0.5085 Pair Loss:0.3170 KL Loss:1.1413 Recon Loss:0.0932 Acc:0.8769 
Epoch:117 Time:24.7 Data:0.0 Loss:1.6912 Cls Loss:0.5123 Pair Loss:0.3182 KL Loss:1.0857 Recon Loss:0.0932 Acc:0.8756 
Epoch:118 Time:24.3 Data:0.0 Loss:1.7630 Cls Loss:0.4997 Pair Loss:0.3161 KL Loss:1.1704 Recon Loss:0.0929 Acc:0.8793 
Epoch:119 Time:32.1 Data:0.0 Loss:1.6573 Cls Loss:0.5010 Pair Loss:0.3162 KL Loss:1.0634 Recon Loss:0.0929 Acc:0.8800 
Epoch:120 Time:65.3 Data:0.0 Loss:1.7587 Cls Loss:0.5020 Pair Loss:0.3166 KL Loss:1.1639 Recon Loss:0.0929 Acc:0.8795 
=> Test at epoch 120
==========Test with latent_z: z_c =========
Extracted features for query set, obtained torch.Size([2228, 128]) matrix
Extracted features for gallery set, obtained torch.Size([17661, 128]) matrix
Extracting features complete in 0m 8s
Distance computing in 0m 0s
Computing CMC and mAP
Results ---------------------------------------------------
top1:87.3% top5:93.7% top10:95.3% top20:96.7% mAP:76.9%
-----------------------------------------------------------
Using 0m 3s
Classifier results ---------------------------------------------------
Query acc: 0.0% Gallery acc: 0.1% Total acc: 0.1%
==========Test with latent_z: new_z =========
Extracted features for query set, obtained torch.Size([2228, 192]) matrix
Extracted features for gallery set, obtained torch.Size([17661, 192]) matrix
Extracting features complete in 0m 5s
Distance computing in 0m 0s
Computing CMC and mAP
Results ---------------------------------------------------
top1:87.3% top5:93.7% top10:95.3% top20:96.8% mAP:76.9%
-----------------------------------------------------------
Using 0m 3s
Classifier results ---------------------------------------------------
Query acc: 0.0% Gallery acc: 0.1% Total acc: 0.1%
=> Best Rank-1 87.3%, mAP 76.9% achieved at epoch 120
Finished. Total elapsed time (h:m:s): 1:38:12. Training time (h:m:s): 1:27:24.
Shutting down background jobs, please wait a moment...
Done!
Waiting for the remaining 35 operations to synchronize with Neptune. Do not kill this process.
All 35 operations synced, thanks for waiting!
Explore the metadata in the Neptune app:
https://app.neptune.ai/Zhengwei-Lab/MayCVAE/e/MAY-144/metadata
