https://app.neptune.ai/Zhengwei-Lab/MayCVAE/e/MAY-137
=> merge config from ./configs/clipreid_cvae_stage2.yaml
/home/zhengwei/Desktop/Zhengwei/Projects/CVAE/main.py:90: NeptuneUnsupportedType: You're attempting to log a type that is not directly supported by Neptune (<class 'list'>).
        Convert the value to a supported type, such as a string or float, or use stringify_unsupported(obj)
        for dictionaries or collections that contain unsupported values.
        For more, see https://docs.neptune.ai/help/value_of_unsupported_type
  run["parameters"] = param
=> Configurations:
-------------------------
AMP: True
AUG:
  RC_PROB: 0.5
  RE_PROB: 0.5
DATA:
  CUHK03_CLASSIC_SPLIT: False
  CUHK03_LABELED: False
  DATASET: market1k
  FORMAT_TAG: tensor
  HEIGHT: 256
  NUM_INSTANCES: 4
  NUM_WORKERS: 4
  ROOT: /home/zhengwei/Desktop/Zhengwei/Projects/datasets
  SPLIT_ID: 0
  TEST_BATCH: 512
  TRAIN_BATCH: 64
  TRAIN_FORMAT: novel
  WIDTH: 128
EVAL_MODE: False
GPU: 0
LOSS:
  CLA_LOSS: crossentropy
  CLA_M: 0.0
  CLA_S: 16.0
  PAIR_LOSS: triplet
  PAIR_M: 0.3
  PAIR_S: 16.0
  RECON_LOSS: mse
MODEL:
  CONDITIONAL: False
  FEATURE_DIM: 1280
  FEAT_FUSION: True
  FLOW_TYPE: 
  GAUSSIAN: MultivariateNormal
  HIDDEN_DIM: 256
  LATENT_SIZE: 64
  NAME: CVAE
  ONLY_CVAE_KL: False
  ONLY_X_INPUT: False
  PRETRAIN: CLIPreidNew
  RES4_STRIDE: 1
  RESUME: /home/zhengwei/Desktop/Zhengwei/Projects/CVAE/outputs/duke/clipreid_simplevae/2024-05-16/fp32_SimpleVAE_128+64z_1e3+3_60+120_SingleCls_ce_KLtotalZ
  TRAIN_STAGE: klstage
  USE_CENTROID: False
  VAE_TYPE: SinpleVAE
  ZC_DIM: 128
  ZS_DIM: 64
OUTPUT: ./outputs/market1k/clipreid_simplevae/novel/2024-06-06/fp32_SimpleVAE_128+64z_1e3+3_60+120_SingleCls_ce_KLtotalZ_tune+2sketch
SAVED_NAME: fp32_SimpleVAE_128+64z_1e3+3_60+120_SingleCls_ce_KLtotalZ_tune+2sketch
SEED: 0
TAG: clipreid_simplevae
TEST:
  DISTANCE: cosine
  EVAL_STEP: 5
  START_EVAL: -1
TRAIN:
  AMP: False
  LR_SCHEDULER:
    DECAY_RATE: 0.1
    NAME: MultiStepLR
    STEPSIZE: [60]
  MAX_EPOCH: 120
  OPTIMIZER:
    LR: 0.001
    NAME: adam
    SGDLR: 0.01
    SGD_MOMENTUM: 0.9
    SGD_WEIGHT_DECAY: 0.0005
    WEIGHT_DECAY: 0.0001
  START_EPOCH: 0Warning: string series 'monitoring/243b4908/stdout' value was longer than 1000 characters and was truncated. This warning is printed only once per series.

----------------------
Initializing dataset market1k
=> Market-Sketch-1K tensor loaded
Dataset statistics:
  ------------------------------
  subset   | # ids | # images
  ------------------------------
  train    |   996 |     3992
  query    |   996 |     2709
  gallery  |   996 |     2000
  ------------------------------
  total    |  1992 |     8701
  ------------------------------
Initializing SinpleVAE model
Model size: 11.47219M
Classifier size: 0.12749M
=> Start training the model on Novel data
Loading checkpoint from '/home/zhengwei/Desktop/Zhengwei/Projects/CVAE/outputs/duke/clipreid_simplevae/2024-05-16/fp32_SimpleVAE_128+64z_1e3+3_60+120_SingleCls_ce_KLtotalZ.best_model.pth.tar'
orginal best rank1 = 0.8716337522441652
=> Copy the checkpoint to the output folder
=> Start evaluation on Novel data without finetuning
=> Test pretarined feature form VLP model
Normalizing features
Normalizing features
Extracted features for query set, obtained torch.Size([2709, 1280]) matrix
Extracted features for gallery set, obtained torch.Size([2000, 1280]) matrix
Extracting features complete in 0m 5s
Distance computing in 0m 1s
Computing CMC and mAP
Results ---------------------------------------------------
top1:3.7% top5:8.7% top10:13.0% top20:19.0% mAP:4.8%
-----------------------------------------------------------
Using 0m 0s
==========Test with latent_z: new_z =========
Extracted features for query set, obtained torch.Size([2709, 192]) matrix
Extracted features for gallery set, obtained torch.Size([2000, 192]) matrix
Extracting features complete in 0m 6s
Distance computing in 0m 0s
Computing CMC and mAP
Results ---------------------------------------------------
top1:0.8% top5:3.4% top10:5.4% top20:8.8% mAP:2.1%
-----------------------------------------------------------
Using 0m 0s
Classifier results ---------------------------------------------------
Query acc: 0.1% Gallery acc: 0.1% Total acc: 0.1%
==========Test with latent_z: mu =========
Extracted features for query set, obtained torch.Size([2709, 192]) matrix
Extracted features for gallery set, obtained torch.Size([2000, 192]) matrix
Extracting features complete in 0m 7s
Distance computing in 0m 0s
Computing CMC and mAP
Results ---------------------------------------------------
top1:1.1% top5:3.3% top10:5.3% top20:8.9% mAP:2.1%
-----------------------------------------------------------
Using 0m 0s
Classifier results ---------------------------------------------------
Query acc: 0.1% Gallery acc: 0.1% Total acc: 0.1%
==========Test with latent_z: z_c =========
Extracted features for query set, obtained torch.Size([2709, 128]) matrix
Extracted features for gallery set, obtained torch.Size([2000, 128]) matrix
Extracting features complete in 0m 6s
Distance computing in 0m 0s
Computing CMC and mAP
Results ---------------------------------------------------
top1:0.9% top5:3.4% top10:5.2% top20:8.9% mAP:2.1%
-----------------------------------------------------------
Using 0m 1s
Classifier results ---------------------------------------------------
Query acc: 0.1% Gallery acc: 0.1% Total acc: 0.1%
The test feature is normalized
The number of query sketch samples: 2709
The number of gallery rgb samples: 2000
==========Test with latent_z: x_pre =========
Extracted features for query set, obtained torch.Size([2709, 256]) matrix
Extracted features for gallery set, obtained torch.Size([2000, 256]) matrix
Extracting features complete in 0m 6s
Distance computing in 0m 0s
Computing CMC and mAP
Results ---------------------------------------------------
top1:1.3% top5:3.9% top10:6.9% top20:11.3% mAP:2.5%
-----------------------------------------------------------
Using 0m 0s
Classifier results ---------------------------------------------------
Query acc: 0.1% Gallery acc: 0.1% Total acc: 0.1%
=> Start training
Epoch:1 Time:9.9 Data:0.0 Loss:9.9953 Cls Loss:6.9670 Pair Loss:0.5725 KL Loss:2.9110 Recon Loss:0.1174 Acc:0.0003 
Epoch:2 Time:11.2 Data:0.0 Loss:7.8323 Cls Loss:6.7435 Pair Loss:0.5732 KL Loss:0.9719 Recon Loss:0.1169 Acc:0.0058 
Epoch:3 Time:10.5 Data:0.0 Loss:7.9006 Cls Loss:6.5860 Pair Loss:0.5750 KL Loss:1.1964 Recon Loss:0.1183 Acc:0.0118 
Epoch:4 Time:11.5 Data:0.0 Loss:7.6290 Cls Loss:6.4570 Pair Loss:0.5738 KL Loss:1.0536 Recon Loss:0.1183 Acc:0.0118 
Epoch:5 Time:10.6 Data:0.0 Loss:7.5831 Cls Loss:6.3169 Pair Loss:0.5707 KL Loss:1.1467 Recon Loss:0.1195 Acc:0.0204 
=> Test at epoch 5
==========Test with latent_z: z_c =========
Extracted features for query set, obtained torch.Size([2709, 128]) matrix
Extracted features for gallery set, obtained torch.Size([2000, 128]) matrix
Extracting features complete in 0m 6s
Distance computing in 0m 0s
Computing CMC and mAP
Results ---------------------------------------------------
top1:1.0% top5:3.7% top10:5.8% top20:9.1% mAP:2.1%
-----------------------------------------------------------
Using 0m 0s
Classifier results ---------------------------------------------------
Query acc: 0.2% Gallery acc: 0.1% Total acc: 0.2%
The test feature is normalized
The number of query sketch samples: 2709
The number of gallery rgb samples: 2000
==========Test with latent_z: new_z =========
Extracted features for query set, obtained torch.Size([2709, 192]) matrix
Extracted features for gallery set, obtained torch.Size([2000, 192]) matrix
Extracting features complete in 0m 6s
Distance computing in 0m 0s
Computing CMC and mAP
Results ---------------------------------------------------
top1:1.1% top5:3.8% top10:5.9% top20:9.0% mAP:2.2%
-----------------------------------------------------------
Using 0m 0s
Classifier results ---------------------------------------------------
Query acc: 0.2% Gallery acc: 0.1% Total acc: 0.2%
==========Test with latent_z: x_pre =========
Extracted features for query set, obtained torch.Size([2709, 256]) matrix
Extracted features for gallery set, obtained torch.Size([2000, 256]) matrix
Extracting features complete in 0m 6s
Distance computing in 0m 0s
Computing CMC and mAP
Results ---------------------------------------------------
top1:1.2% top5:3.1% top10:5.6% top20:9.7% mAP:2.2%
-----------------------------------------------------------
Using 0m 0s
Classifier results ---------------------------------------------------
Query acc: 0.2% Gallery acc: 0.1% Total acc: 0.2%
==========Test with latent_z: mu =========
Extracted features for query set, obtained torch.Size([2709, 192]) matrix
Extracted features for gallery set, obtained torch.Size([2000, 192]) matrix
Extracting features complete in 0m 5s
Distance computing in 0m 0s
Computing CMC and mAP
Results ---------------------------------------------------
top1:1.0% top5:3.5% top10:6.1% top20:9.5% mAP:2.2%
-----------------------------------------------------------
Using 0m 0s
Classifier results ---------------------------------------------------
Query acc: 0.2% Gallery acc: 0.1% Total acc: 0.2%
Epoch:6 Time:8.0 Data:0.0 Loss:7.4400 Cls Loss:6.2088 Pair Loss:0.5632 KL Loss:1.1127 Recon Loss:0.1185 Acc:0.0219 
Epoch:7 Time:9.9 Data:0.0 Loss:7.3429 Cls Loss:6.1015 Pair Loss:0.5683 KL Loss:1.1224 Recon Loss:0.1189 Acc:0.0302 
Epoch:8 Time:10.8 Data:0.0 Loss:7.2842 Cls Loss:6.0019 Pair Loss:0.5648 KL Loss:1.1635 Recon Loss:0.1189 Acc:0.0365 
Epoch:9 Time:10.8 Data:0.0 Loss:6.9414 Cls Loss:5.9181 Pair Loss:0.5614 KL Loss:0.9050 Recon Loss:0.1182 Acc:0.0421 
The test feature is normalized
The number of sketch samples: 1976
The number of rgb samples: 1992
Epoch:10 Time:610.6 Data:0.0 Loss:7.1088 Cls Loss:5.8497 Pair Loss:0.5614 KL Loss:1.1389 Recon Loss:0.1203 Acc:0.0381 
=> Test at epoch 10
==========Test with latent_z: z_c =========
Extracted features for query set, obtained torch.Size([2709, 128]) matrix
Extracted features for gallery set, obtained torch.Size([2000, 128]) matrix
Extracting features complete in 0m 8s
Distance computing in 0m 0s
Computing CMC and mAP
Results ---------------------------------------------------
top1:1.3% top5:4.1% top10:7.5% top20:12.0% mAP:2.6%
-----------------------------------------------------------
Using 0m 0s
Classifier results ---------------------------------------------------
Query acc: 0.2% Gallery acc: 0.2% Total acc: 0.2%
The test feature is normalized
The number of query sketch samples: 2709
The number of gallery rgb samples: 2000
==========Test with latent_z: new_z =========
Extracted features for query set, obtained torch.Size([2709, 192]) matrix
Extracted features for gallery set, obtained torch.Size([2000, 192]) matrix
Extracting features complete in 0m 7s
Distance computing in 0m 0s
Computing CMC and mAP
Results ---------------------------------------------------
top1:1.4% top5:4.3% top10:7.3% top20:11.8% mAP:2.6%
-----------------------------------------------------------
Using 0m 1s
Classifier results ---------------------------------------------------
Query acc: 0.2% Gallery acc: 0.2% Total acc: 0.2%
==========Test with latent_z: x_pre =========
Extracted features for query set, obtained torch.Size([2709, 256]) matrix
Extracted features for gallery set, obtained torch.Size([2000, 256]) matrix
Extracting features complete in 0m 7s
Distance computing in 0m 0s
Computing CMC and mAP
Results ---------------------------------------------------
top1:1.1% top5:4.0% top10:6.1% top20:9.6% mAP:2.3%
-----------------------------------------------------------
Using 0m 0s
Classifier results ---------------------------------------------------
Query acc: 0.2% Gallery acc: 0.2% Total acc: 0.2%
==========Test with latent_z: mu =========
Extracted features for query set, obtained torch.Size([2709, 192]) matrix
Extracted features for gallery set, obtained torch.Size([2000, 192]) matrix
Extracting features complete in 0m 6s
Distance computing in 0m 0s
Computing CMC and mAP
Results ---------------------------------------------------
top1:1.4% top5:4.6% top10:6.9% top20:12.0% mAP:2.7%
-----------------------------------------------------------
Using 0m 1s
Classifier results ---------------------------------------------------
Query acc: 0.2% Gallery acc: 0.2% Total acc: 0.2%
Epoch:11 Time:11.3 Data:0.0 Loss:6.8626 Cls Loss:5.7538 Pair Loss:0.5574 KL Loss:0.9888 Recon Loss:0.1200 Acc:0.0418 
Epoch:12 Time:9.1 Data:0.0 Loss:7.0276 Cls Loss:5.6949 Pair Loss:0.5522 KL Loss:1.2130 Recon Loss:0.1196 Acc:0.0426 
Epoch:13 Time:11.1 Data:0.0 Loss:7.0725 Cls Loss:5.6315 Pair Loss:0.5557 KL Loss:1.3222 Recon Loss:0.1189 Acc:0.0433 
Epoch:14 Time:11.4 Data:0.0 Loss:6.6895 Cls Loss:5.5748 Pair Loss:0.5573 KL Loss:0.9924 Recon Loss:0.1224 Acc:0.0600 
Epoch:15 Time:10.7 Data:0.0 Loss:6.5401 Cls Loss:5.4924 Pair Loss:0.5569 KL Loss:0.9275 Recon Loss:0.1202 Acc:0.0549 
=> Test at epoch 15
==========Test with latent_z: z_c =========
Extracted features for query set, obtained torch.Size([2709, 128]) matrix
Extracted features for gallery set, obtained torch.Size([2000, 128]) matrix
Extracting features complete in 0m 6s
Distance computing in 0m 0s
Computing CMC and mAP
Results ---------------------------------------------------
top1:1.4% top5:5.6% top10:8.9% top20:14.1% mAP:3.1%
-----------------------------------------------------------
Using 0m 0s
Classifier results ---------------------------------------------------
Query acc: 0.1% Gallery acc: 0.1% Total acc: 0.1%
The test feature is normalized
The number of query sketch samples: 2709
The number of gallery rgb samples: 2000
==========Test with latent_z: new_z =========
Extracted features for query set, obtained torch.Size([2709, 192]) matrix
Extracted features for gallery set, obtained torch.Size([2000, 192]) matrix
Extracting features complete in 0m 6s
Distance computing in 0m 0s
Computing CMC and mAP
Results ---------------------------------------------------
top1:1.5% top5:5.4% top10:8.8% top20:14.4% mAP:3.1%
-----------------------------------------------------------
Using 0m 0s
Classifier results ---------------------------------------------------
Query acc: 0.1% Gallery acc: 0.1% Total acc: 0.1%
==========Test with latent_z: x_pre =========
Extracted features for query set, obtained torch.Size([2709, 256]) matrix
Extracted features for gallery set, obtained torch.Size([2000, 256]) matrix
Extracting features complete in 0m 6s
Distance computing in 0m 0s
Computing CMC and mAP
Results ---------------------------------------------------
top1:1.7% top5:4.5% top10:6.6% top20:10.7% mAP:2.6%
-----------------------------------------------------------
Using 0m 0s
Classifier results ---------------------------------------------------
Query acc: 0.1% Gallery acc: 0.1% Total acc: 0.1%
==========Test with latent_z: mu =========
Extracted features for query set, obtained torch.Size([2709, 192]) matrix
Extracted features for gallery set, obtained torch.Size([2000, 192]) matrix
Extracting features complete in 0m 4s
Distance computing in 0m 0s
Computing CMC and mAP
Results ---------------------------------------------------
top1:1.4% top5:5.4% top10:9.0% top20:14.1% mAP:3.0%
-----------------------------------------------------------
Using 0m 0s
Classifier results ---------------------------------------------------
Query acc: 0.1% Gallery acc: 0.1% Total acc: 0.1%
Epoch:16 Time:11.1 Data:0.0 Loss:6.5291 Cls Loss:5.4221 Pair Loss:0.5527 KL Loss:0.9871 Recon Loss:0.1199 Acc:0.0640 
Epoch:17 Time:11.1 Data:0.0 Loss:6.4367 Cls Loss:5.4028 Pair Loss:0.5534 KL Loss:0.9157 Recon Loss:0.1182 Acc:0.0577 
Epoch:18 Time:12.7 Data:0.0 Loss:6.6411 Cls Loss:5.3348 Pair Loss:0.5502 KL Loss:1.1866 Recon Loss:0.1196 Acc:0.0731 
Epoch:19 Time:12.7 Data:0.0 Loss:6.7348 Cls Loss:5.2846 Pair Loss:0.5504 KL Loss:1.3312 Recon Loss:0.1191 Acc:0.0703 
The test feature is normalized
The number of sketch samples: 1981
The number of rgb samples: 1987
Epoch:20 Time:608.8 Data:0.0 Loss:6.4410 Cls Loss:5.2356 Pair Loss:0.5507 KL Loss:1.0874 Recon Loss:0.1180 Acc:0.0726 
=> Test at epoch 20
==========Test with latent_z: z_c =========
Extracted features for query set, obtained torch.Size([2709, 128]) matrix
Extracted features for gallery set, obtained torch.Size([2000, 128]) matrix
Extracting features complete in 0m 9s
Distance computing in 0m 0s
Computing CMC and mAP
Results ---------------------------------------------------
top1:1.5% top5:4.9% top10:7.9% top20:13.0% mAP:3.0%
-----------------------------------------------------------
Using 0m 0s
Classifier results ---------------------------------------------------
Query acc: 0.2% Gallery acc: 0.0% Total acc: 0.1%
The test feature is normalized
The number of query sketch samples: 2709
The number of gallery rgb samples: 2000
==========Test with latent_z: new_z =========
Extracted features for query set, obtained torch.Size([2709, 192]) matrix
Extracted features for gallery set, obtained torch.Size([2000, 192]) matrix
Extracting features complete in 0m 8s
Distance computing in 0m 1s
Computing CMC and mAP
Results ---------------------------------------------------
top1:1.5% top5:4.9% top10:8.0% top20:13.7% mAP:3.0%
-----------------------------------------------------------
Using 0m 1s
Classifier results ---------------------------------------------------
Query acc: 0.2% Gallery acc: 0.0% Total acc: 0.1%
==========Test with latent_z: x_pre =========
Extracted features for query set, obtained torch.Size([2709, 256]) matrix
Extracted features for gallery set, obtained torch.Size([2000, 256]) matrix
Extracting features complete in 0m 8s
Distance computing in 0m 0s
Computing CMC and mAP
Results ---------------------------------------------------
top1:1.7% top5:4.1% top10:7.1% top20:11.8% mAP:2.7%
-----------------------------------------------------------
Using 0m 0s
Classifier results ---------------------------------------------------
Query acc: 0.2% Gallery acc: 0.0% Total acc: 0.1%
==========Test with latent_z: mu =========
Extracted features for query set, obtained torch.Size([2709, 192]) matrix
Extracted features for gallery set, obtained torch.Size([2000, 192]) matrix
Extracting features complete in 0m 6s
Distance computing in 0m 0s
Computing CMC and mAP
Results ---------------------------------------------------
top1:1.8% top5:5.2% top10:8.6% top20:13.8% mAP:3.1%
-----------------------------------------------------------
Using 0m 1s
Classifier results ---------------------------------------------------
Query acc: 0.2% Gallery acc: 0.0% Total acc: 0.1%
Epoch:21 Time:14.6 Data:0.0 Loss:6.3043 Cls Loss:5.1920 Pair Loss:0.5480 KL Loss:0.9921 Recon Loss:0.1203 Acc:0.0713 
Epoch:22 Time:12.6 Data:0.0 Loss:6.2345 Cls Loss:5.1160 Pair Loss:0.5466 KL Loss:0.9998 Recon Loss:0.1187 Acc:0.0839 
Epoch:23 Time:12.1 Data:0.0 Loss:6.2217 Cls Loss:5.1056 Pair Loss:0.5496 KL Loss:0.9956 Recon Loss:0.1205 Acc:0.0799 
Epoch:24 Time:13.5 Data:0.0 Loss:6.3393 Cls Loss:5.0076 Pair Loss:0.5458 KL Loss:1.2117 Recon Loss:0.1200 Acc:0.0948 
Epoch:25 Time:14.6 Data:0.0 Loss:6.1816 Cls Loss:4.9728 Pair Loss:0.5427 KL Loss:1.0903 Recon Loss:0.1186 Acc:0.0995 
=> Test at epoch 25
==========Test with latent_z: z_c =========
Extracted features for query set, obtained torch.Size([2709, 128]) matrix
Extracted features for gallery set, obtained torch.Size([2000, 128]) matrix
Extracting features complete in 0m 6s
Distance computing in 0m 0s
Computing CMC and mAP
Results ---------------------------------------------------
top1:1.7% top5:6.1% top10:9.9% top20:15.2% mAP:3.4%
-----------------------------------------------------------
Using 0m 1s
Classifier results ---------------------------------------------------
Query acc: 0.2% Gallery acc: 0.1% Total acc: 0.1%
The test feature is normalized
The number of query sketch samples: 2709
The number of gallery rgb samples: 2000
==========Test with latent_z: new_z =========
Extracted features for query set, obtained torch.Size([2709, 192]) matrix
Extracted features for gallery set, obtained torch.Size([2000, 192]) matrix
Extracting features complete in 0m 8s
Distance computing in 0m 0s
Computing CMC and mAP
Results ---------------------------------------------------
top1:1.7% top5:6.0% top10:9.6% top20:15.4% mAP:3.4%
-----------------------------------------------------------
Using 0m 1s
Classifier results ---------------------------------------------------
Query acc: 0.2% Gallery acc: 0.1% Total acc: 0.1%
==========Test with latent_z: x_pre =========
Extracted features for query set, obtained torch.Size([2709, 256]) matrix
Extracted features for gallery set, obtained torch.Size([2000, 256]) matrix
Extracting features complete in 0m 8s
Distance computing in 0m 0s
Computing CMC and mAP
Results ---------------------------------------------------
top1:1.6% top5:4.8% top10:8.0% top20:12.4% mAP:2.7%
-----------------------------------------------------------
Using 0m 1s
Classifier results ---------------------------------------------------
Query acc: 0.2% Gallery acc: 0.1% Total acc: 0.1%
==========Test with latent_z: mu =========
Extracted features for query set, obtained torch.Size([2709, 192]) matrix
Extracted features for gallery set, obtained torch.Size([2000, 192]) matrix
Extracting features complete in 0m 6s
Distance computing in 0m 0s
Computing CMC and mAP
Results ---------------------------------------------------
top1:1.8% top5:5.8% top10:9.6% top20:14.9% mAP:3.4%
-----------------------------------------------------------
Using 0m 1s
Classifier results ---------------------------------------------------
Query acc: 0.2% Gallery acc: 0.1% Total acc: 0.1%
Epoch:26 Time:13.9 Data:0.0 Loss:6.2564 Cls Loss:4.9769 Pair Loss:0.5414 KL Loss:1.1591 Recon Loss:0.1203 Acc:0.0917 
Epoch:27 Time:13.8 Data:0.0 Loss:6.4134 Cls Loss:4.9173 Pair Loss:0.5452 KL Loss:1.3768 Recon Loss:0.1194 Acc:0.0948 
Epoch:28 Time:14.1 Data:0.0 Loss:6.1502 Cls Loss:4.8695 Pair Loss:0.5376 KL Loss:1.1616 Recon Loss:0.1191 Acc:0.1008 
Epoch:29 Time:14.1 Data:0.0 Loss:6.1549 Cls Loss:4.8807 Pair Loss:0.5413 KL Loss:1.1552 Recon Loss:0.1190 Acc:0.0983 
The test feature is normalized
The number of sketch samples: 1978
The number of rgb samples: 1990
Epoch:30 Time:610.7 Data:0.0 Loss:6.1374 Cls Loss:4.7629 Pair Loss:0.5388 KL Loss:1.2543 Recon Loss:0.1203 Acc:0.1134 
=> Test at epoch 30
==========Test with latent_z: z_c =========
Extracted features for query set, obtained torch.Size([2709, 128]) matrix
Extracted features for gallery set, obtained torch.Size([2000, 128]) matrix
Extracting features complete in 0m 8s
Distance computing in 0m 0s
Computing CMC and mAP
Results ---------------------------------------------------
top1:2.7% top5:8.3% top10:13.2% top20:20.7% mAP:4.7%
-----------------------------------------------------------
Using 0m 1s
Classifier results ---------------------------------------------------
Query acc: 0.3% Gallery acc: 0.0% Total acc: 0.1%
The test feature is normalized
The number of query sketch samples: 2709
The number of gallery rgb samples: 2000
==========Test with latent_z: new_z =========
Extracted features for query set, obtained torch.Size([2709, 192]) matrix
Extracted features for gallery set, obtained torch.Size([2000, 192]) matrix
Extracting features complete in 0m 8s
Distance computing in 0m 0s
Computing CMC and mAP
Results ---------------------------------------------------
top1:2.7% top5:8.3% top10:13.3% top20:20.4% mAP:4.6%
-----------------------------------------------------------
Using 0m 1s
Classifier results ---------------------------------------------------
Query acc: 0.3% Gallery acc: 0.0% Total acc: 0.1%
==========Test with latent_z: x_pre =========
Extracted features for query set, obtained torch.Size([2709, 256]) matrix
Extracted features for gallery set, obtained torch.Size([2000, 256]) matrix
Extracting features complete in 0m 7s
Distance computing in 0m 0s
Computing CMC and mAP
Results ---------------------------------------------------
top1:2.1% top5:5.9% top10:9.0% top20:14.4% mAP:3.4%
-----------------------------------------------------------
Using 0m 1s
Classifier results ---------------------------------------------------
Query acc: 0.3% Gallery acc: 0.0% Total acc: 0.1%
==========Test with latent_z: mu =========
Extracted features for query set, obtained torch.Size([2709, 192]) matrix
Extracted features for gallery set, obtained torch.Size([2000, 192]) matrix
Extracting features complete in 0m 6s
Distance computing in 0m 0s
Computing CMC and mAP
Results ---------------------------------------------------
top1:2.7% top5:8.2% top10:12.9% top20:20.6% mAP:4.6%
-----------------------------------------------------------
Using 0m 1s
Classifier results ---------------------------------------------------
Query acc: 0.3% Gallery acc: 0.0% Total acc: 0.1%
Epoch:31 Time:13.6 Data:0.0 Loss:6.1337 Cls Loss:4.7648 Pair Loss:0.5362 KL Loss:1.2500 Recon Loss:0.1190 Acc:0.1061 
Epoch:32 Time:13.8 Data:0.0 Loss:5.9868 Cls Loss:4.7122 Pair Loss:0.5346 KL Loss:1.1564 Recon Loss:0.1181 Acc:0.1169 
Epoch:33 Time:13.8 Data:0.0 Loss:5.9250 Cls Loss:4.6852 Pair Loss:0.5378 KL Loss:1.1213 Recon Loss:0.1185 Acc:0.1321 
Epoch:34 Time:13.9 Data:0.0 Loss:5.8526 Cls Loss:4.6515 Pair Loss:0.5390 KL Loss:1.0823 Recon Loss:0.1188 Acc:0.1177 
Epoch:35 Time:13.8 Data:0.0 Loss:5.9626 Cls Loss:4.6295 Pair Loss:0.5356 KL Loss:1.2142 Recon Loss:0.1190 Acc:0.1273 
=> Test at epoch 35
==========Test with latent_z: z_c =========
Extracted features for query set, obtained torch.Size([2709, 128]) matrix
Extracted features for gallery set, obtained torch.Size([2000, 128]) matrix
Extracting features complete in 0m 7s
Distance computing in 0m 0s
Computing CMC and mAP
Results ---------------------------------------------------
top1:2.5% top5:8.8% top10:14.0% top20:22.7% mAP:4.8%
-----------------------------------------------------------
Using 0m 1s
Classifier results ---------------------------------------------------
Query acc: 0.3% Gallery acc: 0.1% Total acc: 0.2%
The test feature is normalized
The number of query sketch samples: 2709
The number of gallery rgb samples: 2000
==========Test with latent_z: new_z =========
Extracted features for query set, obtained torch.Size([2709, 192]) matrix
Extracted features for gallery set, obtained torch.Size([2000, 192]) matrix
Extracting features complete in 0m 7s
Distance computing in 0m 0s
Computing CMC and mAP
Results ---------------------------------------------------
top1:2.8% top5:8.6% top10:14.0% top20:22.8% mAP:4.9%
-----------------------------------------------------------
Using 0m 1s
Classifier results ---------------------------------------------------
Query acc: 0.3% Gallery acc: 0.1% Total acc: 0.2%
==========Test with latent_z: x_pre =========
Extracted features for query set, obtained torch.Size([2709, 256]) matrix
Extracted features for gallery set, obtained torch.Size([2000, 256]) matrix
Extracting features complete in 0m 7s
Distance computing in 0m 0s
Computing CMC and mAP
Results ---------------------------------------------------
top1:2.0% top5:6.1% top10:9.5% top20:14.8% mAP:3.5%
-----------------------------------------------------------
Using 0m 1s
Classifier results ---------------------------------------------------
Query acc: 0.3% Gallery acc: 0.1% Total acc: 0.2%
==========Test with latent_z: mu =========
Extracted features for query set, obtained torch.Size([2709, 192]) matrix
Extracted features for gallery set, obtained torch.Size([2000, 192]) matrix
Extracting features complete in 0m 6s
Distance computing in 0m 0s
Computing CMC and mAP
Results ---------------------------------------------------
top1:2.6% top5:8.6% top10:13.8% top20:22.0% mAP:4.7%
-----------------------------------------------------------
Using 0m 1s
Classifier results ---------------------------------------------------
Query acc: 0.3% Gallery acc: 0.1% Total acc: 0.2%
Epoch:36 Time:12.9 Data:0.0 Loss:6.0159 Cls Loss:4.5991 Pair Loss:0.5349 KL Loss:1.2975 Recon Loss:0.1193 Acc:0.1190 
Epoch:37 Time:14.2 Data:0.0 Loss:5.8565 Cls Loss:4.5718 Pair Loss:0.5341 KL Loss:1.1653 Recon Loss:0.1194 Acc:0.1313 
Epoch:38 Time:13.7 Data:0.0 Loss:6.0975 Cls Loss:4.5715 Pair Loss:0.5305 KL Loss:1.4062 Recon Loss:0.1198 Acc:0.1316 
Epoch:39 Time:14.2 Data:0.0 Loss:5.7025 Cls Loss:4.4993 Pair Loss:0.5335 KL Loss:1.0838 Recon Loss:0.1194 Acc:0.1406 
The test feature is normalized
The number of sketch samples: 1979
The number of rgb samples: 1989
Epoch:40 Time:617.1 Data:0.0 Loss:6.1150 Cls Loss:4.5174 Pair Loss:0.5357 KL Loss:1.4779 Recon Loss:0.1197 Acc:0.1348 
=> Test at epoch 40
==========Test with latent_z: z_c =========
Extracted features for query set, obtained torch.Size([2709, 128]) matrix
Extracted features for gallery set, obtained torch.Size([2000, 128]) matrix
Extracting features complete in 0m 7s
Distance computing in 0m 0s
Computing CMC and mAP
Results ---------------------------------------------------
top1:3.2% top5:9.2% top10:15.4% top20:24.3% mAP:5.3%
-----------------------------------------------------------
Using 0m 1s
Classifier results ---------------------------------------------------
Query acc: 0.3% Gallery acc: 0.1% Total acc: 0.2%
The test feature is normalized
The number of query sketch samples: 2709
The number of gallery rgb samples: 2000
==========Test with latent_z: new_z =========
Extracted features for query set, obtained torch.Size([2709, 192]) matrix
Extracted features for gallery set, obtained torch.Size([2000, 192]) matrix
Extracting features complete in 0m 8s
Distance computing in 0m 0s
Computing CMC and mAP
Results ---------------------------------------------------
top1:3.2% top5:9.1% top10:15.4% top20:23.6% mAP:5.3%
-----------------------------------------------------------
Using 0m 1s
Classifier results ---------------------------------------------------
Query acc: 0.3% Gallery acc: 0.1% Total acc: 0.2%
==========Test with latent_z: x_pre =========
Extracted features for query set, obtained torch.Size([2709, 256]) matrix
Extracted features for gallery set, obtained torch.Size([2000, 256]) matrix
Extracting features complete in 0m 8s
Distance computing in 0m 0s
Computing CMC and mAP
Results ---------------------------------------------------
top1:2.4% top5:6.5% top10:10.0% top20:16.1% mAP:3.8%
-----------------------------------------------------------
Using 0m 1s
Classifier results ---------------------------------------------------
Query acc: 0.3% Gallery acc: 0.1% Total acc: 0.2%
==========Test with latent_z: mu =========
Extracted features for query set, obtained torch.Size([2709, 192]) matrix
Extracted features for gallery set, obtained torch.Size([2000, 192]) matrix
Extracting features complete in 0m 7s
Distance computing in 0m 0s
Computing CMC and mAP
Results ---------------------------------------------------
top1:3.1% top5:9.5% top10:15.7% top20:24.0% mAP:5.2%
-----------------------------------------------------------
Using 0m 1s
Classifier results ---------------------------------------------------
Query acc: 0.3% Gallery acc: 0.1% Total acc: 0.2%
Epoch:41 Time:14.3 Data:0.0 Loss:5.9310 Cls Loss:4.4694 Pair Loss:0.5333 KL Loss:1.3412 Recon Loss:0.1204 Acc:0.1368 
Epoch:42 Time:13.7 Data:0.0 Loss:5.5970 Cls Loss:4.4653 Pair Loss:0.5338 KL Loss:1.0114 Recon Loss:0.1204 Acc:0.1328 
Epoch:43 Time:13.9 Data:0.0 Loss:5.7443 Cls Loss:4.4630 Pair Loss:0.5353 KL Loss:1.1614 Recon Loss:0.1199 Acc:0.1321 
Epoch:44 Time:14.0 Data:0.0 Loss:5.6773 Cls Loss:4.3788 Pair Loss:0.5322 KL Loss:1.1794 Recon Loss:0.1192 Acc:0.1489 
Epoch:45 Time:13.7 Data:0.0 Loss:5.7157 Cls Loss:4.3885 Pair Loss:0.5359 KL Loss:1.2083 Recon Loss:0.1189 Acc:0.1462 
=> Test at epoch 45
==========Test with latent_z: z_c =========
Extracted features for query set, obtained torch.Size([2709, 128]) matrix
Extracted features for gallery set, obtained torch.Size([2000, 128]) matrix
Extracting features complete in 0m 7s
Distance computing in 0m 0s
Computing CMC and mAP
Results ---------------------------------------------------
top1:3.3% top5:9.2% top10:15.1% top20:23.6% mAP:5.2%
-----------------------------------------------------------
Using 0m 1s
Classifier results ---------------------------------------------------
Query acc: 0.3% Gallery acc: 0.1% Total acc: 0.2%
The test feature is normalized
The number of query sketch samples: 2709
The number of gallery rgb samples: 2000
==========Test with latent_z: new_z =========
Extracted features for query set, obtained torch.Size([2709, 192]) matrix
Extracted features for gallery set, obtained torch.Size([2000, 192]) matrix
Extracting features complete in 0m 7s
Distance computing in 0m 0s
Computing CMC and mAP
Results ---------------------------------------------------
top1:3.2% top5:9.1% top10:14.8% top20:23.7% mAP:5.1%
-----------------------------------------------------------
Using 0m 1s
Classifier results ---------------------------------------------------
Query acc: 0.3% Gallery acc: 0.1% Total acc: 0.2%
==========Test with latent_z: x_pre =========
Extracted features for query set, obtained torch.Size([2709, 256]) matrix
Extracted features for gallery set, obtained torch.Size([2000, 256]) matrix
Extracting features complete in 0m 7s
Distance computing in 0m 0s
Computing CMC and mAP
Results ---------------------------------------------------
top1:2.4% top5:6.4% top10:10.2% top20:15.7% mAP:3.7%
-----------------------------------------------------------
Using 0m 1s
Classifier results ---------------------------------------------------
Query acc: 0.3% Gallery acc: 0.1% Total acc: 0.2%
==========Test with latent_z: mu =========
Extracted features for query set, obtained torch.Size([2709, 192]) matrix
Extracted features for gallery set, obtained torch.Size([2000, 192]) matrix
Extracting features complete in 0m 6s
Distance computing in 0m 0s
Computing CMC and mAP
Results ---------------------------------------------------
top1:3.4% top5:8.7% top10:14.7% top20:22.8% mAP:5.2%
-----------------------------------------------------------
Using 0m 1s
Classifier results ---------------------------------------------------
Query acc: 0.3% Gallery acc: 0.1% Total acc: 0.2%
Epoch:46 Time:13.9 Data:0.0 Loss:5.5651 Cls Loss:4.3417 Pair Loss:0.5332 KL Loss:1.1045 Recon Loss:0.1188 Acc:0.1520 
Epoch:47 Time:13.4 Data:0.0 Loss:6.0652 Cls Loss:4.3077 Pair Loss:0.5350 KL Loss:1.6378 Recon Loss:0.1197 Acc:0.1585 
Epoch:48 Time:14.5 Data:0.0 Loss:5.6305 Cls Loss:4.2709 Pair Loss:0.5343 KL Loss:1.2402 Recon Loss:0.1194 Acc:0.1646 
Epoch:49 Time:13.5 Data:0.0 Loss:5.8076 Cls Loss:4.2596 Pair Loss:0.5307 KL Loss:1.4277 Recon Loss:0.1203 Acc:0.1701 
The test feature is normalized
The number of sketch samples: 1977
The number of rgb samples: 1991
Epoch:50 Time:574.8 Data:0.0 Loss:5.6650 Cls Loss:4.1935 Pair Loss:0.5264 KL Loss:1.3525 Recon Loss:0.1190 Acc:0.1668 
=> Test at epoch 50
==========Test with latent_z: z_c =========
Extracted features for query set, obtained torch.Size([2709, 128]) matrix
Extracted features for gallery set, obtained torch.Size([2000, 128]) matrix
Extracting features complete in 0m 7s
Distance computing in 0m 0s
Computing CMC and mAP
Results ---------------------------------------------------
top1:3.9% top5:10.0% top10:15.9% top20:24.3% mAP:5.9%
-----------------------------------------------------------
Using 0m 1s
Classifier results ---------------------------------------------------
Query acc: 0.3% Gallery acc: 0.0% Total acc: 0.1%
The test feature is normalized
The number of query sketch samples: 2709
The number of gallery rgb samples: 2000
==========Test with latent_z: new_z =========
Extracted features for query set, obtained torch.Size([2709, 192]) matrix
Extracted features for gallery set, obtained torch.Size([2000, 192]) matrix
Extracting features complete in 0m 7s
Distance computing in 0m 0s
Computing CMC and mAP
Results ---------------------------------------------------
top1:3.8% top5:10.0% top10:16.1% top20:23.8% mAP:5.8%
-----------------------------------------------------------
Using 0m 0s
Classifier results ---------------------------------------------------
Query acc: 0.3% Gallery acc: 0.0% Total acc: 0.1%
==========Test with latent_z: x_pre =========
Extracted features for query set, obtained torch.Size([2709, 256]) matrix
Extracted features for gallery set, obtained torch.Size([2000, 256]) matrix
Extracting features complete in 0m 7s
Distance computing in 0m 1s
Computing CMC and mAP
Results ---------------------------------------------------
top1:2.6% top5:6.6% top10:10.6% top20:16.8% mAP:3.9%
-----------------------------------------------------------
Using 0m 1s
Classifier results ---------------------------------------------------
Query acc: 0.3% Gallery acc: 0.0% Total acc: 0.1%
==========Test with latent_z: mu =========
Extracted features for query set, obtained torch.Size([2709, 192]) matrix
Extracted features for gallery set, obtained torch.Size([2000, 192]) matrix
Extracting features complete in 0m 6s
Distance computing in 0m 0s
Computing CMC and mAP
Results ---------------------------------------------------
top1:3.7% top5:9.9% top10:15.6% top20:23.8% mAP:5.7%
-----------------------------------------------------------
Using 0m 0s
Classifier results ---------------------------------------------------
Query acc: 0.3% Gallery acc: 0.0% Total acc: 0.1%
Epoch:51 Time:13.7 Data:0.0 Loss:5.6495 Cls Loss:4.1960 Pair Loss:0.5283 KL Loss:1.3362 Recon Loss:0.1173 Acc:0.1741 
Epoch:52 Time:14.3 Data:0.0 Loss:5.5819 Cls Loss:4.1795 Pair Loss:0.5271 KL Loss:1.2853 Recon Loss:0.1172 Acc:0.1691 
Epoch:53 Time:14.3 Data:0.0 Loss:5.7916 Cls Loss:4.2165 Pair Loss:0.5275 KL Loss:1.4550 Recon Loss:0.1201 Acc:0.1661 
Epoch:54 Time:13.6 Data:0.0 Loss:5.5858 Cls Loss:4.1564 Pair Loss:0.5236 KL Loss:1.3105 Recon Loss:0.1189 Acc:0.1696 
Epoch:55 Time:14.0 Data:0.0 Loss:5.9730 Cls Loss:4.1261 Pair Loss:0.5256 KL Loss:1.7256 Recon Loss:0.1214 Acc:0.1668 
=> Test at epoch 55
==========Test with latent_z: z_c =========
Extracted features for query set, obtained torch.Size([2709, 128]) matrix
Extracted features for gallery set, obtained torch.Size([2000, 128]) matrix
Extracting features complete in 0m 6s
Distance computing in 0m 0s
Computing CMC and mAP
Results ---------------------------------------------------
top1:3.4% top5:10.9% top10:15.9% top20:25.0% mAP:5.8%
-----------------------------------------------------------
Using 0m 1s
Classifier results ---------------------------------------------------
Query acc: 0.3% Gallery acc: 0.1% Total acc: 0.2%
The test feature is normalized
The number of query sketch samples: 2709
The number of gallery rgb samples: 2000
==========Test with latent_z: new_z =========
Extracted features for query set, obtained torch.Size([2709, 192]) matrix
Extracted features for gallery set, obtained torch.Size([2000, 192]) matrix
Extracting features complete in 0m 6s
Distance computing in 0m 0s
Computing CMC and mAP
Results ---------------------------------------------------
top1:3.6% top5:11.0% top10:16.0% top20:25.0% mAP:5.7%
-----------------------------------------------------------
Using 0m 0s
Classifier results ---------------------------------------------------
Query acc: 0.3% Gallery acc: 0.1% Total acc: 0.2%
==========Test with latent_z: x_pre =========
Extracted features for query set, obtained torch.Size([2709, 256]) matrix
Extracted features for gallery set, obtained torch.Size([2000, 256]) matrix
Extracting features complete in 0m 6s
Distance computing in 0m 0s
Computing CMC and mAP
Results ---------------------------------------------------
top1:2.7% top5:7.2% top10:11.2% top20:17.3% mAP:4.0%
-----------------------------------------------------------
Using 0m 0s
Classifier results ---------------------------------------------------
Query acc: 0.3% Gallery acc: 0.1% Total acc: 0.2%
==========Test with latent_z: mu =========
Extracted features for query set, obtained torch.Size([2709, 192]) matrix
Extracted features for gallery set, obtained torch.Size([2000, 192]) matrix
Extracting features complete in 0m 6s
Distance computing in 0m 0s
Computing CMC and mAP
Results ---------------------------------------------------
top1:3.4% top5:10.0% top10:15.5% top20:24.0% mAP:5.5%
-----------------------------------------------------------
Using 0m 0s
Classifier results ---------------------------------------------------
Query acc: 0.3% Gallery acc: 0.1% Total acc: 0.2%
Epoch:56 Time:11.9 Data:0.0 Loss:5.4476 Cls Loss:4.1124 Pair Loss:0.5215 KL Loss:1.2161 Recon Loss:0.1192 Acc:0.1820 
Epoch:57 Time:12.4 Data:0.0 Loss:5.7221 Cls Loss:4.0802 Pair Loss:0.5220 KL Loss:1.5232 Recon Loss:0.1187 Acc:0.1809 
Epoch:58 Time:14.3 Data:0.0 Loss:5.4103 Cls Loss:4.0259 Pair Loss:0.5244 KL Loss:1.2647 Recon Loss:0.1197 Acc:0.1935 
Epoch:59 Time:14.3 Data:0.0 Loss:5.6328 Cls Loss:4.0108 Pair Loss:0.5219 KL Loss:1.5020 Recon Loss:0.1200 Acc:0.1928 
The test feature is normalized
The number of sketch samples: 1980
The number of rgb samples: 1988
Epoch:60 Time:535.5 Data:0.0 Loss:5.3644 Cls Loss:4.0425 Pair Loss:0.5250 KL Loss:1.2034 Recon Loss:0.1185 Acc:0.1888 
=> Test at epoch 60
==========Test with latent_z: z_c =========
Extracted features for query set, obtained torch.Size([2709, 128]) matrix
Extracted features for gallery set, obtained torch.Size([2000, 128]) matrix
Extracting features complete in 0m 9s
Distance computing in 0m 1s
Computing CMC and mAP
Results ---------------------------------------------------
top1:4.4% top5:11.7% top10:18.3% top20:26.5% mAP:6.4%
-----------------------------------------------------------
Using 0m 0s
Classifier results ---------------------------------------------------
Query acc: 0.4% Gallery acc: 0.1% Total acc: 0.2%
The test feature is normalized
The number of query sketch samples: 2709
The number of gallery rgb samples: 2000
==========Test with latent_z: new_z =========
Extracted features for query set, obtained torch.Size([2709, 192]) matrix
Extracted features for gallery set, obtained torch.Size([2000, 192]) matrix
Extracting features complete in 0m 8s
Distance computing in 0m 0s
Computing CMC and mAP
Results ---------------------------------------------------
top1:4.2% top5:12.1% top10:18.6% top20:27.1% mAP:6.4%
-----------------------------------------------------------
Using 0m 1s
Classifier results ---------------------------------------------------
Query acc: 0.4% Gallery acc: 0.1% Total acc: 0.2%
==========Test with latent_z: x_pre =========
Extracted features for query set, obtained torch.Size([2709, 256]) matrix
Extracted features for gallery set, obtained torch.Size([2000, 256]) matrix
Extracting features complete in 0m 8s
Distance computing in 0m 0s
Computing CMC and mAP
Results ---------------------------------------------------
top1:3.4% top5:8.0% top10:12.4% top20:18.8% mAP:4.5%
-----------------------------------------------------------
Using 0m 1s
Classifier results ---------------------------------------------------
Query acc: 0.4% Gallery acc: 0.1% Total acc: 0.2%
==========Test with latent_z: mu =========
Extracted features for query set, obtained torch.Size([2709, 192]) matrix
Extracted features for gallery set, obtained torch.Size([2000, 192]) matrix
Extracting features complete in 0m 6s
Distance computing in 0m 0s
Computing CMC and mAP
Results ---------------------------------------------------
top1:4.2% top5:12.0% top10:18.3% top20:26.6% mAP:6.3%
-----------------------------------------------------------
Using 0m 1s
Classifier results ---------------------------------------------------
Query acc: 0.4% Gallery acc: 0.1% Total acc: 0.2%
Epoch:61 Time:12.7 Data:0.0 Loss:5.0082 Cls Loss:3.8403 Pair Loss:0.5237 KL Loss:1.0496 Recon Loss:0.1183 Acc:0.2324 
Epoch:62 Time:8.5 Data:0.0 Loss:4.9867 Cls Loss:3.8074 Pair Loss:0.5211 KL Loss:1.0605 Recon Loss:0.1188 Acc:0.2326 
Epoch:63 Time:8.7 Data:0.0 Loss:4.9489 Cls Loss:3.7926 Pair Loss:0.5224 KL Loss:1.0380 Recon Loss:0.1184 Acc:0.2276 
Epoch:64 Time:10.3 Data:0.0 Loss:5.0452 Cls Loss:3.7260 Pair Loss:0.5225 KL Loss:1.2013 Recon Loss:0.1179 Acc:0.2409 
Epoch:65 Time:10.8 Data:0.0 Loss:5.0691 Cls Loss:3.7784 Pair Loss:0.5196 KL Loss:1.1734 Recon Loss:0.1174 Acc:0.2306 
=> Test at epoch 65
==========Test with latent_z: z_c =========
Extracted features for query set, obtained torch.Size([2709, 128]) matrix
Extracted features for gallery set, obtained torch.Size([2000, 128]) matrix
Extracting features complete in 0m 5s
Distance computing in 0m 0s
Computing CMC and mAP
Results ---------------------------------------------------
top1:4.4% top5:12.3% top10:18.5% top20:27.3% mAP:6.5%
-----------------------------------------------------------
Using 0m 0s
Classifier results ---------------------------------------------------
Query acc: 0.4% Gallery acc: 0.1% Total acc: 0.2%
The test feature is normalized
The number of query sketch samples: 2709
The number of gallery rgb samples: 2000
==========Test with latent_z: new_z =========
Extracted features for query set, obtained torch.Size([2709, 192]) matrix
Extracted features for gallery set, obtained torch.Size([2000, 192]) matrix
Extracting features complete in 0m 8s
Distance computing in 0m 0s
Computing CMC and mAP
Results ---------------------------------------------------
top1:4.1% top5:12.3% top10:18.8% top20:27.7% mAP:6.5%
-----------------------------------------------------------
Using 0m 1s
Classifier results ---------------------------------------------------
Query acc: 0.4% Gallery acc: 0.1% Total acc: 0.2%
==========Test with latent_z: x_pre =========
Extracted features for query set, obtained torch.Size([2709, 256]) matrix
Extracted features for gallery set, obtained torch.Size([2000, 256]) matrix
Extracting features complete in 0m 8s
Distance computing in 0m 0s
Computing CMC and mAP
Results ---------------------------------------------------
top1:3.5% top5:8.3% top10:12.9% top20:19.7% mAP:4.7%
-----------------------------------------------------------
Using 0m 0s
Classifier results ---------------------------------------------------
Query acc: 0.4% Gallery acc: 0.1% Total acc: 0.2%
==========Test with latent_z: mu =========
Extracted features for query set, obtained torch.Size([2709, 192]) matrix
Extracted features for gallery set, obtained torch.Size([2000, 192]) matrix
Extracting features complete in 0m 5s
Distance computing in 0m 0s
Computing CMC and mAP
Results ---------------------------------------------------
top1:4.3% top5:11.9% top10:18.5% top20:27.2% mAP:6.4%
-----------------------------------------------------------
Using 0m 0s
Classifier results ---------------------------------------------------
Query acc: 0.4% Gallery acc: 0.1% Total acc: 0.2%
Epoch:66 Time:9.5 Data:0.0 Loss:4.9549 Cls Loss:3.7073 Pair Loss:0.5197 KL Loss:1.1310 Recon Loss:0.1166 Acc:0.2530 
Epoch:67 Time:10.4 Data:0.0 Loss:4.9501 Cls Loss:3.7381 Pair Loss:0.5224 KL Loss:1.0958 Recon Loss:0.1162 Acc:0.2427 
Epoch:68 Time:11.9 Data:0.0 Loss:5.0869 Cls Loss:3.7028 Pair Loss:0.5175 KL Loss:1.2683 Recon Loss:0.1158 Acc:0.2538 
Epoch:69 Time:10.3 Data:0.0 Loss:4.8878 Cls Loss:3.6866 Pair Loss:0.5215 KL Loss:1.0856 Recon Loss:0.1156 Acc:0.2588 
The test feature is normalized
The number of sketch samples: 1978
The number of rgb samples: 1990
Epoch:70 Time:589.9 Data:0.0 Loss:5.1052 Cls Loss:3.6665 Pair Loss:0.5178 KL Loss:1.3229 Recon Loss:0.1158 Acc:0.2543 
=> Test at epoch 70
==========Test with latent_z: z_c =========
Extracted features for query set, obtained torch.Size([2709, 128]) matrix
Extracted features for gallery set, obtained torch.Size([2000, 128]) matrix
Extracting features complete in 0m 8s
Distance computing in 0m 1s
Computing CMC and mAP
Results ---------------------------------------------------
top1:4.5% top5:12.1% top10:18.9% top20:27.6% mAP:6.6%
-----------------------------------------------------------
Using 0m 1s
Classifier results ---------------------------------------------------
Query acc: 0.3% Gallery acc: 0.1% Total acc: 0.2%
The test feature is normalized
The number of query sketch samples: 2709
The number of gallery rgb samples: 2000
==========Test with latent_z: new_z =========
Extracted features for query set, obtained torch.Size([2709, 192]) matrix
Extracted features for gallery set, obtained torch.Size([2000, 192]) matrix
Extracting features complete in 0m 8s
Distance computing in 0m 0s
Computing CMC and mAP
Results ---------------------------------------------------
top1:4.1% top5:12.1% top10:18.8% top20:27.5% mAP:6.4%
-----------------------------------------------------------
Using 0m 1s
Classifier results ---------------------------------------------------
Query acc: 0.3% Gallery acc: 0.1% Total acc: 0.2%
==========Test with latent_z: x_pre =========
Extracted features for query set, obtained torch.Size([2709, 256]) matrix
Extracted features for gallery set, obtained torch.Size([2000, 256]) matrix
Extracting features complete in 0m 8s
Distance computing in 0m 0s
Computing CMC and mAP
Results ---------------------------------------------------
top1:3.6% top5:8.3% top10:13.2% top20:20.0% mAP:4.8%
-----------------------------------------------------------
Using 0m 1s
Classifier results ---------------------------------------------------
Query acc: 0.3% Gallery acc: 0.1% Total acc: 0.2%
==========Test with latent_z: mu =========
Extracted features for query set, obtained torch.Size([2709, 192]) matrix
Extracted features for gallery set, obtained torch.Size([2000, 192]) matrix
Extracting features complete in 0m 6s
Distance computing in 0m 0s
Computing CMC and mAP
Results ---------------------------------------------------
top1:4.2% top5:12.3% top10:18.2% top20:26.8% mAP:6.4%
-----------------------------------------------------------
Using 0m 1s
Classifier results ---------------------------------------------------
Query acc: 0.3% Gallery acc: 0.1% Total acc: 0.2%
Epoch:71 Time:13.6 Data:0.0 Loss:4.7791 Cls Loss:3.6329 Pair Loss:0.5172 KL Loss:1.0300 Recon Loss:0.1161 Acc:0.2563 
Epoch:72 Time:13.9 Data:0.0 Loss:5.0805 Cls Loss:3.6260 Pair Loss:0.5175 KL Loss:1.3388 Recon Loss:0.1158 Acc:0.2679 
Epoch:73 Time:15.3 Data:0.0 Loss:4.8030 Cls Loss:3.5861 Pair Loss:0.5158 KL Loss:1.1005 Recon Loss:0.1163 Acc:0.2666 
Epoch:74 Time:14.1 Data:0.0 Loss:5.1178 Cls Loss:3.5623 Pair Loss:0.5168 KL Loss:1.4395 Recon Loss:0.1160 Acc:0.2636 
Epoch:75 Time:13.6 Data:0.0 Loss:5.0307 Cls Loss:3.6140 Pair Loss:0.5183 KL Loss:1.3012 Recon Loss:0.1155 Acc:0.2656 
=> Test at epoch 75
==========Test with latent_z: z_c =========
Extracted features for query set, obtained torch.Size([2709, 128]) matrix
Extracted features for gallery set, obtained torch.Size([2000, 128]) matrix
Extracting features complete in 0m 7s
Distance computing in 0m 0s
Computing CMC and mAP
Results ---------------------------------------------------
top1:4.6% top5:12.3% top10:18.7% top20:27.8% mAP:6.6%
-----------------------------------------------------------
Using 0m 1s
Classifier results ---------------------------------------------------
Query acc: 0.3% Gallery acc: 0.1% Total acc: 0.2%
The test feature is normalized
The number of query sketch samples: 2709
The number of gallery rgb samples: 2000
==========Test with latent_z: new_z =========
Extracted features for query set, obtained torch.Size([2709, 192]) matrix
Extracted features for gallery set, obtained torch.Size([2000, 192]) matrix
Extracting features complete in 0m 7s
Distance computing in 0m 0s
Computing CMC and mAP
Results ---------------------------------------------------
top1:4.4% top5:12.3% top10:18.2% top20:27.6% mAP:6.6%
-----------------------------------------------------------
Using 0m 1s
Classifier results ---------------------------------------------------
Query acc: 0.3% Gallery acc: 0.1% Total acc: 0.2%
==========Test with latent_z: x_pre =========
Extracted features for query set, obtained torch.Size([2709, 256]) matrix
Extracted features for gallery set, obtained torch.Size([2000, 256]) matrix
Extracting features complete in 0m 8s
Distance computing in 0m 0s
Computing CMC and mAP
Results ---------------------------------------------------
top1:3.5% top5:8.7% top10:13.3% top20:20.3% mAP:4.9%
-----------------------------------------------------------
Using 0m 1s
Classifier results ---------------------------------------------------
Query acc: 0.3% Gallery acc: 0.1% Total acc: 0.2%
==========Test with latent_z: mu =========
Extracted features for query set, obtained torch.Size([2709, 192]) matrix
Extracted features for gallery set, obtained torch.Size([2000, 192]) matrix
Extracting features complete in 0m 7s
Distance computing in 0m 0s
Computing CMC and mAP
Results ---------------------------------------------------
top1:4.4% top5:12.4% top10:18.0% top20:27.2% mAP:6.5%
-----------------------------------------------------------
Using 0m 1s
Classifier results ---------------------------------------------------
Query acc: 0.3% Gallery acc: 0.1% Total acc: 0.2%
Epoch:76 Time:14.0 Data:0.0 Loss:4.9113 Cls Loss:3.5340 Pair Loss:0.5167 KL Loss:1.2613 Recon Loss:0.1160 Acc:0.2818 
Epoch:77 Time:13.9 Data:0.0 Loss:5.0919 Cls Loss:3.5741 Pair Loss:0.5127 KL Loss:1.4021 Recon Loss:0.1157 Acc:0.2623 
Epoch:78 Time:14.2 Data:0.0 Loss:5.0086 Cls Loss:3.5240 Pair Loss:0.5182 KL Loss:1.3692 Recon Loss:0.1154 Acc:0.2747 
Epoch:79 Time:13.9 Data:0.0 Loss:4.9688 Cls Loss:3.5703 Pair Loss:0.5194 KL Loss:1.2831 Recon Loss:0.1154 Acc:0.2578 
The test feature is normalized
The number of sketch samples: 1978
The number of rgb samples: 1990
Epoch:80 Time:598.0 Data:0.0 Loss:4.8783 Cls Loss:3.5373 Pair Loss:0.5172 KL Loss:1.2253 Recon Loss:0.1157 Acc:0.2724 
=> Test at epoch 80
==========Test with latent_z: z_c =========
Extracted features for query set, obtained torch.Size([2709, 128]) matrix
Extracted features for gallery set, obtained torch.Size([2000, 128]) matrix
Extracting features complete in 0m 9s
Distance computing in 0m 0s
Computing CMC and mAP
Results ---------------------------------------------------
top1:4.7% top5:12.7% top10:18.9% top20:28.2% mAP:6.8%
-----------------------------------------------------------
Using 0m 1s
Classifier results ---------------------------------------------------
Query acc: 0.3% Gallery acc: 0.1% Total acc: 0.2%
The test feature is normalized
The number of query sketch samples: 2709
The number of gallery rgb samples: 2000
==========Test with latent_z: new_z =========
Extracted features for query set, obtained torch.Size([2709, 192]) matrix
Extracted features for gallery set, obtained torch.Size([2000, 192]) matrix
Extracting features complete in 0m 8s
Distance computing in 0m 0s
Computing CMC and mAP
Results ---------------------------------------------------
top1:4.7% top5:12.3% top10:18.8% top20:28.2% mAP:6.7%
-----------------------------------------------------------
Using 0m 1s
Classifier results ---------------------------------------------------
Query acc: 0.3% Gallery acc: 0.1% Total acc: 0.2%
==========Test with latent_z: x_pre =========
Extracted features for query set, obtained torch.Size([2709, 256]) matrix
Extracted features for gallery set, obtained torch.Size([2000, 256]) matrix
Extracting features complete in 0m 8s
Distance computing in 0m 0s
Computing CMC and mAP
Results ---------------------------------------------------
top1:3.8% top5:9.0% top10:13.5% top20:20.8% mAP:5.1%
-----------------------------------------------------------
Using 0m 1s
Classifier results ---------------------------------------------------
Query acc: 0.3% Gallery acc: 0.1% Total acc: 0.2%
==========Test with latent_z: mu =========
Extracted features for query set, obtained torch.Size([2709, 192]) matrix
Extracted features for gallery set, obtained torch.Size([2000, 192]) matrix
Extracting features complete in 0m 6s
Distance computing in 0m 0s
Computing CMC and mAP
Results ---------------------------------------------------
top1:4.3% top5:12.8% top10:18.3% top20:27.8% mAP:6.6%
-----------------------------------------------------------
Using 0m 1s
Classifier results ---------------------------------------------------
Query acc: 0.3% Gallery acc: 0.1% Total acc: 0.2%
Epoch:81 Time:13.7 Data:0.0 Loss:4.6665 Cls Loss:3.5007 Pair Loss:0.5160 KL Loss:1.0501 Recon Loss:0.1158 Acc:0.2800 
Epoch:82 Time:14.3 Data:0.0 Loss:4.9251 Cls Loss:3.4936 Pair Loss:0.5113 KL Loss:1.3159 Recon Loss:0.1157 Acc:0.2802 
Epoch:83 Time:13.8 Data:0.0 Loss:4.6251 Cls Loss:3.4795 Pair Loss:0.5159 KL Loss:1.0304 Recon Loss:0.1152 Acc:0.2810 
Epoch:84 Time:15.6 Data:0.0 Loss:4.8115 Cls Loss:3.5214 Pair Loss:0.5155 KL Loss:1.1747 Recon Loss:0.1154 Acc:0.2684 
Epoch:85 Time:15.8 Data:0.0 Loss:4.7219 Cls Loss:3.4972 Pair Loss:0.5138 KL Loss:1.1098 Recon Loss:0.1149 Acc:0.2802 
=> Test at epoch 85
==========Test with latent_z: z_c =========
Extracted features for query set, obtained torch.Size([2709, 128]) matrix
Extracted features for gallery set, obtained torch.Size([2000, 128]) matrix
Extracting features complete in 0m 7s
Distance computing in 0m 0s
Computing CMC and mAP
Results ---------------------------------------------------
top1:4.8% top5:13.0% top10:19.4% top20:28.6% mAP:6.8%
-----------------------------------------------------------
Using 0m 1s
Classifier results ---------------------------------------------------
Query acc: 0.3% Gallery acc: 0.1% Total acc: 0.2%
The test feature is normalized
The number of query sketch samples: 2709
The number of gallery rgb samples: 2000
==========Test with latent_z: new_z =========
Extracted features for query set, obtained torch.Size([2709, 192]) matrix
Extracted features for gallery set, obtained torch.Size([2000, 192]) matrix
Extracting features complete in 0m 7s
Distance computing in 0m 0s
Computing CMC and mAP
Results ---------------------------------------------------
top1:4.7% top5:12.6% top10:18.9% top20:28.5% mAP:6.8%
-----------------------------------------------------------
Using 0m 1s
Classifier results ---------------------------------------------------
Query acc: 0.3% Gallery acc: 0.1% Total acc: 0.2%
==========Test with latent_z: x_pre =========
Extracted features for query set, obtained torch.Size([2709, 256]) matrix
Extracted features for gallery set, obtained torch.Size([2000, 256]) matrix
Extracting features complete in 0m 7s
Distance computing in 0m 0s
Computing CMC and mAP
Results ---------------------------------------------------
top1:3.6% top5:9.1% top10:13.9% top20:20.9% mAP:5.1%
-----------------------------------------------------------
Using 0m 1s
Classifier results ---------------------------------------------------
Query acc: 0.3% Gallery acc: 0.1% Total acc: 0.2%
==========Test with latent_z: mu =========
Extracted features for query set, obtained torch.Size([2709, 192]) matrix
Extracted features for gallery set, obtained torch.Size([2000, 192]) matrix
Extracting features complete in 0m 6s
Distance computing in 0m 0s
Computing CMC and mAP
Results ---------------------------------------------------
top1:4.4% top5:12.9% top10:18.6% top20:27.9% mAP:6.7%
-----------------------------------------------------------
Using 0m 0s
Classifier results ---------------------------------------------------
Query acc: 0.3% Gallery acc: 0.1% Total acc: 0.2%
Epoch:86 Time:11.7 Data:0.0 Loss:4.6171 Cls Loss:3.4913 Pair Loss:0.5177 KL Loss:1.0108 Recon Loss:0.1150 Acc:0.2704 
Epoch:87 Time:13.8 Data:0.0 Loss:4.6949 Cls Loss:3.4667 Pair Loss:0.5182 KL Loss:1.1129 Recon Loss:0.1152 Acc:0.2830 
Epoch:88 Time:13.8 Data:0.0 Loss:4.7491 Cls Loss:3.4545 Pair Loss:0.5161 KL Loss:1.1791 Recon Loss:0.1154 Acc:0.2883 
Epoch:89 Time:16.1 Data:0.0 Loss:4.5685 Cls Loss:3.4237 Pair Loss:0.5167 KL Loss:1.0296 Recon Loss:0.1152 Acc:0.2979 
The test feature is normalized
The number of sketch samples: 1983
The number of rgb samples: 1985
Epoch:90 Time:580.2 Data:0.0 Loss:4.7648 Cls Loss:3.4446 Pair Loss:0.5107 KL Loss:1.2048 Recon Loss:0.1153 Acc:0.2853 
=> Test at epoch 90
==========Test with latent_z: z_c =========
Extracted features for query set, obtained torch.Size([2709, 128]) matrix
Extracted features for gallery set, obtained torch.Size([2000, 128]) matrix
Extracting features complete in 0m 9s
Distance computing in 0m 0s
Computing CMC and mAP
Results ---------------------------------------------------
top1:4.7% top5:13.3% top10:19.5% top20:28.8% mAP:7.0%
-----------------------------------------------------------
Using 0m 1s
Classifier results ---------------------------------------------------
Query acc: 0.2% Gallery acc: 0.1% Total acc: 0.1%
The test feature is normalized
The number of query sketch samples: 2709
The number of gallery rgb samples: 2000
==========Test with latent_z: new_z =========
Extracted features for query set, obtained torch.Size([2709, 192]) matrix
Extracted features for gallery set, obtained torch.Size([2000, 192]) matrix
Extracting features complete in 0m 6s
Distance computing in 0m 0s
Computing CMC and mAP
Results ---------------------------------------------------
top1:4.7% top5:12.8% top10:19.6% top20:28.7% mAP:6.9%
-----------------------------------------------------------
Using 0m 1s
Classifier results ---------------------------------------------------
Query acc: 0.2% Gallery acc: 0.1% Total acc: 0.1%
==========Test with latent_z: x_pre =========
Extracted features for query set, obtained torch.Size([2709, 256]) matrix
Extracted features for gallery set, obtained torch.Size([2000, 256]) matrix
Extracting features complete in 0m 7s
Distance computing in 0m 0s
Computing CMC and mAP
Results ---------------------------------------------------
top1:3.6% top5:9.2% top10:13.9% top20:21.0% mAP:5.1%
-----------------------------------------------------------
Using 0m 1s
Classifier results ---------------------------------------------------
Query acc: 0.2% Gallery acc: 0.1% Total acc: 0.1%
==========Test with latent_z: mu =========
Extracted features for query set, obtained torch.Size([2709, 192]) matrix
Extracted features for gallery set, obtained torch.Size([2000, 192]) matrix
Extracting features complete in 0m 5s
Distance computing in 0m 0s
Computing CMC and mAP
Results ---------------------------------------------------
top1:4.7% top5:13.0% top10:19.0% top20:28.9% mAP:6.8%
-----------------------------------------------------------
Using 0m 1s
Classifier results ---------------------------------------------------
Query acc: 0.2% Gallery acc: 0.1% Total acc: 0.1%
Epoch:91 Time:12.5 Data:0.0 Loss:4.8294 Cls Loss:3.3941 Pair Loss:0.5122 KL Loss:1.3205 Recon Loss:0.1148 Acc:0.3039 
Epoch:92 Time:12.4 Data:0.0 Loss:4.7841 Cls Loss:3.4246 Pair Loss:0.5136 KL Loss:1.2446 Recon Loss:0.1149 Acc:0.2933 
Epoch:93 Time:13.3 Data:0.0 Loss:4.7601 Cls Loss:3.4068 Pair Loss:0.5102 KL Loss:1.2381 Recon Loss:0.1152 Acc:0.2903 
Epoch:94 Time:12.0 Data:0.0 Loss:4.8022 Cls Loss:3.4259 Pair Loss:0.5139 KL Loss:1.2611 Recon Loss:0.1152 Acc:0.2939 
Epoch:95 Time:11.8 Data:0.0 Loss:4.7752 Cls Loss:3.3966 Pair Loss:0.5107 KL Loss:1.2640 Recon Loss:0.1146 Acc:0.2863 
=> Test at epoch 95
==========Test with latent_z: z_c =========
Extracted features for query set, obtained torch.Size([2709, 128]) matrix
Extracted features for gallery set, obtained torch.Size([2000, 128]) matrix
Extracting features complete in 0m 6s
Distance computing in 0m 0s
Computing CMC and mAP
Results ---------------------------------------------------
top1:4.9% top5:13.1% top10:19.7% top20:29.3% mAP:7.0%
-----------------------------------------------------------
Using 0m 0s
Classifier results ---------------------------------------------------
Query acc: 0.2% Gallery acc: 0.1% Total acc: 0.1%
The test feature is normalized
The number of query sketch samples: 2709
The number of gallery rgb samples: 2000
==========Test with latent_z: new_z =========
Extracted features for query set, obtained torch.Size([2709, 192]) matrix
Extracted features for gallery set, obtained torch.Size([2000, 192]) matrix
Extracting features complete in 0m 5s
Distance computing in 0m 0s
Computing CMC and mAP
Results ---------------------------------------------------
top1:4.8% top5:12.8% top10:19.4% top20:28.9% mAP:6.9%
-----------------------------------------------------------
Using 0m 0s
Classifier results ---------------------------------------------------
Query acc: 0.2% Gallery acc: 0.1% Total acc: 0.1%
==========Test with latent_z: x_pre =========
Extracted features for query set, obtained torch.Size([2709, 256]) matrix
Extracted features for gallery set, obtained torch.Size([2000, 256]) matrix
Extracting features complete in 0m 6s
Distance computing in 0m 0s
Computing CMC and mAP
Results ---------------------------------------------------
top1:3.8% top5:9.3% top10:13.8% top20:21.0% mAP:5.1%
-----------------------------------------------------------
Using 0m 0s
Classifier results ---------------------------------------------------
Query acc: 0.2% Gallery acc: 0.1% Total acc: 0.1%
==========Test with latent_z: mu =========
Extracted features for query set, obtained torch.Size([2709, 192]) matrix
Extracted features for gallery set, obtained torch.Size([2000, 192]) matrix
Extracting features complete in 0m 5s
Distance computing in 0m 0s
Computing CMC and mAP
Results ---------------------------------------------------
top1:4.4% top5:12.6% top10:18.9% top20:28.7% mAP:6.8%
-----------------------------------------------------------
Using 0m 0s
Classifier results ---------------------------------------------------
Query acc: 0.2% Gallery acc: 0.1% Total acc: 0.1%
Epoch:96 Time:9.0 Data:0.0 Loss:4.5332 Cls Loss:3.3877 Pair Loss:0.5140 KL Loss:1.0309 Recon Loss:0.1146 Acc:0.3002 
Epoch:97 Time:8.8 Data:0.0 Loss:4.7890 Cls Loss:3.3930 Pair Loss:0.5168 KL Loss:1.2813 Recon Loss:0.1147 Acc:0.2971 
Epoch:98 Time:8.5 Data:0.0 Loss:4.6829 Cls Loss:3.3677 Pair Loss:0.5159 KL Loss:1.2006 Recon Loss:0.1146 Acc:0.2984 
Epoch:99 Time:10.5 Data:0.0 Loss:4.6715 Cls Loss:3.3855 Pair Loss:0.5151 KL Loss:1.1719 Recon Loss:0.1141 Acc:0.3027 
The test feature is normalized
The number of sketch samples: 1977
The number of rgb samples: 1991
Epoch:100 Time:407.2 Data:0.0 Loss:4.7078 Cls Loss:3.3867 Pair Loss:0.5135 KL Loss:1.2072 Recon Loss:0.1138 Acc:0.2933 
=> Test at epoch 100
==========Test with latent_z: z_c =========
Extracted features for query set, obtained torch.Size([2709, 128]) matrix
Extracted features for gallery set, obtained torch.Size([2000, 128]) matrix
Extracting features complete in 0m 8s
Distance computing in 0m 0s
Computing CMC and mAP
Results ---------------------------------------------------
top1:4.7% top5:12.8% top10:19.2% top20:29.1% mAP:7.0%
-----------------------------------------------------------
Using 0m 0s
Classifier results ---------------------------------------------------
Query acc: 0.3% Gallery acc: 0.1% Total acc: 0.2%
The test feature is normalized
The number of query sketch samples: 2709
The number of gallery rgb samples: 2000
==========Test with latent_z: new_z =========
Extracted features for query set, obtained torch.Size([2709, 192]) matrix
Extracted features for gallery set, obtained torch.Size([2000, 192]) matrix
Extracting features complete in 0m 5s
Distance computing in 0m 0s
Computing CMC and mAP
Results ---------------------------------------------------
top1:4.9% top5:12.8% top10:19.5% top20:28.8% mAP:6.9%
-----------------------------------------------------------
Using 0m 0s
Classifier results ---------------------------------------------------
Query acc: 0.3% Gallery acc: 0.1% Total acc: 0.2%
==========Test with latent_z: x_pre =========
Extracted features for query set, obtained torch.Size([2709, 256]) matrix
Extracted features for gallery set, obtained torch.Size([2000, 256]) matrix
Extracting features complete in 0m 6s
Distance computing in 0m 0s
Computing CMC and mAP
Results ---------------------------------------------------
top1:3.8% top5:9.5% top10:14.1% top20:21.2% mAP:5.2%
-----------------------------------------------------------
Using 0m 0s
Classifier results ---------------------------------------------------
Query acc: 0.3% Gallery acc: 0.1% Total acc: 0.2%
==========Test with latent_z: mu =========
Extracted features for query set, obtained torch.Size([2709, 192]) matrix
Extracted features for gallery set, obtained torch.Size([2000, 192]) matrix
Extracting features complete in 0m 5s
Distance computing in 0m 1s
Computing CMC and mAP
Results ---------------------------------------------------
top1:4.4% top5:12.8% top10:19.0% top20:28.4% mAP:6.8%
-----------------------------------------------------------
Using 0m 0s
Classifier results ---------------------------------------------------
Query acc: 0.3% Gallery acc: 0.1% Total acc: 0.2%
Epoch:101 Time:10.0 Data:0.0 Loss:4.5588 Cls Loss:3.3729 Pair Loss:0.5112 KL Loss:1.0718 Recon Loss:0.1141 Acc:0.2933 
Epoch:102 Time:10.4 Data:0.0 Loss:4.8019 Cls Loss:3.3327 Pair Loss:0.5125 KL Loss:1.3548 Recon Loss:0.1144 Acc:0.2981 
Epoch:103 Time:10.2 Data:0.0 Loss:4.5350 Cls Loss:3.3605 Pair Loss:0.5158 KL Loss:1.0604 Recon Loss:0.1140 Acc:0.2946 
Epoch:104 Time:10.5 Data:0.0 Loss:4.5786 Cls Loss:3.3615 Pair Loss:0.5140 KL Loss:1.1027 Recon Loss:0.1143 Acc:0.2981 
Epoch:105 Time:9.5 Data:0.0 Loss:4.4316 Cls Loss:3.2985 Pair Loss:0.5117 KL Loss:1.0182 Recon Loss:0.1149 Acc:0.3082 
=> Test at epoch 105
==========Test with latent_z: z_c =========
Extracted features for query set, obtained torch.Size([2709, 128]) matrix
Extracted features for gallery set, obtained torch.Size([2000, 128]) matrix
Extracting features complete in 0m 5s
Distance computing in 0m 0s
Computing CMC and mAP
Results ---------------------------------------------------
top1:5.0% top5:12.7% top10:19.7% top20:29.1% mAP:7.1%
-----------------------------------------------------------
Using 0m 0s
Classifier results ---------------------------------------------------
Query acc: 0.2% Gallery acc: 0.1% Total acc: 0.2%
The test feature is normalized
The number of query sketch samples: 2709
The number of gallery rgb samples: 2000
==========Test with latent_z: new_z =========
Extracted features for query set, obtained torch.Size([2709, 192]) matrix
Extracted features for gallery set, obtained torch.Size([2000, 192]) matrix
Extracting features complete in 0m 6s
Distance computing in 0m 0s
Computing CMC and mAP
Results ---------------------------------------------------
top1:4.9% top5:12.6% top10:19.7% top20:28.9% mAP:7.0%
-----------------------------------------------------------
Using 0m 0s
Classifier results ---------------------------------------------------
Query acc: 0.2% Gallery acc: 0.1% Total acc: 0.2%
==========Test with latent_z: x_pre =========
Extracted features for query set, obtained torch.Size([2709, 256]) matrix
Extracted features for gallery set, obtained torch.Size([2000, 256]) matrix
Extracting features complete in 0m 5s
Distance computing in 0m 0s
Computing CMC and mAP
Results ---------------------------------------------------
top1:3.8% top5:9.6% top10:13.8% top20:20.9% mAP:5.2%
-----------------------------------------------------------
Using 0m 0s
Classifier results ---------------------------------------------------
Query acc: 0.2% Gallery acc: 0.1% Total acc: 0.2%
==========Test with latent_z: mu =========
realloc(): invalid old size
Traceback (most recent call last):
  File "/home/zhengwei/anaconda3/envs/yzwT2V/lib/python3.9/site-packages/torch/utils/data/dataloader.py", line 1120, in _try_get_data
    data = self._data_queue.get(timeout=timeout)
  File "/home/zhengwei/anaconda3/envs/yzwT2V/lib/python3.9/queue.py", line 180, in get
    self.not_empty.wait(remaining)
  File "/home/zhengwei/anaconda3/envs/yzwT2V/lib/python3.9/threading.py", line 316, in wait
    gotit = waiter.acquire(True, timeout)
  File "/home/zhengwei/anaconda3/envs/yzwT2V/lib/python3.9/site-packages/torch/utils/data/_utils/signal_handling.py", line 66, in handler
    _error_if_any_worker_fails()
RuntimeError: DataLoader worker (pid 2227047) is killed by signal: Aborted. 

The above exception was the direct cause of the following exception:

Traceback (most recent call last):
  File "/home/zhengwei/Desktop/Zhengwei/Projects/CVAE/main.py", line 314, in <module>
    main(config)
  File "/home/zhengwei/Desktop/Zhengwei/Projects/CVAE/main.py", line 250, in main
    test_cvae(None, config, model, queryloader, galleryloader, dataset, classifier, latent_z='mu')
  File "/home/zhengwei/Desktop/Zhengwei/Projects/CVAE/test.py", line 83, in test_cvae
    gf, g_pids, g_camids, g_cls_results, g_all_imgs, g_all_recons = extract_midium_feature(drawer, config, model, galleryloader, classifer, latent_z)
  File "/home/zhengwei/anaconda3/envs/yzwT2V/lib/python3.9/site-packages/torch/autograd/grad_mode.py", line 27, in decorate_context
    return func(*args, **kwargs)
  File "/home/zhengwei/Desktop/Zhengwei/Projects/CVAE/test.py", line 16, in extract_midium_feature
    for batch_idx, (imgs, batch_pids, batch_camids, batch_centroids) in enumerate(dataloader):
  File "/home/zhengwei/anaconda3/envs/yzwT2V/lib/python3.9/site-packages/torch/utils/data/dataloader.py", line 628, in __next__
    data = self._next_data()
  File "/home/zhengwei/anaconda3/envs/yzwT2V/lib/python3.9/site-packages/torch/utils/data/dataloader.py", line 1316, in _next_data
    idx, data = self._get_data()
  File "/home/zhengwei/anaconda3/envs/yzwT2V/lib/python3.9/site-packages/torch/utils/data/dataloader.py", line 1272, in _get_data
    success, data = self._try_get_data()
  File "/home/zhengwei/anaconda3/envs/yzwT2V/lib/python3.9/site-packages/torch/utils/data/dataloader.py", line 1133, in _try_get_data
    raise RuntimeError('DataLoader worker (pid(s) {}) exited unexpectedly'.format(pids_str)) from e
RuntimeError: DataLoader worker (pid(s) 2227047) exited unexpectedly
Shutting down background jobs, please wait a moment...
Warning: string series 'monitoring/243b4908/stderr' value was longer than 1000 characters and was truncated. This warning is printed only once per series.
Done!
Waiting for the remaining 8 operations to synchronize with Neptune. Do not kill this process.
All 8 operations synced, thanks for waiting!
Explore the metadata in the Neptune app:
https://app.neptune.ai/Zhengwei-Lab/MayCVAE/e/MAY-137/metadata
