https://app.neptune.ai/Zhengwei-Lab/MayCVAE/e/MAY-264
=> merge config from ./configs/clipreid_cvae_kl.yaml
/home/zhengwei/Desktop/Zhengwei/Projects/CVAE/main.py:91: NeptuneUnsupportedType: You're attempting to log a type that is not directly supported by Neptune (<class 'list'>).
        Convert the value to a supported type, such as a string or float, or use stringify_unsupported(obj)
        for dictionaries or collections that contain unsupported values.
        For more, see https://docs.neptune.ai/help/value_of_unsupported_type
  run["parameters"] = param
=> Configurations:
-------------------------
AMP: True
AUG:
  RC_PROB: 0.5
  RE_PROB: 0.5
DATA:
  CUHK03_CLASSIC_SPLIT: False
  CUHK03_LABELED: False
  DATASET: market1k
  FORMAT_TAG: tensor
  HEIGHT: 256
  NUM_INSTANCES: 4
  NUM_WORKERS: 4
  ROOT: /home/zhengwei/Desktop/Zhengwei/Projects/datasets
  SPLIT_ID: 0
  TEST_BATCH: 512
  TRAIN_BATCH: 64
  TRAIN_FORMAT: novel
  WIDTH: 128
EVAL_MODE: False
GPU: 0
LOSS:
  CLA_LOSS: crossentropy
  CLA_M: 0.0
  CLA_S: 16.0
  PAIR_LOSS: triplet
  PAIR_M: 0.3
  PAIR_S: 16.0
  RECON_LOSS: mse
  USE_NCE: False
MODEL:
  CONDITIONAL: False
  FEATURE_DIM: 1280
  FEAT_FUSION: True
  FLOW_TYPE: 
  GAUSSIAN: MultivariateNormal
  HIDDEN_DIM: 256
  LATENT_SIZE: 64
  NAME: CVAE
  ONLY_CVAE_KL: False
  ONLY_X_INPUT: False
  PRETRAIN: CLIPreidFinetune
  RES4_STRIDE: 1
  RESUME: /home/zhengwei/Desktop/Zhengwei/Projects/CVAE/outputs/duke/clipreid_simplevae_base/2024-06-20/fp32_SimpleVAE_128+64z_1e3+3_60+120_KLtotalZ_CE+TEXT
  TRAIN_STAGE: klstage
  USE_CENTROID: False
  USE_TWO_ENCODER: False
  VAE_TYPE: SinpleVAE
  ZC_DIM: 128
  ZS_DIM: 64
OUTPUT: ./outputs/market1k/clipreid_simplevae_tune/novel/2024-06-21/BaseCET_SimpleVAE_128+64z_1e3+3_60+120_KLtotalZ_cls
SAVED_NAME: BaseCET_SimpleVAE_128+64z_1e3+3_60+120_KLtotalZ_cls
SEED: 0
TAG: clipreid_simplevae_tune
TEST:
  DISTANCE: cosine
  EVAL_STEP: 5
  START_EVAL: -1
TRAIN:
  AMP: False
  LR_SCHEDULER:
    DECAY_RATE: 0.1
    NAME: MultiStepLR
    STEPSIZE: [60]
  MAX_EPOCH: 120
  OPTIMIZER:
    LR: 0.001
    NAME: adam
    SGDLR: 0.01
    SGD_MOMENTUM: 0.9
    SGD_WEIGHT_DECAY: 0.0005
    WEIGHT_DECAY: 0.0001
  START_EPOCH: 0
----------------------
Initializing dataset market1k
Warning: string series 'monitoring/7c9159a6/stdout' value was longer than 1000 characters and was truncated. This warning is printed only once per series.
=> Market-Sketch-1K tensor loaded
Dataset statistics:
  ------------------------------
  subset   | # ids | # images
  ------------------------------
  train    |   996 |     3992
  query    |   996 |     2709
  gallery  |   996 |     2000
  ------------------------------
  total    |  1992 |     8701
  ------------------------------
Initializing SinpleVAE model
Model size: 11.53824M
Classifier size: 0.12749M
=> Start training the model on Novel data
Loading checkpoint from '/home/zhengwei/Desktop/Zhengwei/Projects/CVAE/outputs/duke/clipreid_simplevae_base/2024-06-20/fp32_SimpleVAE_128+64z_1e3+3_60+120_KLtotalZ_CE+TEXT.best_model.pth.tar'
orginal best rank1 = 0.881508078994614
=> Copy the checkpoint to the output folder
=> Start evaluation on Novel data without finetuning
=> Test pretarined feature form VLP model
Normalizing features
Normalizing features
Extracted features for query set, obtained torch.Size([2709, 1280]) matrix
Extracted features for gallery set, obtained torch.Size([2000, 1280]) matrix
Extracting features complete in 0m 4s
Distance computing in 0m 1s
Computing CMC and mAP
Results ---------------------------------------------------
top1:35.2% top5:60.5% top10:71.2% top20:80.7% mAP:39.8%
-----------------------------------------------------------
Using 0m 0s
==========Test with latent_z: new_z =========
Extracted features for query set, obtained torch.Size([2709, 192]) matrix
Extracted features for gallery set, obtained torch.Size([2000, 192]) matrix
Extracting features complete in 0m 4s
Distance computing in 0m 0s
Results ---------------------------------------------------
top1:15.4% top5:33.7% top10:43.4% top20:54.3% mAP:19.0%
-----------------------------------------------------------
Using 0m 0s
Classifier results ---------------------------------------------------
Query acc: 0.1% Gallery acc: 0.1% Total acc: 0.1%
==========Test with latent_z: z_c =========
Extracted features for query set, obtained torch.Size([2709, 128]) matrix
Extracted features for gallery set, obtained torch.Size([2000, 128]) matrix
Extracting features complete in 0m 5s
Distance computing in 0m 0s
Results ---------------------------------------------------
top1:15.2% top5:33.5% top10:43.4% top20:54.3% mAP:18.9%
-----------------------------------------------------------
Using 0m 0s
Classifier results ---------------------------------------------------
Query acc: 0.1% Gallery acc: 0.1% Total acc: 0.1%
The test feature is normalized
The number of query sketch samples: 2709
The number of gallery rgb samples: 2000
=> Start training
Epoch:1 Time:9.0 Data:0.0 Loss:10.2639 Cls Loss:6.9596 Pair Loss:0.4822 KL Loss:3.1176 Recon Loss:0.1867 Acc:0.0003 
Epoch:2 Time:8.3 Data:0.0 Loss:7.7949 Cls Loss:6.6313 Pair Loss:0.4904 KL Loss:0.9772 Recon Loss:0.1864 Acc:0.0108 
Epoch:3 Time:8.3 Data:0.0 Loss:7.6070 Cls Loss:6.3310 Pair Loss:0.4912 KL Loss:1.0895 Recon Loss:0.1865 Acc:0.0257 
Epoch:4 Time:7.6 Data:0.0 Loss:7.2224 Cls Loss:6.0634 Pair Loss:0.4902 KL Loss:0.9726 Recon Loss:0.1865 Acc:0.0512 
Epoch:5 Time:7.7 Data:0.0 Loss:6.9004 Cls Loss:5.8002 Pair Loss:0.4897 KL Loss:0.9136 Recon Loss:0.1866 Acc:0.0703 
=> Test at epoch 5
==========Test with latent_z: z_c =========
Extracted features for query set, obtained torch.Size([2709, 128]) matrix
Extracted features for gallery set, obtained torch.Size([2000, 128]) matrix
Extracting features complete in 0m 4s
Distance computing in 0m 0s
Results ---------------------------------------------------
top1:16.3% top5:34.2% top10:45.0% top20:55.7% mAP:19.7%
-----------------------------------------------------------
Using 0m 0s
Classifier results ---------------------------------------------------
Query acc: 5.1% Gallery acc: 45.1% Total acc: 22.1%
The test feature is normalized
The number of query sketch samples: 2709
The number of gallery rgb samples: 2000
==========Test with latent_z: new_z =========
Extracted features for query set, obtained torch.Size([2709, 192]) matrix
Extracted features for gallery set, obtained torch.Size([2000, 192]) matrix
Extracting features complete in 0m 4s
Distance computing in 0m 0s
Results ---------------------------------------------------
top1:16.2% top5:35.0% top10:45.3% top20:56.1% mAP:19.9%
-----------------------------------------------------------
Using 0m 0s
Classifier results ---------------------------------------------------
Query acc: 5.1% Gallery acc: 45.1% Total acc: 22.1%
Epoch:6 Time:8.4 Data:0.0 Loss:6.9472 Cls Loss:5.5874 Pair Loss:0.4875 KL Loss:1.1733 Recon Loss:0.1865 Acc:0.0877 
Epoch:7 Time:6.6 Data:0.0 Loss:6.5673 Cls Loss:5.3560 Pair Loss:0.4845 KL Loss:1.0246 Recon Loss:0.1867 Acc:0.1071 
Epoch:8 Time:7.2 Data:0.0 Loss:6.5946 Cls Loss:5.1439 Pair Loss:0.4783 KL Loss:1.2641 Recon Loss:0.1867 Acc:0.1258 
Epoch:9 Time:7.4 Data:0.0 Loss:6.4555 Cls Loss:4.9217 Pair Loss:0.4768 KL Loss:1.3472 Recon Loss:0.1866 Acc:0.1452 
Epoch:10 Time:65.9 Data:0.0 Loss:6.1747 Cls Loss:4.7494 Pair Loss:0.4749 KL Loss:1.2387 Recon Loss:0.1866 Acc:0.1525 
The test feature is normalized
The number of sketch samples: 1976
The number of rgb samples: 1992
=> Test at epoch 10
==========Test with latent_z: z_c =========
Extracted features for query set, obtained torch.Size([2709, 128]) matrix
Extracted features for gallery set, obtained torch.Size([2000, 128]) matrix
Extracting features complete in 0m 5s
Distance computing in 0m 0s
Results ---------------------------------------------------
top1:18.1% top5:38.3% top10:49.4% top20:60.9% mAP:22.4%
-----------------------------------------------------------
Using 0m 0s
Classifier results ---------------------------------------------------
Query acc: 9.9% Gallery acc: 71.5% Total acc: 36.0%
The test feature is normalized
The number of query sketch samples: 2709
The number of gallery rgb samples: 2000
==========Test with latent_z: new_z =========
Extracted features for query set, obtained torch.Size([2709, 192]) matrix
Extracted features for gallery set, obtained torch.Size([2000, 192]) matrix
Extracting features complete in 0m 5s
Distance computing in 0m 0s
Results ---------------------------------------------------
top1:18.3% top5:38.1% top10:49.7% top20:61.0% mAP:22.7%
-----------------------------------------------------------
Using 0m 0s
Classifier results ---------------------------------------------------
Query acc: 9.9% Gallery acc: 71.5% Total acc: 36.0%
Epoch:11 Time:8.9 Data:0.0 Loss:5.8309 Cls Loss:4.5589 Pair Loss:0.4651 KL Loss:1.0854 Recon Loss:0.1866 Acc:0.1631 
Epoch:12 Time:7.7 Data:0.0 Loss:6.1564 Cls Loss:4.3516 Pair Loss:0.4599 KL Loss:1.6181 Recon Loss:0.1867 Acc:0.1903 
Epoch:13 Time:7.5 Data:0.0 Loss:5.5955 Cls Loss:4.2097 Pair Loss:0.4580 KL Loss:1.1992 Recon Loss:0.1866 Acc:0.2122 
Epoch:14 Time:7.1 Data:0.0 Loss:6.3112 Cls Loss:4.0620 Pair Loss:0.4562 KL Loss:2.0625 Recon Loss:0.1867 Acc:0.2235 
Epoch:15 Time:7.6 Data:0.0 Loss:5.7914 Cls Loss:3.9654 Pair Loss:0.4566 KL Loss:1.6394 Recon Loss:0.1866 Acc:0.2311 
=> Test at epoch 15
==========Test with latent_z: z_c =========
Extracted features for query set, obtained torch.Size([2709, 128]) matrix
Extracted features for gallery set, obtained torch.Size([2000, 128]) matrix
Extracting features complete in 0m 4s
Distance computing in 0m 0s
Results ---------------------------------------------------
top1:19.8% top5:41.9% top10:53.1% top20:64.6% mAP:24.4%
-----------------------------------------------------------
Using 0m 0s
Classifier results ---------------------------------------------------
Query acc: 12.1% Gallery acc: 82.0% Total acc: 41.8%
The test feature is normalized
The number of query sketch samples: 2709
The number of gallery rgb samples: 2000
==========Test with latent_z: new_z =========
Extracted features for query set, obtained torch.Size([2709, 192]) matrix
Extracted features for gallery set, obtained torch.Size([2000, 192]) matrix
Extracting features complete in 0m 4s
Distance computing in 0m 0s
Results ---------------------------------------------------
top1:20.0% top5:42.1% top10:53.0% top20:64.6% mAP:24.5%
-----------------------------------------------------------
Using 0m 0s
Classifier results ---------------------------------------------------
Query acc: 12.1% Gallery acc: 82.0% Total acc: 41.8%
Epoch:16 Time:8.9 Data:0.0 Loss:5.4582 Cls Loss:3.8260 Pair Loss:0.4536 KL Loss:1.4457 Recon Loss:0.1865 Acc:0.2485 
Epoch:17 Time:7.7 Data:0.0 Loss:5.3118 Cls Loss:3.6946 Pair Loss:0.4516 KL Loss:1.4308 Recon Loss:0.1865 Acc:0.2651 
Epoch:18 Time:8.3 Data:0.0 Loss:5.0143 Cls Loss:3.5915 Pair Loss:0.4493 KL Loss:1.2363 Recon Loss:0.1866 Acc:0.2830 
Epoch:19 Time:8.4 Data:0.0 Loss:5.0828 Cls Loss:3.4346 Pair Loss:0.4406 KL Loss:1.4617 Recon Loss:0.1865 Acc:0.2946 
Epoch:20 Time:42.7 Data:0.0 Loss:5.5879 Cls Loss:3.3933 Pair Loss:0.4441 KL Loss:2.0082 Recon Loss:0.1864 Acc:0.2974 
The test feature is normalized
The number of sketch samples: 1981
The number of rgb samples: 1987
=> Test at epoch 20
==========Test with latent_z: z_c =========
Extracted features for query set, obtained torch.Size([2709, 128]) matrix
Extracted features for gallery set, obtained torch.Size([2000, 128]) matrix
Extracting features complete in 0m 4s
Distance computing in 0m 0s
Results ---------------------------------------------------
top1:21.0% top5:44.3% top10:55.2% top20:67.3% mAP:25.9%
-----------------------------------------------------------
Using 0m 0s
Classifier results ---------------------------------------------------
Query acc: 15.3% Gallery acc: 91.6% Total acc: 47.7%
The test feature is normalized
The number of query sketch samples: 2709
The number of gallery rgb samples: 2000
==========Test with latent_z: new_z =========
Extracted features for query set, obtained torch.Size([2709, 192]) matrix
Extracted features for gallery set, obtained torch.Size([2000, 192]) matrix
Extracting features complete in 0m 4s
Distance computing in 0m 0s
Results ---------------------------------------------------
top1:20.8% top5:44.3% top10:55.6% top20:67.4% mAP:26.0%
-----------------------------------------------------------
Using 0m 0s
Classifier results ---------------------------------------------------
Query acc: 15.3% Gallery acc: 91.6% Total acc: 47.7%
Epoch:21 Time:8.8 Data:0.0 Loss:5.0582 Cls Loss:3.2925 Pair Loss:0.4440 KL Loss:1.5790 Recon Loss:0.1867 Acc:0.3070 
Epoch:22 Time:7.6 Data:0.0 Loss:4.6221 Cls Loss:3.1934 Pair Loss:0.4366 KL Loss:1.2420 Recon Loss:0.1867 Acc:0.3216 
Epoch:23 Time:7.1 Data:0.0 Loss:4.6816 Cls Loss:3.1034 Pair Loss:0.4377 KL Loss:1.3916 Recon Loss:0.1865 Acc:0.3405 
Epoch:24 Time:7.4 Data:0.0 Loss:4.7142 Cls Loss:2.9689 Pair Loss:0.4321 KL Loss:1.5588 Recon Loss:0.1865 Acc:0.3687 
Epoch:25 Time:7.6 Data:0.0 Loss:4.3014 Cls Loss:2.9491 Pair Loss:0.4329 KL Loss:1.1658 Recon Loss:0.1865 Acc:0.3702 
=> Test at epoch 25
==========Test with latent_z: z_c =========
Extracted features for query set, obtained torch.Size([2709, 128]) matrix
Extracted features for gallery set, obtained torch.Size([2000, 128]) matrix
Extracting features complete in 0m 4s
Distance computing in 0m 0s
Results ---------------------------------------------------
top1:21.7% top5:45.3% top10:56.6% top20:68.1% mAP:26.9%
-----------------------------------------------------------
Using 0m 0s
Classifier results ---------------------------------------------------
Query acc: 17.6% Gallery acc: 93.9% Total acc: 50.0%
The test feature is normalized
The number of query sketch samples: 2709
The number of gallery rgb samples: 2000
==========Test with latent_z: new_z =========
Extracted features for query set, obtained torch.Size([2709, 192]) matrix
Extracted features for gallery set, obtained torch.Size([2000, 192]) matrix
Extracting features complete in 0m 4s
Distance computing in 0m 0s
Results ---------------------------------------------------
top1:22.1% top5:45.2% top10:56.8% top20:68.3% mAP:27.1%
-----------------------------------------------------------
Using 0m 0s
Classifier results ---------------------------------------------------
Query acc: 17.6% Gallery acc: 93.9% Total acc: 50.0%
Epoch:26 Time:9.0 Data:0.0 Loss:5.0024 Cls Loss:2.8773 Pair Loss:0.4297 KL Loss:1.9384 Recon Loss:0.1867 Acc:0.3674 
Epoch:27 Time:8.1 Data:0.0 Loss:4.4031 Cls Loss:2.7560 Pair Loss:0.4240 KL Loss:1.4607 Recon Loss:0.1865 Acc:0.3987 
Epoch:28 Time:7.9 Data:0.0 Loss:4.0987 Cls Loss:2.7244 Pair Loss:0.4256 KL Loss:1.1877 Recon Loss:0.1866 Acc:0.3944 
Epoch:29 Time:7.9 Data:0.0 Loss:4.5217 Cls Loss:2.6260 Pair Loss:0.4183 KL Loss:1.7092 Recon Loss:0.1864 Acc:0.4055 
Epoch:30 Time:42.9 Data:0.0 Loss:4.3545 Cls Loss:2.5705 Pair Loss:0.4189 KL Loss:1.5975 Recon Loss:0.1865 Acc:0.4138 
The test feature is normalized
The number of sketch samples: 1978
The number of rgb samples: 1990
=> Test at epoch 30
==========Test with latent_z: z_c =========
Extracted features for query set, obtained torch.Size([2709, 128]) matrix
Extracted features for gallery set, obtained torch.Size([2000, 128]) matrix
Extracting features complete in 0m 4s
Distance computing in 0m 0s
Results ---------------------------------------------------
top1:23.0% top5:46.7% top10:58.9% top20:69.5% mAP:28.1%
-----------------------------------------------------------
Using 0m 0s
Classifier results ---------------------------------------------------
Query acc: 18.9% Gallery acc: 96.8% Total acc: 52.0%
The test feature is normalized
The number of query sketch samples: 2709
The number of gallery rgb samples: 2000
==========Test with latent_z: new_z =========
Extracted features for query set, obtained torch.Size([2709, 192]) matrix
Extracted features for gallery set, obtained torch.Size([2000, 192]) matrix
Extracting features complete in 0m 5s
Distance computing in 0m 0s
Results ---------------------------------------------------
top1:23.1% top5:46.7% top10:59.2% top20:70.0% mAP:28.2%
-----------------------------------------------------------
Using 0m 0s
Classifier results ---------------------------------------------------
Query acc: 18.9% Gallery acc: 96.8% Total acc: 52.0%
Epoch:31 Time:9.5 Data:0.0 Loss:4.4726 Cls Loss:2.5681 Pair Loss:0.4172 KL Loss:1.7178 Recon Loss:0.1866 Acc:0.4168 
Epoch:32 Time:8.3 Data:0.0 Loss:4.3796 Cls Loss:2.5104 Pair Loss:0.4195 KL Loss:1.6827 Recon Loss:0.1865 Acc:0.4274 
Epoch:33 Time:8.2 Data:0.0 Loss:4.1346 Cls Loss:2.4285 Pair Loss:0.4139 KL Loss:1.5196 Recon Loss:0.1865 Acc:0.4378 
Epoch:34 Time:8.1 Data:0.0 Loss:4.5665 Cls Loss:2.4435 Pair Loss:0.4192 KL Loss:1.9365 Recon Loss:0.1865 Acc:0.4350 
Epoch:35 Time:8.4 Data:0.0 Loss:4.1452 Cls Loss:2.3736 Pair Loss:0.4136 KL Loss:1.5852 Recon Loss:0.1865 Acc:0.4496 
=> Test at epoch 35
==========Test with latent_z: z_c =========
Extracted features for query set, obtained torch.Size([2709, 128]) matrix
Extracted features for gallery set, obtained torch.Size([2000, 128]) matrix
Extracting features complete in 0m 4s
Distance computing in 0m 0s
Results ---------------------------------------------------
top1:23.2% top5:47.3% top10:58.5% top20:69.6% mAP:28.3%
-----------------------------------------------------------
Using 0m 0s
Classifier results ---------------------------------------------------
Query acc: 19.5% Gallery acc: 97.3% Total acc: 52.6%
The test feature is normalized
The number of query sketch samples: 2709
The number of gallery rgb samples: 2000
==========Test with latent_z: new_z =========
Extracted features for query set, obtained torch.Size([2709, 192]) matrix
Extracted features for gallery set, obtained torch.Size([2000, 192]) matrix
Extracting features complete in 0m 5s
Distance computing in 0m 0s
Results ---------------------------------------------------
top1:23.5% top5:47.3% top10:58.6% top20:69.6% mAP:28.5%
-----------------------------------------------------------
Using 0m 0s
Classifier results ---------------------------------------------------
Query acc: 19.5% Gallery acc: 97.3% Total acc: 52.6%
Epoch:36 Time:8.9 Data:0.0 Loss:4.0614 Cls Loss:2.3100 Pair Loss:0.4119 KL Loss:1.5648 Recon Loss:0.1866 Acc:0.4519 
Epoch:37 Time:8.1 Data:0.0 Loss:4.0486 Cls Loss:2.2779 Pair Loss:0.4106 KL Loss:1.5841 Recon Loss:0.1866 Acc:0.4650 
Epoch:38 Time:8.2 Data:0.0 Loss:4.6617 Cls Loss:2.3113 Pair Loss:0.4147 KL Loss:2.1639 Recon Loss:0.1865 Acc:0.4582 
Epoch:39 Time:8.4 Data:0.0 Loss:4.0841 Cls Loss:2.2276 Pair Loss:0.4112 KL Loss:1.6700 Recon Loss:0.1865 Acc:0.4763 
Epoch:40 Time:44.6 Data:0.0 Loss:4.0831 Cls Loss:2.1809 Pair Loss:0.4120 KL Loss:1.7157 Recon Loss:0.1865 Acc:0.4884 
The test feature is normalized
The number of sketch samples: 1979
The number of rgb samples: 1989
=> Test at epoch 40
==========Test with latent_z: z_c =========
Extracted features for query set, obtained torch.Size([2709, 128]) matrix
Extracted features for gallery set, obtained torch.Size([2000, 128]) matrix
Extracting features complete in 0m 5s
Distance computing in 0m 0s
Results ---------------------------------------------------
top1:23.3% top5:47.9% top10:58.8% top20:70.5% mAP:28.8%
-----------------------------------------------------------
Using 0m 0s
Classifier results ---------------------------------------------------
Query acc: 20.6% Gallery acc: 97.7% Total acc: 53.3%
The test feature is normalized
The number of query sketch samples: 2709
The number of gallery rgb samples: 2000
==========Test with latent_z: new_z =========
Extracted features for query set, obtained torch.Size([2709, 192]) matrix
Extracted features for gallery set, obtained torch.Size([2000, 192]) matrix
Extracting features complete in 0m 4s
Distance computing in 0m 0s
Results ---------------------------------------------------
top1:23.6% top5:48.0% top10:58.8% top20:70.6% mAP:29.0%
-----------------------------------------------------------
Using 0m 0s
Classifier results ---------------------------------------------------
Query acc: 20.6% Gallery acc: 97.7% Total acc: 53.3%
Epoch:41 Time:9.3 Data:0.0 Loss:4.1542 Cls Loss:2.1690 Pair Loss:0.4050 KL Loss:1.7986 Recon Loss:0.1866 Acc:0.4871 
Epoch:42 Time:8.0 Data:0.0 Loss:3.7170 Cls Loss:2.0967 Pair Loss:0.4064 KL Loss:1.4338 Recon Loss:0.1864 Acc:0.4914 
Epoch:43 Time:8.3 Data:0.0 Loss:3.8792 Cls Loss:2.0984 Pair Loss:0.4074 KL Loss:1.5942 Recon Loss:0.1866 Acc:0.4995 
Epoch:44 Time:8.1 Data:0.0 Loss:3.7374 Cls Loss:2.0440 Pair Loss:0.4030 KL Loss:1.5068 Recon Loss:0.1865 Acc:0.5093 
Epoch:45 Time:8.0 Data:0.0 Loss:3.6611 Cls Loss:2.0245 Pair Loss:0.4016 KL Loss:1.4502 Recon Loss:0.1865 Acc:0.5083 
=> Test at epoch 45
==========Test with latent_z: z_c =========
Extracted features for query set, obtained torch.Size([2709, 128]) matrix
Extracted features for gallery set, obtained torch.Size([2000, 128]) matrix
Extracting features complete in 0m 4s
Distance computing in 0m 0s
Results ---------------------------------------------------
top1:23.5% top5:48.4% top10:60.7% top20:70.2% mAP:29.2%
-----------------------------------------------------------
Using 0m 0s
Classifier results ---------------------------------------------------
Query acc: 20.2% Gallery acc: 97.7% Total acc: 53.1%
The test feature is normalized
The number of query sketch samples: 2709
The number of gallery rgb samples: 2000
==========Test with latent_z: new_z =========
Extracted features for query set, obtained torch.Size([2709, 192]) matrix
Extracted features for gallery set, obtained torch.Size([2000, 192]) matrix
Extracting features complete in 0m 4s
Distance computing in 0m 0s
Results ---------------------------------------------------
top1:23.7% top5:48.5% top10:60.5% top20:70.6% mAP:29.3%
-----------------------------------------------------------
Using 0m 0s
Classifier results ---------------------------------------------------
Query acc: 20.2% Gallery acc: 97.7% Total acc: 53.1%
Epoch:46 Time:8.5 Data:0.0 Loss:3.5836 Cls Loss:2.0019 Pair Loss:0.4046 KL Loss:1.3951 Recon Loss:0.1866 Acc:0.5129 
Epoch:47 Time:8.0 Data:0.0 Loss:4.2093 Cls Loss:1.9532 Pair Loss:0.3991 KL Loss:2.0695 Recon Loss:0.1865 Acc:0.5265 
Epoch:48 Time:7.4 Data:0.0 Loss:3.8518 Cls Loss:1.9339 Pair Loss:0.3995 KL Loss:1.7315 Recon Loss:0.1865 Acc:0.5270 
Epoch:49 Time:7.3 Data:0.0 Loss:3.9309 Cls Loss:1.9358 Pair Loss:0.4003 KL Loss:1.8087 Recon Loss:0.1864 Acc:0.5333 
Epoch:50 Time:42.8 Data:0.0 Loss:3.9309 Cls Loss:1.9312 Pair Loss:0.4013 KL Loss:1.8132 Recon Loss:0.1864 Acc:0.5307 
The test feature is normalized
The number of sketch samples: 1977
The number of rgb samples: 1991
=> Test at epoch 50
==========Test with latent_z: z_c =========
Extracted features for query set, obtained torch.Size([2709, 128]) matrix
Extracted features for gallery set, obtained torch.Size([2000, 128]) matrix
Extracting features complete in 0m 5s
Distance computing in 0m 0s
Results ---------------------------------------------------
top1:23.4% top5:48.5% top10:60.8% top20:70.5% mAP:29.3%
-----------------------------------------------------------
Using 0m 0s
Classifier results ---------------------------------------------------
Query acc: 21.7% Gallery acc: 98.5% Total acc: 54.3%
The test feature is normalized
The number of query sketch samples: 2709
The number of gallery rgb samples: 2000
==========Test with latent_z: new_z =========
Extracted features for query set, obtained torch.Size([2709, 192]) matrix
Extracted features for gallery set, obtained torch.Size([2000, 192]) matrix
Extracting features complete in 0m 4s
Distance computing in 0m 0s
Results ---------------------------------------------------
top1:23.7% top5:48.5% top10:61.0% top20:70.5% mAP:29.5%
-----------------------------------------------------------
Using 0m 0s
Classifier results ---------------------------------------------------
Query acc: 21.7% Gallery acc: 98.5% Total acc: 54.3%
Epoch:51 Time:9.1 Data:0.0 Loss:3.6000 Cls Loss:1.9040 Pair Loss:0.3997 KL Loss:1.5096 Recon Loss:0.1865 Acc:0.5383 
Epoch:52 Time:8.1 Data:0.0 Loss:3.8149 Cls Loss:1.8261 Pair Loss:0.3927 KL Loss:1.8023 Recon Loss:0.1864 Acc:0.5461 
Epoch:53 Time:7.7 Data:0.0 Loss:3.7037 Cls Loss:1.8882 Pair Loss:0.3998 KL Loss:1.6290 Recon Loss:0.1864 Acc:0.5335 
Epoch:54 Time:8.4 Data:0.0 Loss:3.3969 Cls Loss:1.7953 Pair Loss:0.3941 KL Loss:1.4150 Recon Loss:0.1866 Acc:0.5549 
Epoch:55 Time:7.9 Data:0.0 Loss:3.3683 Cls Loss:1.7607 Pair Loss:0.3934 KL Loss:1.4210 Recon Loss:0.1866 Acc:0.5590 
=> Test at epoch 55
==========Test with latent_z: z_c =========
Extracted features for query set, obtained torch.Size([2709, 128]) matrix
Extracted features for gallery set, obtained torch.Size([2000, 128]) matrix
Extracting features complete in 0m 3s
Distance computing in 0m 0s
Results ---------------------------------------------------
top1:24.6% top5:48.9% top10:60.0% top20:70.4% mAP:29.9%
-----------------------------------------------------------
Using 0m 0s
Classifier results ---------------------------------------------------
Query acc: 22.6% Gallery acc: 98.8% Total acc: 55.0%
The test feature is normalized
The number of query sketch samples: 2709
The number of gallery rgb samples: 2000
==========Test with latent_z: new_z =========
Extracted features for query set, obtained torch.Size([2709, 192]) matrix
Extracted features for gallery set, obtained torch.Size([2000, 192]) matrix
Extracting features complete in 0m 5s
Distance computing in 0m 0s
Results ---------------------------------------------------
top1:24.7% top5:49.1% top10:60.4% top20:70.7% mAP:30.0%
-----------------------------------------------------------
Using 0m 0s
Classifier results ---------------------------------------------------
Query acc: 22.6% Gallery acc: 98.8% Total acc: 55.0%
Epoch:56 Time:9.0 Data:0.0 Loss:3.9616 Cls Loss:1.7618 Pair Loss:0.3957 KL Loss:2.0131 Recon Loss:0.1867 Acc:0.5607 
Epoch:57 Time:7.7 Data:0.0 Loss:3.9331 Cls Loss:1.7363 Pair Loss:0.3922 KL Loss:2.0102 Recon Loss:0.1866 Acc:0.5703 
Epoch:58 Time:8.2 Data:0.0 Loss:4.0452 Cls Loss:1.7668 Pair Loss:0.3973 KL Loss:2.0917 Recon Loss:0.1867 Acc:0.5532 
Epoch:59 Time:7.9 Data:0.0 Loss:4.1642 Cls Loss:1.7018 Pair Loss:0.3976 KL Loss:2.2758 Recon Loss:0.1866 Acc:0.5691 
Epoch:60 Time:42.7 Data:0.0 Loss:3.2061 Cls Loss:1.7035 Pair Loss:0.3941 KL Loss:1.3159 Recon Loss:0.1867 Acc:0.5781 
The test feature is normalized
The number of sketch samples: 1980
The number of rgb samples: 1988
=> Test at epoch 60
==========Test with latent_z: z_c =========
Extracted features for query set, obtained torch.Size([2709, 128]) matrix
Extracted features for gallery set, obtained torch.Size([2000, 128]) matrix
Extracting features complete in 0m 4s
Distance computing in 0m 0s
Results ---------------------------------------------------
top1:24.6% top5:49.2% top10:60.9% top20:71.1% mAP:30.4%
-----------------------------------------------------------
Using 0m 0s
Classifier results ---------------------------------------------------
Query acc: 22.9% Gallery acc: 99.0% Total acc: 55.2%
The test feature is normalized
The number of query sketch samples: 2709
The number of gallery rgb samples: 2000
==========Test with latent_z: new_z =========
Extracted features for query set, obtained torch.Size([2709, 192]) matrix
Extracted features for gallery set, obtained torch.Size([2000, 192]) matrix
Extracting features complete in 0m 4s
Distance computing in 0m 0s
Results ---------------------------------------------------
top1:24.8% top5:49.3% top10:61.3% top20:71.1% mAP:30.5%
-----------------------------------------------------------
Using 0m 0s
Classifier results ---------------------------------------------------
Query acc: 22.9% Gallery acc: 99.0% Total acc: 55.2%
Epoch:61 Time:9.1 Data:0.0 Loss:3.2863 Cls Loss:1.5677 Pair Loss:0.3964 KL Loss:1.5319 Recon Loss:0.1867 Acc:0.6247 
Epoch:62 Time:8.3 Data:0.0 Loss:3.1590 Cls Loss:1.5121 Pair Loss:0.3941 KL Loss:1.4603 Recon Loss:0.1867 Acc:0.6285 
Epoch:63 Time:8.0 Data:0.0 Loss:3.3795 Cls Loss:1.5356 Pair Loss:0.3935 KL Loss:1.6573 Recon Loss:0.1867 Acc:0.6300 
Epoch:64 Time:8.3 Data:0.0 Loss:2.8895 Cls Loss:1.5082 Pair Loss:0.3963 KL Loss:1.1946 Recon Loss:0.1867 Acc:0.6310 
Epoch:65 Time:8.1 Data:0.0 Loss:2.9982 Cls Loss:1.4779 Pair Loss:0.3913 KL Loss:1.3336 Recon Loss:0.1866 Acc:0.6467 
=> Test at epoch 65
==========Test with latent_z: z_c =========
Extracted features for query set, obtained torch.Size([2709, 128]) matrix
Extracted features for gallery set, obtained torch.Size([2000, 128]) matrix
Extracting features complete in 0m 5s
Distance computing in 0m 0s
Results ---------------------------------------------------
top1:24.5% top5:49.2% top10:61.0% top20:71.4% mAP:30.4%
-----------------------------------------------------------
Using 0m 0s
Classifier results ---------------------------------------------------
Query acc: 23.5% Gallery acc: 99.3% Total acc: 55.7%
The test feature is normalized
The number of query sketch samples: 2709
The number of gallery rgb samples: 2000
==========Test with latent_z: new_z =========
Extracted features for query set, obtained torch.Size([2709, 192]) matrix
Extracted features for gallery set, obtained torch.Size([2000, 192]) matrix
Extracting features complete in 0m 5s
Distance computing in 0m 0s
Results ---------------------------------------------------
top1:24.9% top5:49.4% top10:61.3% top20:71.4% mAP:30.6%
-----------------------------------------------------------
Using 0m 0s
Classifier results ---------------------------------------------------
Query acc: 23.5% Gallery acc: 99.3% Total acc: 55.7%
Epoch:66 Time:9.1 Data:0.0 Loss:3.0099 Cls Loss:1.5042 Pair Loss:0.3913 KL Loss:1.3189 Recon Loss:0.1867 Acc:0.6434 
Epoch:67 Time:8.0 Data:0.0 Loss:3.0406 Cls Loss:1.4479 Pair Loss:0.3871 KL Loss:1.4060 Recon Loss:0.1866 Acc:0.6502 
Epoch:68 Time:8.1 Data:0.0 Loss:3.0534 Cls Loss:1.4477 Pair Loss:0.3842 KL Loss:1.4190 Recon Loss:0.1867 Acc:0.6434 
Epoch:69 Time:8.2 Data:0.0 Loss:3.1270 Cls Loss:1.4227 Pair Loss:0.3853 KL Loss:1.5176 Recon Loss:0.1866 Acc:0.6590 
Epoch:70 Time:42.9 Data:0.0 Loss:2.9734 Cls Loss:1.4296 Pair Loss:0.3849 KL Loss:1.3572 Recon Loss:0.1866 Acc:0.6535 
The test feature is normalized
The number of sketch samples: 1978
The number of rgb samples: 1990
=> Test at epoch 70
==========Test with latent_z: z_c =========
Extracted features for query set, obtained torch.Size([2709, 128]) matrix
Extracted features for gallery set, obtained torch.Size([2000, 128]) matrix
Extracting features complete in 0m 5s
Distance computing in 0m 0s
Results ---------------------------------------------------
top1:24.7% top5:49.3% top10:61.1% top20:71.1% mAP:30.4%
-----------------------------------------------------------
Using 0m 0s
Classifier results ---------------------------------------------------
Query acc: 23.6% Gallery acc: 99.4% Total acc: 55.8%
The test feature is normalized
The number of query sketch samples: 2709
The number of gallery rgb samples: 2000
==========Test with latent_z: new_z =========
Extracted features for query set, obtained torch.Size([2709, 192]) matrix
Extracted features for gallery set, obtained torch.Size([2000, 192]) matrix
Extracting features complete in 0m 4s
Distance computing in 0m 0s
Results ---------------------------------------------------
top1:24.9% top5:49.7% top10:61.4% top20:71.4% mAP:30.6%
-----------------------------------------------------------
Using 0m 0s
Classifier results ---------------------------------------------------
Query acc: 23.6% Gallery acc: 99.4% Total acc: 55.8%
Epoch:71 Time:8.9 Data:0.0 Loss:3.0998 Cls Loss:1.4271 Pair Loss:0.3806 KL Loss:1.4862 Recon Loss:0.1865 Acc:0.6497 
Epoch:72 Time:7.6 Data:0.0 Loss:3.0749 Cls Loss:1.4073 Pair Loss:0.3810 KL Loss:1.4811 Recon Loss:0.1866 Acc:0.6666 
Epoch:73 Time:7.5 Data:0.0 Loss:2.9810 Cls Loss:1.3837 Pair Loss:0.3870 KL Loss:1.4106 Recon Loss:0.1867 Acc:0.6681 
Epoch:74 Time:7.8 Data:0.0 Loss:2.7938 Cls Loss:1.3397 Pair Loss:0.3817 KL Loss:1.2675 Recon Loss:0.1866 Acc:0.6741 
Epoch:75 Time:6.9 Data:0.0 Loss:3.2692 Cls Loss:1.3405 Pair Loss:0.3820 KL Loss:1.7421 Recon Loss:0.1866 Acc:0.6799 
=> Test at epoch 75
==========Test with latent_z: z_c =========
Extracted features for query set, obtained torch.Size([2709, 128]) matrix
Extracted features for gallery set, obtained torch.Size([2000, 128]) matrix
Extracting features complete in 0m 4s
Distance computing in 0m 0s
Results ---------------------------------------------------
top1:24.8% top5:49.7% top10:61.2% top20:71.2% mAP:30.5%
-----------------------------------------------------------
Using 0m 0s
Classifier results ---------------------------------------------------
Query acc: 23.6% Gallery acc: 99.3% Total acc: 55.7%
The test feature is normalized
The number of query sketch samples: 2709
The number of gallery rgb samples: 2000
==========Test with latent_z: new_z =========
Extracted features for query set, obtained torch.Size([2709, 192]) matrix
Extracted features for gallery set, obtained torch.Size([2000, 192]) matrix
Extracting features complete in 0m 4s
Distance computing in 0m 0s
Results ---------------------------------------------------
top1:25.0% top5:49.8% top10:61.1% top20:71.5% mAP:30.6%
-----------------------------------------------------------
Using 0m 0s
Classifier results ---------------------------------------------------
Query acc: 23.6% Gallery acc: 99.3% Total acc: 55.7%
Epoch:76 Time:9.3 Data:0.0 Loss:2.7615 Cls Loss:1.3334 Pair Loss:0.3820 KL Loss:1.2415 Recon Loss:0.1866 Acc:0.6777 
Epoch:77 Time:8.3 Data:0.0 Loss:2.9667 Cls Loss:1.3589 Pair Loss:0.3814 KL Loss:1.4211 Recon Loss:0.1866 Acc:0.6719 
Epoch:78 Time:8.2 Data:0.0 Loss:2.9897 Cls Loss:1.3344 Pair Loss:0.3800 KL Loss:1.4685 Recon Loss:0.1867 Acc:0.6789 
Epoch:79 Time:8.2 Data:0.0 Loss:3.1133 Cls Loss:1.3090 Pair Loss:0.3809 KL Loss:1.6177 Recon Loss:0.1866 Acc:0.6797 
Epoch:80 Time:43.8 Data:0.0 Loss:2.7895 Cls Loss:1.2905 Pair Loss:0.3822 KL Loss:1.3124 Recon Loss:0.1866 Acc:0.6930 
The test feature is normalized
The number of sketch samples: 1978
The number of rgb samples: 1990
=> Test at epoch 80
==========Test with latent_z: z_c =========
Extracted features for query set, obtained torch.Size([2709, 128]) matrix
Extracted features for gallery set, obtained torch.Size([2000, 128]) matrix
Extracting features complete in 0m 4s
Distance computing in 0m 0s
Results ---------------------------------------------------
top1:24.8% top5:49.8% top10:61.1% top20:71.6% mAP:30.5%
-----------------------------------------------------------
Using 0m 0s
Classifier results ---------------------------------------------------
Query acc: 23.9% Gallery acc: 99.4% Total acc: 56.0%
The test feature is normalized
The number of query sketch samples: 2709
The number of gallery rgb samples: 2000
==========Test with latent_z: new_z =========
Extracted features for query set, obtained torch.Size([2709, 192]) matrix
Extracted features for gallery set, obtained torch.Size([2000, 192]) matrix
Extracting features complete in 0m 6s
Distance computing in 0m 0s
Results ---------------------------------------------------
top1:24.9% top5:49.6% top10:61.4% top20:71.4% mAP:30.7%
-----------------------------------------------------------
Using 0m 0s
Classifier results ---------------------------------------------------
Query acc: 23.9% Gallery acc: 99.4% Total acc: 56.0%
Epoch:81 Time:9.4 Data:0.0 Loss:2.7271 Cls Loss:1.2966 Pair Loss:0.3809 KL Loss:1.2440 Recon Loss:0.1865 Acc:0.6870 
Epoch:82 Time:8.1 Data:0.0 Loss:3.1490 Cls Loss:1.3067 Pair Loss:0.3787 KL Loss:1.6557 Recon Loss:0.1866 Acc:0.6918 
Epoch:83 Time:7.9 Data:0.0 Loss:2.7980 Cls Loss:1.2960 Pair Loss:0.3803 KL Loss:1.3155 Recon Loss:0.1866 Acc:0.6915 
Epoch:84 Time:7.5 Data:0.0 Loss:2.9159 Cls Loss:1.3157 Pair Loss:0.3810 KL Loss:1.4136 Recon Loss:0.1866 Acc:0.6794 
Epoch:85 Time:7.8 Data:0.0 Loss:2.6480 Cls Loss:1.2538 Pair Loss:0.3734 KL Loss:1.2077 Recon Loss:0.1865 Acc:0.7041 
=> Test at epoch 85
==========Test with latent_z: z_c =========
Extracted features for query set, obtained torch.Size([2709, 128]) matrix
Extracted features for gallery set, obtained torch.Size([2000, 128]) matrix
Extracting features complete in 0m 3s
Distance computing in 0m 0s
Results ---------------------------------------------------
top1:24.6% top5:49.7% top10:61.2% top20:71.4% mAP:30.5%
-----------------------------------------------------------
Using 0m 0s
Classifier results ---------------------------------------------------
Query acc: 23.7% Gallery acc: 99.3% Total acc: 55.8%
The test feature is normalized
The number of query sketch samples: 2709
The number of gallery rgb samples: 2000
==========Test with latent_z: new_z =========
Extracted features for query set, obtained torch.Size([2709, 192]) matrix
Extracted features for gallery set, obtained torch.Size([2000, 192]) matrix
Extracting features complete in 0m 4s
Distance computing in 0m 0s
Results ---------------------------------------------------
top1:24.8% top5:50.1% top10:61.3% top20:71.7% mAP:30.7%
-----------------------------------------------------------
Using 0m 0s
Classifier results ---------------------------------------------------
Query acc: 23.7% Gallery acc: 99.3% Total acc: 55.8%
Epoch:86 Time:7.9 Data:0.0 Loss:2.9230 Cls Loss:1.2977 Pair Loss:0.3780 KL Loss:1.4388 Recon Loss:0.1865 Acc:0.6872 
Epoch:87 Time:7.7 Data:0.0 Loss:2.9298 Cls Loss:1.2823 Pair Loss:0.3791 KL Loss:1.4610 Recon Loss:0.1865 Acc:0.6943 
Epoch:88 Time:7.2 Data:0.0 Loss:2.8917 Cls Loss:1.2637 Pair Loss:0.3812 KL Loss:1.4415 Recon Loss:0.1865 Acc:0.6966 
Epoch:89 Time:7.6 Data:0.0 Loss:2.8648 Cls Loss:1.2552 Pair Loss:0.3757 KL Loss:1.4231 Recon Loss:0.1865 Acc:0.6905 
Epoch:90 Time:42.6 Data:0.0 Loss:2.8720 Cls Loss:1.2446 Pair Loss:0.3773 KL Loss:1.4409 Recon Loss:0.1865 Acc:0.7107 
The test feature is normalized
The number of sketch samples: 1983
The number of rgb samples: 1985
=> Test at epoch 90
==========Test with latent_z: z_c =========
Extracted features for query set, obtained torch.Size([2709, 128]) matrix
Extracted features for gallery set, obtained torch.Size([2000, 128]) matrix
Extracting features complete in 0m 4s
Distance computing in 0m 0s
Results ---------------------------------------------------
top1:24.5% top5:49.6% top10:60.9% top20:71.6% mAP:30.6%
-----------------------------------------------------------
Using 0m 0s
Classifier results ---------------------------------------------------
Query acc: 23.7% Gallery acc: 99.5% Total acc: 55.9%
The test feature is normalized
The number of query sketch samples: 2709
The number of gallery rgb samples: 2000
==========Test with latent_z: new_z =========
Extracted features for query set, obtained torch.Size([2709, 192]) matrix
Extracted features for gallery set, obtained torch.Size([2000, 192]) matrix
Extracting features complete in 0m 6s
Distance computing in 0m 0s
Results ---------------------------------------------------
top1:25.0% top5:50.0% top10:61.1% top20:71.4% mAP:30.8%
-----------------------------------------------------------
Using 0m 0s
Classifier results ---------------------------------------------------
Query acc: 23.7% Gallery acc: 99.5% Total acc: 55.9%
Epoch:91 Time:9.0 Data:0.0 Loss:2.7930 Cls Loss:1.2578 Pair Loss:0.3801 KL Loss:1.3488 Recon Loss:0.1864 Acc:0.6951 
Epoch:92 Time:8.5 Data:0.0 Loss:2.7789 Cls Loss:1.2384 Pair Loss:0.3745 KL Loss:1.3540 Recon Loss:0.1865 Acc:0.7089 
Epoch:93 Time:8.2 Data:0.0 Loss:2.5077 Cls Loss:1.2240 Pair Loss:0.3760 KL Loss:1.0971 Recon Loss:0.1866 Acc:0.7079 
Epoch:94 Time:8.1 Data:0.0 Loss:2.5865 Cls Loss:1.2184 Pair Loss:0.3700 KL Loss:1.1816 Recon Loss:0.1865 Acc:0.7119 
Epoch:95 Time:7.8 Data:0.0 Loss:2.7305 Cls Loss:1.1995 Pair Loss:0.3731 KL Loss:1.3445 Recon Loss:0.1865 Acc:0.7094 
=> Test at epoch 95
==========Test with latent_z: z_c =========
Extracted features for query set, obtained torch.Size([2709, 128]) matrix
Extracted features for gallery set, obtained torch.Size([2000, 128]) matrix
Extracting features complete in 0m 4s
Distance computing in 0m 0s
Results ---------------------------------------------------
top1:24.7% top5:49.6% top10:60.9% top20:71.7% mAP:30.7%
-----------------------------------------------------------
Using 0m 0s
Classifier results ---------------------------------------------------
Query acc: 23.6% Gallery acc: 99.5% Total acc: 55.8%
The test feature is normalized
The number of query sketch samples: 2709
The number of gallery rgb samples: 2000
==========Test with latent_z: new_z =========
Extracted features for query set, obtained torch.Size([2709, 192]) matrix
Extracted features for gallery set, obtained torch.Size([2000, 192]) matrix
Extracting features complete in 0m 5s
Distance computing in 0m 0s
Results ---------------------------------------------------
top1:25.1% top5:49.9% top10:60.9% top20:71.6% mAP:30.8%
-----------------------------------------------------------
Using 0m 0s
Classifier results ---------------------------------------------------
Query acc: 23.6% Gallery acc: 99.5% Total acc: 55.8%
Epoch:96 Time:8.3 Data:0.0 Loss:2.7585 Cls Loss:1.2357 Pair Loss:0.3748 KL Loss:1.3364 Recon Loss:0.1864 Acc:0.7039 
Epoch:97 Time:6.7 Data:0.0 Loss:2.7747 Cls Loss:1.1787 Pair Loss:0.3723 KL Loss:1.4095 Recon Loss:0.1865 Acc:0.7240 
Epoch:98 Time:7.3 Data:0.0 Loss:2.6880 Cls Loss:1.1707 Pair Loss:0.3738 KL Loss:1.3309 Recon Loss:0.1864 Acc:0.7188 
Epoch:99 Time:7.9 Data:0.0 Loss:2.8678 Cls Loss:1.2246 Pair Loss:0.3755 KL Loss:1.4568 Recon Loss:0.1864 Acc:0.7147 
Epoch:100 Time:42.0 Data:0.0 Loss:2.7428 Cls Loss:1.1746 Pair Loss:0.3693 KL Loss:1.3817 Recon Loss:0.1865 Acc:0.7225 
The test feature is normalized
The number of sketch samples: 1977
The number of rgb samples: 1991
=> Test at epoch 100
==========Test with latent_z: z_c =========
Extracted features for query set, obtained torch.Size([2709, 128]) matrix
Extracted features for gallery set, obtained torch.Size([2000, 128]) matrix
Extracting features complete in 0m 5s
Distance computing in 0m 0s
Results ---------------------------------------------------
top1:25.1% top5:49.9% top10:60.8% top20:71.7% mAP:30.8%
-----------------------------------------------------------
Using 0m 0s
Classifier results ---------------------------------------------------
Query acc: 23.4% Gallery acc: 99.6% Total acc: 55.7%
The test feature is normalized
The number of query sketch samples: 2709
The number of gallery rgb samples: 2000
==========Test with latent_z: new_z =========
Extracted features for query set, obtained torch.Size([2709, 192]) matrix
Extracted features for gallery set, obtained torch.Size([2000, 192]) matrix
Extracting features complete in 0m 5s
Distance computing in 0m 0s
Results ---------------------------------------------------
top1:25.1% top5:49.9% top10:61.1% top20:71.5% mAP:30.8%
-----------------------------------------------------------
Using 0m 0s
Classifier results ---------------------------------------------------
Query acc: 23.4% Gallery acc: 99.6% Total acc: 55.7%
Epoch:101 Time:9.1 Data:0.0 Loss:2.6733 Cls Loss:1.1692 Pair Loss:0.3730 KL Loss:1.3176 Recon Loss:0.1866 Acc:0.7225 
Epoch:102 Time:8.2 Data:0.0 Loss:2.5122 Cls Loss:1.1760 Pair Loss:0.3719 KL Loss:1.1497 Recon Loss:0.1865 Acc:0.7230 
Epoch:103 Time:8.4 Data:0.0 Loss:2.7945 Cls Loss:1.1985 Pair Loss:0.3760 KL Loss:1.4095 Recon Loss:0.1865 Acc:0.7104 
Epoch:104 Time:8.2 Data:0.0 Loss:2.7741 Cls Loss:1.1786 Pair Loss:0.3775 KL Loss:1.4090 Recon Loss:0.1865 Acc:0.7170 
Epoch:105 Time:8.2 Data:0.0 Loss:2.4855 Cls Loss:1.1542 Pair Loss:0.3698 KL Loss:1.1449 Recon Loss:0.1864 Acc:0.7314 
=> Test at epoch 105
==========Test with latent_z: z_c =========
Extracted features for query set, obtained torch.Size([2709, 128]) matrix
Extracted features for gallery set, obtained torch.Size([2000, 128]) matrix
Extracting features complete in 0m 6s
Distance computing in 0m 0s
Results ---------------------------------------------------
top1:25.0% top5:49.8% top10:61.2% top20:71.6% mAP:30.8%
-----------------------------------------------------------
Using 0m 0s
Classifier results ---------------------------------------------------
Query acc: 24.0% Gallery acc: 99.6% Total acc: 56.1%
The test feature is normalized
The number of query sketch samples: 2709
The number of gallery rgb samples: 2000
==========Test with latent_z: new_z =========
Extracted features for query set, obtained torch.Size([2709, 192]) matrix
Extracted features for gallery set, obtained torch.Size([2000, 192]) matrix
Extracting features complete in 0m 4s
Distance computing in 0m 0s
Results ---------------------------------------------------
top1:25.2% top5:49.9% top10:61.2% top20:71.7% mAP:30.9%
-----------------------------------------------------------
Using 0m 0s
Classifier results ---------------------------------------------------
Query acc: 24.0% Gallery acc: 99.6% Total acc: 56.1%
Epoch:106 Time:9.2 Data:0.0 Loss:2.8966 Cls Loss:1.1912 Pair Loss:0.3721 KL Loss:1.5190 Recon Loss:0.1864 Acc:0.7172 
Epoch:107 Time:8.6 Data:0.0 Loss:2.8815 Cls Loss:1.1593 Pair Loss:0.3726 KL Loss:1.5357 Recon Loss:0.1864 Acc:0.7223 
Epoch:108 Time:8.5 Data:0.0 Loss:2.4659 Cls Loss:1.1673 Pair Loss:0.3742 KL Loss:1.1122 Recon Loss:0.1864 Acc:0.7137 
Epoch:109 Time:8.0 Data:0.0 Loss:2.7396 Cls Loss:1.1598 Pair Loss:0.3716 KL Loss:1.3934 Recon Loss:0.1864 Acc:0.7278 
Epoch:110 Time:42.4 Data:0.0 Loss:2.8208 Cls Loss:1.1898 Pair Loss:0.3717 KL Loss:1.4446 Recon Loss:0.1864 Acc:0.7180 
The test feature is normalized
The number of sketch samples: 1981
The number of rgb samples: 1987
=> Test at epoch 110
==========Test with latent_z: z_c =========
Extracted features for query set, obtained torch.Size([2709, 128]) matrix
Extracted features for gallery set, obtained torch.Size([2000, 128]) matrix
Extracting features complete in 0m 5s
Distance computing in 0m 0s
Results ---------------------------------------------------
top1:25.1% top5:49.9% top10:61.8% top20:71.8% mAP:30.8%
-----------------------------------------------------------
Using 0m 0s
Classifier results ---------------------------------------------------
Query acc: 24.0% Gallery acc: 99.6% Total acc: 56.1%
The test feature is normalized
The number of query sketch samples: 2709
The number of gallery rgb samples: 2000
==========Test with latent_z: new_z =========
Extracted features for query set, obtained torch.Size([2709, 192]) matrix
Extracted features for gallery set, obtained torch.Size([2000, 192]) matrix
Extracting features complete in 0m 5s
Distance computing in 0m 0s
Results ---------------------------------------------------
top1:25.3% top5:50.1% top10:61.9% top20:71.8% mAP:30.9%
-----------------------------------------------------------
Using 0m 0s
Classifier results ---------------------------------------------------
Query acc: 24.0% Gallery acc: 99.6% Total acc: 56.1%
Epoch:111 Time:8.9 Data:0.0 Loss:2.7869 Cls Loss:1.1252 Pair Loss:0.3709 KL Loss:1.4753 Recon Loss:0.1864 Acc:0.7374 
Epoch:112 Time:7.9 Data:0.0 Loss:2.6172 Cls Loss:1.1596 Pair Loss:0.3713 KL Loss:1.2711 Recon Loss:0.1864 Acc:0.7218 
Epoch:113 Time:8.7 Data:0.0 Loss:2.8198 Cls Loss:1.1866 Pair Loss:0.3751 KL Loss:1.4468 Recon Loss:0.1865 Acc:0.7210 
Epoch:114 Time:8.5 Data:0.0 Loss:2.7267 Cls Loss:1.1419 Pair Loss:0.3703 KL Loss:1.3984 Recon Loss:0.1864 Acc:0.7336 
Epoch:115 Time:8.3 Data:0.0 Loss:2.7163 Cls Loss:1.1373 Pair Loss:0.3711 KL Loss:1.3926 Recon Loss:0.1864 Acc:0.7303 
=> Test at epoch 115
==========Test with latent_z: z_c =========
Extracted features for query set, obtained torch.Size([2709, 128]) matrix
Extracted features for gallery set, obtained torch.Size([2000, 128]) matrix
Extracting features complete in 0m 4s
Distance computing in 0m 0s
Results ---------------------------------------------------
top1:24.9% top5:50.2% top10:61.6% top20:71.5% mAP:30.8%
-----------------------------------------------------------
Using 0m 0s
Classifier results ---------------------------------------------------
Query acc: 24.1% Gallery acc: 99.5% Total acc: 56.1%
The test feature is normalized
The number of query sketch samples: 2709
The number of gallery rgb samples: 2000
==========Test with latent_z: new_z =========
Extracted features for query set, obtained torch.Size([2709, 192]) matrix
Extracted features for gallery set, obtained torch.Size([2000, 192]) matrix
Extracting features complete in 0m 5s
Distance computing in 0m 0s
Results ---------------------------------------------------
top1:25.0% top5:50.2% top10:61.9% top20:71.7% mAP:30.9%
-----------------------------------------------------------
Using 0m 0s
Classifier results ---------------------------------------------------
Query acc: 24.1% Gallery acc: 99.5% Total acc: 56.1%
Epoch:116 Time:8.8 Data:0.0 Loss:2.4644 Cls Loss:1.1057 Pair Loss:0.3701 KL Loss:1.1722 Recon Loss:0.1864 Acc:0.7445 
Epoch:117 Time:8.2 Data:0.0 Loss:2.6830 Cls Loss:1.1471 Pair Loss:0.3707 KL Loss:1.3495 Recon Loss:0.1864 Acc:0.7321 
Epoch:118 Time:7.9 Data:0.0 Loss:2.7844 Cls Loss:1.1415 Pair Loss:0.3723 KL Loss:1.4565 Recon Loss:0.1865 Acc:0.7336 
Epoch:119 Time:7.6 Data:0.0 Loss:2.7964 Cls Loss:1.1211 Pair Loss:0.3698 KL Loss:1.4888 Recon Loss:0.1865 Acc:0.7361 
Epoch:120 Time:41.5 Data:0.0 Loss:2.5375 Cls Loss:1.1201 Pair Loss:0.3729 KL Loss:1.2310 Recon Loss:0.1865 Acc:0.7356 
The test feature is normalized
The number of sketch samples: 1977
The number of rgb samples: 1991
=> Test at epoch 120
==========Test with latent_z: z_c =========
Extracted features for query set, obtained torch.Size([2709, 128]) matrix
Extracted features for gallery set, obtained torch.Size([2000, 128]) matrix
Extracting features complete in 0m 5s
Distance computing in 0m 0s
Results ---------------------------------------------------
top1:25.1% top5:50.2% top10:61.8% top20:71.8% mAP:30.9%
-----------------------------------------------------------
Using 0m 0s
Classifier results ---------------------------------------------------
Query acc: 24.7% Gallery acc: 99.5% Total acc: 56.4%
The test feature is normalized
The number of query sketch samples: 2709
The number of gallery rgb samples: 2000
==========Test with latent_z: new_z =========
Extracted features for query set, obtained torch.Size([2709, 192]) matrix
Extracted features for gallery set, obtained torch.Size([2000, 192]) matrix
Extracting features complete in 0m 5s
Distance computing in 0m 0s
Results ---------------------------------------------------
top1:25.2% top5:50.3% top10:61.6% top20:71.9% mAP:30.9%
-----------------------------------------------------------
Using 0m 0s
Classifier results ---------------------------------------------------
Query acc: 24.7% Gallery acc: 99.5% Total acc: 56.4%
Keep checkpoint file: checkpoint_ep120.pth.tar
=> Best Rank-1 25.1%, mAP 30.9% achieved at epoch 120
Finished. Total elapsed time (h:m:s): 2:05:58. Training time (h:m:s): 0:58:18.
Shutting down background jobs, please wait a moment...
Done!
Waiting for the remaining 35 operations to synchronize with Neptune. Do not kill this process.
All 35 operations synced, thanks for waiting!
Explore the metadata in the Neptune app:
https://app.neptune.ai/Zhengwei-Lab/MayCVAE/e/MAY-264/metadata
