https://app.neptune.ai/Zhengwei-Lab/MayCVAE/e/MAY-474
=> merge config from ./configs/clipreid_cvae_kl.yaml
/home/zhengwei/Desktop/Zhengwei/Projects/CVAE/main.py:91: NeptuneUnsupportedType: You're attempting to log a type that is not directly supported by Neptune (<class 'list'>).
        Convert the value to a supported type, such as a string or float, or use stringify_unsupported(obj)
        for dictionaries or collections that contain unsupported values.
        For more, see https://docs.neptune.ai/help/value_of_unsupported_type
  run["parameters"] = param
=> Configurations:
-------------------------
AMP: True
AUG:
  RC_PROB: 0.5
  RE_PROB: 0.5
DATA:
  CUHK03_CLASSIC_SPLIT: False
  CUHK03_LABELED: False
  DATASET: market1k
  FORMAT_TAG: tensor
  HEIGHT: 256
  NUM_INSTANCES: 4
  NUM_WORKERS: 4
  ROOT: /home/zhengwei/Desktop/Zhengwei/Projects/datasets
  SPLIT_ID: 0
  TEST_BATCH: 512
  TRAIN_BATCH: 64
  TRAIN_FORMAT: novel
  WIDTH: 128
EVAL_MODE: False
GPU: 0
LOSS:
  CLA_LOSS: crossentropy
  CLA_M: 0.0
  CLA_S: 16.0
  PAIR_LOSS: triplet
  PAIR_M: 0.3
  PAIR_S: 16.0
  RECON_LOSS: mse
  USE_NCE: False
MODEL:
  CONDITIONAL: False
  FEATURE_DIM: 1280
  FEAT_FUSION: True
  FLOW_TYPE: 
  GAUSSIAN: MultivariateNormal
  HIDDEN_DIM: 256
  LATENT_SIZE: 64
  NAME: CVAE
  ONLY_CVAE_KL: False
  ONLY_X_INPUT: False
  PRETRAIN: CLIPreidFinetune
  RES4_STRIDE: 1
  RESUME: /home/zhengwei/Desktop/Zhengwei/Projects/CVAE/outputs/market1k/clipreid_simplevae_tune/novel/2024-07-04/Tuned_SimpleVAE+2E_128+64z_1e3+3_60+120_KLtotalZ_noCLS
  TRAIN_STAGE: reidstage
  USE_CENTROID: False
  USE_TWO_ENCODER: True
  VAE_TYPE: SinpleVAE
  ZC_DIM: 128
  ZS_DIM: 64
OUTPUT: ./outputs/market1k/clipreid_simplevae_tune/novel/2024-07-14/2ndstage_SimpleVAE+2E_128+64z_1e3+3_60+120_KLtotalZ_s2_MLP+CLS_ceText+ce+trip
SAVED_NAME: 2ndstage_SimpleVAE+2E_128+64z_1e3+3_60+120_KLtotalZ_s2_MLP+CLS_ceText+ce+trip
SEED: 0
TAG: clipreid_simplevae_tune
TEST:
  DISTANCE: cosine
  EVAL_STEP: 5
  START_EVAL: -1
TRAIN:
  AMP: False
  LR_SCHEDULER:
    DECAY_RATE: 0.1
    NAME: MultiStepLR
    STEPSIZE: [60]
  MAX_EPOCH: 120
  OPTIMIZER:
    LR: 0.001
    NAME: adam
    SGDLR: 0.01
    SGD_MOMENTUM: 0.9
    SGD_WEIGHT_DECAY: 0.0005
    WEIGHT_DECAY: 0.0001
  START_EPOCH: 0
----------------------
Initializing dataset market1k
Warning: string series 'monitoring/87765e78/stdout' value was longer than 1000 characters and was truncated. This warning is printed only once per series.
=> Market-Sketch-1K tensor loaded
Dataset statistics:
  ------------------------------
  subset   | # ids | # images
  ------------------------------
  train    |   996 |     3992
  query    |   996 |     2709
  gallery  |   996 |     2000
  ------------------------------
  total    |  1992 |     8701
  ------------------------------
Initializing SinpleVAE model with 2 encoders
Model size: 11.88307M
[INFO] Register count_relu() for <class 'torch.nn.modules.activation.LeakyReLU'>.
[INFO] Register count_linear() for <class 'torch.nn.modules.linear.Linear'>.
[INFO] Register count_normalization() for <class 'torch.nn.modules.batchnorm.BatchNorm1d'>.
[INFO] Register zero_ops() for <class 'torch.nn.modules.activation.ReLU'>.
[INFO] Register zero_ops() for <class 'torch.nn.modules.dropout.Dropout'>.
[INFO] Register zero_ops() for <class 'torch.nn.modules.container.Sequential'>.
FLOPs: 0.75465G
Params: 11.78419M
Initialized classifier with feature_dim: 128, num_classes: 996
Classifier size: 0.12749M
reid_projector.weight is tuneable
=> Start Training Classifier Only
Loading checkpoint from '/home/zhengwei/Desktop/Zhengwei/Projects/CVAE/outputs/market1k/clipreid_simplevae_tune/novel/2024-07-04/Tuned_SimpleVAE+2E_128+64z_1e3+3_60+120_KLtotalZ_noCLS.best_model.pth.tar'
Ignores parameter:  i2t_projector.weight
Ignores parameter:  i2t_projector.bias
orginal best rank1 = 0.10668143226282761
=> Start evaluation on Novel data without finetuning
=> Test pretarined feature form VLP model
Normalizing features
Normalizing features
Extracted features for query set, obtained torch.Size([2709, 1280]) matrix
Extracted features for gallery set, obtained torch.Size([2000, 1280]) matrix
Extracting features complete in 0m 3s
Distance computing in 0m 0s
Computing CMC and mAP
Results ---------------------------------------------------
top1:35.2% top5:60.5% top10:71.2% top20:80.7% mAP:39.8%
-----------------------------------------------------------
Using 0m 0s
==========Test with latent_z: new_z =========
Extracted features for query set, obtained torch.Size([2709, 192]) matrix
Extracted features for gallery set, obtained torch.Size([2000, 192]) matrix
Extracting features complete in 0m 4s
Distance computing in 0m 0s
Results ---------------------------------------------------
top1:21.7% top5:43.9% top10:55.8% top20:68.4% mAP:26.6%
-----------------------------------------------------------
Using 0m 0s
Classifier results ---------------------------------------------------
Query acc: 0.1% Gallery acc: 0.2% Total acc: 0.1%
==========Test with latent_z: z_c =========
Extracted features for query set, obtained torch.Size([2709, 128]) matrix
Extracted features for gallery set, obtained torch.Size([2000, 128]) matrix
Extracting features complete in 0m 5s
Distance computing in 0m 0s
Results ---------------------------------------------------
top1:19.8% top5:40.2% top10:51.1% top20:64.2% mAP:23.8%
-----------------------------------------------------------
Using 0m 0s
Classifier results ---------------------------------------------------
Query acc: 0.1% Gallery acc: 0.2% Total acc: 0.1%
Jump TSNE in test
=> Start training
/home/zhengwei/Desktop/Zhengwei/Projects/CVAE/losses/center_loss.py:40: UserWarning: This overload of addmm_ is deprecated:
	addmm_(Number beta, Number alpha, Tensor mat1, Tensor mat2)
Consider using one of the following signatures instead:
	addmm_(Tensor mat1, Tensor mat2, *, Number beta, Number alpha) (Triggered internally at /opt/conda/conda-bld/pytorch_1670525539683/work/torch/csrc/utils/python_arg_parser.cpp:1420.)
  distmat.addmm_(1, -2, x, self.centers.t())
Epoch:1 Time:7.7 Data:0.0 Loss:7.1277 Cls Loss:6.8898 Pair Loss:0.2379 Center Loss:288.3010 KL Loss:358.9392 Recon Loss:0.1833 Acc:0.0015 
Epoch:2 Time:7.7 Data:0.0 Loss:6.9890 Cls Loss:6.7464 Pair Loss:0.2426 Center Loss:392.5517 KL Loss:358.3755 Recon Loss:0.1833 Acc:0.0063 
Epoch:3 Time:8.2 Data:0.0 Loss:6.1920 Cls Loss:5.9612 Pair Loss:0.2308 Center Loss:463.9960 KL Loss:358.3568 Recon Loss:0.1833 Acc:0.0363 
Epoch:4 Time:8.0 Data:0.0 Loss:5.3825 Cls Loss:5.1551 Pair Loss:0.2275 Center Loss:704.2142 KL Loss:357.9625 Recon Loss:0.1833 Acc:0.0449 
Epoch:5 Time:7.3 Data:0.0 Loss:4.5642 Cls Loss:4.3453 Pair Loss:0.2188 Center Loss:936.9701 KL Loss:357.7357 Recon Loss:0.1833 Acc:0.1046 
=> Test at epoch 5
==========Test with latent_z: z_c =========
Extracted features for query set, obtained torch.Size([2709, 128]) matrix
Extracted features for gallery set, obtained torch.Size([2000, 128]) matrix
Extracting features complete in 0m 4s
Distance computing in 0m 0s
Results ---------------------------------------------------
top1:16.1% top5:37.7% top10:48.7% top20:60.9% mAP:21.5%
-----------------------------------------------------------
Using 0m 0s
Classifier results ---------------------------------------------------
Query acc: 13.2% Gallery acc: 53.8% Total acc: 30.4%
Jump TSNE in test
==========Test with latent_z: new_z =========
Extracted features for query set, obtained torch.Size([2709, 192]) matrix
Extracted features for gallery set, obtained torch.Size([2000, 192]) matrix
Extracting features complete in 0m 4s
Distance computing in 0m 0s
Results ---------------------------------------------------
top1:21.7% top5:43.9% top10:55.8% top20:68.4% mAP:26.6%
-----------------------------------------------------------
Using 0m 0s
Classifier results ---------------------------------------------------
Query acc: 13.2% Gallery acc: 53.8% Total acc: 30.4%
Epoch:6 Time:8.6 Data:0.0 Loss:3.7916 Cls Loss:3.5802 Pair Loss:0.2114 Center Loss:1130.9813 KL Loss:357.5183 Recon Loss:0.1833 Acc:0.2034 
Epoch:7 Time:8.1 Data:0.0 Loss:3.1176 Cls Loss:2.9154 Pair Loss:0.2022 Center Loss:1328.8306 KL Loss:357.0838 Recon Loss:0.1833 Acc:0.3168 
Epoch:8 Time:7.8 Data:0.0 Loss:2.5484 Cls Loss:2.3531 Pair Loss:0.1953 Center Loss:1499.0741 KL Loss:356.9825 Recon Loss:0.1833 Acc:0.4589 
Epoch:9 Time:6.2 Data:0.0 Loss:2.0728 Cls Loss:1.8793 Pair Loss:0.1935 Center Loss:1642.6423 KL Loss:356.4245 Recon Loss:0.1833 Acc:0.5822 
Epoch:10 Time:5.8 Data:0.0 Loss:1.6686 Cls Loss:1.4838 Pair Loss:0.1849 Center Loss:1775.1208 KL Loss:356.4133 Recon Loss:0.1833 Acc:0.6809 
=> Test at epoch 10
==========Test with latent_z: z_c =========
Extracted features for query set, obtained torch.Size([2709, 128]) matrix
Extracted features for gallery set, obtained torch.Size([2000, 128]) matrix
Extracting features complete in 0m 4s
Distance computing in 0m 0s
Results ---------------------------------------------------
top1:17.6% top5:39.6% top10:50.8% top20:63.3% mAP:23.2%
-----------------------------------------------------------
Using 0m 0s
Classifier results ---------------------------------------------------
Query acc: 20.4% Gallery acc: 92.4% Total acc: 51.0%
Jump TSNE in test
==========Test with latent_z: new_z =========
Extracted features for query set, obtained torch.Size([2709, 192]) matrix
Extracted features for gallery set, obtained torch.Size([2000, 192]) matrix
Extracting features complete in 0m 3s
Distance computing in 0m 0s
Results ---------------------------------------------------
top1:21.7% top5:43.9% top10:55.8% top20:68.4% mAP:26.6%
-----------------------------------------------------------
Using 0m 0s
Classifier results ---------------------------------------------------
Query acc: 20.4% Gallery acc: 92.4% Total acc: 51.0%
Epoch:11 Time:6.3 Data:0.0 Loss:1.3599 Cls Loss:1.1779 Pair Loss:0.1820 Center Loss:1889.3166 KL Loss:355.8651 Recon Loss:0.1833 Acc:0.7608 
Epoch:12 Time:7.1 Data:0.0 Loss:1.1166 Cls Loss:0.9366 Pair Loss:0.1800 Center Loss:2004.1002 KL Loss:356.3063 Recon Loss:0.1834 Acc:0.8201 
Epoch:13 Time:6.1 Data:0.0 Loss:0.9414 Cls Loss:0.7610 Pair Loss:0.1805 Center Loss:2096.4354 KL Loss:355.8596 Recon Loss:0.1833 Acc:0.8642 
Epoch:14 Time:6.9 Data:0.0 Loss:0.7692 Cls Loss:0.5892 Pair Loss:0.1799 Center Loss:2183.5600 KL Loss:355.3481 Recon Loss:0.1833 Acc:0.9040 
Epoch:15 Time:7.2 Data:0.0 Loss:0.6571 Cls Loss:0.4811 Pair Loss:0.1760 Center Loss:2270.9131 KL Loss:355.2518 Recon Loss:0.1833 Acc:0.9304 
=> Test at epoch 15
==========Test with latent_z: z_c =========
Extracted features for query set, obtained torch.Size([2709, 128]) matrix
Extracted features for gallery set, obtained torch.Size([2000, 128]) matrix
Extracting features complete in 0m 4s
Distance computing in 0m 0s
Results ---------------------------------------------------
top1:18.3% top5:40.2% top10:52.0% top20:64.5% mAP:23.9%
-----------------------------------------------------------
Using 0m 0s
Classifier results ---------------------------------------------------
Query acc: 21.5% Gallery acc: 98.7% Total acc: 54.3%
Jump TSNE in test
==========Test with latent_z: new_z =========
Extracted features for query set, obtained torch.Size([2709, 192]) matrix
Extracted features for gallery set, obtained torch.Size([2000, 192]) matrix
Extracting features complete in 0m 3s
Distance computing in 0m 0s
Results ---------------------------------------------------
top1:21.7% top5:43.9% top10:55.8% top20:68.4% mAP:26.6%
-----------------------------------------------------------
Using 0m 0s
Classifier results ---------------------------------------------------
Query acc: 21.5% Gallery acc: 98.7% Total acc: 54.3%
Epoch:16 Time:6.1 Data:0.0 Loss:0.5761 Cls Loss:0.3959 Pair Loss:0.1801 Center Loss:2344.3838 KL Loss:354.5809 Recon Loss:0.1833 Acc:0.9496 
Epoch:17 Time:8.0 Data:0.0 Loss:0.5079 Cls Loss:0.3268 Pair Loss:0.1811 Center Loss:2410.8495 KL Loss:354.4792 Recon Loss:0.1833 Acc:0.9609 
Epoch:18 Time:7.8 Data:0.0 Loss:0.4464 Cls Loss:0.2745 Pair Loss:0.1719 Center Loss:2477.2606 KL Loss:354.3830 Recon Loss:0.1833 Acc:0.9718 
Epoch:19 Time:7.7 Data:0.0 Loss:0.3988 Cls Loss:0.2257 Pair Loss:0.1731 Center Loss:2535.6426 KL Loss:354.2344 Recon Loss:0.1833 Acc:0.9793 
Epoch:20 Time:8.0 Data:0.0 Loss:0.3705 Cls Loss:0.1962 Pair Loss:0.1743 Center Loss:2583.6833 KL Loss:353.8895 Recon Loss:0.1833 Acc:0.9831 
=> Test at epoch 20
==========Test with latent_z: z_c =========
Extracted features for query set, obtained torch.Size([2709, 128]) matrix
Extracted features for gallery set, obtained torch.Size([2000, 128]) matrix
Extracting features complete in 0m 4s
Distance computing in 0m 0s
Results ---------------------------------------------------
top1:18.6% top5:40.8% top10:52.6% top20:65.3% mAP:24.3%
-----------------------------------------------------------
Using 0m 0s
Classifier results ---------------------------------------------------
Query acc: 22.2% Gallery acc: 99.7% Total acc: 55.1%
Jump TSNE in test
==========Test with latent_z: new_z =========
Extracted features for query set, obtained torch.Size([2709, 192]) matrix
Extracted features for gallery set, obtained torch.Size([2000, 192]) matrix
Extracting features complete in 0m 3s
Distance computing in 0m 0s
Results ---------------------------------------------------
top1:21.7% top5:43.9% top10:55.8% top20:68.4% mAP:26.6%
-----------------------------------------------------------
Using 0m 0s
Classifier results ---------------------------------------------------
Query acc: 22.2% Gallery acc: 99.7% Total acc: 55.1%
Epoch:21 Time:6.3 Data:0.0 Loss:0.3321 Cls Loss:0.1644 Pair Loss:0.1677 Center Loss:2635.3486 KL Loss:353.9645 Recon Loss:0.1833 Acc:0.9884 
Epoch:22 Time:7.3 Data:0.0 Loss:0.3210 Cls Loss:0.1446 Pair Loss:0.1764 Center Loss:2680.0896 KL Loss:353.3824 Recon Loss:0.1833 Acc:0.9927 
Epoch:23 Time:7.1 Data:0.0 Loss:0.3021 Cls Loss:0.1272 Pair Loss:0.1749 Center Loss:2718.9589 KL Loss:353.0397 Recon Loss:0.1833 Acc:0.9940 
Epoch:24 Time:7.3 Data:0.0 Loss:0.2766 Cls Loss:0.1126 Pair Loss:0.1640 Center Loss:2753.8562 KL Loss:352.9654 Recon Loss:0.1833 Acc:0.9950 
Epoch:25 Time:7.4 Data:0.0 Loss:0.2769 Cls Loss:0.1030 Pair Loss:0.1739 Center Loss:2782.1720 KL Loss:352.5797 Recon Loss:0.1833 Acc:0.9942 
=> Test at epoch 25
==========Test with latent_z: z_c =========
Extracted features for query set, obtained torch.Size([2709, 128]) matrix
Extracted features for gallery set, obtained torch.Size([2000, 128]) matrix
Extracting features complete in 0m 4s
Distance computing in 0m 0s
Results ---------------------------------------------------
top1:18.9% top5:41.6% top10:53.0% top20:65.8% mAP:24.6%
-----------------------------------------------------------
Using 0m 0s
Classifier results ---------------------------------------------------
Query acc: 22.1% Gallery acc: 100.0% Total acc: 55.2%
Jump TSNE in test
==========Test with latent_z: new_z =========
Extracted features for query set, obtained torch.Size([2709, 192]) matrix
Extracted features for gallery set, obtained torch.Size([2000, 192]) matrix
Extracting features complete in 0m 3s
Distance computing in 0m 0s
Results ---------------------------------------------------
top1:21.7% top5:43.9% top10:55.8% top20:68.4% mAP:26.6%
-----------------------------------------------------------
Using 0m 0s
Classifier results ---------------------------------------------------
Query acc: 22.1% Gallery acc: 100.0% Total acc: 55.2%
Epoch:26 Time:6.3 Data:0.0 Loss:0.2658 Cls Loss:0.0941 Pair Loss:0.1718 Center Loss:2813.5698 KL Loss:352.6947 Recon Loss:0.1833 Acc:0.9955 
Epoch:27 Time:7.9 Data:0.0 Loss:0.2513 Cls Loss:0.0822 Pair Loss:0.1691 Center Loss:2837.3587 KL Loss:352.1303 Recon Loss:0.1833 Acc:0.9980 
Epoch:28 Time:7.7 Data:0.0 Loss:0.2401 Cls Loss:0.0757 Pair Loss:0.1644 Center Loss:2860.0570 KL Loss:352.1414 Recon Loss:0.1833 Acc:0.9980 
Epoch:29 Time:8.2 Data:0.0 Loss:0.2366 Cls Loss:0.0698 Pair Loss:0.1668 Center Loss:2875.4290 KL Loss:351.5059 Recon Loss:0.1833 Acc:0.9967 
Epoch:30 Time:7.7 Data:0.0 Loss:0.2295 Cls Loss:0.0645 Pair Loss:0.1650 Center Loss:2898.8195 KL Loss:351.3731 Recon Loss:0.1833 Acc:0.9977 
=> Test at epoch 30
==========Test with latent_z: z_c =========
Extracted features for query set, obtained torch.Size([2709, 128]) matrix
Extracted features for gallery set, obtained torch.Size([2000, 128]) matrix
Extracting features complete in 0m 4s
Distance computing in 0m 0s
Results ---------------------------------------------------
top1:19.3% top5:41.7% top10:53.4% top20:66.4% mAP:24.9%
-----------------------------------------------------------
Using 0m 0s
Classifier results ---------------------------------------------------
Query acc: 22.6% Gallery acc: 100.0% Total acc: 55.5%
Jump TSNE in test
==========Test with latent_z: new_z =========
Extracted features for query set, obtained torch.Size([2709, 192]) matrix
Extracted features for gallery set, obtained torch.Size([2000, 192]) matrix
Extracting features complete in 0m 3s
Distance computing in 0m 0s
Results ---------------------------------------------------
top1:21.7% top5:43.9% top10:55.8% top20:68.4% mAP:26.6%
-----------------------------------------------------------
Using 0m 0s
Classifier results ---------------------------------------------------
Query acc: 22.6% Gallery acc: 100.0% Total acc: 55.5%
Epoch:31 Time:6.6 Data:0.0 Loss:0.2296 Cls Loss:0.0606 Pair Loss:0.1691 Center Loss:2911.7380 KL Loss:351.3196 Recon Loss:0.1834 Acc:0.9982 
Epoch:32 Time:8.4 Data:0.0 Loss:0.2216 Cls Loss:0.0539 Pair Loss:0.1676 Center Loss:2924.5337 KL Loss:351.1262 Recon Loss:0.1833 Acc:0.9990 
Epoch:33 Time:7.6 Data:0.0 Loss:0.2203 Cls Loss:0.0513 Pair Loss:0.1690 Center Loss:2938.5554 KL Loss:350.7022 Recon Loss:0.1833 Acc:0.9990 
Epoch:34 Time:7.9 Data:0.0 Loss:0.2080 Cls Loss:0.0473 Pair Loss:0.1607 Center Loss:2949.8649 KL Loss:350.2991 Recon Loss:0.1833 Acc:0.9990 
Epoch:35 Time:7.8 Data:0.0 Loss:0.2071 Cls Loss:0.0431 Pair Loss:0.1640 Center Loss:2949.6804 KL Loss:350.2402 Recon Loss:0.1833 Acc:0.9992 
=> Test at epoch 35
==========Test with latent_z: z_c =========
Extracted features for query set, obtained torch.Size([2709, 128]) matrix
Extracted features for gallery set, obtained torch.Size([2000, 128]) matrix
Extracting features complete in 0m 4s
Distance computing in 0m 0s
Results ---------------------------------------------------
top1:19.4% top5:41.9% top10:53.7% top20:66.3% mAP:25.1%
-----------------------------------------------------------
Using 0m 0s
Classifier results ---------------------------------------------------
Query acc: 22.5% Gallery acc: 100.0% Total acc: 55.4%
Jump TSNE in test
==========Test with latent_z: new_z =========
Extracted features for query set, obtained torch.Size([2709, 192]) matrix
Extracted features for gallery set, obtained torch.Size([2000, 192]) matrix
Extracting features complete in 0m 3s
Distance computing in 0m 0s
Results ---------------------------------------------------
top1:21.7% top5:43.9% top10:55.8% top20:68.4% mAP:26.6%
-----------------------------------------------------------
Using 0m 0s
Classifier results ---------------------------------------------------
Query acc: 22.5% Gallery acc: 100.0% Total acc: 55.4%
Epoch:36 Time:5.3 Data:0.0 Loss:0.2022 Cls Loss:0.0432 Pair Loss:0.1590 Center Loss:2960.5800 KL Loss:350.1314 Recon Loss:0.1834 Acc:0.9990 
Epoch:37 Time:6.5 Data:0.0 Loss:0.2059 Cls Loss:0.0404 Pair Loss:0.1655 Center Loss:2963.7002 KL Loss:349.7429 Recon Loss:0.1833 Acc:0.9990 
Epoch:38 Time:6.2 Data:0.0 Loss:0.1943 Cls Loss:0.0386 Pair Loss:0.1558 Center Loss:2968.3008 KL Loss:349.4948 Recon Loss:0.1834 Acc:0.9990 
Epoch:39 Time:6.5 Data:0.0 Loss:0.1923 Cls Loss:0.0363 Pair Loss:0.1560 Center Loss:2968.7968 KL Loss:349.2791 Recon Loss:0.1833 Acc:0.9990 
Epoch:40 Time:6.3 Data:0.0 Loss:0.1954 Cls Loss:0.0355 Pair Loss:0.1600 Center Loss:2968.6729 KL Loss:348.9658 Recon Loss:0.1833 Acc:0.9987 
=> Test at epoch 40
==========Test with latent_z: z_c =========
Extracted features for query set, obtained torch.Size([2709, 128]) matrix
Extracted features for gallery set, obtained torch.Size([2000, 128]) matrix
Extracting features complete in 0m 4s
Distance computing in 0m 0s
Results ---------------------------------------------------
top1:19.4% top5:42.1% top10:54.4% top20:67.2% mAP:25.3%
-----------------------------------------------------------
Using 0m 0s
Classifier results ---------------------------------------------------
Query acc: 22.7% Gallery acc: 100.0% Total acc: 55.6%
Jump TSNE in test
==========Test with latent_z: new_z =========
Extracted features for query set, obtained torch.Size([2709, 192]) matrix
Extracted features for gallery set, obtained torch.Size([2000, 192]) matrix
Extracting features complete in 0m 4s
Distance computing in 0m 0s
Results ---------------------------------------------------
top1:21.7% top5:43.9% top10:55.8% top20:68.4% mAP:26.6%
-----------------------------------------------------------
Using 0m 0s
Classifier results ---------------------------------------------------
Query acc: 22.7% Gallery acc: 100.0% Total acc: 55.6%
Epoch:41 Time:6.3 Data:0.0 Loss:0.1959 Cls Loss:0.0341 Pair Loss:0.1618 Center Loss:2971.8427 KL Loss:348.9221 Recon Loss:0.1833 Acc:0.9992 
Epoch:42 Time:5.6 Data:0.0 Loss:0.1953 Cls Loss:0.0317 Pair Loss:0.1636 Center Loss:2965.7831 KL Loss:348.4310 Recon Loss:0.1833 Acc:0.9990 
Epoch:43 Time:7.5 Data:0.0 Loss:0.1877 Cls Loss:0.0306 Pair Loss:0.1571 Center Loss:2968.9586 KL Loss:348.6016 Recon Loss:0.1834 Acc:0.9992 
Epoch:44 Time:7.6 Data:0.0 Loss:0.1874 Cls Loss:0.0290 Pair Loss:0.1584 Center Loss:2964.4581 KL Loss:348.0048 Recon Loss:0.1833 Acc:0.9992 
Epoch:45 Time:7.2 Data:0.0 Loss:0.1830 Cls Loss:0.0274 Pair Loss:0.1556 Center Loss:2960.1969 KL Loss:347.8810 Recon Loss:0.1833 Acc:0.9995 
=> Test at epoch 45
==========Test with latent_z: z_c =========
Extracted features for query set, obtained torch.Size([2709, 128]) matrix
Extracted features for gallery set, obtained torch.Size([2000, 128]) matrix
Extracting features complete in 0m 4s
Distance computing in 0m 0s
Results ---------------------------------------------------
top1:19.8% top5:42.4% top10:54.7% top20:67.9% mAP:25.6%
-----------------------------------------------------------
Using 0m 0s
Classifier results ---------------------------------------------------
Query acc: 22.8% Gallery acc: 100.0% Total acc: 55.6%
Jump TSNE in test
==========Test with latent_z: new_z =========
Extracted features for query set, obtained torch.Size([2709, 192]) matrix
Extracted features for gallery set, obtained torch.Size([2000, 192]) matrix
Extracting features complete in 0m 3s
Distance computing in 0m 0s
Results ---------------------------------------------------
top1:21.7% top5:43.9% top10:55.8% top20:68.4% mAP:26.6%
-----------------------------------------------------------
Using 0m 0s
Classifier results ---------------------------------------------------
Query acc: 22.8% Gallery acc: 100.0% Total acc: 55.6%
Epoch:46 Time:6.3 Data:0.0 Loss:0.1828 Cls Loss:0.0272 Pair Loss:0.1556 Center Loss:2959.6162 KL Loss:347.7571 Recon Loss:0.1834 Acc:0.9992 
Epoch:47 Time:5.6 Data:0.0 Loss:0.1804 Cls Loss:0.0257 Pair Loss:0.1548 Center Loss:2945.9303 KL Loss:347.5025 Recon Loss:0.1833 Acc:0.9995 
Epoch:48 Time:7.9 Data:0.0 Loss:0.1781 Cls Loss:0.0257 Pair Loss:0.1524 Center Loss:2930.0722 KL Loss:346.7903 Recon Loss:0.1833 Acc:0.9992 
Epoch:49 Time:8.1 Data:0.0 Loss:0.1781 Cls Loss:0.0244 Pair Loss:0.1537 Center Loss:2923.6777 KL Loss:346.6644 Recon Loss:0.1833 Acc:0.9992 
Epoch:50 Time:7.6 Data:0.0 Loss:0.1740 Cls Loss:0.0227 Pair Loss:0.1513 Center Loss:2910.6885 KL Loss:346.4458 Recon Loss:0.1833 Acc:0.9997 
=> Test at epoch 50
==========Test with latent_z: z_c =========
Extracted features for query set, obtained torch.Size([2709, 128]) matrix
Extracted features for gallery set, obtained torch.Size([2000, 128]) matrix
Extracting features complete in 0m 4s
Distance computing in 0m 0s
Results ---------------------------------------------------
top1:20.1% top5:42.9% top10:55.0% top20:68.0% mAP:25.9%
-----------------------------------------------------------
Using 0m 0s
Classifier results ---------------------------------------------------
Query acc: 23.2% Gallery acc: 100.0% Total acc: 55.8%
Jump TSNE in test
==========Test with latent_z: new_z =========
Extracted features for query set, obtained torch.Size([2709, 192]) matrix
Extracted features for gallery set, obtained torch.Size([2000, 192]) matrix
Extracting features complete in 0m 4s
Distance computing in 0m 0s
Results ---------------------------------------------------
top1:21.7% top5:43.9% top10:55.8% top20:68.4% mAP:26.6%
-----------------------------------------------------------
Using 0m 0s
Classifier results ---------------------------------------------------
Query acc: 23.2% Gallery acc: 100.0% Total acc: 55.8%
Epoch:51 Time:7.2 Data:0.0 Loss:0.1757 Cls Loss:0.0235 Pair Loss:0.1522 Center Loss:2898.4673 KL Loss:346.2931 Recon Loss:0.1833 Acc:0.9992 
Epoch:52 Time:5.7 Data:0.0 Loss:0.1676 Cls Loss:0.0223 Pair Loss:0.1453 Center Loss:2882.5461 KL Loss:345.9134 Recon Loss:0.1833 Acc:0.9995 
Epoch:53 Time:6.5 Data:0.0 Loss:0.1730 Cls Loss:0.0220 Pair Loss:0.1509 Center Loss:2876.7741 KL Loss:345.9251 Recon Loss:0.1833 Acc:0.9995 
Epoch:54 Time:6.5 Data:0.0 Loss:0.1808 Cls Loss:0.0220 Pair Loss:0.1588 Center Loss:2866.0061 KL Loss:345.6072 Recon Loss:0.1833 Acc:0.9990 
Epoch:55 Time:6.8 Data:0.0 Loss:0.1681 Cls Loss:0.0205 Pair Loss:0.1476 Center Loss:2852.9255 KL Loss:345.3728 Recon Loss:0.1833 Acc:0.9992 
=> Test at epoch 55
==========Test with latent_z: z_c =========
Extracted features for query set, obtained torch.Size([2709, 128]) matrix
Extracted features for gallery set, obtained torch.Size([2000, 128]) matrix
Extracting features complete in 0m 4s
Distance computing in 0m 0s
Results ---------------------------------------------------
top1:20.7% top5:43.3% top10:55.6% top20:68.3% mAP:26.2%
-----------------------------------------------------------
Using 0m 0s
Classifier results ---------------------------------------------------
Query acc: 23.4% Gallery acc: 100.0% Total acc: 55.9%
Jump TSNE in test
==========Test with latent_z: new_z =========
Extracted features for query set, obtained torch.Size([2709, 192]) matrix
Extracted features for gallery set, obtained torch.Size([2000, 192]) matrix
Extracting features complete in 0m 4s
Distance computing in 0m 0s
Results ---------------------------------------------------
top1:21.7% top5:43.9% top10:55.8% top20:68.4% mAP:26.6%
-----------------------------------------------------------
Using 0m 0s
Classifier results ---------------------------------------------------
Query acc: 23.4% Gallery acc: 100.0% Total acc: 55.9%
Epoch:56 Time:8.6 Data:0.0 Loss:0.1709 Cls Loss:0.0213 Pair Loss:0.1496 Center Loss:2836.7450 KL Loss:344.9822 Recon Loss:0.1833 Acc:0.9990 
Epoch:57 Time:5.5 Data:0.0 Loss:0.1687 Cls Loss:0.0205 Pair Loss:0.1482 Center Loss:2825.4413 KL Loss:344.8823 Recon Loss:0.1834 Acc:0.9992 
Epoch:58 Time:6.7 Data:0.0 Loss:0.1708 Cls Loss:0.0192 Pair Loss:0.1516 Center Loss:2803.1040 KL Loss:344.4488 Recon Loss:0.1833 Acc:0.9995 
Epoch:59 Time:6.4 Data:0.0 Loss:0.1672 Cls Loss:0.0193 Pair Loss:0.1479 Center Loss:2789.7937 KL Loss:344.3136 Recon Loss:0.1834 Acc:0.9995 
Epoch:60 Time:6.8 Data:0.0 Loss:0.1693 Cls Loss:0.0227 Pair Loss:0.1466 Center Loss:2782.3444 KL Loss:344.0452 Recon Loss:0.1834 Acc:0.9985 
=> Test at epoch 60
==========Test with latent_z: z_c =========
Extracted features for query set, obtained torch.Size([2709, 128]) matrix
Extracted features for gallery set, obtained torch.Size([2000, 128]) matrix
Extracting features complete in 0m 4s
Distance computing in 0m 0s
Results ---------------------------------------------------
top1:21.0% top5:43.8% top10:56.1% top20:68.4% mAP:26.5%
-----------------------------------------------------------
Using 0m 0s
Classifier results ---------------------------------------------------
Query acc: 22.7% Gallery acc: 99.9% Total acc: 55.5%
Jump TSNE in test
==========Test with latent_z: new_z =========
Extracted features for query set, obtained torch.Size([2709, 192]) matrix
Extracted features for gallery set, obtained torch.Size([2000, 192]) matrix
Extracting features complete in 0m 4s
Distance computing in 0m 0s
Results ---------------------------------------------------
top1:21.7% top5:43.9% top10:55.8% top20:68.4% mAP:26.6%
-----------------------------------------------------------
Using 0m 0s
Classifier results ---------------------------------------------------
Query acc: 22.7% Gallery acc: 99.9% Total acc: 55.5%
Epoch:61 Time:8.5 Data:0.0 Loss:0.1748 Cls Loss:0.0240 Pair Loss:0.1507 Center Loss:2776.8105 KL Loss:343.8002 Recon Loss:0.1834 Acc:0.9982 
Epoch:62 Time:5.5 Data:0.0 Loss:0.1750 Cls Loss:0.0206 Pair Loss:0.1544 Center Loss:2773.4203 KL Loss:343.4648 Recon Loss:0.1833 Acc:0.9985 
Epoch:63 Time:6.0 Data:0.0 Loss:0.1701 Cls Loss:0.0184 Pair Loss:0.1517 Center Loss:2768.4617 KL Loss:343.3646 Recon Loss:0.1833 Acc:0.9985 
Epoch:64 Time:6.6 Data:0.0 Loss:0.1684 Cls Loss:0.0167 Pair Loss:0.1517 Center Loss:2765.9236 KL Loss:342.9274 Recon Loss:0.1833 Acc:0.9987 
Epoch:65 Time:6.5 Data:0.0 Loss:0.1655 Cls Loss:0.0155 Pair Loss:0.1500 Center Loss:2765.8834 KL Loss:342.6753 Recon Loss:0.1833 Acc:0.9987 
=> Test at epoch 65
==========Test with latent_z: z_c =========
Extracted features for query set, obtained torch.Size([2709, 128]) matrix
Extracted features for gallery set, obtained torch.Size([2000, 128]) matrix
Extracting features complete in 0m 4s
Distance computing in 0m 0s
Results ---------------------------------------------------
top1:21.1% top5:43.9% top10:56.1% top20:68.7% mAP:26.6%
-----------------------------------------------------------
Using 0m 0s
Classifier results ---------------------------------------------------
Query acc: 23.1% Gallery acc: 99.9% Total acc: 55.7%
Jump TSNE in test
==========Test with latent_z: new_z =========
Extracted features for query set, obtained torch.Size([2709, 192]) matrix
Extracted features for gallery set, obtained torch.Size([2000, 192]) matrix
Extracting features complete in 0m 3s
Distance computing in 0m 0s
Results ---------------------------------------------------
top1:21.7% top5:43.9% top10:55.8% top20:68.4% mAP:26.6%
-----------------------------------------------------------
Using 0m 0s
Classifier results ---------------------------------------------------
Query acc: 23.1% Gallery acc: 99.9% Total acc: 55.7%
Epoch:66 Time:7.5 Data:0.0 Loss:0.1592 Cls Loss:0.0148 Pair Loss:0.1445 Center Loss:2763.5754 KL Loss:342.4492 Recon Loss:0.1833 Acc:0.9987 
Epoch:67 Time:4.9 Data:0.0 Loss:0.1649 Cls Loss:0.0144 Pair Loss:0.1505 Center Loss:2760.8217 KL Loss:342.3694 Recon Loss:0.1832 Acc:0.9990 
Epoch:68 Time:5.9 Data:0.0 Loss:0.1569 Cls Loss:0.0142 Pair Loss:0.1428 Center Loss:2758.7066 KL Loss:342.1244 Recon Loss:0.1833 Acc:0.9990 
Epoch:69 Time:8.3 Data:0.0 Loss:0.1620 Cls Loss:0.0140 Pair Loss:0.1480 Center Loss:2754.5649 KL Loss:341.9114 Recon Loss:0.1833 Acc:0.9992 
Epoch:70 Time:8.0 Data:0.0 Loss:0.1611 Cls Loss:0.0139 Pair Loss:0.1472 Center Loss:2750.1649 KL Loss:341.3839 Recon Loss:0.1833 Acc:0.9992 
=> Test at epoch 70
==========Test with latent_z: z_c =========
Extracted features for query set, obtained torch.Size([2709, 128]) matrix
Extracted features for gallery set, obtained torch.Size([2000, 128]) matrix
Extracting features complete in 0m 4s
Distance computing in 0m 0s
Results ---------------------------------------------------
top1:21.2% top5:44.0% top10:56.1% top20:68.7% mAP:26.6%
-----------------------------------------------------------
Using 0m 0s
Classifier results ---------------------------------------------------
Query acc: 23.2% Gallery acc: 100.0% Total acc: 55.8%
Jump TSNE in test
==========Test with latent_z: new_z =========
Extracted features for query set, obtained torch.Size([2709, 192]) matrix
Extracted features for gallery set, obtained torch.Size([2000, 192]) matrix
Extracting features complete in 0m 3s
Distance computing in 0m 0s
Results ---------------------------------------------------
top1:21.7% top5:43.9% top10:55.8% top20:68.4% mAP:26.6%
-----------------------------------------------------------
Using 0m 0s
Classifier results ---------------------------------------------------
Query acc: 23.2% Gallery acc: 100.0% Total acc: 55.8%
Epoch:71 Time:7.0 Data:0.0 Loss:0.1590 Cls Loss:0.0138 Pair Loss:0.1453 Center Loss:2746.0476 KL Loss:341.2771 Recon Loss:0.1833 Acc:0.9995 
Epoch:72 Time:6.8 Data:0.0 Loss:0.1625 Cls Loss:0.0138 Pair Loss:0.1487 Center Loss:2745.2302 KL Loss:341.1594 Recon Loss:0.1833 Acc:0.9995 
Epoch:73 Time:4.9 Data:0.0 Loss:0.1597 Cls Loss:0.0136 Pair Loss:0.1461 Center Loss:2742.7298 KL Loss:340.9929 Recon Loss:0.1834 Acc:0.9995 
Epoch:74 Time:7.0 Data:0.0 Loss:0.1561 Cls Loss:0.0137 Pair Loss:0.1424 Center Loss:2739.5383 KL Loss:340.5604 Recon Loss:0.1833 Acc:0.9990 
Epoch:75 Time:6.5 Data:0.0 Loss:0.1624 Cls Loss:0.0137 Pair Loss:0.1487 Center Loss:2737.4215 KL Loss:340.3156 Recon Loss:0.1833 Acc:0.9990 
=> Test at epoch 75
==========Test with latent_z: z_c =========
Extracted features for query set, obtained torch.Size([2709, 128]) matrix
Extracted features for gallery set, obtained torch.Size([2000, 128]) matrix
Extracting features complete in 0m 4s
Distance computing in 0m 0s
Results ---------------------------------------------------
top1:21.2% top5:44.1% top10:56.3% top20:68.8% mAP:26.6%
-----------------------------------------------------------
Using 0m 0s
Classifier results ---------------------------------------------------
Query acc: 23.1% Gallery acc: 100.0% Total acc: 55.8%
Jump TSNE in test
==========Test with latent_z: new_z =========
Extracted features for query set, obtained torch.Size([2709, 192]) matrix
Extracted features for gallery set, obtained torch.Size([2000, 192]) matrix
Extracting features complete in 0m 4s
Distance computing in 0m 0s
Results ---------------------------------------------------
top1:21.7% top5:43.9% top10:55.8% top20:68.4% mAP:26.6%
-----------------------------------------------------------
Using 0m 0s
Classifier results ---------------------------------------------------
Query acc: 23.1% Gallery acc: 100.0% Total acc: 55.8%
Epoch:76 Time:8.3 Data:0.0 Loss:0.1556 Cls Loss:0.0136 Pair Loss:0.1420 Center Loss:2735.8658 KL Loss:339.9234 Recon Loss:0.1833 Acc:0.9995 
Epoch:77 Time:8.3 Data:0.0 Loss:0.1581 Cls Loss:0.0137 Pair Loss:0.1444 Center Loss:2734.5039 KL Loss:339.9245 Recon Loss:0.1834 Acc:0.9990 
Epoch:78 Time:5.6 Data:0.0 Loss:0.1606 Cls Loss:0.0136 Pair Loss:0.1470 Center Loss:2731.5937 KL Loss:339.6836 Recon Loss:0.1834 Acc:0.9992 
Epoch:79 Time:5.8 Data:0.0 Loss:0.1677 Cls Loss:0.0137 Pair Loss:0.1540 Center Loss:2726.3554 KL Loss:339.3326 Recon Loss:0.1833 Acc:0.9995 
Epoch:80 Time:6.9 Data:0.0 Loss:0.1589 Cls Loss:0.0136 Pair Loss:0.1453 Center Loss:2726.2611 KL Loss:339.1996 Recon Loss:0.1834 Acc:0.9992 
=> Test at epoch 80
==========Test with latent_z: z_c =========
Extracted features for query set, obtained torch.Size([2709, 128]) matrix
Extracted features for gallery set, obtained torch.Size([2000, 128]) matrix
Extracting features complete in 0m 4s
Distance computing in 0m 0s
Results ---------------------------------------------------
top1:21.2% top5:43.9% top10:56.4% top20:68.8% mAP:26.7%
-----------------------------------------------------------
Using 0m 0s
Classifier results ---------------------------------------------------
Query acc: 23.3% Gallery acc: 100.0% Total acc: 55.9%
Jump TSNE in test
==========Test with latent_z: new_z =========
Extracted features for query set, obtained torch.Size([2709, 192]) matrix
Extracted features for gallery set, obtained torch.Size([2000, 192]) matrix
Extracting features complete in 0m 4s
Distance computing in 0m 0s
Results ---------------------------------------------------
top1:21.7% top5:43.9% top10:55.8% top20:68.4% mAP:26.6%
-----------------------------------------------------------
Using 0m 0s
Classifier results ---------------------------------------------------
Query acc: 23.3% Gallery acc: 100.0% Total acc: 55.9%
Epoch:81 Time:8.0 Data:0.0 Loss:0.1570 Cls Loss:0.0134 Pair Loss:0.1436 Center Loss:2720.5936 KL Loss:338.6753 Recon Loss:0.1833 Acc:0.9995 
Epoch:82 Time:5.9 Data:0.0 Loss:0.1608 Cls Loss:0.0136 Pair Loss:0.1472 Center Loss:2719.7176 KL Loss:338.8496 Recon Loss:0.1833 Acc:0.9995 
Epoch:83 Time:5.7 Data:0.0 Loss:0.1550 Cls Loss:0.0135 Pair Loss:0.1414 Center Loss:2714.9904 KL Loss:338.6809 Recon Loss:0.1833 Acc:0.9992 
Epoch:84 Time:6.0 Data:0.0 Loss:0.1615 Cls Loss:0.0136 Pair Loss:0.1479 Center Loss:2710.7995 KL Loss:338.6011 Recon Loss:0.1833 Acc:0.9992 
Epoch:85 Time:7.7 Data:0.0 Loss:0.1544 Cls Loss:0.0135 Pair Loss:0.1408 Center Loss:2709.2803 KL Loss:339.0194 Recon Loss:0.1833 Acc:0.9990 
=> Test at epoch 85
==========Test with latent_z: z_c =========
Extracted features for query set, obtained torch.Size([2709, 128]) matrix
Extracted features for gallery set, obtained torch.Size([2000, 128]) matrix
Extracting features complete in 0m 4s
Distance computing in 0m 0s
Results ---------------------------------------------------
top1:21.3% top5:44.0% top10:56.4% top20:68.9% mAP:26.7%
-----------------------------------------------------------
Using 0m 0s
Classifier results ---------------------------------------------------
Query acc: 23.4% Gallery acc: 100.0% Total acc: 56.0%
Jump TSNE in test
==========Test with latent_z: new_z =========
Extracted features for query set, obtained torch.Size([2709, 192]) matrix
Extracted features for gallery set, obtained torch.Size([2000, 192]) matrix
Extracting features complete in 0m 4s
Distance computing in 0m 0s
Results ---------------------------------------------------
top1:21.7% top5:43.9% top10:55.8% top20:68.4% mAP:26.6%
-----------------------------------------------------------
Using 0m 0s
Classifier results ---------------------------------------------------
Query acc: 23.4% Gallery acc: 100.0% Total acc: 56.0%
Epoch:86 Time:7.5 Data:0.0 Loss:0.1617 Cls Loss:0.0135 Pair Loss:0.1482 Center Loss:2707.4600 KL Loss:338.8521 Recon Loss:0.1833 Acc:0.9992 
Epoch:87 Time:7.5 Data:0.0 Loss:0.1640 Cls Loss:0.0135 Pair Loss:0.1505 Center Loss:2706.7879 KL Loss:339.0256 Recon Loss:0.1833 Acc:0.9992 
Epoch:88 Time:7.5 Data:0.0 Loss:0.1609 Cls Loss:0.0135 Pair Loss:0.1474 Center Loss:2700.7085 KL Loss:338.5087 Recon Loss:0.1833 Acc:0.9992 
Epoch:89 Time:5.8 Data:0.0 Loss:0.1589 Cls Loss:0.0134 Pair Loss:0.1454 Center Loss:2699.0963 KL Loss:339.0448 Recon Loss:0.1833 Acc:0.9995 
Epoch:90 Time:7.0 Data:0.0 Loss:0.1566 Cls Loss:0.0134 Pair Loss:0.1432 Center Loss:2696.8722 KL Loss:338.8899 Recon Loss:0.1834 Acc:0.9995 
=> Test at epoch 90
==========Test with latent_z: z_c =========
Extracted features for query set, obtained torch.Size([2709, 128]) matrix
Extracted features for gallery set, obtained torch.Size([2000, 128]) matrix
Extracting features complete in 0m 4s
Distance computing in 0m 0s
Results ---------------------------------------------------
top1:21.3% top5:44.0% top10:56.4% top20:69.1% mAP:26.8%
-----------------------------------------------------------
Using 0m 0s
Classifier results ---------------------------------------------------
Query acc: 23.4% Gallery acc: 100.0% Total acc: 56.0%
Jump TSNE in test
==========Test with latent_z: new_z =========
Extracted features for query set, obtained torch.Size([2709, 192]) matrix
Extracted features for gallery set, obtained torch.Size([2000, 192]) matrix
Extracting features complete in 0m 4s
Distance computing in 0m 0s
Results ---------------------------------------------------
top1:21.7% top5:43.9% top10:55.8% top20:68.4% mAP:26.6%
-----------------------------------------------------------
Using 0m 0s
Classifier results ---------------------------------------------------
Query acc: 23.4% Gallery acc: 100.0% Total acc: 56.0%
Epoch:91 Time:8.2 Data:0.0 Loss:0.1635 Cls Loss:0.0132 Pair Loss:0.1503 Center Loss:2692.6610 KL Loss:338.7913 Recon Loss:0.1833 Acc:0.9997 
Epoch:92 Time:7.7 Data:0.0 Loss:0.1615 Cls Loss:0.0134 Pair Loss:0.1481 Center Loss:2691.2432 KL Loss:338.9248 Recon Loss:0.1833 Acc:0.9990 
Epoch:93 Time:7.2 Data:0.0 Loss:0.1532 Cls Loss:0.0133 Pair Loss:0.1399 Center Loss:2690.8606 KL Loss:338.9749 Recon Loss:0.1834 Acc:0.9995 
Epoch:94 Time:5.8 Data:0.0 Loss:0.1563 Cls Loss:0.0134 Pair Loss:0.1429 Center Loss:2685.3963 KL Loss:338.8447 Recon Loss:0.1833 Acc:0.9992 
Epoch:95 Time:7.3 Data:0.0 Loss:0.1545 Cls Loss:0.0134 Pair Loss:0.1411 Center Loss:2678.4255 KL Loss:338.4254 Recon Loss:0.1833 Acc:0.9992 
=> Test at epoch 95
==========Test with latent_z: z_c =========
Extracted features for query set, obtained torch.Size([2709, 128]) matrix
Extracted features for gallery set, obtained torch.Size([2000, 128]) matrix
Extracting features complete in 0m 3s
Distance computing in 0m 0s
Results ---------------------------------------------------
top1:21.3% top5:44.1% top10:56.5% top20:69.0% mAP:26.8%
-----------------------------------------------------------
Using 0m 0s
Classifier results ---------------------------------------------------
Query acc: 23.4% Gallery acc: 100.0% Total acc: 55.9%
Jump TSNE in test
==========Test with latent_z: new_z =========
Extracted features for query set, obtained torch.Size([2709, 192]) matrix
Extracted features for gallery set, obtained torch.Size([2000, 192]) matrix
Extracting features complete in 0m 3s
Distance computing in 0m 0s
Results ---------------------------------------------------
top1:21.7% top5:43.9% top10:55.8% top20:68.4% mAP:26.6%
-----------------------------------------------------------
Using 0m 0s
Classifier results ---------------------------------------------------
Query acc: 23.4% Gallery acc: 100.0% Total acc: 55.9%
Epoch:96 Time:7.6 Data:0.0 Loss:0.1513 Cls Loss:0.0133 Pair Loss:0.1380 Center Loss:2676.7536 KL Loss:338.6440 Recon Loss:0.1833 Acc:0.9995 
Epoch:97 Time:7.1 Data:0.0 Loss:0.1574 Cls Loss:0.0133 Pair Loss:0.1442 Center Loss:2668.6442 KL Loss:338.6609 Recon Loss:0.1833 Acc:0.9992 
Epoch:98 Time:7.0 Data:0.0 Loss:0.1563 Cls Loss:0.0133 Pair Loss:0.1430 Center Loss:2666.0497 KL Loss:338.5650 Recon Loss:0.1832 Acc:0.9995 
Epoch:99 Time:5.6 Data:0.0 Loss:0.1557 Cls Loss:0.0134 Pair Loss:0.1423 Center Loss:2666.0937 KL Loss:339.0489 Recon Loss:0.1833 Acc:0.9992 
Epoch:100 Time:6.7 Data:0.0 Loss:0.1577 Cls Loss:0.0133 Pair Loss:0.1444 Center Loss:2659.6071 KL Loss:338.8816 Recon Loss:0.1833 Acc:0.9992 
=> Test at epoch 100
==========Test with latent_z: z_c =========
Extracted features for query set, obtained torch.Size([2709, 128]) matrix
Extracted features for gallery set, obtained torch.Size([2000, 128]) matrix
Extracting features complete in 0m 4s
Distance computing in 0m 0s
Results ---------------------------------------------------
top1:21.3% top5:44.1% top10:56.7% top20:69.2% mAP:26.8%
-----------------------------------------------------------
Using 0m 0s
Classifier results ---------------------------------------------------
Query acc: 23.3% Gallery acc: 100.0% Total acc: 55.9%
Jump TSNE in test
==========Test with latent_z: new_z =========
Extracted features for query set, obtained torch.Size([2709, 192]) matrix
Extracted features for gallery set, obtained torch.Size([2000, 192]) matrix
Extracting features complete in 0m 4s
Distance computing in 0m 0s
Results ---------------------------------------------------
top1:21.7% top5:43.9% top10:55.8% top20:68.4% mAP:26.6%
-----------------------------------------------------------
Using 0m 0s
Classifier results ---------------------------------------------------
Query acc: 23.3% Gallery acc: 100.0% Total acc: 55.9%
Epoch:101 Time:8.6 Data:0.0 Loss:0.1585 Cls Loss:0.0133 Pair Loss:0.1453 Center Loss:2655.6291 KL Loss:338.9582 Recon Loss:0.1833 Acc:0.9992 
Epoch:102 Time:8.3 Data:0.0 Loss:0.1557 Cls Loss:0.0133 Pair Loss:0.1424 Center Loss:2654.1937 KL Loss:338.9692 Recon Loss:0.1833 Acc:0.9990 
Epoch:103 Time:8.2 Data:0.0 Loss:0.1584 Cls Loss:0.0132 Pair Loss:0.1452 Center Loss:2648.9726 KL Loss:338.6904 Recon Loss:0.1834 Acc:0.9995 
Epoch:104 Time:5.6 Data:0.0 Loss:0.1560 Cls Loss:0.0130 Pair Loss:0.1430 Center Loss:2648.9961 KL Loss:338.7140 Recon Loss:0.1833 Acc:0.9995 
Epoch:105 Time:5.4 Data:0.0 Loss:0.1518 Cls Loss:0.0131 Pair Loss:0.1387 Center Loss:2643.3264 KL Loss:338.8185 Recon Loss:0.1833 Acc:0.9995 
=> Test at epoch 105
==========Test with latent_z: z_c =========
Extracted features for query set, obtained torch.Size([2709, 128]) matrix
Extracted features for gallery set, obtained torch.Size([2000, 128]) matrix
Extracting features complete in 0m 4s
Distance computing in 0m 0s
Results ---------------------------------------------------
top1:21.3% top5:44.2% top10:56.7% top20:69.3% mAP:26.9%
-----------------------------------------------------------
Using 0m 0s
Classifier results ---------------------------------------------------
Query acc: 23.4% Gallery acc: 100.0% Total acc: 55.9%
Jump TSNE in test
==========Test with latent_z: new_z =========
Extracted features for query set, obtained torch.Size([2709, 192]) matrix
Extracted features for gallery set, obtained torch.Size([2000, 192]) matrix
Extracting features complete in 0m 3s
Distance computing in 0m 0s
Results ---------------------------------------------------
top1:21.7% top5:43.9% top10:55.8% top20:68.4% mAP:26.6%
-----------------------------------------------------------
Using 0m 0s
Classifier results ---------------------------------------------------
Query acc: 23.4% Gallery acc: 100.0% Total acc: 55.9%
Epoch:106 Time:7.0 Data:0.0 Loss:0.1608 Cls Loss:0.0132 Pair Loss:0.1476 Center Loss:2639.0397 KL Loss:338.7159 Recon Loss:0.1833 Acc:0.9995 
Epoch:107 Time:6.2 Data:0.0 Loss:0.1583 Cls Loss:0.0131 Pair Loss:0.1452 Center Loss:2636.3909 KL Loss:338.4776 Recon Loss:0.1833 Acc:0.9992 
Epoch:108 Time:6.4 Data:0.0 Loss:0.1600 Cls Loss:0.0132 Pair Loss:0.1468 Center Loss:2634.8396 KL Loss:338.9275 Recon Loss:0.1833 Acc:0.9992 
Epoch:109 Time:6.3 Data:0.0 Loss:0.1554 Cls Loss:0.0131 Pair Loss:0.1423 Center Loss:2628.9177 KL Loss:338.7299 Recon Loss:0.1833 Acc:0.9990 
Epoch:110 Time:6.0 Data:0.0 Loss:0.1568 Cls Loss:0.0130 Pair Loss:0.1438 Center Loss:2627.8945 KL Loss:338.8633 Recon Loss:0.1833 Acc:0.9995 
=> Test at epoch 110
==========Test with latent_z: z_c =========
Extracted features for query set, obtained torch.Size([2709, 128]) matrix
Extracted features for gallery set, obtained torch.Size([2000, 128]) matrix
Extracting features complete in 0m 4s
Distance computing in 0m 0s
Results ---------------------------------------------------
top1:21.5% top5:44.2% top10:56.8% top20:69.3% mAP:27.0%
-----------------------------------------------------------
Using 0m 0s
Classifier results ---------------------------------------------------
Query acc: 23.3% Gallery acc: 100.0% Total acc: 55.9%
Jump TSNE in test
==========Test with latent_z: new_z =========
Extracted features for query set, obtained torch.Size([2709, 192]) matrix
Extracted features for gallery set, obtained torch.Size([2000, 192]) matrix
Extracting features complete in 0m 3s
Distance computing in 0m 0s
Results ---------------------------------------------------
top1:21.7% top5:43.9% top10:55.8% top20:68.4% mAP:26.6%
-----------------------------------------------------------
Using 0m 0s
Classifier results ---------------------------------------------------
Query acc: 23.3% Gallery acc: 100.0% Total acc: 55.9%
Epoch:111 Time:6.6 Data:0.0 Loss:0.1513 Cls Loss:0.0131 Pair Loss:0.1382 Center Loss:2622.4388 KL Loss:338.7320 Recon Loss:0.1834 Acc:0.9990 
Epoch:112 Time:7.3 Data:0.0 Loss:0.1585 Cls Loss:0.0130 Pair Loss:0.1455 Center Loss:2617.6756 KL Loss:338.7446 Recon Loss:0.1833 Acc:0.9990 
Epoch:113 Time:6.3 Data:0.0 Loss:0.1531 Cls Loss:0.0129 Pair Loss:0.1402 Center Loss:2617.0152 KL Loss:338.8095 Recon Loss:0.1833 Acc:0.9992 
Epoch:114 Time:6.7 Data:0.0 Loss:0.1575 Cls Loss:0.0129 Pair Loss:0.1446 Center Loss:2612.8464 KL Loss:338.7638 Recon Loss:0.1833 Acc:0.9990 
Epoch:115 Time:5.6 Data:0.0 Loss:0.1577 Cls Loss:0.0129 Pair Loss:0.1448 Center Loss:2610.8333 KL Loss:338.7960 Recon Loss:0.1833 Acc:0.9995 
=> Test at epoch 115
==========Test with latent_z: z_c =========
Extracted features for query set, obtained torch.Size([2709, 128]) matrix
Extracted features for gallery set, obtained torch.Size([2000, 128]) matrix
Extracting features complete in 0m 4s
Distance computing in 0m 0s
Results ---------------------------------------------------
top1:21.4% top5:44.4% top10:57.1% top20:69.3% mAP:27.0%
-----------------------------------------------------------
Using 0m 0s
Classifier results ---------------------------------------------------
Query acc: 23.5% Gallery acc: 100.0% Total acc: 56.0%
Jump TSNE in test
==========Test with latent_z: new_z =========
Extracted features for query set, obtained torch.Size([2709, 192]) matrix
Extracted features for gallery set, obtained torch.Size([2000, 192]) matrix
Extracting features complete in 0m 3s
Distance computing in 0m 0s
Results ---------------------------------------------------
top1:21.7% top5:43.9% top10:55.8% top20:68.4% mAP:26.6%
-----------------------------------------------------------
Using 0m 0s
Classifier results ---------------------------------------------------
Query acc: 23.5% Gallery acc: 100.0% Total acc: 56.0%
Epoch:116 Time:5.7 Data:0.0 Loss:0.1552 Cls Loss:0.0128 Pair Loss:0.1423 Center Loss:2601.2907 KL Loss:338.7913 Recon Loss:0.1833 Acc:0.9992 
Epoch:117 Time:5.0 Data:0.0 Loss:0.1554 Cls Loss:0.0129 Pair Loss:0.1425 Center Loss:2598.4807 KL Loss:338.8636 Recon Loss:0.1833 Acc:0.9992 
Epoch:118 Time:5.0 Data:0.0 Loss:0.1570 Cls Loss:0.0128 Pair Loss:0.1443 Center Loss:2596.6553 KL Loss:339.0513 Recon Loss:0.1834 Acc:0.9990 
Epoch:119 Time:4.5 Data:0.0 Loss:0.1510 Cls Loss:0.0129 Pair Loss:0.1382 Center Loss:2592.3486 KL Loss:338.8070 Recon Loss:0.1833 Acc:0.9995 
Epoch:120 Time:4.9 Data:0.0 Loss:0.1528 Cls Loss:0.0127 Pair Loss:0.1401 Center Loss:2587.3582 KL Loss:338.8905 Recon Loss:0.1833 Acc:0.9990 
=> Test at epoch 120
==========Test with latent_z: z_c =========
Extracted features for query set, obtained torch.Size([2709, 128]) matrix
Extracted features for gallery set, obtained torch.Size([2000, 128]) matrix
Extracting features complete in 0m 4s
Distance computing in 0m 0s
Results ---------------------------------------------------
top1:21.4% top5:44.4% top10:57.1% top20:69.6% mAP:27.0%
-----------------------------------------------------------
Using 0m 0s
Classifier results ---------------------------------------------------
Query acc: 23.4% Gallery acc: 100.0% Total acc: 55.9%
Jump TSNE in test
==========Test with latent_z: new_z =========
Extracted features for query set, obtained torch.Size([2709, 192]) matrix
Extracted features for gallery set, obtained torch.Size([2000, 192]) matrix
Extracting features complete in 0m 3s
Distance computing in 0m 0s
Results ---------------------------------------------------
top1:21.7% top5:43.9% top10:55.8% top20:68.4% mAP:26.6%
-----------------------------------------------------------
Using 0m 0s
Classifier results ---------------------------------------------------
Query acc: 23.4% Gallery acc: 100.0% Total acc: 55.9%
Keep checkpoint file: checkpoint_ep120.pth.tar
=> Best Rank-1 21.4%, mAP 27.0% achieved at epoch 115
Finished. Total elapsed time (h:m:s): 0:17:31. Training time (h:m:s): 0:13:56.
Shutting down background jobs, please wait a moment...
Done!
Waiting for the remaining 35 operations to synchronize with Neptune. Do not kill this process.
All 35 operations synced, thanks for waiting!
Explore the metadata in the Neptune app:
https://app.neptune.ai/Zhengwei-Lab/MayCVAE/e/MAY-474/metadata
