https://app.neptune.ai/Zhengwei-Lab/MayCVAE/e/MAY-479
=> merge config from ./configs/clipreid_cvae_kl.yaml
/home/zhengwei/Desktop/Zhengwei/Projects/CVAE/main.py:91: NeptuneUnsupportedType: You're attempting to log a type that is not directly supported by Neptune (<class 'list'>).
        Convert the value to a supported type, such as a string or float, or use stringify_unsupported(obj)
        for dictionaries or collections that contain unsupported values.
        For more, see https://docs.neptune.ai/help/value_of_unsupported_type
  run["parameters"] = param
=> Configurations:
-------------------------
AMP: True
AUG:
  RC_PROB: 0.5
  RE_PROB: 0.5
DATA:
  CUHK03_CLASSIC_SPLIT: False
  CUHK03_LABELED: False
  DATASET: market1k
  FORMAT_TAG: tensor
  HEIGHT: 256
  NUM_INSTANCES: 4
  NUM_WORKERS: 4
  ROOT: /home/zhengwei/Desktop/Zhengwei/Projects/datasets
  SPLIT_ID: 0
  TEST_BATCH: 512
  TRAIN_BATCH: 64
  TRAIN_FORMAT: novel
  WIDTH: 128
EVAL_MODE: False
GPU: 0
LOSS:
  CLA_LOSS: crossentropy
  CLA_M: 0.0
  CLA_S: 16.0
  PAIR_LOSS: triplet
  PAIR_M: 0.3
  PAIR_S: 16.0
  RECON_LOSS: mse
  USE_NCE: False
MODEL:
  CONDITIONAL: False
  FEATURE_DIM: 1280
  FEAT_FUSION: True
  FLOW_TYPE: 
  GAUSSIAN: MultivariateNormal
  HIDDEN_DIM: 256
  LATENT_SIZE: 64
  NAME: CVAE
  ONLY_CVAE_KL: False
  ONLY_X_INPUT: False
  PRETRAIN: CLIPreidFinetune
  RES4_STRIDE: 1
  RESUME: /home/zhengwei/Desktop/Zhengwei/Projects/CVAE/outputs/market1k/clipreid_simplevae_tune/novel/2024-07-04/Tuned_SimpleVAE+2E_128+64z_1e3+3_60+120_KLtotalZ_noCLS
  TRAIN_STAGE: reidstage
  USE_CENTROID: False
  USE_TWO_ENCODER: True
  VAE_TYPE: SinpleVAE
  ZC_DIM: 128
  ZS_DIM: 64
OUTPUT: ./outputs/market1k/clipreid_simplevae_tune/novel/2024-07-14/2ndstage_SimpleVAE+2E_128+64z_1e3+3_60+120_KLtotalZ_s2_MLP1280+CLS_ce+trip+center
SAVED_NAME: 2ndstage_SimpleVAE+2E_128+64z_1e3+3_60+120_KLtotalZ_s2_MLP1280+CLS_ce+trip+center
SEED: 0
TAG: clipreid_simplevae_tune
TEST:
  DISTANCE: cosine
  EVAL_STEP: 5
  START_EVAL: -1
TRAIN:
  AMP: False
  LR_SCHEDULER:
    DECAY_RATE: 0.1
    NAME: MultiStepLR
    STEPSIZE: [60]
  MAX_EPOCH: 120
  OPTIMIZER:
    LR: 0.001
    NAME: adam
    SGDLR: 0.01
    SGD_MOMENTUM: 0.9
    SGD_WEIGHT_DECAY: 0.0005
    WEIGHT_DECAY: 0.0001
  START_EPOCH: 0
----------------------
Initializing dataset market1k
Warning: string series 'monitoring/64e97569/stdout' value was longer than 1000 characters and was truncated. This warning is printed only once per series.
=> Market-Sketch-1K tensor loaded
Dataset statistics:
  ------------------------------
  subset   | # ids | # images
  ------------------------------
  train    |   996 |     3992
  query    |   996 |     2709
  gallery  |   996 |     2000
  ------------------------------
  total    |  1992 |     8701
  ------------------------------
Initializing SinpleVAE model with 2 encoders
Model size: 12.81696M
[INFO] Register count_relu() for <class 'torch.nn.modules.activation.LeakyReLU'>.
[INFO] Register count_linear() for <class 'torch.nn.modules.linear.Linear'>.
[INFO] Register count_normalization() for <class 'torch.nn.modules.batchnorm.BatchNorm1d'>.
[INFO] Register zero_ops() for <class 'torch.nn.modules.activation.ReLU'>.
[INFO] Register zero_ops() for <class 'torch.nn.modules.dropout.Dropout'>.
[INFO] Register zero_ops() for <class 'torch.nn.modules.container.Sequential'>.
FLOPs: 0.75465G
Params: 11.78419M
Initialized classifier with feature_dim: 1280, num_classes: 996
Classifier size: 1.27488M
reid_projector.MLP.0.weight is tuneable
reid_projector.MLP.2.weight is tuneable
=> Start Training Classifier Only
Loading checkpoint from '/home/zhengwei/Desktop/Zhengwei/Projects/CVAE/outputs/market1k/clipreid_simplevae_tune/novel/2024-07-04/Tuned_SimpleVAE+2E_128+64z_1e3+3_60+120_KLtotalZ_noCLS.best_model.pth.tar'
Ignores parameter:  i2t_projector.weight
Ignores parameter:  i2t_projector.bias
orginal best rank1 = 0.10668143226282761
=> Start evaluation on Novel data without finetuning
=> Test pretarined feature form VLP model
Normalizing features
Normalizing features
Extracted features for query set, obtained torch.Size([2709, 1280]) matrix
Extracted features for gallery set, obtained torch.Size([2000, 1280]) matrix
Extracting features complete in 0m 3s
Distance computing in 0m 0s
Computing CMC and mAP
Results ---------------------------------------------------
top1:35.2% top5:60.5% top10:71.2% top20:80.7% mAP:39.8%
-----------------------------------------------------------
Using 0m 0s
==========Test with latent_z: new_z =========
Extracted features for query set, obtained torch.Size([2709, 192]) matrix
Extracted features for gallery set, obtained torch.Size([2000, 192]) matrix
Extracting features complete in 0m 3s
Distance computing in 0m 0s
Results ---------------------------------------------------
top1:21.7% top5:43.9% top10:55.8% top20:68.4% mAP:26.6%
-----------------------------------------------------------
Using 0m 0s
Classifier results ---------------------------------------------------
Query acc: 0.0% Gallery acc: 0.0% Total acc: 0.0%
==========Test with latent_z: z_c =========
Extracted features for query set, obtained torch.Size([2709, 1280]) matrix
Extracted features for gallery set, obtained torch.Size([2000, 1280]) matrix
Extracting features complete in 0m 5s
Distance computing in 0m 0s
Results ---------------------------------------------------
top1:19.3% top5:39.9% top10:52.0% top20:63.3% mAP:23.6%
-----------------------------------------------------------
Using 0m 0s
Classifier results ---------------------------------------------------
Query acc: 0.0% Gallery acc: 0.0% Total acc: 0.0%
Jump TSNE in test
=> Start training
/home/zhengwei/Desktop/Zhengwei/Projects/CVAE/losses/center_loss.py:40: UserWarning: This overload of addmm_ is deprecated:
	addmm_(Number beta, Number alpha, Tensor mat1, Tensor mat2)
Consider using one of the following signatures instead:
	addmm_(Tensor mat1, Tensor mat2, *, Number beta, Number alpha) (Triggered internally at /opt/conda/conda-bld/pytorch_1670525539683/work/torch/csrc/utils/python_arg_parser.cpp:1420.)
  distmat.addmm_(1, -2, x, self.centers.t())
Epoch:1 Time:7.1 Data:0.0 Loss:1322.9980 Cls Loss:7.0960 Pair Loss:0.2269 Center Loss:1315.6751 KL Loss:358.9392 Recon Loss:0.1833 Acc:0.0000 
Epoch:2 Time:7.0 Data:0.0 Loss:1129.0047 Cls Loss:6.7534 Pair Loss:0.2067 Center Loss:1122.0446 KL Loss:358.3755 Recon Loss:0.1833 Acc:0.0282 
Epoch:3 Time:7.3 Data:0.0 Loss:986.2991 Cls Loss:6.4445 Pair Loss:0.1891 Center Loss:979.6656 KL Loss:358.3568 Recon Loss:0.1833 Acc:0.2092 
Epoch:4 Time:6.0 Data:0.0 Loss:862.6415 Cls Loss:5.9840 Pair Loss:0.1722 Center Loss:856.4853 KL Loss:357.9625 Recon Loss:0.1833 Acc:0.3773 
Epoch:5 Time:6.4 Data:0.0 Loss:754.8516 Cls Loss:5.4147 Pair Loss:0.1615 Center Loss:749.2754 KL Loss:357.7357 Recon Loss:0.1833 Acc:0.5093 
=> Test at epoch 5
==========Test with latent_z: z_c =========
Extracted features for query set, obtained torch.Size([2709, 1280]) matrix
Extracted features for gallery set, obtained torch.Size([2000, 1280]) matrix
Extracting features complete in 0m 5s
Distance computing in 0m 0s
Results ---------------------------------------------------
top1:21.0% top5:42.3% top10:54.9% top20:67.1% mAP:26.0%
-----------------------------------------------------------
Using 0m 0s
Classifier results ---------------------------------------------------
Query acc: 18.9% Gallery acc: 88.7% Total acc: 48.6%
Jump TSNE in test
==========Test with latent_z: new_z =========
Extracted features for query set, obtained torch.Size([2709, 192]) matrix
Extracted features for gallery set, obtained torch.Size([2000, 192]) matrix
Extracting features complete in 0m 3s
Distance computing in 0m 0s
Results ---------------------------------------------------
top1:21.7% top5:43.9% top10:55.8% top20:68.4% mAP:26.6%
-----------------------------------------------------------
Using 0m 0s
Classifier results ---------------------------------------------------
Query acc: 18.9% Gallery acc: 88.7% Total acc: 48.6%
Epoch:6 Time:8.2 Data:0.0 Loss:661.2964 Cls Loss:4.7973 Pair Loss:0.1565 Center Loss:656.3426 KL Loss:357.5183 Recon Loss:0.1833 Acc:0.6217 
Epoch:7 Time:6.8 Data:0.0 Loss:579.3034 Cls Loss:4.1691 Pair Loss:0.1469 Center Loss:574.9873 KL Loss:357.0838 Recon Loss:0.1833 Acc:0.7293 
Epoch:8 Time:7.5 Data:0.0 Loss:507.9510 Cls Loss:3.5665 Pair Loss:0.1380 Center Loss:504.2465 KL Loss:356.9825 Recon Loss:0.1833 Acc:0.8228 
Epoch:9 Time:5.7 Data:0.0 Loss:445.6148 Cls Loss:3.0164 Pair Loss:0.1384 Center Loss:442.4601 KL Loss:356.4245 Recon Loss:0.1833 Acc:0.8763 
Epoch:10 Time:6.5 Data:0.0 Loss:391.4071 Cls Loss:2.5397 Pair Loss:0.1294 Center Loss:388.7380 KL Loss:356.4133 Recon Loss:0.1833 Acc:0.9234 
=> Test at epoch 10
==========Test with latent_z: z_c =========
Extracted features for query set, obtained torch.Size([2709, 1280]) matrix
Extracted features for gallery set, obtained torch.Size([2000, 1280]) matrix
Extracting features complete in 0m 4s
Distance computing in 0m 0s
Results ---------------------------------------------------
top1:23.0% top5:44.7% top10:57.0% top20:69.1% mAP:28.1%
-----------------------------------------------------------
Using 0m 0s
Classifier results ---------------------------------------------------
Query acc: 25.7% Gallery acc: 99.1% Total acc: 56.9%
Jump TSNE in test
==========Test with latent_z: new_z =========
Extracted features for query set, obtained torch.Size([2709, 192]) matrix
Extracted features for gallery set, obtained torch.Size([2000, 192]) matrix
Extracting features complete in 0m 3s
Distance computing in 0m 0s
Results ---------------------------------------------------
top1:21.7% top5:43.9% top10:55.8% top20:68.4% mAP:26.6%
-----------------------------------------------------------
Using 0m 0s
Classifier results ---------------------------------------------------
Query acc: 25.7% Gallery acc: 99.1% Total acc: 56.9%
Epoch:11 Time:8.1 Data:0.0 Loss:343.6183 Cls Loss:2.1246 Pair Loss:0.1230 Center Loss:341.3707 KL Loss:355.8651 Recon Loss:0.1833 Acc:0.9483 
Epoch:12 Time:7.0 Data:0.0 Loss:302.0119 Cls Loss:1.7889 Pair Loss:0.1228 Center Loss:300.1002 KL Loss:356.3063 Recon Loss:0.1834 Acc:0.9650 
Epoch:13 Time:7.4 Data:0.0 Loss:265.3885 Cls Loss:1.5168 Pair Loss:0.1133 Center Loss:263.7584 KL Loss:355.8596 Recon Loss:0.1833 Acc:0.9791 
Epoch:14 Time:5.7 Data:0.0 Loss:233.7560 Cls Loss:1.3004 Pair Loss:0.1150 Center Loss:232.3406 KL Loss:355.3481 Recon Loss:0.1833 Acc:0.9829 
Epoch:15 Time:6.2 Data:0.0 Loss:205.7182 Cls Loss:1.1105 Pair Loss:0.1083 Center Loss:204.4994 KL Loss:355.2518 Recon Loss:0.1833 Acc:0.9907 
=> Test at epoch 15
==========Test with latent_z: z_c =========
Extracted features for query set, obtained torch.Size([2709, 1280]) matrix
Extracted features for gallery set, obtained torch.Size([2000, 1280]) matrix
Extracting features complete in 0m 4s
Distance computing in 0m 0s
Results ---------------------------------------------------
top1:23.2% top5:46.9% top10:58.4% top20:70.1% mAP:29.1%
-----------------------------------------------------------
Using 0m 0s
Classifier results ---------------------------------------------------
Query acc: 26.1% Gallery acc: 99.9% Total acc: 57.4%
Jump TSNE in test
==========Test with latent_z: new_z =========
Extracted features for query set, obtained torch.Size([2709, 192]) matrix
Extracted features for gallery set, obtained torch.Size([2000, 192]) matrix
Extracting features complete in 0m 3s
Distance computing in 0m 0s
Results ---------------------------------------------------
top1:21.7% top5:43.9% top10:55.8% top20:68.4% mAP:26.6%
-----------------------------------------------------------
Using 0m 0s
Classifier results ---------------------------------------------------
Query acc: 26.1% Gallery acc: 99.9% Total acc: 57.4%
Epoch:16 Time:8.4 Data:0.0 Loss:181.4523 Cls Loss:0.9779 Pair Loss:0.1102 Center Loss:180.3641 KL Loss:354.5809 Recon Loss:0.1833 Acc:0.9934 
Epoch:17 Time:7.4 Data:0.0 Loss:159.9397 Cls Loss:0.8559 Pair Loss:0.1029 Center Loss:158.9809 KL Loss:354.4792 Recon Loss:0.1833 Acc:0.9945 
Epoch:18 Time:7.5 Data:0.0 Loss:141.2663 Cls Loss:0.7665 Pair Loss:0.0991 Center Loss:140.4007 KL Loss:354.3830 Recon Loss:0.1833 Acc:0.9970 
Epoch:19 Time:6.3 Data:0.0 Loss:124.7494 Cls Loss:0.6912 Pair Loss:0.0940 Center Loss:123.9641 KL Loss:354.2344 Recon Loss:0.1833 Acc:0.9980 
Epoch:20 Time:6.4 Data:0.0 Loss:110.2889 Cls Loss:0.6290 Pair Loss:0.0945 Center Loss:109.5654 KL Loss:353.8895 Recon Loss:0.1833 Acc:0.9975 
=> Test at epoch 20
==========Test with latent_z: z_c =========
Extracted features for query set, obtained torch.Size([2709, 1280]) matrix
Extracted features for gallery set, obtained torch.Size([2000, 1280]) matrix
Extracting features complete in 0m 4s
Distance computing in 0m 0s
Results ---------------------------------------------------
top1:24.4% top5:46.8% top10:59.0% top20:70.2% mAP:30.0%
-----------------------------------------------------------
Using 0m 0s
Classifier results ---------------------------------------------------
Query acc: 26.0% Gallery acc: 100.0% Total acc: 57.4%
Jump TSNE in test
==========Test with latent_z: new_z =========
Extracted features for query set, obtained torch.Size([2709, 192]) matrix
Extracted features for gallery set, obtained torch.Size([2000, 192]) matrix
Extracting features complete in 0m 3s
Distance computing in 0m 0s
Results ---------------------------------------------------
top1:21.7% top5:43.9% top10:55.8% top20:68.4% mAP:26.6%
-----------------------------------------------------------
Using 0m 0s
Classifier results ---------------------------------------------------
Query acc: 26.0% Gallery acc: 100.0% Total acc: 57.4%
Epoch:21 Time:8.5 Data:0.0 Loss:97.5657 Cls Loss:0.5801 Pair Loss:0.0876 Center Loss:96.8980 KL Loss:353.9645 Recon Loss:0.1833 Acc:0.9980 
Epoch:22 Time:7.2 Data:0.0 Loss:86.4907 Cls Loss:0.5378 Pair Loss:0.0938 Center Loss:85.8591 KL Loss:353.3824 Recon Loss:0.1833 Acc:0.9980 
Epoch:23 Time:7.2 Data:0.0 Loss:76.8031 Cls Loss:0.5097 Pair Loss:0.0868 Center Loss:76.2066 KL Loss:353.0397 Recon Loss:0.1833 Acc:0.9985 
Epoch:24 Time:6.2 Data:0.0 Loss:68.1213 Cls Loss:0.4788 Pair Loss:0.0810 Center Loss:67.5615 KL Loss:352.9654 Recon Loss:0.1833 Acc:0.9977 
Epoch:25 Time:6.5 Data:0.0 Loss:60.6678 Cls Loss:0.4532 Pair Loss:0.0843 Center Loss:60.1304 KL Loss:352.5797 Recon Loss:0.1833 Acc:0.9985 
=> Test at epoch 25
==========Test with latent_z: z_c =========
Extracted features for query set, obtained torch.Size([2709, 1280]) matrix
Extracted features for gallery set, obtained torch.Size([2000, 1280]) matrix
Extracting features complete in 0m 3s
Distance computing in 0m 0s
Results ---------------------------------------------------
top1:24.9% top5:46.6% top10:58.5% top20:70.6% mAP:30.7%
-----------------------------------------------------------
Using 0m 0s
Classifier results ---------------------------------------------------
Query acc: 26.1% Gallery acc: 100.0% Total acc: 57.5%
Jump TSNE in test
==========Test with latent_z: new_z =========
Extracted features for query set, obtained torch.Size([2709, 192]) matrix
Extracted features for gallery set, obtained torch.Size([2000, 192]) matrix
Extracting features complete in 0m 3s
Distance computing in 0m 0s
Results ---------------------------------------------------
top1:21.7% top5:43.9% top10:55.8% top20:68.4% mAP:26.6%
-----------------------------------------------------------
Using 0m 0s
Classifier results ---------------------------------------------------
Query acc: 26.1% Gallery acc: 100.0% Total acc: 57.5%
Epoch:26 Time:8.1 Data:0.0 Loss:53.9917 Cls Loss:0.4447 Pair Loss:0.0821 Center Loss:53.4648 KL Loss:352.6947 Recon Loss:0.1833 Acc:0.9985 
Epoch:27 Time:7.8 Data:0.0 Loss:48.1023 Cls Loss:0.4222 Pair Loss:0.0791 Center Loss:47.6010 KL Loss:352.1303 Recon Loss:0.1833 Acc:0.9987 
Epoch:28 Time:6.6 Data:0.0 Loss:42.9974 Cls Loss:0.4109 Pair Loss:0.0724 Center Loss:42.5141 KL Loss:352.1414 Recon Loss:0.1833 Acc:0.9987 
Epoch:29 Time:7.3 Data:0.0 Loss:38.4499 Cls Loss:0.3973 Pair Loss:0.0741 Center Loss:37.9785 KL Loss:351.5059 Recon Loss:0.1833 Acc:0.9987 
Epoch:30 Time:6.5 Data:0.0 Loss:34.4540 Cls Loss:0.3865 Pair Loss:0.0704 Center Loss:33.9970 KL Loss:351.3731 Recon Loss:0.1833 Acc:0.9990 
=> Test at epoch 30
==========Test with latent_z: z_c =========
Extracted features for query set, obtained torch.Size([2709, 1280]) matrix
Extracted features for gallery set, obtained torch.Size([2000, 1280]) matrix
Extracting features complete in 0m 4s
Distance computing in 0m 0s
Results ---------------------------------------------------
top1:25.4% top5:47.5% top10:59.0% top20:71.1% mAP:31.3%
-----------------------------------------------------------
Using 0m 0s
Classifier results ---------------------------------------------------
Query acc: 26.3% Gallery acc: 100.0% Total acc: 57.6%
Jump TSNE in test
==========Test with latent_z: new_z =========
Extracted features for query set, obtained torch.Size([2709, 192]) matrix
Extracted features for gallery set, obtained torch.Size([2000, 192]) matrix
Extracting features complete in 0m 3s
Distance computing in 0m 0s
Results ---------------------------------------------------
top1:21.7% top5:43.9% top10:55.8% top20:68.4% mAP:26.6%
-----------------------------------------------------------
Using 0m 0s
Classifier results ---------------------------------------------------
Query acc: 26.3% Gallery acc: 100.0% Total acc: 57.6%
Epoch:31 Time:8.8 Data:0.0 Loss:30.9357 Cls Loss:0.3801 Pair Loss:0.0717 Center Loss:30.4839 KL Loss:351.3196 Recon Loss:0.1834 Acc:0.9992 
Epoch:32 Time:7.0 Data:0.0 Loss:27.8150 Cls Loss:0.3728 Pair Loss:0.0719 Center Loss:27.3703 KL Loss:351.1262 Recon Loss:0.1833 Acc:0.9982 
Epoch:33 Time:7.5 Data:0.0 Loss:25.0761 Cls Loss:0.3709 Pair Loss:0.0691 Center Loss:24.6360 KL Loss:350.7022 Recon Loss:0.1833 Acc:0.9987 
Epoch:34 Time:5.9 Data:0.0 Loss:22.6251 Cls Loss:0.3609 Pair Loss:0.0651 Center Loss:22.1991 KL Loss:350.2991 Recon Loss:0.1833 Acc:0.9987 
Epoch:35 Time:6.4 Data:0.0 Loss:20.4897 Cls Loss:0.3600 Pair Loss:0.0655 Center Loss:20.0642 KL Loss:350.2402 Recon Loss:0.1833 Acc:0.9995 
=> Test at epoch 35
==========Test with latent_z: z_c =========
Extracted features for query set, obtained torch.Size([2709, 1280]) matrix
Extracted features for gallery set, obtained torch.Size([2000, 1280]) matrix
Extracting features complete in 0m 4s
Distance computing in 0m 0s
Results ---------------------------------------------------
top1:25.6% top5:47.3% top10:59.2% top20:70.9% mAP:31.7%
-----------------------------------------------------------
Using 0m 0s
Classifier results ---------------------------------------------------
Query acc: 26.3% Gallery acc: 100.0% Total acc: 57.6%
Jump TSNE in test
==========Test with latent_z: new_z =========
Extracted features for query set, obtained torch.Size([2709, 192]) matrix
Extracted features for gallery set, obtained torch.Size([2000, 192]) matrix
Extracting features complete in 0m 3s
Distance computing in 0m 0s
Results ---------------------------------------------------
top1:21.7% top5:43.9% top10:55.8% top20:68.4% mAP:26.6%
-----------------------------------------------------------
Using 0m 0s
Classifier results ---------------------------------------------------
Query acc: 26.3% Gallery acc: 100.0% Total acc: 57.6%
Epoch:36 Time:8.5 Data:0.0 Loss:18.5734 Cls Loss:0.3588 Pair Loss:0.0613 Center Loss:18.1533 KL Loss:350.1314 Recon Loss:0.1834 Acc:0.9992 
Epoch:37 Time:7.4 Data:0.0 Loss:16.8821 Cls Loss:0.3515 Pair Loss:0.0642 Center Loss:16.4664 KL Loss:349.7429 Recon Loss:0.1833 Acc:0.9987 
Epoch:38 Time:7.1 Data:0.0 Loss:15.3762 Cls Loss:0.3528 Pair Loss:0.0563 Center Loss:14.9671 KL Loss:349.4948 Recon Loss:0.1834 Acc:0.9992 
Epoch:39 Time:6.1 Data:0.0 Loss:14.0521 Cls Loss:0.3518 Pair Loss:0.0577 Center Loss:13.6426 KL Loss:349.2791 Recon Loss:0.1833 Acc:0.9992 
Epoch:40 Time:6.4 Data:0.0 Loss:12.8663 Cls Loss:0.3474 Pair Loss:0.0546 Center Loss:12.4643 KL Loss:348.9658 Recon Loss:0.1833 Acc:0.9985 
=> Test at epoch 40
==========Test with latent_z: z_c =========
Extracted features for query set, obtained torch.Size([2709, 1280]) matrix
Extracted features for gallery set, obtained torch.Size([2000, 1280]) matrix
Extracting features complete in 0m 4s
Distance computing in 0m 0s
Results ---------------------------------------------------
top1:25.9% top5:47.0% top10:59.1% top20:70.8% mAP:32.2%
-----------------------------------------------------------
Using 0m 0s
Classifier results ---------------------------------------------------
Query acc: 26.2% Gallery acc: 100.0% Total acc: 57.5%
Jump TSNE in test
==========Test with latent_z: new_z =========
Extracted features for query set, obtained torch.Size([2709, 192]) matrix
Extracted features for gallery set, obtained torch.Size([2000, 192]) matrix
Extracting features complete in 0m 3s
Distance computing in 0m 0s
Results ---------------------------------------------------
top1:21.7% top5:43.9% top10:55.8% top20:68.4% mAP:26.6%
-----------------------------------------------------------
Using 0m 0s
Classifier results ---------------------------------------------------
Query acc: 26.2% Gallery acc: 100.0% Total acc: 57.5%
Epoch:41 Time:8.3 Data:0.0 Loss:11.8079 Cls Loss:0.3480 Pair Loss:0.0556 Center Loss:11.4043 KL Loss:348.9221 Recon Loss:0.1833 Acc:0.9992 
Epoch:42 Time:7.1 Data:0.0 Loss:10.8680 Cls Loss:0.3468 Pair Loss:0.0585 Center Loss:10.4627 KL Loss:348.4310 Recon Loss:0.1833 Acc:0.9992 
Epoch:43 Time:7.1 Data:0.0 Loss:10.0343 Cls Loss:0.3454 Pair Loss:0.0538 Center Loss:9.6351 KL Loss:348.6016 Recon Loss:0.1834 Acc:0.9992 
Epoch:44 Time:5.8 Data:0.0 Loss:9.2931 Cls Loss:0.3474 Pair Loss:0.0495 Center Loss:8.8963 KL Loss:348.0048 Recon Loss:0.1833 Acc:0.9995 
Epoch:45 Time:6.3 Data:0.0 Loss:8.6110 Cls Loss:0.3459 Pair Loss:0.0484 Center Loss:8.2168 KL Loss:347.8810 Recon Loss:0.1833 Acc:0.9992 
=> Test at epoch 45
==========Test with latent_z: z_c =========
Extracted features for query set, obtained torch.Size([2709, 1280]) matrix
Extracted features for gallery set, obtained torch.Size([2000, 1280]) matrix
Extracting features complete in 0m 4s
Distance computing in 0m 0s
Results ---------------------------------------------------
top1:25.7% top5:47.7% top10:59.1% top20:70.8% mAP:32.4%
-----------------------------------------------------------
Using 0m 0s
Classifier results ---------------------------------------------------
Query acc: 26.1% Gallery acc: 100.0% Total acc: 57.5%
Jump TSNE in test
==========Test with latent_z: new_z =========
Extracted features for query set, obtained torch.Size([2709, 192]) matrix
Extracted features for gallery set, obtained torch.Size([2000, 192]) matrix
Extracting features complete in 0m 3s
Distance computing in 0m 0s
Results ---------------------------------------------------
top1:21.7% top5:43.9% top10:55.8% top20:68.4% mAP:26.6%
-----------------------------------------------------------
Using 0m 0s
Classifier results ---------------------------------------------------
Query acc: 26.1% Gallery acc: 100.0% Total acc: 57.5%
Epoch:46 Time:8.1 Data:0.0 Loss:8.0076 Cls Loss:0.3433 Pair Loss:0.0479 Center Loss:7.6164 KL Loss:347.7571 Recon Loss:0.1834 Acc:0.9992 
Epoch:47 Time:7.1 Data:0.0 Loss:7.4640 Cls Loss:0.3461 Pair Loss:0.0492 Center Loss:7.0686 KL Loss:347.5025 Recon Loss:0.1833 Acc:0.9992 
Epoch:48 Time:7.1 Data:0.0 Loss:6.9808 Cls Loss:0.3457 Pair Loss:0.0473 Center Loss:6.5878 KL Loss:346.7903 Recon Loss:0.1833 Acc:0.9992 
Epoch:49 Time:5.9 Data:0.0 Loss:6.5633 Cls Loss:0.3456 Pair Loss:0.0477 Center Loss:6.1700 KL Loss:346.6644 Recon Loss:0.1833 Acc:0.9990 
Epoch:50 Time:6.1 Data:0.0 Loss:6.1685 Cls Loss:0.3480 Pair Loss:0.0454 Center Loss:5.7750 KL Loss:346.4458 Recon Loss:0.1833 Acc:0.9992 
=> Test at epoch 50
==========Test with latent_z: z_c =========
Extracted features for query set, obtained torch.Size([2709, 1280]) matrix
Extracted features for gallery set, obtained torch.Size([2000, 1280]) matrix
Extracting features complete in 0m 4s
Distance computing in 0m 0s
Results ---------------------------------------------------
top1:26.0% top5:47.5% top10:59.4% top20:70.8% mAP:32.7%
-----------------------------------------------------------
Using 0m 0s
Classifier results ---------------------------------------------------
Query acc: 26.3% Gallery acc: 100.0% Total acc: 57.6%
Jump TSNE in test
==========Test with latent_z: new_z =========
Extracted features for query set, obtained torch.Size([2709, 192]) matrix
Extracted features for gallery set, obtained torch.Size([2000, 192]) matrix
Extracting features complete in 0m 4s
Distance computing in 0m 0s
Results ---------------------------------------------------
top1:21.7% top5:43.9% top10:55.8% top20:68.4% mAP:26.6%
-----------------------------------------------------------
Using 0m 0s
Classifier results ---------------------------------------------------
Query acc: 26.3% Gallery acc: 100.0% Total acc: 57.6%
Epoch:51 Time:8.0 Data:0.0 Loss:5.8127 Cls Loss:0.3475 Pair Loss:0.0454 Center Loss:5.4198 KL Loss:346.2931 Recon Loss:0.1833 Acc:0.9995 
Epoch:52 Time:7.0 Data:0.0 Loss:5.4772 Cls Loss:0.3475 Pair Loss:0.0403 Center Loss:5.0895 KL Loss:345.9134 Recon Loss:0.1833 Acc:0.9990 
Epoch:53 Time:6.8 Data:0.0 Loss:5.1999 Cls Loss:0.3491 Pair Loss:0.0441 Center Loss:4.8068 KL Loss:345.9251 Recon Loss:0.1833 Acc:0.9992 
Epoch:54 Time:6.6 Data:0.0 Loss:4.9420 Cls Loss:0.3495 Pair Loss:0.0475 Center Loss:4.5449 KL Loss:345.6072 Recon Loss:0.1833 Acc:0.9990 
Epoch:55 Time:6.6 Data:0.0 Loss:4.7107 Cls Loss:0.3492 Pair Loss:0.0393 Center Loss:4.3223 KL Loss:345.3728 Recon Loss:0.1833 Acc:0.9987 
=> Test at epoch 55
==========Test with latent_z: z_c =========
Extracted features for query set, obtained torch.Size([2709, 1280]) matrix
Extracted features for gallery set, obtained torch.Size([2000, 1280]) matrix
Extracting features complete in 0m 4s
Distance computing in 0m 0s
Results ---------------------------------------------------
top1:26.4% top5:47.3% top10:58.8% top20:70.7% mAP:33.0%
-----------------------------------------------------------
Using 0m 0s
Classifier results ---------------------------------------------------
Query acc: 26.7% Gallery acc: 100.0% Total acc: 57.8%
Jump TSNE in test
==========Test with latent_z: new_z =========
Extracted features for query set, obtained torch.Size([2709, 192]) matrix
Extracted features for gallery set, obtained torch.Size([2000, 192]) matrix
Extracting features complete in 0m 3s
Distance computing in 0m 0s
Results ---------------------------------------------------
top1:21.7% top5:43.9% top10:55.8% top20:68.4% mAP:26.6%
-----------------------------------------------------------
Using 0m 0s
Classifier results ---------------------------------------------------
Query acc: 26.7% Gallery acc: 100.0% Total acc: 57.8%
Epoch:56 Time:8.4 Data:0.0 Loss:4.4799 Cls Loss:0.3483 Pair Loss:0.0434 Center Loss:4.0882 KL Loss:344.9822 Recon Loss:0.1833 Acc:0.9985 
Epoch:57 Time:7.2 Data:0.0 Loss:4.3064 Cls Loss:0.3528 Pair Loss:0.0414 Center Loss:3.9122 KL Loss:344.8823 Recon Loss:0.1834 Acc:0.9992 
Epoch:58 Time:6.8 Data:0.0 Loss:4.1194 Cls Loss:0.3491 Pair Loss:0.0410 Center Loss:3.7293 KL Loss:344.4488 Recon Loss:0.1833 Acc:0.9992 
Epoch:59 Time:6.8 Data:0.0 Loss:3.9523 Cls Loss:0.3503 Pair Loss:0.0407 Center Loss:3.5614 KL Loss:344.3136 Recon Loss:0.1834 Acc:0.9985 
Epoch:60 Time:6.5 Data:0.0 Loss:3.7917 Cls Loss:0.3526 Pair Loss:0.0362 Center Loss:3.4028 KL Loss:344.0452 Recon Loss:0.1834 Acc:0.9990 
=> Test at epoch 60
==========Test with latent_z: z_c =========
Extracted features for query set, obtained torch.Size([2709, 1280]) matrix
Extracted features for gallery set, obtained torch.Size([2000, 1280]) matrix
Extracting features complete in 0m 3s
Distance computing in 0m 0s
Results ---------------------------------------------------
top1:26.2% top5:48.0% top10:59.2% top20:70.5% mAP:33.4%
-----------------------------------------------------------
Using 0m 0s
Classifier results ---------------------------------------------------
Query acc: 27.2% Gallery acc: 100.0% Total acc: 58.1%
Jump TSNE in test
==========Test with latent_z: new_z =========
Extracted features for query set, obtained torch.Size([2709, 192]) matrix
Extracted features for gallery set, obtained torch.Size([2000, 192]) matrix
Extracting features complete in 0m 3s
Distance computing in 0m 0s
Results ---------------------------------------------------
top1:21.7% top5:43.9% top10:55.8% top20:68.4% mAP:26.6%
-----------------------------------------------------------
Using 0m 0s
Classifier results ---------------------------------------------------
Query acc: 27.2% Gallery acc: 100.0% Total acc: 58.1%
Epoch:61 Time:8.4 Data:0.0 Loss:3.2777 Cls Loss:0.2830 Pair Loss:0.0380 Center Loss:2.9567 KL Loss:343.8002 Recon Loss:0.1834 Acc:0.9992 
Epoch:62 Time:8.0 Data:0.0 Loss:3.1371 Cls Loss:0.2778 Pair Loss:0.0362 Center Loss:2.8232 KL Loss:343.4648 Recon Loss:0.1833 Acc:0.9990 
Epoch:63 Time:6.9 Data:0.0 Loss:3.1067 Cls Loss:0.2778 Pair Loss:0.0351 Center Loss:2.7938 KL Loss:343.3646 Recon Loss:0.1833 Acc:0.9990 
Epoch:64 Time:7.1 Data:0.0 Loss:3.0868 Cls Loss:0.2775 Pair Loss:0.0354 Center Loss:2.7740 KL Loss:342.9274 Recon Loss:0.1833 Acc:0.9995 
Epoch:65 Time:6.3 Data:0.0 Loss:3.0703 Cls Loss:0.2775 Pair Loss:0.0330 Center Loss:2.7598 KL Loss:342.6753 Recon Loss:0.1833 Acc:0.9992 
=> Test at epoch 65
==========Test with latent_z: z_c =========
Extracted features for query set, obtained torch.Size([2709, 1280]) matrix
Extracted features for gallery set, obtained torch.Size([2000, 1280]) matrix
Extracting features complete in 0m 4s
Distance computing in 0m 0s
Results ---------------------------------------------------
top1:26.7% top5:47.9% top10:59.1% top20:70.7% mAP:33.6%
-----------------------------------------------------------
Using 0m 0s
Classifier results ---------------------------------------------------
Query acc: 26.9% Gallery acc: 100.0% Total acc: 57.9%
Jump TSNE in test
==========Test with latent_z: new_z =========
Extracted features for query set, obtained torch.Size([2709, 192]) matrix
Extracted features for gallery set, obtained torch.Size([2000, 192]) matrix
Extracting features complete in 0m 3s
Distance computing in 0m 0s
Results ---------------------------------------------------
top1:21.7% top5:43.9% top10:55.8% top20:68.4% mAP:26.6%
-----------------------------------------------------------
Using 0m 0s
Classifier results ---------------------------------------------------
Query acc: 26.9% Gallery acc: 100.0% Total acc: 57.9%
Epoch:66 Time:8.3 Data:0.0 Loss:3.0538 Cls Loss:0.2801 Pair Loss:0.0319 Center Loss:2.7419 KL Loss:342.4492 Recon Loss:0.1833 Acc:0.9992 
Epoch:67 Time:7.3 Data:0.0 Loss:3.0449 Cls Loss:0.2796 Pair Loss:0.0355 Center Loss:2.7298 KL Loss:342.3694 Recon Loss:0.1832 Acc:0.9992 
Epoch:68 Time:7.3 Data:0.0 Loss:3.0257 Cls Loss:0.2803 Pair Loss:0.0294 Center Loss:2.7160 KL Loss:342.1244 Recon Loss:0.1833 Acc:0.9995 
Epoch:69 Time:6.2 Data:0.0 Loss:3.0122 Cls Loss:0.2799 Pair Loss:0.0307 Center Loss:2.7015 KL Loss:341.9114 Recon Loss:0.1833 Acc:0.9990 
Epoch:70 Time:6.4 Data:0.0 Loss:2.9991 Cls Loss:0.2802 Pair Loss:0.0313 Center Loss:2.6876 KL Loss:341.3839 Recon Loss:0.1833 Acc:0.9992 
=> Test at epoch 70
==========Test with latent_z: z_c =========
Extracted features for query set, obtained torch.Size([2709, 1280]) matrix
Extracted features for gallery set, obtained torch.Size([2000, 1280]) matrix
Extracting features complete in 0m 4s
Distance computing in 0m 0s
Results ---------------------------------------------------
top1:26.9% top5:48.1% top10:59.2% top20:70.7% mAP:33.6%
-----------------------------------------------------------
Using 0m 0s
Classifier results ---------------------------------------------------
Query acc: 27.0% Gallery acc: 100.0% Total acc: 58.0%
Jump TSNE in test
==========Test with latent_z: new_z =========
Extracted features for query set, obtained torch.Size([2709, 192]) matrix
Extracted features for gallery set, obtained torch.Size([2000, 192]) matrix
Extracting features complete in 0m 3s
Distance computing in 0m 0s
Results ---------------------------------------------------
top1:21.7% top5:43.9% top10:55.8% top20:68.4% mAP:26.6%
-----------------------------------------------------------
Using 0m 0s
Classifier results ---------------------------------------------------
Query acc: 27.0% Gallery acc: 100.0% Total acc: 58.0%
Epoch:71 Time:8.0 Data:0.0 Loss:2.9865 Cls Loss:0.2813 Pair Loss:0.0303 Center Loss:2.6750 KL Loss:341.2771 Recon Loss:0.1833 Acc:0.9995 
Epoch:72 Time:7.4 Data:0.0 Loss:2.9777 Cls Loss:0.2811 Pair Loss:0.0338 Center Loss:2.6628 KL Loss:341.1594 Recon Loss:0.1833 Acc:0.9992 
Epoch:73 Time:7.4 Data:0.0 Loss:2.9647 Cls Loss:0.2823 Pair Loss:0.0310 Center Loss:2.6514 KL Loss:340.9929 Recon Loss:0.1834 Acc:0.9992 
Epoch:74 Time:6.0 Data:0.0 Loss:2.9525 Cls Loss:0.2821 Pair Loss:0.0316 Center Loss:2.6388 KL Loss:340.5604 Recon Loss:0.1833 Acc:0.9992 
Epoch:75 Time:6.2 Data:0.0 Loss:2.9459 Cls Loss:0.2835 Pair Loss:0.0333 Center Loss:2.6291 KL Loss:340.3156 Recon Loss:0.1833 Acc:0.9992 
=> Test at epoch 75
==========Test with latent_z: z_c =========
Extracted features for query set, obtained torch.Size([2709, 1280]) matrix
Extracted features for gallery set, obtained torch.Size([2000, 1280]) matrix
Extracting features complete in 0m 4s
Distance computing in 0m 0s
Results ---------------------------------------------------
top1:26.6% top5:47.8% top10:59.1% top20:70.8% mAP:33.6%
-----------------------------------------------------------
Using 0m 0s
Classifier results ---------------------------------------------------
Query acc: 26.9% Gallery acc: 100.0% Total acc: 58.0%
Jump TSNE in test
==========Test with latent_z: new_z =========
Extracted features for query set, obtained torch.Size([2709, 192]) matrix
Extracted features for gallery set, obtained torch.Size([2000, 192]) matrix
Extracting features complete in 0m 3s
Distance computing in 0m 0s
Results ---------------------------------------------------
top1:21.7% top5:43.9% top10:55.8% top20:68.4% mAP:26.6%
-----------------------------------------------------------
Using 0m 0s
Classifier results ---------------------------------------------------
Query acc: 26.9% Gallery acc: 100.0% Total acc: 58.0%
Epoch:76 Time:8.0 Data:0.0 Loss:2.9277 Cls Loss:0.2831 Pair Loss:0.0291 Center Loss:2.6156 KL Loss:339.9234 Recon Loss:0.1833 Acc:0.9992 
Epoch:77 Time:7.3 Data:0.0 Loss:2.9208 Cls Loss:0.2831 Pair Loss:0.0319 Center Loss:2.6058 KL Loss:339.9245 Recon Loss:0.1834 Acc:0.9990 
Epoch:78 Time:7.4 Data:0.0 Loss:2.9097 Cls Loss:0.2845 Pair Loss:0.0326 Center Loss:2.5926 KL Loss:339.6836 Recon Loss:0.1834 Acc:0.9992 
Epoch:79 Time:6.0 Data:0.0 Loss:2.9056 Cls Loss:0.2851 Pair Loss:0.0382 Center Loss:2.5823 KL Loss:339.3326 Recon Loss:0.1833 Acc:0.9995 
Epoch:80 Time:6.3 Data:0.0 Loss:2.8879 Cls Loss:0.2836 Pair Loss:0.0314 Center Loss:2.5729 KL Loss:339.1996 Recon Loss:0.1834 Acc:0.9995 
=> Test at epoch 80
==========Test with latent_z: z_c =========
Extracted features for query set, obtained torch.Size([2709, 1280]) matrix
Extracted features for gallery set, obtained torch.Size([2000, 1280]) matrix
Extracting features complete in 0m 4s
Distance computing in 0m 0s
Results ---------------------------------------------------
top1:26.9% top5:47.9% top10:59.2% top20:70.7% mAP:33.6%
-----------------------------------------------------------
Using 0m 0s
Classifier results ---------------------------------------------------
Query acc: 27.0% Gallery acc: 100.0% Total acc: 58.0%
Jump TSNE in test
==========Test with latent_z: new_z =========
Extracted features for query set, obtained torch.Size([2709, 192]) matrix
Extracted features for gallery set, obtained torch.Size([2000, 192]) matrix
Extracting features complete in 0m 4s
Distance computing in 0m 0s
Results ---------------------------------------------------
top1:21.7% top5:43.9% top10:55.8% top20:68.4% mAP:26.6%
-----------------------------------------------------------
Using 0m 0s
Classifier results ---------------------------------------------------
Query acc: 27.0% Gallery acc: 100.0% Total acc: 58.0%
Epoch:81 Time:8.5 Data:0.0 Loss:2.8756 Cls Loss:0.2851 Pair Loss:0.0295 Center Loss:2.5610 KL Loss:338.6753 Recon Loss:0.1833 Acc:0.9995 
Epoch:82 Time:7.1 Data:0.0 Loss:2.8698 Cls Loss:0.2846 Pair Loss:0.0332 Center Loss:2.5519 KL Loss:338.8496 Recon Loss:0.1833 Acc:0.9992 
Epoch:83 Time:6.7 Data:0.0 Loss:2.8581 Cls Loss:0.2853 Pair Loss:0.0320 Center Loss:2.5408 KL Loss:338.6809 Recon Loss:0.1833 Acc:0.9995 
Epoch:84 Time:6.4 Data:0.0 Loss:2.8464 Cls Loss:0.2858 Pair Loss:0.0321 Center Loss:2.5285 KL Loss:338.6011 Recon Loss:0.1833 Acc:0.9990 
Epoch:85 Time:6.6 Data:0.0 Loss:2.8367 Cls Loss:0.2861 Pair Loss:0.0319 Center Loss:2.5187 KL Loss:339.0194 Recon Loss:0.1833 Acc:0.9990 
=> Test at epoch 85
==========Test with latent_z: z_c =========
Extracted features for query set, obtained torch.Size([2709, 1280]) matrix
Extracted features for gallery set, obtained torch.Size([2000, 1280]) matrix
Extracting features complete in 0m 5s
Distance computing in 0m 0s
Results ---------------------------------------------------
top1:26.8% top5:47.9% top10:59.2% top20:70.7% mAP:33.6%
-----------------------------------------------------------
Using 0m 0s
Classifier results ---------------------------------------------------
Query acc: 27.1% Gallery acc: 100.0% Total acc: 58.1%
Jump TSNE in test
==========Test with latent_z: new_z =========
Extracted features for query set, obtained torch.Size([2709, 192]) matrix
Extracted features for gallery set, obtained torch.Size([2000, 192]) matrix
Extracting features complete in 0m 3s
Distance computing in 0m 0s
Results ---------------------------------------------------
top1:21.7% top5:43.9% top10:55.8% top20:68.4% mAP:26.6%
-----------------------------------------------------------
Using 0m 0s
Classifier results ---------------------------------------------------
Query acc: 27.1% Gallery acc: 100.0% Total acc: 58.1%
Epoch:86 Time:8.3 Data:0.0 Loss:2.8272 Cls Loss:0.2875 Pair Loss:0.0321 Center Loss:2.5076 KL Loss:338.8521 Recon Loss:0.1833 Acc:0.9992 
Epoch:87 Time:7.0 Data:0.0 Loss:2.8205 Cls Loss:0.2859 Pair Loss:0.0348 Center Loss:2.4998 KL Loss:339.0256 Recon Loss:0.1833 Acc:0.9995 
Epoch:88 Time:7.3 Data:0.0 Loss:2.8105 Cls Loss:0.2879 Pair Loss:0.0332 Center Loss:2.4894 KL Loss:338.5087 Recon Loss:0.1833 Acc:0.9990 
Epoch:89 Time:6.1 Data:0.0 Loss:2.8004 Cls Loss:0.2869 Pair Loss:0.0336 Center Loss:2.4799 KL Loss:339.0448 Recon Loss:0.1833 Acc:0.9992 
Epoch:90 Time:6.3 Data:0.0 Loss:2.7863 Cls Loss:0.2864 Pair Loss:0.0307 Center Loss:2.4692 KL Loss:338.8899 Recon Loss:0.1834 Acc:0.9995 
=> Test at epoch 90
==========Test with latent_z: z_c =========
Extracted features for query set, obtained torch.Size([2709, 1280]) matrix
Extracted features for gallery set, obtained torch.Size([2000, 1280]) matrix
Extracting features complete in 0m 4s
Distance computing in 0m 0s
Results ---------------------------------------------------
top1:27.1% top5:47.8% top10:59.1% top20:70.7% mAP:33.8%
-----------------------------------------------------------
Using 0m 0s
Classifier results ---------------------------------------------------
Query acc: 27.3% Gallery acc: 100.0% Total acc: 58.2%
Jump TSNE in test
==========Test with latent_z: new_z =========
Extracted features for query set, obtained torch.Size([2709, 192]) matrix
Extracted features for gallery set, obtained torch.Size([2000, 192]) matrix
Extracting features complete in 0m 4s
Distance computing in 0m 0s
Results ---------------------------------------------------
top1:21.7% top5:43.9% top10:55.8% top20:68.4% mAP:26.6%
-----------------------------------------------------------
Using 0m 0s
Classifier results ---------------------------------------------------
Query acc: 27.3% Gallery acc: 100.0% Total acc: 58.2%
Epoch:91 Time:7.3 Data:0.0 Loss:2.7818 Cls Loss:0.2880 Pair Loss:0.0358 Center Loss:2.4579 KL Loss:338.7913 Recon Loss:0.1833 Acc:0.9995 
Epoch:92 Time:7.2 Data:0.0 Loss:2.7721 Cls Loss:0.2880 Pair Loss:0.0331 Center Loss:2.4509 KL Loss:338.9248 Recon Loss:0.1833 Acc:0.9992 
Epoch:93 Time:7.2 Data:0.0 Loss:2.7585 Cls Loss:0.2869 Pair Loss:0.0288 Center Loss:2.4428 KL Loss:338.9749 Recon Loss:0.1834 Acc:0.9992 
Epoch:94 Time:6.3 Data:0.0 Loss:2.7500 Cls Loss:0.2878 Pair Loss:0.0303 Center Loss:2.4319 KL Loss:338.8447 Recon Loss:0.1833 Acc:0.9992 
Epoch:95 Time:6.2 Data:0.0 Loss:2.7401 Cls Loss:0.2882 Pair Loss:0.0301 Center Loss:2.4219 KL Loss:338.4254 Recon Loss:0.1833 Acc:0.9992 
=> Test at epoch 95
==========Test with latent_z: z_c =========
Extracted features for query set, obtained torch.Size([2709, 1280]) matrix
Extracted features for gallery set, obtained torch.Size([2000, 1280]) matrix
Extracting features complete in 0m 4s
Distance computing in 0m 0s
Results ---------------------------------------------------
top1:26.8% top5:48.0% top10:59.2% top20:70.9% mAP:33.7%
-----------------------------------------------------------
Using 0m 0s
Classifier results ---------------------------------------------------
Query acc: 26.9% Gallery acc: 100.0% Total acc: 57.9%
Jump TSNE in test
==========Test with latent_z: new_z =========
Extracted features for query set, obtained torch.Size([2709, 192]) matrix
Extracted features for gallery set, obtained torch.Size([2000, 192]) matrix
Extracting features complete in 0m 3s
Distance computing in 0m 0s
Results ---------------------------------------------------
top1:21.7% top5:43.9% top10:55.8% top20:68.4% mAP:26.6%
-----------------------------------------------------------
Using 0m 0s
Classifier results ---------------------------------------------------
Query acc: 26.9% Gallery acc: 100.0% Total acc: 57.9%
Epoch:96 Time:9.8 Data:0.0 Loss:2.7287 Cls Loss:0.2877 Pair Loss:0.0274 Center Loss:2.4136 KL Loss:338.6440 Recon Loss:0.1833 Acc:0.9992 
Epoch:97 Time:7.0 Data:0.0 Loss:2.7223 Cls Loss:0.2890 Pair Loss:0.0298 Center Loss:2.4034 KL Loss:338.6609 Recon Loss:0.1833 Acc:0.9992 
Epoch:98 Time:7.3 Data:0.0 Loss:2.7105 Cls Loss:0.2886 Pair Loss:0.0275 Center Loss:2.3945 KL Loss:338.5650 Recon Loss:0.1832 Acc:0.9992 
Epoch:99 Time:6.1 Data:0.0 Loss:2.7067 Cls Loss:0.2885 Pair Loss:0.0316 Center Loss:2.3866 KL Loss:339.0489 Recon Loss:0.1833 Acc:0.9995 
Epoch:100 Time:6.1 Data:0.0 Loss:2.6968 Cls Loss:0.2895 Pair Loss:0.0310 Center Loss:2.3762 KL Loss:338.8816 Recon Loss:0.1833 Acc:0.9992 
=> Test at epoch 100
==========Test with latent_z: z_c =========
Extracted features for query set, obtained torch.Size([2709, 1280]) matrix
Extracted features for gallery set, obtained torch.Size([2000, 1280]) matrix
Extracting features complete in 0m 4s
Distance computing in 0m 0s
Results ---------------------------------------------------
top1:26.9% top5:48.1% top10:59.2% top20:70.6% mAP:33.8%
-----------------------------------------------------------
Using 0m 0s
Classifier results ---------------------------------------------------
Query acc: 27.0% Gallery acc: 100.0% Total acc: 58.0%
Jump TSNE in test
==========Test with latent_z: new_z =========
Extracted features for query set, obtained torch.Size([2709, 192]) matrix
Extracted features for gallery set, obtained torch.Size([2000, 192]) matrix
Extracting features complete in 0m 3s
Distance computing in 0m 0s
Results ---------------------------------------------------
top1:21.7% top5:43.9% top10:55.8% top20:68.4% mAP:26.6%
-----------------------------------------------------------
Using 0m 0s
Classifier results ---------------------------------------------------
Query acc: 27.0% Gallery acc: 100.0% Total acc: 58.0%
Epoch:101 Time:8.0 Data:0.0 Loss:2.6865 Cls Loss:0.2896 Pair Loss:0.0288 Center Loss:2.3681 KL Loss:338.9582 Recon Loss:0.1833 Acc:0.9995 
Epoch:102 Time:7.0 Data:0.0 Loss:2.6788 Cls Loss:0.2890 Pair Loss:0.0310 Center Loss:2.3588 KL Loss:338.9692 Recon Loss:0.1833 Acc:0.9990 
Epoch:103 Time:7.4 Data:0.0 Loss:2.6719 Cls Loss:0.2895 Pair Loss:0.0328 Center Loss:2.3496 KL Loss:338.6904 Recon Loss:0.1834 Acc:0.9995 
Epoch:104 Time:6.0 Data:0.0 Loss:2.6609 Cls Loss:0.2886 Pair Loss:0.0306 Center Loss:2.3417 KL Loss:338.7140 Recon Loss:0.1833 Acc:0.9995 
Epoch:105 Time:6.5 Data:0.0 Loss:2.6516 Cls Loss:0.2903 Pair Loss:0.0284 Center Loss:2.3329 KL Loss:338.8185 Recon Loss:0.1833 Acc:0.9992 
=> Test at epoch 105
==========Test with latent_z: z_c =========
Extracted features for query set, obtained torch.Size([2709, 1280]) matrix
Extracted features for gallery set, obtained torch.Size([2000, 1280]) matrix
Extracting features complete in 0m 4s
Distance computing in 0m 0s
Results ---------------------------------------------------
top1:26.9% top5:48.0% top10:59.1% top20:70.8% mAP:33.8%
-----------------------------------------------------------
Using 0m 0s
Classifier results ---------------------------------------------------
Query acc: 26.9% Gallery acc: 100.0% Total acc: 57.9%
Jump TSNE in test
==========Test with latent_z: new_z =========
Extracted features for query set, obtained torch.Size([2709, 192]) matrix
Extracted features for gallery set, obtained torch.Size([2000, 192]) matrix
Extracting features complete in 0m 4s
Distance computing in 0m 0s
Results ---------------------------------------------------
top1:21.7% top5:43.9% top10:55.8% top20:68.4% mAP:26.6%
-----------------------------------------------------------
Using 0m 0s
Classifier results ---------------------------------------------------
Query acc: 26.9% Gallery acc: 100.0% Total acc: 57.9%
Epoch:106 Time:8.0 Data:0.0 Loss:2.6471 Cls Loss:0.2905 Pair Loss:0.0333 Center Loss:2.3233 KL Loss:338.7159 Recon Loss:0.1833 Acc:0.9995 
Epoch:107 Time:7.4 Data:0.0 Loss:2.6369 Cls Loss:0.2898 Pair Loss:0.0316 Center Loss:2.3155 KL Loss:338.4776 Recon Loss:0.1833 Acc:0.9995 
Epoch:108 Time:7.8 Data:0.0 Loss:2.6244 Cls Loss:0.2901 Pair Loss:0.0299 Center Loss:2.3044 KL Loss:338.9275 Recon Loss:0.1833 Acc:0.9992 
Epoch:109 Time:5.5 Data:0.0 Loss:2.6203 Cls Loss:0.2902 Pair Loss:0.0302 Center Loss:2.2998 KL Loss:338.7299 Recon Loss:0.1833 Acc:0.9992 
Epoch:110 Time:6.5 Data:0.0 Loss:2.6093 Cls Loss:0.2894 Pair Loss:0.0284 Center Loss:2.2915 KL Loss:338.8633 Recon Loss:0.1833 Acc:0.9995 
=> Test at epoch 110
==========Test with latent_z: z_c =========
Extracted features for query set, obtained torch.Size([2709, 1280]) matrix
Extracted features for gallery set, obtained torch.Size([2000, 1280]) matrix
Extracting features complete in 0m 5s
Distance computing in 0m 0s
Results ---------------------------------------------------
top1:26.6% top5:47.8% top10:59.1% top20:70.7% mAP:33.7%
-----------------------------------------------------------
Using 0m 0s
Classifier results ---------------------------------------------------
Query acc: 26.6% Gallery acc: 100.0% Total acc: 57.8%
Jump TSNE in test
==========Test with latent_z: new_z =========
Extracted features for query set, obtained torch.Size([2709, 192]) matrix
Extracted features for gallery set, obtained torch.Size([2000, 192]) matrix
Extracting features complete in 0m 4s
Distance computing in 0m 0s
Results ---------------------------------------------------
top1:21.7% top5:43.9% top10:55.8% top20:68.4% mAP:26.6%
-----------------------------------------------------------
Using 0m 0s
Classifier results ---------------------------------------------------
Query acc: 26.6% Gallery acc: 100.0% Total acc: 57.8%
Epoch:111 Time:8.1 Data:0.0 Loss:2.6009 Cls Loss:0.2908 Pair Loss:0.0263 Center Loss:2.2838 KL Loss:338.7320 Recon Loss:0.1834 Acc:0.9992 
Epoch:112 Time:7.1 Data:0.0 Loss:2.5935 Cls Loss:0.2910 Pair Loss:0.0290 Center Loss:2.2734 KL Loss:338.7446 Recon Loss:0.1833 Acc:0.9990 
Epoch:113 Time:7.5 Data:0.0 Loss:2.5823 Cls Loss:0.2902 Pair Loss:0.0250 Center Loss:2.2670 KL Loss:338.8095 Recon Loss:0.1833 Acc:0.9995 
Epoch:114 Time:5.6 Data:0.0 Loss:2.5798 Cls Loss:0.2903 Pair Loss:0.0310 Center Loss:2.2585 KL Loss:338.7638 Recon Loss:0.1833 Acc:0.9995 
Epoch:115 Time:6.3 Data:0.0 Loss:2.5682 Cls Loss:0.2903 Pair Loss:0.0275 Center Loss:2.2504 KL Loss:338.7960 Recon Loss:0.1833 Acc:0.9992 
=> Test at epoch 115
==========Test with latent_z: z_c =========
Extracted features for query set, obtained torch.Size([2709, 1280]) matrix
Extracted features for gallery set, obtained torch.Size([2000, 1280]) matrix
Extracting features complete in 0m 4s
Distance computing in 0m 0s
Results ---------------------------------------------------
top1:27.0% top5:48.2% top10:59.0% top20:70.6% mAP:33.8%
-----------------------------------------------------------
Using 0m 0s
Classifier results ---------------------------------------------------
Query acc: 27.0% Gallery acc: 100.0% Total acc: 58.0%
Jump TSNE in test
==========Test with latent_z: new_z =========
Extracted features for query set, obtained torch.Size([2709, 192]) matrix
Extracted features for gallery set, obtained torch.Size([2000, 192]) matrix
Extracting features complete in 0m 3s
Distance computing in 0m 0s
Results ---------------------------------------------------
top1:21.7% top5:43.9% top10:55.8% top20:68.4% mAP:26.6%
-----------------------------------------------------------
Using 0m 0s
Classifier results ---------------------------------------------------
Query acc: 27.0% Gallery acc: 100.0% Total acc: 58.0%
Epoch:116 Time:6.2 Data:0.0 Loss:2.5594 Cls Loss:0.2908 Pair Loss:0.0274 Center Loss:2.2413 KL Loss:338.7913 Recon Loss:0.1833 Acc:0.9992 
Epoch:117 Time:5.5 Data:0.0 Loss:2.5591 Cls Loss:0.2915 Pair Loss:0.0321 Center Loss:2.2355 KL Loss:338.8636 Recon Loss:0.1833 Acc:0.9990 
Epoch:118 Time:5.7 Data:0.0 Loss:2.5483 Cls Loss:0.2912 Pair Loss:0.0309 Center Loss:2.2262 KL Loss:339.0513 Recon Loss:0.1834 Acc:0.9992 
Epoch:119 Time:5.5 Data:0.0 Loss:2.5396 Cls Loss:0.2910 Pair Loss:0.0294 Center Loss:2.2192 KL Loss:338.8070 Recon Loss:0.1833 Acc:0.9995 
Epoch:120 Time:5.7 Data:0.0 Loss:2.5278 Cls Loss:0.2913 Pair Loss:0.0257 Center Loss:2.2108 KL Loss:338.8905 Recon Loss:0.1833 Acc:0.9992 
=> Test at epoch 120
==========Test with latent_z: z_c =========
Extracted features for query set, obtained torch.Size([2709, 1280]) matrix
Extracted features for gallery set, obtained torch.Size([2000, 1280]) matrix
Extracting features complete in 0m 4s
Distance computing in 0m 0s
Results ---------------------------------------------------
top1:26.8% top5:48.0% top10:59.0% top20:70.7% mAP:33.9%
-----------------------------------------------------------
Using 0m 0s
Classifier results ---------------------------------------------------
Query acc: 27.2% Gallery acc: 100.0% Total acc: 58.1%
Jump TSNE in test
==========Test with latent_z: new_z =========
Extracted features for query set, obtained torch.Size([2709, 192]) matrix
Extracted features for gallery set, obtained torch.Size([2000, 192]) matrix
Extracting features complete in 0m 3s
Distance computing in 0m 0s
Results ---------------------------------------------------
top1:21.7% top5:43.9% top10:55.8% top20:68.4% mAP:26.6%
-----------------------------------------------------------
Using 0m 0s
Classifier results ---------------------------------------------------
Query acc: 27.2% Gallery acc: 100.0% Total acc: 58.1%
Keep checkpoint file: checkpoint_ep120.pth.tar
=> Best Rank-1 27.1%, mAP 33.8% achieved at epoch 90
Finished. Total elapsed time (h:m:s): 0:17:52. Training time (h:m:s): 0:14:05.
Shutting down background jobs, please wait a moment...
Done!
Waiting for the remaining 35 operations to synchronize with Neptune. Do not kill this process.
All 35 operations synced, thanks for waiting!
Explore the metadata in the Neptune app:
https://app.neptune.ai/Zhengwei-Lab/MayCVAE/e/MAY-479/metadata
