https://app.neptune.ai/Zhengwei-Lab/MayCVAE/e/MAY-482
=> merge config from ./configs/tune_sysu/clipreid_cvae_kl.yaml
/home/zhengwei/Desktop/Zhengwei/Projects/CVAE/main.py:91: NeptuneUnsupportedType: You're attempting to log a type that is not directly supported by Neptune (<class 'list'>).
        Convert the value to a supported type, such as a string or float, or use stringify_unsupported(obj)
        for dictionaries or collections that contain unsupported values.
        For more, see https://docs.neptune.ai/help/value_of_unsupported_type
  run["parameters"] = param
=> Configurations:
-------------------------
AMP: True
AUG:
  RC_PROB: 0.5
  RE_PROB: 0.5
DATA:
  CUHK03_CLASSIC_SPLIT: False
  CUHK03_LABELED: False
  DATASET: sysu_mm01
  FORMAT_TAG: tensor
  HEIGHT: 256
  NUM_INSTANCES: 4
  NUM_WORKERS: 4
  ROOT: /home/zhengwei/Desktop/Zhengwei/Projects/datasets
  SPLIT_ID: 0
  TEST_BATCH: 512
  TRAIN_BATCH: 64
  TRAIN_FORMAT: novel
  WIDTH: 128
EVAL_MODE: False
GPU: 0
LOSS:
  CLA_LOSS: crossentropy
  CLA_M: 0.0
  CLA_S: 16.0
  PAIR_LOSS: triplet
  PAIR_M: 0.3
  PAIR_S: 16.0
  RECON_LOSS: mse
  USE_NCE: True
MODEL:
  CONDITIONAL: False
  FEATURE_DIM: 1280
  FEAT_FUSION: True
  FLOW_TYPE: 
  GAUSSIAN: MultivariateNormal
  HIDDEN_DIM: 256
  LATENT_SIZE: 64
  NAME: CVAE
  ONLY_CVAE_KL: False
  ONLY_X_INPUT: False
  PRETRAIN: CLIPreidFinetune
  RES4_STRIDE: 1
  RESUME: /home/zhengwei/Desktop/Zhengwei/Projects/CVAE/outputs/sysu_mm01/clipreid_simplevae_tune/novel/2024-07-12/tune_SimpleVAE_128+64z_1e3+3_60+120_KLtotalZ_nocls
  TRAIN_STAGE: reidstage
  USE_CENTROID: False
  USE_TWO_ENCODER: False
  VAE_TYPE: SinpleVAE
  ZC_DIM: 128
  ZS_DIM: 64
OUTPUT: ./outputs/sysu_mm01/clipreid_simplevae_tune/novel/2024-07-14/2ndstage_SimpleVAE_128+64z_1e3+3_60+120_KLtotalZ_s2_MLP1280+CLS_ceText+trip+center
SAVED_NAME: 2ndstage_SimpleVAE_128+64z_1e3+3_60+120_KLtotalZ_s2_MLP1280+CLS_ceText+trip+center
SEED: 0
TAG: clipreid_simplevae_tune
TEST:
  DISTANCE: cosine
  EVAL_STEP: 5
  START_EVAL: -1
TRAIN:
  AMP: False
  LR_SCHEDULER:
    DECAY_RATE: 0.1
    NAME: MultiStepLR
    STEPSIZE: [60]
  MAX_EPOCH: 120
  OPTIMIZER:
    LR: 0.001
    NAME: adam
    SGDLR: 0.01
    SGD_MOMENTUM: 0.9
    SGD_WEIGHT_DECAY: 0.0005
    WEIGHT_DECAY: 0.0001
  START_EPOCH: 0
----------------------
Initializing dataset sysu_mm01
Warning: string series 'monitoring/2ce23300/stdout' value was longer than 1000 characters and was truncated. This warning is printed only once per series.
=> SYSU_MM01 tensor loaded
Dataset statistics:
  ----------------------------------------
  subset   | # ids | # images | # cameras
  ----------------------------------------
  train    |   491 |     3030 |         6
  query    |   491 |    14150 |         2
  gallery  |   491 |    27565 |         4
  ----------------------------------------
Initializing SinpleVAE model
Model size: 12.48851M
[INFO] Register count_relu() for <class 'torch.nn.modules.activation.LeakyReLU'>.
[INFO] Register count_linear() for <class 'torch.nn.modules.linear.Linear'>.
[INFO] Register count_normalization() for <class 'torch.nn.modules.batchnorm.BatchNorm1d'>.
[INFO] Register zero_ops() for <class 'torch.nn.modules.activation.ReLU'>.
[INFO] Register zero_ops() for <class 'torch.nn.modules.dropout.Dropout'>.
[INFO] Register zero_ops() for <class 'torch.nn.modules.container.Sequential'>.
FLOPs: 0.73361G
Params: 11.47219M
Initialized classifier with feature_dim: 1280, num_classes: 491
Classifier size: 0.62848M
reid_projector.MLP.0.weight is tuneable
reid_projector.MLP.2.weight is tuneable
i2t_projector.weight is tuneable
i2t_projector.bias is tuneable
=> Start Training Classifier Only
Loading checkpoint from '/home/zhengwei/Desktop/Zhengwei/Projects/CVAE/outputs/sysu_mm01/clipreid_simplevae_tune/novel/2024-07-12/tune_SimpleVAE_128+64z_1e3+3_60+120_KLtotalZ_nocls.best_model.pth.tar'
Ignores parameter:  reid_projector.total_ops
Ignores parameter:  reid_projector.total_params
Ignores parameter:  reid_projector.MLP.0.weight
Ignores parameter:  reid_projector.MLP.2.weight
Ignores parameter:  i2t_projector.weight
Ignores parameter:  i2t_projector.bias
orginal best rank1 = 0.4760424028268551
=> Start evaluation on Novel data without finetuning
=> Test pretarined feature form VLP model
Normalizing features
Normalizing features
Extracted features for query set, obtained torch.Size([14150, 1280]) matrix
Extracted features for gallery set, obtained torch.Size([27565, 1280]) matrix
Extracting features complete in 0m 4s
Distance computing in 0m 3s
Computing CMC and mAP
Results ---------------------------------------------------
top1:70.1% top5:85.1% top10:89.6% top20:92.9% mAP:51.1%
-----------------------------------------------------------
Using 0m 30s
==========Test with latent_z: new_z =========
==========Test with NCE LOSS=========
Extracted features for query set, obtained torch.Size([14150, 192]) matrix
Extracted features for gallery set, obtained torch.Size([27565, 192]) matrix
Extracting features complete in 0m 5s
Distance computing in 0m 1s
Results ---------------------------------------------------
top1:49.1% top5:67.8% top10:75.2% top20:81.9% mAP:29.9%
-----------------------------------------------------------
CAT Results ---------------------------------------------------
top1:48.9% top5:67.6% top10:74.9% top20:81.8% mAP:29.8%
-----------------------------------------------------------
Using 0m 35s
Classifier results ---------------------------------------------------
Query acc: 0.2% Gallery acc: 0.2% Total acc: 0.2%
==========Test with latent_z: z_c =========
==========Test with NCE LOSS=========
Extracted features for query set, obtained torch.Size([14150, 1280]) matrix
Extracted features for gallery set, obtained torch.Size([27565, 1280]) matrix
Extracting features complete in 0m 6s
Distance computing in 0m 4s
Results ---------------------------------------------------
top1:43.8% top5:63.9% top10:71.3% top20:78.8% mAP:25.8%
-----------------------------------------------------------
CAT Results ---------------------------------------------------
top1:43.8% top5:64.0% top10:71.4% top20:78.8% mAP:25.8%
-----------------------------------------------------------
Using 0m 35s
Classifier results ---------------------------------------------------
Query acc: 0.2% Gallery acc: 0.2% Total acc: 0.2%
=> Start training
/home/zhengwei/Desktop/Zhengwei/Projects/CVAE/losses/center_loss.py:40: UserWarning: This overload of addmm_ is deprecated:
	addmm_(Number beta, Number alpha, Tensor mat1, Tensor mat2)
Consider using one of the following signatures instead:
	addmm_(Tensor mat1, Tensor mat2, *, Number beta, Number alpha) (Triggered internally at /opt/conda/conda-bld/pytorch_1670525539683/work/torch/csrc/utils/python_arg_parser.cpp:1420.)
  distmat.addmm_(1, -2, x, self.centers.t())
Epoch:1 Time:4.4 Data:0.0 Loss:1254.2483 Cls Loss:10.1039 Pair Loss:0.1975 Center Loss:1250.1437 KL Loss:231.1297 Recon Loss:0.1554 Acc:0.0022 Acc NCE:0.2117
Epoch:2 Time:5.0 Data:0.0 Loss:972.1353 Cls Loss:7.4313 Pair Loss:0.1607 Center Loss:970.7401 KL Loss:230.9852 Recon Loss:0.1553 Acc:0.0010 Acc NCE:0.7353
Epoch:3 Time:4.9 Data:0.0 Loss:770.2902 Cls Loss:6.7276 Pair Loss:0.1413 Center Loss:769.6180 KL Loss:230.7178 Recon Loss:0.1554 Acc:0.0029 Acc NCE:0.8890
Epoch:4 Time:4.7 Data:0.0 Loss:614.6417 Cls Loss:6.5088 Pair Loss:0.1378 Center Loss:614.1918 KL Loss:230.5596 Recon Loss:0.1554 Acc:0.0019 Acc NCE:0.9362
Epoch:5 Time:4.9 Data:0.0 Loss:494.4337 Cls Loss:6.3887 Pair Loss:0.1269 Center Loss:494.1149 KL Loss:230.1538 Recon Loss:0.1553 Acc:0.0016 Acc NCE:0.9627
=> Test at epoch 5
==========Test with latent_z: z_c =========
==========Test with NCE LOSS=========
Extracted features for query set, obtained torch.Size([14150, 1280]) matrix
Extracted features for gallery set, obtained torch.Size([27565, 1280]) matrix
Extracting features complete in 0m 6s
Distance computing in 0m 4s
Results ---------------------------------------------------
top1:48.2% top5:67.6% top10:74.7% top20:81.5% mAP:32.1%
-----------------------------------------------------------
CAT Results ---------------------------------------------------
top1:47.1% top5:66.8% top10:74.4% top20:80.9% mAP:30.9%
-----------------------------------------------------------
Using 0m 35s
Classifier results ---------------------------------------------------
Query acc: 68.9% Gallery acc: 76.1% Total acc: 73.6%
==========Test with latent_z: new_z =========
==========Test with NCE LOSS=========
Extracted features for query set, obtained torch.Size([14150, 192]) matrix
Extracted features for gallery set, obtained torch.Size([27565, 192]) matrix
Extracting features complete in 0m 5s
Distance computing in 0m 1s
Results ---------------------------------------------------
top1:49.1% top5:67.8% top10:75.2% top20:81.9% mAP:29.9%
-----------------------------------------------------------
CAT Results ---------------------------------------------------
top1:49.4% top5:68.3% top10:75.7% top20:82.3% mAP:31.1%
-----------------------------------------------------------
Using 0m 35s
Classifier results ---------------------------------------------------
Query acc: 68.9% Gallery acc: 76.1% Total acc: 73.6%
Epoch:6 Time:5.3 Data:0.0 Loss:399.7639 Cls Loss:6.3860 Pair Loss:0.1108 Center Loss:399.4637 KL Loss:230.1005 Recon Loss:0.1553 Acc:0.0026 Acc NCE:0.9624
Epoch:7 Time:5.0 Data:0.0 Loss:325.3069 Cls Loss:6.3476 Pair Loss:0.1076 Center Loss:325.0484 KL Loss:229.8954 Recon Loss:0.1554 Acc:0.0019 Acc NCE:0.9758
Epoch:8 Time:4.9 Data:0.0 Loss:266.3257 Cls Loss:6.3130 Pair Loss:0.0984 Center Loss:266.1109 KL Loss:229.8213 Recon Loss:0.1554 Acc:0.0013 Acc NCE:0.9748
Epoch:9 Time:4.3 Data:0.0 Loss:219.3553 Cls Loss:6.3792 Pair Loss:0.0893 Center Loss:219.0834 KL Loss:229.5177 Recon Loss:0.1554 Acc:0.0019 Acc NCE:0.9700
Epoch:10 Time:4.6 Data:0.0 Loss:181.7047 Cls Loss:6.3713 Pair Loss:0.0817 Center Loss:181.4483 KL Loss:229.3064 Recon Loss:0.1553 Acc:0.0022 Acc NCE:0.9681
=> Test at epoch 10
==========Test with latent_z: z_c =========
==========Test with NCE LOSS=========
Extracted features for query set, obtained torch.Size([14150, 1280]) matrix
Extracted features for gallery set, obtained torch.Size([27565, 1280]) matrix
Extracting features complete in 0m 6s
Distance computing in 0m 4s
Results ---------------------------------------------------
top1:52.0% top5:70.8% top10:77.5% top20:83.4% mAP:36.5%
-----------------------------------------------------------
CAT Results ---------------------------------------------------
top1:50.2% top5:69.4% top10:76.5% top20:82.6% mAP:34.7%
-----------------------------------------------------------
Using 0m 35s
Classifier results ---------------------------------------------------
Query acc: 68.1% Gallery acc: 75.7% Total acc: 73.1%
==========Test with latent_z: new_z =========
==========Test with NCE LOSS=========
Extracted features for query set, obtained torch.Size([14150, 192]) matrix
Extracted features for gallery set, obtained torch.Size([27565, 192]) matrix
Extracting features complete in 0m 5s
Distance computing in 0m 1s
Results ---------------------------------------------------
top1:49.1% top5:67.8% top10:75.2% top20:81.9% mAP:29.9%
-----------------------------------------------------------
CAT Results ---------------------------------------------------
top1:50.5% top5:69.5% top10:76.7% top20:82.9% mAP:32.7%
-----------------------------------------------------------
Using 0m 35s
Classifier results ---------------------------------------------------
Query acc: 68.1% Gallery acc: 75.7% Total acc: 73.1%
Epoch:11 Time:5.1 Data:0.0 Loss:150.9504 Cls Loss:6.3929 Pair Loss:0.0792 Center Loss:150.6749 KL Loss:229.3284 Recon Loss:0.1554 Acc:0.0010 Acc NCE:0.9656
Epoch:12 Time:4.7 Data:0.0 Loss:126.7172 Cls Loss:6.3783 Pair Loss:0.0786 Center Loss:126.4569 KL Loss:228.9035 Recon Loss:0.1554 Acc:0.0013 Acc NCE:0.9710
Epoch:13 Time:5.0 Data:0.0 Loss:106.6584 Cls Loss:6.2749 Pair Loss:0.0749 Center Loss:106.5052 KL Loss:228.5809 Recon Loss:0.1554 Acc:0.0013 Acc NCE:0.9847
Epoch:14 Time:4.8 Data:0.0 Loss:90.1075 Cls Loss:6.2396 Pair Loss:0.0671 Center Loss:89.9974 KL Loss:228.6323 Recon Loss:0.1553 Acc:0.0019 Acc NCE:0.9939
Epoch:15 Time:4.9 Data:0.0 Loss:76.7961 Cls Loss:6.2785 Pair Loss:0.0614 Center Loss:76.6528 KL Loss:228.2513 Recon Loss:0.1554 Acc:0.0013 Acc NCE:0.9911
=> Test at epoch 15
==========Test with latent_z: z_c =========
==========Test with NCE LOSS=========
Extracted features for query set, obtained torch.Size([14150, 1280]) matrix
Extracted features for gallery set, obtained torch.Size([27565, 1280]) matrix
Extracting features complete in 0m 6s
Distance computing in 0m 4s
Results ---------------------------------------------------
top1:55.0% top5:72.9% top10:79.0% top20:84.8% mAP:39.2%
-----------------------------------------------------------
CAT Results ---------------------------------------------------
top1:53.3% top5:71.3% top10:78.2% top20:83.8% mAP:37.4%
-----------------------------------------------------------
Using 0m 35s
Classifier results ---------------------------------------------------
Query acc: 70.6% Gallery acc: 78.8% Total acc: 76.0%
==========Test with latent_z: new_z =========
==========Test with NCE LOSS=========
Extracted features for query set, obtained torch.Size([14150, 192]) matrix
Extracted features for gallery set, obtained torch.Size([27565, 192]) matrix
Extracting features complete in 0m 5s
Distance computing in 0m 1s
Results ---------------------------------------------------
top1:49.1% top5:67.8% top10:75.2% top20:81.9% mAP:29.9%
-----------------------------------------------------------
CAT Results ---------------------------------------------------
top1:51.4% top5:70.3% top10:77.3% top20:83.5% mAP:33.9%
-----------------------------------------------------------
Using 0m 35s
Classifier results ---------------------------------------------------
Query acc: 70.6% Gallery acc: 78.8% Total acc: 76.0%
Epoch:16 Time:5.4 Data:0.0 Loss:65.7687 Cls Loss:6.3547 Pair Loss:0.0665 Center Loss:65.5442 KL Loss:228.1936 Recon Loss:0.1554 Acc:0.0029 Acc NCE:0.9796
Epoch:17 Time:5.0 Data:0.0 Loss:56.2980 Cls Loss:6.3273 Pair Loss:0.0630 Center Loss:56.1043 KL Loss:227.9167 Recon Loss:0.1553 Acc:0.0013 Acc NCE:0.9688
Epoch:18 Time:4.6 Data:0.0 Loss:48.9138 Cls Loss:6.5338 Pair Loss:0.0572 Center Loss:48.5195 KL Loss:227.7802 Recon Loss:0.1554 Acc:0.0019 Acc NCE:0.9401
Epoch:19 Time:4.8 Data:0.0 Loss:42.2396 Cls Loss:6.3103 Pair Loss:0.0545 Center Loss:42.0715 KL Loss:227.5109 Recon Loss:0.1554 Acc:0.0013 Acc NCE:0.9732
Epoch:20 Time:4.7 Data:0.0 Loss:36.8276 Cls Loss:6.3209 Pair Loss:0.0563 Center Loss:36.6470 KL Loss:227.3481 Recon Loss:0.1554 Acc:0.0019 Acc NCE:0.9758
=> Test at epoch 20
==========Test with latent_z: z_c =========
==========Test with NCE LOSS=========
Extracted features for query set, obtained torch.Size([14150, 1280]) matrix
Extracted features for gallery set, obtained torch.Size([27565, 1280]) matrix
Extracting features complete in 0m 6s
Distance computing in 0m 4s
Results ---------------------------------------------------
top1:56.8% top5:74.0% top10:79.9% top20:85.2% mAP:41.1%
-----------------------------------------------------------
CAT Results ---------------------------------------------------
top1:54.5% top5:72.5% top10:78.6% top20:83.9% mAP:38.9%
-----------------------------------------------------------
Using 0m 35s
Classifier results ---------------------------------------------------
Query acc: 69.6% Gallery acc: 77.0% Total acc: 74.4%
==========Test with latent_z: new_z =========
==========Test with NCE LOSS=========
Extracted features for query set, obtained torch.Size([14150, 192]) matrix
Extracted features for gallery set, obtained torch.Size([27565, 192]) matrix
Extracting features complete in 0m 5s
Distance computing in 0m 1s
Results ---------------------------------------------------
top1:49.1% top5:67.8% top10:75.2% top20:81.9% mAP:29.9%
-----------------------------------------------------------
CAT Results ---------------------------------------------------
top1:52.7% top5:71.3% top10:78.1% top20:83.8% mAP:35.6%
-----------------------------------------------------------
Using 0m 35s
Classifier results ---------------------------------------------------
Query acc: 69.6% Gallery acc: 77.0% Total acc: 74.4%
Epoch:21 Time:5.4 Data:0.0 Loss:32.1039 Cls Loss:6.2936 Pair Loss:0.0579 Center Loss:31.9490 KL Loss:227.1903 Recon Loss:0.1554 Acc:0.0016 Acc NCE:0.9828
Epoch:22 Time:4.3 Data:0.0 Loss:28.2568 Cls Loss:6.3646 Pair Loss:0.0515 Center Loss:28.0374 KL Loss:226.9333 Recon Loss:0.1553 Acc:0.0029 Acc NCE:0.9672
Epoch:23 Time:5.0 Data:0.0 Loss:24.8987 Cls Loss:6.4049 Pair Loss:0.0457 Center Loss:24.6448 KL Loss:226.6474 Recon Loss:0.1554 Acc:0.0019 Acc NCE:0.9713
Epoch:24 Time:4.9 Data:0.0 Loss:22.0112 Cls Loss:6.3109 Pair Loss:0.0478 Center Loss:21.8492 KL Loss:226.6500 Recon Loss:0.1554 Acc:0.0010 Acc NCE:0.9777
Epoch:25 Time:5.0 Data:0.0 Loss:19.3641 Cls Loss:6.3018 Pair Loss:0.0482 Center Loss:19.2108 KL Loss:226.5257 Recon Loss:0.1554 Acc:0.0013 Acc NCE:0.9793
=> Test at epoch 25
==========Test with latent_z: z_c =========
==========Test with NCE LOSS=========
Extracted features for query set, obtained torch.Size([14150, 1280]) matrix
Extracted features for gallery set, obtained torch.Size([27565, 1280]) matrix
Extracting features complete in 0m 5s
Distance computing in 0m 4s
Results ---------------------------------------------------
top1:58.0% top5:74.7% top10:80.4% top20:85.8% mAP:42.4%
-----------------------------------------------------------
CAT Results ---------------------------------------------------
top1:56.1% top5:73.5% top10:79.4% top20:84.7% mAP:40.2%
-----------------------------------------------------------
Using 0m 35s
Classifier results ---------------------------------------------------
Query acc: 70.7% Gallery acc: 80.0% Total acc: 76.8%
==========Test with latent_z: new_z =========
==========Test with NCE LOSS=========
Extracted features for query set, obtained torch.Size([14150, 192]) matrix
Extracted features for gallery set, obtained torch.Size([27565, 192]) matrix
Extracting features complete in 0m 5s
Distance computing in 0m 1s
Results ---------------------------------------------------
top1:49.1% top5:67.8% top10:75.2% top20:81.9% mAP:29.9%
-----------------------------------------------------------
CAT Results ---------------------------------------------------
top1:53.6% top5:71.9% top10:78.6% top20:84.2% mAP:36.2%
-----------------------------------------------------------
Using 0m 35s
Classifier results ---------------------------------------------------
Query acc: 70.7% Gallery acc: 80.0% Total acc: 76.8%
Epoch:26 Time:5.5 Data:0.0 Loss:17.4470 Cls Loss:6.3373 Pair Loss:0.0430 Center Loss:17.2633 KL Loss:226.1979 Recon Loss:0.1553 Acc:0.0010 Acc NCE:0.9812
Epoch:27 Time:4.8 Data:0.0 Loss:15.4502 Cls Loss:6.2344 Pair Loss:0.0431 Center Loss:15.3694 KL Loss:226.1262 Recon Loss:0.1554 Acc:0.0016 Acc NCE:0.9904
Epoch:28 Time:4.7 Data:0.0 Loss:13.8376 Cls Loss:6.2483 Pair Loss:0.0420 Center Loss:13.7439 KL Loss:225.9362 Recon Loss:0.1554 Acc:0.0013 Acc NCE:0.9914
Epoch:29 Time:4.7 Data:0.0 Loss:12.4469 Cls Loss:6.2460 Pair Loss:0.0406 Center Loss:12.3569 KL Loss:225.5164 Recon Loss:0.1553 Acc:0.0006 Acc NCE:0.9872
Epoch:30 Time:4.6 Data:0.0 Loss:11.2249 Cls Loss:6.2608 Pair Loss:0.0334 Center Loss:11.1274 KL Loss:225.3854 Recon Loss:0.1554 Acc:0.0013 Acc NCE:0.9904
=> Test at epoch 30
==========Test with latent_z: z_c =========
==========Test with NCE LOSS=========
Extracted features for query set, obtained torch.Size([14150, 1280]) matrix
Extracted features for gallery set, obtained torch.Size([27565, 1280]) matrix
Extracting features complete in 0m 6s
Distance computing in 0m 4s
Results ---------------------------------------------------
top1:58.9% top5:75.4% top10:81.0% top20:85.8% mAP:43.5%
-----------------------------------------------------------
CAT Results ---------------------------------------------------
top1:56.9% top5:74.2% top10:80.2% top20:85.4% mAP:41.2%
-----------------------------------------------------------
Using 0m 35s
Classifier results ---------------------------------------------------
Query acc: 72.3% Gallery acc: 80.4% Total acc: 77.7%
==========Test with latent_z: new_z =========
==========Test with NCE LOSS=========
Extracted features for query set, obtained torch.Size([14150, 192]) matrix
Extracted features for gallery set, obtained torch.Size([27565, 192]) matrix
Extracting features complete in 0m 5s
Distance computing in 0m 1s
Results ---------------------------------------------------
top1:49.1% top5:67.8% top10:75.2% top20:81.9% mAP:29.9%
-----------------------------------------------------------
CAT Results ---------------------------------------------------
top1:53.4% top5:72.0% top10:78.7% top20:84.3% mAP:35.9%
-----------------------------------------------------------
Using 0m 35s
Classifier results ---------------------------------------------------
Query acc: 72.3% Gallery acc: 80.4% Total acc: 77.7%
Epoch:31 Time:5.7 Data:0.0 Loss:10.1782 Cls Loss:6.2969 Pair Loss:0.0388 Center Loss:10.0392 KL Loss:225.2239 Recon Loss:0.1554 Acc:0.0010 Acc NCE:0.9825
Epoch:32 Time:4.7 Data:0.0 Loss:9.2474 Cls Loss:6.3386 Pair Loss:0.0385 Center Loss:9.0670 KL Loss:224.9757 Recon Loss:0.1554 Acc:0.0006 Acc NCE:0.9805
Epoch:33 Time:4.8 Data:0.0 Loss:8.3330 Cls Loss:6.2791 Pair Loss:0.0373 Center Loss:8.2133 KL Loss:224.7352 Recon Loss:0.1554 Acc:0.0010 Acc NCE:0.9850
Epoch:34 Time:4.7 Data:0.0 Loss:7.7813 Cls Loss:6.3789 Pair Loss:0.0377 Center Loss:7.5615 KL Loss:224.6919 Recon Loss:0.1553 Acc:0.0006 Acc NCE:0.9748
Epoch:35 Time:4.9 Data:0.0 Loss:7.0690 Cls Loss:6.3139 Pair Loss:0.0352 Center Loss:6.9166 KL Loss:224.3766 Recon Loss:0.1554 Acc:0.0013 Acc NCE:0.9783
=> Test at epoch 35
==========Test with latent_z: z_c =========
==========Test with NCE LOSS=========
Extracted features for query set, obtained torch.Size([14150, 1280]) matrix
Extracted features for gallery set, obtained torch.Size([27565, 1280]) matrix
Extracting features complete in 0m 6s
Distance computing in 0m 4s
Results ---------------------------------------------------
top1:59.8% top5:75.7% top10:81.2% top20:86.1% mAP:44.4%
-----------------------------------------------------------
CAT Results ---------------------------------------------------
top1:57.6% top5:74.6% top10:80.1% top20:85.3% mAP:42.1%
-----------------------------------------------------------
Using 0m 35s
Classifier results ---------------------------------------------------
Query acc: 71.1% Gallery acc: 79.1% Total acc: 76.3%
==========Test with latent_z: new_z =========
==========Test with NCE LOSS=========
Extracted features for query set, obtained torch.Size([14150, 192]) matrix
Extracted features for gallery set, obtained torch.Size([27565, 192]) matrix
Extracting features complete in 0m 5s
Distance computing in 0m 1s
Results ---------------------------------------------------
top1:49.1% top5:67.8% top10:75.2% top20:81.9% mAP:29.9%
-----------------------------------------------------------
CAT Results ---------------------------------------------------
top1:54.1% top5:72.3% top10:78.8% top20:84.4% mAP:36.7%
-----------------------------------------------------------
Using 0m 35s
Classifier results ---------------------------------------------------
Query acc: 71.1% Gallery acc: 79.1% Total acc: 76.3%
Epoch:36 Time:5.3 Data:0.0 Loss:6.4739 Cls Loss:6.2858 Pair Loss:0.0400 Center Loss:6.3449 KL Loss:224.2950 Recon Loss:0.1554 Acc:0.0016 Acc NCE:0.9866
Epoch:37 Time:4.8 Data:0.0 Loss:5.9064 Cls Loss:6.2559 Pair Loss:0.0367 Center Loss:5.8104 KL Loss:223.9540 Recon Loss:0.1554 Acc:0.0013 Acc NCE:0.9876
Epoch:38 Time:4.4 Data:0.0 Loss:5.4121 Cls Loss:6.2255 Pair Loss:0.0358 Center Loss:5.3476 KL Loss:223.7733 Recon Loss:0.1554 Acc:0.0003 Acc NCE:0.9952
Epoch:39 Time:4.4 Data:0.0 Loss:5.0666 Cls Loss:6.2637 Pair Loss:0.0339 Center Loss:4.9657 KL Loss:223.7207 Recon Loss:0.1553 Acc:0.0016 Acc NCE:0.9876
Epoch:40 Time:4.7 Data:0.0 Loss:4.6729 Cls Loss:6.2559 Pair Loss:0.0338 Center Loss:4.5798 KL Loss:223.4289 Recon Loss:0.1553 Acc:0.0013 Acc NCE:0.9898
=> Test at epoch 40
==========Test with latent_z: z_c =========
==========Test with NCE LOSS=========
Extracted features for query set, obtained torch.Size([14150, 1280]) matrix
Extracted features for gallery set, obtained torch.Size([27565, 1280]) matrix
Extracting features complete in 0m 6s
Distance computing in 0m 4s
Results ---------------------------------------------------
top1:60.5% top5:76.4% top10:81.8% top20:86.5% mAP:45.2%
-----------------------------------------------------------
CAT Results ---------------------------------------------------
top1:58.7% top5:75.2% top10:81.1% top20:85.8% mAP:43.1%
-----------------------------------------------------------
Using 0m 35s
Classifier results ---------------------------------------------------
Query acc: 72.1% Gallery acc: 81.4% Total acc: 78.2%
==========Test with latent_z: new_z =========
==========Test with NCE LOSS=========
Extracted features for query set, obtained torch.Size([14150, 192]) matrix
Extracted features for gallery set, obtained torch.Size([27565, 192]) matrix
Extracting features complete in 0m 6s
Distance computing in 0m 1s
Results ---------------------------------------------------
top1:49.1% top5:67.8% top10:75.2% top20:81.9% mAP:29.9%
-----------------------------------------------------------
CAT Results ---------------------------------------------------
top1:54.0% top5:72.5% top10:78.8% top20:84.5% mAP:36.4%
-----------------------------------------------------------
Using 0m 35s
Classifier results ---------------------------------------------------
Query acc: 72.1% Gallery acc: 81.4% Total acc: 78.2%
Epoch:41 Time:5.4 Data:0.0 Loss:4.4000 Cls Loss:6.2992 Pair Loss:0.0344 Center Loss:4.2631 KL Loss:223.2547 Recon Loss:0.1554 Acc:0.0006 Acc NCE:0.9863
Epoch:42 Time:4.8 Data:0.0 Loss:4.0396 Cls Loss:6.2402 Pair Loss:0.0295 Center Loss:3.9667 KL Loss:223.0562 Recon Loss:0.1554 Acc:0.0013 Acc NCE:0.9952
Epoch:43 Time:5.1 Data:0.0 Loss:3.7288 Cls Loss:6.2201 Pair Loss:0.0340 Center Loss:3.6714 KL Loss:222.8194 Recon Loss:0.1554 Acc:0.0010 Acc NCE:0.9971
Epoch:44 Time:4.7 Data:0.0 Loss:3.5105 Cls Loss:6.2270 Pair Loss:0.0335 Center Loss:3.4467 KL Loss:222.9391 Recon Loss:0.1554 Acc:0.0010 Acc NCE:0.9949
Epoch:45 Time:4.8 Data:0.0 Loss:3.2482 Cls Loss:6.2143 Pair Loss:0.0299 Center Loss:3.2006 KL Loss:222.5369 Recon Loss:0.1553 Acc:0.0010 Acc NCE:0.9981
=> Test at epoch 45
==========Test with latent_z: z_c =========
==========Test with NCE LOSS=========
Extracted features for query set, obtained torch.Size([14150, 1280]) matrix
Extracted features for gallery set, obtained torch.Size([27565, 1280]) matrix
Extracting features complete in 0m 6s
Distance computing in 0m 4s
Results ---------------------------------------------------
top1:60.8% top5:76.4% top10:81.7% top20:86.5% mAP:45.6%
-----------------------------------------------------------
CAT Results ---------------------------------------------------
top1:59.3% top5:75.7% top10:81.2% top20:86.0% mAP:43.6%
-----------------------------------------------------------
Using 0m 35s
Classifier results ---------------------------------------------------
Query acc: 74.6% Gallery acc: 83.2% Total acc: 80.3%
==========Test with latent_z: new_z =========
==========Test with NCE LOSS=========
Extracted features for query set, obtained torch.Size([14150, 192]) matrix
Extracted features for gallery set, obtained torch.Size([27565, 192]) matrix
Extracting features complete in 0m 5s
Distance computing in 0m 1s
Results ---------------------------------------------------
top1:49.1% top5:67.8% top10:75.2% top20:81.9% mAP:29.9%
-----------------------------------------------------------
CAT Results ---------------------------------------------------
top1:53.9% top5:72.2% top10:78.7% top20:84.4% mAP:36.1%
-----------------------------------------------------------
Using 0m 35s
Classifier results ---------------------------------------------------
Query acc: 74.6% Gallery acc: 83.2% Total acc: 80.3%
Epoch:46 Time:5.8 Data:0.0 Loss:3.0458 Cls Loss:6.2139 Pair Loss:0.0310 Center Loss:2.9975 KL Loss:222.2807 Recon Loss:0.1554 Acc:0.0016 Acc NCE:0.9978
Epoch:47 Time:4.8 Data:0.0 Loss:3.0089 Cls Loss:6.2834 Pair Loss:0.0321 Center Loss:2.8902 KL Loss:222.2106 Recon Loss:0.1554 Acc:0.0010 Acc NCE:0.9818
Epoch:48 Time:4.3 Data:0.0 Loss:2.9144 Cls Loss:6.3287 Pair Loss:0.0304 Center Loss:2.7519 KL Loss:221.9124 Recon Loss:0.1554 Acc:0.0010 Acc NCE:0.9774
Epoch:49 Time:4.8 Data:0.0 Loss:2.8450 Cls Loss:6.3751 Pair Loss:0.0282 Center Loss:2.6384 KL Loss:221.6795 Recon Loss:0.1553 Acc:0.0013 Acc NCE:0.9703
Epoch:50 Time:4.8 Data:0.0 Loss:2.6550 Cls Loss:6.3463 Pair Loss:0.0326 Center Loss:2.4727 KL Loss:221.4745 Recon Loss:0.1554 Acc:0.0003 Acc NCE:0.9758
=> Test at epoch 50
==========Test with latent_z: z_c =========
==========Test with NCE LOSS=========
Extracted features for query set, obtained torch.Size([14150, 1280]) matrix
Extracted features for gallery set, obtained torch.Size([27565, 1280]) matrix
Extracting features complete in 0m 6s
Distance computing in 0m 4s
Results ---------------------------------------------------
top1:61.3% top5:76.8% top10:81.9% top20:86.7% mAP:46.2%
-----------------------------------------------------------
CAT Results ---------------------------------------------------
top1:58.9% top5:75.6% top10:81.2% top20:85.7% mAP:43.6%
-----------------------------------------------------------
Using 0m 35s
Classifier results ---------------------------------------------------
Query acc: 71.8% Gallery acc: 80.3% Total acc: 77.4%
==========Test with latent_z: new_z =========
==========Test with NCE LOSS=========
Extracted features for query set, obtained torch.Size([14150, 192]) matrix
Extracted features for gallery set, obtained torch.Size([27565, 192]) matrix
Extracting features complete in 0m 5s
Distance computing in 0m 1s
Results ---------------------------------------------------
top1:49.1% top5:67.8% top10:75.2% top20:81.9% mAP:29.9%
-----------------------------------------------------------
CAT Results ---------------------------------------------------
top1:54.6% top5:72.7% top10:79.0% top20:84.7% mAP:36.7%
-----------------------------------------------------------
Using 0m 35s
Classifier results ---------------------------------------------------
Query acc: 71.8% Gallery acc: 80.3% Total acc: 77.4%
Epoch:51 Time:5.2 Data:0.0 Loss:2.4107 Cls Loss:6.2665 Pair Loss:0.0310 Center Loss:2.3098 KL Loss:221.3976 Recon Loss:0.1554 Acc:0.0019 Acc NCE:0.9911
Epoch:52 Time:4.8 Data:0.0 Loss:2.2702 Cls Loss:6.2378 Pair Loss:0.0320 Center Loss:2.1970 KL Loss:221.0012 Recon Loss:0.1553 Acc:0.0013 Acc NCE:0.9898
Epoch:53 Time:4.9 Data:0.0 Loss:2.2371 Cls Loss:6.2762 Pair Loss:0.0274 Center Loss:2.1302 KL Loss:220.7510 Recon Loss:0.1554 Acc:0.0003 Acc NCE:0.9872
Epoch:54 Time:4.8 Data:0.0 Loss:2.0531 Cls Loss:6.2302 Pair Loss:0.0281 Center Loss:1.9916 KL Loss:220.7678 Recon Loss:0.1553 Acc:0.0010 Acc NCE:0.9962
Epoch:55 Time:4.4 Data:0.0 Loss:1.9053 Cls Loss:6.2068 Pair Loss:0.0321 Center Loss:1.8630 KL Loss:220.4086 Recon Loss:0.1554 Acc:0.0006 Acc NCE:1.0000
=> Test at epoch 55
==========Test with latent_z: z_c =========
==========Test with NCE LOSS=========
Extracted features for query set, obtained torch.Size([14150, 1280]) matrix
Extracted features for gallery set, obtained torch.Size([27565, 1280]) matrix
Extracting features complete in 0m 6s
Distance computing in 0m 4s
Results ---------------------------------------------------
top1:61.8% top5:77.2% top10:82.4% top20:87.0% mAP:46.8%
-----------------------------------------------------------
CAT Results ---------------------------------------------------
top1:59.5% top5:75.9% top10:81.4% top20:86.0% mAP:44.3%
-----------------------------------------------------------
Using 0m 35s
Classifier results ---------------------------------------------------
Query acc: 75.4% Gallery acc: 83.5% Total acc: 80.8%
==========Test with latent_z: new_z =========
==========Test with NCE LOSS=========
Extracted features for query set, obtained torch.Size([14150, 192]) matrix
Extracted features for gallery set, obtained torch.Size([27565, 192]) matrix
Extracting features complete in 0m 5s
Distance computing in 0m 1s
Results ---------------------------------------------------
top1:49.1% top5:67.8% top10:75.2% top20:81.9% mAP:29.9%
-----------------------------------------------------------
CAT Results ---------------------------------------------------
top1:54.2% top5:72.7% top10:79.1% top20:84.6% mAP:36.4%
-----------------------------------------------------------
Using 0m 35s
Classifier results ---------------------------------------------------
Query acc: 75.4% Gallery acc: 83.5% Total acc: 80.8%
Epoch:56 Time:5.2 Data:0.0 Loss:1.8386 Cls Loss:6.2203 Pair Loss:0.0284 Center Loss:1.7866 KL Loss:220.4881 Recon Loss:0.1554 Acc:0.0003 Acc NCE:0.9965
Epoch:57 Time:4.7 Data:0.0 Loss:1.8096 Cls Loss:6.2476 Pair Loss:0.0297 Center Loss:1.7290 KL Loss:220.0324 Recon Loss:0.1553 Acc:0.0006 Acc NCE:0.9888
Epoch:58 Time:4.8 Data:0.0 Loss:1.7679 Cls Loss:6.2667 Pair Loss:0.0288 Center Loss:1.6691 KL Loss:219.9826 Recon Loss:0.1554 Acc:0.0006 Acc NCE:0.9904
Epoch:59 Time:4.7 Data:0.0 Loss:1.8051 Cls Loss:6.3209 Pair Loss:0.0278 Center Loss:1.6532 KL Loss:219.7398 Recon Loss:0.1554 Acc:0.0003 Acc NCE:0.9812
Epoch:60 Time:4.8 Data:0.0 Loss:1.6176 Cls Loss:6.2321 Pair Loss:0.0287 Center Loss:1.5534 KL Loss:219.6576 Recon Loss:0.1554 Acc:0.0003 Acc NCE:0.9949
=> Test at epoch 60
==========Test with latent_z: z_c =========
==========Test with NCE LOSS=========
Extracted features for query set, obtained torch.Size([14150, 1280]) matrix
Extracted features for gallery set, obtained torch.Size([27565, 1280]) matrix
Extracting features complete in 0m 6s
Distance computing in 0m 4s
Results ---------------------------------------------------
top1:62.4% top5:77.2% top10:82.7% top20:87.2% mAP:47.1%
-----------------------------------------------------------
CAT Results ---------------------------------------------------
top1:59.9% top5:76.1% top10:81.5% top20:86.3% mAP:44.7%
-----------------------------------------------------------
Using 0m 35s
Classifier results ---------------------------------------------------
Query acc: 74.1% Gallery acc: 82.1% Total acc: 79.4%
==========Test with latent_z: new_z =========
==========Test with NCE LOSS=========
Extracted features for query set, obtained torch.Size([14150, 192]) matrix
Extracted features for gallery set, obtained torch.Size([27565, 192]) matrix
Extracting features complete in 0m 5s
Distance computing in 0m 1s
Results ---------------------------------------------------
top1:49.1% top5:67.8% top10:75.2% top20:81.9% mAP:29.9%
-----------------------------------------------------------
CAT Results ---------------------------------------------------
top1:54.3% top5:72.6% top10:79.0% top20:84.5% mAP:36.4%
-----------------------------------------------------------
Using 0m 35s
Classifier results ---------------------------------------------------
Query acc: 74.1% Gallery acc: 82.1% Total acc: 79.4%
Epoch:61 Time:5.3 Data:0.0 Loss:1.3412 Cls Loss:6.2228 Pair Loss:0.0219 Center Loss:1.2933 KL Loss:219.2718 Recon Loss:0.1554 Acc:0.0000 Acc NCE:0.9936
Epoch:62 Time:4.9 Data:0.0 Loss:1.2292 Cls Loss:6.2055 Pair Loss:0.0248 Center Loss:1.1956 KL Loss:219.1817 Recon Loss:0.1554 Acc:0.0003 Acc NCE:0.9994
Epoch:63 Time:4.8 Data:0.0 Loss:1.2078 Cls Loss:6.2039 Pair Loss:0.0257 Center Loss:1.1750 KL Loss:218.8640 Recon Loss:0.1554 Acc:0.0003 Acc NCE:1.0000
Epoch:64 Time:4.9 Data:0.0 Loss:1.1945 Cls Loss:6.2037 Pair Loss:0.0236 Center Loss:1.1640 KL Loss:218.7147 Recon Loss:0.1553 Acc:0.0003 Acc NCE:1.0000
Epoch:65 Time:5.0 Data:0.0 Loss:1.1846 Cls Loss:6.2035 Pair Loss:0.0250 Center Loss:1.1527 KL Loss:218.5229 Recon Loss:0.1553 Acc:0.0003 Acc NCE:1.0000
=> Test at epoch 65
==========Test with latent_z: z_c =========
==========Test with NCE LOSS=========
Extracted features for query set, obtained torch.Size([14150, 1280]) matrix
Extracted features for gallery set, obtained torch.Size([27565, 1280]) matrix
Extracting features complete in 0m 6s
Distance computing in 0m 4s
Results ---------------------------------------------------
top1:62.7% top5:77.5% top10:82.8% top20:87.3% mAP:47.5%
-----------------------------------------------------------
CAT Results ---------------------------------------------------
top1:60.5% top5:76.2% top10:81.9% top20:86.3% mAP:45.1%
-----------------------------------------------------------
Using 0m 35s
Classifier results ---------------------------------------------------
Query acc: 76.3% Gallery acc: 84.1% Total acc: 81.4%
==========Test with latent_z: new_z =========
==========Test with NCE LOSS=========
Extracted features for query set, obtained torch.Size([14150, 192]) matrix
Extracted features for gallery set, obtained torch.Size([27565, 192]) matrix
Extracting features complete in 0m 5s
Distance computing in 0m 1s
Results ---------------------------------------------------
top1:49.1% top5:67.8% top10:75.2% top20:81.9% mAP:29.9%
-----------------------------------------------------------
CAT Results ---------------------------------------------------
top1:54.5% top5:72.6% top10:79.0% top20:84.6% mAP:36.4%
-----------------------------------------------------------
Using 0m 35s
Classifier results ---------------------------------------------------
Query acc: 76.3% Gallery acc: 84.1% Total acc: 81.4%
Epoch:66 Time:5.5 Data:0.0 Loss:1.1729 Cls Loss:6.2035 Pair Loss:0.0232 Center Loss:1.1429 KL Loss:218.5159 Recon Loss:0.1554 Acc:0.0003 Acc NCE:1.0000
Epoch:67 Time:4.5 Data:0.0 Loss:1.1677 Cls Loss:6.2035 Pair Loss:0.0250 Center Loss:1.1359 KL Loss:218.1654 Recon Loss:0.1554 Acc:0.0003 Acc NCE:1.0000
Epoch:68 Time:4.8 Data:0.0 Loss:1.1629 Cls Loss:6.2034 Pair Loss:0.0268 Center Loss:1.1293 KL Loss:218.1114 Recon Loss:0.1554 Acc:0.0003 Acc NCE:1.0000
Epoch:69 Time:4.9 Data:0.0 Loss:1.1566 Cls Loss:6.2034 Pair Loss:0.0276 Center Loss:1.1222 KL Loss:217.7803 Recon Loss:0.1554 Acc:0.0003 Acc NCE:1.0000
Epoch:70 Time:4.8 Data:0.0 Loss:1.1549 Cls Loss:6.2034 Pair Loss:0.0289 Center Loss:1.1192 KL Loss:217.5409 Recon Loss:0.1553 Acc:0.0003 Acc NCE:1.0000
=> Test at epoch 70
==========Test with latent_z: z_c =========
==========Test with NCE LOSS=========
Extracted features for query set, obtained torch.Size([14150, 1280]) matrix
Extracted features for gallery set, obtained torch.Size([27565, 1280]) matrix
Extracting features complete in 0m 6s
Distance computing in 0m 4s
Results ---------------------------------------------------
top1:62.8% top5:77.5% top10:82.7% top20:87.3% mAP:47.5%
-----------------------------------------------------------
CAT Results ---------------------------------------------------
top1:60.4% top5:76.3% top10:81.9% top20:86.4% mAP:45.1%
-----------------------------------------------------------
Using 0m 35s
Classifier results ---------------------------------------------------
Query acc: 76.5% Gallery acc: 84.2% Total acc: 81.6%
==========Test with latent_z: new_z =========
==========Test with NCE LOSS=========
Extracted features for query set, obtained torch.Size([14150, 192]) matrix
Extracted features for gallery set, obtained torch.Size([27565, 192]) matrix
Extracting features complete in 0m 5s
Distance computing in 0m 1s
Results ---------------------------------------------------
top1:49.1% top5:67.8% top10:75.2% top20:81.9% mAP:29.9%
-----------------------------------------------------------
CAT Results ---------------------------------------------------
top1:54.5% top5:72.5% top10:79.0% top20:84.7% mAP:36.3%
-----------------------------------------------------------
Using 0m 35s
Classifier results ---------------------------------------------------
Query acc: 76.5% Gallery acc: 84.2% Total acc: 81.6%
Epoch:71 Time:5.2 Data:0.0 Loss:1.1444 Cls Loss:6.2034 Pair Loss:0.0260 Center Loss:1.1116 KL Loss:217.3011 Recon Loss:0.1554 Acc:0.0003 Acc NCE:1.0000
Epoch:72 Time:4.8 Data:0.0 Loss:1.1372 Cls Loss:6.2034 Pair Loss:0.0264 Center Loss:1.1041 KL Loss:217.1941 Recon Loss:0.1553 Acc:0.0003 Acc NCE:1.0000
Epoch:73 Time:4.8 Data:0.0 Loss:1.1367 Cls Loss:6.2034 Pair Loss:0.0274 Center Loss:1.1026 KL Loss:216.8166 Recon Loss:0.1554 Acc:0.0003 Acc NCE:1.0000
Epoch:74 Time:4.7 Data:0.0 Loss:1.1258 Cls Loss:6.2035 Pair Loss:0.0263 Center Loss:1.0927 KL Loss:216.7496 Recon Loss:0.1554 Acc:0.0003 Acc NCE:1.0000
Epoch:75 Time:4.7 Data:0.0 Loss:1.1245 Cls Loss:6.2034 Pair Loss:0.0286 Center Loss:1.0891 KL Loss:216.6933 Recon Loss:0.1553 Acc:0.0003 Acc NCE:1.0000
=> Test at epoch 75
==========Test with latent_z: z_c =========
==========Test with NCE LOSS=========
Extracted features for query set, obtained torch.Size([14150, 1280]) matrix
Extracted features for gallery set, obtained torch.Size([27565, 1280]) matrix
Extracting features complete in 0m 6s
Distance computing in 0m 4s
Results ---------------------------------------------------
top1:62.8% top5:77.6% top10:82.7% top20:87.1% mAP:47.5%
-----------------------------------------------------------
CAT Results ---------------------------------------------------
top1:60.4% top5:76.4% top10:82.0% top20:86.4% mAP:45.1%
-----------------------------------------------------------
Using 0m 35s
Classifier results ---------------------------------------------------
Query acc: 76.5% Gallery acc: 84.3% Total acc: 81.6%
==========Test with latent_z: new_z =========
==========Test with NCE LOSS=========
Extracted features for query set, obtained torch.Size([14150, 192]) matrix
Extracted features for gallery set, obtained torch.Size([27565, 192]) matrix
Extracting features complete in 0m 5s
Distance computing in 0m 1s
Results ---------------------------------------------------
top1:49.1% top5:67.8% top10:75.2% top20:81.9% mAP:29.9%
-----------------------------------------------------------
CAT Results ---------------------------------------------------
top1:54.3% top5:72.5% top10:78.9% top20:84.6% mAP:36.2%
-----------------------------------------------------------
Using 0m 35s
Classifier results ---------------------------------------------------
Query acc: 76.5% Gallery acc: 84.3% Total acc: 81.6%
Epoch:76 Time:5.2 Data:0.0 Loss:1.1165 Cls Loss:6.2034 Pair Loss:0.0272 Center Loss:1.0826 KL Loss:216.5260 Recon Loss:0.1554 Acc:0.0003 Acc NCE:1.0000
Epoch:77 Time:5.0 Data:0.0 Loss:1.1140 Cls Loss:6.2034 Pair Loss:0.0293 Center Loss:1.0779 KL Loss:216.2140 Recon Loss:0.1554 Acc:0.0003 Acc NCE:1.0000
Epoch:78 Time:4.6 Data:0.0 Loss:1.1043 Cls Loss:6.2034 Pair Loss:0.0234 Center Loss:1.0742 KL Loss:216.0396 Recon Loss:0.1554 Acc:0.0003 Acc NCE:1.0000
Epoch:79 Time:5.0 Data:0.0 Loss:1.1008 Cls Loss:6.2035 Pair Loss:0.0290 Center Loss:1.0650 KL Loss:215.8201 Recon Loss:0.1553 Acc:0.0003 Acc NCE:1.0000
Epoch:80 Time:4.8 Data:0.0 Loss:1.1000 Cls Loss:6.2036 Pair Loss:0.0298 Center Loss:1.0633 KL Loss:215.7601 Recon Loss:0.1554 Acc:0.0003 Acc NCE:1.0000
=> Test at epoch 80
==========Test with latent_z: z_c =========
==========Test with NCE LOSS=========
Extracted features for query set, obtained torch.Size([14150, 1280]) matrix
Extracted features for gallery set, obtained torch.Size([27565, 1280]) matrix
Extracting features complete in 0m 6s
Distance computing in 0m 4s
Results ---------------------------------------------------
top1:62.6% top5:77.6% top10:82.8% top20:87.2% mAP:47.5%
-----------------------------------------------------------
CAT Results ---------------------------------------------------
top1:60.4% top5:76.5% top10:82.0% top20:86.4% mAP:45.1%
-----------------------------------------------------------
Using 0m 35s
Classifier results ---------------------------------------------------
Query acc: 76.7% Gallery acc: 84.3% Total acc: 81.7%
==========Test with latent_z: new_z =========
==========Test with NCE LOSS=========
Extracted features for query set, obtained torch.Size([14150, 192]) matrix
Extracted features for gallery set, obtained torch.Size([27565, 192]) matrix
Extracting features complete in 0m 5s
Distance computing in 0m 1s
Results ---------------------------------------------------
top1:49.1% top5:67.8% top10:75.2% top20:81.9% mAP:29.9%
-----------------------------------------------------------
CAT Results ---------------------------------------------------
top1:54.4% top5:72.4% top10:78.9% top20:84.6% mAP:36.1%
-----------------------------------------------------------
Using 0m 37s
Classifier results ---------------------------------------------------
Query acc: 76.7% Gallery acc: 84.3% Total acc: 81.7%
Epoch:81 Time:9.0 Data:0.0 Loss:1.0907 Cls Loss:6.2034 Pair Loss:0.0247 Center Loss:1.0593 KL Loss:215.4117 Recon Loss:0.1554 Acc:0.0003 Acc NCE:1.0000
Epoch:82 Time:6.7 Data:0.0 Loss:1.0840 Cls Loss:6.2036 Pair Loss:0.0241 Center Loss:1.0530 KL Loss:215.1550 Recon Loss:0.1554 Acc:0.0003 Acc NCE:1.0000
Epoch:83 Time:6.2 Data:0.0 Loss:1.0836 Cls Loss:6.2035 Pair Loss:0.0291 Center Loss:1.0477 KL Loss:215.2522 Recon Loss:0.1553 Acc:0.0003 Acc NCE:1.0000
Epoch:84 Time:5.8 Data:0.0 Loss:1.0778 Cls Loss:6.2035 Pair Loss:0.0284 Center Loss:1.0426 KL Loss:214.6743 Recon Loss:0.1554 Acc:0.0006 Acc NCE:1.0000
Epoch:85 Time:6.3 Data:0.0 Loss:1.0737 Cls Loss:6.2036 Pair Loss:0.0281 Center Loss:1.0387 KL Loss:214.8040 Recon Loss:0.1554 Acc:0.0003 Acc NCE:1.0000
=> Test at epoch 85
==========Test with latent_z: z_c =========
==========Test with NCE LOSS=========
Extracted features for query set, obtained torch.Size([14150, 1280]) matrix
Extracted features for gallery set, obtained torch.Size([27565, 1280]) matrix
Extracting features complete in 0m 15s
Distance computing in 0m 5s
Results ---------------------------------------------------
top1:62.7% top5:77.7% top10:82.8% top20:87.2% mAP:47.6%
-----------------------------------------------------------
CAT Results ---------------------------------------------------
top1:60.7% top5:76.4% top10:82.0% top20:86.4% mAP:45.2%
-----------------------------------------------------------
Using 0m 39s
Classifier results ---------------------------------------------------
Query acc: 76.7% Gallery acc: 84.3% Total acc: 81.7%
==========Test with latent_z: new_z =========
==========Test with NCE LOSS=========
Extracted features for query set, obtained torch.Size([14150, 192]) matrix
Extracted features for gallery set, obtained torch.Size([27565, 192]) matrix
Extracting features complete in 0m 11s
Distance computing in 0m 2s
Results ---------------------------------------------------
top1:49.1% top5:67.8% top10:75.2% top20:81.9% mAP:29.9%
-----------------------------------------------------------
CAT Results ---------------------------------------------------
top1:54.3% top5:72.4% top10:78.9% top20:84.6% mAP:36.1%
-----------------------------------------------------------
Using 0m 37s
Classifier results ---------------------------------------------------
Query acc: 76.7% Gallery acc: 84.3% Total acc: 81.7%
Epoch:86 Time:7.6 Data:0.0 Loss:1.0675 Cls Loss:6.2036 Pair Loss:0.0239 Center Loss:1.0366 KL Loss:214.3604 Recon Loss:0.1553 Acc:0.0003 Acc NCE:1.0000
Epoch:87 Time:6.7 Data:0.0 Loss:1.0624 Cls Loss:6.2036 Pair Loss:0.0269 Center Loss:1.0286 KL Loss:214.3154 Recon Loss:0.1554 Acc:0.0003 Acc NCE:1.0000
Epoch:88 Time:7.3 Data:0.0 Loss:1.0586 Cls Loss:6.2035 Pair Loss:0.0266 Center Loss:1.0252 KL Loss:214.2162 Recon Loss:0.1553 Acc:0.0003 Acc NCE:1.0000
Epoch:89 Time:7.2 Data:0.0 Loss:1.0540 Cls Loss:6.2036 Pair Loss:0.0255 Center Loss:1.0216 KL Loss:213.9459 Recon Loss:0.1554 Acc:0.0003 Acc NCE:1.0000
Epoch:90 Time:7.4 Data:0.0 Loss:1.0505 Cls Loss:6.2037 Pair Loss:0.0279 Center Loss:1.0156 KL Loss:213.7776 Recon Loss:0.1554 Acc:0.0003 Acc NCE:1.0000
=> Test at epoch 90
==========Test with latent_z: z_c =========
==========Test with NCE LOSS=========
Extracted features for query set, obtained torch.Size([14150, 1280]) matrix
Extracted features for gallery set, obtained torch.Size([27565, 1280]) matrix
Extracting features complete in 0m 13s
Distance computing in 0m 6s
Results ---------------------------------------------------
top1:62.8% top5:77.6% top10:82.8% top20:87.3% mAP:47.6%
-----------------------------------------------------------
CAT Results ---------------------------------------------------
top1:60.6% top5:76.4% top10:81.9% top20:86.5% mAP:45.2%
-----------------------------------------------------------
Using 0m 37s
Classifier results ---------------------------------------------------
Query acc: 76.9% Gallery acc: 84.5% Total acc: 81.9%
==========Test with latent_z: new_z =========
==========Test with NCE LOSS=========
Extracted features for query set, obtained torch.Size([14150, 192]) matrix
Extracted features for gallery set, obtained torch.Size([27565, 192]) matrix
Extracting features complete in 0m 12s
Distance computing in 0m 2s
Results ---------------------------------------------------
top1:49.1% top5:67.8% top10:75.2% top20:81.9% mAP:29.9%
-----------------------------------------------------------
CAT Results ---------------------------------------------------
top1:54.2% top5:72.3% top10:78.9% top20:84.5% mAP:36.0%
-----------------------------------------------------------
Using 0m 38s
Classifier results ---------------------------------------------------
Query acc: 76.9% Gallery acc: 84.5% Total acc: 81.9%
Epoch:91 Time:6.4 Data:0.0 Loss:1.0454 Cls Loss:6.2037 Pair Loss:0.0264 Center Loss:1.0120 KL Loss:213.5088 Recon Loss:0.1554 Acc:0.0003 Acc NCE:1.0000
Epoch:92 Time:6.4 Data:0.0 Loss:1.0343 Cls Loss:6.2037 Pair Loss:0.0243 Center Loss:1.0030 KL Loss:213.2700 Recon Loss:0.1553 Acc:0.0003 Acc NCE:1.0000
Epoch:93 Time:6.9 Data:0.0 Loss:1.0337 Cls Loss:6.2038 Pair Loss:0.0248 Center Loss:1.0018 KL Loss:213.0241 Recon Loss:0.1554 Acc:0.0003 Acc NCE:1.0000
Epoch:94 Time:6.6 Data:0.0 Loss:1.0300 Cls Loss:6.2037 Pair Loss:0.0242 Center Loss:0.9989 KL Loss:213.0276 Recon Loss:0.1554 Acc:0.0003 Acc NCE:1.0000
Epoch:95 Time:5.7 Data:0.0 Loss:1.0238 Cls Loss:6.2037 Pair Loss:0.0229 Center Loss:0.9939 KL Loss:212.7991 Recon Loss:0.1554 Acc:0.0003 Acc NCE:1.0000
=> Test at epoch 95
==========Test with latent_z: z_c =========
==========Test with NCE LOSS=========
Extracted features for query set, obtained torch.Size([14150, 1280]) matrix
Extracted features for gallery set, obtained torch.Size([27565, 1280]) matrix
Extracting features complete in 0m 11s
Distance computing in 0m 5s
Results ---------------------------------------------------
top1:62.7% top5:77.7% top10:82.8% top20:87.3% mAP:47.6%
-----------------------------------------------------------
CAT Results ---------------------------------------------------
top1:60.6% top5:76.4% top10:82.0% top20:86.5% mAP:45.3%
-----------------------------------------------------------
Using 0m 38s
Classifier results ---------------------------------------------------
Query acc: 76.8% Gallery acc: 84.4% Total acc: 81.8%
==========Test with latent_z: new_z =========
==========Test with NCE LOSS=========
Extracted features for query set, obtained torch.Size([14150, 192]) matrix
Extracted features for gallery set, obtained torch.Size([27565, 192]) matrix
Extracting features complete in 0m 15s
Distance computing in 0m 3s
Results ---------------------------------------------------
top1:49.1% top5:67.8% top10:75.2% top20:81.9% mAP:29.9%
-----------------------------------------------------------
CAT Results ---------------------------------------------------
top1:54.2% top5:72.4% top10:78.9% top20:84.5% mAP:35.9%
-----------------------------------------------------------
Using 0m 37s
Classifier results ---------------------------------------------------
Query acc: 76.8% Gallery acc: 84.4% Total acc: 81.8%
Epoch:96 Time:8.0 Data:0.0 Loss:1.0229 Cls Loss:6.2038 Pair Loss:0.0254 Center Loss:0.9904 KL Loss:212.4229 Recon Loss:0.1554 Acc:0.0006 Acc NCE:1.0000
Epoch:97 Time:7.8 Data:0.0 Loss:1.0204 Cls Loss:6.2037 Pair Loss:0.0293 Center Loss:0.9841 KL Loss:212.3162 Recon Loss:0.1554 Acc:0.0003 Acc NCE:1.0000
Epoch:98 Time:8.0 Data:0.0 Loss:1.0156 Cls Loss:6.2037 Pair Loss:0.0264 Center Loss:0.9822 KL Loss:211.9829 Recon Loss:0.1554 Acc:0.0003 Acc NCE:1.0000
Epoch:99 Time:9.3 Data:0.0 Loss:1.0093 Cls Loss:6.2037 Pair Loss:0.0248 Center Loss:0.9776 KL Loss:211.9880 Recon Loss:0.1554 Acc:0.0003 Acc NCE:1.0000
Epoch:100 Time:9.2 Data:0.0 Loss:1.0084 Cls Loss:6.2037 Pair Loss:0.0272 Center Loss:0.9742 KL Loss:211.8742 Recon Loss:0.1553 Acc:0.0003 Acc NCE:1.0000
=> Test at epoch 100
==========Test with latent_z: z_c =========
==========Test with NCE LOSS=========
Extracted features for query set, obtained torch.Size([14150, 1280]) matrix
Extracted features for gallery set, obtained torch.Size([27565, 1280]) matrix
Extracting features complete in 0m 13s
Distance computing in 0m 5s
Results ---------------------------------------------------
top1:62.8% top5:77.6% top10:82.8% top20:87.2% mAP:47.7%
-----------------------------------------------------------
CAT Results ---------------------------------------------------
top1:60.7% top5:76.4% top10:81.9% top20:86.5% mAP:45.3%
-----------------------------------------------------------
Using 0m 36s
Classifier results ---------------------------------------------------
Query acc: 76.9% Gallery acc: 84.5% Total acc: 82.0%
==========Test with latent_z: new_z =========
==========Test with NCE LOSS=========
Extracted features for query set, obtained torch.Size([14150, 192]) matrix
Extracted features for gallery set, obtained torch.Size([27565, 192]) matrix
Extracting features complete in 0m 11s
Distance computing in 0m 3s
Results ---------------------------------------------------
top1:49.1% top5:67.8% top10:75.2% top20:81.9% mAP:29.9%
-----------------------------------------------------------
CAT Results ---------------------------------------------------
top1:54.1% top5:72.3% top10:78.8% top20:84.5% mAP:35.9%
-----------------------------------------------------------
Using 0m 37s
Classifier results ---------------------------------------------------
Query acc: 76.9% Gallery acc: 84.5% Total acc: 82.0%
Epoch:101 Time:6.5 Data:0.0 Loss:0.9977 Cls Loss:6.2038 Pair Loss:0.0230 Center Loss:0.9676 KL Loss:211.3362 Recon Loss:0.1553 Acc:0.0003 Acc NCE:1.0000
Epoch:102 Time:6.3 Data:0.0 Loss:0.9967 Cls Loss:6.2037 Pair Loss:0.0251 Center Loss:0.9645 KL Loss:211.3383 Recon Loss:0.1553 Acc:0.0003 Acc NCE:1.0000
Epoch:103 Time:7.1 Data:0.0 Loss:0.9972 Cls Loss:6.2039 Pair Loss:0.0267 Center Loss:0.9633 KL Loss:211.1041 Recon Loss:0.1554 Acc:0.0003 Acc NCE:1.0000
Epoch:104 Time:6.8 Data:0.0 Loss:0.9911 Cls Loss:6.2038 Pair Loss:0.0269 Center Loss:0.9571 KL Loss:211.4302 Recon Loss:0.1554 Acc:0.0003 Acc NCE:1.0000
Epoch:105 Time:6.3 Data:0.0 Loss:0.9862 Cls Loss:6.2038 Pair Loss:0.0250 Center Loss:0.9540 KL Loss:211.2201 Recon Loss:0.1554 Acc:0.0003 Acc NCE:1.0000
=> Test at epoch 105
==========Test with latent_z: z_c =========
==========Test with NCE LOSS=========
Extracted features for query set, obtained torch.Size([14150, 1280]) matrix
Extracted features for gallery set, obtained torch.Size([27565, 1280]) matrix
Extracting features complete in 0m 14s
Distance computing in 0m 6s
Results ---------------------------------------------------
top1:62.9% top5:77.7% top10:82.8% top20:87.2% mAP:47.7%
-----------------------------------------------------------
CAT Results ---------------------------------------------------
top1:60.8% top5:76.4% top10:82.0% top20:86.6% mAP:45.3%
-----------------------------------------------------------
Using 0m 37s
Classifier results ---------------------------------------------------
Query acc: 77.0% Gallery acc: 84.5% Total acc: 81.9%
==========Test with latent_z: new_z =========
==========Test with NCE LOSS=========
Extracted features for query set, obtained torch.Size([14150, 192]) matrix
Extracted features for gallery set, obtained torch.Size([27565, 192]) matrix
Extracting features complete in 0m 13s
Distance computing in 0m 2s
Results ---------------------------------------------------
top1:49.1% top5:67.8% top10:75.2% top20:81.9% mAP:29.9%
-----------------------------------------------------------
CAT Results ---------------------------------------------------
top1:54.0% top5:72.2% top10:78.9% top20:84.5% mAP:35.8%
-----------------------------------------------------------
Using 0m 38s
Classifier results ---------------------------------------------------
Query acc: 77.0% Gallery acc: 84.5% Total acc: 81.9%
Epoch:106 Time:8.5 Data:0.0 Loss:0.9830 Cls Loss:6.2038 Pair Loss:0.0276 Center Loss:0.9482 KL Loss:211.3313 Recon Loss:0.1554 Acc:0.0003 Acc NCE:1.0000
Epoch:107 Time:7.4 Data:0.0 Loss:0.9808 Cls Loss:6.2038 Pair Loss:0.0287 Center Loss:0.9450 KL Loss:211.2792 Recon Loss:0.1554 Acc:0.0003 Acc NCE:1.0000
Epoch:108 Time:7.4 Data:0.0 Loss:0.9759 Cls Loss:6.2039 Pair Loss:0.0260 Center Loss:0.9427 KL Loss:211.1908 Recon Loss:0.1554 Acc:0.0003 Acc NCE:1.0000
Epoch:109 Time:7.1 Data:0.0 Loss:0.9757 Cls Loss:6.2038 Pair Loss:0.0295 Center Loss:0.9391 KL Loss:211.2209 Recon Loss:0.1553 Acc:0.0003 Acc NCE:1.0000
Epoch:110 Time:9.6 Data:0.0 Loss:0.9632 Cls Loss:6.2040 Pair Loss:0.0234 Center Loss:0.9325 KL Loss:211.2995 Recon Loss:0.1554 Acc:0.0003 Acc NCE:1.0000
=> Test at epoch 110
==========Test with latent_z: z_c =========
==========Test with NCE LOSS=========
Extracted features for query set, obtained torch.Size([14150, 1280]) matrix
Extracted features for gallery set, obtained torch.Size([27565, 1280]) matrix
Extracting features complete in 0m 14s
Distance computing in 0m 4s
Results ---------------------------------------------------
top1:62.7% top5:77.7% top10:82.9% top20:87.3% mAP:47.7%
-----------------------------------------------------------
CAT Results ---------------------------------------------------
top1:60.9% top5:76.5% top10:82.0% top20:86.6% mAP:45.4%
-----------------------------------------------------------
Using 0m 37s
Classifier results ---------------------------------------------------
Query acc: 77.0% Gallery acc: 84.7% Total acc: 82.0%
==========Test with latent_z: new_z =========
==========Test with NCE LOSS=========
Extracted features for query set, obtained torch.Size([14150, 192]) matrix
Extracted features for gallery set, obtained torch.Size([27565, 192]) matrix
Extracting features complete in 0m 13s
Distance computing in 0m 2s
Results ---------------------------------------------------
top1:49.1% top5:67.8% top10:75.2% top20:81.9% mAP:29.9%
-----------------------------------------------------------
CAT Results ---------------------------------------------------
top1:54.0% top5:72.2% top10:78.9% top20:84.5% mAP:35.8%
-----------------------------------------------------------
Using 0m 37s
Classifier results ---------------------------------------------------
Query acc: 77.0% Gallery acc: 84.7% Total acc: 82.0%
Epoch:111 Time:7.6 Data:0.0 Loss:0.9650 Cls Loss:6.2040 Pair Loss:0.0272 Center Loss:0.9306 KL Loss:211.2087 Recon Loss:0.1553 Acc:0.0003 Acc NCE:1.0000
Epoch:112 Time:6.9 Data:0.0 Loss:0.9580 Cls Loss:6.2039 Pair Loss:0.0245 Center Loss:0.9264 KL Loss:211.3294 Recon Loss:0.1554 Acc:0.0003 Acc NCE:1.0000
Epoch:113 Time:6.9 Data:0.0 Loss:0.9565 Cls Loss:6.2039 Pair Loss:0.0262 Center Loss:0.9231 KL Loss:211.2850 Recon Loss:0.1554 Acc:0.0003 Acc NCE:1.0000
Epoch:114 Time:8.1 Data:0.0 Loss:0.9506 Cls Loss:6.2040 Pair Loss:0.0240 Center Loss:0.9193 KL Loss:211.0446 Recon Loss:0.1554 Acc:0.0003 Acc NCE:1.0000
Epoch:115 Time:7.1 Data:0.0 Loss:0.9501 Cls Loss:6.2039 Pair Loss:0.0270 Center Loss:0.9159 KL Loss:211.1542 Recon Loss:0.1554 Acc:0.0003 Acc NCE:1.0000
=> Test at epoch 115
==========Test with latent_z: z_c =========
==========Test with NCE LOSS=========
Extracted features for query set, obtained torch.Size([14150, 1280]) matrix
Extracted features for gallery set, obtained torch.Size([27565, 1280]) matrix
Extracting features complete in 0m 12s
Distance computing in 0m 7s
Results ---------------------------------------------------
top1:63.0% top5:77.9% top10:83.0% top20:87.3% mAP:47.7%
-----------------------------------------------------------
CAT Results ---------------------------------------------------
top1:60.9% top5:76.5% top10:82.1% top20:86.6% mAP:45.4%
-----------------------------------------------------------
Using 0m 36s
Classifier results ---------------------------------------------------
Query acc: 76.9% Gallery acc: 84.6% Total acc: 82.0%
==========Test with latent_z: new_z =========
==========Test with NCE LOSS=========
Extracted features for query set, obtained torch.Size([14150, 192]) matrix
Extracted features for gallery set, obtained torch.Size([27565, 192]) matrix
Extracting features complete in 0m 12s
Distance computing in 0m 2s
Results ---------------------------------------------------
top1:49.1% top5:67.8% top10:75.2% top20:81.9% mAP:29.9%
-----------------------------------------------------------
CAT Results ---------------------------------------------------
top1:53.9% top5:72.1% top10:78.9% top20:84.4% mAP:35.7%
-----------------------------------------------------------
Using 0m 37s
Classifier results ---------------------------------------------------
Query acc: 76.9% Gallery acc: 84.6% Total acc: 82.0%
Epoch:116 Time:7.7 Data:0.0 Loss:0.9429 Cls Loss:6.2039 Pair Loss:0.0249 Center Loss:0.9108 KL Loss:211.2495 Recon Loss:0.1553 Acc:0.0003 Acc NCE:1.0000
Epoch:117 Time:6.9 Data:0.0 Loss:0.9400 Cls Loss:6.2040 Pair Loss:0.0258 Center Loss:0.9069 KL Loss:211.0608 Recon Loss:0.1554 Acc:0.0003 Acc NCE:1.0000
Epoch:118 Time:5.6 Data:0.0 Loss:0.9367 Cls Loss:6.2040 Pair Loss:0.0243 Center Loss:0.9051 KL Loss:211.0304 Recon Loss:0.1554 Acc:0.0003 Acc NCE:1.0000
Epoch:119 Time:5.9 Data:0.0 Loss:0.9295 Cls Loss:6.2039 Pair Loss:0.0231 Center Loss:0.8993 KL Loss:211.1053 Recon Loss:0.1554 Acc:0.0003 Acc NCE:1.0000
Epoch:120 Time:6.1 Data:0.0 Loss:0.9238 Cls Loss:6.2040 Pair Loss:0.0192 Center Loss:0.8973 KL Loss:211.1641 Recon Loss:0.1554 Acc:0.0003 Acc NCE:1.0000
=> Test at epoch 120
==========Test with latent_z: z_c =========
==========Test with NCE LOSS=========
Extracted features for query set, obtained torch.Size([14150, 1280]) matrix
Extracted features for gallery set, obtained torch.Size([27565, 1280]) matrix
Extracting features complete in 0m 14s
Distance computing in 0m 5s
Results ---------------------------------------------------
top1:63.0% top5:77.8% top10:82.9% top20:87.3% mAP:47.8%
-----------------------------------------------------------
CAT Results ---------------------------------------------------
top1:61.0% top5:76.5% top10:82.0% top20:86.5% mAP:45.5%
-----------------------------------------------------------
Using 0m 36s
Classifier results ---------------------------------------------------
Query acc: 77.3% Gallery acc: 84.7% Total acc: 82.2%
==========Test with latent_z: new_z =========
==========Test with NCE LOSS=========
Extracted features for query set, obtained torch.Size([14150, 192]) matrix
Extracted features for gallery set, obtained torch.Size([27565, 192]) matrix
Extracting features complete in 0m 15s
Distance computing in 0m 6s
Results ---------------------------------------------------
top1:49.1% top5:67.8% top10:75.2% top20:81.9% mAP:29.9%
-----------------------------------------------------------
CAT Results ---------------------------------------------------
top1:53.9% top5:72.2% top10:78.8% top20:84.4% mAP:35.7%
-----------------------------------------------------------
Using 0m 38s
Classifier results ---------------------------------------------------
Query acc: 77.3% Gallery acc: 84.7% Total acc: 82.2%
Keep checkpoint file: checkpoint_ep120.pth.tar
=> Best Rank-1 63.0%, mAP 47.8% achieved at epoch 120
Finished. Total elapsed time (h:m:s): 1:21:35. Training time (h:m:s): 0:11:31.
Shutting down background jobs, please wait a moment...
Done!
Waiting for the remaining 27 operations to synchronize with Neptune. Do not kill this process.
All 27 operations synced, thanks for waiting!
Explore the metadata in the Neptune app:
https://app.neptune.ai/Zhengwei-Lab/MayCVAE/e/MAY-482/metadata
